Backbone loading: Res2Net50
Trainable: 31,072,721 / 33,121,721 parameters
Validator raised issues with model. Attempting auto-fix...
Original error: UnsupportedModuleError
Model successfully fixed for differential privacy
Not loading weights from weights file
###################################################################### 
Start Training (Inf_Net-DP)
Network: Inf_Net
Batch Size: 24
DP Enabled (ε=8.0, δ=1e-05, clipping=base)
Morphology: Disabled
Architecture: GroupNorm (with DP)
Save Path: ./Snapshots/save_weights/Inf-Net_DP/batch_24/run_3/epsilon_8/base
Run: 3
Namespace(network='Inf_Net', epoch=100, lr=0.0001, batchsize=24, trainsize=352, clip=0.5, decay_rate=0.1, decay_epoch=50, is_thop=False, gpu_device=0, num_workers=8, net_channel=32, init_features=32, n_classes=1, in_channels=3, backbone='Res2Net50', deep_supervision=False, train_path='./Dataset/TrainingSet/LungInfection-Train/Doctor-label', is_semi=False, is_pseudo=False, train_save=None, run=3, enable_privacy=True, epsilon=8.0, max_grad_norm=1.2, delta=1e-05, clipping_strategy='base', enable_morphology=False, morph_operation='both', morph_kernel_size=3, device='cuda')
 ######################################################################
2025-11-09 00:32:49.043507 Epoch [001/100], Step [0003/0003], [lateral-edge: 0.7749, lateral-2: 1.6301, lateral-3: 1.6224, lateral-4: 1.5611, lateral-5: 1.5225, epsilon: 1.2032]
2025-11-09 00:32:53.210161 Epoch [002/100], Step [0003/0003], [lateral-edge: 0.7740, lateral-2: 1.6215, lateral-3: 1.6106, lateral-4: 1.5580, lateral-5: 1.5265, epsilon: 1.7041]
2025-11-09 00:32:56.906288 Epoch [003/100], Step [0003/0003], [lateral-edge: 0.7734, lateral-2: 1.6239, lateral-3: 1.6199, lateral-4: 1.5775, lateral-5: 1.5454, epsilon: 2.1017]
2025-11-09 00:33:00.610030 Epoch [004/100], Step [0003/0003], [lateral-edge: 0.7750, lateral-2: 1.5956, lateral-3: 1.5834, lateral-4: 1.5380, lateral-5: 1.5228, epsilon: 2.4452]
2025-11-09 00:33:03.927303 Epoch [005/100], Step [0003/0003], [lateral-edge: 0.7733, lateral-2: 1.5947, lateral-3: 1.5887, lateral-4: 1.5430, lateral-5: 1.5188, epsilon: 2.7540]
2025-11-09 00:33:06.995903 Epoch [006/100], Step [0003/0003], [lateral-edge: 0.7738, lateral-2: 1.5939, lateral-3: 1.5815, lateral-4: 1.5409, lateral-5: 1.5252, epsilon: 3.0379]
2025-11-09 00:33:10.849338 Epoch [007/100], Step [0003/0003], [lateral-edge: 0.7739, lateral-2: 1.5715, lateral-3: 1.5702, lateral-4: 1.5243, lateral-5: 1.5145, epsilon: 3.3029]
2025-11-09 00:33:14.184321 Epoch [008/100], Step [0003/0003], [lateral-edge: 0.7732, lateral-2: 1.5665, lateral-3: 1.5664, lateral-4: 1.5269, lateral-5: 1.5192, epsilon: 3.5529]
2025-11-09 00:33:17.597916 Epoch [009/100], Step [0003/0003], [lateral-edge: 0.7740, lateral-2: 1.5721, lateral-3: 1.5672, lateral-4: 1.5284, lateral-5: 1.5271, epsilon: 3.7905]
[Saving Snapshot:] ./Snapshots/save_weights/Inf-Net_DP/batch_24/run_3/epsilon_8/base/Inf-Net-10.pth
[Privacy Budget]: ε = 3.79 (δ = 1e-05)
2025-11-09 00:33:21.207506 Epoch [010/100], Step [0003/0003], [lateral-edge: 0.7733, lateral-2: 1.5524, lateral-3: 1.5389, lateral-4: 1.5013, lateral-5: 1.4997, epsilon: 4.0179]
2025-11-09 00:33:24.901533 Epoch [011/100], Step [0003/0003], [lateral-edge: 0.7730, lateral-2: 1.5623, lateral-3: 1.5572, lateral-4: 1.5228, lateral-5: 1.5185, epsilon: 4.2363]
2025-11-09 00:33:28.091838 Epoch [012/100], Step [0003/0003], [lateral-edge: 0.7751, lateral-2: 1.5210, lateral-3: 1.5186, lateral-4: 1.4827, lateral-5: 1.5036, epsilon: 4.4471]
2025-11-09 00:33:31.122121 Epoch [013/100], Step [0003/0003], [lateral-edge: 0.7722, lateral-2: 1.5571, lateral-3: 1.5533, lateral-4: 1.5223, lateral-5: 1.5246, epsilon: 4.6511]
2025-11-09 00:33:34.695844 Epoch [014/100], Step [0003/0003], [lateral-edge: 0.7733, lateral-2: 1.5270, lateral-3: 1.5256, lateral-4: 1.4899, lateral-5: 1.5027, epsilon: 4.8491]
2025-11-09 00:33:37.955650 Epoch [015/100], Step [0003/0003], [lateral-edge: 0.7721, lateral-2: 1.5613, lateral-3: 1.5628, lateral-4: 1.5293, lateral-5: 1.5343, epsilon: 5.0418]
2025-11-09 00:33:41.143735 Epoch [016/100], Step [0003/0003], [lateral-edge: 0.7718, lateral-2: 1.5355, lateral-3: 1.5359, lateral-4: 1.5024, lateral-5: 1.5183, epsilon: 5.2296]
2025-11-09 00:33:44.438328 Epoch [017/100], Step [0003/0003], [lateral-edge: 0.7736, lateral-2: 1.5150, lateral-3: 1.5126, lateral-4: 1.4774, lateral-5: 1.5011, epsilon: 5.4129]
2025-11-09 00:33:47.544513 Epoch [018/100], Step [0003/0003], [lateral-edge: 0.7730, lateral-2: 1.5334, lateral-3: 1.5338, lateral-4: 1.5061, lateral-5: 1.5187, epsilon: 5.5923]
2025-11-09 00:33:50.957909 Epoch [019/100], Step [0003/0003], [lateral-edge: 0.7715, lateral-2: 1.5209, lateral-3: 1.5179, lateral-4: 1.4886, lateral-5: 1.5085, epsilon: 5.7679]
[Saving Snapshot:] ./Snapshots/save_weights/Inf-Net_DP/batch_24/run_3/epsilon_8/base/Inf-Net-20.pth
[Privacy Budget]: ε = 5.77 (δ = 1e-05)
2025-11-09 00:33:54.404419 Epoch [020/100], Step [0003/0003], [lateral-edge: 0.7719, lateral-2: 1.5165, lateral-3: 1.5166, lateral-4: 1.4846, lateral-5: 1.5049, epsilon: 5.9401]
2025-11-09 00:33:57.646064 Epoch [021/100], Step [0003/0003], [lateral-edge: 0.7723, lateral-2: 1.5211, lateral-3: 1.5240, lateral-4: 1.4926, lateral-5: 1.5111, epsilon: 6.1092]
2025-11-09 00:34:01.006399 Epoch [022/100], Step [0003/0003], [lateral-edge: 0.7720, lateral-2: 1.4983, lateral-3: 1.4985, lateral-4: 1.4687, lateral-5: 1.4944, epsilon: 6.2753]
2025-11-09 00:34:04.301076 Epoch [023/100], Step [0003/0003], [lateral-edge: 0.7735, lateral-2: 1.4949, lateral-3: 1.4969, lateral-4: 1.4586, lateral-5: 1.4925, epsilon: 6.4386]
2025-11-09 00:34:07.572929 Epoch [024/100], Step [0003/0003], [lateral-edge: 0.7714, lateral-2: 1.5274, lateral-3: 1.5256, lateral-4: 1.4932, lateral-5: 1.5141, epsilon: 6.5994]
2025-11-09 00:34:11.139181 Epoch [025/100], Step [0003/0003], [lateral-edge: 0.7725, lateral-2: 1.4971, lateral-3: 1.4879, lateral-4: 1.4621, lateral-5: 1.4984, epsilon: 6.7577]
2025-11-09 00:34:14.432237 Epoch [026/100], Step [0003/0003], [lateral-edge: 0.7726, lateral-2: 1.4840, lateral-3: 1.4878, lateral-4: 1.4569, lateral-5: 1.4948, epsilon: 6.9138]
2025-11-09 00:34:17.925753 Epoch [027/100], Step [0003/0003], [lateral-edge: 0.7721, lateral-2: 1.4808, lateral-3: 1.4905, lateral-4: 1.4581, lateral-5: 1.4914, epsilon: 7.0677]
2025-11-09 00:34:21.235556 Epoch [028/100], Step [0003/0003], [lateral-edge: 0.7717, lateral-2: 1.5217, lateral-3: 1.5254, lateral-4: 1.5004, lateral-5: 1.5143, epsilon: 7.2196]
2025-11-09 00:34:25.116328 Epoch [029/100], Step [0003/0003], [lateral-edge: 0.7697, lateral-2: 1.4846, lateral-3: 1.4828, lateral-4: 1.4570, lateral-5: 1.4918, epsilon: 7.3695]
[Saving Snapshot:] ./Snapshots/save_weights/Inf-Net_DP/batch_24/run_3/epsilon_8/base/Inf-Net-30.pth
[Privacy Budget]: ε = 7.37 (δ = 1e-05)
2025-11-09 00:34:28.741719 Epoch [030/100], Step [0003/0003], [lateral-edge: 0.7710, lateral-2: 1.4831, lateral-3: 1.4841, lateral-4: 1.4624, lateral-5: 1.4970, epsilon: 7.5177]
2025-11-09 00:34:31.855037 Epoch [031/100], Step [0003/0003], [lateral-edge: 0.7704, lateral-2: 1.4812, lateral-3: 1.4941, lateral-4: 1.4732, lateral-5: 1.4997, epsilon: 7.6640]
2025-11-09 00:34:36.143625 Epoch [032/100], Step [0003/0003], [lateral-edge: 0.7690, lateral-2: 1.4995, lateral-3: 1.5012, lateral-4: 1.4791, lateral-5: 1.5067, epsilon: 7.8088]
2025-11-09 00:34:39.409070 Epoch [033/100], Step [0003/0003], [lateral-edge: 0.7677, lateral-2: 1.5050, lateral-3: 1.5026, lateral-4: 1.4802, lateral-5: 1.5124, epsilon: 7.9519]
2025-11-09 00:34:43.089994 Epoch [034/100], Step [0003/0003], [lateral-edge: 0.7688, lateral-2: 1.4633, lateral-3: 1.4620, lateral-4: 1.4381, lateral-5: 1.4807, epsilon: 8.0935]
2025-11-09 00:34:46.595826 Epoch [035/100], Step [0003/0003], [lateral-edge: 0.7690, lateral-2: 1.4682, lateral-3: 1.4747, lateral-4: 1.4461, lateral-5: 1.4915, epsilon: 8.2337]
2025-11-09 00:34:50.141916 Epoch [036/100], Step [0003/0003], [lateral-edge: 0.7671, lateral-2: 1.4927, lateral-3: 1.4991, lateral-4: 1.4772, lateral-5: 1.5065, epsilon: 8.3725]
2025-11-09 00:34:53.652515 Epoch [037/100], Step [0003/0003], [lateral-edge: 0.7676, lateral-2: 1.4837, lateral-3: 1.4886, lateral-4: 1.4683, lateral-5: 1.4970, epsilon: 8.5099]
2025-11-09 00:34:56.879582 Epoch [038/100], Step [0003/0003], [lateral-edge: 0.7664, lateral-2: 1.4882, lateral-3: 1.4985, lateral-4: 1.4773, lateral-5: 1.5046, epsilon: 8.6461]
2025-11-09 00:35:00.264632 Epoch [039/100], Step [0003/0003], [lateral-edge: 0.7677, lateral-2: 1.4520, lateral-3: 1.4585, lateral-4: 1.4329, lateral-5: 1.4822, epsilon: 8.7811]
[Saving Snapshot:] ./Snapshots/save_weights/Inf-Net_DP/batch_24/run_3/epsilon_8/base/Inf-Net-40.pth
[Privacy Budget]: ε = 8.78 (δ = 1e-05)
2025-11-09 00:35:03.820199 Epoch [040/100], Step [0003/0003], [lateral-edge: 0.7669, lateral-2: 1.4842, lateral-3: 1.4851, lateral-4: 1.4687, lateral-5: 1.4965, epsilon: 8.9149]
2025-11-09 00:35:07.255848 Epoch [041/100], Step [0003/0003], [lateral-edge: 0.7676, lateral-2: 1.4822, lateral-3: 1.4861, lateral-4: 1.4651, lateral-5: 1.5028, epsilon: 9.0475]
2025-11-09 00:35:10.788229 Epoch [042/100], Step [0003/0003], [lateral-edge: 0.7680, lateral-2: 1.4753, lateral-3: 1.4752, lateral-4: 1.4595, lateral-5: 1.4991, epsilon: 9.1791]
