Backbone loading: Res2Net50
Trainable: 31,072,721 / 33,121,721 parameters
Validator raised issues with model. Attempting auto-fix...
Original error: UnsupportedModuleError
Model successfully fixed for differential privacy
Not loading weights from weights file
###################################################################### 
Start Training (Inf_Net-DP)
Network: Inf_Net
Batch Size: 48
DP Enabled (ε=200.0, δ=1e-05, clipping=base)
Morphology: Disabled
Architecture: GroupNorm (with DP)
Save Path: ./Snapshots/save_weights/Inf-Net_DP/batch_48/run_3/epsilon_200/base
Run: 3
Namespace(network='Inf_Net', epoch=100, lr=0.0001, batchsize=48, trainsize=352, clip=0.5, decay_rate=0.1, decay_epoch=50, is_thop=False, gpu_device=0, num_workers=8, net_channel=32, init_features=32, n_classes=1, in_channels=3, backbone='Res2Net50', deep_supervision=False, train_path='./Dataset/TrainingSet/LungInfection-Train/Doctor-label', is_semi=False, is_pseudo=False, train_save=None, run=3, enable_privacy=True, epsilon=200.0, max_grad_norm=1.2, delta=1e-05, clipping_strategy='base', enable_morphology=False, morph_operation='both', morph_kernel_size=3, device='cuda')
 ######################################################################
2025-11-09 00:33:34.656486 Epoch [001/100], Step [0002/0002], [lateral-edge: 0.7776, lateral-2: 1.7263, lateral-3: 1.6555, lateral-4: 1.6058, lateral-5: 1.5331, epsilon: 21.0900]
2025-11-09 00:33:38.758108 Epoch [002/100], Step [0002/0002], [lateral-edge: 0.7768, lateral-2: 1.5932, lateral-3: 1.5416, lateral-4: 1.5248, lateral-5: 1.5149, epsilon: 30.8019]
2025-11-09 00:33:41.760149 Epoch [003/100], Step [0002/0002], [lateral-edge: 0.7755, lateral-2: 1.5753, lateral-3: 1.5324, lateral-4: 1.5281, lateral-5: 1.5234, epsilon: 38.9286]
2025-11-09 00:33:45.342091 Epoch [004/100], Step [0002/0002], [lateral-edge: 0.7766, lateral-2: 1.5548, lateral-3: 1.5183, lateral-4: 1.5235, lateral-5: 1.5191, epsilon: 46.2706]
2025-11-09 00:33:48.798428 Epoch [005/100], Step [0002/0002], [lateral-edge: 0.7736, lateral-2: 1.5061, lateral-3: 1.4764, lateral-4: 1.4837, lateral-5: 1.4937, epsilon: 53.1211]
2025-11-09 00:33:52.089343 Epoch [006/100], Step [0002/0002], [lateral-edge: 0.7733, lateral-2: 1.4796, lateral-3: 1.4563, lateral-4: 1.4607, lateral-5: 1.4828, epsilon: 59.6264]
2025-11-09 00:33:55.067441 Epoch [007/100], Step [0002/0002], [lateral-edge: 0.7733, lateral-2: 1.4900, lateral-3: 1.4723, lateral-4: 1.4834, lateral-5: 1.4971, epsilon: 65.8722]
2025-11-09 00:33:58.848403 Epoch [008/100], Step [0002/0002], [lateral-edge: 0.7725, lateral-2: 1.4699, lateral-3: 1.4514, lateral-4: 1.4614, lateral-5: 1.4867, epsilon: 71.9138]
2025-11-09 00:34:02.122448 Epoch [009/100], Step [0002/0002], [lateral-edge: 0.7708, lateral-2: 1.4555, lateral-3: 1.4460, lateral-4: 1.4619, lateral-5: 1.4843, epsilon: 77.7891]
[Saving Snapshot:] ./Snapshots/save_weights/Inf-Net_DP/batch_48/run_3/epsilon_200/base/Inf-Net-10.pth
[Privacy Budget]: ε = 77.79 (δ = 1e-05)
2025-11-09 00:34:06.064256 Epoch [010/100], Step [0002/0002], [lateral-edge: 0.7694, lateral-2: 1.4388, lateral-3: 1.4302, lateral-4: 1.4416, lateral-5: 1.4763, epsilon: 83.5256]
2025-11-09 00:34:10.032383 Epoch [011/100], Step [0002/0002], [lateral-edge: 0.7687, lateral-2: 1.4009, lateral-3: 1.4085, lateral-4: 1.4161, lateral-5: 1.4575, epsilon: 89.1441]
2025-11-09 00:34:13.077454 Epoch [012/100], Step [0002/0002], [lateral-edge: 0.7695, lateral-2: 1.3942, lateral-3: 1.4032, lateral-4: 1.4186, lateral-5: 1.4535, epsilon: 94.6606]
2025-11-09 00:34:16.299605 Epoch [013/100], Step [0002/0002], [lateral-edge: 0.7673, lateral-2: 1.3748, lateral-3: 1.3904, lateral-4: 1.4101, lateral-5: 1.4527, epsilon: 100.0877]
2025-11-09 00:34:19.582213 Epoch [014/100], Step [0002/0002], [lateral-edge: 0.7667, lateral-2: 1.3636, lateral-3: 1.3729, lateral-4: 1.3958, lateral-5: 1.4417, epsilon: 105.4357]
2025-11-09 00:34:22.949663 Epoch [015/100], Step [0002/0002], [lateral-edge: 0.7654, lateral-2: 1.3487, lateral-3: 1.3622, lateral-4: 1.3871, lateral-5: 1.4337, epsilon: 110.7130]
2025-11-09 00:34:26.290191 Epoch [016/100], Step [0002/0002], [lateral-edge: 0.7644, lateral-2: 1.3423, lateral-3: 1.3592, lateral-4: 1.3795, lateral-5: 1.4329, epsilon: 115.9267]
2025-11-09 00:34:29.869606 Epoch [017/100], Step [0002/0002], [lateral-edge: 0.7640, lateral-2: 1.3319, lateral-3: 1.3563, lateral-4: 1.3807, lateral-5: 1.4297, epsilon: 121.0826]
2025-11-09 00:34:33.011392 Epoch [018/100], Step [0002/0002], [lateral-edge: 0.7636, lateral-2: 1.3120, lateral-3: 1.3392, lateral-4: 1.3580, lateral-5: 1.4151, epsilon: 126.1860]
2025-11-09 00:34:36.175593 Epoch [019/100], Step [0002/0002], [lateral-edge: 0.7616, lateral-2: 1.2612, lateral-3: 1.3069, lateral-4: 1.3279, lateral-5: 1.3934, epsilon: 131.2411]
[Saving Snapshot:] ./Snapshots/save_weights/Inf-Net_DP/batch_48/run_3/epsilon_200/base/Inf-Net-20.pth
[Privacy Budget]: ε = 131.24 (δ = 1e-05)
2025-11-09 00:34:40.187657 Epoch [020/100], Step [0002/0002], [lateral-edge: 0.7620, lateral-2: 1.3039, lateral-3: 1.3268, lateral-4: 1.3532, lateral-5: 1.4093, epsilon: 136.2517]
2025-11-09 00:34:43.734651 Epoch [021/100], Step [0002/0002], [lateral-edge: 0.7623, lateral-2: 1.2758, lateral-3: 1.3081, lateral-4: 1.3354, lateral-5: 1.3993, epsilon: 141.2211]
2025-11-09 00:34:47.547967 Epoch [022/100], Step [0002/0002], [lateral-edge: 0.7612, lateral-2: 1.2721, lateral-3: 1.3016, lateral-4: 1.3335, lateral-5: 1.3968, epsilon: 146.1524]
2025-11-09 00:34:51.196222 Epoch [023/100], Step [0002/0002], [lateral-edge: 0.7596, lateral-2: 1.2759, lateral-3: 1.3061, lateral-4: 1.3330, lateral-5: 1.3977, epsilon: 151.0480]
2025-11-09 00:34:54.803890 Epoch [024/100], Step [0002/0002], [lateral-edge: 0.7595, lateral-2: 1.2693, lateral-3: 1.2971, lateral-4: 1.3342, lateral-5: 1.3961, epsilon: 155.9103]
2025-11-09 00:34:59.078461 Epoch [025/100], Step [0002/0002], [lateral-edge: 0.7600, lateral-2: 1.2341, lateral-3: 1.2681, lateral-4: 1.3069, lateral-5: 1.3760, epsilon: 160.7414]
2025-11-09 00:35:02.664733 Epoch [026/100], Step [0002/0002], [lateral-edge: 0.7589, lateral-2: 1.2382, lateral-3: 1.2721, lateral-4: 1.3121, lateral-5: 1.3778, epsilon: 165.5432]
2025-11-09 00:35:06.603336 Epoch [027/100], Step [0002/0002], [lateral-edge: 0.7582, lateral-2: 1.2327, lateral-3: 1.2626, lateral-4: 1.3005, lateral-5: 1.3777, epsilon: 170.3173]
2025-11-09 00:35:10.280967 Epoch [028/100], Step [0002/0002], [lateral-edge: 0.7580, lateral-2: 1.2156, lateral-3: 1.2521, lateral-4: 1.2809, lateral-5: 1.3663, epsilon: 175.0652]
