Backbone loading: Res2Net50
Trainable: 31,072,721 / 33,121,721 parameters
Validator raised issues with model. Attempting auto-fix...
Original error: UnsupportedModuleError
Model successfully fixed for differential privacy
Not loading weights from weights file
###################################################################### 
Start Training (Inf_Net-DP)
Network: Inf_Net
Batch Size: 24
DP Enabled (ε=200.0, δ=1e-05, clipping=base)
Morphology: Disabled
Architecture: GroupNorm (with DP)
Save Path: ./Snapshots/save_weights/Inf-Net_DP/batch_24/run_3/epsilon_200/base
Run: 3
Namespace(network='Inf_Net', epoch=100, lr=0.0001, batchsize=24, trainsize=352, clip=0.5, decay_rate=0.1, decay_epoch=50, is_thop=False, gpu_device=0, num_workers=8, net_channel=32, init_features=32, n_classes=1, in_channels=3, backbone='Res2Net50', deep_supervision=False, train_path='./Dataset/TrainingSet/LungInfection-Train/Doctor-label', is_semi=False, is_pseudo=False, train_save=None, run=3, enable_privacy=True, epsilon=200.0, max_grad_norm=1.2, delta=1e-05, clipping_strategy='base', enable_morphology=False, morph_operation='both', morph_kernel_size=3, device='cuda')
 ######################################################################
2025-11-09 00:33:47.291914 Epoch [001/100], Step [0003/0003], [lateral-edge: 0.7791, lateral-2: 1.7132, lateral-3: 1.6479, lateral-4: 1.6156, lateral-5: 1.5409, epsilon: 23.2690]
2025-11-09 00:33:51.291984 Epoch [002/100], Step [0003/0003], [lateral-edge: 0.7799, lateral-2: 1.6206, lateral-3: 1.5842, lateral-4: 1.5639, lateral-5: 1.5358, epsilon: 32.9982]
2025-11-09 00:33:55.246468 Epoch [003/100], Step [0003/0003], [lateral-edge: 0.7793, lateral-2: 1.5840, lateral-3: 1.5540, lateral-4: 1.5416, lateral-5: 1.5269, epsilon: 41.1241]
2025-11-09 00:33:59.450076 Epoch [004/100], Step [0003/0003], [lateral-edge: 0.7784, lateral-2: 1.5805, lateral-3: 1.5512, lateral-4: 1.5471, lateral-5: 1.5374, epsilon: 48.4492]
2025-11-09 00:34:02.621113 Epoch [005/100], Step [0003/0003], [lateral-edge: 0.7787, lateral-2: 1.4943, lateral-3: 1.4673, lateral-4: 1.4677, lateral-5: 1.4914, epsilon: 55.2708]
2025-11-09 00:34:06.451236 Epoch [006/100], Step [0003/0003], [lateral-edge: 0.7760, lateral-2: 1.5192, lateral-3: 1.5039, lateral-4: 1.5005, lateral-5: 1.5163, epsilon: 61.7384]
2025-11-09 00:34:10.117327 Epoch [007/100], Step [0003/0003], [lateral-edge: 0.7759, lateral-2: 1.4922, lateral-3: 1.4673, lateral-4: 1.4781, lateral-5: 1.4970, epsilon: 67.9394]
2025-11-09 00:34:14.273427 Epoch [008/100], Step [0003/0003], [lateral-edge: 0.7757, lateral-2: 1.4924, lateral-3: 1.4803, lateral-4: 1.4942, lateral-5: 1.5082, epsilon: 73.9304]
2025-11-09 00:34:17.616311 Epoch [009/100], Step [0003/0003], [lateral-edge: 0.7742, lateral-2: 1.4788, lateral-3: 1.4589, lateral-4: 1.4749, lateral-5: 1.5047, epsilon: 79.7503]
[Saving Snapshot:] ./Snapshots/save_weights/Inf-Net_DP/batch_24/run_3/epsilon_200/base/Inf-Net-10.pth
[Privacy Budget]: ε = 79.75 (δ = 1e-05)
2025-11-09 00:34:21.797025 Epoch [010/100], Step [0003/0003], [lateral-edge: 0.7739, lateral-2: 1.4703, lateral-3: 1.4603, lateral-4: 1.4763, lateral-5: 1.5023, epsilon: 85.4276]
2025-11-09 00:34:25.547246 Epoch [011/100], Step [0003/0003], [lateral-edge: 0.7718, lateral-2: 1.4433, lateral-3: 1.4376, lateral-4: 1.4488, lateral-5: 1.4849, epsilon: 90.9833]
2025-11-09 00:34:29.450686 Epoch [012/100], Step [0003/0003], [lateral-edge: 0.7710, lateral-2: 1.4226, lateral-3: 1.4140, lateral-4: 1.4362, lateral-5: 1.4791, epsilon: 96.4339]
2025-11-09 00:34:33.216539 Epoch [013/100], Step [0003/0003], [lateral-edge: 0.7698, lateral-2: 1.4022, lateral-3: 1.4047, lateral-4: 1.4197, lateral-5: 1.4665, epsilon: 101.7925]
2025-11-09 00:34:36.912160 Epoch [014/100], Step [0003/0003], [lateral-edge: 0.7687, lateral-2: 1.3837, lateral-3: 1.3865, lateral-4: 1.4086, lateral-5: 1.4562, epsilon: 107.0697]
2025-11-09 00:34:40.798166 Epoch [015/100], Step [0003/0003], [lateral-edge: 0.7696, lateral-2: 1.3737, lateral-3: 1.3779, lateral-4: 1.4089, lateral-5: 1.4577, epsilon: 112.2740]
2025-11-09 00:34:44.707449 Epoch [016/100], Step [0003/0003], [lateral-edge: 0.7667, lateral-2: 1.3524, lateral-3: 1.3648, lateral-4: 1.3931, lateral-5: 1.4475, epsilon: 117.4127]
2025-11-09 00:34:48.376744 Epoch [017/100], Step [0003/0003], [lateral-edge: 0.7651, lateral-2: 1.3498, lateral-3: 1.3631, lateral-4: 1.3881, lateral-5: 1.4483, epsilon: 122.4920]
2025-11-09 00:34:52.343954 Epoch [018/100], Step [0003/0003], [lateral-edge: 0.7651, lateral-2: 1.3428, lateral-3: 1.3492, lateral-4: 1.3808, lateral-5: 1.4428, epsilon: 127.5171]
2025-11-09 00:34:55.850460 Epoch [019/100], Step [0003/0003], [lateral-edge: 0.7665, lateral-2: 1.3748, lateral-3: 1.3788, lateral-4: 1.4110, lateral-5: 1.4567, epsilon: 132.4924]
[Saving Snapshot:] ./Snapshots/save_weights/Inf-Net_DP/batch_24/run_3/epsilon_200/base/Inf-Net-20.pth
[Privacy Budget]: ε = 132.49 (δ = 1e-05)
2025-11-09 00:35:00.072856 Epoch [020/100], Step [0003/0003], [lateral-edge: 0.7629, lateral-2: 1.3287, lateral-3: 1.3462, lateral-4: 1.3762, lateral-5: 1.4352, epsilon: 137.4219]
2025-11-09 00:35:04.463536 Epoch [021/100], Step [0003/0003], [lateral-edge: 0.7628, lateral-2: 1.3143, lateral-3: 1.3280, lateral-4: 1.3540, lateral-5: 1.4251, epsilon: 142.3090]
2025-11-09 00:35:08.767861 Epoch [022/100], Step [0003/0003], [lateral-edge: 0.7619, lateral-2: 1.2870, lateral-3: 1.3091, lateral-4: 1.3450, lateral-5: 1.4239, epsilon: 147.1567]
2025-11-09 00:35:12.483860 Epoch [023/100], Step [0003/0003], [lateral-edge: 0.7624, lateral-2: 1.2876, lateral-3: 1.3041, lateral-4: 1.3460, lateral-5: 1.4203, epsilon: 151.9677]
