Backbone loading: Res2Net50
Converting BatchNorm to GroupNorm for fair comparison with DP models
Model architecture converted to GroupNorm
Not loading weights from weights file
###################################################################### 
Start Training (Inf_Net-GroupNorm)
Network: Inf_Net
Batch Size: 24
DP: Disabled
Morphology: Disabled
Architecture: GroupNorm (no DP)
Save Path: ./Snapshots/save_weights/Inf-Net_GroupNorm/batch_24/run_3
Run: 3
Namespace(network='Inf_Net', epoch=100, lr=0.0001, batchsize=24, trainsize=352, clip=0.5, decay_rate=0.1, decay_epoch=50, is_thop=False, gpu_device=0, num_workers=8, net_channel=32, init_features=32, n_classes=1, in_channels=3, backbone='Res2Net50', deep_supervision=False, train_path='./Dataset/TrainingSet/LungInfection-Train/Doctor-label', is_semi=False, is_pseudo=False, train_save=None, run=3, enable_privacy=False, epsilon=8.0, max_grad_norm=1.2, delta=1e-05, clipping_strategy='base', enable_morphology=False, morph_operation='both', morph_kernel_size=3, device='cuda')
 ######################################################################
2025-11-09 00:32:44.294147 Epoch [001/100], Step [0003/0003], [lateral-edge: 0.7644, lateral-2: 1.3344, lateral-3: 1.3779, lateral-4: 1.4604, lateral-5: 1.4466, epsilon: 0.0000]
2025-11-09 00:32:45.753047 Epoch [002/100], Step [0003/0003], [lateral-edge: 0.7621, lateral-2: 1.0319, lateral-3: 1.1181, lateral-4: 1.2475, lateral-5: 1.2952, epsilon: 0.0000]
2025-11-09 00:32:47.215872 Epoch [003/100], Step [0003/0003], [lateral-edge: 0.7519, lateral-2: 1.0811, lateral-3: 1.1546, lateral-4: 1.2845, lateral-5: 1.2514, epsilon: 0.0000]
2025-11-09 00:32:48.704350 Epoch [004/100], Step [0003/0003], [lateral-edge: 0.7485, lateral-2: 1.0110, lateral-3: 1.0637, lateral-4: 1.1528, lateral-5: 1.1167, epsilon: 0.0000]
2025-11-09 00:32:50.171917 Epoch [005/100], Step [0003/0003], [lateral-edge: 0.7449, lateral-2: 0.9397, lateral-3: 0.9976, lateral-4: 1.1048, lateral-5: 1.0888, epsilon: 0.0000]
2025-11-09 00:32:51.633151 Epoch [006/100], Step [0003/0003], [lateral-edge: 0.7399, lateral-2: 0.9478, lateral-3: 1.0133, lateral-4: 1.1172, lateral-5: 1.0783, epsilon: 0.0000]
2025-11-09 00:32:53.130522 Epoch [007/100], Step [0003/0003], [lateral-edge: 0.7392, lateral-2: 0.8653, lateral-3: 0.9187, lateral-4: 1.0283, lateral-5: 0.9909, epsilon: 0.0000]
2025-11-09 00:32:54.611336 Epoch [008/100], Step [0003/0003], [lateral-edge: 0.7325, lateral-2: 0.7941, lateral-3: 0.8954, lateral-4: 1.0488, lateral-5: 0.9517, epsilon: 0.0000]
2025-11-09 00:32:56.109111 Epoch [009/100], Step [0003/0003], [lateral-edge: 0.7308, lateral-2: 0.7881, lateral-3: 0.8603, lateral-4: 0.9788, lateral-5: 0.9035, epsilon: 0.0000]
[Saving Snapshot:] ./Snapshots/save_weights/Inf-Net_GroupNorm/batch_24/run_3/Inf-Net-10.pth
2025-11-09 00:32:57.782709 Epoch [010/100], Step [0003/0003], [lateral-edge: 0.7261, lateral-2: 0.8554, lateral-3: 0.9444, lateral-4: 1.0801, lateral-5: 0.9909, epsilon: 0.0000]
2025-11-09 00:32:59.331211 Epoch [011/100], Step [0003/0003], [lateral-edge: 0.7250, lateral-2: 0.8413, lateral-3: 0.9167, lateral-4: 1.0430, lateral-5: 0.9592, epsilon: 0.0000]
2025-11-09 00:33:00.873522 Epoch [012/100], Step [0003/0003], [lateral-edge: 0.7238, lateral-2: 0.7796, lateral-3: 0.8553, lateral-4: 0.9797, lateral-5: 0.8739, epsilon: 0.0000]
2025-11-09 00:33:02.385406 Epoch [013/100], Step [0003/0003], [lateral-edge: 0.7210, lateral-2: 0.7450, lateral-3: 0.8382, lateral-4: 0.9717, lateral-5: 0.8710, epsilon: 0.0000]
2025-11-09 00:33:03.909375 Epoch [014/100], Step [0003/0003], [lateral-edge: 0.7159, lateral-2: 0.7271, lateral-3: 0.8247, lateral-4: 0.9576, lateral-5: 0.8557, epsilon: 0.0000]
2025-11-09 00:33:05.445368 Epoch [015/100], Step [0003/0003], [lateral-edge: 0.7159, lateral-2: 0.6747, lateral-3: 0.7810, lateral-4: 0.9212, lateral-5: 0.7868, epsilon: 0.0000]
2025-11-09 00:33:06.962890 Epoch [016/100], Step [0003/0003], [lateral-edge: 0.7143, lateral-2: 0.7051, lateral-3: 0.7703, lateral-4: 0.8790, lateral-5: 0.7636, epsilon: 0.0000]
2025-11-09 00:33:08.489851 Epoch [017/100], Step [0003/0003], [lateral-edge: 0.7112, lateral-2: 0.7285, lateral-3: 0.8348, lateral-4: 0.9788, lateral-5: 0.8219, epsilon: 0.0000]
2025-11-09 00:33:10.009391 Epoch [018/100], Step [0003/0003], [lateral-edge: 0.7119, lateral-2: 0.6916, lateral-3: 0.7768, lateral-4: 0.8961, lateral-5: 0.7784, epsilon: 0.0000]
2025-11-09 00:33:11.540184 Epoch [019/100], Step [0003/0003], [lateral-edge: 0.7089, lateral-2: 0.6778, lateral-3: 0.7673, lateral-4: 0.9184, lateral-5: 0.7670, epsilon: 0.0000]
[Saving Snapshot:] ./Snapshots/save_weights/Inf-Net_GroupNorm/batch_24/run_3/Inf-Net-20.pth
2025-11-09 00:33:13.120178 Epoch [020/100], Step [0003/0003], [lateral-edge: 0.7062, lateral-2: 0.6250, lateral-3: 0.7244, lateral-4: 0.8644, lateral-5: 0.7133, epsilon: 0.0000]
2025-11-09 00:33:14.583270 Epoch [021/100], Step [0003/0003], [lateral-edge: 0.7045, lateral-2: 0.6532, lateral-3: 0.7631, lateral-4: 0.9031, lateral-5: 0.7522, epsilon: 0.0000]
2025-11-09 00:33:16.086113 Epoch [022/100], Step [0003/0003], [lateral-edge: 0.7037, lateral-2: 0.6093, lateral-3: 0.7067, lateral-4: 0.8649, lateral-5: 0.6945, epsilon: 0.0000]
2025-11-09 00:33:17.581628 Epoch [023/100], Step [0003/0003], [lateral-edge: 0.7019, lateral-2: 0.6129, lateral-3: 0.7308, lateral-4: 0.8786, lateral-5: 0.7138, epsilon: 0.0000]
2025-11-09 00:33:19.069049 Epoch [024/100], Step [0003/0003], [lateral-edge: 0.7002, lateral-2: 0.6026, lateral-3: 0.7134, lateral-4: 0.8643, lateral-5: 0.6775, epsilon: 0.0000]
2025-11-09 00:33:20.553007 Epoch [025/100], Step [0003/0003], [lateral-edge: 0.6988, lateral-2: 0.6214, lateral-3: 0.7371, lateral-4: 0.8803, lateral-5: 0.7086, epsilon: 0.0000]
2025-11-09 00:33:22.031681 Epoch [026/100], Step [0003/0003], [lateral-edge: 0.6987, lateral-2: 0.5784, lateral-3: 0.6952, lateral-4: 0.8511, lateral-5: 0.6536, epsilon: 0.0000]
2025-11-09 00:33:23.503864 Epoch [027/100], Step [0003/0003], [lateral-edge: 0.6980, lateral-2: 0.5970, lateral-3: 0.7383, lateral-4: 0.8970, lateral-5: 0.6996, epsilon: 0.0000]
2025-11-09 00:33:24.967746 Epoch [028/100], Step [0003/0003], [lateral-edge: 0.6964, lateral-2: 0.6296, lateral-3: 0.7366, lateral-4: 0.8776, lateral-5: 0.7012, epsilon: 0.0000]
2025-11-09 00:33:26.452542 Epoch [029/100], Step [0003/0003], [lateral-edge: 0.6946, lateral-2: 0.6148, lateral-3: 0.7391, lateral-4: 0.8939, lateral-5: 0.6940, epsilon: 0.0000]
[Saving Snapshot:] ./Snapshots/save_weights/Inf-Net_GroupNorm/batch_24/run_3/Inf-Net-30.pth
2025-11-09 00:33:27.993432 Epoch [030/100], Step [0003/0003], [lateral-edge: 0.6963, lateral-2: 0.5864, lateral-3: 0.6866, lateral-4: 0.8282, lateral-5: 0.6442, epsilon: 0.0000]
2025-11-09 00:33:29.518387 Epoch [031/100], Step [0003/0003], [lateral-edge: 0.6954, lateral-2: 0.5189, lateral-3: 0.6395, lateral-4: 0.8018, lateral-5: 0.5771, epsilon: 0.0000]
2025-11-09 00:33:31.029900 Epoch [032/100], Step [0003/0003], [lateral-edge: 0.6945, lateral-2: 0.5311, lateral-3: 0.6540, lateral-4: 0.8178, lateral-5: 0.5939, epsilon: 0.0000]
2025-11-09 00:33:32.510218 Epoch [033/100], Step [0003/0003], [lateral-edge: 0.6944, lateral-2: 0.5340, lateral-3: 0.6525, lateral-4: 0.8031, lateral-5: 0.5973, epsilon: 0.0000]
2025-11-09 00:33:34.030042 Epoch [034/100], Step [0003/0003], [lateral-edge: 0.6922, lateral-2: 0.5515, lateral-3: 0.6834, lateral-4: 0.8459, lateral-5: 0.6123, epsilon: 0.0000]
2025-11-09 00:33:35.533647 Epoch [035/100], Step [0003/0003], [lateral-edge: 0.6921, lateral-2: 0.5575, lateral-3: 0.6922, lateral-4: 0.8574, lateral-5: 0.6288, epsilon: 0.0000]
2025-11-09 00:33:37.020853 Epoch [036/100], Step [0003/0003], [lateral-edge: 0.6913, lateral-2: 0.5771, lateral-3: 0.7013, lateral-4: 0.8571, lateral-5: 0.6368, epsilon: 0.0000]
2025-11-09 00:33:38.480037 Epoch [037/100], Step [0003/0003], [lateral-edge: 0.6907, lateral-2: 0.5452, lateral-3: 0.6682, lateral-4: 0.8253, lateral-5: 0.6141, epsilon: 0.0000]
2025-11-09 00:33:39.932066 Epoch [038/100], Step [0003/0003], [lateral-edge: 0.6909, lateral-2: 0.5464, lateral-3: 0.6823, lateral-4: 0.8568, lateral-5: 0.6119, epsilon: 0.0000]
2025-11-09 00:33:41.409493 Epoch [039/100], Step [0003/0003], [lateral-edge: 0.6911, lateral-2: 0.5258, lateral-3: 0.6503, lateral-4: 0.8043, lateral-5: 0.5948, epsilon: 0.0000]
[Saving Snapshot:] ./Snapshots/save_weights/Inf-Net_GroupNorm/batch_24/run_3/Inf-Net-40.pth
2025-11-09 00:33:43.003992 Epoch [040/100], Step [0003/0003], [lateral-edge: 0.6882, lateral-2: 0.5955, lateral-3: 0.7285, lateral-4: 0.8935, lateral-5: 0.6527, epsilon: 0.0000]
2025-11-09 00:33:44.453729 Epoch [041/100], Step [0003/0003], [lateral-edge: 0.6898, lateral-2: 0.5486, lateral-3: 0.6663, lateral-4: 0.8201, lateral-5: 0.5972, epsilon: 0.0000]
2025-11-09 00:33:45.957325 Epoch [042/100], Step [0003/0003], [lateral-edge: 0.6883, lateral-2: 0.5373, lateral-3: 0.6705, lateral-4: 0.8331, lateral-5: 0.5933, epsilon: 0.0000]
2025-11-09 00:33:47.436811 Epoch [043/100], Step [0003/0003], [lateral-edge: 0.6881, lateral-2: 0.5178, lateral-3: 0.6560, lateral-4: 0.8271, lateral-5: 0.5708, epsilon: 0.0000]
2025-11-09 00:33:48.900202 Epoch [044/100], Step [0003/0003], [lateral-edge: 0.6881, lateral-2: 0.4801, lateral-3: 0.6257, lateral-4: 0.7996, lateral-5: 0.5424, epsilon: 0.0000]
2025-11-09 00:33:50.364668 Epoch [045/100], Step [0003/0003], [lateral-edge: 0.6874, lateral-2: 0.5121, lateral-3: 0.6403, lateral-4: 0.8038, lateral-5: 0.5581, epsilon: 0.0000]
2025-11-09 00:33:51.859779 Epoch [046/100], Step [0003/0003], [lateral-edge: 0.6859, lateral-2: 0.5457, lateral-3: 0.6651, lateral-4: 0.8186, lateral-5: 0.6022, epsilon: 0.0000]
2025-11-09 00:33:53.454969 Epoch [047/100], Step [0003/0003], [lateral-edge: 0.6860, lateral-2: 0.5423, lateral-3: 0.6752, lateral-4: 0.8295, lateral-5: 0.5951, epsilon: 0.0000]
2025-11-09 00:33:54.916457 Epoch [048/100], Step [0003/0003], [lateral-edge: 0.6852, lateral-2: 0.4739, lateral-3: 0.6244, lateral-4: 0.7996, lateral-5: 0.5140, epsilon: 0.0000]
2025-11-09 00:33:56.415781 Epoch [049/100], Step [0003/0003], [lateral-edge: 0.6845, lateral-2: 0.4912, lateral-3: 0.6258, lateral-4: 0.8060, lateral-5: 0.5404, epsilon: 0.0000]
[Saving Snapshot:] ./Snapshots/save_weights/Inf-Net_GroupNorm/batch_24/run_3/Inf-Net-50.pth
2025-11-09 00:33:57.996286 Epoch [050/100], Step [0003/0003], [lateral-edge: 0.6836, lateral-2: 0.4909, lateral-3: 0.6322, lateral-4: 0.8142, lateral-5: 0.5372, epsilon: 0.0000]
2025-11-09 00:33:59.473686 Epoch [051/100], Step [0003/0003], [lateral-edge: 0.6846, lateral-2: 0.4617, lateral-3: 0.6122, lateral-4: 0.7882, lateral-5: 0.5134, epsilon: 0.0000]
2025-11-09 00:34:00.959320 Epoch [052/100], Step [0003/0003], [lateral-edge: 0.6851, lateral-2: 0.4743, lateral-3: 0.6231, lateral-4: 0.7954, lateral-5: 0.5288, epsilon: 0.0000]
2025-11-09 00:34:02.463997 Epoch [053/100], Step [0003/0003], [lateral-edge: 0.6850, lateral-2: 0.4698, lateral-3: 0.6201, lateral-4: 0.7953, lateral-5: 0.5212, epsilon: 0.0000]
2025-11-09 00:34:03.956873 Epoch [054/100], Step [0003/0003], [lateral-edge: 0.6846, lateral-2: 0.4778, lateral-3: 0.6287, lateral-4: 0.8028, lateral-5: 0.5246, epsilon: 0.0000]
2025-11-09 00:34:05.415872 Epoch [055/100], Step [0003/0003], [lateral-edge: 0.6851, lateral-2: 0.4996, lateral-3: 0.6311, lateral-4: 0.7846, lateral-5: 0.5545, epsilon: 0.0000]
2025-11-09 00:34:06.963504 Epoch [056/100], Step [0003/0003], [lateral-edge: 0.6847, lateral-2: 0.4817, lateral-3: 0.6196, lateral-4: 0.7901, lateral-5: 0.5282, epsilon: 0.0000]
2025-11-09 00:34:08.447160 Epoch [057/100], Step [0003/0003], [lateral-edge: 0.6852, lateral-2: 0.4756, lateral-3: 0.5989, lateral-4: 0.7680, lateral-5: 0.5397, epsilon: 0.0000]
2025-11-09 00:34:09.955333 Epoch [058/100], Step [0003/0003], [lateral-edge: 0.6838, lateral-2: 0.5115, lateral-3: 0.6382, lateral-4: 0.7970, lateral-5: 0.5579, epsilon: 0.0000]
2025-11-09 00:34:11.436412 Epoch [059/100], Step [0003/0003], [lateral-edge: 0.6841, lateral-2: 0.5248, lateral-3: 0.6584, lateral-4: 0.8225, lateral-5: 0.5801, epsilon: 0.0000]
[Saving Snapshot:] ./Snapshots/save_weights/Inf-Net_GroupNorm/batch_24/run_3/Inf-Net-60.pth
2025-11-09 00:34:13.033217 Epoch [060/100], Step [0003/0003], [lateral-edge: 0.6850, lateral-2: 0.4771, lateral-3: 0.6234, lateral-4: 0.7916, lateral-5: 0.5256, epsilon: 0.0000]
2025-11-09 00:34:14.499217 Epoch [061/100], Step [0003/0003], [lateral-edge: 0.6848, lateral-2: 0.4399, lateral-3: 0.5900, lateral-4: 0.7705, lateral-5: 0.4895, epsilon: 0.0000]
2025-11-09 00:34:16.028861 Epoch [062/100], Step [0003/0003], [lateral-edge: 0.6849, lateral-2: 0.4542, lateral-3: 0.5980, lateral-4: 0.7765, lateral-5: 0.5105, epsilon: 0.0000]
2025-11-09 00:34:17.535493 Epoch [063/100], Step [0003/0003], [lateral-edge: 0.6841, lateral-2: 0.4808, lateral-3: 0.6229, lateral-4: 0.7987, lateral-5: 0.5303, epsilon: 0.0000]
2025-11-09 00:34:19.007700 Epoch [064/100], Step [0003/0003], [lateral-edge: 0.6847, lateral-2: 0.5032, lateral-3: 0.6510, lateral-4: 0.8265, lateral-5: 0.5675, epsilon: 0.0000]
2025-11-09 00:34:20.509525 Epoch [065/100], Step [0003/0003], [lateral-edge: 0.6832, lateral-2: 0.5512, lateral-3: 0.6811, lateral-4: 0.8373, lateral-5: 0.5989, epsilon: 0.0000]
2025-11-09 00:34:21.974239 Epoch [066/100], Step [0003/0003], [lateral-edge: 0.6839, lateral-2: 0.5160, lateral-3: 0.6692, lateral-4: 0.8462, lateral-5: 0.5640, epsilon: 0.0000]
2025-11-09 00:34:23.447615 Epoch [067/100], Step [0003/0003], [lateral-edge: 0.6844, lateral-2: 0.4969, lateral-3: 0.6400, lateral-4: 0.8097, lateral-5: 0.5467, epsilon: 0.0000]
2025-11-09 00:34:24.944111 Epoch [068/100], Step [0003/0003], [lateral-edge: 0.6850, lateral-2: 0.4719, lateral-3: 0.6321, lateral-4: 0.8088, lateral-5: 0.5283, epsilon: 0.0000]
2025-11-09 00:34:26.459313 Epoch [069/100], Step [0003/0003], [lateral-edge: 0.6847, lateral-2: 0.4520, lateral-3: 0.5936, lateral-4: 0.7689, lateral-5: 0.4956, epsilon: 0.0000]
[Saving Snapshot:] ./Snapshots/save_weights/Inf-Net_GroupNorm/batch_24/run_3/Inf-Net-70.pth
2025-11-09 00:34:28.084477 Epoch [070/100], Step [0003/0003], [lateral-edge: 0.6847, lateral-2: 0.4943, lateral-3: 0.6472, lateral-4: 0.8254, lateral-5: 0.5468, epsilon: 0.0000]
2025-11-09 00:34:29.544317 Epoch [071/100], Step [0003/0003], [lateral-edge: 0.6848, lateral-2: 0.4399, lateral-3: 0.5900, lateral-4: 0.7705, lateral-5: 0.4895, epsilon: 0.0000]
2025-11-09 00:34:31.044082 Epoch [072/100], Step [0003/0003], [lateral-edge: 0.6845, lateral-2: 0.4476, lateral-3: 0.5893, lateral-4: 0.7632, lateral-5: 0.4961, epsilon: 0.0000]
2025-11-09 00:34:32.520112 Epoch [073/100], Step [0003/0003], [lateral-edge: 0.6852, lateral-2: 0.4324, lateral-3: 0.5786, lateral-4: 0.7501, lateral-5: 0.4898, epsilon: 0.0000]
2025-11-09 00:34:33.980506 Epoch [074/100], Step [0003/0003], [lateral-edge: 0.6851, lateral-2: 0.4492, lateral-3: 0.5935, lateral-4: 0.7682, lateral-5: 0.5055, epsilon: 0.0000]
2025-11-09 00:34:35.492698 Epoch [075/100], Step [0003/0003], [lateral-edge: 0.6839, lateral-2: 0.4982, lateral-3: 0.6512, lateral-4: 0.8272, lateral-5: 0.5535, epsilon: 0.0000]
2025-11-09 00:34:36.975113 Epoch [076/100], Step [0003/0003], [lateral-edge: 0.6842, lateral-2: 0.4728, lateral-3: 0.6071, lateral-4: 0.7772, lateral-5: 0.5199, epsilon: 0.0000]
2025-11-09 00:34:38.445223 Epoch [077/100], Step [0003/0003], [lateral-edge: 0.6849, lateral-2: 0.4811, lateral-3: 0.6206, lateral-4: 0.7983, lateral-5: 0.5321, epsilon: 0.0000]
2025-11-09 00:34:39.969990 Epoch [078/100], Step [0003/0003], [lateral-edge: 0.6851, lateral-2: 0.4470, lateral-3: 0.5749, lateral-4: 0.7491, lateral-5: 0.4957, epsilon: 0.0000]
2025-11-09 00:34:41.475834 Epoch [079/100], Step [0003/0003], [lateral-edge: 0.6840, lateral-2: 0.5006, lateral-3: 0.6367, lateral-4: 0.8019, lateral-5: 0.5487, epsilon: 0.0000]
[Saving Snapshot:] ./Snapshots/save_weights/Inf-Net_GroupNorm/batch_24/run_3/Inf-Net-80.pth
2025-11-09 00:34:43.098005 Epoch [080/100], Step [0003/0003], [lateral-edge: 0.6840, lateral-2: 0.4753, lateral-3: 0.6149, lateral-4: 0.7895, lateral-5: 0.5233, epsilon: 0.0000]
2025-11-09 00:34:44.598790 Epoch [081/100], Step [0003/0003], [lateral-edge: 0.6852, lateral-2: 0.4746, lateral-3: 0.6215, lateral-4: 0.7915, lateral-5: 0.5281, epsilon: 0.0000]
2025-11-09 00:34:46.077422 Epoch [082/100], Step [0003/0003], [lateral-edge: 0.6842, lateral-2: 0.5004, lateral-3: 0.6569, lateral-4: 0.8358, lateral-5: 0.5457, epsilon: 0.0000]
2025-11-09 00:34:47.603763 Epoch [083/100], Step [0003/0003], [lateral-edge: 0.6851, lateral-2: 0.4373, lateral-3: 0.5877, lateral-4: 0.7718, lateral-5: 0.4973, epsilon: 0.0000]
2025-11-09 00:34:49.072159 Epoch [084/100], Step [0003/0003], [lateral-edge: 0.6837, lateral-2: 0.5037, lateral-3: 0.6508, lateral-4: 0.8291, lateral-5: 0.5455, epsilon: 0.0000]
2025-11-09 00:34:50.548627 Epoch [085/100], Step [0003/0003], [lateral-edge: 0.6847, lateral-2: 0.4753, lateral-3: 0.6112, lateral-4: 0.7841, lateral-5: 0.5277, epsilon: 0.0000]
2025-11-09 00:34:52.040099 Epoch [086/100], Step [0003/0003], [lateral-edge: 0.6852, lateral-2: 0.4433, lateral-3: 0.5775, lateral-4: 0.7453, lateral-5: 0.4908, epsilon: 0.0000]
2025-11-09 00:34:53.518042 Epoch [087/100], Step [0003/0003], [lateral-edge: 0.6850, lateral-2: 0.4492, lateral-3: 0.6022, lateral-4: 0.7795, lateral-5: 0.5065, epsilon: 0.0000]
2025-11-09 00:34:55.069285 Epoch [088/100], Step [0003/0003], [lateral-edge: 0.6847, lateral-2: 0.4689, lateral-3: 0.6181, lateral-4: 0.7883, lateral-5: 0.5188, epsilon: 0.0000]
2025-11-09 00:34:56.600188 Epoch [089/100], Step [0003/0003], [lateral-edge: 0.6845, lateral-2: 0.4757, lateral-3: 0.6244, lateral-4: 0.7957, lateral-5: 0.5281, epsilon: 0.0000]
[Saving Snapshot:] ./Snapshots/save_weights/Inf-Net_GroupNorm/batch_24/run_3/Inf-Net-90.pth
2025-11-09 00:34:58.192440 Epoch [090/100], Step [0003/0003], [lateral-edge: 0.6853, lateral-2: 0.4486, lateral-3: 0.5776, lateral-4: 0.7467, lateral-5: 0.4960, epsilon: 0.0000]
2025-11-09 00:34:59.671685 Epoch [091/100], Step [0003/0003], [lateral-edge: 0.6846, lateral-2: 0.4648, lateral-3: 0.6089, lateral-4: 0.7813, lateral-5: 0.5111, epsilon: 0.0000]
2025-11-09 00:35:01.171742 Epoch [092/100], Step [0003/0003], [lateral-edge: 0.6844, lateral-2: 0.4605, lateral-3: 0.6102, lateral-4: 0.7855, lateral-5: 0.5077, epsilon: 0.0000]
2025-11-09 00:35:02.674782 Epoch [093/100], Step [0003/0003], [lateral-edge: 0.6853, lateral-2: 0.4438, lateral-3: 0.5722, lateral-4: 0.7482, lateral-5: 0.5098, epsilon: 0.0000]
2025-11-09 00:35:04.186807 Epoch [094/100], Step [0003/0003], [lateral-edge: 0.6852, lateral-2: 0.4566, lateral-3: 0.5945, lateral-4: 0.7615, lateral-5: 0.5097, epsilon: 0.0000]
2025-11-09 00:35:05.669887 Epoch [095/100], Step [0003/0003], [lateral-edge: 0.6843, lateral-2: 0.4674, lateral-3: 0.6102, lateral-4: 0.7908, lateral-5: 0.5218, epsilon: 0.0000]
2025-11-09 00:35:07.117238 Epoch [096/100], Step [0003/0003], [lateral-edge: 0.6852, lateral-2: 0.4756, lateral-3: 0.5989, lateral-4: 0.7680, lateral-5: 0.5397, epsilon: 0.0000]
2025-11-09 00:35:08.629233 Epoch [097/100], Step [0003/0003], [lateral-edge: 0.6840, lateral-2: 0.4918, lateral-3: 0.6399, lateral-4: 0.8118, lateral-5: 0.5476, epsilon: 0.0000]
2025-11-09 00:35:10.120183 Epoch [098/100], Step [0003/0003], [lateral-edge: 0.6849, lateral-2: 0.4628, lateral-3: 0.6001, lateral-4: 0.7779, lateral-5: 0.5068, epsilon: 0.0000]
2025-11-09 00:35:11.584008 Epoch [099/100], Step [0003/0003], [lateral-edge: 0.6841, lateral-2: 0.5188, lateral-3: 0.6596, lateral-4: 0.8322, lateral-5: 0.5716, epsilon: 0.0000]
[Saving Snapshot:] ./Snapshots/save_weights/Inf-Net_GroupNorm/batch_24/run_3/Inf-Net-100.pth
2025-11-09 00:35:13.329604 Epoch [100/100], Step [0003/0003], [lateral-edge: 0.6844, lateral-2: 0.4929, lateral-3: 0.6212, lateral-4: 0.7755, lateral-5: 0.5409, epsilon: 0.0000]
