Backbone loading: Res2Net50
Trainable: 31,072,721 / 33,121,721 parameters
Validator raised issues with model. Attempting auto-fix...
Original error: UnsupportedModuleError
Model successfully fixed for differential privacy
Not loading weights from weights file
###################################################################### 
Start Training (Inf_Net-DP)
Network: Inf_Net
Batch Size: 24
DP Enabled (ε=200.0, δ=1e-05, clipping=psac)
Morphology: Disabled
Architecture: GroupNorm (with DP)
Save Path: ./Snapshots/save_weights/Inf-Net_DP/batch_24/run_3/epsilon_200/psac
Run: 3
Namespace(network='Inf_Net', epoch=100, lr=0.0001, batchsize=24, trainsize=352, clip=0.5, decay_rate=0.1, decay_epoch=50, is_thop=False, gpu_device=0, num_workers=8, net_channel=32, init_features=32, n_classes=1, in_channels=3, backbone='Res2Net50', deep_supervision=False, train_path='./Dataset/TrainingSet/LungInfection-Train/Doctor-label', is_semi=False, is_pseudo=False, train_save=None, run=3, enable_privacy=True, epsilon=200.0, max_grad_norm=1.2, delta=1e-05, clipping_strategy='psac', enable_morphology=False, morph_operation='both', morph_kernel_size=3, device='cuda')
 ######################################################################
2025-11-09 00:33:45.829352 Epoch [001/100], Step [0003/0003], [lateral-edge: 0.7746, lateral-2: 1.7795, lateral-3: 1.6887, lateral-4: 1.6036, lateral-5: 1.5931, epsilon: 23.2690]
2025-11-09 00:33:49.811026 Epoch [002/100], Step [0003/0003], [lateral-edge: 0.7725, lateral-2: 1.6274, lateral-3: 1.5759, lateral-4: 1.5132, lateral-5: 1.5492, epsilon: 32.9982]
2025-11-09 00:33:53.596940 Epoch [003/100], Step [0003/0003], [lateral-edge: 0.7732, lateral-2: 1.6497, lateral-3: 1.6099, lateral-4: 1.5528, lateral-5: 1.5783, epsilon: 41.1241]
2025-11-09 00:33:57.601200 Epoch [004/100], Step [0003/0003], [lateral-edge: 0.7726, lateral-2: 1.6172, lateral-3: 1.5901, lateral-4: 1.5400, lateral-5: 1.5683, epsilon: 48.4492]
2025-11-09 00:34:02.204652 Epoch [005/100], Step [0003/0003], [lateral-edge: 0.7729, lateral-2: 1.5893, lateral-3: 1.5767, lateral-4: 1.5366, lateral-5: 1.5678, epsilon: 55.2708]
2025-11-09 00:34:05.981023 Epoch [006/100], Step [0003/0003], [lateral-edge: 0.7708, lateral-2: 1.5174, lateral-3: 1.5203, lateral-4: 1.4826, lateral-5: 1.5405, epsilon: 61.7384]
2025-11-09 00:34:09.870592 Epoch [007/100], Step [0003/0003], [lateral-edge: 0.7705, lateral-2: 1.5260, lateral-3: 1.5347, lateral-4: 1.4986, lateral-5: 1.5446, epsilon: 67.9394]
2025-11-09 00:34:13.705628 Epoch [008/100], Step [0003/0003], [lateral-edge: 0.7708, lateral-2: 1.4943, lateral-3: 1.5078, lateral-4: 1.4754, lateral-5: 1.5312, epsilon: 73.9304]
2025-11-09 00:34:17.212907 Epoch [009/100], Step [0003/0003], [lateral-edge: 0.7706, lateral-2: 1.4675, lateral-3: 1.4934, lateral-4: 1.4699, lateral-5: 1.5266, epsilon: 79.7503]
[Saving Snapshot:] ./Snapshots/save_weights/Inf-Net_DP/batch_24/run_3/epsilon_200/psac/Inf-Net-10.pth
[Privacy Budget]: ε = 79.75 (δ = 1e-05)
2025-11-09 00:34:21.459786 Epoch [010/100], Step [0003/0003], [lateral-edge: 0.7691, lateral-2: 1.4544, lateral-3: 1.4796, lateral-4: 1.4599, lateral-5: 1.5152, epsilon: 85.4276]
2025-11-09 00:34:25.087953 Epoch [011/100], Step [0003/0003], [lateral-edge: 0.7696, lateral-2: 1.4257, lateral-3: 1.4607, lateral-4: 1.4366, lateral-5: 1.5034, epsilon: 90.9833]
2025-11-09 00:34:28.978673 Epoch [012/100], Step [0003/0003], [lateral-edge: 0.7686, lateral-2: 1.4287, lateral-3: 1.4569, lateral-4: 1.4406, lateral-5: 1.5032, epsilon: 96.4339]
2025-11-09 00:34:33.065667 Epoch [013/100], Step [0003/0003], [lateral-edge: 0.7681, lateral-2: 1.4148, lateral-3: 1.4410, lateral-4: 1.4315, lateral-5: 1.4933, epsilon: 101.7925]
2025-11-09 00:34:36.944044 Epoch [014/100], Step [0003/0003], [lateral-edge: 0.7667, lateral-2: 1.3757, lateral-3: 1.4071, lateral-4: 1.4042, lateral-5: 1.4759, epsilon: 107.0697]
2025-11-09 00:34:40.934301 Epoch [015/100], Step [0003/0003], [lateral-edge: 0.7678, lateral-2: 1.3708, lateral-3: 1.4110, lateral-4: 1.4011, lateral-5: 1.4721, epsilon: 112.2740]
2025-11-09 00:34:45.482295 Epoch [016/100], Step [0003/0003], [lateral-edge: 0.7662, lateral-2: 1.3488, lateral-3: 1.3851, lateral-4: 1.3918, lateral-5: 1.4654, epsilon: 117.4127]
2025-11-09 00:34:49.401490 Epoch [017/100], Step [0003/0003], [lateral-edge: 0.7657, lateral-2: 1.3508, lateral-3: 1.3887, lateral-4: 1.3947, lateral-5: 1.4643, epsilon: 122.4920]
2025-11-09 00:34:53.699728 Epoch [018/100], Step [0003/0003], [lateral-edge: 0.7655, lateral-2: 1.3465, lateral-3: 1.3873, lateral-4: 1.3929, lateral-5: 1.4645, epsilon: 127.5171]
2025-11-09 00:34:57.270960 Epoch [019/100], Step [0003/0003], [lateral-edge: 0.7650, lateral-2: 1.3290, lateral-3: 1.3808, lateral-4: 1.3828, lateral-5: 1.4480, epsilon: 132.4924]
[Saving Snapshot:] ./Snapshots/save_weights/Inf-Net_DP/batch_24/run_3/epsilon_200/psac/Inf-Net-20.pth
[Privacy Budget]: ε = 132.49 (δ = 1e-05)
2025-11-09 00:35:01.580995 Epoch [020/100], Step [0003/0003], [lateral-edge: 0.7636, lateral-2: 1.3268, lateral-3: 1.3634, lateral-4: 1.3827, lateral-5: 1.4544, epsilon: 137.4219]
2025-11-09 00:35:05.866679 Epoch [021/100], Step [0003/0003], [lateral-edge: 0.7621, lateral-2: 1.2979, lateral-3: 1.3428, lateral-4: 1.3595, lateral-5: 1.4340, epsilon: 142.3090]
2025-11-09 00:35:10.514040 Epoch [022/100], Step [0003/0003], [lateral-edge: 0.7614, lateral-2: 1.2761, lateral-3: 1.3190, lateral-4: 1.3338, lateral-5: 1.4261, epsilon: 147.1567]
