Backbone loading: Res2Net50
Freezing unused branches for DP compatibility...
Trainable: 31,072,721 / 33,121,721 parameters
Not loading weights from weights file
Validator raised issues with model. Attempting auto-fix...
Original error: UnsupportedModuleError
Model successfully fixed for differential privacy
###################################################################### 
Start Training (Inf-Net-Res2Net50)
Backbone: Res2Net50
Batch Size: 64
Privacy: DP Enabled (ε budget, δ=1e-05)
Morphology: close
Save Path: ./Snapshots/save_weights/Inf-Net_DP_Morph/close/batch_64/run_2/noise_multiplier_1.5
Run: 2
Namespace(epoch=100, lr=0.0001, batchsize=64, trainsize=352, clip=0.5, decay_rate=0.1, decay_epoch=50, is_thop=False, gpu_device=0, num_workers=8, net_channel=32, n_classes=1, backbone='Res2Net50', train_path='./Dataset/TrainingSet/LungInfection-Train/Doctor-label', is_semi=False, is_pseudo=False, train_save=None, run=2, enable_privacy=True, noise_multiplier=1.5, max_grad_norm=1.0, delta=1e-05, enable_morphology=True, morph_operation='close', morph_kernel_size=3, morph_privacy_budget=1.0, device='cuda')
 ######################################################################
2025-10-24 14:14:23.772407 Epoch [001/100], Step [0001/0001], [lateral-edge: 0.7903, lateral-2: 1.7164, lateral-3: 1.6936, lateral-4: 1.6006, lateral-5: 1.5596, epsilon: 5.1851]
2025-10-24 14:14:26.913575 Epoch [002/100], Step [0001/0001], [lateral-edge: 0.7901, lateral-2: 1.6412, lateral-3: 1.6279, lateral-4: 1.5582, lateral-5: 1.5564, epsilon: 7.8193]
2025-10-24 14:14:30.034919 Epoch [003/100], Step [0001/0001], [lateral-edge: 0.7899, lateral-2: 1.6080, lateral-3: 1.6007, lateral-4: 1.5384, lateral-5: 1.5535, epsilon: 10.0077]
2025-10-24 14:14:33.278722 Epoch [004/100], Step [0001/0001], [lateral-edge: 0.7898, lateral-2: 1.5936, lateral-3: 1.5917, lateral-4: 1.5304, lateral-5: 1.5508, epsilon: 11.9630]
2025-10-24 14:14:36.396784 Epoch [005/100], Step [0001/0001], [lateral-edge: 0.7897, lateral-2: 1.5836, lateral-3: 1.5855, lateral-4: 1.5255, lateral-5: 1.5482, epsilon: 13.7684]
2025-10-24 14:14:39.541050 Epoch [006/100], Step [0001/0001], [lateral-edge: 0.7896, lateral-2: 1.5738, lateral-3: 1.5781, lateral-4: 1.5204, lateral-5: 1.5459, epsilon: 15.4668]
2025-10-24 14:14:42.661446 Epoch [007/100], Step [0001/0001], [lateral-edge: 0.7895, lateral-2: 1.5633, lateral-3: 1.5696, lateral-4: 1.5150, lateral-5: 1.5439, epsilon: 17.0838]
2025-10-24 14:14:45.792383 Epoch [008/100], Step [0001/0001], [lateral-edge: 0.7893, lateral-2: 1.5529, lateral-3: 1.5603, lateral-4: 1.5094, lateral-5: 1.5419, epsilon: 18.6363]
2025-10-24 14:14:49.046292 Epoch [009/100], Step [0001/0001], [lateral-edge: 0.7893, lateral-2: 1.5433, lateral-3: 1.5514, lateral-4: 1.5039, lateral-5: 1.5398, epsilon: 20.1358]
[Saving Snapshot:] ./Snapshots/save_weights/Inf-Net_DP_Morph/close/batch_64/run_2/noise_multiplier_1.5/Inf-Net-10.pth
2025-10-24 14:14:52.662543 Epoch [010/100], Step [0001/0001], [lateral-edge: 0.7892, lateral-2: 1.5346, lateral-3: 1.5430, lateral-4: 1.4987, lateral-5: 1.5382, epsilon: 21.5910]
2025-10-24 14:14:55.815562 Epoch [011/100], Step [0001/0001], [lateral-edge: 0.7892, lateral-2: 1.5270, lateral-3: 1.5355, lateral-4: 1.4942, lateral-5: 1.5365, epsilon: 23.0082]
2025-10-24 14:14:58.941347 Epoch [012/100], Step [0001/0001], [lateral-edge: 0.7891, lateral-2: 1.5200, lateral-3: 1.5289, lateral-4: 1.4902, lateral-5: 1.5350, epsilon: 24.3925]
2025-10-24 14:15:02.274121 Epoch [013/100], Step [0001/0001], [lateral-edge: 0.7890, lateral-2: 1.5134, lateral-3: 1.5225, lateral-4: 1.4862, lateral-5: 1.5334, epsilon: 25.7479]
2025-10-24 14:15:05.465608 Epoch [014/100], Step [0001/0001], [lateral-edge: 0.7888, lateral-2: 1.5070, lateral-3: 1.5163, lateral-4: 1.4823, lateral-5: 1.5318, epsilon: 27.0777]
2025-10-24 14:15:08.603023 Epoch [015/100], Step [0001/0001], [lateral-edge: 0.7887, lateral-2: 1.5010, lateral-3: 1.5105, lateral-4: 1.4785, lateral-5: 1.5302, epsilon: 28.3845]
2025-10-24 14:15:11.779621 Epoch [016/100], Step [0001/0001], [lateral-edge: 0.7887, lateral-2: 1.4950, lateral-3: 1.5050, lateral-4: 1.4748, lateral-5: 1.5286, epsilon: 29.6705]
2025-10-24 14:15:14.955051 Epoch [017/100], Step [0001/0001], [lateral-edge: 0.7886, lateral-2: 1.4891, lateral-3: 1.4999, lateral-4: 1.4713, lateral-5: 1.5267, epsilon: 30.9378]
2025-10-24 14:15:18.286433 Epoch [018/100], Step [0001/0001], [lateral-edge: 0.7886, lateral-2: 1.4836, lateral-3: 1.4952, lateral-4: 1.4681, lateral-5: 1.5247, epsilon: 32.1878]
2025-10-24 14:15:21.480627 Epoch [019/100], Step [0001/0001], [lateral-edge: 0.7885, lateral-2: 1.4784, lateral-3: 1.4907, lateral-4: 1.4649, lateral-5: 1.5226, epsilon: 33.4220]
[Saving Snapshot:] ./Snapshots/save_weights/Inf-Net_DP_Morph/close/batch_64/run_2/noise_multiplier_1.5/Inf-Net-20.pth
2025-10-24 14:15:24.856167 Epoch [020/100], Step [0001/0001], [lateral-edge: 0.7884, lateral-2: 1.4732, lateral-3: 1.4861, lateral-4: 1.4614, lateral-5: 1.5205, epsilon: 34.6416]
2025-10-24 14:15:28.079155 Epoch [021/100], Step [0001/0001], [lateral-edge: 0.7883, lateral-2: 1.4680, lateral-3: 1.4815, lateral-4: 1.4580, lateral-5: 1.5183, epsilon: 35.8478]
2025-10-24 14:15:31.419205 Epoch [022/100], Step [0001/0001], [lateral-edge: 0.7881, lateral-2: 1.4631, lateral-3: 1.4768, lateral-4: 1.4546, lateral-5: 1.5162, epsilon: 37.0413]
2025-10-24 14:15:34.647175 Epoch [023/100], Step [0001/0001], [lateral-edge: 0.7880, lateral-2: 1.4584, lateral-3: 1.4722, lateral-4: 1.4512, lateral-5: 1.5142, epsilon: 38.2232]
2025-10-24 14:15:37.853259 Epoch [024/100], Step [0001/0001], [lateral-edge: 0.7878, lateral-2: 1.4538, lateral-3: 1.4678, lateral-4: 1.4481, lateral-5: 1.5120, epsilon: 39.3941]
2025-10-24 14:15:41.054205 Epoch [025/100], Step [0001/0001], [lateral-edge: 0.7876, lateral-2: 1.4490, lateral-3: 1.4631, lateral-4: 1.4448, lateral-5: 1.5100, epsilon: 40.5547]
2025-10-24 14:15:44.229826 Epoch [026/100], Step [0001/0001], [lateral-edge: 0.7874, lateral-2: 1.4442, lateral-3: 1.4585, lateral-4: 1.4415, lateral-5: 1.5079, epsilon: 41.7056]
2025-10-24 14:15:47.673389 Epoch [027/100], Step [0001/0001], [lateral-edge: 0.7873, lateral-2: 1.4395, lateral-3: 1.4541, lateral-4: 1.4383, lateral-5: 1.5058, epsilon: 42.8474]
2025-10-24 14:15:50.885620 Epoch [028/100], Step [0001/0001], [lateral-edge: 0.7871, lateral-2: 1.4348, lateral-3: 1.4496, lateral-4: 1.4351, lateral-5: 1.5036, epsilon: 43.9805]
2025-10-24 14:15:54.122792 Epoch [029/100], Step [0001/0001], [lateral-edge: 0.7869, lateral-2: 1.4303, lateral-3: 1.4449, lateral-4: 1.4319, lateral-5: 1.5015, epsilon: 45.1054]
[Saving Snapshot:] ./Snapshots/save_weights/Inf-Net_DP_Morph/close/batch_64/run_2/noise_multiplier_1.5/Inf-Net-30.pth
2025-10-24 14:15:58.482033 Epoch [030/100], Step [0001/0001], [lateral-edge: 0.7868, lateral-2: 1.4260, lateral-3: 1.4405, lateral-4: 1.4287, lateral-5: 1.4993, epsilon: 46.2226]
2025-10-24 14:16:01.782504 Epoch [031/100], Step [0001/0001], [lateral-edge: 0.7866, lateral-2: 1.4217, lateral-3: 1.4363, lateral-4: 1.4257, lateral-5: 1.4973, epsilon: 47.3324]
2025-10-24 14:16:05.198797 Epoch [032/100], Step [0001/0001], [lateral-edge: 0.7865, lateral-2: 1.4171, lateral-3: 1.4320, lateral-4: 1.4223, lateral-5: 1.4952, epsilon: 48.4352]
2025-10-24 14:16:08.418495 Epoch [033/100], Step [0001/0001], [lateral-edge: 0.7863, lateral-2: 1.4124, lateral-3: 1.4279, lateral-4: 1.4188, lateral-5: 1.4929, epsilon: 49.5313]
2025-10-24 14:16:11.723864 Epoch [034/100], Step [0001/0001], [lateral-edge: 0.7862, lateral-2: 1.4078, lateral-3: 1.4238, lateral-4: 1.4154, lateral-5: 1.4905, epsilon: 50.6210]
2025-10-24 14:16:15.120032 Epoch [035/100], Step [0001/0001], [lateral-edge: 0.7860, lateral-2: 1.4031, lateral-3: 1.4196, lateral-4: 1.4121, lateral-5: 1.4883, epsilon: 51.7045]
2025-10-24 14:16:18.492572 Epoch [036/100], Step [0001/0001], [lateral-edge: 0.7860, lateral-2: 1.3987, lateral-3: 1.4156, lateral-4: 1.4090, lateral-5: 1.4863, epsilon: 52.7822]
2025-10-24 14:16:21.868368 Epoch [037/100], Step [0001/0001], [lateral-edge: 0.7859, lateral-2: 1.3942, lateral-3: 1.4118, lateral-4: 1.4059, lateral-5: 1.4844, epsilon: 53.8542]
2025-10-24 14:16:25.259547 Epoch [038/100], Step [0001/0001], [lateral-edge: 0.7858, lateral-2: 1.3899, lateral-3: 1.4079, lateral-4: 1.4031, lateral-5: 1.4824, epsilon: 54.9209]
2025-10-24 14:16:28.574964 Epoch [039/100], Step [0001/0001], [lateral-edge: 0.7856, lateral-2: 1.3854, lateral-3: 1.4040, lateral-4: 1.4002, lateral-5: 1.4805, epsilon: 55.9824]
[Saving Snapshot:] ./Snapshots/save_weights/Inf-Net_DP_Morph/close/batch_64/run_2/noise_multiplier_1.5/Inf-Net-40.pth
2025-10-24 14:16:32.127198 Epoch [040/100], Step [0001/0001], [lateral-edge: 0.7854, lateral-2: 1.3808, lateral-3: 1.4002, lateral-4: 1.3972, lateral-5: 1.4786, epsilon: 57.0388]
2025-10-24 14:16:35.681891 Epoch [041/100], Step [0001/0001], [lateral-edge: 0.7853, lateral-2: 1.3761, lateral-3: 1.3965, lateral-4: 1.3941, lateral-5: 1.4766, epsilon: 58.0905]
2025-10-24 14:16:38.996638 Epoch [042/100], Step [0001/0001], [lateral-edge: 0.7851, lateral-2: 1.3714, lateral-3: 1.3927, lateral-4: 1.3909, lateral-5: 1.4745, epsilon: 59.1375]
2025-10-24 14:16:42.296282 Epoch [043/100], Step [0001/0001], [lateral-edge: 0.7849, lateral-2: 1.3668, lateral-3: 1.3890, lateral-4: 1.3877, lateral-5: 1.4724, epsilon: 60.1801]
2025-10-24 14:16:45.715505 Epoch [044/100], Step [0001/0001], [lateral-edge: 0.7847, lateral-2: 1.3620, lateral-3: 1.3854, lateral-4: 1.3846, lateral-5: 1.4704, epsilon: 61.2184]
2025-10-24 14:16:49.168175 Epoch [045/100], Step [0001/0001], [lateral-edge: 0.7846, lateral-2: 1.3573, lateral-3: 1.3818, lateral-4: 1.3814, lateral-5: 1.4683, epsilon: 62.2524]
2025-10-24 14:16:52.588080 Epoch [046/100], Step [0001/0001], [lateral-edge: 0.7844, lateral-2: 1.3530, lateral-3: 1.3780, lateral-4: 1.3783, lateral-5: 1.4664, epsilon: 63.2825]
2025-10-24 14:16:56.191631 Epoch [047/100], Step [0001/0001], [lateral-edge: 0.7843, lateral-2: 1.3489, lateral-3: 1.3742, lateral-4: 1.3752, lateral-5: 1.4645, epsilon: 64.3086]
2025-10-24 14:16:59.714761 Epoch [048/100], Step [0001/0001], [lateral-edge: 0.7842, lateral-2: 1.3448, lateral-3: 1.3705, lateral-4: 1.3722, lateral-5: 1.4627, epsilon: 65.3310]
2025-10-24 14:17:03.225804 Epoch [049/100], Step [0001/0001], [lateral-edge: 0.7841, lateral-2: 1.3405, lateral-3: 1.3669, lateral-4: 1.3695, lateral-5: 1.4611, epsilon: 66.3497]
[Saving Snapshot:] ./Snapshots/save_weights/Inf-Net_DP_Morph/close/batch_64/run_2/noise_multiplier_1.5/Inf-Net-50.pth
2025-10-24 14:17:07.219862 Epoch [050/100], Step [0001/0001], [lateral-edge: 0.7840, lateral-2: 1.3377, lateral-3: 1.3644, lateral-4: 1.3677, lateral-5: 1.4600, epsilon: 67.3649]
2025-10-24 14:17:10.546235 Epoch [051/100], Step [0001/0001], [lateral-edge: 0.7840, lateral-2: 1.3374, lateral-3: 1.3642, lateral-4: 1.3675, lateral-5: 1.4599, epsilon: 68.3766]
2025-10-24 14:17:13.878851 Epoch [052/100], Step [0001/0001], [lateral-edge: 0.7840, lateral-2: 1.3374, lateral-3: 1.3641, lateral-4: 1.3675, lateral-5: 1.4599, epsilon: 69.3850]
2025-10-24 14:17:17.419057 Epoch [053/100], Step [0001/0001], [lateral-edge: 0.7840, lateral-2: 1.3374, lateral-3: 1.3641, lateral-4: 1.3675, lateral-5: 1.4599, epsilon: 70.3901]
2025-10-24 14:17:20.979195 Epoch [054/100], Step [0001/0001], [lateral-edge: 0.7840, lateral-2: 1.3374, lateral-3: 1.3641, lateral-4: 1.3675, lateral-5: 1.4599, epsilon: 71.3920]
2025-10-24 14:17:24.530341 Epoch [055/100], Step [0001/0001], [lateral-edge: 0.7840, lateral-2: 1.3374, lateral-3: 1.3641, lateral-4: 1.3675, lateral-5: 1.4599, epsilon: 72.3909]
2025-10-24 14:17:27.950944 Epoch [056/100], Step [0001/0001], [lateral-edge: 0.7840, lateral-2: 1.3374, lateral-3: 1.3641, lateral-4: 1.3675, lateral-5: 1.4599, epsilon: 73.3868]
2025-10-24 14:17:31.615271 Epoch [057/100], Step [0001/0001], [lateral-edge: 0.7840, lateral-2: 1.3374, lateral-3: 1.3641, lateral-4: 1.3675, lateral-5: 1.4599, epsilon: 74.3798]
2025-10-24 14:17:35.223690 Epoch [058/100], Step [0001/0001], [lateral-edge: 0.7840, lateral-2: 1.3374, lateral-3: 1.3641, lateral-4: 1.3675, lateral-5: 1.4599, epsilon: 75.3700]
2025-10-24 14:17:38.833855 Epoch [059/100], Step [0001/0001], [lateral-edge: 0.7840, lateral-2: 1.3374, lateral-3: 1.3641, lateral-4: 1.3675, lateral-5: 1.4599, epsilon: 76.3574]
[Saving Snapshot:] ./Snapshots/save_weights/Inf-Net_DP_Morph/close/batch_64/run_2/noise_multiplier_1.5/Inf-Net-60.pth
2025-10-24 14:17:42.712572 Epoch [060/100], Step [0001/0001], [lateral-edge: 0.7840, lateral-2: 1.3374, lateral-3: 1.3641, lateral-4: 1.3675, lateral-5: 1.4599, epsilon: 77.3421]
2025-10-24 14:17:46.387297 Epoch [061/100], Step [0001/0001], [lateral-edge: 0.7840, lateral-2: 1.3374, lateral-3: 1.3641, lateral-4: 1.3675, lateral-5: 1.4599, epsilon: 78.3242]
2025-10-24 14:17:50.171936 Epoch [062/100], Step [0001/0001], [lateral-edge: 0.7840, lateral-2: 1.3374, lateral-3: 1.3641, lateral-4: 1.3675, lateral-5: 1.4599, epsilon: 79.3037]
2025-10-24 14:17:53.877730 Epoch [063/100], Step [0001/0001], [lateral-edge: 0.7840, lateral-2: 1.3374, lateral-3: 1.3641, lateral-4: 1.3675, lateral-5: 1.4599, epsilon: 80.2807]
2025-10-24 14:17:57.520508 Epoch [064/100], Step [0001/0001], [lateral-edge: 0.7840, lateral-2: 1.3374, lateral-3: 1.3641, lateral-4: 1.3675, lateral-5: 1.4599, epsilon: 81.2553]
2025-10-24 14:18:01.020934 Epoch [065/100], Step [0001/0001], [lateral-edge: 0.7840, lateral-2: 1.3374, lateral-3: 1.3641, lateral-4: 1.3675, lateral-5: 1.4599, epsilon: 82.2275]
2025-10-24 14:18:04.713802 Epoch [066/100], Step [0001/0001], [lateral-edge: 0.7840, lateral-2: 1.3374, lateral-3: 1.3641, lateral-4: 1.3675, lateral-5: 1.4599, epsilon: 83.1974]
2025-10-24 14:18:08.245371 Epoch [067/100], Step [0001/0001], [lateral-edge: 0.7840, lateral-2: 1.3374, lateral-3: 1.3641, lateral-4: 1.3675, lateral-5: 1.4599, epsilon: 84.1650]
2025-10-24 14:18:11.691241 Epoch [068/100], Step [0001/0001], [lateral-edge: 0.7840, lateral-2: 1.3374, lateral-3: 1.3641, lateral-4: 1.3675, lateral-5: 1.4599, epsilon: 85.1303]
2025-10-24 14:18:15.325291 Epoch [069/100], Step [0001/0001], [lateral-edge: 0.7840, lateral-2: 1.3374, lateral-3: 1.3641, lateral-4: 1.3675, lateral-5: 1.4599, epsilon: 86.0935]
[Saving Snapshot:] ./Snapshots/save_weights/Inf-Net_DP_Morph/close/batch_64/run_2/noise_multiplier_1.5/Inf-Net-70.pth
2025-10-24 14:18:19.038533 Epoch [070/100], Step [0001/0001], [lateral-edge: 0.7840, lateral-2: 1.3374, lateral-3: 1.3641, lateral-4: 1.3675, lateral-5: 1.4599, epsilon: 87.0546]
2025-10-24 14:18:22.854577 Epoch [071/100], Step [0001/0001], [lateral-edge: 0.7840, lateral-2: 1.3374, lateral-3: 1.3641, lateral-4: 1.3675, lateral-5: 1.4599, epsilon: 88.0136]
2025-10-24 14:18:26.671255 Epoch [072/100], Step [0001/0001], [lateral-edge: 0.7840, lateral-2: 1.3374, lateral-3: 1.3641, lateral-4: 1.3675, lateral-5: 1.4599, epsilon: 88.9705]
2025-10-24 14:18:30.670008 Epoch [073/100], Step [0001/0001], [lateral-edge: 0.7840, lateral-2: 1.3374, lateral-3: 1.3641, lateral-4: 1.3675, lateral-5: 1.4599, epsilon: 89.9255]
2025-10-24 14:18:34.634488 Epoch [074/100], Step [0001/0001], [lateral-edge: 0.7840, lateral-2: 1.3374, lateral-3: 1.3641, lateral-4: 1.3675, lateral-5: 1.4599, epsilon: 90.8785]
2025-10-24 14:18:38.535821 Epoch [075/100], Step [0001/0001], [lateral-edge: 0.7840, lateral-2: 1.3374, lateral-3: 1.3641, lateral-4: 1.3675, lateral-5: 1.4599, epsilon: 91.8295]
2025-10-24 14:18:42.565766 Epoch [076/100], Step [0001/0001], [lateral-edge: 0.7840, lateral-2: 1.3374, lateral-3: 1.3641, lateral-4: 1.3675, lateral-5: 1.4599, epsilon: 92.7787]
2025-10-24 14:18:46.090965 Epoch [077/100], Step [0001/0001], [lateral-edge: 0.7840, lateral-2: 1.3374, lateral-3: 1.3641, lateral-4: 1.3675, lateral-5: 1.4599, epsilon: 93.7260]
2025-10-24 14:18:50.152743 Epoch [078/100], Step [0001/0001], [lateral-edge: 0.7840, lateral-2: 1.3374, lateral-3: 1.3641, lateral-4: 1.3675, lateral-5: 1.4599, epsilon: 94.6716]
2025-10-24 14:18:54.234216 Epoch [079/100], Step [0001/0001], [lateral-edge: 0.7840, lateral-2: 1.3374, lateral-3: 1.3641, lateral-4: 1.3675, lateral-5: 1.4599, epsilon: 95.6153]
[Saving Snapshot:] ./Snapshots/save_weights/Inf-Net_DP_Morph/close/batch_64/run_2/noise_multiplier_1.5/Inf-Net-80.pth
2025-10-24 14:18:58.479464 Epoch [080/100], Step [0001/0001], [lateral-edge: 0.7840, lateral-2: 1.3374, lateral-3: 1.3641, lateral-4: 1.3675, lateral-5: 1.4599, epsilon: 96.5574]
2025-10-24 14:19:02.516969 Epoch [081/100], Step [0001/0001], [lateral-edge: 0.7840, lateral-2: 1.3374, lateral-3: 1.3641, lateral-4: 1.3675, lateral-5: 1.4599, epsilon: 97.4977]
2025-10-24 14:19:06.522093 Epoch [082/100], Step [0001/0001], [lateral-edge: 0.7840, lateral-2: 1.3374, lateral-3: 1.3641, lateral-4: 1.3675, lateral-5: 1.4599, epsilon: 98.4363]
2025-10-24 14:19:10.709817 Epoch [083/100], Step [0001/0001], [lateral-edge: 0.7840, lateral-2: 1.3374, lateral-3: 1.3641, lateral-4: 1.3675, lateral-5: 1.4599, epsilon: 99.3733]
2025-10-24 14:19:14.794956 Epoch [084/100], Step [0001/0001], [lateral-edge: 0.7840, lateral-2: 1.3374, lateral-3: 1.3641, lateral-4: 1.3675, lateral-5: 1.4599, epsilon: 100.3087]
2025-10-24 14:19:18.424695 Epoch [085/100], Step [0001/0001], [lateral-edge: 0.7840, lateral-2: 1.3374, lateral-3: 1.3641, lateral-4: 1.3675, lateral-5: 1.4599, epsilon: 101.2425]
2025-10-24 14:19:22.489054 Epoch [086/100], Step [0001/0001], [lateral-edge: 0.7840, lateral-2: 1.3374, lateral-3: 1.3641, lateral-4: 1.3675, lateral-5: 1.4599, epsilon: 102.1747]
2025-10-24 14:19:26.198684 Epoch [087/100], Step [0001/0001], [lateral-edge: 0.7840, lateral-2: 1.3374, lateral-3: 1.3641, lateral-4: 1.3675, lateral-5: 1.4599, epsilon: 103.1054]
2025-10-24 14:19:29.813237 Epoch [088/100], Step [0001/0001], [lateral-edge: 0.7840, lateral-2: 1.3374, lateral-3: 1.3641, lateral-4: 1.3675, lateral-5: 1.4599, epsilon: 104.0346]
2025-10-24 14:19:33.950533 Epoch [089/100], Step [0001/0001], [lateral-edge: 0.7840, lateral-2: 1.3374, lateral-3: 1.3641, lateral-4: 1.3675, lateral-5: 1.4599, epsilon: 104.9623]
[Saving Snapshot:] ./Snapshots/save_weights/Inf-Net_DP_Morph/close/batch_64/run_2/noise_multiplier_1.5/Inf-Net-90.pth
2025-10-24 14:19:38.182286 Epoch [090/100], Step [0001/0001], [lateral-edge: 0.7840, lateral-2: 1.3374, lateral-3: 1.3641, lateral-4: 1.3675, lateral-5: 1.4599, epsilon: 105.8885]
2025-10-24 14:19:42.307356 Epoch [091/100], Step [0001/0001], [lateral-edge: 0.7840, lateral-2: 1.3374, lateral-3: 1.3641, lateral-4: 1.3675, lateral-5: 1.4599, epsilon: 106.8133]
2025-10-24 14:19:46.521007 Epoch [092/100], Step [0001/0001], [lateral-edge: 0.7840, lateral-2: 1.3374, lateral-3: 1.3641, lateral-4: 1.3675, lateral-5: 1.4599, epsilon: 107.7368]
2025-10-24 14:19:50.535977 Epoch [093/100], Step [0001/0001], [lateral-edge: 0.7840, lateral-2: 1.3374, lateral-3: 1.3641, lateral-4: 1.3675, lateral-5: 1.4599, epsilon: 108.6588]
2025-10-24 14:19:54.705093 Epoch [094/100], Step [0001/0001], [lateral-edge: 0.7840, lateral-2: 1.3374, lateral-3: 1.3641, lateral-4: 1.3675, lateral-5: 1.4599, epsilon: 109.5794]
2025-10-24 14:19:58.865509 Epoch [095/100], Step [0001/0001], [lateral-edge: 0.7840, lateral-2: 1.3374, lateral-3: 1.3641, lateral-4: 1.3675, lateral-5: 1.4599, epsilon: 110.4988]
2025-10-24 14:20:03.048811 Epoch [096/100], Step [0001/0001], [lateral-edge: 0.7840, lateral-2: 1.3374, lateral-3: 1.3641, lateral-4: 1.3675, lateral-5: 1.4599, epsilon: 111.4168]
2025-10-24 14:20:07.559710 Epoch [097/100], Step [0001/0001], [lateral-edge: 0.7840, lateral-2: 1.3374, lateral-3: 1.3641, lateral-4: 1.3675, lateral-5: 1.4599, epsilon: 112.3335]
2025-10-24 14:20:11.294490 Epoch [098/100], Step [0001/0001], [lateral-edge: 0.7840, lateral-2: 1.3374, lateral-3: 1.3641, lateral-4: 1.3675, lateral-5: 1.4599, epsilon: 113.2489]
2025-10-24 14:20:15.225843 Epoch [099/100], Step [0001/0001], [lateral-edge: 0.7840, lateral-2: 1.3374, lateral-3: 1.3641, lateral-4: 1.3675, lateral-5: 1.4599, epsilon: 114.1630]
[Saving Snapshot:] ./Snapshots/save_weights/Inf-Net_DP_Morph/close/batch_64/run_2/noise_multiplier_1.5/Inf-Net-100.pth
2025-10-24 14:20:19.596688 Epoch [100/100], Step [0001/0001], [lateral-edge: 0.7840, lateral-2: 1.3374, lateral-3: 1.3641, lateral-4: 1.3675, lateral-5: 1.4599, epsilon: 115.0760]
Training completed at Fri Oct 24 14:20:21 CEST 2025
