Backbone loading: Res2Net50
Not loading weights from weights file
################################################## 
Start Training (Inf-Net-Res2Net50)
Backbone: Res2Net50
Batch Size: 64
Morphology: close
Save Path: ./Snapshots/save_weights/Inf-Net_Morph/batch_64/run_2
Run: 2
Namespace(epoch=70, lr=0.0001, batchsize=64, trainsize=352, clip=0.5, decay_rate=0.1, decay_epoch=50, is_thop=False, gpu_device=0, num_workers=8, net_channel=32, n_classes=1, backbone='Res2Net50', train_path='./Dataset/TrainingSet/LungInfection-Train/Doctor-label', is_semi=False, is_pseudo=False, train_save=None, run=2, enable_morphology=True, morph_operation='close', morph_kernel_size=3, device='cuda')
 ##################################################
2025-10-26 21:54:37.458365 Epoch [001/070], Step [0001/0001], [lateral-edge: 0.7596, lateral-2: 1.6293, lateral-3: 1.6003, lateral-4: 1.5988, lateral-5: 1.5320]
2025-10-26 21:54:39.047636 Epoch [002/070], Step [0001/0001], [lateral-edge: 0.7539, lateral-2: 1.4519, lateral-3: 1.4879, lateral-4: 1.5375, lateral-5: 1.5140]
2025-10-26 21:54:40.651808 Epoch [003/070], Step [0001/0001], [lateral-edge: 0.7506, lateral-2: 1.4147, lateral-3: 1.4240, lateral-4: 1.4677, lateral-5: 1.5130]
2025-10-26 21:54:42.250144 Epoch [004/070], Step [0001/0001], [lateral-edge: 0.7470, lateral-2: 1.3863, lateral-3: 1.3953, lateral-4: 1.4482, lateral-5: 1.5043]
2025-10-26 21:54:43.846601 Epoch [005/070], Step [0001/0001], [lateral-edge: 0.7443, lateral-2: 1.3584, lateral-3: 1.3745, lateral-4: 1.4271, lateral-5: 1.4979]
2025-10-26 21:54:45.450183 Epoch [006/070], Step [0001/0001], [lateral-edge: 0.7421, lateral-2: 1.3308, lateral-3: 1.3574, lateral-4: 1.4008, lateral-5: 1.4871]
2025-10-26 21:54:47.060834 Epoch [007/070], Step [0001/0001], [lateral-edge: 0.7397, lateral-2: 1.2983, lateral-3: 1.3229, lateral-4: 1.3777, lateral-5: 1.4447]
2025-10-26 21:54:48.653811 Epoch [008/070], Step [0001/0001], [lateral-edge: 0.7375, lateral-2: 1.2412, lateral-3: 1.2735, lateral-4: 1.3513, lateral-5: 1.3932]
2025-10-26 21:54:50.263390 Epoch [009/070], Step [0001/0001], [lateral-edge: 0.7356, lateral-2: 1.1692, lateral-3: 1.1953, lateral-4: 1.2662, lateral-5: 1.3770]
[Saving Snapshot:] ./Snapshots/save_weights/Inf-Net_Morph/batch_64/run_2/Inf-Net-10.pth
2025-10-26 21:54:52.022216 Epoch [010/070], Step [0001/0001], [lateral-edge: 0.7335, lateral-2: 1.0792, lateral-3: 1.1192, lateral-4: 1.2055, lateral-5: 1.3941]
2025-10-26 21:54:53.602143 Epoch [011/070], Step [0001/0001], [lateral-edge: 0.7316, lateral-2: 0.9848, lateral-3: 1.0431, lateral-4: 1.1319, lateral-5: 1.4411]
2025-10-26 21:54:55.225302 Epoch [012/070], Step [0001/0001], [lateral-edge: 0.7298, lateral-2: 0.9210, lateral-3: 0.9798, lateral-4: 1.0651, lateral-5: 1.4985]
2025-10-26 21:54:56.837361 Epoch [013/070], Step [0001/0001], [lateral-edge: 0.7281, lateral-2: 0.8863, lateral-3: 0.9439, lateral-4: 1.0377, lateral-5: 1.5153]
2025-10-26 21:54:58.451045 Epoch [014/070], Step [0001/0001], [lateral-edge: 0.7264, lateral-2: 0.8475, lateral-3: 0.9198, lateral-4: 1.0134, lateral-5: 1.5050]
2025-10-26 21:55:00.063467 Epoch [015/070], Step [0001/0001], [lateral-edge: 0.7248, lateral-2: 0.8306, lateral-3: 0.8992, lateral-4: 1.0002, lateral-5: 1.4975]
2025-10-26 21:55:01.678890 Epoch [016/070], Step [0001/0001], [lateral-edge: 0.7234, lateral-2: 0.8213, lateral-3: 0.8942, lateral-4: 0.9894, lateral-5: 1.4735]
2025-10-26 21:55:03.320152 Epoch [017/070], Step [0001/0001], [lateral-edge: 0.7219, lateral-2: 0.7968, lateral-3: 0.8701, lateral-4: 0.9694, lateral-5: 1.4451]
2025-10-26 21:55:04.943811 Epoch [018/070], Step [0001/0001], [lateral-edge: 0.7206, lateral-2: 0.7850, lateral-3: 0.8608, lateral-4: 0.9603, lateral-5: 1.4270]
2025-10-26 21:55:06.572028 Epoch [019/070], Step [0001/0001], [lateral-edge: 0.7193, lateral-2: 0.7644, lateral-3: 0.8433, lateral-4: 0.9429, lateral-5: 1.3988]
[Saving Snapshot:] ./Snapshots/save_weights/Inf-Net_Morph/batch_64/run_2/Inf-Net-20.pth
2025-10-26 21:55:08.385750 Epoch [020/070], Step [0001/0001], [lateral-edge: 0.7182, lateral-2: 0.7468, lateral-3: 0.8266, lateral-4: 0.9298, lateral-5: 1.3773]
2025-10-26 21:55:10.020937 Epoch [021/070], Step [0001/0001], [lateral-edge: 0.7170, lateral-2: 0.7297, lateral-3: 0.8116, lateral-4: 0.9184, lateral-5: 1.3539]
2025-10-26 21:55:11.627091 Epoch [022/070], Step [0001/0001], [lateral-edge: 0.7159, lateral-2: 0.7102, lateral-3: 0.7925, lateral-4: 0.9001, lateral-5: 1.3253]
2025-10-26 21:55:13.233989 Epoch [023/070], Step [0001/0001], [lateral-edge: 0.7149, lateral-2: 0.6982, lateral-3: 0.7834, lateral-4: 0.8922, lateral-5: 1.3043]
2025-10-26 21:55:14.882497 Epoch [024/070], Step [0001/0001], [lateral-edge: 0.7140, lateral-2: 0.6775, lateral-3: 0.7646, lateral-4: 0.8761, lateral-5: 1.2796]
2025-10-26 21:55:16.519536 Epoch [025/070], Step [0001/0001], [lateral-edge: 0.7131, lateral-2: 0.6592, lateral-3: 0.7514, lateral-4: 0.8651, lateral-5: 1.2565]
2025-10-26 21:55:18.126607 Epoch [026/070], Step [0001/0001], [lateral-edge: 0.7122, lateral-2: 0.6500, lateral-3: 0.7407, lateral-4: 0.8555, lateral-5: 1.2275]
2025-10-26 21:55:19.744535 Epoch [027/070], Step [0001/0001], [lateral-edge: 0.7115, lateral-2: 0.6406, lateral-3: 0.7331, lateral-4: 0.8508, lateral-5: 1.2010]
2025-10-26 21:55:21.392127 Epoch [028/070], Step [0001/0001], [lateral-edge: 0.7107, lateral-2: 0.6331, lateral-3: 0.7269, lateral-4: 0.8440, lateral-5: 1.1813]
2025-10-26 21:55:23.001574 Epoch [029/070], Step [0001/0001], [lateral-edge: 0.7100, lateral-2: 0.6194, lateral-3: 0.7152, lateral-4: 0.8376, lateral-5: 1.1659]
[Saving Snapshot:] ./Snapshots/save_weights/Inf-Net_Morph/batch_64/run_2/Inf-Net-30.pth
2025-10-26 21:55:24.751464 Epoch [030/070], Step [0001/0001], [lateral-edge: 0.7094, lateral-2: 0.6160, lateral-3: 0.7133, lateral-4: 0.8339, lateral-5: 1.1374]
2025-10-26 21:55:26.338965 Epoch [031/070], Step [0001/0001], [lateral-edge: 0.7088, lateral-2: 0.6044, lateral-3: 0.7024, lateral-4: 0.8271, lateral-5: 1.1230]
2025-10-26 21:55:27.946683 Epoch [032/070], Step [0001/0001], [lateral-edge: 0.7082, lateral-2: 0.5933, lateral-3: 0.6944, lateral-4: 0.8224, lateral-5: 1.1083]
2025-10-26 21:55:29.578595 Epoch [033/070], Step [0001/0001], [lateral-edge: 0.7076, lateral-2: 0.5882, lateral-3: 0.6902, lateral-4: 0.8183, lateral-5: 1.0971]
2025-10-26 21:55:31.176086 Epoch [034/070], Step [0001/0001], [lateral-edge: 0.7071, lateral-2: 0.5844, lateral-3: 0.6880, lateral-4: 0.8190, lateral-5: 1.0926]
2025-10-26 21:55:32.767935 Epoch [035/070], Step [0001/0001], [lateral-edge: 0.7067, lateral-2: 0.5863, lateral-3: 0.6920, lateral-4: 0.8230, lateral-5: 1.0906]
2025-10-26 21:55:34.392237 Epoch [036/070], Step [0001/0001], [lateral-edge: 0.7062, lateral-2: 0.5866, lateral-3: 0.6901, lateral-4: 0.8237, lateral-5: 1.0838]
2025-10-26 21:55:35.992207 Epoch [037/070], Step [0001/0001], [lateral-edge: 0.7058, lateral-2: 0.6078, lateral-3: 0.7121, lateral-4: 0.8446, lateral-5: 1.0732]
2025-10-26 21:55:37.588709 Epoch [038/070], Step [0001/0001], [lateral-edge: 0.7054, lateral-2: 0.5980, lateral-3: 0.7026, lateral-4: 0.8393, lateral-5: 1.0678]
2025-10-26 21:55:39.182196 Epoch [039/070], Step [0001/0001], [lateral-edge: 0.7050, lateral-2: 0.5846, lateral-3: 0.6929, lateral-4: 0.8279, lateral-5: 1.0632]
[Saving Snapshot:] ./Snapshots/save_weights/Inf-Net_Morph/batch_64/run_2/Inf-Net-40.pth
2025-10-26 21:55:40.930425 Epoch [040/070], Step [0001/0001], [lateral-edge: 0.7046, lateral-2: 0.5730, lateral-3: 0.6828, lateral-4: 0.8215, lateral-5: 1.0439]
2025-10-26 21:55:42.553384 Epoch [041/070], Step [0001/0001], [lateral-edge: 0.7043, lateral-2: 0.5616, lateral-3: 0.6740, lateral-4: 0.8136, lateral-5: 1.0257]
2025-10-26 21:55:44.147680 Epoch [042/070], Step [0001/0001], [lateral-edge: 0.7039, lateral-2: 0.5514, lateral-3: 0.6677, lateral-4: 0.8093, lateral-5: 1.0179]
2025-10-26 21:55:45.755544 Epoch [043/070], Step [0001/0001], [lateral-edge: 0.7036, lateral-2: 0.5426, lateral-3: 0.6595, lateral-4: 0.8046, lateral-5: 1.0044]
2025-10-26 21:55:47.395765 Epoch [044/070], Step [0001/0001], [lateral-edge: 0.7033, lateral-2: 0.5363, lateral-3: 0.6545, lateral-4: 0.8004, lateral-5: 0.9933]
2025-10-26 21:55:49.018937 Epoch [045/070], Step [0001/0001], [lateral-edge: 0.7029, lateral-2: 0.5320, lateral-3: 0.6511, lateral-4: 0.7995, lateral-5: 0.9831]
2025-10-26 21:55:50.637917 Epoch [046/070], Step [0001/0001], [lateral-edge: 0.7026, lateral-2: 0.5263, lateral-3: 0.6485, lateral-4: 0.7974, lateral-5: 0.9656]
2025-10-26 21:55:52.280376 Epoch [047/070], Step [0001/0001], [lateral-edge: 0.7023, lateral-2: 0.5188, lateral-3: 0.6411, lateral-4: 0.7937, lateral-5: 0.9589]
2025-10-26 21:55:53.865822 Epoch [048/070], Step [0001/0001], [lateral-edge: 0.7021, lateral-2: 0.5158, lateral-3: 0.6385, lateral-4: 0.7921, lateral-5: 0.9500]
2025-10-26 21:55:55.453933 Epoch [049/070], Step [0001/0001], [lateral-edge: 0.7018, lateral-2: 0.5118, lateral-3: 0.6372, lateral-4: 0.7901, lateral-5: 0.9344]
[Saving Snapshot:] ./Snapshots/save_weights/Inf-Net_Morph/batch_64/run_2/Inf-Net-50.pth
2025-10-26 21:55:57.254261 Epoch [050/070], Step [0001/0001], [lateral-edge: 0.7016, lateral-2: 0.5066, lateral-3: 0.6322, lateral-4: 0.7884, lateral-5: 0.9318]
2025-10-26 21:55:58.834450 Epoch [051/070], Step [0001/0001], [lateral-edge: 0.7016, lateral-2: 0.5019, lateral-3: 0.6288, lateral-4: 0.7853, lateral-5: 0.9270]
2025-10-26 21:56:00.466206 Epoch [052/070], Step [0001/0001], [lateral-edge: 0.7016, lateral-2: 0.5012, lateral-3: 0.6283, lateral-4: 0.7847, lateral-5: 0.9265]
2025-10-26 21:56:02.087938 Epoch [053/070], Step [0001/0001], [lateral-edge: 0.7016, lateral-2: 0.5011, lateral-3: 0.6282, lateral-4: 0.7847, lateral-5: 0.9263]
2025-10-26 21:56:03.700213 Epoch [054/070], Step [0001/0001], [lateral-edge: 0.7016, lateral-2: 0.5011, lateral-3: 0.6282, lateral-4: 0.7847, lateral-5: 0.9263]
2025-10-26 21:56:05.349296 Epoch [055/070], Step [0001/0001], [lateral-edge: 0.7016, lateral-2: 0.5012, lateral-3: 0.6282, lateral-4: 0.7847, lateral-5: 0.9263]
2025-10-26 21:56:06.954707 Epoch [056/070], Step [0001/0001], [lateral-edge: 0.7016, lateral-2: 0.5012, lateral-3: 0.6282, lateral-4: 0.7847, lateral-5: 0.9263]
2025-10-26 21:56:08.570340 Epoch [057/070], Step [0001/0001], [lateral-edge: 0.7016, lateral-2: 0.5012, lateral-3: 0.6282, lateral-4: 0.7846, lateral-5: 0.9263]
2025-10-26 21:56:10.178521 Epoch [058/070], Step [0001/0001], [lateral-edge: 0.7016, lateral-2: 0.5012, lateral-3: 0.6282, lateral-4: 0.7847, lateral-5: 0.9262]
2025-10-26 21:56:11.789831 Epoch [059/070], Step [0001/0001], [lateral-edge: 0.7016, lateral-2: 0.5012, lateral-3: 0.6282, lateral-4: 0.7847, lateral-5: 0.9262]
[Saving Snapshot:] ./Snapshots/save_weights/Inf-Net_Morph/batch_64/run_2/Inf-Net-60.pth
2025-10-26 21:56:13.595922 Epoch [060/070], Step [0001/0001], [lateral-edge: 0.7016, lateral-2: 0.5012, lateral-3: 0.6282, lateral-4: 0.7847, lateral-5: 0.9263]
2025-10-26 21:56:15.242363 Epoch [061/070], Step [0001/0001], [lateral-edge: 0.7016, lateral-2: 0.5012, lateral-3: 0.6282, lateral-4: 0.7847, lateral-5: 0.9263]
2025-10-26 21:56:16.844782 Epoch [062/070], Step [0001/0001], [lateral-edge: 0.7016, lateral-2: 0.5012, lateral-3: 0.6282, lateral-4: 0.7847, lateral-5: 0.9263]
2025-10-26 21:56:18.461520 Epoch [063/070], Step [0001/0001], [lateral-edge: 0.7016, lateral-2: 0.5012, lateral-3: 0.6282, lateral-4: 0.7847, lateral-5: 0.9263]
2025-10-26 21:56:20.075946 Epoch [064/070], Step [0001/0001], [lateral-edge: 0.7016, lateral-2: 0.5012, lateral-3: 0.6282, lateral-4: 0.7847, lateral-5: 0.9263]
2025-10-26 21:56:21.678071 Epoch [065/070], Step [0001/0001], [lateral-edge: 0.7016, lateral-2: 0.5011, lateral-3: 0.6282, lateral-4: 0.7846, lateral-5: 0.9263]
2025-10-26 21:56:23.272962 Epoch [066/070], Step [0001/0001], [lateral-edge: 0.7016, lateral-2: 0.5011, lateral-3: 0.6282, lateral-4: 0.7846, lateral-5: 0.9264]
2025-10-26 21:56:24.883469 Epoch [067/070], Step [0001/0001], [lateral-edge: 0.7016, lateral-2: 0.5011, lateral-3: 0.6282, lateral-4: 0.7846, lateral-5: 0.9263]
2025-10-26 21:56:26.482171 Epoch [068/070], Step [0001/0001], [lateral-edge: 0.7016, lateral-2: 0.5011, lateral-3: 0.6282, lateral-4: 0.7847, lateral-5: 0.9263]
2025-10-26 21:56:28.077945 Epoch [069/070], Step [0001/0001], [lateral-edge: 0.7016, lateral-2: 0.5011, lateral-3: 0.6282, lateral-4: 0.7847, lateral-5: 0.9263]
[Saving Snapshot:] ./Snapshots/save_weights/Inf-Net_Morph/batch_64/run_2/Inf-Net-70.pth
2025-10-26 21:56:29.939717 Epoch [070/070], Step [0001/0001], [lateral-edge: 0.7016, lateral-2: 0.5011, lateral-3: 0.6282, lateral-4: 0.7847, lateral-5: 0.9263]
Training completed at Sun Oct 26 21:56:31 CET 2025
