Backbone loading: Res2Net50
Freezing unused branches for DP compatibility...
Trainable: 31,072,721 / 33,121,721 parameters
Not loading weights from weights file
Validator raised issues with model. Attempting auto-fix...
Original error: UnsupportedModuleError
Model successfully fixed for differential privacy
###################################################################### 
Start Training (Inf-Net-Res2Net50)
Backbone: Res2Net50
Batch Size: 32
Privacy: DP Enabled (ε budget, δ=1e-05)
Morphology: erosion
Save Path: ./Snapshots/save_weights/Inf-Net_DP_Morph/erosion/batch_32/run_1/noise_multiplier_0.05
Run: 1
Namespace(epoch=100, lr=0.0001, batchsize=32, trainsize=352, clip=0.5, decay_rate=0.1, decay_epoch=50, is_thop=False, gpu_device=0, num_workers=8, net_channel=32, n_classes=1, backbone='Res2Net50', train_path='./Dataset/TrainingSet/LungInfection-Train/Doctor-label', is_semi=False, is_pseudo=False, train_save=None, run=1, enable_privacy=True, noise_multiplier=0.05, max_grad_norm=1.0, delta=1e-05, enable_morphology=True, morph_operation='erosion', morph_kernel_size=3, morph_privacy_budget=1.0, device='cuda')
 ######################################################################
2025-10-24 13:31:25.372668 Epoch [001/100], Step [0002/0002], [lateral-edge: 0.7757, lateral-2: 1.4959, lateral-3: 1.4845, lateral-4: 1.4830, lateral-5: 1.4844, epsilon: inf]
2025-10-24 13:31:33.833425 Epoch [002/100], Step [0002/0002], [lateral-edge: 0.7712, lateral-2: 1.3675, lateral-3: 1.3734, lateral-4: 1.4222, lateral-5: 1.4421, epsilon: inf]
2025-10-24 13:31:42.825850 Epoch [003/100], Step [0002/0002], [lateral-edge: 0.7670, lateral-2: 1.2561, lateral-3: 1.2812, lateral-4: 1.3286, lateral-5: 1.3931, epsilon: inf]
2025-10-24 13:32:07.460082 Epoch [004/100], Step [0002/0002], [lateral-edge: 0.7660, lateral-2: 1.1876, lateral-3: 1.2128, lateral-4: 1.2756, lateral-5: 1.3582, epsilon: inf]
2025-10-24 13:32:25.357898 Epoch [005/100], Step [0002/0002], [lateral-edge: 0.7649, lateral-2: 1.1395, lateral-3: 1.1665, lateral-4: 1.2196, lateral-5: 1.3184, epsilon: inf]
2025-10-24 13:32:48.713446 Epoch [006/100], Step [0002/0002], [lateral-edge: 0.7610, lateral-2: 1.1061, lateral-3: 1.1294, lateral-4: 1.1952, lateral-5: 1.2922, epsilon: inf]
2025-10-24 13:33:33.499949 Epoch [007/100], Step [0002/0002], [lateral-edge: 0.7591, lateral-2: 1.0741, lateral-3: 1.1106, lateral-4: 1.1959, lateral-5: 1.2780, epsilon: inf]
2025-10-24 13:34:06.177172 Epoch [008/100], Step [0002/0002], [lateral-edge: 0.7587, lateral-2: 1.0807, lateral-3: 1.1046, lateral-4: 1.1726, lateral-5: 1.2470, epsilon: inf]
2025-10-24 13:34:45.411182 Epoch [009/100], Step [0002/0002], [lateral-edge: 0.7575, lateral-2: 1.0357, lateral-3: 1.0780, lateral-4: 1.1442, lateral-5: 1.2101, epsilon: inf]
[Saving Snapshot:] ./Snapshots/save_weights/Inf-Net_DP_Morph/erosion/batch_32/run_1/noise_multiplier_0.05/Inf-Net-10.pth
2025-10-24 13:35:30.641898 Epoch [010/100], Step [0002/0002], [lateral-edge: 0.7569, lateral-2: 1.0052, lateral-3: 1.0399, lateral-4: 1.1136, lateral-5: 1.1834, epsilon: inf]
2025-10-24 13:36:23.160134 Epoch [011/100], Step [0002/0002], [lateral-edge: 0.7566, lateral-2: 1.0118, lateral-3: 1.0379, lateral-4: 1.0938, lateral-5: 1.1632, epsilon: inf]
2025-10-24 13:37:27.109461 Epoch [012/100], Step [0002/0002], [lateral-edge: 0.7557, lateral-2: 1.0104, lateral-3: 1.0548, lateral-4: 1.1317, lateral-5: 1.1946, epsilon: inf]
2025-10-24 13:39:50.513484 Epoch [013/100], Step [0002/0002], [lateral-edge: 0.7554, lateral-2: 0.9696, lateral-3: 1.0098, lateral-4: 1.0735, lateral-5: 1.1354, epsilon: inf]
Training completed at Fri Oct 24 13:40:14 CEST 2025
