Backbone loading: Res2Net50
Freezing unused branches for DP compatibility...
Trainable: 31,072,721 / 33,121,721 parameters
Not loading weights from weights file
Validator raised issues with model. Attempting auto-fix...
Original error: UnsupportedModuleError
Model successfully fixed for differential privacy
###################################################################### 
Start Training (Inf-Net-Res2Net50)
Backbone: Res2Net50
Batch Size: 32
Privacy: DP Enabled (ε budget, δ=1e-05)
Morphology: open
Save Path: ./Snapshots/save_weights/Inf-Net_DP_Morph/open/batch_32/run_3/noise_multiplier_0.05
Run: 3
Namespace(epoch=100, lr=0.0001, batchsize=32, trainsize=352, clip=0.5, decay_rate=0.1, decay_epoch=50, is_thop=False, gpu_device=0, num_workers=8, net_channel=32, n_classes=1, backbone='Res2Net50', train_path='./Dataset/TrainingSet/LungInfection-Train/Doctor-label', is_semi=False, is_pseudo=False, train_save=None, run=3, enable_privacy=True, noise_multiplier=0.05, max_grad_norm=1.0, delta=1e-05, enable_morphology=True, morph_operation='open', morph_kernel_size=3, morph_privacy_budget=1.0, device='cuda')
 ######################################################################
2025-10-24 13:32:20.912919 Epoch [001/100], Step [0002/0002], [lateral-edge: 0.7635, lateral-2: 1.4986, lateral-3: 1.5421, lateral-4: 1.4890, lateral-5: 1.4987, epsilon: inf]
2025-10-24 13:32:29.589212 Epoch [002/100], Step [0002/0002], [lateral-edge: 0.7572, lateral-2: 1.3881, lateral-3: 1.4121, lateral-4: 1.4017, lateral-5: 1.4624, epsilon: inf]
2025-10-24 13:32:39.949733 Epoch [003/100], Step [0002/0002], [lateral-edge: 0.7534, lateral-2: 1.2733, lateral-3: 1.3184, lateral-4: 1.3541, lateral-5: 1.4226, epsilon: inf]
2025-10-24 13:33:10.168832 Epoch [004/100], Step [0002/0002], [lateral-edge: 0.7520, lateral-2: 1.2129, lateral-3: 1.2516, lateral-4: 1.2994, lateral-5: 1.3746, epsilon: inf]
2025-10-24 13:33:28.844559 Epoch [005/100], Step [0002/0002], [lateral-edge: 0.7512, lateral-2: 1.1379, lateral-3: 1.1984, lateral-4: 1.2588, lateral-5: 1.3426, epsilon: inf]
2025-10-24 13:33:53.661239 Epoch [006/100], Step [0002/0002], [lateral-edge: 0.7495, lateral-2: 1.1000, lateral-3: 1.1505, lateral-4: 1.2337, lateral-5: 1.3129, epsilon: inf]
2025-10-24 13:34:38.717333 Epoch [007/100], Step [0002/0002], [lateral-edge: 0.7483, lateral-2: 1.0791, lateral-3: 1.1241, lateral-4: 1.2016, lateral-5: 1.2875, epsilon: inf]
2025-10-24 13:35:10.068378 Epoch [008/100], Step [0002/0002], [lateral-edge: 0.7475, lateral-2: 1.0542, lateral-3: 1.0910, lateral-4: 1.1759, lateral-5: 1.2666, epsilon: inf]
2025-10-24 13:35:47.526025 Epoch [009/100], Step [0002/0002], [lateral-edge: 0.7463, lateral-2: 1.0468, lateral-3: 1.0893, lateral-4: 1.1690, lateral-5: 1.2422, epsilon: inf]
[Saving Snapshot:] ./Snapshots/save_weights/Inf-Net_DP_Morph/open/batch_32/run_3/noise_multiplier_0.05/Inf-Net-10.pth
2025-10-24 13:36:32.428308 Epoch [010/100], Step [0002/0002], [lateral-edge: 0.7461, lateral-2: 1.0226, lateral-3: 1.0724, lateral-4: 1.1531, lateral-5: 1.2236, epsilon: inf]
2025-10-24 13:37:20.357010 Epoch [011/100], Step [0002/0002], [lateral-edge: 0.7452, lateral-2: 0.9886, lateral-3: 1.0473, lateral-4: 1.1340, lateral-5: 1.1995, epsilon: inf]
2025-10-24 13:38:24.014514 Epoch [012/100], Step [0002/0002], [lateral-edge: 0.7442, lateral-2: 0.9973, lateral-3: 1.0480, lateral-4: 1.1194, lateral-5: 1.1863, epsilon: inf]
2025-10-24 13:40:45.497024 Epoch [013/100], Step [0002/0002], [lateral-edge: 0.7443, lateral-2: 0.9508, lateral-3: 1.0109, lateral-4: 1.0935, lateral-5: 1.1475, epsilon: inf]
Training completed at Fri Oct 24 13:41:09 CEST 2025
