Backbone loading: Res2Net50
Freezing unused branches for DP compatibility...
Trainable: 31,072,721 / 33,121,721 parameters
Not loading weights from weights file
Validator raised issues with model. Attempting auto-fix...
Original error: UnsupportedModuleError
Model successfully fixed for differential privacy
###################################################################### 
Start Training (Inf-Net-Res2Net50)
Backbone: Res2Net50
Batch Size: 32
Privacy: DP Enabled (ε budget, δ=1e-05)
Morphology: dilation
Save Path: ./Snapshots/save_weights/Inf-Net_DP_Morph/dilation/batch_32/run_2
Run: 2
Namespace(epoch=100, lr=0.0001, batchsize=32, trainsize=352, clip=0.5, decay_rate=0.1, decay_epoch=50, is_thop=False, gpu_device=0, num_workers=8, net_channel=32, n_classes=1, backbone='Res2Net50', train_path='./Dataset/TrainingSet/LungInfection-Train/Doctor-label', is_semi=False, is_pseudo=False, train_save=None, run=2, enable_privacy=True, noise_multiplier=0.05, max_grad_norm=1.0, delta=1e-05, enable_morphology=True, morph_operation='dilation', morph_kernel_size=3, morph_privacy_budget=1.0, device='cuda')
 ######################################################################
2025-10-24 12:51:19.148766 Epoch [001/100], Step [0002/0002], [lateral-edge: 0.7889, lateral-2: 1.6180, lateral-3: 1.5725, lateral-4: 1.5244, lateral-5: 1.5079, epsilon: inf]
2025-10-24 12:51:29.147559 Epoch [002/100], Step [0002/0002], [lateral-edge: 0.7878, lateral-2: 1.5035, lateral-3: 1.4780, lateral-4: 1.4557, lateral-5: 1.4912, epsilon: inf]
2025-10-24 12:51:38.868681 Epoch [003/100], Step [0002/0002], [lateral-edge: 0.7831, lateral-2: 1.3730, lateral-3: 1.3687, lateral-4: 1.3876, lateral-5: 1.4520, epsilon: inf]
2025-10-24 12:52:08.993431 Epoch [004/100], Step [0002/0002], [lateral-edge: 0.7821, lateral-2: 1.2858, lateral-3: 1.3166, lateral-4: 1.3344, lateral-5: 1.4050, epsilon: inf]
2025-10-24 12:52:31.021309 Epoch [005/100], Step [0002/0002], [lateral-edge: 0.7792, lateral-2: 1.1952, lateral-3: 1.2490, lateral-4: 1.2647, lateral-5: 1.3595, epsilon: inf]
2025-10-24 12:52:57.483319 Epoch [006/100], Step [0002/0002], [lateral-edge: 0.7759, lateral-2: 1.1522, lateral-3: 1.1920, lateral-4: 1.2267, lateral-5: 1.3239, epsilon: inf]
2025-10-24 12:53:49.452158 Epoch [007/100], Step [0002/0002], [lateral-edge: 0.7716, lateral-2: 1.0785, lateral-3: 1.1381, lateral-4: 1.1860, lateral-5: 1.2721, epsilon: inf]
2025-10-24 12:54:26.329467 Epoch [008/100], Step [0002/0002], [lateral-edge: 0.7670, lateral-2: 1.0777, lateral-3: 1.1173, lateral-4: 1.1649, lateral-5: 1.2472, epsilon: inf]
2025-10-24 12:55:13.977410 Epoch [009/100], Step [0002/0002], [lateral-edge: 0.7640, lateral-2: 1.0309, lateral-3: 1.0670, lateral-4: 1.1259, lateral-5: 1.1999, epsilon: inf]
[Saving Snapshot:] ./Snapshots/save_weights/Inf-Net_DP_Morph/dilation/batch_32/run_2/Inf-Net-10.pth
2025-10-24 12:56:10.419570 Epoch [010/100], Step [0002/0002], [lateral-edge: 0.7598, lateral-2: 1.0444, lateral-3: 1.0794, lateral-4: 1.1376, lateral-5: 1.2120, epsilon: inf]
2025-10-24 12:57:07.844125 Epoch [011/100], Step [0002/0002], [lateral-edge: 0.7592, lateral-2: 1.0253, lateral-3: 1.0744, lateral-4: 1.1215, lateral-5: 1.1869, epsilon: inf]
