Backbone loading: Res2Net50
Freezing unused branches for DP compatibility...
Trainable: 31,072,721 / 33,121,721 parameters
Not loading weights from weights file
Validator raised issues with model. Attempting auto-fix...
Original error: UnsupportedModuleError
Model successfully fixed for differential privacy
###################################################################### 
Start Training (Inf-Net-Res2Net50)
Backbone: Res2Net50
Batch Size: 32
Privacy: DP Enabled (ε budget, δ=1e-05)
Morphology: dilation
Save Path: ./Snapshots/save_weights/Inf-Net_DP/0.05_Morph/dilation/batch_32/run_1
Run: 1
Namespace(epoch=100, lr=0.0001, batchsize=32, trainsize=352, clip=0.5, decay_rate=0.1, decay_epoch=50, is_thop=False, gpu_device=0, num_workers=8, net_channel=32, n_classes=1, backbone='Res2Net50', train_path='./Dataset/TrainingSet/LungInfection-Train/Doctor-label', is_semi=False, is_pseudo=False, train_save=None, run=1, enable_privacy=True, noise_multiplier=0.05, max_grad_norm=1.0, delta=1e-05, enable_morphology=True, morph_operation='dilation', morph_kernel_size=3, morph_privacy_budget=1.0, device='cuda')
 ######################################################################
2025-10-24 12:49:48.535108 Epoch [001/100], Step [0002/0002], [lateral-edge: 0.8096, lateral-2: 1.5873, lateral-3: 1.5462, lateral-4: 1.5292, lateral-5: 1.5324, epsilon: inf]
2025-10-24 12:49:56.867778 Epoch [002/100], Step [0002/0002], [lateral-edge: 0.8031, lateral-2: 1.4226, lateral-3: 1.4076, lateral-4: 1.4220, lateral-5: 1.4600, epsilon: inf]
2025-10-24 12:50:06.799143 Epoch [003/100], Step [0002/0002], [lateral-edge: 0.7902, lateral-2: 1.3462, lateral-3: 1.3605, lateral-4: 1.4026, lateral-5: 1.4395, epsilon: inf]
2025-10-24 12:50:31.897344 Epoch [004/100], Step [0002/0002], [lateral-edge: 0.7795, lateral-2: 1.2335, lateral-3: 1.2863, lateral-4: 1.3298, lateral-5: 1.3890, epsilon: inf]
2025-10-24 12:50:50.199629 Epoch [005/100], Step [0002/0002], [lateral-edge: 0.7745, lateral-2: 1.1505, lateral-3: 1.2081, lateral-4: 1.2653, lateral-5: 1.3503, epsilon: inf]
2025-10-24 12:51:15.287384 Epoch [006/100], Step [0002/0002], [lateral-edge: 0.7693, lateral-2: 1.0833, lateral-3: 1.1607, lateral-4: 1.2369, lateral-5: 1.3164, epsilon: inf]
2025-10-24 12:52:00.432829 Epoch [007/100], Step [0002/0002], [lateral-edge: 0.7647, lateral-2: 1.0782, lateral-3: 1.1490, lateral-4: 1.2415, lateral-5: 1.3027, epsilon: inf]
2025-10-24 12:52:37.869547 Epoch [008/100], Step [0002/0002], [lateral-edge: 0.7618, lateral-2: 1.0342, lateral-3: 1.1052, lateral-4: 1.1801, lateral-5: 1.2367, epsilon: inf]
2025-10-24 12:53:24.395555 Epoch [009/100], Step [0002/0002], [lateral-edge: 0.7606, lateral-2: 0.9953, lateral-3: 1.0626, lateral-4: 1.1538, lateral-5: 1.2063, epsilon: inf]
[Saving Snapshot:] ./Snapshots/save_weights/Inf-Net_DP/0.05_Morph/dilation/batch_32/run_1/Inf-Net-10.pth
2025-10-24 12:54:16.350716 Epoch [010/100], Step [0002/0002], [lateral-edge: 0.7604, lateral-2: 0.9863, lateral-3: 1.0535, lateral-4: 1.1335, lateral-5: 1.1949, epsilon: inf]
2025-10-24 12:55:19.024346 Epoch [011/100], Step [0002/0002], [lateral-edge: 0.7594, lateral-2: 0.9814, lateral-3: 1.0507, lateral-4: 1.1243, lateral-5: 1.1692, epsilon: inf]
2025-10-24 12:56:34.952164 Epoch [012/100], Step [0002/0002], [lateral-edge: 0.7573, lateral-2: 0.9795, lateral-3: 1.0421, lateral-4: 1.1123, lateral-5: 1.1651, epsilon: inf]
