/scicore/home/wagner0024/shandi0000/2025-msc-parth-shandilya/.venv/lib/python3.10/site-packages/torch/utils/data/dataloader.py:627: UserWarning: This DataLoader will create 8 worker processes in total. Our suggested max number of worker in current system is 4, which is smaller than what this DataLoader is going to create. Please be aware that excessive worker creation might get DataLoader running slow or even freeze, lower the worker number to avoid potential slowness/freeze if necessary.
  warnings.warn(
/scicore/home/wagner0024/shandi0000/2025-msc-parth-shandilya/.venv/lib/python3.10/site-packages/opacus/privacy_engine.py:96: UserWarning: Secure RNG turned off. This is perfectly fine for experimentation as it allows for much faster training performance, but remember to turn it on and retrain one last time before production with ``secure_mode`` turned on.
  warnings.warn(
sys:1: UserWarning: Full backward hook is firing when gradients are computed with respect to module outputs since no inputs require gradients. See https://docs.pytorch.org/docs/main/generated/torch.nn.Module.html#torch.nn.Module.register_full_backward_hook for more details.
/scicore/home/wagner0024/shandi0000/2025-msc-parth-shandilya/.venv/lib/python3.10/site-packages/opacus/accountants/analysis/prv/prvs.py:67: RuntimeWarning: divide by zero encountered in log
  z = np.log(np.where(t > np.log(1 - q), (np.exp(t) + q - 1) / q, 1))
/scicore/home/wagner0024/shandi0000/2025-msc-parth-shandilya/.venv/lib/python3.10/site-packages/opacus/accountants/analysis/prv/prvs.py:67: RuntimeWarning: overflow encountered in exp
  z = np.log(np.where(t > np.log(1 - q), (np.exp(t) + q - 1) / q, 1))
/scicore/home/wagner0024/shandi0000/2025-msc-parth-shandilya/.venv/lib/python3.10/site-packages/opacus/accountants/analysis/prv/prvs.py:70: RuntimeWarning: divide by zero encountered in log
  t > np.log(1 - q),
/scicore/home/wagner0024/shandi0000/2025-msc-parth-shandilya/.venv/lib/python3.10/site-packages/opacus/accountants/analysis/prv/prvs.py:160: RuntimeWarning: overflow encountered in exp
  d2 = np.flip(np.flip(p * np.exp(-t)).cumsum())
/scicore/home/wagner0024/shandi0000/2025-msc-parth-shandilya/.venv/lib/python3.10/site-packages/opacus/accountants/analysis/prv/prvs.py:160: RuntimeWarning: invalid value encountered in multiply
  d2 = np.flip(np.flip(p * np.exp(-t)).cumsum())
/scicore/home/wagner0024/shandi0000/2025-msc-parth-shandilya/.venv/lib/python3.10/site-packages/opacus/accountants/analysis/prv/prvs.py:160: RuntimeWarning: invalid value encountered in accumulate
  d2 = np.flip(np.flip(p * np.exp(-t)).cumsum())
/scicore/home/wagner0024/shandi0000/2025-msc-parth-shandilya/.venv/lib/python3.10/site-packages/opacus/accountants/analysis/prv/prvs.py:161: RuntimeWarning: overflow encountered in exp
  ndelta = np.exp(t) * d2 - d1
/scicore/home/wagner0024/shandi0000/2025-msc-parth-shandilya/.venv/lib/python3.10/site-packages/opacus/accountants/analysis/prv/prvs.py:161: RuntimeWarning: invalid value encountered in multiply
  ndelta = np.exp(t) * d2 - d1
/scicore/home/wagner0024/shandi0000/2025-msc-parth-shandilya/.venv/lib/python3.10/site-packages/opacus/accountants/analysis/prv/prvs.py:167: RuntimeWarning: overflow encountered in scalar divide
  return np.log((d1[i] - delta_target) / d2[i])
/scicore/home/wagner0024/shandi0000/2025-msc-parth-shandilya/.venv/lib/python3.10/site-packages/opacus/accountants/analysis/rdp.py:332: UserWarning: Optimal order is the smallest alpha. Please consider expanding the range of alphas to get a tighter privacy bound.
  warnings.warn(
/scicore/home/wagner0024/shandi0000/2025-msc-parth-shandilya/.venv/lib/python3.10/site-packages/opacus/accountants/analysis/prv/prvs.py:167: RuntimeWarning: divide by zero encountered in scalar divide
  return np.log((d1[i] - delta_target) / d2[i])
/var/spool/slurm/job59724834/slurm_script: line 25: 1970012 Killed                  python MyTrain_LungInfDP_Morph.py --batchsize 64 --run 2 --enable_privacy --noise_multiplier 0.05 --enable_morphology --morph_operation close
[2025-10-24T12:47:47.278] error: Detected 1 oom_kill event in StepId=59724834.batch. Some of the step tasks have been OOM Killed.
