Backbone loading: Res2Net50
Not loading weights from weights file
################################################## 
Start Training (Inf-Net-Res2Net50)
Backbone: Res2Net50
Batch Size: 64
Morphology: open
Save Path: ./Snapshots/save_weights/Inf-Net_Morph/batch_64/run_1
Run: 1
Namespace(epoch=100, lr=0.0001, batchsize=64, trainsize=352, clip=0.5, decay_rate=0.1, decay_epoch=50, is_thop=False, gpu_device=0, num_workers=8, net_channel=32, n_classes=1, backbone='Res2Net50', train_path='./Dataset/TrainingSet/LungInfection-Train/Doctor-label', is_semi=False, is_pseudo=False, train_save=None, run=1, enable_morphology=True, morph_operation='open', morph_kernel_size=3, device='cuda')
 ##################################################
2025-10-23 17:22:12.650564 Epoch [001/100], Step [0001/0001], [lateral-edge: 0.7609, lateral-2: 1.6049, lateral-3: 1.6038, lateral-4: 1.6161, lateral-5: 1.5447]
2025-10-23 17:22:14.340514 Epoch [002/100], Step [0001/0001], [lateral-edge: 0.7567, lateral-2: 1.4722, lateral-3: 1.4848, lateral-4: 1.5184, lateral-5: 1.5602]
2025-10-23 17:22:16.076185 Epoch [003/100], Step [0001/0001], [lateral-edge: 0.7521, lateral-2: 1.4263, lateral-3: 1.4384, lateral-4: 1.4789, lateral-5: 1.5301]
2025-10-23 17:22:17.802157 Epoch [004/100], Step [0001/0001], [lateral-edge: 0.7486, lateral-2: 1.4078, lateral-3: 1.4061, lateral-4: 1.4558, lateral-5: 1.5225]
2025-10-23 17:22:19.514397 Epoch [005/100], Step [0001/0001], [lateral-edge: 0.7455, lateral-2: 1.3815, lateral-3: 1.3855, lateral-4: 1.4411, lateral-5: 1.5190]
2025-10-23 17:22:21.241603 Epoch [006/100], Step [0001/0001], [lateral-edge: 0.7427, lateral-2: 1.3544, lateral-3: 1.3656, lateral-4: 1.4194, lateral-5: 1.5141]
2025-10-23 17:22:22.957953 Epoch [007/100], Step [0001/0001], [lateral-edge: 0.7401, lateral-2: 1.3269, lateral-3: 1.3407, lateral-4: 1.3978, lateral-5: 1.5037]
2025-10-23 17:22:24.688222 Epoch [008/100], Step [0001/0001], [lateral-edge: 0.7378, lateral-2: 1.2952, lateral-3: 1.3071, lateral-4: 1.3718, lateral-5: 1.4780]
2025-10-23 17:22:26.420649 Epoch [009/100], Step [0001/0001], [lateral-edge: 0.7357, lateral-2: 1.2429, lateral-3: 1.2643, lateral-4: 1.3384, lateral-5: 1.4395]
[Saving Snapshot:] ./Snapshots/save_weights/Inf-Net_Morph/batch_64/run_1/Inf-Net-10.pth
2025-10-23 17:22:28.497872 Epoch [010/100], Step [0001/0001], [lateral-edge: 0.7336, lateral-2: 1.1733, lateral-3: 1.2046, lateral-4: 1.2831, lateral-5: 1.4191]
2025-10-23 17:22:30.208003 Epoch [011/100], Step [0001/0001], [lateral-edge: 0.7320, lateral-2: 1.0836, lateral-3: 1.1202, lateral-4: 1.2069, lateral-5: 1.4344]
2025-10-23 17:22:31.931657 Epoch [012/100], Step [0001/0001], [lateral-edge: 0.7304, lateral-2: 1.0287, lateral-3: 1.0806, lateral-4: 1.1909, lateral-5: 1.4984]
2025-10-23 17:22:33.663782 Epoch [013/100], Step [0001/0001], [lateral-edge: 0.7289, lateral-2: 0.9683, lateral-3: 1.0193, lateral-4: 1.1082, lateral-5: 1.5333]
2025-10-23 17:22:35.375846 Epoch [014/100], Step [0001/0001], [lateral-edge: 0.7277, lateral-2: 0.9129, lateral-3: 0.9680, lateral-4: 1.0693, lateral-5: 1.5515]
2025-10-23 17:22:37.088348 Epoch [015/100], Step [0001/0001], [lateral-edge: 0.7264, lateral-2: 0.8884, lateral-3: 0.9467, lateral-4: 1.0389, lateral-5: 1.5528]
2025-10-23 17:22:38.814191 Epoch [016/100], Step [0001/0001], [lateral-edge: 0.7253, lateral-2: 0.8541, lateral-3: 0.9157, lateral-4: 1.0189, lateral-5: 1.5288]
2025-10-23 17:22:40.534662 Epoch [017/100], Step [0001/0001], [lateral-edge: 0.7242, lateral-2: 0.8332, lateral-3: 0.9000, lateral-4: 1.0018, lateral-5: 1.5168]
2025-10-23 17:22:42.270367 Epoch [018/100], Step [0001/0001], [lateral-edge: 0.7231, lateral-2: 0.8132, lateral-3: 0.8804, lateral-4: 0.9850, lateral-5: 1.5023]
2025-10-23 17:22:43.989221 Epoch [019/100], Step [0001/0001], [lateral-edge: 0.7221, lateral-2: 0.7896, lateral-3: 0.8630, lateral-4: 0.9678, lateral-5: 1.4831]
[Saving Snapshot:] ./Snapshots/save_weights/Inf-Net_Morph/batch_64/run_1/Inf-Net-20.pth
2025-10-23 17:22:45.852729 Epoch [020/100], Step [0001/0001], [lateral-edge: 0.7211, lateral-2: 0.7615, lateral-3: 0.8347, lateral-4: 0.9425, lateral-5: 1.4588]
2025-10-23 17:22:47.565172 Epoch [021/100], Step [0001/0001], [lateral-edge: 0.7201, lateral-2: 0.7371, lateral-3: 0.8149, lateral-4: 0.9246, lateral-5: 1.4423]
2025-10-23 17:22:49.305900 Epoch [022/100], Step [0001/0001], [lateral-edge: 0.7191, lateral-2: 0.7222, lateral-3: 0.8014, lateral-4: 0.9135, lateral-5: 1.4090]
2025-10-23 17:22:51.023108 Epoch [023/100], Step [0001/0001], [lateral-edge: 0.7181, lateral-2: 0.7046, lateral-3: 0.7859, lateral-4: 0.8998, lateral-5: 1.3933]
2025-10-23 17:22:52.770202 Epoch [024/100], Step [0001/0001], [lateral-edge: 0.7172, lateral-2: 0.6934, lateral-3: 0.7777, lateral-4: 0.8927, lateral-5: 1.3679]
2025-10-23 17:22:54.477437 Epoch [025/100], Step [0001/0001], [lateral-edge: 0.7162, lateral-2: 0.6778, lateral-3: 0.7620, lateral-4: 0.8772, lateral-5: 1.3495]
2025-10-23 17:22:56.185550 Epoch [026/100], Step [0001/0001], [lateral-edge: 0.7153, lateral-2: 0.6680, lateral-3: 0.7555, lateral-4: 0.8718, lateral-5: 1.3244]
2025-10-23 17:22:57.910021 Epoch [027/100], Step [0001/0001], [lateral-edge: 0.7144, lateral-2: 0.6527, lateral-3: 0.7409, lateral-4: 0.8581, lateral-5: 1.2997]
2025-10-23 17:22:59.634416 Epoch [028/100], Step [0001/0001], [lateral-edge: 0.7135, lateral-2: 0.6485, lateral-3: 0.7397, lateral-4: 0.8573, lateral-5: 1.2885]
2025-10-23 17:23:01.374156 Epoch [029/100], Step [0001/0001], [lateral-edge: 0.7126, lateral-2: 0.6419, lateral-3: 0.7332, lateral-4: 0.8562, lateral-5: 1.2687]
[Saving Snapshot:] ./Snapshots/save_weights/Inf-Net_Morph/batch_64/run_1/Inf-Net-30.pth
2025-10-23 17:23:03.299051 Epoch [030/100], Step [0001/0001], [lateral-edge: 0.7118, lateral-2: 0.6356, lateral-3: 0.7276, lateral-4: 0.8488, lateral-5: 1.2553]
2025-10-23 17:23:05.016006 Epoch [031/100], Step [0001/0001], [lateral-edge: 0.7110, lateral-2: 0.6289, lateral-3: 0.7243, lateral-4: 0.8477, lateral-5: 1.2405]
2025-10-23 17:23:06.725147 Epoch [032/100], Step [0001/0001], [lateral-edge: 0.7102, lateral-2: 0.6175, lateral-3: 0.7121, lateral-4: 0.8401, lateral-5: 1.2322]
2025-10-23 17:23:08.462707 Epoch [033/100], Step [0001/0001], [lateral-edge: 0.7095, lateral-2: 0.6140, lateral-3: 0.7143, lateral-4: 0.8422, lateral-5: 1.2074]
2025-10-23 17:23:10.188043 Epoch [034/100], Step [0001/0001], [lateral-edge: 0.7088, lateral-2: 0.6093, lateral-3: 0.7042, lateral-4: 0.8330, lateral-5: 1.2004]
2025-10-23 17:23:11.907919 Epoch [035/100], Step [0001/0001], [lateral-edge: 0.7081, lateral-2: 0.6035, lateral-3: 0.7050, lateral-4: 0.8324, lateral-5: 1.1758]
2025-10-23 17:23:13.615476 Epoch [036/100], Step [0001/0001], [lateral-edge: 0.7075, lateral-2: 0.5907, lateral-3: 0.6911, lateral-4: 0.8251, lateral-5: 1.1698]
2025-10-23 17:23:15.312938 Epoch [037/100], Step [0001/0001], [lateral-edge: 0.7069, lateral-2: 0.5924, lateral-3: 0.6954, lateral-4: 0.8269, lateral-5: 1.1505]
2025-10-23 17:23:17.032044 Epoch [038/100], Step [0001/0001], [lateral-edge: 0.7064, lateral-2: 0.5887, lateral-3: 0.6921, lateral-4: 0.8253, lateral-5: 1.1423]
2025-10-23 17:23:18.736493 Epoch [039/100], Step [0001/0001], [lateral-edge: 0.7059, lateral-2: 0.5777, lateral-3: 0.6825, lateral-4: 0.8204, lateral-5: 1.1355]
[Saving Snapshot:] ./Snapshots/save_weights/Inf-Net_Morph/batch_64/run_1/Inf-Net-40.pth
2025-10-23 17:23:20.653276 Epoch [040/100], Step [0001/0001], [lateral-edge: 0.7054, lateral-2: 0.5780, lateral-3: 0.6846, lateral-4: 0.8225, lateral-5: 1.1240]
2025-10-23 17:23:22.357361 Epoch [041/100], Step [0001/0001], [lateral-edge: 0.7049, lateral-2: 0.5787, lateral-3: 0.6858, lateral-4: 0.8252, lateral-5: 1.1199]
2025-10-23 17:23:24.082441 Epoch [042/100], Step [0001/0001], [lateral-edge: 0.7045, lateral-2: 0.5713, lateral-3: 0.6818, lateral-4: 0.8216, lateral-5: 1.1042]
2025-10-23 17:23:25.797339 Epoch [043/100], Step [0001/0001], [lateral-edge: 0.7040, lateral-2: 0.5630, lateral-3: 0.6719, lateral-4: 0.8150, lateral-5: 1.0961]
2025-10-23 17:23:27.505243 Epoch [044/100], Step [0001/0001], [lateral-edge: 0.7036, lateral-2: 0.5571, lateral-3: 0.6702, lateral-4: 0.8124, lateral-5: 1.0791]
2025-10-23 17:23:29.233502 Epoch [045/100], Step [0001/0001], [lateral-edge: 0.7033, lateral-2: 0.5471, lateral-3: 0.6604, lateral-4: 0.8067, lateral-5: 1.0713]
2025-10-23 17:23:30.931076 Epoch [046/100], Step [0001/0001], [lateral-edge: 0.7029, lateral-2: 0.5496, lateral-3: 0.6650, lateral-4: 0.8097, lateral-5: 1.0660]
2025-10-23 17:23:32.662651 Epoch [047/100], Step [0001/0001], [lateral-edge: 0.7026, lateral-2: 0.5389, lateral-3: 0.6545, lateral-4: 0.8020, lateral-5: 1.0595]
2025-10-23 17:23:34.362476 Epoch [048/100], Step [0001/0001], [lateral-edge: 0.7022, lateral-2: 0.5398, lateral-3: 0.6576, lateral-4: 0.8042, lateral-5: 1.0327]
2025-10-23 17:23:36.087141 Epoch [049/100], Step [0001/0001], [lateral-edge: 0.7019, lateral-2: 0.5287, lateral-3: 0.6466, lateral-4: 0.8010, lateral-5: 1.0409]
[Saving Snapshot:] ./Snapshots/save_weights/Inf-Net_Morph/batch_64/run_1/Inf-Net-50.pth
2025-10-23 17:23:38.046023 Epoch [050/100], Step [0001/0001], [lateral-edge: 0.7017, lateral-2: 0.5244, lateral-3: 0.6463, lateral-4: 0.7968, lateral-5: 1.0161]
2025-10-23 17:23:39.766883 Epoch [051/100], Step [0001/0001], [lateral-edge: 0.7017, lateral-2: 0.5170, lateral-3: 0.6399, lateral-4: 0.7923, lateral-5: 1.0138]
2025-10-23 17:23:41.531765 Epoch [052/100], Step [0001/0001], [lateral-edge: 0.7017, lateral-2: 0.5160, lateral-3: 0.6391, lateral-4: 0.7919, lateral-5: 1.0135]
2025-10-23 17:23:43.241404 Epoch [053/100], Step [0001/0001], [lateral-edge: 0.7017, lateral-2: 0.5157, lateral-3: 0.6388, lateral-4: 0.7917, lateral-5: 1.0136]
2025-10-23 17:23:44.968890 Epoch [054/100], Step [0001/0001], [lateral-edge: 0.7017, lateral-2: 0.5158, lateral-3: 0.6388, lateral-4: 0.7917, lateral-5: 1.0136]
2025-10-23 17:23:46.678557 Epoch [055/100], Step [0001/0001], [lateral-edge: 0.7017, lateral-2: 0.5158, lateral-3: 0.6388, lateral-4: 0.7917, lateral-5: 1.0136]
2025-10-23 17:23:48.408021 Epoch [056/100], Step [0001/0001], [lateral-edge: 0.7017, lateral-2: 0.5158, lateral-3: 0.6388, lateral-4: 0.7917, lateral-5: 1.0136]
2025-10-23 17:23:50.139016 Epoch [057/100], Step [0001/0001], [lateral-edge: 0.7017, lateral-2: 0.5157, lateral-3: 0.6388, lateral-4: 0.7917, lateral-5: 1.0136]
2025-10-23 17:23:51.882694 Epoch [058/100], Step [0001/0001], [lateral-edge: 0.7017, lateral-2: 0.5158, lateral-3: 0.6388, lateral-4: 0.7917, lateral-5: 1.0135]
2025-10-23 17:23:53.592732 Epoch [059/100], Step [0001/0001], [lateral-edge: 0.7017, lateral-2: 0.5157, lateral-3: 0.6388, lateral-4: 0.7917, lateral-5: 1.0136]
[Saving Snapshot:] ./Snapshots/save_weights/Inf-Net_Morph/batch_64/run_1/Inf-Net-60.pth
2025-10-23 17:23:55.513376 Epoch [060/100], Step [0001/0001], [lateral-edge: 0.7017, lateral-2: 0.5158, lateral-3: 0.6389, lateral-4: 0.7917, lateral-5: 1.0136]
2025-10-23 17:23:57.228002 Epoch [061/100], Step [0001/0001], [lateral-edge: 0.7017, lateral-2: 0.5158, lateral-3: 0.6388, lateral-4: 0.7917, lateral-5: 1.0135]
2025-10-23 17:23:58.945276 Epoch [062/100], Step [0001/0001], [lateral-edge: 0.7017, lateral-2: 0.5158, lateral-3: 0.6388, lateral-4: 0.7917, lateral-5: 1.0135]
2025-10-23 17:24:00.680758 Epoch [063/100], Step [0001/0001], [lateral-edge: 0.7017, lateral-2: 0.5158, lateral-3: 0.6388, lateral-4: 0.7917, lateral-5: 1.0135]
2025-10-23 17:24:02.400841 Epoch [064/100], Step [0001/0001], [lateral-edge: 0.7017, lateral-2: 0.5158, lateral-3: 0.6388, lateral-4: 0.7917, lateral-5: 1.0136]
2025-10-23 17:24:04.114744 Epoch [065/100], Step [0001/0001], [lateral-edge: 0.7017, lateral-2: 0.5157, lateral-3: 0.6388, lateral-4: 0.7917, lateral-5: 1.0136]
2025-10-23 17:24:05.852806 Epoch [066/100], Step [0001/0001], [lateral-edge: 0.7017, lateral-2: 0.5157, lateral-3: 0.6388, lateral-4: 0.7917, lateral-5: 1.0136]
2025-10-23 17:24:07.564931 Epoch [067/100], Step [0001/0001], [lateral-edge: 0.7017, lateral-2: 0.5158, lateral-3: 0.6388, lateral-4: 0.7917, lateral-5: 1.0136]
2025-10-23 17:24:09.280783 Epoch [068/100], Step [0001/0001], [lateral-edge: 0.7017, lateral-2: 0.5158, lateral-3: 0.6388, lateral-4: 0.7917, lateral-5: 1.0136]
2025-10-23 17:24:11.002246 Epoch [069/100], Step [0001/0001], [lateral-edge: 0.7017, lateral-2: 0.5157, lateral-3: 0.6388, lateral-4: 0.7917, lateral-5: 1.0136]
[Saving Snapshot:] ./Snapshots/save_weights/Inf-Net_Morph/batch_64/run_1/Inf-Net-70.pth
2025-10-23 17:24:13.157231 Epoch [070/100], Step [0001/0001], [lateral-edge: 0.7017, lateral-2: 0.5158, lateral-3: 0.6388, lateral-4: 0.7917, lateral-5: 1.0135]
2025-10-23 17:24:14.917193 Epoch [071/100], Step [0001/0001], [lateral-edge: 0.7017, lateral-2: 0.5157, lateral-3: 0.6388, lateral-4: 0.7917, lateral-5: 1.0136]
2025-10-23 17:24:16.633903 Epoch [072/100], Step [0001/0001], [lateral-edge: 0.7017, lateral-2: 0.5157, lateral-3: 0.6388, lateral-4: 0.7917, lateral-5: 1.0136]
2025-10-23 17:24:18.356279 Epoch [073/100], Step [0001/0001], [lateral-edge: 0.7017, lateral-2: 0.5158, lateral-3: 0.6388, lateral-4: 0.7917, lateral-5: 1.0135]
2025-10-23 17:24:20.099199 Epoch [074/100], Step [0001/0001], [lateral-edge: 0.7017, lateral-2: 0.5158, lateral-3: 0.6388, lateral-4: 0.7917, lateral-5: 1.0135]
2025-10-23 17:24:21.806880 Epoch [075/100], Step [0001/0001], [lateral-edge: 0.7017, lateral-2: 0.5157, lateral-3: 0.6388, lateral-4: 0.7917, lateral-5: 1.0136]
2025-10-23 17:24:23.509132 Epoch [076/100], Step [0001/0001], [lateral-edge: 0.7017, lateral-2: 0.5158, lateral-3: 0.6389, lateral-4: 0.7917, lateral-5: 1.0136]
2025-10-23 17:24:25.241092 Epoch [077/100], Step [0001/0001], [lateral-edge: 0.7017, lateral-2: 0.5158, lateral-3: 0.6388, lateral-4: 0.7917, lateral-5: 1.0135]
2025-10-23 17:24:26.966045 Epoch [078/100], Step [0001/0001], [lateral-edge: 0.7017, lateral-2: 0.5158, lateral-3: 0.6388, lateral-4: 0.7917, lateral-5: 1.0136]
2025-10-23 17:24:28.671975 Epoch [079/100], Step [0001/0001], [lateral-edge: 0.7017, lateral-2: 0.5158, lateral-3: 0.6388, lateral-4: 0.7917, lateral-5: 1.0136]
[Saving Snapshot:] ./Snapshots/save_weights/Inf-Net_Morph/batch_64/run_1/Inf-Net-80.pth
2025-10-23 17:24:30.611485 Epoch [080/100], Step [0001/0001], [lateral-edge: 0.7017, lateral-2: 0.5158, lateral-3: 0.6389, lateral-4: 0.7918, lateral-5: 1.0136]
2025-10-23 17:24:32.373135 Epoch [081/100], Step [0001/0001], [lateral-edge: 0.7017, lateral-2: 0.5158, lateral-3: 0.6388, lateral-4: 0.7918, lateral-5: 1.0135]
2025-10-23 17:24:34.082123 Epoch [082/100], Step [0001/0001], [lateral-edge: 0.7017, lateral-2: 0.5158, lateral-3: 0.6389, lateral-4: 0.7917, lateral-5: 1.0135]
2025-10-23 17:24:35.793019 Epoch [083/100], Step [0001/0001], [lateral-edge: 0.7017, lateral-2: 0.5158, lateral-3: 0.6388, lateral-4: 0.7917, lateral-5: 1.0135]
2025-10-23 17:24:37.520489 Epoch [084/100], Step [0001/0001], [lateral-edge: 0.7017, lateral-2: 0.5157, lateral-3: 0.6388, lateral-4: 0.7917, lateral-5: 1.0135]
2025-10-23 17:24:39.249876 Epoch [085/100], Step [0001/0001], [lateral-edge: 0.7017, lateral-2: 0.5158, lateral-3: 0.6388, lateral-4: 0.7917, lateral-5: 1.0136]
2025-10-23 17:24:40.973443 Epoch [086/100], Step [0001/0001], [lateral-edge: 0.7017, lateral-2: 0.5158, lateral-3: 0.6388, lateral-4: 0.7917, lateral-5: 1.0136]
2025-10-23 17:24:42.700357 Epoch [087/100], Step [0001/0001], [lateral-edge: 0.7017, lateral-2: 0.5158, lateral-3: 0.6388, lateral-4: 0.7917, lateral-5: 1.0136]
2025-10-23 17:24:44.441444 Epoch [088/100], Step [0001/0001], [lateral-edge: 0.7017, lateral-2: 0.5158, lateral-3: 0.6388, lateral-4: 0.7917, lateral-5: 1.0136]
2025-10-23 17:24:46.176337 Epoch [089/100], Step [0001/0001], [lateral-edge: 0.7017, lateral-2: 0.5158, lateral-3: 0.6388, lateral-4: 0.7917, lateral-5: 1.0136]
[Saving Snapshot:] ./Snapshots/save_weights/Inf-Net_Morph/batch_64/run_1/Inf-Net-90.pth
2025-10-23 17:24:48.169055 Epoch [090/100], Step [0001/0001], [lateral-edge: 0.7017, lateral-2: 0.5158, lateral-3: 0.6388, lateral-4: 0.7917, lateral-5: 1.0136]
2025-10-23 17:24:49.906459 Epoch [091/100], Step [0001/0001], [lateral-edge: 0.7017, lateral-2: 0.5158, lateral-3: 0.6388, lateral-4: 0.7917, lateral-5: 1.0136]
2025-10-23 17:24:51.616380 Epoch [092/100], Step [0001/0001], [lateral-edge: 0.7017, lateral-2: 0.5158, lateral-3: 0.6388, lateral-4: 0.7917, lateral-5: 1.0136]
2025-10-23 17:24:53.335394 Epoch [093/100], Step [0001/0001], [lateral-edge: 0.7017, lateral-2: 0.5158, lateral-3: 0.6388, lateral-4: 0.7917, lateral-5: 1.0136]
2025-10-23 17:24:55.072128 Epoch [094/100], Step [0001/0001], [lateral-edge: 0.7017, lateral-2: 0.5158, lateral-3: 0.6388, lateral-4: 0.7917, lateral-5: 1.0135]
2025-10-23 17:24:56.819286 Epoch [095/100], Step [0001/0001], [lateral-edge: 0.7017, lateral-2: 0.5158, lateral-3: 0.6388, lateral-4: 0.7917, lateral-5: 1.0136]
2025-10-23 17:24:58.536755 Epoch [096/100], Step [0001/0001], [lateral-edge: 0.7017, lateral-2: 0.5158, lateral-3: 0.6388, lateral-4: 0.7917, lateral-5: 1.0136]
2025-10-23 17:25:00.267734 Epoch [097/100], Step [0001/0001], [lateral-edge: 0.7017, lateral-2: 0.5158, lateral-3: 0.6388, lateral-4: 0.7917, lateral-5: 1.0135]
2025-10-23 17:25:02.016378 Epoch [098/100], Step [0001/0001], [lateral-edge: 0.7017, lateral-2: 0.5158, lateral-3: 0.6388, lateral-4: 0.7917, lateral-5: 1.0136]
2025-10-23 17:25:03.737884 Epoch [099/100], Step [0001/0001], [lateral-edge: 0.7017, lateral-2: 0.5158, lateral-3: 0.6388, lateral-4: 0.7917, lateral-5: 1.0135]
[Saving Snapshot:] ./Snapshots/save_weights/Inf-Net_Morph/batch_64/run_1/Inf-Net-100.pth
2025-10-23 17:25:05.685535 Epoch [100/100], Step [0001/0001], [lateral-edge: 0.7017, lateral-2: 0.5158, lateral-3: 0.6389, lateral-4: 0.7917, lateral-5: 1.0135]
Training completed at Thu Oct 23 17:25:06 CEST 2025
