Backbone loading: Res2Net50
Not loading weights from weights file
################################################## 
Start Training (Inf-Net-Res2Net50)
Backbone: Res2Net50
Batch Size: 128
Morphology: open
Save Path: ./Snapshots/save_weights/Inf-Net_Morph/batch_128/run_2
Run: 2
Namespace(epoch=100, lr=0.0001, batchsize=128, trainsize=352, clip=0.5, decay_rate=0.1, decay_epoch=50, is_thop=False, gpu_device=0, num_workers=8, net_channel=32, n_classes=1, backbone='Res2Net50', train_path='./Dataset/TrainingSet/LungInfection-Train/Doctor-label', is_semi=False, is_pseudo=False, train_save=None, run=2, enable_morphology=True, morph_operation='open', morph_kernel_size=3, device='cuda')
 ##################################################
2025-10-23 17:25:23.369626 Epoch [001/100], Step [0001/0001], [lateral-edge: 0.7760, lateral-2: 1.7950, lateral-3: 1.6937, lateral-4: 1.6706, lateral-5: 1.5631]
2025-10-23 17:25:25.082895 Epoch [002/100], Step [0001/0001], [lateral-edge: 0.7641, lateral-2: 1.4686, lateral-3: 1.5057, lateral-4: 1.5261, lateral-5: 1.5255]
2025-10-23 17:25:26.806639 Epoch [003/100], Step [0001/0001], [lateral-edge: 0.7583, lateral-2: 1.4099, lateral-3: 1.4676, lateral-4: 1.5091, lateral-5: 1.5235]
2025-10-23 17:25:28.529443 Epoch [004/100], Step [0001/0001], [lateral-edge: 0.7546, lateral-2: 1.3919, lateral-3: 1.4378, lateral-4: 1.4905, lateral-5: 1.5216]
2025-10-23 17:25:30.291413 Epoch [005/100], Step [0001/0001], [lateral-edge: 0.7518, lateral-2: 1.3852, lateral-3: 1.4235, lateral-4: 1.4634, lateral-5: 1.5208]
2025-10-23 17:25:32.024257 Epoch [006/100], Step [0001/0001], [lateral-edge: 0.7493, lateral-2: 1.3688, lateral-3: 1.4092, lateral-4: 1.4423, lateral-5: 1.5166]
2025-10-23 17:25:33.754998 Epoch [007/100], Step [0001/0001], [lateral-edge: 0.7459, lateral-2: 1.3463, lateral-3: 1.3958, lateral-4: 1.4281, lateral-5: 1.5140]
2025-10-23 17:25:35.472593 Epoch [008/100], Step [0001/0001], [lateral-edge: 0.7431, lateral-2: 1.3327, lateral-3: 1.3780, lateral-4: 1.4137, lateral-5: 1.5113]
2025-10-23 17:25:37.239958 Epoch [009/100], Step [0001/0001], [lateral-edge: 0.7414, lateral-2: 1.3128, lateral-3: 1.3585, lateral-4: 1.3985, lateral-5: 1.5066]
[Saving Snapshot:] ./Snapshots/save_weights/Inf-Net_Morph/batch_128/run_2/Inf-Net-10.pth
2025-10-23 17:25:39.336167 Epoch [010/100], Step [0001/0001], [lateral-edge: 0.7394, lateral-2: 1.2908, lateral-3: 1.3368, lateral-4: 1.3799, lateral-5: 1.4965]
2025-10-23 17:25:41.065122 Epoch [011/100], Step [0001/0001], [lateral-edge: 0.7371, lateral-2: 1.2606, lateral-3: 1.3090, lateral-4: 1.3640, lateral-5: 1.4723]
2025-10-23 17:25:42.819012 Epoch [012/100], Step [0001/0001], [lateral-edge: 0.7355, lateral-2: 1.2259, lateral-3: 1.2831, lateral-4: 1.3398, lateral-5: 1.4272]
2025-10-23 17:25:44.546082 Epoch [013/100], Step [0001/0001], [lateral-edge: 0.7340, lateral-2: 1.1949, lateral-3: 1.2620, lateral-4: 1.3346, lateral-5: 1.3930]
2025-10-23 17:25:46.278807 Epoch [014/100], Step [0001/0001], [lateral-edge: 0.7323, lateral-2: 1.1755, lateral-3: 1.2560, lateral-4: 1.3366, lateral-5: 1.3897]
2025-10-23 17:25:48.034055 Epoch [015/100], Step [0001/0001], [lateral-edge: 0.7309, lateral-2: 1.1376, lateral-3: 1.2083, lateral-4: 1.2917, lateral-5: 1.3941]
2025-10-23 17:25:49.778259 Epoch [016/100], Step [0001/0001], [lateral-edge: 0.7294, lateral-2: 1.0701, lateral-3: 1.1390, lateral-4: 1.2178, lateral-5: 1.3803]
2025-10-23 17:25:51.519214 Epoch [017/100], Step [0001/0001], [lateral-edge: 0.7280, lateral-2: 0.9998, lateral-3: 1.0685, lateral-4: 1.1577, lateral-5: 1.4216]
2025-10-23 17:25:53.223732 Epoch [018/100], Step [0001/0001], [lateral-edge: 0.7266, lateral-2: 0.9201, lateral-3: 0.9966, lateral-4: 1.0909, lateral-5: 1.4892]
2025-10-23 17:25:54.947070 Epoch [019/100], Step [0001/0001], [lateral-edge: 0.7254, lateral-2: 0.8722, lateral-3: 0.9454, lateral-4: 1.0462, lateral-5: 1.5231]
[Saving Snapshot:] ./Snapshots/save_weights/Inf-Net_Morph/batch_128/run_2/Inf-Net-20.pth
2025-10-23 17:25:56.932072 Epoch [020/100], Step [0001/0001], [lateral-edge: 0.7242, lateral-2: 0.8456, lateral-3: 0.9210, lateral-4: 1.0176, lateral-5: 1.5206]
2025-10-23 17:25:58.676297 Epoch [021/100], Step [0001/0001], [lateral-edge: 0.7230, lateral-2: 0.8231, lateral-3: 0.8993, lateral-4: 1.0029, lateral-5: 1.5040]
2025-10-23 17:26:00.417314 Epoch [022/100], Step [0001/0001], [lateral-edge: 0.7218, lateral-2: 0.8158, lateral-3: 0.8893, lateral-4: 0.9957, lateral-5: 1.4920]
2025-10-23 17:26:02.150634 Epoch [023/100], Step [0001/0001], [lateral-edge: 0.7207, lateral-2: 0.7991, lateral-3: 0.8759, lateral-4: 0.9773, lateral-5: 1.4576]
2025-10-23 17:26:03.890210 Epoch [024/100], Step [0001/0001], [lateral-edge: 0.7196, lateral-2: 0.7780, lateral-3: 0.8571, lateral-4: 0.9628, lateral-5: 1.4414]
2025-10-23 17:26:05.628516 Epoch [025/100], Step [0001/0001], [lateral-edge: 0.7185, lateral-2: 0.7603, lateral-3: 0.8413, lateral-4: 0.9485, lateral-5: 1.4132]
2025-10-23 17:26:07.371814 Epoch [026/100], Step [0001/0001], [lateral-edge: 0.7175, lateral-2: 0.7465, lateral-3: 0.8283, lateral-4: 0.9337, lateral-5: 1.3896]
2025-10-23 17:26:09.109926 Epoch [027/100], Step [0001/0001], [lateral-edge: 0.7166, lateral-2: 0.7231, lateral-3: 0.8049, lateral-4: 0.9132, lateral-5: 1.3617]
2025-10-23 17:26:10.849166 Epoch [028/100], Step [0001/0001], [lateral-edge: 0.7156, lateral-2: 0.7024, lateral-3: 0.7879, lateral-4: 0.8971, lateral-5: 1.3417]
2025-10-23 17:26:12.594209 Epoch [029/100], Step [0001/0001], [lateral-edge: 0.7147, lateral-2: 0.6912, lateral-3: 0.7774, lateral-4: 0.8877, lateral-5: 1.3263]
[Saving Snapshot:] ./Snapshots/save_weights/Inf-Net_Morph/batch_128/run_2/Inf-Net-30.pth
2025-10-23 17:26:14.550064 Epoch [030/100], Step [0001/0001], [lateral-edge: 0.7139, lateral-2: 0.6810, lateral-3: 0.7662, lateral-4: 0.8781, lateral-5: 1.3096]
2025-10-23 17:26:16.327921 Epoch [031/100], Step [0001/0001], [lateral-edge: 0.7131, lateral-2: 0.6756, lateral-3: 0.7628, lateral-4: 0.8774, lateral-5: 1.2944]
2025-10-23 17:26:18.077691 Epoch [032/100], Step [0001/0001], [lateral-edge: 0.7123, lateral-2: 0.6756, lateral-3: 0.7624, lateral-4: 0.8777, lateral-5: 1.2871]
2025-10-23 17:26:19.809521 Epoch [033/100], Step [0001/0001], [lateral-edge: 0.7115, lateral-2: 0.6618, lateral-3: 0.7514, lateral-4: 0.8662, lateral-5: 1.2563]
2025-10-23 17:26:21.560191 Epoch [034/100], Step [0001/0001], [lateral-edge: 0.7108, lateral-2: 0.6591, lateral-3: 0.7470, lateral-4: 0.8655, lateral-5: 1.2495]
2025-10-23 17:26:23.304758 Epoch [035/100], Step [0001/0001], [lateral-edge: 0.7102, lateral-2: 0.6510, lateral-3: 0.7416, lateral-4: 0.8596, lateral-5: 1.2354]
2025-10-23 17:26:25.035637 Epoch [036/100], Step [0001/0001], [lateral-edge: 0.7095, lateral-2: 0.6327, lateral-3: 0.7265, lateral-4: 0.8497, lateral-5: 1.2262]
2025-10-23 17:26:26.787851 Epoch [037/100], Step [0001/0001], [lateral-edge: 0.7089, lateral-2: 0.6381, lateral-3: 0.7325, lateral-4: 0.8502, lateral-5: 1.1999]
2025-10-23 17:26:28.526968 Epoch [038/100], Step [0001/0001], [lateral-edge: 0.7083, lateral-2: 0.6235, lateral-3: 0.7178, lateral-4: 0.8422, lateral-5: 1.2062]
2025-10-23 17:26:30.278724 Epoch [039/100], Step [0001/0001], [lateral-edge: 0.7077, lateral-2: 0.6206, lateral-3: 0.7183, lateral-4: 0.8422, lateral-5: 1.1819]
[Saving Snapshot:] ./Snapshots/save_weights/Inf-Net_Morph/batch_128/run_2/Inf-Net-40.pth
2025-10-23 17:26:32.802014 Epoch [040/100], Step [0001/0001], [lateral-edge: 0.7072, lateral-2: 0.6077, lateral-3: 0.7051, lateral-4: 0.8325, lateral-5: 1.1742]
2025-10-23 17:26:34.750760 Epoch [041/100], Step [0001/0001], [lateral-edge: 0.7067, lateral-2: 0.6041, lateral-3: 0.7055, lateral-4: 0.8303, lateral-5: 1.1513]
2025-10-23 17:26:36.483262 Epoch [042/100], Step [0001/0001], [lateral-edge: 0.7062, lateral-2: 0.5950, lateral-3: 0.6944, lateral-4: 0.8238, lateral-5: 1.1505]
2025-10-23 17:26:38.215340 Epoch [043/100], Step [0001/0001], [lateral-edge: 0.7057, lateral-2: 0.5933, lateral-3: 0.6968, lateral-4: 0.8254, lateral-5: 1.1238]
2025-10-23 17:26:39.954058 Epoch [044/100], Step [0001/0001], [lateral-edge: 0.7053, lateral-2: 0.5815, lateral-3: 0.6844, lateral-4: 0.8189, lateral-5: 1.1201]
2025-10-23 17:26:41.699938 Epoch [045/100], Step [0001/0001], [lateral-edge: 0.7048, lateral-2: 0.5748, lateral-3: 0.6814, lateral-4: 0.8145, lateral-5: 1.0988]
2025-10-23 17:26:43.436650 Epoch [046/100], Step [0001/0001], [lateral-edge: 0.7044, lateral-2: 0.5672, lateral-3: 0.6751, lateral-4: 0.8104, lateral-5: 1.0980]
2025-10-23 17:26:45.183488 Epoch [047/100], Step [0001/0001], [lateral-edge: 0.7040, lateral-2: 0.5681, lateral-3: 0.6772, lateral-4: 0.8118, lateral-5: 1.0906]
2025-10-23 17:26:46.921232 Epoch [048/100], Step [0001/0001], [lateral-edge: 0.7037, lateral-2: 0.5606, lateral-3: 0.6679, lateral-4: 0.8080, lateral-5: 1.0859]
2025-10-23 17:26:48.652035 Epoch [049/100], Step [0001/0001], [lateral-edge: 0.7033, lateral-2: 0.5639, lateral-3: 0.6748, lateral-4: 0.8109, lateral-5: 1.0672]
[Saving Snapshot:] ./Snapshots/save_weights/Inf-Net_Morph/batch_128/run_2/Inf-Net-50.pth
2025-10-23 17:26:50.658200 Epoch [050/100], Step [0001/0001], [lateral-edge: 0.7030, lateral-2: 0.5480, lateral-3: 0.6601, lateral-4: 0.8018, lateral-5: 1.0614]
2025-10-23 17:26:52.390211 Epoch [051/100], Step [0001/0001], [lateral-edge: 0.7030, lateral-2: 0.5434, lateral-3: 0.6561, lateral-4: 0.7982, lateral-5: 1.0562]
2025-10-23 17:26:54.131205 Epoch [052/100], Step [0001/0001], [lateral-edge: 0.7030, lateral-2: 0.5428, lateral-3: 0.6557, lateral-4: 0.7979, lateral-5: 1.0554]
2025-10-23 17:26:55.854005 Epoch [053/100], Step [0001/0001], [lateral-edge: 0.7030, lateral-2: 0.5426, lateral-3: 0.6556, lateral-4: 0.7978, lateral-5: 1.0552]
2025-10-23 17:26:57.586153 Epoch [054/100], Step [0001/0001], [lateral-edge: 0.7030, lateral-2: 0.5426, lateral-3: 0.6556, lateral-4: 0.7977, lateral-5: 1.0552]
2025-10-23 17:26:59.318232 Epoch [055/100], Step [0001/0001], [lateral-edge: 0.7030, lateral-2: 0.5426, lateral-3: 0.6556, lateral-4: 0.7977, lateral-5: 1.0552]
2025-10-23 17:27:01.054171 Epoch [056/100], Step [0001/0001], [lateral-edge: 0.7030, lateral-2: 0.5426, lateral-3: 0.6556, lateral-4: 0.7977, lateral-5: 1.0552]
2025-10-23 17:27:02.804118 Epoch [057/100], Step [0001/0001], [lateral-edge: 0.7030, lateral-2: 0.5426, lateral-3: 0.6556, lateral-4: 0.7977, lateral-5: 1.0552]
2025-10-23 17:27:04.536206 Epoch [058/100], Step [0001/0001], [lateral-edge: 0.7030, lateral-2: 0.5426, lateral-3: 0.6556, lateral-4: 0.7978, lateral-5: 1.0553]
2025-10-23 17:27:06.265631 Epoch [059/100], Step [0001/0001], [lateral-edge: 0.7030, lateral-2: 0.5425, lateral-3: 0.6555, lateral-4: 0.7977, lateral-5: 1.0553]
[Saving Snapshot:] ./Snapshots/save_weights/Inf-Net_Morph/batch_128/run_2/Inf-Net-60.pth
2025-10-23 17:27:08.196344 Epoch [060/100], Step [0001/0001], [lateral-edge: 0.7030, lateral-2: 0.5426, lateral-3: 0.6556, lateral-4: 0.7977, lateral-5: 1.0552]
2025-10-23 17:27:09.935110 Epoch [061/100], Step [0001/0001], [lateral-edge: 0.7030, lateral-2: 0.5426, lateral-3: 0.6556, lateral-4: 0.7977, lateral-5: 1.0552]
2025-10-23 17:27:11.682036 Epoch [062/100], Step [0001/0001], [lateral-edge: 0.7030, lateral-2: 0.5426, lateral-3: 0.6556, lateral-4: 0.7977, lateral-5: 1.0553]
2025-10-23 17:27:13.415175 Epoch [063/100], Step [0001/0001], [lateral-edge: 0.7030, lateral-2: 0.5426, lateral-3: 0.6556, lateral-4: 0.7978, lateral-5: 1.0553]
2025-10-23 17:27:15.171794 Epoch [064/100], Step [0001/0001], [lateral-edge: 0.7030, lateral-2: 0.5426, lateral-3: 0.6556, lateral-4: 0.7978, lateral-5: 1.0552]
2025-10-23 17:27:16.915944 Epoch [065/100], Step [0001/0001], [lateral-edge: 0.7030, lateral-2: 0.5426, lateral-3: 0.6556, lateral-4: 0.7977, lateral-5: 1.0552]
2025-10-23 17:27:18.660115 Epoch [066/100], Step [0001/0001], [lateral-edge: 0.7030, lateral-2: 0.5426, lateral-3: 0.6556, lateral-4: 0.7977, lateral-5: 1.0551]
2025-10-23 17:27:20.404885 Epoch [067/100], Step [0001/0001], [lateral-edge: 0.7030, lateral-2: 0.5425, lateral-3: 0.6555, lateral-4: 0.7977, lateral-5: 1.0552]
2025-10-23 17:27:22.171463 Epoch [068/100], Step [0001/0001], [lateral-edge: 0.7030, lateral-2: 0.5425, lateral-3: 0.6555, lateral-4: 0.7977, lateral-5: 1.0552]
2025-10-23 17:27:23.901570 Epoch [069/100], Step [0001/0001], [lateral-edge: 0.7030, lateral-2: 0.5426, lateral-3: 0.6556, lateral-4: 0.7977, lateral-5: 1.0552]
[Saving Snapshot:] ./Snapshots/save_weights/Inf-Net_Morph/batch_128/run_2/Inf-Net-70.pth
2025-10-23 17:27:25.969179 Epoch [070/100], Step [0001/0001], [lateral-edge: 0.7030, lateral-2: 0.5425, lateral-3: 0.6556, lateral-4: 0.7977, lateral-5: 1.0552]
2025-10-23 17:27:27.705377 Epoch [071/100], Step [0001/0001], [lateral-edge: 0.7030, lateral-2: 0.5426, lateral-3: 0.6556, lateral-4: 0.7978, lateral-5: 1.0551]
2025-10-23 17:27:29.457873 Epoch [072/100], Step [0001/0001], [lateral-edge: 0.7030, lateral-2: 0.5426, lateral-3: 0.6556, lateral-4: 0.7978, lateral-5: 1.0552]
2025-10-23 17:27:31.177082 Epoch [073/100], Step [0001/0001], [lateral-edge: 0.7030, lateral-2: 0.5425, lateral-3: 0.6555, lateral-4: 0.7977, lateral-5: 1.0553]
2025-10-23 17:27:32.922402 Epoch [074/100], Step [0001/0001], [lateral-edge: 0.7030, lateral-2: 0.5426, lateral-3: 0.6556, lateral-4: 0.7978, lateral-5: 1.0552]
2025-10-23 17:27:34.655420 Epoch [075/100], Step [0001/0001], [lateral-edge: 0.7030, lateral-2: 0.5426, lateral-3: 0.6556, lateral-4: 0.7977, lateral-5: 1.0553]
2025-10-23 17:27:36.389029 Epoch [076/100], Step [0001/0001], [lateral-edge: 0.7030, lateral-2: 0.5426, lateral-3: 0.6556, lateral-4: 0.7977, lateral-5: 1.0552]
2025-10-23 17:27:38.122445 Epoch [077/100], Step [0001/0001], [lateral-edge: 0.7030, lateral-2: 0.5426, lateral-3: 0.6556, lateral-4: 0.7978, lateral-5: 1.0552]
2025-10-23 17:27:39.874274 Epoch [078/100], Step [0001/0001], [lateral-edge: 0.7030, lateral-2: 0.5426, lateral-3: 0.6556, lateral-4: 0.7977, lateral-5: 1.0552]
2025-10-23 17:27:41.606679 Epoch [079/100], Step [0001/0001], [lateral-edge: 0.7030, lateral-2: 0.5426, lateral-3: 0.6556, lateral-4: 0.7977, lateral-5: 1.0552]
[Saving Snapshot:] ./Snapshots/save_weights/Inf-Net_Morph/batch_128/run_2/Inf-Net-80.pth
2025-10-23 17:27:43.629929 Epoch [080/100], Step [0001/0001], [lateral-edge: 0.7030, lateral-2: 0.5426, lateral-3: 0.6555, lateral-4: 0.7977, lateral-5: 1.0553]
2025-10-23 17:27:45.359112 Epoch [081/100], Step [0001/0001], [lateral-edge: 0.7030, lateral-2: 0.5425, lateral-3: 0.6555, lateral-4: 0.7977, lateral-5: 1.0553]
2025-10-23 17:27:47.110486 Epoch [082/100], Step [0001/0001], [lateral-edge: 0.7030, lateral-2: 0.5426, lateral-3: 0.6556, lateral-4: 0.7977, lateral-5: 1.0553]
2025-10-23 17:27:48.847886 Epoch [083/100], Step [0001/0001], [lateral-edge: 0.7030, lateral-2: 0.5426, lateral-3: 0.6556, lateral-4: 0.7977, lateral-5: 1.0553]
2025-10-23 17:27:50.585364 Epoch [084/100], Step [0001/0001], [lateral-edge: 0.7030, lateral-2: 0.5426, lateral-3: 0.6556, lateral-4: 0.7977, lateral-5: 1.0552]
2025-10-23 17:27:52.338922 Epoch [085/100], Step [0001/0001], [lateral-edge: 0.7030, lateral-2: 0.5425, lateral-3: 0.6555, lateral-4: 0.7977, lateral-5: 1.0552]
2025-10-23 17:27:54.097638 Epoch [086/100], Step [0001/0001], [lateral-edge: 0.7030, lateral-2: 0.5426, lateral-3: 0.6556, lateral-4: 0.7977, lateral-5: 1.0553]
2025-10-23 17:27:55.829061 Epoch [087/100], Step [0001/0001], [lateral-edge: 0.7030, lateral-2: 0.5426, lateral-3: 0.6556, lateral-4: 0.7977, lateral-5: 1.0552]
2025-10-23 17:27:57.574150 Epoch [088/100], Step [0001/0001], [lateral-edge: 0.7030, lateral-2: 0.5425, lateral-3: 0.6555, lateral-4: 0.7977, lateral-5: 1.0552]
2025-10-23 17:27:59.310116 Epoch [089/100], Step [0001/0001], [lateral-edge: 0.7030, lateral-2: 0.5425, lateral-3: 0.6556, lateral-4: 0.7978, lateral-5: 1.0552]
[Saving Snapshot:] ./Snapshots/save_weights/Inf-Net_Morph/batch_128/run_2/Inf-Net-90.pth
2025-10-23 17:28:01.718387 Epoch [090/100], Step [0001/0001], [lateral-edge: 0.7030, lateral-2: 0.5426, lateral-3: 0.6556, lateral-4: 0.7978, lateral-5: 1.0552]
2025-10-23 17:28:03.475394 Epoch [091/100], Step [0001/0001], [lateral-edge: 0.7030, lateral-2: 0.5425, lateral-3: 0.6555, lateral-4: 0.7977, lateral-5: 1.0552]
2025-10-23 17:28:05.214799 Epoch [092/100], Step [0001/0001], [lateral-edge: 0.7030, lateral-2: 0.5425, lateral-3: 0.6556, lateral-4: 0.7977, lateral-5: 1.0552]
2025-10-23 17:28:06.959077 Epoch [093/100], Step [0001/0001], [lateral-edge: 0.7030, lateral-2: 0.5426, lateral-3: 0.6556, lateral-4: 0.7977, lateral-5: 1.0551]
2025-10-23 17:28:08.717088 Epoch [094/100], Step [0001/0001], [lateral-edge: 0.7030, lateral-2: 0.5426, lateral-3: 0.6556, lateral-4: 0.7977, lateral-5: 1.0553]
2025-10-23 17:28:10.443271 Epoch [095/100], Step [0001/0001], [lateral-edge: 0.7030, lateral-2: 0.5426, lateral-3: 0.6556, lateral-4: 0.7977, lateral-5: 1.0552]
2025-10-23 17:28:12.178789 Epoch [096/100], Step [0001/0001], [lateral-edge: 0.7030, lateral-2: 0.5426, lateral-3: 0.6556, lateral-4: 0.7977, lateral-5: 1.0552]
2025-10-23 17:28:13.894935 Epoch [097/100], Step [0001/0001], [lateral-edge: 0.7030, lateral-2: 0.5426, lateral-3: 0.6556, lateral-4: 0.7977, lateral-5: 1.0552]
2025-10-23 17:28:15.630570 Epoch [098/100], Step [0001/0001], [lateral-edge: 0.7030, lateral-2: 0.5425, lateral-3: 0.6555, lateral-4: 0.7977, lateral-5: 1.0553]
2025-10-23 17:28:17.393408 Epoch [099/100], Step [0001/0001], [lateral-edge: 0.7030, lateral-2: 0.5426, lateral-3: 0.6556, lateral-4: 0.7977, lateral-5: 1.0552]
[Saving Snapshot:] ./Snapshots/save_weights/Inf-Net_Morph/batch_128/run_2/Inf-Net-100.pth
2025-10-23 17:28:19.336417 Epoch [100/100], Step [0001/0001], [lateral-edge: 0.7030, lateral-2: 0.5426, lateral-3: 0.6556, lateral-4: 0.7977, lateral-5: 1.0552]
Training completed at Thu Oct 23 17:28:22 CEST 2025
