Backbone loading: Res2Net50
Not loading weights from weights file
################################################## 
Start Training (Inf-Net-Res2Net50)
Backbone: Res2Net50
Batch Size: 64
Morphology: dilation
Save Path: ./Snapshots/save_weights/Inf-Net_Morph/batch_64/run_1
Run: 1
Namespace(epoch=100, lr=0.0001, batchsize=64, trainsize=352, clip=0.5, decay_rate=0.1, decay_epoch=50, is_thop=False, gpu_device=0, num_workers=8, net_channel=32, n_classes=1, backbone='Res2Net50', train_path='./Dataset/TrainingSet/LungInfection-Train/Doctor-label', is_semi=False, is_pseudo=False, train_save=None, run=1, enable_morphology=True, morph_operation='dilation', morph_kernel_size=3, device='cuda')
 ##################################################
2025-10-23 17:22:12.283302 Epoch [001/100], Step [0001/0001], [lateral-edge: 0.7619, lateral-2: 1.5662, lateral-3: 1.5574, lateral-4: 1.5280, lateral-5: 1.5182]
2025-10-23 17:22:13.976157 Epoch [002/100], Step [0001/0001], [lateral-edge: 0.7562, lateral-2: 1.4532, lateral-3: 1.4675, lateral-4: 1.4794, lateral-5: 1.5060]
2025-10-23 17:22:15.674252 Epoch [003/100], Step [0001/0001], [lateral-edge: 0.7518, lateral-2: 1.4083, lateral-3: 1.4276, lateral-4: 1.4420, lateral-5: 1.4917]
2025-10-23 17:22:17.389515 Epoch [004/100], Step [0001/0001], [lateral-edge: 0.7493, lateral-2: 1.3805, lateral-3: 1.3932, lateral-4: 1.4122, lateral-5: 1.4642]
2025-10-23 17:22:19.078907 Epoch [005/100], Step [0001/0001], [lateral-edge: 0.7473, lateral-2: 1.3382, lateral-3: 1.3554, lateral-4: 1.3865, lateral-5: 1.4211]
2025-10-23 17:22:20.820294 Epoch [006/100], Step [0001/0001], [lateral-edge: 0.7441, lateral-2: 1.2855, lateral-3: 1.2910, lateral-4: 1.3528, lateral-5: 1.4085]
2025-10-23 17:22:22.507069 Epoch [007/100], Step [0001/0001], [lateral-edge: 0.7415, lateral-2: 1.2085, lateral-3: 1.2263, lateral-4: 1.2705, lateral-5: 1.4147]
2025-10-23 17:22:24.236149 Epoch [008/100], Step [0001/0001], [lateral-edge: 0.7393, lateral-2: 1.1216, lateral-3: 1.1798, lateral-4: 1.2053, lateral-5: 1.4554]
2025-10-23 17:22:25.960569 Epoch [009/100], Step [0001/0001], [lateral-edge: 0.7373, lateral-2: 1.0468, lateral-3: 1.0872, lateral-4: 1.1372, lateral-5: 1.5033]
[Saving Snapshot:] ./Snapshots/save_weights/Inf-Net_Morph/batch_64/run_1/Inf-Net-10.pth
2025-10-23 17:22:27.881760 Epoch [010/100], Step [0001/0001], [lateral-edge: 0.7356, lateral-2: 0.9803, lateral-3: 1.0335, lateral-4: 1.0690, lateral-5: 1.5344]
2025-10-23 17:22:29.597451 Epoch [011/100], Step [0001/0001], [lateral-edge: 0.7340, lateral-2: 0.9347, lateral-3: 0.9899, lateral-4: 1.0448, lateral-5: 1.5555]
2025-10-23 17:22:31.308649 Epoch [012/100], Step [0001/0001], [lateral-edge: 0.7324, lateral-2: 0.9127, lateral-3: 0.9584, lateral-4: 1.0306, lateral-5: 1.5484]
2025-10-23 17:22:33.029808 Epoch [013/100], Step [0001/0001], [lateral-edge: 0.7312, lateral-2: 0.8827, lateral-3: 0.9428, lateral-4: 1.0169, lateral-5: 1.5328]
2025-10-23 17:22:34.774017 Epoch [014/100], Step [0001/0001], [lateral-edge: 0.7299, lateral-2: 0.8547, lateral-3: 0.9176, lateral-4: 0.9952, lateral-5: 1.5137]
2025-10-23 17:22:36.493789 Epoch [015/100], Step [0001/0001], [lateral-edge: 0.7287, lateral-2: 0.8410, lateral-3: 0.9037, lateral-4: 0.9860, lateral-5: 1.4815]
2025-10-23 17:22:38.217583 Epoch [016/100], Step [0001/0001], [lateral-edge: 0.7276, lateral-2: 0.8156, lateral-3: 0.8906, lateral-4: 0.9742, lateral-5: 1.4699]
2025-10-23 17:22:39.970680 Epoch [017/100], Step [0001/0001], [lateral-edge: 0.7266, lateral-2: 0.8070, lateral-3: 0.8727, lateral-4: 0.9633, lateral-5: 1.4446]
2025-10-23 17:22:41.706529 Epoch [018/100], Step [0001/0001], [lateral-edge: 0.7255, lateral-2: 0.7847, lateral-3: 0.8575, lateral-4: 0.9522, lateral-5: 1.4287]
2025-10-23 17:22:43.448079 Epoch [019/100], Step [0001/0001], [lateral-edge: 0.7245, lateral-2: 0.7668, lateral-3: 0.8386, lateral-4: 0.9359, lateral-5: 1.4033]
[Saving Snapshot:] ./Snapshots/save_weights/Inf-Net_Morph/batch_64/run_1/Inf-Net-20.pth
2025-10-23 17:22:45.394098 Epoch [020/100], Step [0001/0001], [lateral-edge: 0.7235, lateral-2: 0.7493, lateral-3: 0.8260, lateral-4: 0.9252, lateral-5: 1.3869]
2025-10-23 17:22:47.106418 Epoch [021/100], Step [0001/0001], [lateral-edge: 0.7226, lateral-2: 0.7343, lateral-3: 0.8121, lateral-4: 0.9166, lateral-5: 1.3676]
2025-10-23 17:22:48.787614 Epoch [022/100], Step [0001/0001], [lateral-edge: 0.7217, lateral-2: 0.7168, lateral-3: 0.7970, lateral-4: 0.9029, lateral-5: 1.3492]
2025-10-23 17:22:50.533801 Epoch [023/100], Step [0001/0001], [lateral-edge: 0.7207, lateral-2: 0.7043, lateral-3: 0.7855, lateral-4: 0.8932, lateral-5: 1.3251]
2025-10-23 17:22:52.271078 Epoch [024/100], Step [0001/0001], [lateral-edge: 0.7198, lateral-2: 0.6915, lateral-3: 0.7737, lateral-4: 0.8836, lateral-5: 1.3064]
2025-10-23 17:22:53.971725 Epoch [025/100], Step [0001/0001], [lateral-edge: 0.7189, lateral-2: 0.6803, lateral-3: 0.7658, lateral-4: 0.8755, lateral-5: 1.2852]
2025-10-23 17:22:55.704585 Epoch [026/100], Step [0001/0001], [lateral-edge: 0.7181, lateral-2: 0.6687, lateral-3: 0.7543, lateral-4: 0.8672, lateral-5: 1.2739]
2025-10-23 17:22:57.410946 Epoch [027/100], Step [0001/0001], [lateral-edge: 0.7173, lateral-2: 0.6695, lateral-3: 0.7594, lateral-4: 0.8696, lateral-5: 1.2436]
2025-10-23 17:22:59.104310 Epoch [028/100], Step [0001/0001], [lateral-edge: 0.7165, lateral-2: 0.6591, lateral-3: 0.7452, lateral-4: 0.8605, lateral-5: 1.2357]
2025-10-23 17:23:00.814391 Epoch [029/100], Step [0001/0001], [lateral-edge: 0.7157, lateral-2: 0.6543, lateral-3: 0.7457, lateral-4: 0.8619, lateral-5: 1.2081]
[Saving Snapshot:] ./Snapshots/save_weights/Inf-Net_Morph/batch_64/run_1/Inf-Net-30.pth
2025-10-23 17:23:02.678454 Epoch [030/100], Step [0001/0001], [lateral-edge: 0.7149, lateral-2: 0.6416, lateral-3: 0.7324, lateral-4: 0.8513, lateral-5: 1.2052]
2025-10-23 17:23:04.386972 Epoch [031/100], Step [0001/0001], [lateral-edge: 0.7142, lateral-2: 0.6309, lateral-3: 0.7252, lateral-4: 0.8452, lateral-5: 1.1876]
2025-10-23 17:23:06.055925 Epoch [032/100], Step [0001/0001], [lateral-edge: 0.7134, lateral-2: 0.6211, lateral-3: 0.7154, lateral-4: 0.8375, lateral-5: 1.1798]
2025-10-23 17:23:07.756316 Epoch [033/100], Step [0001/0001], [lateral-edge: 0.7127, lateral-2: 0.6152, lateral-3: 0.7131, lateral-4: 0.8359, lateral-5: 1.1590]
2025-10-23 17:23:09.473306 Epoch [034/100], Step [0001/0001], [lateral-edge: 0.7121, lateral-2: 0.6046, lateral-3: 0.7030, lateral-4: 0.8299, lateral-5: 1.1555]
2025-10-23 17:23:11.230548 Epoch [035/100], Step [0001/0001], [lateral-edge: 0.7114, lateral-2: 0.5969, lateral-3: 0.6994, lateral-4: 0.8261, lateral-5: 1.1354]
2025-10-23 17:23:12.938906 Epoch [036/100], Step [0001/0001], [lateral-edge: 0.7107, lateral-2: 0.5934, lateral-3: 0.6951, lateral-4: 0.8258, lateral-5: 1.1259]
2025-10-23 17:23:14.623758 Epoch [037/100], Step [0001/0001], [lateral-edge: 0.7101, lateral-2: 0.5890, lateral-3: 0.6926, lateral-4: 0.8221, lateral-5: 1.1097]
2025-10-23 17:23:16.306776 Epoch [038/100], Step [0001/0001], [lateral-edge: 0.7095, lateral-2: 0.5856, lateral-3: 0.6904, lateral-4: 0.8237, lateral-5: 1.0965]
2025-10-23 17:23:17.990510 Epoch [039/100], Step [0001/0001], [lateral-edge: 0.7089, lateral-2: 0.5858, lateral-3: 0.6905, lateral-4: 0.8237, lateral-5: 1.0934]
[Saving Snapshot:] ./Snapshots/save_weights/Inf-Net_Morph/batch_64/run_1/Inf-Net-40.pth
2025-10-23 17:23:19.929563 Epoch [040/100], Step [0001/0001], [lateral-edge: 0.7084, lateral-2: 0.5849, lateral-3: 0.6908, lateral-4: 0.8276, lateral-5: 1.0776]
2025-10-23 17:23:21.686354 Epoch [041/100], Step [0001/0001], [lateral-edge: 0.7078, lateral-2: 0.5862, lateral-3: 0.6925, lateral-4: 0.8291, lateral-5: 1.0816]
2025-10-23 17:23:23.407500 Epoch [042/100], Step [0001/0001], [lateral-edge: 0.7073, lateral-2: 0.5800, lateral-3: 0.6874, lateral-4: 0.8237, lateral-5: 1.0614]
2025-10-23 17:23:25.104653 Epoch [043/100], Step [0001/0001], [lateral-edge: 0.7068, lateral-2: 0.5711, lateral-3: 0.6810, lateral-4: 0.8217, lateral-5: 1.0622]
2025-10-23 17:23:26.821623 Epoch [044/100], Step [0001/0001], [lateral-edge: 0.7063, lateral-2: 0.5814, lateral-3: 0.6923, lateral-4: 0.8313, lateral-5: 1.0553]
2025-10-23 17:23:28.567631 Epoch [045/100], Step [0001/0001], [lateral-edge: 0.7058, lateral-2: 0.5660, lateral-3: 0.6800, lateral-4: 0.8221, lateral-5: 1.0596]
2025-10-23 17:23:30.291272 Epoch [046/100], Step [0001/0001], [lateral-edge: 0.7054, lateral-2: 0.5613, lateral-3: 0.6762, lateral-4: 0.8202, lateral-5: 1.0475]
2025-10-23 17:23:32.001251 Epoch [047/100], Step [0001/0001], [lateral-edge: 0.7049, lateral-2: 0.5565, lateral-3: 0.6731, lateral-4: 0.8173, lateral-5: 1.0282]
2025-10-23 17:23:33.708272 Epoch [048/100], Step [0001/0001], [lateral-edge: 0.7045, lateral-2: 0.5467, lateral-3: 0.6649, lateral-4: 0.8117, lateral-5: 1.0229]
2025-10-23 17:23:35.429355 Epoch [049/100], Step [0001/0001], [lateral-edge: 0.7041, lateral-2: 0.5491, lateral-3: 0.6668, lateral-4: 0.8137, lateral-5: 1.0091]
[Saving Snapshot:] ./Snapshots/save_weights/Inf-Net_Morph/batch_64/run_1/Inf-Net-50.pth
2025-10-23 17:23:37.394219 Epoch [050/100], Step [0001/0001], [lateral-edge: 0.7038, lateral-2: 0.5376, lateral-3: 0.6594, lateral-4: 0.8094, lateral-5: 1.0076]
2025-10-23 17:23:39.123722 Epoch [051/100], Step [0001/0001], [lateral-edge: 0.7037, lateral-2: 0.5319, lateral-3: 0.6545, lateral-4: 0.8051, lateral-5: 1.0024]
2025-10-23 17:23:40.837534 Epoch [052/100], Step [0001/0001], [lateral-edge: 0.7037, lateral-2: 0.5310, lateral-3: 0.6537, lateral-4: 0.8045, lateral-5: 1.0017]
2025-10-23 17:23:42.566062 Epoch [053/100], Step [0001/0001], [lateral-edge: 0.7037, lateral-2: 0.5309, lateral-3: 0.6536, lateral-4: 0.8045, lateral-5: 1.0012]
2025-10-23 17:23:44.272388 Epoch [054/100], Step [0001/0001], [lateral-edge: 0.7037, lateral-2: 0.5308, lateral-3: 0.6536, lateral-4: 0.8044, lateral-5: 1.0013]
2025-10-23 17:23:45.999650 Epoch [055/100], Step [0001/0001], [lateral-edge: 0.7037, lateral-2: 0.5308, lateral-3: 0.6536, lateral-4: 0.8044, lateral-5: 1.0014]
2025-10-23 17:23:47.730501 Epoch [056/100], Step [0001/0001], [lateral-edge: 0.7037, lateral-2: 0.5308, lateral-3: 0.6536, lateral-4: 0.8044, lateral-5: 1.0013]
2025-10-23 17:23:49.410241 Epoch [057/100], Step [0001/0001], [lateral-edge: 0.7037, lateral-2: 0.5308, lateral-3: 0.6536, lateral-4: 0.8044, lateral-5: 1.0014]
2025-10-23 17:23:51.108166 Epoch [058/100], Step [0001/0001], [lateral-edge: 0.7037, lateral-2: 0.5308, lateral-3: 0.6536, lateral-4: 0.8044, lateral-5: 1.0013]
2025-10-23 17:23:52.794370 Epoch [059/100], Step [0001/0001], [lateral-edge: 0.7037, lateral-2: 0.5308, lateral-3: 0.6536, lateral-4: 0.8044, lateral-5: 1.0014]
[Saving Snapshot:] ./Snapshots/save_weights/Inf-Net_Morph/batch_64/run_1/Inf-Net-60.pth
2025-10-23 17:23:54.741087 Epoch [060/100], Step [0001/0001], [lateral-edge: 0.7037, lateral-2: 0.5308, lateral-3: 0.6536, lateral-4: 0.8044, lateral-5: 1.0014]
2025-10-23 17:23:56.436200 Epoch [061/100], Step [0001/0001], [lateral-edge: 0.7037, lateral-2: 0.5308, lateral-3: 0.6536, lateral-4: 0.8044, lateral-5: 1.0014]
2025-10-23 17:23:58.134712 Epoch [062/100], Step [0001/0001], [lateral-edge: 0.7037, lateral-2: 0.5308, lateral-3: 0.6536, lateral-4: 0.8044, lateral-5: 1.0013]
2025-10-23 17:23:59.847460 Epoch [063/100], Step [0001/0001], [lateral-edge: 0.7037, lateral-2: 0.5308, lateral-3: 0.6536, lateral-4: 0.8044, lateral-5: 1.0014]
2025-10-23 17:24:01.575064 Epoch [064/100], Step [0001/0001], [lateral-edge: 0.7037, lateral-2: 0.5308, lateral-3: 0.6536, lateral-4: 0.8044, lateral-5: 1.0014]
2025-10-23 17:24:03.298832 Epoch [065/100], Step [0001/0001], [lateral-edge: 0.7037, lateral-2: 0.5307, lateral-3: 0.6535, lateral-4: 0.8044, lateral-5: 1.0014]
2025-10-23 17:24:05.030004 Epoch [066/100], Step [0001/0001], [lateral-edge: 0.7037, lateral-2: 0.5308, lateral-3: 0.6536, lateral-4: 0.8044, lateral-5: 1.0014]
2025-10-23 17:24:06.740189 Epoch [067/100], Step [0001/0001], [lateral-edge: 0.7037, lateral-2: 0.5308, lateral-3: 0.6536, lateral-4: 0.8044, lateral-5: 1.0014]
2025-10-23 17:24:08.436503 Epoch [068/100], Step [0001/0001], [lateral-edge: 0.7037, lateral-2: 0.5308, lateral-3: 0.6536, lateral-4: 0.8044, lateral-5: 1.0013]
2025-10-23 17:24:10.167227 Epoch [069/100], Step [0001/0001], [lateral-edge: 0.7037, lateral-2: 0.5308, lateral-3: 0.6536, lateral-4: 0.8044, lateral-5: 1.0014]
[Saving Snapshot:] ./Snapshots/save_weights/Inf-Net_Morph/batch_64/run_1/Inf-Net-70.pth
2025-10-23 17:24:12.212560 Epoch [070/100], Step [0001/0001], [lateral-edge: 0.7037, lateral-2: 0.5308, lateral-3: 0.6536, lateral-4: 0.8044, lateral-5: 1.0014]
2025-10-23 17:24:13.898263 Epoch [071/100], Step [0001/0001], [lateral-edge: 0.7037, lateral-2: 0.5308, lateral-3: 0.6536, lateral-4: 0.8044, lateral-5: 1.0013]
2025-10-23 17:24:15.631840 Epoch [072/100], Step [0001/0001], [lateral-edge: 0.7037, lateral-2: 0.5308, lateral-3: 0.6536, lateral-4: 0.8044, lateral-5: 1.0014]
2025-10-23 17:24:17.345354 Epoch [073/100], Step [0001/0001], [lateral-edge: 0.7037, lateral-2: 0.5309, lateral-3: 0.6536, lateral-4: 0.8044, lateral-5: 1.0014]
2025-10-23 17:24:19.072494 Epoch [074/100], Step [0001/0001], [lateral-edge: 0.7037, lateral-2: 0.5308, lateral-3: 0.6536, lateral-4: 0.8044, lateral-5: 1.0013]
2025-10-23 17:24:20.758478 Epoch [075/100], Step [0001/0001], [lateral-edge: 0.7037, lateral-2: 0.5308, lateral-3: 0.6536, lateral-4: 0.8044, lateral-5: 1.0013]
2025-10-23 17:24:22.479484 Epoch [076/100], Step [0001/0001], [lateral-edge: 0.7037, lateral-2: 0.5308, lateral-3: 0.6536, lateral-4: 0.8044, lateral-5: 1.0013]
2025-10-23 17:24:24.162483 Epoch [077/100], Step [0001/0001], [lateral-edge: 0.7037, lateral-2: 0.5308, lateral-3: 0.6536, lateral-4: 0.8044, lateral-5: 1.0013]
2025-10-23 17:24:25.867438 Epoch [078/100], Step [0001/0001], [lateral-edge: 0.7037, lateral-2: 0.5308, lateral-3: 0.6536, lateral-4: 0.8044, lateral-5: 1.0013]
2025-10-23 17:24:27.589394 Epoch [079/100], Step [0001/0001], [lateral-edge: 0.7037, lateral-2: 0.5308, lateral-3: 0.6536, lateral-4: 0.8044, lateral-5: 1.0014]
[Saving Snapshot:] ./Snapshots/save_weights/Inf-Net_Morph/batch_64/run_1/Inf-Net-80.pth
2025-10-23 17:24:29.582517 Epoch [080/100], Step [0001/0001], [lateral-edge: 0.7037, lateral-2: 0.5308, lateral-3: 0.6536, lateral-4: 0.8044, lateral-5: 1.0014]
2025-10-23 17:24:31.265335 Epoch [081/100], Step [0001/0001], [lateral-edge: 0.7037, lateral-2: 0.5308, lateral-3: 0.6536, lateral-4: 0.8044, lateral-5: 1.0015]
2025-10-23 17:24:32.956550 Epoch [082/100], Step [0001/0001], [lateral-edge: 0.7037, lateral-2: 0.5308, lateral-3: 0.6536, lateral-4: 0.8044, lateral-5: 1.0014]
2025-10-23 17:24:34.666731 Epoch [083/100], Step [0001/0001], [lateral-edge: 0.7037, lateral-2: 0.5308, lateral-3: 0.6536, lateral-4: 0.8044, lateral-5: 1.0014]
2025-10-23 17:24:36.342875 Epoch [084/100], Step [0001/0001], [lateral-edge: 0.7037, lateral-2: 0.5308, lateral-3: 0.6536, lateral-4: 0.8044, lateral-5: 1.0014]
2025-10-23 17:24:38.051107 Epoch [085/100], Step [0001/0001], [lateral-edge: 0.7037, lateral-2: 0.5307, lateral-3: 0.6536, lateral-4: 0.8044, lateral-5: 1.0014]
2025-10-23 17:24:39.775654 Epoch [086/100], Step [0001/0001], [lateral-edge: 0.7037, lateral-2: 0.5308, lateral-3: 0.6536, lateral-4: 0.8044, lateral-5: 1.0015]
2025-10-23 17:24:41.492405 Epoch [087/100], Step [0001/0001], [lateral-edge: 0.7037, lateral-2: 0.5308, lateral-3: 0.6536, lateral-4: 0.8044, lateral-5: 1.0014]
2025-10-23 17:24:43.222898 Epoch [088/100], Step [0001/0001], [lateral-edge: 0.7037, lateral-2: 0.5308, lateral-3: 0.6536, lateral-4: 0.8044, lateral-5: 1.0015]
2025-10-23 17:24:44.938493 Epoch [089/100], Step [0001/0001], [lateral-edge: 0.7037, lateral-2: 0.5308, lateral-3: 0.6536, lateral-4: 0.8044, lateral-5: 1.0014]
[Saving Snapshot:] ./Snapshots/save_weights/Inf-Net_Morph/batch_64/run_1/Inf-Net-90.pth
2025-10-23 17:24:46.857317 Epoch [090/100], Step [0001/0001], [lateral-edge: 0.7037, lateral-2: 0.5308, lateral-3: 0.6536, lateral-4: 0.8044, lateral-5: 1.0013]
2025-10-23 17:24:48.556063 Epoch [091/100], Step [0001/0001], [lateral-edge: 0.7037, lateral-2: 0.5308, lateral-3: 0.6536, lateral-4: 0.8045, lateral-5: 1.0014]
2025-10-23 17:24:50.259500 Epoch [092/100], Step [0001/0001], [lateral-edge: 0.7037, lateral-2: 0.5308, lateral-3: 0.6536, lateral-4: 0.8044, lateral-5: 1.0015]
2025-10-23 17:24:51.951574 Epoch [093/100], Step [0001/0001], [lateral-edge: 0.7037, lateral-2: 0.5308, lateral-3: 0.6536, lateral-4: 0.8044, lateral-5: 1.0015]
2025-10-23 17:24:53.651756 Epoch [094/100], Step [0001/0001], [lateral-edge: 0.7037, lateral-2: 0.5308, lateral-3: 0.6536, lateral-4: 0.8044, lateral-5: 1.0013]
2025-10-23 17:24:55.344231 Epoch [095/100], Step [0001/0001], [lateral-edge: 0.7037, lateral-2: 0.5308, lateral-3: 0.6536, lateral-4: 0.8044, lateral-5: 1.0013]
2025-10-23 17:24:57.053440 Epoch [096/100], Step [0001/0001], [lateral-edge: 0.7037, lateral-2: 0.5308, lateral-3: 0.6536, lateral-4: 0.8044, lateral-5: 1.0014]
2025-10-23 17:24:58.779814 Epoch [097/100], Step [0001/0001], [lateral-edge: 0.7037, lateral-2: 0.5308, lateral-3: 0.6536, lateral-4: 0.8044, lateral-5: 1.0014]
2025-10-23 17:25:00.515008 Epoch [098/100], Step [0001/0001], [lateral-edge: 0.7037, lateral-2: 0.5308, lateral-3: 0.6536, lateral-4: 0.8044, lateral-5: 1.0014]
2025-10-23 17:25:02.240448 Epoch [099/100], Step [0001/0001], [lateral-edge: 0.7037, lateral-2: 0.5308, lateral-3: 0.6536, lateral-4: 0.8044, lateral-5: 1.0015]
[Saving Snapshot:] ./Snapshots/save_weights/Inf-Net_Morph/batch_64/run_1/Inf-Net-100.pth
2025-10-23 17:25:04.195463 Epoch [100/100], Step [0001/0001], [lateral-edge: 0.7037, lateral-2: 0.5308, lateral-3: 0.6536, lateral-4: 0.8044, lateral-5: 1.0013]
Training completed at Thu Oct 23 17:25:05 CEST 2025
