Backbone loading: Res2Net50
Not loading weights from weights file
################################################## 
Start Training (Inf-Net-Res2Net50)
Backbone: Res2Net50
Batch Size: 64
Morphology: close
Save Path: ./Snapshots/save_weights/Inf-Net_Morph/batch_64/run_1
Run: 1
Namespace(epoch=70, lr=0.0001, batchsize=64, trainsize=352, clip=0.5, decay_rate=0.1, decay_epoch=50, is_thop=False, gpu_device=0, num_workers=8, net_channel=32, n_classes=1, backbone='Res2Net50', train_path='./Dataset/TrainingSet/LungInfection-Train/Doctor-label', is_semi=False, is_pseudo=False, train_save=None, run=1, enable_morphology=True, morph_operation='close', morph_kernel_size=3, device='cuda')
 ##################################################
2025-10-26 21:54:37.225389 Epoch [001/070], Step [0001/0001], [lateral-edge: 0.7514, lateral-2: 1.5593, lateral-3: 1.5498, lateral-4: 1.5840, lateral-5: 1.5223]
2025-10-26 21:54:38.778635 Epoch [002/070], Step [0001/0001], [lateral-edge: 0.7469, lateral-2: 1.4363, lateral-3: 1.4506, lateral-4: 1.4863, lateral-5: 1.5040]
2025-10-26 21:54:40.345052 Epoch [003/070], Step [0001/0001], [lateral-edge: 0.7451, lateral-2: 1.3928, lateral-3: 1.4086, lateral-4: 1.4529, lateral-5: 1.4973]
2025-10-26 21:54:41.909310 Epoch [004/070], Step [0001/0001], [lateral-edge: 0.7423, lateral-2: 1.3659, lateral-3: 1.3813, lateral-4: 1.4314, lateral-5: 1.4961]
2025-10-26 21:54:43.482132 Epoch [005/070], Step [0001/0001], [lateral-edge: 0.7406, lateral-2: 1.3420, lateral-3: 1.3595, lateral-4: 1.4055, lateral-5: 1.4942]
2025-10-26 21:54:45.040349 Epoch [006/070], Step [0001/0001], [lateral-edge: 0.7387, lateral-2: 1.3151, lateral-3: 1.3379, lateral-4: 1.3843, lateral-5: 1.4917]
2025-10-26 21:54:46.603956 Epoch [007/070], Step [0001/0001], [lateral-edge: 0.7369, lateral-2: 1.2889, lateral-3: 1.3105, lateral-4: 1.3597, lateral-5: 1.4832]
2025-10-26 21:54:48.180529 Epoch [008/070], Step [0001/0001], [lateral-edge: 0.7355, lateral-2: 1.2484, lateral-3: 1.2751, lateral-4: 1.3349, lateral-5: 1.4540]
2025-10-26 21:54:49.766864 Epoch [009/070], Step [0001/0001], [lateral-edge: 0.7342, lateral-2: 1.1943, lateral-3: 1.2334, lateral-4: 1.3024, lateral-5: 1.4000]
[Saving Snapshot:] ./Snapshots/save_weights/Inf-Net_Morph/batch_64/run_1/Inf-Net-10.pth
2025-10-26 21:54:51.592707 Epoch [010/070], Step [0001/0001], [lateral-edge: 0.7331, lateral-2: 1.1216, lateral-3: 1.1683, lateral-4: 1.2429, lateral-5: 1.3709]
2025-10-26 21:54:53.190031 Epoch [011/070], Step [0001/0001], [lateral-edge: 0.7318, lateral-2: 1.0339, lateral-3: 1.0925, lateral-4: 1.1800, lateral-5: 1.3926]
2025-10-26 21:54:54.787736 Epoch [012/070], Step [0001/0001], [lateral-edge: 0.7310, lateral-2: 0.9672, lateral-3: 1.0348, lateral-4: 1.1412, lateral-5: 1.4362]
2025-10-26 21:54:56.379224 Epoch [013/070], Step [0001/0001], [lateral-edge: 0.7297, lateral-2: 0.8991, lateral-3: 0.9671, lateral-4: 1.0654, lateral-5: 1.4758]
2025-10-26 21:54:57.981057 Epoch [014/070], Step [0001/0001], [lateral-edge: 0.7289, lateral-2: 0.8881, lateral-3: 0.9532, lateral-4: 1.0574, lateral-5: 1.4981]
2025-10-26 21:54:59.598701 Epoch [015/070], Step [0001/0001], [lateral-edge: 0.7278, lateral-2: 0.8481, lateral-3: 0.9188, lateral-4: 1.0146, lateral-5: 1.4841]
2025-10-26 21:55:01.180700 Epoch [016/070], Step [0001/0001], [lateral-edge: 0.7268, lateral-2: 0.8170, lateral-3: 0.8912, lateral-4: 0.9976, lateral-5: 1.4691]
2025-10-26 21:55:02.760787 Epoch [017/070], Step [0001/0001], [lateral-edge: 0.7260, lateral-2: 0.7921, lateral-3: 0.8652, lateral-4: 0.9673, lateral-5: 1.4436]
2025-10-26 21:55:04.328904 Epoch [018/070], Step [0001/0001], [lateral-edge: 0.7251, lateral-2: 0.7752, lateral-3: 0.8533, lateral-4: 0.9570, lateral-5: 1.4267]
2025-10-26 21:55:05.901446 Epoch [019/070], Step [0001/0001], [lateral-edge: 0.7241, lateral-2: 0.7629, lateral-3: 0.8389, lateral-4: 0.9444, lateral-5: 1.4008]
[Saving Snapshot:] ./Snapshots/save_weights/Inf-Net_Morph/batch_64/run_1/Inf-Net-20.pth
2025-10-26 21:55:07.687528 Epoch [020/070], Step [0001/0001], [lateral-edge: 0.7233, lateral-2: 0.7334, lateral-3: 0.8163, lateral-4: 0.9278, lateral-5: 1.3853]
2025-10-26 21:55:09.275816 Epoch [021/070], Step [0001/0001], [lateral-edge: 0.7224, lateral-2: 0.7221, lateral-3: 0.8046, lateral-4: 0.9153, lateral-5: 1.3693]
2025-10-26 21:55:10.872402 Epoch [022/070], Step [0001/0001], [lateral-edge: 0.7215, lateral-2: 0.7044, lateral-3: 0.7893, lateral-4: 0.8993, lateral-5: 1.3422]
2025-10-26 21:55:12.481338 Epoch [023/070], Step [0001/0001], [lateral-edge: 0.7206, lateral-2: 0.6859, lateral-3: 0.7722, lateral-4: 0.8864, lateral-5: 1.3315]
2025-10-26 21:55:14.061947 Epoch [024/070], Step [0001/0001], [lateral-edge: 0.7196, lateral-2: 0.6726, lateral-3: 0.7624, lateral-4: 0.8765, lateral-5: 1.3054]
2025-10-26 21:55:15.622911 Epoch [025/070], Step [0001/0001], [lateral-edge: 0.7187, lateral-2: 0.6567, lateral-3: 0.7466, lateral-4: 0.8621, lateral-5: 1.2887]
2025-10-26 21:55:17.182516 Epoch [026/070], Step [0001/0001], [lateral-edge: 0.7177, lateral-2: 0.6471, lateral-3: 0.7363, lateral-4: 0.8533, lateral-5: 1.2703]
2025-10-26 21:55:18.786784 Epoch [027/070], Step [0001/0001], [lateral-edge: 0.7168, lateral-2: 0.6400, lateral-3: 0.7320, lateral-4: 0.8493, lateral-5: 1.2440]
2025-10-26 21:55:20.385966 Epoch [028/070], Step [0001/0001], [lateral-edge: 0.7158, lateral-2: 0.6325, lateral-3: 0.7255, lateral-4: 0.8495, lateral-5: 1.2271]
2025-10-26 21:55:21.973996 Epoch [029/070], Step [0001/0001], [lateral-edge: 0.7148, lateral-2: 0.6319, lateral-3: 0.7256, lateral-4: 0.8446, lateral-5: 1.1937]
[Saving Snapshot:] ./Snapshots/save_weights/Inf-Net_Morph/batch_64/run_1/Inf-Net-30.pth
2025-10-26 21:55:23.774594 Epoch [030/070], Step [0001/0001], [lateral-edge: 0.7138, lateral-2: 0.6153, lateral-3: 0.7121, lateral-4: 0.8373, lateral-5: 1.1884]
2025-10-26 21:55:25.371691 Epoch [031/070], Step [0001/0001], [lateral-edge: 0.7128, lateral-2: 0.6109, lateral-3: 0.7093, lateral-4: 0.8343, lateral-5: 1.1673]
2025-10-26 21:55:26.937088 Epoch [032/070], Step [0001/0001], [lateral-edge: 0.7119, lateral-2: 0.6076, lateral-3: 0.7052, lateral-4: 0.8323, lateral-5: 1.1484]
2025-10-26 21:55:28.563672 Epoch [033/070], Step [0001/0001], [lateral-edge: 0.7110, lateral-2: 0.6037, lateral-3: 0.7026, lateral-4: 0.8289, lateral-5: 1.1389]
2025-10-26 21:55:30.149591 Epoch [034/070], Step [0001/0001], [lateral-edge: 0.7101, lateral-2: 0.5927, lateral-3: 0.6952, lateral-4: 0.8270, lateral-5: 1.1208]
2025-10-26 21:55:31.747988 Epoch [035/070], Step [0001/0001], [lateral-edge: 0.7092, lateral-2: 0.5872, lateral-3: 0.6900, lateral-4: 0.8222, lateral-5: 1.1114]
2025-10-26 21:55:33.376754 Epoch [036/070], Step [0001/0001], [lateral-edge: 0.7085, lateral-2: 0.5797, lateral-3: 0.6833, lateral-4: 0.8195, lateral-5: 1.1002]
2025-10-26 21:55:34.986738 Epoch [037/070], Step [0001/0001], [lateral-edge: 0.7077, lateral-2: 0.5797, lateral-3: 0.6866, lateral-4: 0.8183, lateral-5: 1.0915]
2025-10-26 21:55:36.581900 Epoch [038/070], Step [0001/0001], [lateral-edge: 0.7070, lateral-2: 0.5678, lateral-3: 0.6761, lateral-4: 0.8131, lateral-5: 1.0767]
2025-10-26 21:55:38.158170 Epoch [039/070], Step [0001/0001], [lateral-edge: 0.7064, lateral-2: 0.5658, lateral-3: 0.6712, lateral-4: 0.8106, lateral-5: 1.0741]
[Saving Snapshot:] ./Snapshots/save_weights/Inf-Net_Morph/batch_64/run_1/Inf-Net-40.pth
2025-10-26 21:55:39.895241 Epoch [040/070], Step [0001/0001], [lateral-edge: 0.7058, lateral-2: 0.5617, lateral-3: 0.6747, lateral-4: 0.8134, lateral-5: 1.0537]
2025-10-26 21:55:41.463119 Epoch [041/070], Step [0001/0001], [lateral-edge: 0.7052, lateral-2: 0.5506, lateral-3: 0.6636, lateral-4: 0.8069, lateral-5: 1.0441]
2025-10-26 21:55:43.032583 Epoch [042/070], Step [0001/0001], [lateral-edge: 0.7047, lateral-2: 0.5491, lateral-3: 0.6642, lateral-4: 0.8066, lateral-5: 1.0388]
2025-10-26 21:55:44.649472 Epoch [043/070], Step [0001/0001], [lateral-edge: 0.7042, lateral-2: 0.5484, lateral-3: 0.6647, lateral-4: 0.8114, lateral-5: 1.0371]
2025-10-26 21:55:46.244910 Epoch [044/070], Step [0001/0001], [lateral-edge: 0.7037, lateral-2: 0.5390, lateral-3: 0.6565, lateral-4: 0.8030, lateral-5: 1.0125]
2025-10-26 21:55:47.838363 Epoch [045/070], Step [0001/0001], [lateral-edge: 0.7033, lateral-2: 0.5281, lateral-3: 0.6473, lateral-4: 0.7991, lateral-5: 1.0037]
2025-10-26 21:55:49.433227 Epoch [046/070], Step [0001/0001], [lateral-edge: 0.7029, lateral-2: 0.5266, lateral-3: 0.6482, lateral-4: 0.7999, lateral-5: 0.9917]
2025-10-26 21:55:51.013269 Epoch [047/070], Step [0001/0001], [lateral-edge: 0.7025, lateral-2: 0.5238, lateral-3: 0.6451, lateral-4: 0.7999, lateral-5: 0.9795]
2025-10-26 21:55:52.623072 Epoch [048/070], Step [0001/0001], [lateral-edge: 0.7021, lateral-2: 0.5210, lateral-3: 0.6426, lateral-4: 0.7975, lateral-5: 0.9708]
2025-10-26 21:55:54.251943 Epoch [049/070], Step [0001/0001], [lateral-edge: 0.7018, lateral-2: 0.5181, lateral-3: 0.6395, lateral-4: 0.7965, lateral-5: 0.9681]
[Saving Snapshot:] ./Snapshots/save_weights/Inf-Net_Morph/batch_64/run_1/Inf-Net-50.pth
2025-10-26 21:55:56.036449 Epoch [050/070], Step [0001/0001], [lateral-edge: 0.7016, lateral-2: 0.5143, lateral-3: 0.6406, lateral-4: 0.7954, lateral-5: 0.9514]
2025-10-26 21:55:57.632338 Epoch [051/070], Step [0001/0001], [lateral-edge: 0.7015, lateral-2: 0.5073, lateral-3: 0.6350, lateral-4: 0.7910, lateral-5: 0.9474]
2025-10-26 21:55:59.239224 Epoch [052/070], Step [0001/0001], [lateral-edge: 0.7015, lateral-2: 0.5061, lateral-3: 0.6339, lateral-4: 0.7902, lateral-5: 0.9467]
2025-10-26 21:56:00.860711 Epoch [053/070], Step [0001/0001], [lateral-edge: 0.7015, lateral-2: 0.5059, lateral-3: 0.6337, lateral-4: 0.7901, lateral-5: 0.9469]
2025-10-26 21:56:02.494334 Epoch [054/070], Step [0001/0001], [lateral-edge: 0.7015, lateral-2: 0.5060, lateral-3: 0.6337, lateral-4: 0.7901, lateral-5: 0.9467]
2025-10-26 21:56:04.095329 Epoch [055/070], Step [0001/0001], [lateral-edge: 0.7015, lateral-2: 0.5060, lateral-3: 0.6337, lateral-4: 0.7900, lateral-5: 0.9468]
2025-10-26 21:56:05.699030 Epoch [056/070], Step [0001/0001], [lateral-edge: 0.7015, lateral-2: 0.5060, lateral-3: 0.6337, lateral-4: 0.7901, lateral-5: 0.9467]
2025-10-26 21:56:07.274548 Epoch [057/070], Step [0001/0001], [lateral-edge: 0.7015, lateral-2: 0.5060, lateral-3: 0.6337, lateral-4: 0.7900, lateral-5: 0.9468]
2025-10-26 21:56:08.853554 Epoch [058/070], Step [0001/0001], [lateral-edge: 0.7015, lateral-2: 0.5060, lateral-3: 0.6337, lateral-4: 0.7901, lateral-5: 0.9468]
2025-10-26 21:56:10.441439 Epoch [059/070], Step [0001/0001], [lateral-edge: 0.7015, lateral-2: 0.5060, lateral-3: 0.6337, lateral-4: 0.7901, lateral-5: 0.9467]
[Saving Snapshot:] ./Snapshots/save_weights/Inf-Net_Morph/batch_64/run_1/Inf-Net-60.pth
2025-10-26 21:56:12.211304 Epoch [060/070], Step [0001/0001], [lateral-edge: 0.7015, lateral-2: 0.5060, lateral-3: 0.6337, lateral-4: 0.7901, lateral-5: 0.9468]
2025-10-26 21:56:13.796760 Epoch [061/070], Step [0001/0001], [lateral-edge: 0.7015, lateral-2: 0.5060, lateral-3: 0.6337, lateral-4: 0.7901, lateral-5: 0.9468]
2025-10-26 21:56:15.368683 Epoch [062/070], Step [0001/0001], [lateral-edge: 0.7015, lateral-2: 0.5060, lateral-3: 0.6337, lateral-4: 0.7901, lateral-5: 0.9467]
2025-10-26 21:56:16.970605 Epoch [063/070], Step [0001/0001], [lateral-edge: 0.7015, lateral-2: 0.5060, lateral-3: 0.6337, lateral-4: 0.7901, lateral-5: 0.9467]
2025-10-26 21:56:18.556571 Epoch [064/070], Step [0001/0001], [lateral-edge: 0.7015, lateral-2: 0.5060, lateral-3: 0.6337, lateral-4: 0.7900, lateral-5: 0.9467]
2025-10-26 21:56:20.142062 Epoch [065/070], Step [0001/0001], [lateral-edge: 0.7015, lateral-2: 0.5060, lateral-3: 0.6337, lateral-4: 0.7900, lateral-5: 0.9468]
2025-10-26 21:56:21.768837 Epoch [066/070], Step [0001/0001], [lateral-edge: 0.7015, lateral-2: 0.5059, lateral-3: 0.6337, lateral-4: 0.7900, lateral-5: 0.9468]
2025-10-26 21:56:23.386430 Epoch [067/070], Step [0001/0001], [lateral-edge: 0.7015, lateral-2: 0.5060, lateral-3: 0.6337, lateral-4: 0.7901, lateral-5: 0.9468]
2025-10-26 21:56:25.024919 Epoch [068/070], Step [0001/0001], [lateral-edge: 0.7015, lateral-2: 0.5060, lateral-3: 0.6337, lateral-4: 0.7900, lateral-5: 0.9468]
2025-10-26 21:56:26.659280 Epoch [069/070], Step [0001/0001], [lateral-edge: 0.7015, lateral-2: 0.5060, lateral-3: 0.6338, lateral-4: 0.7901, lateral-5: 0.9468]
[Saving Snapshot:] ./Snapshots/save_weights/Inf-Net_Morph/batch_64/run_1/Inf-Net-70.pth
2025-10-26 21:56:28.508657 Epoch [070/070], Step [0001/0001], [lateral-edge: 0.7015, lateral-2: 0.5060, lateral-3: 0.6337, lateral-4: 0.7901, lateral-5: 0.9467]
Training completed at Sun Oct 26 21:56:29 CET 2025
