Backbone loading: Res2Net50
Not loading weights from weights file
################################################## 
Start Training (Inf-Net-Res2Net50)
Backbone: Res2Net50
Batch Size: 24
Morphology: open
Save Path: ./Snapshots/save_weights/Inf-Net_Morph/batch_24/run_2
Run: 2
Namespace(epoch=70, lr=0.0001, batchsize=24, trainsize=352, clip=0.5, decay_rate=0.1, decay_epoch=50, is_thop=False, gpu_device=0, num_workers=8, net_channel=32, n_classes=1, backbone='Res2Net50', train_path='./Dataset/TrainingSet/LungInfection-Train/Doctor-label', is_semi=False, is_pseudo=False, train_save=None, run=2, enable_morphology=True, morph_operation='open', morph_kernel_size=3, device='cuda')
 ##################################################
2025-10-26 21:45:54.913171 Epoch [001/070], Step [0003/0003], [lateral-edge: 0.7567, lateral-2: 1.4914, lateral-3: 1.5091, lateral-4: 1.5302, lateral-5: 1.5242]
2025-10-26 21:45:56.530603 Epoch [002/070], Step [0003/0003], [lateral-edge: 0.7475, lateral-2: 1.4157, lateral-3: 1.4341, lateral-4: 1.5148, lateral-5: 1.5318]
2025-10-26 21:45:58.173027 Epoch [003/070], Step [0003/0003], [lateral-edge: 0.7418, lateral-2: 1.2916, lateral-3: 1.3365, lateral-4: 1.4226, lateral-5: 1.5122]
2025-10-26 21:45:59.854992 Epoch [004/070], Step [0003/0003], [lateral-edge: 0.7362, lateral-2: 1.1721, lateral-3: 1.2317, lateral-4: 1.3322, lateral-5: 1.5232]
2025-10-26 21:46:01.554400 Epoch [005/070], Step [0003/0003], [lateral-edge: 0.7324, lateral-2: 1.1128, lateral-3: 1.1763, lateral-4: 1.2932, lateral-5: 1.5275]
2025-10-26 21:46:03.218739 Epoch [006/070], Step [0003/0003], [lateral-edge: 0.7285, lateral-2: 1.0832, lateral-3: 1.1409, lateral-4: 1.2417, lateral-5: 1.5577]
2025-10-26 21:46:04.875662 Epoch [007/070], Step [0003/0003], [lateral-edge: 0.7310, lateral-2: 1.1304, lateral-3: 1.1544, lateral-4: 1.2235, lateral-5: 1.6109]
2025-10-26 21:46:06.533764 Epoch [008/070], Step [0003/0003], [lateral-edge: 0.7249, lateral-2: 1.0397, lateral-3: 1.0946, lateral-4: 1.1837, lateral-5: 1.6155]
2025-10-26 21:46:08.199196 Epoch [009/070], Step [0003/0003], [lateral-edge: 0.7229, lateral-2: 0.9774, lateral-3: 1.0271, lateral-4: 1.1401, lateral-5: 1.5480]
[Saving Snapshot:] ./Snapshots/save_weights/Inf-Net_Morph/batch_24/run_2/Inf-Net-10.pth
2025-10-26 21:46:10.074587 Epoch [010/070], Step [0003/0003], [lateral-edge: 0.7211, lateral-2: 1.0562, lateral-3: 1.0856, lateral-4: 1.1723, lateral-5: 1.5831]
2025-10-26 21:46:11.732934 Epoch [011/070], Step [0003/0003], [lateral-edge: 0.7194, lateral-2: 0.9979, lateral-3: 1.0571, lateral-4: 1.1649, lateral-5: 1.6148]
2025-10-26 21:46:13.387311 Epoch [012/070], Step [0003/0003], [lateral-edge: 0.7153, lateral-2: 0.8979, lateral-3: 0.9754, lateral-4: 1.1094, lateral-5: 1.5864]
2025-10-26 21:46:15.045584 Epoch [013/070], Step [0003/0003], [lateral-edge: 0.7151, lateral-2: 0.8653, lateral-3: 0.9420, lateral-4: 1.0660, lateral-5: 1.5272]
2025-10-26 21:46:16.704028 Epoch [014/070], Step [0003/0003], [lateral-edge: 0.7123, lateral-2: 0.8771, lateral-3: 0.9623, lateral-4: 1.0941, lateral-5: 1.4566]
2025-10-26 21:46:18.347509 Epoch [015/070], Step [0003/0003], [lateral-edge: 0.7122, lateral-2: 0.8942, lateral-3: 0.9755, lateral-4: 1.0850, lateral-5: 1.4214]
2025-10-26 21:46:19.980182 Epoch [016/070], Step [0003/0003], [lateral-edge: 0.7106, lateral-2: 0.8944, lateral-3: 0.9757, lateral-4: 1.1118, lateral-5: 1.4616]
2025-10-26 21:46:21.633872 Epoch [017/070], Step [0003/0003], [lateral-edge: 0.7065, lateral-2: 0.9254, lateral-3: 0.9954, lateral-4: 1.1293, lateral-5: 1.4649]
2025-10-26 21:46:23.272244 Epoch [018/070], Step [0003/0003], [lateral-edge: 0.7079, lateral-2: 0.9097, lateral-3: 0.9843, lateral-4: 1.1088, lateral-5: 1.4927]
2025-10-26 21:46:24.902869 Epoch [019/070], Step [0003/0003], [lateral-edge: 0.7061, lateral-2: 0.8717, lateral-3: 0.9502, lateral-4: 1.0717, lateral-5: 1.4497]
[Saving Snapshot:] ./Snapshots/save_weights/Inf-Net_Morph/batch_24/run_2/Inf-Net-20.pth
2025-10-26 21:46:26.761976 Epoch [020/070], Step [0003/0003], [lateral-edge: 0.7040, lateral-2: 0.9731, lateral-3: 1.0261, lateral-4: 1.1182, lateral-5: 1.4378]
2025-10-26 21:46:28.430795 Epoch [021/070], Step [0003/0003], [lateral-edge: 0.7056, lateral-2: 0.9460, lateral-3: 1.0177, lateral-4: 1.1418, lateral-5: 1.4815]
2025-10-26 21:46:30.100633 Epoch [022/070], Step [0003/0003], [lateral-edge: 0.7037, lateral-2: 0.9106, lateral-3: 0.9762, lateral-4: 1.0963, lateral-5: 1.5176]
2025-10-26 21:46:31.780580 Epoch [023/070], Step [0003/0003], [lateral-edge: 0.7023, lateral-2: 0.8793, lateral-3: 0.9383, lateral-4: 1.0510, lateral-5: 1.4797]
2025-10-26 21:46:33.458286 Epoch [024/070], Step [0003/0003], [lateral-edge: 0.7011, lateral-2: 0.8415, lateral-3: 0.9466, lateral-4: 1.0862, lateral-5: 1.5370]
2025-10-26 21:46:35.136494 Epoch [025/070], Step [0003/0003], [lateral-edge: 0.7003, lateral-2: 0.7980, lateral-3: 0.8912, lateral-4: 1.0258, lateral-5: 1.3892]
2025-10-26 21:46:36.777987 Epoch [026/070], Step [0003/0003], [lateral-edge: 0.7000, lateral-2: 0.8118, lateral-3: 0.9035, lateral-4: 1.0255, lateral-5: 1.3774]
2025-10-26 21:46:38.431928 Epoch [027/070], Step [0003/0003], [lateral-edge: 0.6991, lateral-2: 0.8700, lateral-3: 0.9353, lateral-4: 1.0549, lateral-5: 1.6024]
2025-10-26 21:46:40.081754 Epoch [028/070], Step [0003/0003], [lateral-edge: 0.6984, lateral-2: 0.8258, lateral-3: 0.9033, lateral-4: 1.0281, lateral-5: 1.5109]
2025-10-26 21:46:41.826543 Epoch [029/070], Step [0003/0003], [lateral-edge: 0.6973, lateral-2: 0.7558, lateral-3: 0.8627, lateral-4: 0.9973, lateral-5: 1.3963]
[Saving Snapshot:] ./Snapshots/save_weights/Inf-Net_Morph/batch_24/run_2/Inf-Net-30.pth
2025-10-26 21:46:43.761189 Epoch [030/070], Step [0003/0003], [lateral-edge: 0.6967, lateral-2: 0.8612, lateral-3: 0.9321, lateral-4: 1.0277, lateral-5: 1.4290]
2025-10-26 21:46:45.451872 Epoch [031/070], Step [0003/0003], [lateral-edge: 0.6962, lateral-2: 0.7861, lateral-3: 0.8772, lateral-4: 1.0012, lateral-5: 1.3483]
2025-10-26 21:46:47.161744 Epoch [032/070], Step [0003/0003], [lateral-edge: 0.6947, lateral-2: 0.8348, lateral-3: 0.8801, lateral-4: 0.9824, lateral-5: 1.4345]
2025-10-26 21:46:48.808869 Epoch [033/070], Step [0003/0003], [lateral-edge: 0.6942, lateral-2: 0.8160, lateral-3: 0.8949, lateral-4: 1.0268, lateral-5: 1.3999]
2025-10-26 21:46:50.480344 Epoch [034/070], Step [0003/0003], [lateral-edge: 0.6949, lateral-2: 0.7844, lateral-3: 0.8714, lateral-4: 1.0063, lateral-5: 1.4914]
2025-10-26 21:46:52.150085 Epoch [035/070], Step [0003/0003], [lateral-edge: 0.6930, lateral-2: 0.7962, lateral-3: 0.8751, lateral-4: 0.9931, lateral-5: 1.3370]
2025-10-26 21:46:53.842745 Epoch [036/070], Step [0003/0003], [lateral-edge: 0.6931, lateral-2: 0.9266, lateral-3: 0.9843, lateral-4: 1.0782, lateral-5: 1.3194]
2025-10-26 21:46:55.505250 Epoch [037/070], Step [0003/0003], [lateral-edge: 0.6920, lateral-2: 0.7725, lateral-3: 0.8651, lateral-4: 1.0137, lateral-5: 1.2973]
2025-10-26 21:46:57.158006 Epoch [038/070], Step [0003/0003], [lateral-edge: 0.6914, lateral-2: 0.7403, lateral-3: 0.8209, lateral-4: 0.9555, lateral-5: 1.3658]
2025-10-26 21:46:58.792377 Epoch [039/070], Step [0003/0003], [lateral-edge: 0.6907, lateral-2: 0.7233, lateral-3: 0.8403, lateral-4: 1.0049, lateral-5: 1.2970]
[Saving Snapshot:] ./Snapshots/save_weights/Inf-Net_Morph/batch_24/run_2/Inf-Net-40.pth
2025-10-26 21:47:00.635798 Epoch [040/070], Step [0003/0003], [lateral-edge: 0.6918, lateral-2: 0.8717, lateral-3: 0.9385, lateral-4: 1.0551, lateral-5: 1.4781]
2025-10-26 21:47:02.295440 Epoch [041/070], Step [0003/0003], [lateral-edge: 0.6906, lateral-2: 0.8028, lateral-3: 0.8769, lateral-4: 0.9881, lateral-5: 1.4541]
2025-10-26 21:47:03.957390 Epoch [042/070], Step [0003/0003], [lateral-edge: 0.6895, lateral-2: 0.8970, lateral-3: 0.9807, lateral-4: 1.1134, lateral-5: 1.3140]
2025-10-26 21:47:05.641264 Epoch [043/070], Step [0003/0003], [lateral-edge: 0.6901, lateral-2: 0.8620, lateral-3: 0.9491, lateral-4: 1.0636, lateral-5: 1.3766]
2025-10-26 21:47:07.302396 Epoch [044/070], Step [0003/0003], [lateral-edge: 0.6881, lateral-2: 0.7725, lateral-3: 0.8479, lateral-4: 0.9710, lateral-5: 1.2941]
2025-10-26 21:47:08.967994 Epoch [045/070], Step [0003/0003], [lateral-edge: 0.6892, lateral-2: 0.7873, lateral-3: 0.8888, lateral-4: 1.0215, lateral-5: 1.3629]
2025-10-26 21:47:10.643138 Epoch [046/070], Step [0003/0003], [lateral-edge: 0.6880, lateral-2: 0.7963, lateral-3: 0.8873, lateral-4: 1.0191, lateral-5: 1.2640]
2025-10-26 21:47:12.313946 Epoch [047/070], Step [0003/0003], [lateral-edge: 0.6877, lateral-2: 0.7682, lateral-3: 0.8617, lateral-4: 0.9808, lateral-5: 1.2979]
2025-10-26 21:47:13.971762 Epoch [048/070], Step [0003/0003], [lateral-edge: 0.6875, lateral-2: 0.7296, lateral-3: 0.8197, lateral-4: 0.9520, lateral-5: 1.3922]
2025-10-26 21:47:15.632407 Epoch [049/070], Step [0003/0003], [lateral-edge: 0.6861, lateral-2: 0.6746, lateral-3: 0.7829, lateral-4: 0.9287, lateral-5: 1.2250]
[Saving Snapshot:] ./Snapshots/save_weights/Inf-Net_Morph/batch_24/run_2/Inf-Net-50.pth
2025-10-26 21:47:17.486605 Epoch [050/070], Step [0003/0003], [lateral-edge: 0.6859, lateral-2: 0.7043, lateral-3: 0.7950, lateral-4: 0.9202, lateral-5: 1.2960]
2025-10-26 21:47:19.144286 Epoch [051/070], Step [0003/0003], [lateral-edge: 0.6861, lateral-2: 0.6962, lateral-3: 0.8050, lateral-4: 0.9421, lateral-5: 1.2384]
2025-10-26 21:47:20.821979 Epoch [052/070], Step [0003/0003], [lateral-edge: 0.6852, lateral-2: 0.7208, lateral-3: 0.8310, lateral-4: 0.9838, lateral-5: 1.2972]
2025-10-26 21:47:22.482562 Epoch [053/070], Step [0003/0003], [lateral-edge: 0.6861, lateral-2: 0.7284, lateral-3: 0.8161, lateral-4: 0.9381, lateral-5: 1.3006]
2025-10-26 21:47:24.114533 Epoch [054/070], Step [0003/0003], [lateral-edge: 0.6863, lateral-2: 0.7500, lateral-3: 0.8369, lateral-4: 0.9472, lateral-5: 1.3938]
2025-10-26 21:47:25.770913 Epoch [055/070], Step [0003/0003], [lateral-edge: 0.6861, lateral-2: 0.7905, lateral-3: 0.8745, lateral-4: 0.9902, lateral-5: 1.4471]
2025-10-26 21:47:27.402654 Epoch [056/070], Step [0003/0003], [lateral-edge: 0.6861, lateral-2: 0.7523, lateral-3: 0.8325, lateral-4: 0.9503, lateral-5: 1.4249]
2025-10-26 21:47:29.053696 Epoch [057/070], Step [0003/0003], [lateral-edge: 0.6858, lateral-2: 0.7054, lateral-3: 0.8037, lateral-4: 0.9425, lateral-5: 1.1895]
2025-10-26 21:47:30.744239 Epoch [058/070], Step [0003/0003], [lateral-edge: 0.6862, lateral-2: 0.6838, lateral-3: 0.7790, lateral-4: 0.9118, lateral-5: 1.1769]
2025-10-26 21:47:32.418520 Epoch [059/070], Step [0003/0003], [lateral-edge: 0.6865, lateral-2: 0.7563, lateral-3: 0.8329, lateral-4: 0.9405, lateral-5: 1.4465]
[Saving Snapshot:] ./Snapshots/save_weights/Inf-Net_Morph/batch_24/run_2/Inf-Net-60.pth
2025-10-26 21:47:34.241011 Epoch [060/070], Step [0003/0003], [lateral-edge: 0.6854, lateral-2: 0.7394, lateral-3: 0.8365, lateral-4: 0.9583, lateral-5: 1.2704]
2025-10-26 21:47:35.899015 Epoch [061/070], Step [0003/0003], [lateral-edge: 0.6857, lateral-2: 0.7287, lateral-3: 0.8126, lateral-4: 0.9385, lateral-5: 1.2112]
2025-10-26 21:47:37.577020 Epoch [062/070], Step [0003/0003], [lateral-edge: 0.6863, lateral-2: 0.7234, lateral-3: 0.7989, lateral-4: 0.9088, lateral-5: 1.2147]
2025-10-26 21:47:39.242044 Epoch [063/070], Step [0003/0003], [lateral-edge: 0.6860, lateral-2: 0.6956, lateral-3: 0.8037, lateral-4: 0.9420, lateral-5: 1.2066]
2025-10-26 21:47:40.894142 Epoch [064/070], Step [0003/0003], [lateral-edge: 0.6852, lateral-2: 0.6593, lateral-3: 0.7622, lateral-4: 0.9009, lateral-5: 1.1928]
2025-10-26 21:47:42.572569 Epoch [065/070], Step [0003/0003], [lateral-edge: 0.6861, lateral-2: 0.7253, lateral-3: 0.8177, lateral-4: 0.9354, lateral-5: 1.2776]
2025-10-26 21:47:44.247289 Epoch [066/070], Step [0003/0003], [lateral-edge: 0.6856, lateral-2: 0.8144, lateral-3: 0.9093, lateral-4: 1.0401, lateral-5: 1.2249]
2025-10-26 21:47:45.905812 Epoch [067/070], Step [0003/0003], [lateral-edge: 0.6860, lateral-2: 0.7315, lateral-3: 0.8258, lateral-4: 0.9698, lateral-5: 1.1860]
2025-10-26 21:47:47.589768 Epoch [068/070], Step [0003/0003], [lateral-edge: 0.6852, lateral-2: 0.7139, lateral-3: 0.8255, lateral-4: 0.9762, lateral-5: 1.2891]
2025-10-26 21:47:49.265455 Epoch [069/070], Step [0003/0003], [lateral-edge: 0.6858, lateral-2: 0.7265, lateral-3: 0.8196, lateral-4: 0.9402, lateral-5: 1.2278]
[Saving Snapshot:] ./Snapshots/save_weights/Inf-Net_Morph/batch_24/run_2/Inf-Net-70.pth
2025-10-26 21:47:51.161511 Epoch [070/070], Step [0003/0003], [lateral-edge: 0.6864, lateral-2: 0.7236, lateral-3: 0.8071, lateral-4: 0.9319, lateral-5: 1.3737]
Training completed at Sun Oct 26 21:47:52 CET 2025
