Backbone loading: Res2Net50
Freezing unused branches for DP compatibility...
Trainable: 31,072,721 / 33,121,721 parameters
Not loading weights from weights file
Validator raised issues with model. Attempting auto-fix...
Original error: UnsupportedModuleError
Model successfully fixed for differential privacy
###################################################################### 
Start Training (Inf-Net-Res2Net50)
Backbone: Res2Net50
Batch Size: 128
Privacy: DP Enabled (ε budget, δ=1e-05)
Morphology: open
Save Path: ./Snapshots/save_weights/Inf-Net_DP_Morph/open/batch_128/run_3/noise_multiplier_1.5
Run: 3
Namespace(epoch=100, lr=0.0001, batchsize=128, trainsize=352, clip=0.5, decay_rate=0.1, decay_epoch=50, is_thop=False, gpu_device=0, num_workers=8, net_channel=32, n_classes=1, backbone='Res2Net50', train_path='./Dataset/TrainingSet/LungInfection-Train/Doctor-label', is_semi=False, is_pseudo=False, train_save=None, run=3, enable_privacy=True, noise_multiplier=1.5, max_grad_norm=1.0, delta=1e-05, enable_morphology=True, morph_operation='open', morph_kernel_size=3, morph_privacy_budget=1.0, device='cuda')
 ######################################################################
2025-10-24 13:58:51.034866 Epoch [001/100], Step [0001/0001], [lateral-edge: 0.7689, lateral-2: 1.8019, lateral-3: 1.6459, lateral-4: 1.6188, lateral-5: 1.5514, epsilon: 5.1851]
2025-10-24 13:58:54.244426 Epoch [002/100], Step [0001/0001], [lateral-edge: 0.7690, lateral-2: 1.7577, lateral-3: 1.6173, lateral-4: 1.5888, lateral-5: 1.5483, epsilon: 7.8193]
2025-10-24 13:58:57.351661 Epoch [003/100], Step [0001/0001], [lateral-edge: 0.7690, lateral-2: 1.7202, lateral-3: 1.5938, lateral-4: 1.5652, lateral-5: 1.5452, epsilon: 10.0077]
2025-10-24 13:59:00.615595 Epoch [004/100], Step [0001/0001], [lateral-edge: 0.7689, lateral-2: 1.6898, lateral-3: 1.5750, lateral-4: 1.5495, lateral-5: 1.5424, epsilon: 11.9630]
2025-10-24 13:59:03.765789 Epoch [005/100], Step [0001/0001], [lateral-edge: 0.7689, lateral-2: 1.6655, lateral-3: 1.5602, lateral-4: 1.5386, lateral-5: 1.5397, epsilon: 13.7684]
2025-10-24 13:59:06.894921 Epoch [006/100], Step [0001/0001], [lateral-edge: 0.7688, lateral-2: 1.6445, lateral-3: 1.5478, lateral-4: 1.5300, lateral-5: 1.5373, epsilon: 15.4668]
2025-10-24 13:59:10.019818 Epoch [007/100], Step [0001/0001], [lateral-edge: 0.7688, lateral-2: 1.6264, lateral-3: 1.5372, lateral-4: 1.5231, lateral-5: 1.5350, epsilon: 17.0838]
2025-10-24 13:59:13.122760 Epoch [008/100], Step [0001/0001], [lateral-edge: 0.7687, lateral-2: 1.6098, lateral-3: 1.5279, lateral-4: 1.5174, lateral-5: 1.5328, epsilon: 18.6363]
2025-10-24 13:59:16.398395 Epoch [009/100], Step [0001/0001], [lateral-edge: 0.7685, lateral-2: 1.5944, lateral-3: 1.5197, lateral-4: 1.5121, lateral-5: 1.5304, epsilon: 20.1358]
[Saving Snapshot:] ./Snapshots/save_weights/Inf-Net_DP_Morph/open/batch_128/run_3/noise_multiplier_1.5/Inf-Net-10.pth
2025-10-24 13:59:19.718986 Epoch [010/100], Step [0001/0001], [lateral-edge: 0.7684, lateral-2: 1.5804, lateral-3: 1.5123, lateral-4: 1.5072, lateral-5: 1.5283, epsilon: 21.5910]
2025-10-24 13:59:22.858733 Epoch [011/100], Step [0001/0001], [lateral-edge: 0.7682, lateral-2: 1.5675, lateral-3: 1.5054, lateral-4: 1.5026, lateral-5: 1.5259, epsilon: 23.0082]
2025-10-24 13:59:25.986081 Epoch [012/100], Step [0001/0001], [lateral-edge: 0.7680, lateral-2: 1.5559, lateral-3: 1.4989, lateral-4: 1.4982, lateral-5: 1.5235, epsilon: 24.3925]
2025-10-24 13:59:29.275377 Epoch [013/100], Step [0001/0001], [lateral-edge: 0.7678, lateral-2: 1.5451, lateral-3: 1.4928, lateral-4: 1.4939, lateral-5: 1.5211, epsilon: 25.7479]
2025-10-24 13:59:32.457157 Epoch [014/100], Step [0001/0001], [lateral-edge: 0.7676, lateral-2: 1.5351, lateral-3: 1.4870, lateral-4: 1.4894, lateral-5: 1.5187, epsilon: 27.0777]
2025-10-24 13:59:35.629850 Epoch [015/100], Step [0001/0001], [lateral-edge: 0.7674, lateral-2: 1.5257, lateral-3: 1.4815, lateral-4: 1.4846, lateral-5: 1.5162, epsilon: 28.3845]
2025-10-24 13:59:38.789167 Epoch [016/100], Step [0001/0001], [lateral-edge: 0.7672, lateral-2: 1.5164, lateral-3: 1.4762, lateral-4: 1.4801, lateral-5: 1.5137, epsilon: 29.6705]
2025-10-24 13:59:41.965153 Epoch [017/100], Step [0001/0001], [lateral-edge: 0.7670, lateral-2: 1.5070, lateral-3: 1.4706, lateral-4: 1.4759, lateral-5: 1.5110, epsilon: 30.9378]
2025-10-24 13:59:45.268700 Epoch [018/100], Step [0001/0001], [lateral-edge: 0.7669, lateral-2: 1.4978, lateral-3: 1.4647, lateral-4: 1.4718, lateral-5: 1.5086, epsilon: 32.1878]
2025-10-24 13:59:48.448917 Epoch [019/100], Step [0001/0001], [lateral-edge: 0.7667, lateral-2: 1.4891, lateral-3: 1.4591, lateral-4: 1.4676, lateral-5: 1.5061, epsilon: 33.4220]
[Saving Snapshot:] ./Snapshots/save_weights/Inf-Net_DP_Morph/open/batch_128/run_3/noise_multiplier_1.5/Inf-Net-20.pth
2025-10-24 13:59:51.811167 Epoch [020/100], Step [0001/0001], [lateral-edge: 0.7665, lateral-2: 1.4809, lateral-3: 1.4538, lateral-4: 1.4635, lateral-5: 1.5037, epsilon: 34.6416]
2025-10-24 13:59:55.000815 Epoch [021/100], Step [0001/0001], [lateral-edge: 0.7663, lateral-2: 1.4732, lateral-3: 1.4486, lateral-4: 1.4594, lateral-5: 1.5013, epsilon: 35.8478]
2025-10-24 13:59:58.332625 Epoch [022/100], Step [0001/0001], [lateral-edge: 0.7662, lateral-2: 1.4656, lateral-3: 1.4434, lateral-4: 1.4553, lateral-5: 1.4991, epsilon: 37.0413]
2025-10-24 14:00:01.558240 Epoch [023/100], Step [0001/0001], [lateral-edge: 0.7660, lateral-2: 1.4580, lateral-3: 1.4383, lateral-4: 1.4513, lateral-5: 1.4969, epsilon: 38.2232]
2025-10-24 14:00:04.786987 Epoch [024/100], Step [0001/0001], [lateral-edge: 0.7658, lateral-2: 1.4504, lateral-3: 1.4332, lateral-4: 1.4474, lateral-5: 1.4946, epsilon: 39.3941]
2025-10-24 14:00:07.936113 Epoch [025/100], Step [0001/0001], [lateral-edge: 0.7656, lateral-2: 1.4432, lateral-3: 1.4282, lateral-4: 1.4435, lateral-5: 1.4922, epsilon: 40.5547]
2025-10-24 14:00:11.119894 Epoch [026/100], Step [0001/0001], [lateral-edge: 0.7654, lateral-2: 1.4361, lateral-3: 1.4235, lateral-4: 1.4395, lateral-5: 1.4898, epsilon: 41.7056]
2025-10-24 14:00:14.574232 Epoch [027/100], Step [0001/0001], [lateral-edge: 0.7653, lateral-2: 1.4291, lateral-3: 1.4187, lateral-4: 1.4356, lateral-5: 1.4874, epsilon: 42.8474]
2025-10-24 14:00:17.773477 Epoch [028/100], Step [0001/0001], [lateral-edge: 0.7652, lateral-2: 1.4220, lateral-3: 1.4138, lateral-4: 1.4316, lateral-5: 1.4850, epsilon: 43.9805]
2025-10-24 14:00:20.936757 Epoch [029/100], Step [0001/0001], [lateral-edge: 0.7650, lateral-2: 1.4152, lateral-3: 1.4090, lateral-4: 1.4273, lateral-5: 1.4827, epsilon: 45.1054]
[Saving Snapshot:] ./Snapshots/save_weights/Inf-Net_DP_Morph/open/batch_128/run_3/noise_multiplier_1.5/Inf-Net-30.pth
2025-10-24 14:00:24.423143 Epoch [030/100], Step [0001/0001], [lateral-edge: 0.7649, lateral-2: 1.4085, lateral-3: 1.4042, lateral-4: 1.4228, lateral-5: 1.4804, epsilon: 46.2226]
2025-10-24 14:00:27.740188 Epoch [031/100], Step [0001/0001], [lateral-edge: 0.7648, lateral-2: 1.4017, lateral-3: 1.3993, lateral-4: 1.4186, lateral-5: 1.4781, epsilon: 47.3324]
2025-10-24 14:00:31.126862 Epoch [032/100], Step [0001/0001], [lateral-edge: 0.7646, lateral-2: 1.3952, lateral-3: 1.3945, lateral-4: 1.4146, lateral-5: 1.4757, epsilon: 48.4352]
2025-10-24 14:00:34.343257 Epoch [033/100], Step [0001/0001], [lateral-edge: 0.7645, lateral-2: 1.3887, lateral-3: 1.3896, lateral-4: 1.4105, lateral-5: 1.4733, epsilon: 49.5313]
2025-10-24 14:00:37.628088 Epoch [034/100], Step [0001/0001], [lateral-edge: 0.7643, lateral-2: 1.3824, lateral-3: 1.3847, lateral-4: 1.4064, lateral-5: 1.4709, epsilon: 50.6210]
2025-10-24 14:00:40.940984 Epoch [035/100], Step [0001/0001], [lateral-edge: 0.7642, lateral-2: 1.3763, lateral-3: 1.3800, lateral-4: 1.4020, lateral-5: 1.4685, epsilon: 51.7045]
2025-10-24 14:00:44.389807 Epoch [036/100], Step [0001/0001], [lateral-edge: 0.7640, lateral-2: 1.3704, lateral-3: 1.3755, lateral-4: 1.3977, lateral-5: 1.4662, epsilon: 52.7822]
2025-10-24 14:00:47.615225 Epoch [037/100], Step [0001/0001], [lateral-edge: 0.7638, lateral-2: 1.3646, lateral-3: 1.3712, lateral-4: 1.3936, lateral-5: 1.4640, epsilon: 53.8542]
2025-10-24 14:00:50.883319 Epoch [038/100], Step [0001/0001], [lateral-edge: 0.7636, lateral-2: 1.3589, lateral-3: 1.3669, lateral-4: 1.3897, lateral-5: 1.4618, epsilon: 54.9209]
2025-10-24 14:00:54.152652 Epoch [039/100], Step [0001/0001], [lateral-edge: 0.7634, lateral-2: 1.3535, lateral-3: 1.3626, lateral-4: 1.3857, lateral-5: 1.4596, epsilon: 55.9824]
[Saving Snapshot:] ./Snapshots/save_weights/Inf-Net_DP_Morph/open/batch_128/run_3/noise_multiplier_1.5/Inf-Net-40.pth
2025-10-24 14:00:57.686021 Epoch [040/100], Step [0001/0001], [lateral-edge: 0.7632, lateral-2: 1.3479, lateral-3: 1.3583, lateral-4: 1.3819, lateral-5: 1.4573, epsilon: 57.0388]
2025-10-24 14:01:01.175047 Epoch [041/100], Step [0001/0001], [lateral-edge: 0.7631, lateral-2: 1.3426, lateral-3: 1.3540, lateral-4: 1.3784, lateral-5: 1.4548, epsilon: 58.0905]
2025-10-24 14:01:04.438556 Epoch [042/100], Step [0001/0001], [lateral-edge: 0.7629, lateral-2: 1.3373, lateral-3: 1.3498, lateral-4: 1.3749, lateral-5: 1.4525, epsilon: 59.1375]
2025-10-24 14:01:07.690460 Epoch [043/100], Step [0001/0001], [lateral-edge: 0.7628, lateral-2: 1.3321, lateral-3: 1.3452, lateral-4: 1.3712, lateral-5: 1.4503, epsilon: 60.1801]
2025-10-24 14:01:11.115675 Epoch [044/100], Step [0001/0001], [lateral-edge: 0.7626, lateral-2: 1.3267, lateral-3: 1.3406, lateral-4: 1.3674, lateral-5: 1.4480, epsilon: 61.2184]
2025-10-24 14:01:14.549380 Epoch [045/100], Step [0001/0001], [lateral-edge: 0.7624, lateral-2: 1.3215, lateral-3: 1.3361, lateral-4: 1.3633, lateral-5: 1.4457, epsilon: 62.2524]
2025-10-24 14:01:17.930102 Epoch [046/100], Step [0001/0001], [lateral-edge: 0.7622, lateral-2: 1.3165, lateral-3: 1.3315, lateral-4: 1.3594, lateral-5: 1.4432, epsilon: 63.2825]
2025-10-24 14:01:21.360932 Epoch [047/100], Step [0001/0001], [lateral-edge: 0.7620, lateral-2: 1.3116, lateral-3: 1.3272, lateral-4: 1.3556, lateral-5: 1.4409, epsilon: 64.3086]
2025-10-24 14:01:24.797756 Epoch [048/100], Step [0001/0001], [lateral-edge: 0.7617, lateral-2: 1.3069, lateral-3: 1.3231, lateral-4: 1.3518, lateral-5: 1.4385, epsilon: 65.3310]
2025-10-24 14:01:28.311969 Epoch [049/100], Step [0001/0001], [lateral-edge: 0.7616, lateral-2: 1.3023, lateral-3: 1.3191, lateral-4: 1.3477, lateral-5: 1.4361, epsilon: 66.3497]
[Saving Snapshot:] ./Snapshots/save_weights/Inf-Net_DP_Morph/open/batch_128/run_3/noise_multiplier_1.5/Inf-Net-50.pth
2025-10-24 14:01:31.999272 Epoch [050/100], Step [0001/0001], [lateral-edge: 0.7614, lateral-2: 1.2991, lateral-3: 1.3163, lateral-4: 1.3450, lateral-5: 1.4344, epsilon: 67.3649]
2025-10-24 14:01:35.278231 Epoch [051/100], Step [0001/0001], [lateral-edge: 0.7614, lateral-2: 1.2988, lateral-3: 1.3160, lateral-4: 1.3448, lateral-5: 1.4342, epsilon: 68.3766]
2025-10-24 14:01:38.626543 Epoch [052/100], Step [0001/0001], [lateral-edge: 0.7614, lateral-2: 1.2987, lateral-3: 1.3160, lateral-4: 1.3447, lateral-5: 1.4342, epsilon: 69.3850]
2025-10-24 14:01:42.155786 Epoch [053/100], Step [0001/0001], [lateral-edge: 0.7614, lateral-2: 1.2987, lateral-3: 1.3160, lateral-4: 1.3447, lateral-5: 1.4342, epsilon: 70.3901]
2025-10-24 14:01:45.715803 Epoch [054/100], Step [0001/0001], [lateral-edge: 0.7614, lateral-2: 1.2987, lateral-3: 1.3159, lateral-4: 1.3447, lateral-5: 1.4342, epsilon: 71.3920]
2025-10-24 14:01:49.104255 Epoch [055/100], Step [0001/0001], [lateral-edge: 0.7614, lateral-2: 1.2987, lateral-3: 1.3160, lateral-4: 1.3447, lateral-5: 1.4342, epsilon: 72.3909]
2025-10-24 14:01:52.454925 Epoch [056/100], Step [0001/0001], [lateral-edge: 0.7614, lateral-2: 1.2987, lateral-3: 1.3160, lateral-4: 1.3447, lateral-5: 1.4342, epsilon: 73.3868]
2025-10-24 14:01:55.988500 Epoch [057/100], Step [0001/0001], [lateral-edge: 0.7614, lateral-2: 1.2987, lateral-3: 1.3160, lateral-4: 1.3447, lateral-5: 1.4342, epsilon: 74.3798]
2025-10-24 14:01:59.531268 Epoch [058/100], Step [0001/0001], [lateral-edge: 0.7614, lateral-2: 1.2987, lateral-3: 1.3160, lateral-4: 1.3447, lateral-5: 1.4342, epsilon: 75.3700]
2025-10-24 14:02:03.181739 Epoch [059/100], Step [0001/0001], [lateral-edge: 0.7614, lateral-2: 1.2987, lateral-3: 1.3160, lateral-4: 1.3447, lateral-5: 1.4342, epsilon: 76.3574]
[Saving Snapshot:] ./Snapshots/save_weights/Inf-Net_DP_Morph/open/batch_128/run_3/noise_multiplier_1.5/Inf-Net-60.pth
2025-10-24 14:02:06.967049 Epoch [060/100], Step [0001/0001], [lateral-edge: 0.7614, lateral-2: 1.2987, lateral-3: 1.3160, lateral-4: 1.3447, lateral-5: 1.4342, epsilon: 77.3421]
2025-10-24 14:02:10.518603 Epoch [061/100], Step [0001/0001], [lateral-edge: 0.7614, lateral-2: 1.2987, lateral-3: 1.3160, lateral-4: 1.3447, lateral-5: 1.4342, epsilon: 78.3242]
2025-10-24 14:02:14.103797 Epoch [062/100], Step [0001/0001], [lateral-edge: 0.7614, lateral-2: 1.2987, lateral-3: 1.3160, lateral-4: 1.3447, lateral-5: 1.4342, epsilon: 79.3037]
2025-10-24 14:02:17.734995 Epoch [063/100], Step [0001/0001], [lateral-edge: 0.7614, lateral-2: 1.2987, lateral-3: 1.3160, lateral-4: 1.3447, lateral-5: 1.4342, epsilon: 80.2807]
2025-10-24 14:02:21.313003 Epoch [064/100], Step [0001/0001], [lateral-edge: 0.7614, lateral-2: 1.2987, lateral-3: 1.3160, lateral-4: 1.3447, lateral-5: 1.4342, epsilon: 81.2553]
2025-10-24 14:02:24.752823 Epoch [065/100], Step [0001/0001], [lateral-edge: 0.7614, lateral-2: 1.2987, lateral-3: 1.3160, lateral-4: 1.3447, lateral-5: 1.4342, epsilon: 82.2275]
2025-10-24 14:02:28.404929 Epoch [066/100], Step [0001/0001], [lateral-edge: 0.7614, lateral-2: 1.2987, lateral-3: 1.3160, lateral-4: 1.3447, lateral-5: 1.4342, epsilon: 83.1974]
2025-10-24 14:02:31.895558 Epoch [067/100], Step [0001/0001], [lateral-edge: 0.7614, lateral-2: 1.2987, lateral-3: 1.3160, lateral-4: 1.3447, lateral-5: 1.4342, epsilon: 84.1650]
2025-10-24 14:02:35.308521 Epoch [068/100], Step [0001/0001], [lateral-edge: 0.7614, lateral-2: 1.2987, lateral-3: 1.3160, lateral-4: 1.3447, lateral-5: 1.4342, epsilon: 85.1303]
2025-10-24 14:02:38.853293 Epoch [069/100], Step [0001/0001], [lateral-edge: 0.7614, lateral-2: 1.2987, lateral-3: 1.3160, lateral-4: 1.3447, lateral-5: 1.4342, epsilon: 86.0935]
[Saving Snapshot:] ./Snapshots/save_weights/Inf-Net_DP_Morph/open/batch_128/run_3/noise_multiplier_1.5/Inf-Net-70.pth
2025-10-24 14:02:42.430440 Epoch [070/100], Step [0001/0001], [lateral-edge: 0.7614, lateral-2: 1.2987, lateral-3: 1.3160, lateral-4: 1.3447, lateral-5: 1.4342, epsilon: 87.0546]
2025-10-24 14:02:46.096865 Epoch [071/100], Step [0001/0001], [lateral-edge: 0.7614, lateral-2: 1.2987, lateral-3: 1.3160, lateral-4: 1.3447, lateral-5: 1.4342, epsilon: 88.0136]
2025-10-24 14:02:49.790526 Epoch [072/100], Step [0001/0001], [lateral-edge: 0.7614, lateral-2: 1.2987, lateral-3: 1.3160, lateral-4: 1.3447, lateral-5: 1.4342, epsilon: 88.9705]
2025-10-24 14:02:53.512004 Epoch [073/100], Step [0001/0001], [lateral-edge: 0.7614, lateral-2: 1.2987, lateral-3: 1.3160, lateral-4: 1.3447, lateral-5: 1.4342, epsilon: 89.9255]
2025-10-24 14:02:57.407786 Epoch [074/100], Step [0001/0001], [lateral-edge: 0.7614, lateral-2: 1.2987, lateral-3: 1.3160, lateral-4: 1.3447, lateral-5: 1.4342, epsilon: 90.8785]
2025-10-24 14:03:01.193946 Epoch [075/100], Step [0001/0001], [lateral-edge: 0.7614, lateral-2: 1.2987, lateral-3: 1.3160, lateral-4: 1.3447, lateral-5: 1.4342, epsilon: 91.8295]
2025-10-24 14:03:05.001228 Epoch [076/100], Step [0001/0001], [lateral-edge: 0.7614, lateral-2: 1.2987, lateral-3: 1.3160, lateral-4: 1.3447, lateral-5: 1.4342, epsilon: 92.7787]
2025-10-24 14:03:08.482174 Epoch [077/100], Step [0001/0001], [lateral-edge: 0.7614, lateral-2: 1.2987, lateral-3: 1.3160, lateral-4: 1.3447, lateral-5: 1.4342, epsilon: 93.7260]
2025-10-24 14:03:12.446407 Epoch [078/100], Step [0001/0001], [lateral-edge: 0.7614, lateral-2: 1.2987, lateral-3: 1.3160, lateral-4: 1.3447, lateral-5: 1.4342, epsilon: 94.6716]
2025-10-24 14:03:16.272194 Epoch [079/100], Step [0001/0001], [lateral-edge: 0.7614, lateral-2: 1.2987, lateral-3: 1.3160, lateral-4: 1.3447, lateral-5: 1.4342, epsilon: 95.6153]
[Saving Snapshot:] ./Snapshots/save_weights/Inf-Net_DP_Morph/open/batch_128/run_3/noise_multiplier_1.5/Inf-Net-80.pth
2025-10-24 14:03:20.229307 Epoch [080/100], Step [0001/0001], [lateral-edge: 0.7614, lateral-2: 1.2987, lateral-3: 1.3160, lateral-4: 1.3447, lateral-5: 1.4342, epsilon: 96.5574]
2025-10-24 14:03:24.157452 Epoch [081/100], Step [0001/0001], [lateral-edge: 0.7614, lateral-2: 1.2987, lateral-3: 1.3160, lateral-4: 1.3447, lateral-5: 1.4342, epsilon: 97.4977]
2025-10-24 14:03:28.113867 Epoch [082/100], Step [0001/0001], [lateral-edge: 0.7614, lateral-2: 1.2987, lateral-3: 1.3160, lateral-4: 1.3447, lateral-5: 1.4342, epsilon: 98.4363]
2025-10-24 14:03:32.015107 Epoch [083/100], Step [0001/0001], [lateral-edge: 0.7614, lateral-2: 1.2987, lateral-3: 1.3160, lateral-4: 1.3447, lateral-5: 1.4342, epsilon: 99.3733]
2025-10-24 14:03:35.947773 Epoch [084/100], Step [0001/0001], [lateral-edge: 0.7614, lateral-2: 1.2987, lateral-3: 1.3160, lateral-4: 1.3447, lateral-5: 1.4342, epsilon: 100.3087]
2025-10-24 14:03:39.496138 Epoch [085/100], Step [0001/0001], [lateral-edge: 0.7614, lateral-2: 1.2987, lateral-3: 1.3160, lateral-4: 1.3447, lateral-5: 1.4342, epsilon: 101.2425]
2025-10-24 14:03:43.459423 Epoch [086/100], Step [0001/0001], [lateral-edge: 0.7614, lateral-2: 1.2987, lateral-3: 1.3160, lateral-4: 1.3447, lateral-5: 1.4342, epsilon: 102.1747]
2025-10-24 14:03:47.196459 Epoch [087/100], Step [0001/0001], [lateral-edge: 0.7614, lateral-2: 1.2987, lateral-3: 1.3160, lateral-4: 1.3447, lateral-5: 1.4342, epsilon: 103.1054]
2025-10-24 14:03:50.715364 Epoch [088/100], Step [0001/0001], [lateral-edge: 0.7614, lateral-2: 1.2987, lateral-3: 1.3160, lateral-4: 1.3447, lateral-5: 1.4342, epsilon: 104.0346]
2025-10-24 14:03:54.705374 Epoch [089/100], Step [0001/0001], [lateral-edge: 0.7614, lateral-2: 1.2987, lateral-3: 1.3160, lateral-4: 1.3447, lateral-5: 1.4342, epsilon: 104.9623]
[Saving Snapshot:] ./Snapshots/save_weights/Inf-Net_DP_Morph/open/batch_128/run_3/noise_multiplier_1.5/Inf-Net-90.pth
2025-10-24 14:03:58.892489 Epoch [090/100], Step [0001/0001], [lateral-edge: 0.7614, lateral-2: 1.2987, lateral-3: 1.3160, lateral-4: 1.3447, lateral-5: 1.4342, epsilon: 105.8885]
2025-10-24 14:04:02.965138 Epoch [091/100], Step [0001/0001], [lateral-edge: 0.7614, lateral-2: 1.2987, lateral-3: 1.3160, lateral-4: 1.3447, lateral-5: 1.4342, epsilon: 106.8133]
2025-10-24 14:04:07.110670 Epoch [092/100], Step [0001/0001], [lateral-edge: 0.7614, lateral-2: 1.2987, lateral-3: 1.3160, lateral-4: 1.3447, lateral-5: 1.4342, epsilon: 107.7368]
2025-10-24 14:04:11.028753 Epoch [093/100], Step [0001/0001], [lateral-edge: 0.7614, lateral-2: 1.2987, lateral-3: 1.3160, lateral-4: 1.3447, lateral-5: 1.4342, epsilon: 108.6588]
2025-10-24 14:04:15.128296 Epoch [094/100], Step [0001/0001], [lateral-edge: 0.7614, lateral-2: 1.2987, lateral-3: 1.3160, lateral-4: 1.3447, lateral-5: 1.4342, epsilon: 109.5794]
2025-10-24 14:04:19.229658 Epoch [095/100], Step [0001/0001], [lateral-edge: 0.7614, lateral-2: 1.2987, lateral-3: 1.3160, lateral-4: 1.3447, lateral-5: 1.4342, epsilon: 110.4988]
2025-10-24 14:04:23.360597 Epoch [096/100], Step [0001/0001], [lateral-edge: 0.7614, lateral-2: 1.2987, lateral-3: 1.3160, lateral-4: 1.3447, lateral-5: 1.4342, epsilon: 111.4168]
2025-10-24 14:04:27.715009 Epoch [097/100], Step [0001/0001], [lateral-edge: 0.7614, lateral-2: 1.2987, lateral-3: 1.3160, lateral-4: 1.3447, lateral-5: 1.4342, epsilon: 112.3335]
2025-10-24 14:04:31.452019 Epoch [098/100], Step [0001/0001], [lateral-edge: 0.7614, lateral-2: 1.2987, lateral-3: 1.3160, lateral-4: 1.3447, lateral-5: 1.4342, epsilon: 113.2489]
2025-10-24 14:04:35.306695 Epoch [099/100], Step [0001/0001], [lateral-edge: 0.7614, lateral-2: 1.2987, lateral-3: 1.3160, lateral-4: 1.3447, lateral-5: 1.4342, epsilon: 114.1630]
[Saving Snapshot:] ./Snapshots/save_weights/Inf-Net_DP_Morph/open/batch_128/run_3/noise_multiplier_1.5/Inf-Net-100.pth
2025-10-24 14:04:39.621491 Epoch [100/100], Step [0001/0001], [lateral-edge: 0.7614, lateral-2: 1.2987, lateral-3: 1.3160, lateral-4: 1.3447, lateral-5: 1.4342, epsilon: 115.0760]
Training completed at Fri Oct 24 14:04:41 CEST 2025
