Backbone loading: Res2Net50
Not loading weights from weights file
################################################## 
Start Training (Inf-Net-Res2Net50)
Backbone: Res2Net50
Batch Size: 32
Morphology: erosion
Save Path: ./Snapshots/save_weights/Inf-Net_Morph/batch_32/run_1
Run: 1
Namespace(epoch=100, lr=0.0001, batchsize=32, trainsize=352, clip=0.5, decay_rate=0.1, decay_epoch=50, is_thop=False, gpu_device=0, num_workers=8, net_channel=32, n_classes=1, backbone='Res2Net50', train_path='./Dataset/TrainingSet/LungInfection-Train/Doctor-label', is_semi=False, is_pseudo=False, train_save=None, run=1, enable_morphology=True, morph_operation='erosion', morph_kernel_size=3, device='cuda')
 ##################################################
2025-10-23 17:22:12.443827 Epoch [001/100], Step [0002/0002], [lateral-edge: 0.7549, lateral-2: 1.4599, lateral-3: 1.5274, lateral-4: 1.5464, lateral-5: 1.5035]
2025-10-23 17:22:14.008844 Epoch [002/100], Step [0002/0002], [lateral-edge: 0.7490, lateral-2: 1.3297, lateral-3: 1.3816, lateral-4: 1.4430, lateral-5: 1.4940]
2025-10-23 17:22:15.685177 Epoch [003/100], Step [0002/0002], [lateral-edge: 0.7462, lateral-2: 1.2825, lateral-3: 1.3375, lateral-4: 1.4195, lateral-5: 1.4913]
2025-10-23 17:22:17.348030 Epoch [004/100], Step [0002/0002], [lateral-edge: 0.7419, lateral-2: 1.2382, lateral-3: 1.3005, lateral-4: 1.3829, lateral-5: 1.4819]
2025-10-23 17:22:18.972189 Epoch [005/100], Step [0002/0002], [lateral-edge: 0.7386, lateral-2: 1.2123, lateral-3: 1.2705, lateral-4: 1.3678, lateral-5: 1.4675]
2025-10-23 17:22:20.585467 Epoch [006/100], Step [0002/0002], [lateral-edge: 0.7360, lateral-2: 1.2197, lateral-3: 1.2792, lateral-4: 1.3670, lateral-5: 1.4543]
2025-10-23 17:22:22.236576 Epoch [007/100], Step [0002/0002], [lateral-edge: 0.7332, lateral-2: 1.1509, lateral-3: 1.2105, lateral-4: 1.3100, lateral-5: 1.4076]
2025-10-23 17:22:23.913667 Epoch [008/100], Step [0002/0002], [lateral-edge: 0.7310, lateral-2: 1.0820, lateral-3: 1.1473, lateral-4: 1.2486, lateral-5: 1.4057]
2025-10-23 17:22:25.560921 Epoch [009/100], Step [0002/0002], [lateral-edge: 0.7289, lateral-2: 0.9817, lateral-3: 1.0538, lateral-4: 1.1644, lateral-5: 1.4690]
[Saving Snapshot:] ./Snapshots/save_weights/Inf-Net_Morph/batch_32/run_1/Inf-Net-10.pth
2025-10-23 17:22:27.574194 Epoch [010/100], Step [0002/0002], [lateral-edge: 0.7272, lateral-2: 0.9183, lateral-3: 0.9956, lateral-4: 1.1163, lateral-5: 1.5087]
2025-10-23 17:22:29.176244 Epoch [011/100], Step [0002/0002], [lateral-edge: 0.7258, lateral-2: 0.9076, lateral-3: 0.9830, lateral-4: 1.0925, lateral-5: 1.4640]
2025-10-23 17:22:30.885798 Epoch [012/100], Step [0002/0002], [lateral-edge: 0.7238, lateral-2: 0.8987, lateral-3: 0.9747, lateral-4: 1.0919, lateral-5: 1.4684]
2025-10-23 17:22:32.502041 Epoch [013/100], Step [0002/0002], [lateral-edge: 0.7223, lateral-2: 0.8688, lateral-3: 0.9466, lateral-4: 1.0656, lateral-5: 1.4460]
2025-10-23 17:22:34.135479 Epoch [014/100], Step [0002/0002], [lateral-edge: 0.7213, lateral-2: 0.8470, lateral-3: 0.9230, lateral-4: 1.0369, lateral-5: 1.4365]
2025-10-23 17:22:35.783369 Epoch [015/100], Step [0002/0002], [lateral-edge: 0.7195, lateral-2: 0.7967, lateral-3: 0.8811, lateral-4: 1.0045, lateral-5: 1.4211]
2025-10-23 17:22:37.440175 Epoch [016/100], Step [0002/0002], [lateral-edge: 0.7181, lateral-2: 0.8086, lateral-3: 0.8877, lateral-4: 1.0062, lateral-5: 1.4005]
2025-10-23 17:22:39.070351 Epoch [017/100], Step [0002/0002], [lateral-edge: 0.7173, lateral-2: 0.7676, lateral-3: 0.8558, lateral-4: 0.9775, lateral-5: 1.3811]
2025-10-23 17:22:40.698495 Epoch [018/100], Step [0002/0002], [lateral-edge: 0.7160, lateral-2: 0.7325, lateral-3: 0.8211, lateral-4: 0.9468, lateral-5: 1.3594]
2025-10-23 17:22:42.312289 Epoch [019/100], Step [0002/0002], [lateral-edge: 0.7153, lateral-2: 0.7504, lateral-3: 0.8328, lateral-4: 0.9486, lateral-5: 1.3450]
[Saving Snapshot:] ./Snapshots/save_weights/Inf-Net_Morph/batch_32/run_1/Inf-Net-20.pth
2025-10-23 17:22:44.261752 Epoch [020/100], Step [0002/0002], [lateral-edge: 0.7141, lateral-2: 0.7502, lateral-3: 0.8348, lateral-4: 0.9526, lateral-5: 1.3422]
2025-10-23 17:22:45.920995 Epoch [021/100], Step [0002/0002], [lateral-edge: 0.7129, lateral-2: 0.7251, lateral-3: 0.8133, lateral-4: 0.9353, lateral-5: 1.3411]
2025-10-23 17:22:47.570782 Epoch [022/100], Step [0002/0002], [lateral-edge: 0.7119, lateral-2: 0.7109, lateral-3: 0.8023, lateral-4: 0.9235, lateral-5: 1.3268]
2025-10-23 17:22:49.198763 Epoch [023/100], Step [0002/0002], [lateral-edge: 0.7111, lateral-2: 0.7305, lateral-3: 0.8166, lateral-4: 0.9338, lateral-5: 1.3356]
2025-10-23 17:22:50.847599 Epoch [024/100], Step [0002/0002], [lateral-edge: 0.7099, lateral-2: 0.6953, lateral-3: 0.7839, lateral-4: 0.9101, lateral-5: 1.2758]
2025-10-23 17:22:52.491378 Epoch [025/100], Step [0002/0002], [lateral-edge: 0.7091, lateral-2: 0.6867, lateral-3: 0.7841, lateral-4: 0.9047, lateral-5: 1.2550]
2025-10-23 17:22:54.177477 Epoch [026/100], Step [0002/0002], [lateral-edge: 0.7084, lateral-2: 0.7029, lateral-3: 0.7862, lateral-4: 0.9110, lateral-5: 1.2749]
2025-10-23 17:22:55.826129 Epoch [027/100], Step [0002/0002], [lateral-edge: 0.7074, lateral-2: 0.7005, lateral-3: 0.7963, lateral-4: 0.9144, lateral-5: 1.2040]
2025-10-23 17:22:57.463843 Epoch [028/100], Step [0002/0002], [lateral-edge: 0.7067, lateral-2: 0.6629, lateral-3: 0.7578, lateral-4: 0.8807, lateral-5: 1.2474]
2025-10-23 17:22:59.089722 Epoch [029/100], Step [0002/0002], [lateral-edge: 0.7058, lateral-2: 0.6452, lateral-3: 0.7437, lateral-4: 0.8692, lateral-5: 1.2391]
[Saving Snapshot:] ./Snapshots/save_weights/Inf-Net_Morph/batch_32/run_1/Inf-Net-30.pth
2025-10-23 17:23:01.103114 Epoch [030/100], Step [0002/0002], [lateral-edge: 0.7051, lateral-2: 0.6407, lateral-3: 0.7458, lateral-4: 0.8743, lateral-5: 1.2324]
2025-10-23 17:23:02.712735 Epoch [031/100], Step [0002/0002], [lateral-edge: 0.7043, lateral-2: 0.6462, lateral-3: 0.7486, lateral-4: 0.8785, lateral-5: 1.2205]
2025-10-23 17:23:04.416697 Epoch [032/100], Step [0002/0002], [lateral-edge: 0.7035, lateral-2: 0.6140, lateral-3: 0.7223, lateral-4: 0.8521, lateral-5: 1.1751]
2025-10-23 17:23:06.083520 Epoch [033/100], Step [0002/0002], [lateral-edge: 0.7031, lateral-2: 0.7437, lateral-3: 0.8222, lateral-4: 0.9446, lateral-5: 1.2331]
2025-10-23 17:23:07.695500 Epoch [034/100], Step [0002/0002], [lateral-edge: 0.7023, lateral-2: 0.6950, lateral-3: 0.8009, lateral-4: 0.9184, lateral-5: 1.1133]
2025-10-23 17:23:09.331679 Epoch [035/100], Step [0002/0002], [lateral-edge: 0.7021, lateral-2: 0.6574, lateral-3: 0.7522, lateral-4: 0.8733, lateral-5: 1.1271]
2025-10-23 17:23:10.986081 Epoch [036/100], Step [0002/0002], [lateral-edge: 0.7011, lateral-2: 0.6510, lateral-3: 0.7541, lateral-4: 0.8845, lateral-5: 1.1903]
2025-10-23 17:23:12.694980 Epoch [037/100], Step [0002/0002], [lateral-edge: 0.7008, lateral-2: 0.6709, lateral-3: 0.7636, lateral-4: 0.8796, lateral-5: 1.1474]
2025-10-23 17:23:14.416566 Epoch [038/100], Step [0002/0002], [lateral-edge: 0.7003, lateral-2: 0.6442, lateral-3: 0.7464, lateral-4: 0.8817, lateral-5: 1.1119]
2025-10-23 17:23:16.057138 Epoch [039/100], Step [0002/0002], [lateral-edge: 0.6993, lateral-2: 0.6061, lateral-3: 0.7178, lateral-4: 0.8537, lateral-5: 1.0874]
[Saving Snapshot:] ./Snapshots/save_weights/Inf-Net_Morph/batch_32/run_1/Inf-Net-40.pth
2025-10-23 17:23:18.084362 Epoch [040/100], Step [0002/0002], [lateral-edge: 0.6990, lateral-2: 0.6375, lateral-3: 0.7310, lateral-4: 0.8580, lateral-5: 1.1346]
2025-10-23 17:23:19.721913 Epoch [041/100], Step [0002/0002], [lateral-edge: 0.6984, lateral-2: 0.5904, lateral-3: 0.7032, lateral-4: 0.8364, lateral-5: 1.0584]
2025-10-23 17:23:21.367674 Epoch [042/100], Step [0002/0002], [lateral-edge: 0.6977, lateral-2: 0.5885, lateral-3: 0.7024, lateral-4: 0.8350, lateral-5: 1.0408]
2025-10-23 17:23:23.116777 Epoch [043/100], Step [0002/0002], [lateral-edge: 0.6972, lateral-2: 0.5771, lateral-3: 0.6908, lateral-4: 0.8250, lateral-5: 1.0676]
2025-10-23 17:23:24.760157 Epoch [044/100], Step [0002/0002], [lateral-edge: 0.6970, lateral-2: 0.5732, lateral-3: 0.6828, lateral-4: 0.8202, lateral-5: 1.0625]
2025-10-23 17:23:26.386032 Epoch [045/100], Step [0002/0002], [lateral-edge: 0.6964, lateral-2: 0.5630, lateral-3: 0.6820, lateral-4: 0.8169, lateral-5: 1.0451]
2025-10-23 17:23:28.123082 Epoch [046/100], Step [0002/0002], [lateral-edge: 0.6956, lateral-2: 0.5609, lateral-3: 0.6788, lateral-4: 0.8215, lateral-5: 1.0559]
2025-10-23 17:23:29.773077 Epoch [047/100], Step [0002/0002], [lateral-edge: 0.6951, lateral-2: 0.5600, lateral-3: 0.6816, lateral-4: 0.8213, lateral-5: 0.9947]
2025-10-23 17:23:31.408037 Epoch [048/100], Step [0002/0002], [lateral-edge: 0.6950, lateral-2: 0.5552, lateral-3: 0.6726, lateral-4: 0.8123, lateral-5: 1.0078]
2025-10-23 17:23:33.090873 Epoch [049/100], Step [0002/0002], [lateral-edge: 0.6944, lateral-2: 0.5453, lateral-3: 0.6652, lateral-4: 0.8050, lateral-5: 0.9830]
[Saving Snapshot:] ./Snapshots/save_weights/Inf-Net_Morph/batch_32/run_1/Inf-Net-50.pth
2025-10-23 17:23:35.029344 Epoch [050/100], Step [0002/0002], [lateral-edge: 0.6939, lateral-2: 0.5588, lateral-3: 0.6811, lateral-4: 0.8268, lateral-5: 1.0254]
2025-10-23 17:23:36.699163 Epoch [051/100], Step [0002/0002], [lateral-edge: 0.6940, lateral-2: 0.5325, lateral-3: 0.6573, lateral-4: 0.8031, lateral-5: 0.9821]
2025-10-23 17:23:38.329557 Epoch [052/100], Step [0002/0002], [lateral-edge: 0.6941, lateral-2: 0.5378, lateral-3: 0.6654, lateral-4: 0.8114, lateral-5: 1.0174]
2025-10-23 17:23:40.024370 Epoch [053/100], Step [0002/0002], [lateral-edge: 0.6939, lateral-2: 0.5293, lateral-3: 0.6528, lateral-4: 0.7989, lateral-5: 0.9599]
2025-10-23 17:23:41.650999 Epoch [054/100], Step [0002/0002], [lateral-edge: 0.6939, lateral-2: 0.5385, lateral-3: 0.6635, lateral-4: 0.8095, lateral-5: 0.9928]
2025-10-23 17:23:43.324175 Epoch [055/100], Step [0002/0002], [lateral-edge: 0.6940, lateral-2: 0.5570, lateral-3: 0.6774, lateral-4: 0.8176, lateral-5: 1.0085]
2025-10-23 17:23:44.932758 Epoch [056/100], Step [0002/0002], [lateral-edge: 0.6940, lateral-2: 0.5436, lateral-3: 0.6674, lateral-4: 0.8128, lateral-5: 1.0140]
2025-10-23 17:23:46.563075 Epoch [057/100], Step [0002/0002], [lateral-edge: 0.6941, lateral-2: 0.5345, lateral-3: 0.6582, lateral-4: 0.8040, lateral-5: 1.0130]
2025-10-23 17:23:48.203165 Epoch [058/100], Step [0002/0002], [lateral-edge: 0.6939, lateral-2: 0.5469, lateral-3: 0.6679, lateral-4: 0.8093, lateral-5: 1.0230]
2025-10-23 17:23:49.814143 Epoch [059/100], Step [0002/0002], [lateral-edge: 0.6939, lateral-2: 0.5368, lateral-3: 0.6615, lateral-4: 0.8099, lateral-5: 0.9684]
[Saving Snapshot:] ./Snapshots/save_weights/Inf-Net_Morph/batch_32/run_1/Inf-Net-60.pth
2025-10-23 17:23:51.739044 Epoch [060/100], Step [0002/0002], [lateral-edge: 0.6940, lateral-2: 0.5364, lateral-3: 0.6607, lateral-4: 0.8063, lateral-5: 0.9967]
2025-10-23 17:23:53.440104 Epoch [061/100], Step [0002/0002], [lateral-edge: 0.6938, lateral-2: 0.5495, lateral-3: 0.6767, lateral-4: 0.8200, lateral-5: 1.0271]
2025-10-23 17:23:55.063895 Epoch [062/100], Step [0002/0002], [lateral-edge: 0.6940, lateral-2: 0.5401, lateral-3: 0.6640, lateral-4: 0.8079, lateral-5: 1.0027]
2025-10-23 17:23:56.688583 Epoch [063/100], Step [0002/0002], [lateral-edge: 0.6940, lateral-2: 0.5357, lateral-3: 0.6619, lateral-4: 0.8081, lateral-5: 0.9887]
2025-10-23 17:23:58.328681 Epoch [064/100], Step [0002/0002], [lateral-edge: 0.6942, lateral-2: 0.5277, lateral-3: 0.6515, lateral-4: 0.7966, lateral-5: 0.9710]
2025-10-23 17:23:59.942560 Epoch [065/100], Step [0002/0002], [lateral-edge: 0.6941, lateral-2: 0.5290, lateral-3: 0.6543, lateral-4: 0.8003, lateral-5: 0.9708]
2025-10-23 17:24:01.626612 Epoch [066/100], Step [0002/0002], [lateral-edge: 0.6938, lateral-2: 0.5516, lateral-3: 0.6733, lateral-4: 0.8190, lateral-5: 1.0166]
2025-10-23 17:24:03.251541 Epoch [067/100], Step [0002/0002], [lateral-edge: 0.6940, lateral-2: 0.5400, lateral-3: 0.6665, lateral-4: 0.8137, lateral-5: 1.0088]
2025-10-23 17:24:04.868906 Epoch [068/100], Step [0002/0002], [lateral-edge: 0.6941, lateral-2: 0.5306, lateral-3: 0.6548, lateral-4: 0.8017, lateral-5: 0.9696]
2025-10-23 17:24:06.523754 Epoch [069/100], Step [0002/0002], [lateral-edge: 0.6942, lateral-2: 0.5448, lateral-3: 0.6669, lateral-4: 0.8090, lateral-5: 0.9933]
[Saving Snapshot:] ./Snapshots/save_weights/Inf-Net_Morph/batch_32/run_1/Inf-Net-70.pth
2025-10-23 17:24:08.492917 Epoch [070/100], Step [0002/0002], [lateral-edge: 0.6941, lateral-2: 0.5319, lateral-3: 0.6570, lateral-4: 0.8024, lateral-5: 1.0026]
2025-10-23 17:24:10.153565 Epoch [071/100], Step [0002/0002], [lateral-edge: 0.6940, lateral-2: 0.5316, lateral-3: 0.6547, lateral-4: 0.7993, lateral-5: 0.9745]
2025-10-23 17:24:11.874810 Epoch [072/100], Step [0002/0002], [lateral-edge: 0.6939, lateral-2: 0.5692, lateral-3: 0.6849, lateral-4: 0.8271, lateral-5: 1.0026]
2025-10-23 17:24:13.576060 Epoch [073/100], Step [0002/0002], [lateral-edge: 0.6939, lateral-2: 0.5306, lateral-3: 0.6568, lateral-4: 0.8038, lateral-5: 0.9755]
2025-10-23 17:24:15.276190 Epoch [074/100], Step [0002/0002], [lateral-edge: 0.6942, lateral-2: 0.5521, lateral-3: 0.6724, lateral-4: 0.8146, lateral-5: 1.0623]
2025-10-23 17:24:16.998143 Epoch [075/100], Step [0002/0002], [lateral-edge: 0.6940, lateral-2: 0.5406, lateral-3: 0.6631, lateral-4: 0.8083, lateral-5: 0.9724]
2025-10-23 17:24:18.630305 Epoch [076/100], Step [0002/0002], [lateral-edge: 0.6942, lateral-2: 0.5333, lateral-3: 0.6544, lateral-4: 0.7990, lateral-5: 0.9856]
2025-10-23 17:24:20.304688 Epoch [077/100], Step [0002/0002], [lateral-edge: 0.6942, lateral-2: 0.5321, lateral-3: 0.6557, lateral-4: 0.7989, lateral-5: 1.0041]
2025-10-23 17:24:21.973411 Epoch [078/100], Step [0002/0002], [lateral-edge: 0.6939, lateral-2: 0.5290, lateral-3: 0.6572, lateral-4: 0.8053, lateral-5: 0.9755]
2025-10-23 17:24:23.646566 Epoch [079/100], Step [0002/0002], [lateral-edge: 0.6941, lateral-2: 0.5299, lateral-3: 0.6538, lateral-4: 0.7995, lateral-5: 0.9950]
[Saving Snapshot:] ./Snapshots/save_weights/Inf-Net_Morph/batch_32/run_1/Inf-Net-80.pth
2025-10-23 17:24:25.570014 Epoch [080/100], Step [0002/0002], [lateral-edge: 0.6942, lateral-2: 0.5317, lateral-3: 0.6534, lateral-4: 0.7968, lateral-5: 0.9944]
2025-10-23 17:24:27.293595 Epoch [081/100], Step [0002/0002], [lateral-edge: 0.6938, lateral-2: 0.5528, lateral-3: 0.6759, lateral-4: 0.8202, lateral-5: 1.0276]
2025-10-23 17:24:28.991122 Epoch [082/100], Step [0002/0002], [lateral-edge: 0.6940, lateral-2: 0.5886, lateral-3: 0.7014, lateral-4: 0.8428, lateral-5: 1.0081]
2025-10-23 17:24:30.637659 Epoch [083/100], Step [0002/0002], [lateral-edge: 0.6938, lateral-2: 0.5351, lateral-3: 0.6616, lateral-4: 0.8105, lateral-5: 0.9707]
2025-10-23 17:24:32.277819 Epoch [084/100], Step [0002/0002], [lateral-edge: 0.6939, lateral-2: 0.5382, lateral-3: 0.6584, lateral-4: 0.8010, lateral-5: 0.9901]
2025-10-23 17:24:33.903190 Epoch [085/100], Step [0002/0002], [lateral-edge: 0.6939, lateral-2: 0.5327, lateral-3: 0.6569, lateral-4: 0.8025, lateral-5: 0.9875]
2025-10-23 17:24:35.526690 Epoch [086/100], Step [0002/0002], [lateral-edge: 0.6941, lateral-2: 0.5409, lateral-3: 0.6652, lateral-4: 0.8082, lateral-5: 1.0013]
2025-10-23 17:24:37.153322 Epoch [087/100], Step [0002/0002], [lateral-edge: 0.6939, lateral-2: 0.5522, lateral-3: 0.6720, lateral-4: 0.8146, lateral-5: 0.9973]
2025-10-23 17:24:38.823485 Epoch [088/100], Step [0002/0002], [lateral-edge: 0.6941, lateral-2: 0.5291, lateral-3: 0.6539, lateral-4: 0.7989, lateral-5: 0.9736]
2025-10-23 17:24:40.521090 Epoch [089/100], Step [0002/0002], [lateral-edge: 0.6938, lateral-2: 0.5364, lateral-3: 0.6563, lateral-4: 0.8006, lateral-5: 0.9921]
[Saving Snapshot:] ./Snapshots/save_weights/Inf-Net_Morph/batch_32/run_1/Inf-Net-90.pth
2025-10-23 17:24:42.535781 Epoch [090/100], Step [0002/0002], [lateral-edge: 0.6937, lateral-2: 0.5506, lateral-3: 0.6708, lateral-4: 0.8169, lateral-5: 0.9783]
2025-10-23 17:24:44.175321 Epoch [091/100], Step [0002/0002], [lateral-edge: 0.6943, lateral-2: 0.5424, lateral-3: 0.6672, lateral-4: 0.8137, lateral-5: 1.0010]
2025-10-23 17:24:45.831684 Epoch [092/100], Step [0002/0002], [lateral-edge: 0.6940, lateral-2: 0.5417, lateral-3: 0.6688, lateral-4: 0.8162, lateral-5: 1.0043]
2025-10-23 17:24:47.479973 Epoch [093/100], Step [0002/0002], [lateral-edge: 0.6940, lateral-2: 0.5368, lateral-3: 0.6615, lateral-4: 0.8064, lateral-5: 0.9947]
2025-10-23 17:24:49.125002 Epoch [094/100], Step [0002/0002], [lateral-edge: 0.6939, lateral-2: 0.5355, lateral-3: 0.6593, lateral-4: 0.8055, lateral-5: 0.9943]
2025-10-23 17:24:50.778749 Epoch [095/100], Step [0002/0002], [lateral-edge: 0.6939, lateral-2: 0.5616, lateral-3: 0.6844, lateral-4: 0.8282, lateral-5: 1.0385]
2025-10-23 17:24:52.405930 Epoch [096/100], Step [0002/0002], [lateral-edge: 0.6940, lateral-2: 0.5383, lateral-3: 0.6653, lateral-4: 0.8115, lateral-5: 0.9981]
2025-10-23 17:24:54.057540 Epoch [097/100], Step [0002/0002], [lateral-edge: 0.6941, lateral-2: 0.5352, lateral-3: 0.6568, lateral-4: 0.8013, lateral-5: 0.9952]
2025-10-23 17:24:55.673085 Epoch [098/100], Step [0002/0002], [lateral-edge: 0.6941, lateral-2: 0.5358, lateral-3: 0.6566, lateral-4: 0.8027, lateral-5: 0.9678]
2025-10-23 17:24:57.347010 Epoch [099/100], Step [0002/0002], [lateral-edge: 0.6941, lateral-2: 0.5494, lateral-3: 0.6684, lateral-4: 0.8109, lateral-5: 1.0178]
[Saving Snapshot:] ./Snapshots/save_weights/Inf-Net_Morph/batch_32/run_1/Inf-Net-100.pth
2025-10-23 17:24:59.346035 Epoch [100/100], Step [0002/0002], [lateral-edge: 0.6941, lateral-2: 0.5309, lateral-3: 0.6521, lateral-4: 0.7956, lateral-5: 0.9780]
Training completed at Thu Oct 23 17:25:00 CEST 2025
