Backbone loading: Res2Net50
Freezing unused branches for DP compatibility...
Trainable: 31,072,721 / 33,121,721 parameters
Not loading weights from weights file
Validator raised issues with model. Attempting auto-fix...
Original error: UnsupportedModuleError
Model successfully fixed for differential privacy
###################################################################### 
Start Training (Inf-Net-Res2Net50)
Backbone: Res2Net50
Batch Size: 64
Privacy: DP Enabled (ε budget, δ=1e-05)
Morphology: Disabled
Save Path: ./Snapshots/save_weights/Inf-Net_DP/batch_64/run_6/noise_multiplier_0.3
Run: 6
Namespace(epoch=60, lr=0.0001, batchsize=64, trainsize=352, clip=0.5, decay_rate=0.1, decay_epoch=50, is_thop=False, gpu_device=0, num_workers=4, net_channel=32, n_classes=1, backbone='Res2Net50', train_path='./Dataset/TrainingSet/LungInfection-Train/Doctor-label', is_semi=False, is_pseudo=False, train_save=None, run=6, enable_privacy=True, noise_multiplier=0.3, max_grad_norm=1.0, delta=1e-05, enable_morphology=False, morph_operation='close', morph_kernel_size=3, morph_privacy_budget=1.0, device='cuda')
 ######################################################################
2025-10-26 00:31:24.938529 Epoch [001/060], Step [0001/0001], [lateral-edge: 0.8003, lateral-2: 1.7591, lateral-3: 1.6060, lateral-4: 1.6067, lateral-5: 1.5529, epsilon: 40.5547]
2025-10-26 00:31:27.513877 Epoch [002/060], Step [0001/0001], [lateral-edge: 0.7995, lateral-2: 1.6395, lateral-3: 1.5324, lateral-4: 1.5434, lateral-5: 1.5369, epsilon: 67.3649]
2025-10-26 00:31:30.144130 Epoch [003/060], Step [0001/0001], [lateral-edge: 0.7983, lateral-2: 1.5695, lateral-3: 1.4951, lateral-4: 1.5103, lateral-5: 1.5225, epsilon: 91.8295]
2025-10-26 00:31:32.848249 Epoch [004/060], Step [0001/0001], [lateral-edge: 0.7966, lateral-2: 1.5226, lateral-3: 1.4721, lateral-4: 1.4859, lateral-5: 1.5092, epsilon: 115.0760]
2025-10-26 00:31:35.582334 Epoch [005/060], Step [0001/0001], [lateral-edge: 0.7945, lateral-2: 1.4858, lateral-3: 1.4527, lateral-4: 1.4670, lateral-5: 1.4972, epsilon: 137.5426]
2025-10-26 00:31:38.355149 Epoch [006/060], Step [0001/0001], [lateral-edge: 0.7921, lateral-2: 1.4525, lateral-3: 1.4323, lateral-4: 1.4512, lateral-5: 1.4859, epsilon: 159.4546]
2025-10-26 00:31:41.188303 Epoch [007/060], Step [0001/0001], [lateral-edge: 0.7894, lateral-2: 1.4219, lateral-3: 1.4107, lateral-4: 1.4377, lateral-5: 1.4751, epsilon: 180.9461]
2025-10-26 00:31:44.163264 Epoch [008/060], Step [0001/0001], [lateral-edge: 0.7863, lateral-2: 1.3952, lateral-3: 1.3893, lateral-4: 1.4258, lateral-5: 1.4656, epsilon: 202.1045]
2025-10-26 00:31:46.921719 Epoch [009/060], Step [0001/0001], [lateral-edge: 0.7831, lateral-2: 1.3712, lateral-3: 1.3690, lateral-4: 1.4142, lateral-5: 1.4567, epsilon: 222.9906]
[Saving Snapshot:] ./Snapshots/save_weights/Inf-Net_DP/batch_64/run_6/noise_multiplier_0.3/Inf-Net-10.pth
[Privacy Budget]: ε = 222.99 (δ = 1e-05)
2025-10-26 00:31:50.298029 Epoch [010/060], Step [0001/0001], [lateral-edge: 0.7800, lateral-2: 1.3492, lateral-3: 1.3500, lateral-4: 1.4017, lateral-5: 1.4480, epsilon: 243.6485]
2025-10-26 00:31:53.083872 Epoch [011/060], Step [0001/0001], [lateral-edge: 0.7771, lateral-2: 1.3280, lateral-3: 1.3324, lateral-4: 1.3881, lateral-5: 1.4397, epsilon: 264.1117]
2025-10-26 00:31:56.318739 Epoch [012/060], Step [0001/0001], [lateral-edge: 0.7743, lateral-2: 1.3076, lateral-3: 1.3160, lateral-4: 1.3735, lateral-5: 1.4315, epsilon: 284.4063]
2025-10-26 00:31:59.684635 Epoch [013/060], Step [0001/0001], [lateral-edge: 0.7719, lateral-2: 1.2879, lateral-3: 1.3003, lateral-4: 1.3589, lateral-5: 1.4233, epsilon: 304.5528]
2025-10-26 00:32:03.084329 Epoch [014/060], Step [0001/0001], [lateral-edge: 0.7700, lateral-2: 1.2694, lateral-3: 1.2851, lateral-4: 1.3454, lateral-5: 1.4151, epsilon: 324.5681]
2025-10-26 00:32:06.554819 Epoch [015/060], Step [0001/0001], [lateral-edge: 0.7685, lateral-2: 1.2521, lateral-3: 1.2703, lateral-4: 1.3332, lateral-5: 1.4071, epsilon: 344.4660]
2025-10-26 00:32:10.054825 Epoch [016/060], Step [0001/0001], [lateral-edge: 0.7674, lateral-2: 1.2360, lateral-3: 1.2558, lateral-4: 1.3218, lateral-5: 1.3992, epsilon: 364.2579]
2025-10-26 00:32:13.004065 Epoch [017/060], Step [0001/0001], [lateral-edge: 0.7666, lateral-2: 1.2209, lateral-3: 1.2423, lateral-4: 1.3110, lateral-5: 1.3915, epsilon: 383.9538]
2025-10-26 00:32:16.120305 Epoch [018/060], Step [0001/0001], [lateral-edge: 0.7657, lateral-2: 1.2067, lateral-3: 1.2298, lateral-4: 1.3003, lateral-5: 1.3839, epsilon: 403.5620]
2025-10-26 00:32:19.908752 Epoch [019/060], Step [0001/0001], [lateral-edge: 0.7650, lateral-2: 1.1933, lateral-3: 1.2183, lateral-4: 1.2901, lateral-5: 1.3764, epsilon: 423.0896]
[Saving Snapshot:] ./Snapshots/save_weights/Inf-Net_DP/batch_64/run_6/noise_multiplier_0.3/Inf-Net-20.pth
[Privacy Budget]: ε = 423.09 (δ = 1e-05)
2025-10-26 00:32:24.797964 Epoch [020/060], Step [0001/0001], [lateral-edge: 0.7644, lateral-2: 1.1807, lateral-3: 1.2078, lateral-4: 1.2807, lateral-5: 1.3692, epsilon: 442.5429]
2025-10-26 00:32:28.760486 Epoch [021/060], Step [0001/0001], [lateral-edge: 0.7638, lateral-2: 1.1690, lateral-3: 1.1980, lateral-4: 1.2720, lateral-5: 1.3624, epsilon: 461.9275]
2025-10-26 00:32:32.328939 Epoch [022/060], Step [0001/0001], [lateral-edge: 0.7631, lateral-2: 1.1583, lateral-3: 1.1884, lateral-4: 1.2639, lateral-5: 1.3559, epsilon: 481.2481]
2025-10-26 00:32:35.597584 Epoch [023/060], Step [0001/0001], [lateral-edge: 0.7625, lateral-2: 1.1485, lateral-3: 1.1794, lateral-4: 1.2562, lateral-5: 1.3496, epsilon: 500.5092]
2025-10-26 00:32:39.280039 Epoch [024/060], Step [0001/0001], [lateral-edge: 0.7619, lateral-2: 1.1394, lateral-3: 1.1711, lateral-4: 1.2488, lateral-5: 1.3436, epsilon: 519.7144]
2025-10-26 00:32:44.288678 Epoch [025/060], Step [0001/0001], [lateral-edge: 0.7614, lateral-2: 1.1305, lateral-3: 1.1636, lateral-4: 1.2418, lateral-5: 1.3379, epsilon: 538.8674]
2025-10-26 00:32:48.826715 Epoch [026/060], Step [0001/0001], [lateral-edge: 0.7609, lateral-2: 1.1222, lateral-3: 1.1566, lateral-4: 1.2351, lateral-5: 1.3323, epsilon: 557.9712]
2025-10-26 00:32:52.293193 Epoch [027/060], Step [0001/0001], [lateral-edge: 0.7604, lateral-2: 1.1145, lateral-3: 1.1501, lateral-4: 1.2292, lateral-5: 1.3270, epsilon: 577.0286]
2025-10-26 00:32:56.997872 Epoch [028/060], Step [0001/0001], [lateral-edge: 0.7599, lateral-2: 1.1071, lateral-3: 1.1436, lateral-4: 1.2236, lateral-5: 1.3221, epsilon: 596.0421]
2025-10-26 00:33:01.878950 Epoch [029/060], Step [0001/0001], [lateral-edge: 0.7595, lateral-2: 1.0999, lateral-3: 1.1376, lateral-4: 1.2182, lateral-5: 1.3173, epsilon: 615.0142]
[Saving Snapshot:] ./Snapshots/save_weights/Inf-Net_DP/batch_64/run_6/noise_multiplier_0.3/Inf-Net-30.pth
[Privacy Budget]: ε = 615.01 (δ = 1e-05)
2025-10-26 00:33:08.766463 Epoch [030/060], Step [0001/0001], [lateral-edge: 0.7590, lateral-2: 1.0932, lateral-3: 1.1320, lateral-4: 1.2130, lateral-5: 1.3126, epsilon: 633.9468]
2025-10-26 00:33:13.735198 Epoch [031/060], Step [0001/0001], [lateral-edge: 0.7586, lateral-2: 1.0867, lateral-3: 1.1267, lateral-4: 1.2077, lateral-5: 1.3078, epsilon: 652.8420]
2025-10-26 00:33:18.927775 Epoch [032/060], Step [0001/0001], [lateral-edge: 0.7582, lateral-2: 1.0807, lateral-3: 1.1216, lateral-4: 1.2024, lateral-5: 1.3030, epsilon: 671.7016]
2025-10-26 00:33:24.177803 Epoch [033/060], Step [0001/0001], [lateral-edge: 0.7578, lateral-2: 1.0750, lateral-3: 1.1166, lateral-4: 1.1975, lateral-5: 1.2982, epsilon: 690.5272]
2025-10-26 00:33:29.784654 Epoch [034/060], Step [0001/0001], [lateral-edge: 0.7573, lateral-2: 1.0696, lateral-3: 1.1118, lateral-4: 1.1927, lateral-5: 1.2938, epsilon: 709.3204]
2025-10-26 00:33:35.587683 Epoch [035/060], Step [0001/0001], [lateral-edge: 0.7569, lateral-2: 1.0645, lateral-3: 1.1074, lateral-4: 1.1882, lateral-5: 1.2896, epsilon: inf]
2025-10-26 00:33:42.426543 Epoch [036/060], Step [0001/0001], [lateral-edge: 0.7565, lateral-2: 1.0594, lateral-3: 1.1031, lateral-4: 1.1839, lateral-5: 1.2853, epsilon: inf]
2025-10-26 00:33:49.049292 Epoch [037/060], Step [0001/0001], [lateral-edge: 0.7561, lateral-2: 1.0543, lateral-3: 1.0989, lateral-4: 1.1798, lateral-5: 1.2812, epsilon: inf]
2025-10-26 00:33:55.105561 Epoch [038/060], Step [0001/0001], [lateral-edge: 0.7557, lateral-2: 1.0494, lateral-3: 1.0949, lateral-4: 1.1757, lateral-5: 1.2773, epsilon: inf]
2025-10-26 00:34:01.584271 Epoch [039/060], Step [0001/0001], [lateral-edge: 0.7553, lateral-2: 1.0448, lateral-3: 1.0911, lateral-4: 1.1718, lateral-5: 1.2736, epsilon: inf]
[Saving Snapshot:] ./Snapshots/save_weights/Inf-Net_DP/batch_64/run_6/noise_multiplier_0.3/Inf-Net-40.pth
[Privacy Budget]: ε = inf (δ = 1e-05)
2025-10-26 00:34:11.634098 Epoch [040/060], Step [0001/0001], [lateral-edge: 0.7549, lateral-2: 1.0406, lateral-3: 1.0875, lateral-4: 1.1680, lateral-5: 1.2701, epsilon: inf]
2025-10-26 00:34:18.095375 Epoch [041/060], Step [0001/0001], [lateral-edge: 0.7545, lateral-2: 1.0365, lateral-3: 1.0839, lateral-4: 1.1644, lateral-5: 1.2666, epsilon: inf]
2025-10-26 00:34:25.064473 Epoch [042/060], Step [0001/0001], [lateral-edge: 0.7542, lateral-2: 1.0323, lateral-3: 1.0804, lateral-4: 1.1608, lateral-5: 1.2630, epsilon: inf]
2025-10-26 00:34:31.893564 Epoch [043/060], Step [0001/0001], [lateral-edge: 0.7538, lateral-2: 1.0281, lateral-3: 1.0770, lateral-4: 1.1571, lateral-5: 1.2595, epsilon: inf]
2025-10-26 00:34:38.866330 Epoch [044/060], Step [0001/0001], [lateral-edge: 0.7534, lateral-2: 1.0237, lateral-3: 1.0736, lateral-4: 1.1535, lateral-5: 1.2560, epsilon: inf]
2025-10-26 00:34:44.255640 Epoch [045/060], Step [0001/0001], [lateral-edge: 0.7529, lateral-2: 1.0194, lateral-3: 1.0703, lateral-4: 1.1501, lateral-5: 1.2525, epsilon: inf]
2025-10-26 00:34:51.615178 Epoch [046/060], Step [0001/0001], [lateral-edge: 0.7526, lateral-2: 1.0152, lateral-3: 1.0670, lateral-4: 1.1468, lateral-5: 1.2491, epsilon: inf]
2025-10-26 00:34:59.020312 Epoch [047/060], Step [0001/0001], [lateral-edge: 0.7522, lateral-2: 1.0113, lateral-3: 1.0638, lateral-4: 1.1436, lateral-5: 1.2457, epsilon: inf]
2025-10-26 00:35:06.571020 Epoch [048/060], Step [0001/0001], [lateral-edge: 0.7519, lateral-2: 1.0076, lateral-3: 1.0607, lateral-4: 1.1406, lateral-5: 1.2422, epsilon: inf]
2025-10-26 00:35:14.282234 Epoch [049/060], Step [0001/0001], [lateral-edge: 0.7516, lateral-2: 1.0040, lateral-3: 1.0576, lateral-4: 1.1375, lateral-5: 1.2385, epsilon: inf]
[Saving Snapshot:] ./Snapshots/save_weights/Inf-Net_DP/batch_64/run_6/noise_multiplier_0.3/Inf-Net-50.pth
[Privacy Budget]: ε = inf (δ = 1e-05)
2025-10-26 00:35:24.186989 Epoch [050/060], Step [0001/0001], [lateral-edge: 0.7514, lateral-2: 1.0014, lateral-3: 1.0552, lateral-4: 1.1350, lateral-5: 1.2361, epsilon: inf]
2025-10-26 00:35:32.642550 Epoch [051/060], Step [0001/0001], [lateral-edge: 0.7514, lateral-2: 1.0012, lateral-3: 1.0550, lateral-4: 1.1348, lateral-5: 1.2358, epsilon: inf]
2025-10-26 00:35:41.377104 Epoch [052/060], Step [0001/0001], [lateral-edge: 0.7514, lateral-2: 1.0012, lateral-3: 1.0550, lateral-4: 1.1347, lateral-5: 1.2358, epsilon: inf]
2025-10-26 00:35:49.699653 Epoch [053/060], Step [0001/0001], [lateral-edge: 0.7514, lateral-2: 1.0011, lateral-3: 1.0550, lateral-4: 1.1347, lateral-5: 1.2358, epsilon: inf]
2025-10-26 00:35:58.497840 Epoch [054/060], Step [0001/0001], [lateral-edge: 0.7514, lateral-2: 1.0012, lateral-3: 1.0550, lateral-4: 1.1347, lateral-5: 1.2358, epsilon: inf]
2025-10-26 00:36:07.208543 Epoch [055/060], Step [0001/0001], [lateral-edge: 0.7514, lateral-2: 1.0012, lateral-3: 1.0550, lateral-4: 1.1347, lateral-5: 1.2358, epsilon: inf]
2025-10-26 00:36:18.615662 Epoch [056/060], Step [0001/0001], [lateral-edge: 0.7514, lateral-2: 1.0012, lateral-3: 1.0550, lateral-4: 1.1347, lateral-5: 1.2358, epsilon: inf]
2025-10-26 00:36:27.961372 Epoch [057/060], Step [0001/0001], [lateral-edge: 0.7514, lateral-2: 1.0012, lateral-3: 1.0550, lateral-4: 1.1347, lateral-5: 1.2358, epsilon: inf]
2025-10-26 00:36:36.922796 Epoch [058/060], Step [0001/0001], [lateral-edge: 0.7514, lateral-2: 1.0012, lateral-3: 1.0550, lateral-4: 1.1347, lateral-5: 1.2358, epsilon: inf]
2025-10-26 00:36:48.179016 Epoch [059/060], Step [0001/0001], [lateral-edge: 0.7514, lateral-2: 1.0012, lateral-3: 1.0550, lateral-4: 1.1347, lateral-5: 1.2358, epsilon: inf]
[Saving Snapshot:] ./Snapshots/save_weights/Inf-Net_DP/batch_64/run_6/noise_multiplier_0.3/Inf-Net-60.pth
[Privacy Budget]: ε = inf (δ = 1e-05)
2025-10-26 00:37:12.489733 Epoch [060/060], Step [0001/0001], [lateral-edge: 0.7514, lateral-2: 1.0012, lateral-3: 1.0550, lateral-4: 1.1347, lateral-5: 1.2358, epsilon: inf]
Training completed at Sun Oct 26 00:37:13 CEST 2025
