Backbone loading: Res2Net50
Freezing unused branches for DP compatibility...
Trainable: 31,072,721 / 33,121,721 parameters
Not loading weights from weights file
Validator raised issues with model. Attempting auto-fix...
Original error: UnsupportedModuleError
Model successfully fixed for differential privacy
###################################################################### 
Start Training (Inf-Net-Res2Net50)
Backbone: Res2Net50
Batch Size: 128
Privacy: DP Enabled (ε budget, δ=1e-05)
Morphology: close
Save Path: ./Snapshots/save_weights/Inf-Net_DP_Morph/close/batch_128/run_3/noise_multiplier_1.5
Run: 3
Namespace(epoch=100, lr=0.0001, batchsize=128, trainsize=352, clip=0.5, decay_rate=0.1, decay_epoch=50, is_thop=False, gpu_device=0, num_workers=8, net_channel=32, n_classes=1, backbone='Res2Net50', train_path='./Dataset/TrainingSet/LungInfection-Train/Doctor-label', is_semi=False, is_pseudo=False, train_save=None, run=3, enable_privacy=True, noise_multiplier=1.5, max_grad_norm=1.0, delta=1e-05, enable_morphology=True, morph_operation='close', morph_kernel_size=3, morph_privacy_budget=1.0, device='cuda')
 ######################################################################
2025-10-24 14:19:25.467189 Epoch [001/100], Step [0001/0001], [lateral-edge: 0.7697, lateral-2: 1.7180, lateral-3: 1.7505, lateral-4: 1.6225, lateral-5: 1.5308, epsilon: 5.1851]
2025-10-24 14:19:28.516564 Epoch [002/100], Step [0001/0001], [lateral-edge: 0.7695, lateral-2: 1.6661, lateral-3: 1.7006, lateral-4: 1.5892, lateral-5: 1.5265, epsilon: 7.8193]
2025-10-24 14:19:31.586431 Epoch [003/100], Step [0001/0001], [lateral-edge: 0.7693, lateral-2: 1.6225, lateral-3: 1.6565, lateral-4: 1.5588, lateral-5: 1.5225, epsilon: 10.0077]
2025-10-24 14:19:34.775786 Epoch [004/100], Step [0001/0001], [lateral-edge: 0.7691, lateral-2: 1.5943, lateral-3: 1.6276, lateral-4: 1.5380, lateral-5: 1.5187, epsilon: 11.9630]
2025-10-24 14:19:37.857303 Epoch [005/100], Step [0001/0001], [lateral-edge: 0.7690, lateral-2: 1.5782, lateral-3: 1.6110, lateral-4: 1.5255, lateral-5: 1.5154, epsilon: 13.7684]
2025-10-24 14:19:40.886149 Epoch [006/100], Step [0001/0001], [lateral-edge: 0.7689, lateral-2: 1.5672, lateral-3: 1.5990, lateral-4: 1.5169, lateral-5: 1.5126, epsilon: 15.4668]
2025-10-24 14:19:43.917952 Epoch [007/100], Step [0001/0001], [lateral-edge: 0.7687, lateral-2: 1.5569, lateral-3: 1.5859, lateral-4: 1.5086, lateral-5: 1.5100, epsilon: 17.0838]
2025-10-24 14:19:47.027032 Epoch [008/100], Step [0001/0001], [lateral-edge: 0.7686, lateral-2: 1.5463, lateral-3: 1.5720, lateral-4: 1.4999, lateral-5: 1.5076, epsilon: 18.6363]
2025-10-24 14:19:50.229088 Epoch [009/100], Step [0001/0001], [lateral-edge: 0.7685, lateral-2: 1.5360, lateral-3: 1.5584, lateral-4: 1.4915, lateral-5: 1.5053, epsilon: 20.1358]
[Saving Snapshot:] ./Snapshots/save_weights/Inf-Net_DP_Morph/close/batch_128/run_3/noise_multiplier_1.5/Inf-Net-10.pth
2025-10-24 14:19:53.437580 Epoch [010/100], Step [0001/0001], [lateral-edge: 0.7683, lateral-2: 1.5262, lateral-3: 1.5461, lateral-4: 1.4835, lateral-5: 1.5031, epsilon: 21.5910]
2025-10-24 14:19:56.521676 Epoch [011/100], Step [0001/0001], [lateral-edge: 0.7681, lateral-2: 1.5170, lateral-3: 1.5355, lateral-4: 1.4767, lateral-5: 1.5009, epsilon: 23.0082]
2025-10-24 14:19:59.567527 Epoch [012/100], Step [0001/0001], [lateral-edge: 0.7678, lateral-2: 1.5085, lateral-3: 1.5268, lateral-4: 1.4706, lateral-5: 1.4987, epsilon: 24.3925]
2025-10-24 14:20:02.850375 Epoch [013/100], Step [0001/0001], [lateral-edge: 0.7676, lateral-2: 1.5009, lateral-3: 1.5195, lateral-4: 1.4655, lateral-5: 1.4968, epsilon: 25.7479]
2025-10-24 14:20:05.983842 Epoch [014/100], Step [0001/0001], [lateral-edge: 0.7674, lateral-2: 1.4942, lateral-3: 1.5131, lateral-4: 1.4612, lateral-5: 1.4949, epsilon: 27.0777]
2025-10-24 14:20:09.057261 Epoch [015/100], Step [0001/0001], [lateral-edge: 0.7673, lateral-2: 1.4877, lateral-3: 1.5074, lateral-4: 1.4577, lateral-5: 1.4931, epsilon: 28.3845]
2025-10-24 14:20:12.174249 Epoch [016/100], Step [0001/0001], [lateral-edge: 0.7671, lateral-2: 1.4810, lateral-3: 1.5017, lateral-4: 1.4542, lateral-5: 1.4914, epsilon: 29.6705]
2025-10-24 14:20:15.254833 Epoch [017/100], Step [0001/0001], [lateral-edge: 0.7669, lateral-2: 1.4749, lateral-3: 1.4963, lateral-4: 1.4512, lateral-5: 1.4898, epsilon: 30.9378]
2025-10-24 14:20:18.471562 Epoch [018/100], Step [0001/0001], [lateral-edge: 0.7667, lateral-2: 1.4689, lateral-3: 1.4913, lateral-4: 1.4483, lateral-5: 1.4883, epsilon: 32.1878]
2025-10-24 14:20:21.569544 Epoch [019/100], Step [0001/0001], [lateral-edge: 0.7664, lateral-2: 1.4635, lateral-3: 1.4863, lateral-4: 1.4455, lateral-5: 1.4866, epsilon: 33.4220]
[Saving Snapshot:] ./Snapshots/save_weights/Inf-Net_DP_Morph/close/batch_128/run_3/noise_multiplier_1.5/Inf-Net-20.pth
2025-10-24 14:20:24.820047 Epoch [020/100], Step [0001/0001], [lateral-edge: 0.7662, lateral-2: 1.4583, lateral-3: 1.4812, lateral-4: 1.4426, lateral-5: 1.4851, epsilon: 34.6416]
2025-10-24 14:20:27.986338 Epoch [021/100], Step [0001/0001], [lateral-edge: 0.7660, lateral-2: 1.4528, lateral-3: 1.4766, lateral-4: 1.4393, lateral-5: 1.4836, epsilon: 35.8478]
2025-10-24 14:20:31.231351 Epoch [022/100], Step [0001/0001], [lateral-edge: 0.7658, lateral-2: 1.4475, lateral-3: 1.4724, lateral-4: 1.4362, lateral-5: 1.4820, epsilon: 37.0413]
2025-10-24 14:20:34.388862 Epoch [023/100], Step [0001/0001], [lateral-edge: 0.7656, lateral-2: 1.4425, lateral-3: 1.4681, lateral-4: 1.4332, lateral-5: 1.4806, epsilon: 38.2232]
2025-10-24 14:20:37.543681 Epoch [024/100], Step [0001/0001], [lateral-edge: 0.7654, lateral-2: 1.4382, lateral-3: 1.4639, lateral-4: 1.4303, lateral-5: 1.4791, epsilon: 39.3941]
2025-10-24 14:20:40.670042 Epoch [025/100], Step [0001/0001], [lateral-edge: 0.7651, lateral-2: 1.4340, lateral-3: 1.4596, lateral-4: 1.4275, lateral-5: 1.4776, epsilon: 40.5547]
2025-10-24 14:20:43.818054 Epoch [026/100], Step [0001/0001], [lateral-edge: 0.7649, lateral-2: 1.4297, lateral-3: 1.4547, lateral-4: 1.4247, lateral-5: 1.4762, epsilon: 41.7056]
2025-10-24 14:20:47.242704 Epoch [027/100], Step [0001/0001], [lateral-edge: 0.7646, lateral-2: 1.4256, lateral-3: 1.4493, lateral-4: 1.4218, lateral-5: 1.4748, epsilon: 42.8474]
2025-10-24 14:20:50.392115 Epoch [028/100], Step [0001/0001], [lateral-edge: 0.7643, lateral-2: 1.4213, lateral-3: 1.4441, lateral-4: 1.4189, lateral-5: 1.4736, epsilon: 43.9805]
2025-10-24 14:20:53.473411 Epoch [029/100], Step [0001/0001], [lateral-edge: 0.7640, lateral-2: 1.4171, lateral-3: 1.4393, lateral-4: 1.4162, lateral-5: 1.4722, epsilon: 45.1054]
[Saving Snapshot:] ./Snapshots/save_weights/Inf-Net_DP_Morph/close/batch_128/run_3/noise_multiplier_1.5/Inf-Net-30.pth
2025-10-24 14:20:56.857946 Epoch [030/100], Step [0001/0001], [lateral-edge: 0.7637, lateral-2: 1.4130, lateral-3: 1.4353, lateral-4: 1.4137, lateral-5: 1.4706, epsilon: 46.2226]
2025-10-24 14:21:00.124975 Epoch [031/100], Step [0001/0001], [lateral-edge: 0.7634, lateral-2: 1.4088, lateral-3: 1.4316, lateral-4: 1.4114, lateral-5: 1.4691, epsilon: 47.3324]
2025-10-24 14:21:03.504556 Epoch [032/100], Step [0001/0001], [lateral-edge: 0.7632, lateral-2: 1.4044, lateral-3: 1.4274, lateral-4: 1.4087, lateral-5: 1.4676, epsilon: 48.4352]
2025-10-24 14:21:06.670273 Epoch [033/100], Step [0001/0001], [lateral-edge: 0.7630, lateral-2: 1.3997, lateral-3: 1.4234, lateral-4: 1.4057, lateral-5: 1.4660, epsilon: 49.5313]
2025-10-24 14:21:09.903541 Epoch [034/100], Step [0001/0001], [lateral-edge: 0.7628, lateral-2: 1.3951, lateral-3: 1.4196, lateral-4: 1.4031, lateral-5: 1.4645, epsilon: 50.6210]
2025-10-24 14:21:13.163270 Epoch [035/100], Step [0001/0001], [lateral-edge: 0.7627, lateral-2: 1.3909, lateral-3: 1.4157, lateral-4: 1.4005, lateral-5: 1.4629, epsilon: 51.7045]
2025-10-24 14:21:16.452755 Epoch [036/100], Step [0001/0001], [lateral-edge: 0.7625, lateral-2: 1.3867, lateral-3: 1.4118, lateral-4: 1.3980, lateral-5: 1.4614, epsilon: 52.7822]
2025-10-24 14:21:19.790133 Epoch [037/100], Step [0001/0001], [lateral-edge: 0.7623, lateral-2: 1.3826, lateral-3: 1.4080, lateral-4: 1.3953, lateral-5: 1.4598, epsilon: 53.8542]
2025-10-24 14:21:22.997496 Epoch [038/100], Step [0001/0001], [lateral-edge: 0.7621, lateral-2: 1.3785, lateral-3: 1.4042, lateral-4: 1.3925, lateral-5: 1.4581, epsilon: 54.9209]
2025-10-24 14:21:26.234939 Epoch [039/100], Step [0001/0001], [lateral-edge: 0.7619, lateral-2: 1.3747, lateral-3: 1.4000, lateral-4: 1.3897, lateral-5: 1.4564, epsilon: 55.9824]
[Saving Snapshot:] ./Snapshots/save_weights/Inf-Net_DP_Morph/close/batch_128/run_3/noise_multiplier_1.5/Inf-Net-40.pth
2025-10-24 14:21:29.711939 Epoch [040/100], Step [0001/0001], [lateral-edge: 0.7618, lateral-2: 1.3711, lateral-3: 1.3959, lateral-4: 1.3869, lateral-5: 1.4547, epsilon: 57.0388]
2025-10-24 14:21:33.171598 Epoch [041/100], Step [0001/0001], [lateral-edge: 0.7616, lateral-2: 1.3673, lateral-3: 1.3918, lateral-4: 1.3842, lateral-5: 1.4532, epsilon: 58.0905]
2025-10-24 14:21:36.369471 Epoch [042/100], Step [0001/0001], [lateral-edge: 0.7615, lateral-2: 1.3638, lateral-3: 1.3881, lateral-4: 1.3819, lateral-5: 1.4517, epsilon: 59.1375]
2025-10-24 14:21:39.572181 Epoch [043/100], Step [0001/0001], [lateral-edge: 0.7613, lateral-2: 1.3606, lateral-3: 1.3841, lateral-4: 1.3796, lateral-5: 1.4501, epsilon: 60.1801]
2025-10-24 14:21:42.925891 Epoch [044/100], Step [0001/0001], [lateral-edge: 0.7613, lateral-2: 1.3574, lateral-3: 1.3804, lateral-4: 1.3772, lateral-5: 1.4484, epsilon: 61.2184]
2025-10-24 14:21:46.293435 Epoch [045/100], Step [0001/0001], [lateral-edge: 0.7612, lateral-2: 1.3542, lateral-3: 1.3767, lateral-4: 1.3747, lateral-5: 1.4468, epsilon: 62.2524]
2025-10-24 14:21:49.592203 Epoch [046/100], Step [0001/0001], [lateral-edge: 0.7612, lateral-2: 1.3509, lateral-3: 1.3729, lateral-4: 1.3722, lateral-5: 1.4451, epsilon: 63.2825]
2025-10-24 14:21:52.996318 Epoch [047/100], Step [0001/0001], [lateral-edge: 0.7611, lateral-2: 1.3477, lateral-3: 1.3693, lateral-4: 1.3697, lateral-5: 1.4434, epsilon: 64.3086]
2025-10-24 14:21:56.436590 Epoch [048/100], Step [0001/0001], [lateral-edge: 0.7610, lateral-2: 1.3442, lateral-3: 1.3658, lateral-4: 1.3672, lateral-5: 1.4418, epsilon: 65.3310]
2025-10-24 14:21:59.861290 Epoch [049/100], Step [0001/0001], [lateral-edge: 0.7609, lateral-2: 1.3407, lateral-3: 1.3622, lateral-4: 1.3645, lateral-5: 1.4401, epsilon: 66.3497]
[Saving Snapshot:] ./Snapshots/save_weights/Inf-Net_DP_Morph/close/batch_128/run_3/noise_multiplier_1.5/Inf-Net-50.pth
2025-10-24 14:22:03.427144 Epoch [050/100], Step [0001/0001], [lateral-edge: 0.7608, lateral-2: 1.3383, lateral-3: 1.3597, lateral-4: 1.3627, lateral-5: 1.4390, epsilon: 67.3649]
2025-10-24 14:22:06.700202 Epoch [051/100], Step [0001/0001], [lateral-edge: 0.7608, lateral-2: 1.3380, lateral-3: 1.3595, lateral-4: 1.3625, lateral-5: 1.4389, epsilon: 68.3766]
2025-10-24 14:22:09.961666 Epoch [052/100], Step [0001/0001], [lateral-edge: 0.7608, lateral-2: 1.3380, lateral-3: 1.3594, lateral-4: 1.3625, lateral-5: 1.4388, epsilon: 69.3850]
2025-10-24 14:22:13.414490 Epoch [053/100], Step [0001/0001], [lateral-edge: 0.7608, lateral-2: 1.3380, lateral-3: 1.3594, lateral-4: 1.3625, lateral-5: 1.4388, epsilon: 70.3901]
2025-10-24 14:22:16.872756 Epoch [054/100], Step [0001/0001], [lateral-edge: 0.7608, lateral-2: 1.3380, lateral-3: 1.3594, lateral-4: 1.3625, lateral-5: 1.4388, epsilon: 71.3920]
2025-10-24 14:22:20.289538 Epoch [055/100], Step [0001/0001], [lateral-edge: 0.7608, lateral-2: 1.3380, lateral-3: 1.3594, lateral-4: 1.3625, lateral-5: 1.4388, epsilon: 72.3909]
2025-10-24 14:22:23.569716 Epoch [056/100], Step [0001/0001], [lateral-edge: 0.7608, lateral-2: 1.3380, lateral-3: 1.3594, lateral-4: 1.3625, lateral-5: 1.4388, epsilon: 73.3868]
2025-10-24 14:22:27.162206 Epoch [057/100], Step [0001/0001], [lateral-edge: 0.7608, lateral-2: 1.3380, lateral-3: 1.3594, lateral-4: 1.3625, lateral-5: 1.4388, epsilon: 74.3798]
2025-10-24 14:22:30.666841 Epoch [058/100], Step [0001/0001], [lateral-edge: 0.7608, lateral-2: 1.3380, lateral-3: 1.3594, lateral-4: 1.3625, lateral-5: 1.4388, epsilon: 75.3700]
2025-10-24 14:22:34.207542 Epoch [059/100], Step [0001/0001], [lateral-edge: 0.7608, lateral-2: 1.3380, lateral-3: 1.3594, lateral-4: 1.3625, lateral-5: 1.4388, epsilon: 76.3574]
[Saving Snapshot:] ./Snapshots/save_weights/Inf-Net_DP_Morph/close/batch_128/run_3/noise_multiplier_1.5/Inf-Net-60.pth
2025-10-24 14:22:38.011865 Epoch [060/100], Step [0001/0001], [lateral-edge: 0.7608, lateral-2: 1.3380, lateral-3: 1.3594, lateral-4: 1.3625, lateral-5: 1.4388, epsilon: 77.3421]
2025-10-24 14:22:41.606633 Epoch [061/100], Step [0001/0001], [lateral-edge: 0.7608, lateral-2: 1.3380, lateral-3: 1.3594, lateral-4: 1.3625, lateral-5: 1.4388, epsilon: 78.3242]
2025-10-24 14:22:45.127498 Epoch [062/100], Step [0001/0001], [lateral-edge: 0.7608, lateral-2: 1.3380, lateral-3: 1.3594, lateral-4: 1.3625, lateral-5: 1.4388, epsilon: 79.3037]
2025-10-24 14:22:48.733524 Epoch [063/100], Step [0001/0001], [lateral-edge: 0.7608, lateral-2: 1.3380, lateral-3: 1.3594, lateral-4: 1.3625, lateral-5: 1.4388, epsilon: 80.2807]
2025-10-24 14:22:52.285823 Epoch [064/100], Step [0001/0001], [lateral-edge: 0.7608, lateral-2: 1.3380, lateral-3: 1.3594, lateral-4: 1.3625, lateral-5: 1.4388, epsilon: 81.2553]
2025-10-24 14:22:55.716993 Epoch [065/100], Step [0001/0001], [lateral-edge: 0.7608, lateral-2: 1.3380, lateral-3: 1.3594, lateral-4: 1.3625, lateral-5: 1.4388, epsilon: 82.2275]
2025-10-24 14:22:59.327328 Epoch [066/100], Step [0001/0001], [lateral-edge: 0.7608, lateral-2: 1.3380, lateral-3: 1.3594, lateral-4: 1.3625, lateral-5: 1.4388, epsilon: 83.1974]
2025-10-24 14:23:02.748728 Epoch [067/100], Step [0001/0001], [lateral-edge: 0.7608, lateral-2: 1.3380, lateral-3: 1.3594, lateral-4: 1.3625, lateral-5: 1.4388, epsilon: 84.1650]
2025-10-24 14:23:06.098183 Epoch [068/100], Step [0001/0001], [lateral-edge: 0.7608, lateral-2: 1.3380, lateral-3: 1.3594, lateral-4: 1.3625, lateral-5: 1.4388, epsilon: 85.1303]
2025-10-24 14:23:09.556226 Epoch [069/100], Step [0001/0001], [lateral-edge: 0.7608, lateral-2: 1.3380, lateral-3: 1.3594, lateral-4: 1.3625, lateral-5: 1.4388, epsilon: 86.0935]
[Saving Snapshot:] ./Snapshots/save_weights/Inf-Net_DP_Morph/close/batch_128/run_3/noise_multiplier_1.5/Inf-Net-70.pth
2025-10-24 14:23:13.122909 Epoch [070/100], Step [0001/0001], [lateral-edge: 0.7608, lateral-2: 1.3380, lateral-3: 1.3594, lateral-4: 1.3625, lateral-5: 1.4388, epsilon: 87.0546]
2025-10-24 14:23:16.721489 Epoch [071/100], Step [0001/0001], [lateral-edge: 0.7608, lateral-2: 1.3380, lateral-3: 1.3594, lateral-4: 1.3625, lateral-5: 1.4388, epsilon: 88.0136]
2025-10-24 14:23:20.415164 Epoch [072/100], Step [0001/0001], [lateral-edge: 0.7608, lateral-2: 1.3380, lateral-3: 1.3594, lateral-4: 1.3625, lateral-5: 1.4388, epsilon: 88.9705]
2025-10-24 14:23:24.234793 Epoch [073/100], Step [0001/0001], [lateral-edge: 0.7608, lateral-2: 1.3380, lateral-3: 1.3594, lateral-4: 1.3625, lateral-5: 1.4388, epsilon: 89.9255]
2025-10-24 14:23:28.023316 Epoch [074/100], Step [0001/0001], [lateral-edge: 0.7608, lateral-2: 1.3380, lateral-3: 1.3594, lateral-4: 1.3625, lateral-5: 1.4388, epsilon: 90.8785]
2025-10-24 14:23:31.762560 Epoch [075/100], Step [0001/0001], [lateral-edge: 0.7608, lateral-2: 1.3380, lateral-3: 1.3594, lateral-4: 1.3625, lateral-5: 1.4388, epsilon: 91.8295]
2025-10-24 14:23:35.589191 Epoch [076/100], Step [0001/0001], [lateral-edge: 0.7608, lateral-2: 1.3380, lateral-3: 1.3594, lateral-4: 1.3625, lateral-5: 1.4388, epsilon: 92.7787]
2025-10-24 14:23:38.985958 Epoch [077/100], Step [0001/0001], [lateral-edge: 0.7608, lateral-2: 1.3380, lateral-3: 1.3594, lateral-4: 1.3625, lateral-5: 1.4388, epsilon: 93.7260]
2025-10-24 14:23:42.981963 Epoch [078/100], Step [0001/0001], [lateral-edge: 0.7608, lateral-2: 1.3380, lateral-3: 1.3594, lateral-4: 1.3625, lateral-5: 1.4388, epsilon: 94.6716]
2025-10-24 14:23:46.787951 Epoch [079/100], Step [0001/0001], [lateral-edge: 0.7608, lateral-2: 1.3380, lateral-3: 1.3594, lateral-4: 1.3625, lateral-5: 1.4388, epsilon: 95.6153]
[Saving Snapshot:] ./Snapshots/save_weights/Inf-Net_DP_Morph/close/batch_128/run_3/noise_multiplier_1.5/Inf-Net-80.pth
2025-10-24 14:23:50.808372 Epoch [080/100], Step [0001/0001], [lateral-edge: 0.7608, lateral-2: 1.3380, lateral-3: 1.3594, lateral-4: 1.3625, lateral-5: 1.4388, epsilon: 96.5574]
2025-10-24 14:23:54.714776 Epoch [081/100], Step [0001/0001], [lateral-edge: 0.7608, lateral-2: 1.3380, lateral-3: 1.3594, lateral-4: 1.3625, lateral-5: 1.4388, epsilon: 97.4977]
2025-10-24 14:23:58.528090 Epoch [082/100], Step [0001/0001], [lateral-edge: 0.7608, lateral-2: 1.3380, lateral-3: 1.3594, lateral-4: 1.3625, lateral-5: 1.4388, epsilon: 98.4363]
2025-10-24 14:24:02.559932 Epoch [083/100], Step [0001/0001], [lateral-edge: 0.7608, lateral-2: 1.3380, lateral-3: 1.3594, lateral-4: 1.3625, lateral-5: 1.4388, epsilon: 99.3733]
2025-10-24 14:24:06.446223 Epoch [084/100], Step [0001/0001], [lateral-edge: 0.7608, lateral-2: 1.3380, lateral-3: 1.3594, lateral-4: 1.3625, lateral-5: 1.4388, epsilon: 100.3087]
2025-10-24 14:24:10.044455 Epoch [085/100], Step [0001/0001], [lateral-edge: 0.7608, lateral-2: 1.3380, lateral-3: 1.3594, lateral-4: 1.3625, lateral-5: 1.4388, epsilon: 101.2425]
2025-10-24 14:24:13.959781 Epoch [086/100], Step [0001/0001], [lateral-edge: 0.7608, lateral-2: 1.3380, lateral-3: 1.3594, lateral-4: 1.3625, lateral-5: 1.4388, epsilon: 102.1747]
2025-10-24 14:24:17.602880 Epoch [087/100], Step [0001/0001], [lateral-edge: 0.7608, lateral-2: 1.3380, lateral-3: 1.3594, lateral-4: 1.3625, lateral-5: 1.4388, epsilon: 103.1054]
2025-10-24 14:24:21.093361 Epoch [088/100], Step [0001/0001], [lateral-edge: 0.7608, lateral-2: 1.3380, lateral-3: 1.3594, lateral-4: 1.3625, lateral-5: 1.4388, epsilon: 104.0346]
2025-10-24 14:24:25.062492 Epoch [089/100], Step [0001/0001], [lateral-edge: 0.7608, lateral-2: 1.3380, lateral-3: 1.3594, lateral-4: 1.3625, lateral-5: 1.4388, epsilon: 104.9623]
[Saving Snapshot:] ./Snapshots/save_weights/Inf-Net_DP_Morph/close/batch_128/run_3/noise_multiplier_1.5/Inf-Net-90.pth
2025-10-24 14:24:29.183938 Epoch [090/100], Step [0001/0001], [lateral-edge: 0.7608, lateral-2: 1.3380, lateral-3: 1.3594, lateral-4: 1.3625, lateral-5: 1.4388, epsilon: 105.8885]
2025-10-24 14:24:33.176472 Epoch [091/100], Step [0001/0001], [lateral-edge: 0.7608, lateral-2: 1.3380, lateral-3: 1.3594, lateral-4: 1.3625, lateral-5: 1.4388, epsilon: 106.8133]
2025-10-24 14:24:37.251972 Epoch [092/100], Step [0001/0001], [lateral-edge: 0.7608, lateral-2: 1.3380, lateral-3: 1.3594, lateral-4: 1.3625, lateral-5: 1.4388, epsilon: 107.7368]
2025-10-24 14:24:41.112038 Epoch [093/100], Step [0001/0001], [lateral-edge: 0.7608, lateral-2: 1.3380, lateral-3: 1.3594, lateral-4: 1.3625, lateral-5: 1.4388, epsilon: 108.6588]
2025-10-24 14:24:45.126820 Epoch [094/100], Step [0001/0001], [lateral-edge: 0.7608, lateral-2: 1.3380, lateral-3: 1.3594, lateral-4: 1.3625, lateral-5: 1.4388, epsilon: 109.5794]
2025-10-24 14:24:49.163123 Epoch [095/100], Step [0001/0001], [lateral-edge: 0.7608, lateral-2: 1.3380, lateral-3: 1.3594, lateral-4: 1.3625, lateral-5: 1.4388, epsilon: 110.4988]
2025-10-24 14:24:53.214398 Epoch [096/100], Step [0001/0001], [lateral-edge: 0.7608, lateral-2: 1.3380, lateral-3: 1.3594, lateral-4: 1.3625, lateral-5: 1.4388, epsilon: 111.4168]
2025-10-24 14:24:57.417248 Epoch [097/100], Step [0001/0001], [lateral-edge: 0.7608, lateral-2: 1.3380, lateral-3: 1.3594, lateral-4: 1.3625, lateral-5: 1.4388, epsilon: 112.3335]
2025-10-24 14:25:01.070072 Epoch [098/100], Step [0001/0001], [lateral-edge: 0.7608, lateral-2: 1.3380, lateral-3: 1.3594, lateral-4: 1.3625, lateral-5: 1.4388, epsilon: 113.2489]
2025-10-24 14:25:04.886413 Epoch [099/100], Step [0001/0001], [lateral-edge: 0.7608, lateral-2: 1.3380, lateral-3: 1.3594, lateral-4: 1.3625, lateral-5: 1.4388, epsilon: 114.1630]
[Saving Snapshot:] ./Snapshots/save_weights/Inf-Net_DP_Morph/close/batch_128/run_3/noise_multiplier_1.5/Inf-Net-100.pth
2025-10-24 14:25:09.114579 Epoch [100/100], Step [0001/0001], [lateral-edge: 0.7608, lateral-2: 1.3380, lateral-3: 1.3594, lateral-4: 1.3625, lateral-5: 1.4388, epsilon: 115.0760]
Training completed at Fri Oct 24 14:25:10 CEST 2025
