Backbone loading: Res2Net50
Not loading weights from weights file
################################################## 
Start Training (Inf-Net-Res2Net50)
Backbone: Res2Net50
Batch Size: 64
Morphology: erosion
Save Path: ./Snapshots/save_weights/Inf-Net_Morph/batch_64/run_2
Run: 2
Namespace(epoch=70, lr=0.0001, batchsize=64, trainsize=352, clip=0.5, decay_rate=0.1, decay_epoch=50, is_thop=False, gpu_device=0, num_workers=8, net_channel=32, n_classes=1, backbone='Res2Net50', train_path='./Dataset/TrainingSet/LungInfection-Train/Doctor-label', is_semi=False, is_pseudo=False, train_save=None, run=2, enable_morphology=True, morph_operation='erosion', morph_kernel_size=3, device='cuda')
 ##################################################
2025-10-26 21:56:42.020227 Epoch [001/070], Step [0001/0001], [lateral-edge: 0.7585, lateral-2: 1.6248, lateral-3: 1.6173, lateral-4: 1.5917, lateral-5: 1.5189]
2025-10-26 21:56:43.574023 Epoch [002/070], Step [0001/0001], [lateral-edge: 0.7522, lateral-2: 1.4071, lateral-3: 1.4495, lateral-4: 1.4983, lateral-5: 1.5014]
2025-10-26 21:56:45.155945 Epoch [003/070], Step [0001/0001], [lateral-edge: 0.7503, lateral-2: 1.3611, lateral-3: 1.3965, lateral-4: 1.4760, lateral-5: 1.4996]
2025-10-26 21:56:46.740792 Epoch [004/070], Step [0001/0001], [lateral-edge: 0.7478, lateral-2: 1.3318, lateral-3: 1.3779, lateral-4: 1.4413, lateral-5: 1.4965]
2025-10-26 21:56:48.357633 Epoch [005/070], Step [0001/0001], [lateral-edge: 0.7454, lateral-2: 1.3138, lateral-3: 1.3571, lateral-4: 1.4247, lateral-5: 1.4961]
2025-10-26 21:56:49.946036 Epoch [006/070], Step [0001/0001], [lateral-edge: 0.7435, lateral-2: 1.2950, lateral-3: 1.3405, lateral-4: 1.4078, lateral-5: 1.4945]
2025-10-26 21:56:51.537819 Epoch [007/070], Step [0001/0001], [lateral-edge: 0.7417, lateral-2: 1.2738, lateral-3: 1.3229, lateral-4: 1.3894, lateral-5: 1.4928]
2025-10-26 21:56:53.109169 Epoch [008/070], Step [0001/0001], [lateral-edge: 0.7399, lateral-2: 1.2543, lateral-3: 1.3007, lateral-4: 1.3748, lateral-5: 1.4912]
2025-10-26 21:56:54.699537 Epoch [009/070], Step [0001/0001], [lateral-edge: 0.7384, lateral-2: 1.2308, lateral-3: 1.2752, lateral-4: 1.3590, lateral-5: 1.4885]
[Saving Snapshot:] ./Snapshots/save_weights/Inf-Net_Morph/batch_64/run_2/Inf-Net-10.pth
2025-10-26 21:56:56.488045 Epoch [010/070], Step [0001/0001], [lateral-edge: 0.7368, lateral-2: 1.1991, lateral-3: 1.2477, lateral-4: 1.3386, lateral-5: 1.4803]
2025-10-26 21:56:58.079298 Epoch [011/070], Step [0001/0001], [lateral-edge: 0.7353, lateral-2: 1.1626, lateral-3: 1.2163, lateral-4: 1.3162, lateral-5: 1.4524]
2025-10-26 21:56:59.657429 Epoch [012/070], Step [0001/0001], [lateral-edge: 0.7340, lateral-2: 1.1300, lateral-3: 1.1895, lateral-4: 1.2926, lateral-5: 1.4117]
2025-10-26 21:57:01.231441 Epoch [013/070], Step [0001/0001], [lateral-edge: 0.7328, lateral-2: 1.0828, lateral-3: 1.1505, lateral-4: 1.2633, lateral-5: 1.3634]
2025-10-26 21:57:02.826928 Epoch [014/070], Step [0001/0001], [lateral-edge: 0.7315, lateral-2: 1.0162, lateral-3: 1.0798, lateral-4: 1.1822, lateral-5: 1.3581]
2025-10-26 21:57:04.431967 Epoch [015/070], Step [0001/0001], [lateral-edge: 0.7304, lateral-2: 0.9645, lateral-3: 1.0289, lateral-4: 1.1387, lateral-5: 1.3672]
2025-10-26 21:57:06.039612 Epoch [016/070], Step [0001/0001], [lateral-edge: 0.7293, lateral-2: 0.9081, lateral-3: 0.9740, lateral-4: 1.0834, lateral-5: 1.3924]
2025-10-26 21:57:07.628315 Epoch [017/070], Step [0001/0001], [lateral-edge: 0.7284, lateral-2: 0.8471, lateral-3: 0.9185, lateral-4: 1.0310, lateral-5: 1.4254]
2025-10-26 21:57:09.194712 Epoch [018/070], Step [0001/0001], [lateral-edge: 0.7274, lateral-2: 0.8184, lateral-3: 0.8881, lateral-4: 0.9979, lateral-5: 1.4014]
2025-10-26 21:57:10.763512 Epoch [019/070], Step [0001/0001], [lateral-edge: 0.7265, lateral-2: 0.7915, lateral-3: 0.8621, lateral-4: 0.9673, lateral-5: 1.3891]
[Saving Snapshot:] ./Snapshots/save_weights/Inf-Net_Morph/batch_64/run_2/Inf-Net-20.pth
2025-10-26 21:57:12.522778 Epoch [020/070], Step [0001/0001], [lateral-edge: 0.7256, lateral-2: 0.7696, lateral-3: 0.8454, lateral-4: 0.9550, lateral-5: 1.3659]
2025-10-26 21:57:14.118392 Epoch [021/070], Step [0001/0001], [lateral-edge: 0.7247, lateral-2: 0.7491, lateral-3: 0.8285, lateral-4: 0.9420, lateral-5: 1.3586]
2025-10-26 21:57:15.664979 Epoch [022/070], Step [0001/0001], [lateral-edge: 0.7239, lateral-2: 0.7394, lateral-3: 0.8183, lateral-4: 0.9282, lateral-5: 1.3305]
2025-10-26 21:57:17.255232 Epoch [023/070], Step [0001/0001], [lateral-edge: 0.7230, lateral-2: 0.7205, lateral-3: 0.8037, lateral-4: 0.9188, lateral-5: 1.3231]
2025-10-26 21:57:18.803701 Epoch [024/070], Step [0001/0001], [lateral-edge: 0.7222, lateral-2: 0.7083, lateral-3: 0.7902, lateral-4: 0.9026, lateral-5: 1.2976]
2025-10-26 21:57:20.387444 Epoch [025/070], Step [0001/0001], [lateral-edge: 0.7214, lateral-2: 0.6946, lateral-3: 0.7800, lateral-4: 0.8930, lateral-5: 1.2761]
2025-10-26 21:57:21.961097 Epoch [026/070], Step [0001/0001], [lateral-edge: 0.7205, lateral-2: 0.6850, lateral-3: 0.7708, lateral-4: 0.8854, lateral-5: 1.2576]
2025-10-26 21:57:23.563184 Epoch [027/070], Step [0001/0001], [lateral-edge: 0.7197, lateral-2: 0.6730, lateral-3: 0.7600, lateral-4: 0.8747, lateral-5: 1.2399]
2025-10-26 21:57:25.116430 Epoch [028/070], Step [0001/0001], [lateral-edge: 0.7188, lateral-2: 0.6597, lateral-3: 0.7493, lateral-4: 0.8686, lateral-5: 1.2231]
2025-10-26 21:57:26.697531 Epoch [029/070], Step [0001/0001], [lateral-edge: 0.7179, lateral-2: 0.6466, lateral-3: 0.7358, lateral-4: 0.8573, lateral-5: 1.2121]
[Saving Snapshot:] ./Snapshots/save_weights/Inf-Net_Morph/batch_64/run_2/Inf-Net-30.pth
2025-10-26 21:57:28.445847 Epoch [030/070], Step [0001/0001], [lateral-edge: 0.7170, lateral-2: 0.6359, lateral-3: 0.7293, lateral-4: 0.8511, lateral-5: 1.1816]
2025-10-26 21:57:30.031631 Epoch [031/070], Step [0001/0001], [lateral-edge: 0.7160, lateral-2: 0.6197, lateral-3: 0.7122, lateral-4: 0.8359, lateral-5: 1.1658]
2025-10-26 21:57:31.603403 Epoch [032/070], Step [0001/0001], [lateral-edge: 0.7151, lateral-2: 0.6108, lateral-3: 0.7075, lateral-4: 0.8302, lateral-5: 1.1456]
2025-10-26 21:57:33.180707 Epoch [033/070], Step [0001/0001], [lateral-edge: 0.7141, lateral-2: 0.6027, lateral-3: 0.6987, lateral-4: 0.8243, lateral-5: 1.1263]
2025-10-26 21:57:34.758709 Epoch [034/070], Step [0001/0001], [lateral-edge: 0.7132, lateral-2: 0.5955, lateral-3: 0.6935, lateral-4: 0.8223, lateral-5: 1.1032]
2025-10-26 21:57:36.347227 Epoch [035/070], Step [0001/0001], [lateral-edge: 0.7122, lateral-2: 0.5883, lateral-3: 0.6867, lateral-4: 0.8162, lateral-5: 1.0888]
2025-10-26 21:57:37.924730 Epoch [036/070], Step [0001/0001], [lateral-edge: 0.7113, lateral-2: 0.5757, lateral-3: 0.6794, lateral-4: 0.8100, lateral-5: 1.0722]
2025-10-26 21:57:39.497004 Epoch [037/070], Step [0001/0001], [lateral-edge: 0.7104, lateral-2: 0.5652, lateral-3: 0.6705, lateral-4: 0.8036, lateral-5: 1.0556]
2025-10-26 21:57:41.061633 Epoch [038/070], Step [0001/0001], [lateral-edge: 0.7095, lateral-2: 0.5590, lateral-3: 0.6649, lateral-4: 0.7997, lateral-5: 1.0406]
2025-10-26 21:57:42.653117 Epoch [039/070], Step [0001/0001], [lateral-edge: 0.7087, lateral-2: 0.5558, lateral-3: 0.6632, lateral-4: 0.7996, lateral-5: 1.0333]
[Saving Snapshot:] ./Snapshots/save_weights/Inf-Net_Morph/batch_64/run_2/Inf-Net-40.pth
2025-10-26 21:57:44.404107 Epoch [040/070], Step [0001/0001], [lateral-edge: 0.7078, lateral-2: 0.5535, lateral-3: 0.6633, lateral-4: 0.7996, lateral-5: 1.0259]
2025-10-26 21:57:46.002274 Epoch [041/070], Step [0001/0001], [lateral-edge: 0.7071, lateral-2: 0.5568, lateral-3: 0.6649, lateral-4: 0.8039, lateral-5: 1.0132]
2025-10-26 21:57:47.581350 Epoch [042/070], Step [0001/0001], [lateral-edge: 0.7063, lateral-2: 0.5607, lateral-3: 0.6697, lateral-4: 0.8104, lateral-5: 1.0120]
2025-10-26 21:57:49.156764 Epoch [043/070], Step [0001/0001], [lateral-edge: 0.7057, lateral-2: 0.5664, lateral-3: 0.6756, lateral-4: 0.8186, lateral-5: 1.0013]
2025-10-26 21:57:50.704772 Epoch [044/070], Step [0001/0001], [lateral-edge: 0.7050, lateral-2: 0.5649, lateral-3: 0.6728, lateral-4: 0.8128, lateral-5: 1.0004]
2025-10-26 21:57:52.256959 Epoch [045/070], Step [0001/0001], [lateral-edge: 0.7045, lateral-2: 0.5557, lateral-3: 0.6653, lateral-4: 0.8100, lateral-5: 0.9955]
2025-10-26 21:57:53.810399 Epoch [046/070], Step [0001/0001], [lateral-edge: 0.7040, lateral-2: 0.5421, lateral-3: 0.6563, lateral-4: 0.8007, lateral-5: 0.9860]
2025-10-26 21:57:55.375236 Epoch [047/070], Step [0001/0001], [lateral-edge: 0.7035, lateral-2: 0.5317, lateral-3: 0.6489, lateral-4: 0.7954, lateral-5: 0.9655]
2025-10-26 21:57:56.929494 Epoch [048/070], Step [0001/0001], [lateral-edge: 0.7030, lateral-2: 0.5288, lateral-3: 0.6451, lateral-4: 0.7932, lateral-5: 0.9649]
2025-10-26 21:57:58.482239 Epoch [049/070], Step [0001/0001], [lateral-edge: 0.7026, lateral-2: 0.5264, lateral-3: 0.6476, lateral-4: 0.7941, lateral-5: 0.9522]
[Saving Snapshot:] ./Snapshots/save_weights/Inf-Net_Morph/batch_64/run_2/Inf-Net-50.pth
2025-10-26 21:58:00.336131 Epoch [050/070], Step [0001/0001], [lateral-edge: 0.7023, lateral-2: 0.5128, lateral-3: 0.6343, lateral-4: 0.7862, lateral-5: 0.9413]
2025-10-26 21:58:01.939709 Epoch [051/070], Step [0001/0001], [lateral-edge: 0.7023, lateral-2: 0.5089, lateral-3: 0.6311, lateral-4: 0.7834, lateral-5: 0.9377]
2025-10-26 21:58:03.522857 Epoch [052/070], Step [0001/0001], [lateral-edge: 0.7023, lateral-2: 0.5085, lateral-3: 0.6308, lateral-4: 0.7829, lateral-5: 0.9369]
2025-10-26 21:58:05.079197 Epoch [053/070], Step [0001/0001], [lateral-edge: 0.7023, lateral-2: 0.5083, lateral-3: 0.6306, lateral-4: 0.7828, lateral-5: 0.9369]
2025-10-26 21:58:06.631149 Epoch [054/070], Step [0001/0001], [lateral-edge: 0.7023, lateral-2: 0.5083, lateral-3: 0.6306, lateral-4: 0.7828, lateral-5: 0.9366]
2025-10-26 21:58:08.199447 Epoch [055/070], Step [0001/0001], [lateral-edge: 0.7023, lateral-2: 0.5083, lateral-3: 0.6306, lateral-4: 0.7828, lateral-5: 0.9367]
2025-10-26 21:58:09.758730 Epoch [056/070], Step [0001/0001], [lateral-edge: 0.7023, lateral-2: 0.5083, lateral-3: 0.6306, lateral-4: 0.7828, lateral-5: 0.9367]
2025-10-26 21:58:11.318431 Epoch [057/070], Step [0001/0001], [lateral-edge: 0.7023, lateral-2: 0.5083, lateral-3: 0.6306, lateral-4: 0.7828, lateral-5: 0.9366]
2025-10-26 21:58:12.861331 Epoch [058/070], Step [0001/0001], [lateral-edge: 0.7023, lateral-2: 0.5084, lateral-3: 0.6307, lateral-4: 0.7828, lateral-5: 0.9367]
2025-10-26 21:58:14.417466 Epoch [059/070], Step [0001/0001], [lateral-edge: 0.7023, lateral-2: 0.5083, lateral-3: 0.6306, lateral-4: 0.7828, lateral-5: 0.9367]
[Saving Snapshot:] ./Snapshots/save_weights/Inf-Net_Morph/batch_64/run_2/Inf-Net-60.pth
2025-10-26 21:58:16.206663 Epoch [060/070], Step [0001/0001], [lateral-edge: 0.7023, lateral-2: 0.5083, lateral-3: 0.6307, lateral-4: 0.7829, lateral-5: 0.9366]
2025-10-26 21:58:17.775153 Epoch [061/070], Step [0001/0001], [lateral-edge: 0.7023, lateral-2: 0.5084, lateral-3: 0.6307, lateral-4: 0.7828, lateral-5: 0.9366]
2025-10-26 21:58:19.330456 Epoch [062/070], Step [0001/0001], [lateral-edge: 0.7023, lateral-2: 0.5084, lateral-3: 0.6307, lateral-4: 0.7828, lateral-5: 0.9366]
2025-10-26 21:58:20.879161 Epoch [063/070], Step [0001/0001], [lateral-edge: 0.7023, lateral-2: 0.5084, lateral-3: 0.6307, lateral-4: 0.7828, lateral-5: 0.9367]
2025-10-26 21:58:22.437367 Epoch [064/070], Step [0001/0001], [lateral-edge: 0.7023, lateral-2: 0.5084, lateral-3: 0.6306, lateral-4: 0.7828, lateral-5: 0.9366]
2025-10-26 21:58:23.991531 Epoch [065/070], Step [0001/0001], [lateral-edge: 0.7023, lateral-2: 0.5083, lateral-3: 0.6306, lateral-4: 0.7828, lateral-5: 0.9366]
2025-10-26 21:58:25.556143 Epoch [066/070], Step [0001/0001], [lateral-edge: 0.7023, lateral-2: 0.5084, lateral-3: 0.6307, lateral-4: 0.7828, lateral-5: 0.9366]
2025-10-26 21:58:27.127967 Epoch [067/070], Step [0001/0001], [lateral-edge: 0.7023, lateral-2: 0.5083, lateral-3: 0.6306, lateral-4: 0.7828, lateral-5: 0.9367]
2025-10-26 21:58:28.724479 Epoch [068/070], Step [0001/0001], [lateral-edge: 0.7023, lateral-2: 0.5083, lateral-3: 0.6306, lateral-4: 0.7828, lateral-5: 0.9366]
2025-10-26 21:58:30.315499 Epoch [069/070], Step [0001/0001], [lateral-edge: 0.7023, lateral-2: 0.5084, lateral-3: 0.6306, lateral-4: 0.7828, lateral-5: 0.9366]
[Saving Snapshot:] ./Snapshots/save_weights/Inf-Net_Morph/batch_64/run_2/Inf-Net-70.pth
2025-10-26 21:58:32.196542 Epoch [070/070], Step [0001/0001], [lateral-edge: 0.7023, lateral-2: 0.5084, lateral-3: 0.6307, lateral-4: 0.7828, lateral-5: 0.9366]
Training completed at Sun Oct 26 21:58:33 CET 2025
