Backbone loading: Res2Net50
Not loading weights from weights file
################################################## 
Start Training (Inf-Net-Res2Net50)
Backbone: Res2Net50
Batch Size: 48
Morphology: dilation
Save Path: ./Snapshots/save_weights/Inf-Net_Morph/batch_48/run_2
Run: 2
Namespace(epoch=70, lr=0.0001, batchsize=48, trainsize=352, clip=0.5, decay_rate=0.1, decay_epoch=50, is_thop=False, gpu_device=0, num_workers=8, net_channel=32, n_classes=1, backbone='Res2Net50', train_path='./Dataset/TrainingSet/LungInfection-Train/Doctor-label', is_semi=False, is_pseudo=False, train_save=None, run=2, enable_morphology=True, morph_operation='dilation', morph_kernel_size=3, device='cuda')
 ##################################################
2025-10-26 21:52:24.575277 Epoch [001/070], Step [0002/0002], [lateral-edge: 0.7539, lateral-2: 1.5873, lateral-3: 1.5395, lateral-4: 1.5349, lateral-5: 1.5200]
2025-10-26 21:52:26.267908 Epoch [002/070], Step [0002/0002], [lateral-edge: 0.7466, lateral-2: 1.4344, lateral-3: 1.4147, lateral-4: 1.4632, lateral-5: 1.4835]
2025-10-26 21:52:28.030894 Epoch [003/070], Step [0002/0002], [lateral-edge: 0.7461, lateral-2: 1.5400, lateral-3: 1.5139, lateral-4: 1.5356, lateral-5: 1.5551]
2025-10-26 21:52:29.782120 Epoch [004/070], Step [0002/0002], [lateral-edge: 0.7426, lateral-2: 1.4245, lateral-3: 1.4236, lateral-4: 1.4928, lateral-5: 1.5220]
2025-10-26 21:52:31.538526 Epoch [005/070], Step [0002/0002], [lateral-edge: 0.7413, lateral-2: 1.5648, lateral-3: 1.5279, lateral-4: 1.5289, lateral-5: 1.5574]
2025-10-26 21:52:33.322243 Epoch [006/070], Step [0002/0002], [lateral-edge: 0.7365, lateral-2: 1.4242, lateral-3: 1.4336, lateral-4: 1.4534, lateral-5: 1.4845]
2025-10-26 21:52:35.076533 Epoch [007/070], Step [0002/0002], [lateral-edge: 0.7358, lateral-2: 1.2750, lateral-3: 1.3736, lateral-4: 1.3733, lateral-5: 1.4752]
2025-10-26 21:52:36.844406 Epoch [008/070], Step [0002/0002], [lateral-edge: 0.7334, lateral-2: 1.3213, lateral-3: 1.3759, lateral-4: 1.4277, lateral-5: 1.5045]
2025-10-26 21:52:38.621061 Epoch [009/070], Step [0002/0002], [lateral-edge: 0.7317, lateral-2: 1.2401, lateral-3: 1.2725, lateral-4: 1.4063, lateral-5: 1.5159]
[Saving Snapshot:] ./Snapshots/save_weights/Inf-Net_Morph/batch_48/run_2/Inf-Net-10.pth
2025-10-26 21:52:40.566769 Epoch [010/070], Step [0002/0002], [lateral-edge: 0.7291, lateral-2: 1.1525, lateral-3: 1.2127, lateral-4: 1.3356, lateral-5: 1.5891]
2025-10-26 21:52:42.321666 Epoch [011/070], Step [0002/0002], [lateral-edge: 0.7306, lateral-2: 1.1799, lateral-3: 1.2192, lateral-4: 1.3050, lateral-5: 1.5731]
2025-10-26 21:52:44.074716 Epoch [012/070], Step [0002/0002], [lateral-edge: 0.7296, lateral-2: 1.2535, lateral-3: 1.2091, lateral-4: 1.2669, lateral-5: 1.6552]
2025-10-26 21:52:45.817212 Epoch [013/070], Step [0002/0002], [lateral-edge: 0.7296, lateral-2: 1.1437, lateral-3: 1.1687, lateral-4: 1.2743, lateral-5: 1.7635]
2025-10-26 21:52:47.561189 Epoch [014/070], Step [0002/0002], [lateral-edge: 0.7264, lateral-2: 1.0941, lateral-3: 1.0803, lateral-4: 1.1859, lateral-5: 1.6873]
2025-10-26 21:52:49.314467 Epoch [015/070], Step [0002/0002], [lateral-edge: 0.7259, lateral-2: 1.1445, lateral-3: 1.1804, lateral-4: 1.2452, lateral-5: 1.7731]
2025-10-26 21:52:51.051504 Epoch [016/070], Step [0002/0002], [lateral-edge: 0.7251, lateral-2: 1.0261, lateral-3: 1.0916, lateral-4: 1.1964, lateral-5: 1.7731]
2025-10-26 21:52:52.835408 Epoch [017/070], Step [0002/0002], [lateral-edge: 0.7228, lateral-2: 1.1159, lateral-3: 1.1135, lateral-4: 1.1853, lateral-5: 1.6935]
2025-10-26 21:52:54.600624 Epoch [018/070], Step [0002/0002], [lateral-edge: 0.7231, lateral-2: 0.9720, lateral-3: 1.0110, lateral-4: 1.1556, lateral-5: 1.5562]
2025-10-26 21:52:56.375278 Epoch [019/070], Step [0002/0002], [lateral-edge: 0.7212, lateral-2: 1.0864, lateral-3: 1.1458, lateral-4: 1.2291, lateral-5: 1.6255]
[Saving Snapshot:] ./Snapshots/save_weights/Inf-Net_Morph/batch_48/run_2/Inf-Net-20.pth
2025-10-26 21:52:58.308369 Epoch [020/070], Step [0002/0002], [lateral-edge: 0.7178, lateral-2: 1.0376, lateral-3: 1.0893, lateral-4: 1.1721, lateral-5: 1.6114]
2025-10-26 21:53:00.057619 Epoch [021/070], Step [0002/0002], [lateral-edge: 0.7190, lateral-2: 0.9595, lateral-3: 1.0231, lateral-4: 1.1784, lateral-5: 1.6251]
2025-10-26 21:53:01.826086 Epoch [022/070], Step [0002/0002], [lateral-edge: 0.7191, lateral-2: 1.1289, lateral-3: 1.1492, lateral-4: 1.2201, lateral-5: 1.7287]
2025-10-26 21:53:03.605441 Epoch [023/070], Step [0002/0002], [lateral-edge: 0.7189, lateral-2: 1.0275, lateral-3: 1.0549, lateral-4: 1.1535, lateral-5: 1.7047]
2025-10-26 21:53:05.406553 Epoch [024/070], Step [0002/0002], [lateral-edge: 0.7173, lateral-2: 1.0559, lateral-3: 1.0729, lateral-4: 1.1654, lateral-5: 1.7642]
2025-10-26 21:53:07.154574 Epoch [025/070], Step [0002/0002], [lateral-edge: 0.7152, lateral-2: 0.9576, lateral-3: 1.0227, lateral-4: 1.1521, lateral-5: 1.7454]
2025-10-26 21:53:08.924996 Epoch [026/070], Step [0002/0002], [lateral-edge: 0.7131, lateral-2: 1.0933, lateral-3: 1.1224, lateral-4: 1.1856, lateral-5: 1.6214]
2025-10-26 21:53:10.701102 Epoch [027/070], Step [0002/0002], [lateral-edge: 0.7119, lateral-2: 0.9556, lateral-3: 1.0125, lateral-4: 1.1347, lateral-5: 1.4356]
2025-10-26 21:53:12.454257 Epoch [028/070], Step [0002/0002], [lateral-edge: 0.7131, lateral-2: 1.1181, lateral-3: 1.1285, lateral-4: 1.2002, lateral-5: 1.5594]
2025-10-26 21:53:14.234071 Epoch [029/070], Step [0002/0002], [lateral-edge: 0.7091, lateral-2: 0.9592, lateral-3: 1.0179, lateral-4: 1.1390, lateral-5: 1.5030]
[Saving Snapshot:] ./Snapshots/save_weights/Inf-Net_Morph/batch_48/run_2/Inf-Net-30.pth
2025-10-26 21:53:16.197683 Epoch [030/070], Step [0002/0002], [lateral-edge: 0.7092, lateral-2: 0.9688, lateral-3: 1.0502, lateral-4: 1.1722, lateral-5: 1.5292]
2025-10-26 21:53:17.983866 Epoch [031/070], Step [0002/0002], [lateral-edge: 0.7086, lateral-2: 1.0109, lateral-3: 1.0764, lateral-4: 1.2106, lateral-5: 1.4949]
2025-10-26 21:53:19.759047 Epoch [032/070], Step [0002/0002], [lateral-edge: 0.7087, lateral-2: 0.9882, lateral-3: 1.0318, lateral-4: 1.1409, lateral-5: 1.4177]
2025-10-26 21:53:21.521903 Epoch [033/070], Step [0002/0002], [lateral-edge: 0.7078, lateral-2: 0.9782, lateral-3: 1.0201, lateral-4: 1.1237, lateral-5: 1.4544]
2025-10-26 21:53:23.281523 Epoch [034/070], Step [0002/0002], [lateral-edge: 0.7076, lateral-2: 0.9147, lateral-3: 0.9755, lateral-4: 1.0918, lateral-5: 1.4819]
2025-10-26 21:53:25.032274 Epoch [035/070], Step [0002/0002], [lateral-edge: 0.7037, lateral-2: 0.9427, lateral-3: 1.0093, lateral-4: 1.1456, lateral-5: 1.4493]
2025-10-26 21:53:26.813344 Epoch [036/070], Step [0002/0002], [lateral-edge: 0.7061, lateral-2: 0.9045, lateral-3: 0.9871, lateral-4: 1.1333, lateral-5: 1.3592]
2025-10-26 21:53:28.574875 Epoch [037/070], Step [0002/0002], [lateral-edge: 0.7021, lateral-2: 0.9243, lateral-3: 1.0017, lateral-4: 1.1217, lateral-5: 1.3207]
2025-10-26 21:53:30.317729 Epoch [038/070], Step [0002/0002], [lateral-edge: 0.7056, lateral-2: 1.0559, lateral-3: 1.0812, lateral-4: 1.1689, lateral-5: 1.6375]
2025-10-26 21:53:32.084245 Epoch [039/070], Step [0002/0002], [lateral-edge: 0.7035, lateral-2: 0.9537, lateral-3: 1.0012, lateral-4: 1.1047, lateral-5: 1.5819]
[Saving Snapshot:] ./Snapshots/save_weights/Inf-Net_Morph/batch_48/run_2/Inf-Net-40.pth
2025-10-26 21:53:33.991111 Epoch [040/070], Step [0002/0002], [lateral-edge: 0.7029, lateral-2: 0.8183, lateral-3: 0.9055, lateral-4: 1.0429, lateral-5: 1.4574]
2025-10-26 21:53:35.749629 Epoch [041/070], Step [0002/0002], [lateral-edge: 0.7010, lateral-2: 0.8200, lateral-3: 0.9132, lateral-4: 1.0698, lateral-5: 1.3664]
2025-10-26 21:53:37.525911 Epoch [042/070], Step [0002/0002], [lateral-edge: 0.7021, lateral-2: 0.8350, lateral-3: 0.9201, lateral-4: 1.0610, lateral-5: 1.4121]
2025-10-26 21:53:39.357679 Epoch [043/070], Step [0002/0002], [lateral-edge: 0.7017, lateral-2: 0.8929, lateral-3: 0.9440, lateral-4: 1.0500, lateral-5: 1.6215]
2025-10-26 21:53:41.118018 Epoch [044/070], Step [0002/0002], [lateral-edge: 0.6992, lateral-2: 0.8492, lateral-3: 0.9458, lateral-4: 1.0783, lateral-5: 1.4589]
2025-10-26 21:53:42.859679 Epoch [045/070], Step [0002/0002], [lateral-edge: 0.6991, lateral-2: 0.9316, lateral-3: 0.9776, lateral-4: 1.0815, lateral-5: 1.4929]
2025-10-26 21:53:44.631436 Epoch [046/070], Step [0002/0002], [lateral-edge: 0.6998, lateral-2: 0.9766, lateral-3: 1.0039, lateral-4: 1.1040, lateral-5: 1.6063]
2025-10-26 21:53:46.381776 Epoch [047/070], Step [0002/0002], [lateral-edge: 0.6969, lateral-2: 0.9002, lateral-3: 0.9985, lateral-4: 1.1464, lateral-5: 1.5977]
2025-10-26 21:53:48.141212 Epoch [048/070], Step [0002/0002], [lateral-edge: 0.6974, lateral-2: 0.9243, lateral-3: 1.0049, lateral-4: 1.1566, lateral-5: 1.4625]
2025-10-26 21:53:49.901786 Epoch [049/070], Step [0002/0002], [lateral-edge: 0.6991, lateral-2: 1.0304, lateral-3: 1.0511, lateral-4: 1.1346, lateral-5: 1.5876]
[Saving Snapshot:] ./Snapshots/save_weights/Inf-Net_Morph/batch_48/run_2/Inf-Net-50.pth
2025-10-26 21:53:51.810414 Epoch [050/070], Step [0002/0002], [lateral-edge: 0.6963, lateral-2: 0.9842, lateral-3: 1.0168, lateral-4: 1.1046, lateral-5: 1.5066]
2025-10-26 21:53:53.582161 Epoch [051/070], Step [0002/0002], [lateral-edge: 0.6961, lateral-2: 0.9871, lateral-3: 1.0040, lateral-4: 1.0819, lateral-5: 1.4920]
2025-10-26 21:53:55.330566 Epoch [052/070], Step [0002/0002], [lateral-edge: 0.6978, lateral-2: 0.8431, lateral-3: 0.9127, lateral-4: 1.0409, lateral-5: 1.4033]
2025-10-26 21:53:57.074577 Epoch [053/070], Step [0002/0002], [lateral-edge: 0.6985, lateral-2: 0.9773, lateral-3: 1.0083, lateral-4: 1.0871, lateral-5: 1.5650]
2025-10-26 21:53:58.855582 Epoch [054/070], Step [0002/0002], [lateral-edge: 0.6977, lateral-2: 0.8451, lateral-3: 0.9317, lateral-4: 1.0694, lateral-5: 1.3863]
2025-10-26 21:54:00.621186 Epoch [055/070], Step [0002/0002], [lateral-edge: 0.6957, lateral-2: 0.9103, lateral-3: 0.9631, lateral-4: 1.0691, lateral-5: 1.4666]
2025-10-26 21:54:02.346619 Epoch [056/070], Step [0002/0002], [lateral-edge: 0.6975, lateral-2: 0.8736, lateral-3: 0.9485, lateral-4: 1.0699, lateral-5: 1.4090]
2025-10-26 21:54:04.130713 Epoch [057/070], Step [0002/0002], [lateral-edge: 0.6975, lateral-2: 0.9013, lateral-3: 0.9600, lateral-4: 1.0557, lateral-5: 1.4282]
2025-10-26 21:54:05.886597 Epoch [058/070], Step [0002/0002], [lateral-edge: 0.6982, lateral-2: 0.9707, lateral-3: 1.0292, lateral-4: 1.1179, lateral-5: 1.5178]
2025-10-26 21:54:07.619041 Epoch [059/070], Step [0002/0002], [lateral-edge: 0.6982, lateral-2: 0.8768, lateral-3: 0.9552, lateral-4: 1.0674, lateral-5: 1.4504]
[Saving Snapshot:] ./Snapshots/save_weights/Inf-Net_Morph/batch_48/run_2/Inf-Net-60.pth
2025-10-26 21:54:09.610190 Epoch [060/070], Step [0002/0002], [lateral-edge: 0.6979, lateral-2: 0.9648, lateral-3: 1.0087, lateral-4: 1.1067, lateral-5: 1.5953]
2025-10-26 21:54:11.352042 Epoch [061/070], Step [0002/0002], [lateral-edge: 0.6977, lateral-2: 1.0943, lateral-3: 1.1150, lateral-4: 1.2043, lateral-5: 1.4307]
2025-10-26 21:54:13.115985 Epoch [062/070], Step [0002/0002], [lateral-edge: 0.6975, lateral-2: 0.8670, lateral-3: 0.9373, lateral-4: 1.0734, lateral-5: 1.4120]
2025-10-26 21:54:14.880471 Epoch [063/070], Step [0002/0002], [lateral-edge: 0.6982, lateral-2: 1.0375, lateral-3: 1.0389, lateral-4: 1.1028, lateral-5: 1.6147]
2025-10-26 21:54:16.641639 Epoch [064/070], Step [0002/0002], [lateral-edge: 0.6981, lateral-2: 0.9472, lateral-3: 0.9947, lateral-4: 1.0870, lateral-5: 1.4570]
2025-10-26 21:54:18.399121 Epoch [065/070], Step [0002/0002], [lateral-edge: 0.6985, lateral-2: 0.9218, lateral-3: 0.9596, lateral-4: 1.0508, lateral-5: 1.5586]
2025-10-26 21:54:20.163628 Epoch [066/070], Step [0002/0002], [lateral-edge: 0.6971, lateral-2: 1.0706, lateral-3: 1.0886, lateral-4: 1.1385, lateral-5: 1.4179]
2025-10-26 21:54:21.904674 Epoch [067/070], Step [0002/0002], [lateral-edge: 0.6957, lateral-2: 0.9043, lateral-3: 0.9773, lateral-4: 1.0829, lateral-5: 1.4162]
2025-10-26 21:54:23.640188 Epoch [068/070], Step [0002/0002], [lateral-edge: 0.6984, lateral-2: 0.9476, lateral-3: 0.9802, lateral-4: 1.0697, lateral-5: 1.5547]
2025-10-26 21:54:25.402543 Epoch [069/070], Step [0002/0002], [lateral-edge: 0.6959, lateral-2: 0.8688, lateral-3: 0.9504, lateral-4: 1.0878, lateral-5: 1.3811]
[Saving Snapshot:] ./Snapshots/save_weights/Inf-Net_Morph/batch_48/run_2/Inf-Net-70.pth
2025-10-26 21:54:27.329723 Epoch [070/070], Step [0002/0002], [lateral-edge: 0.6977, lateral-2: 0.8158, lateral-3: 0.9153, lateral-4: 1.0454, lateral-5: 1.3326]
Training completed at Sun Oct 26 21:54:28 CET 2025
