
============================================================
Inf-Net Differential Privacy Migration Test Suite
============================================================
============================================================
Test 1: Model Initialization
============================================================
Loaded pretrained weights (Conv layers only, GroupNorm initialized randomly)
✓ Model initialized successfully!

============================================================
Test 2: Forward Pass
============================================================
Loaded pretrained weights (Conv layers only, GroupNorm initialized randomly)
✓ Forward pass successful!
  Output shapes: [torch.Size([2, 1, 352, 352]), torch.Size([2, 1, 352, 352]), torch.Size([2, 1, 352, 352]), torch.Size([2, 1, 352, 352]), torch.Size([2, 1, 352, 352])]

============================================================
Test 3: Backward Pass
============================================================
Loaded pretrained weights (Conv layers only, GroupNorm initialized randomly)
✓ Backward pass successful!

============================================================
Test 4: BatchNorm Removal Verification
============================================================
Loaded pretrained weights (Conv layers only, GroupNorm initialized randomly)
✓ No BatchNorm layers found - all migrated to GroupNorm!

============================================================
Test 5: Opacus Compatibility
============================================================
Loaded pretrained weights (Conv layers only, GroupNorm initialized randomly)
✓ Model is fully compatible with Opacus!

============================================================
Test 6: DP Training Step Simulation
============================================================
Loaded pretrained weights (Conv layers only, GroupNorm initialized randomly)
✗ DP training step failed: Output 0 of BackwardHookFunctionBackward is a view and is being modified inplace. This view was created inside a custom Function (or because an input was returned as-is) and the autograd logic to handle view+inplace would override the custom backward associated with the custom Function, leading to incorrect gradients. This behavior is forbidden. You can fix this by cloning the output of the custom Function.

============================================================
Test Summary
============================================================
Tests passed: 5/6

1 test(s) failed. Please review the errors above.
Training completed!
