/scicore/home/wagner0024/shandi0000/2025-msc-parth-shandilya/code/inf-net/Code/model_lung_infection/backbone/Res2Net.py:205: FutureWarning: You are using `torch.load` with `weights_only=False` (the current default value), which uses the default pickle module implicitly. It is possible to construct malicious pickle data which will execute arbitrary code during unpickling (See https://github.com/pytorch/pytorch/blob/main/SECURITY.md#untrusted-models for more details). In a future release, the default value for `weights_only` will be flipped to `True`. This limits the functions that could be executed during unpickling. Arbitrary objects will no longer be allowed to be loaded via this mode unless they are explicitly allowlisted by the user via `torch.serialization.add_safe_globals`. We recommend you start setting `weights_only=True` for any use case where you don't have full control of the loaded file. Please open an issue on GitHub for any issues related to this experimental feature.
  model_state = torch.load('./Snapshots/pre_trained/res2net50_v1b_26w_4s-3cf99910.pth')
/scicore/home/wagner0024/shandi0000/2025-msc-parth-shandilya/code/inf-net/Code/model_lung_infection/backbone/Res2Net.py:205: FutureWarning: You are using `torch.load` with `weights_only=False` (the current default value), which uses the default pickle module implicitly. It is possible to construct malicious pickle data which will execute arbitrary code during unpickling (See https://github.com/pytorch/pytorch/blob/main/SECURITY.md#untrusted-models for more details). In a future release, the default value for `weights_only` will be flipped to `True`. This limits the functions that could be executed during unpickling. Arbitrary objects will no longer be allowed to be loaded via this mode unless they are explicitly allowlisted by the user via `torch.serialization.add_safe_globals`. We recommend you start setting `weights_only=True` for any use case where you don't have full control of the loaded file. Please open an issue on GitHub for any issues related to this experimental feature.
  model_state = torch.load('./Snapshots/pre_trained/res2net50_v1b_26w_4s-3cf99910.pth')
/scicore/home/wagner0024/shandi0000/2025-msc-parth-shandilya/.venv/lib/python3.10/site-packages/opacus/privacy_engine.py:96: UserWarning: Secure RNG turned off. This is perfectly fine for experimentation as it allows for much faster training performance, but remember to turn it on and retrain one last time before production with ``secure_mode`` turned on.
  warnings.warn(
Traceback (most recent call last):
  File "/scicore/home/wagner0024/shandi0000/2025-msc-parth-shandilya/code/inf-net/test_dp_migration.py", line 151, in test_dp_training_step
    model(images_b)
  File "/scicore/home/wagner0024/shandi0000/2025-msc-parth-shandilya/.venv/lib/python3.10/site-packages/torch/nn/modules/module.py", line 1736, in _wrapped_call_impl
    return self._call_impl(*args, **kwargs)
  File "/scicore/home/wagner0024/shandi0000/2025-msc-parth-shandilya/.venv/lib/python3.10/site-packages/torch/nn/modules/module.py", line 1747, in _call_impl
    return forward_call(*args, **kwargs)
  File "/scicore/home/wagner0024/shandi0000/2025-msc-parth-shandilya/.venv/lib/python3.10/site-packages/opacus/grad_sample/grad_sample_module.py", line 149, in forward
    return self._module(*args, **kwargs)
  File "/scicore/home/wagner0024/shandi0000/2025-msc-parth-shandilya/.venv/lib/python3.10/site-packages/torch/nn/modules/module.py", line 1736, in _wrapped_call_impl
    return self._call_impl(*args, **kwargs)
  File "/scicore/home/wagner0024/shandi0000/2025-msc-parth-shandilya/.venv/lib/python3.10/site-packages/torch/nn/modules/module.py", line 1747, in _call_impl
    return forward_call(*args, **kwargs)
  File "/scicore/home/wagner0024/shandi0000/2025-msc-parth-shandilya/code/inf-net/Code/model_lung_infection/InfNet_Res2Net.py", line 155, in forward
    x1 = self.resnet.layer1(x)      # bs, 256, 88, 88
  File "/scicore/home/wagner0024/shandi0000/2025-msc-parth-shandilya/.venv/lib/python3.10/site-packages/torch/nn/modules/module.py", line 1736, in _wrapped_call_impl
    return self._call_impl(*args, **kwargs)
  File "/scicore/home/wagner0024/shandi0000/2025-msc-parth-shandilya/.venv/lib/python3.10/site-packages/torch/nn/modules/module.py", line 1747, in _call_impl
    return forward_call(*args, **kwargs)
  File "/scicore/home/wagner0024/shandi0000/2025-msc-parth-shandilya/.venv/lib/python3.10/site-packages/torch/nn/modules/container.py", line 250, in forward
    input = module(input)
  File "/scicore/home/wagner0024/shandi0000/2025-msc-parth-shandilya/.venv/lib/python3.10/site-packages/torch/nn/modules/module.py", line 1736, in _wrapped_call_impl
    return self._call_impl(*args, **kwargs)
  File "/scicore/home/wagner0024/shandi0000/2025-msc-parth-shandilya/.venv/lib/python3.10/site-packages/torch/nn/modules/module.py", line 1747, in _call_impl
    return forward_call(*args, **kwargs)
  File "/scicore/home/wagner0024/shandi0000/2025-msc-parth-shandilya/code/inf-net/Code/model_lung_infection/backbone/Res2Net.py", line 93, in forward
    out += residual
RuntimeError: Output 0 of BackwardHookFunctionBackward is a view and is being modified inplace. This view was created inside a custom Function (or because an input was returned as-is) and the autograd logic to handle view+inplace would override the custom backward associated with the custom Function, leading to incorrect gradients. This behavior is forbidden. You can fix this by cloning the output of the custom Function.
