Model loading: UNet with GroupNorm
Converting BatchNorm to GroupNorm for fair comparison with DP models
Model already GroupNorm-compatible
Not loading weights from weights file
###################################################################### 
Start Training (UNet-GroupNorm)
Network: UNet
Batch Size: 64
DP: Disabled
Morphology: Disabled
Architecture: GroupNorm (no DP)
Save Path: ./Snapshots/save_weights/UNet_GroupNorm/batch_64/run_3
Run: 3
Namespace(network='UNet', epoch=100, lr=0.0001, batchsize=64, trainsize=352, clip=0.5, decay_rate=0.1, decay_epoch=50, is_thop=False, gpu_device=0, num_workers=8, net_channel=32, init_features=32, n_classes=1, in_channels=3, backbone='Res2Net50', deep_supervision=False, train_path='./Dataset/TrainingSet/LungInfection-Train/Doctor-label', is_semi=False, is_pseudo=False, train_save=None, run=3, enable_privacy=False, epsilon=8.0, max_grad_norm=1.2, delta=1e-05, clipping_strategy='base', enable_morphology=False, morph_operation='both', morph_kernel_size=3, device='cuda')
 ######################################################################
2025-11-09 00:45:12.208018 Epoch [001/100], Step [0001/0001], Loss: 1.4893, ε: 0.0000
2025-11-09 00:45:12.848243 Epoch [002/100], Step [0001/0001], Loss: 1.4691, ε: 0.0000
2025-11-09 00:45:13.804318 Epoch [003/100], Step [0001/0001], Loss: 1.4516, ε: 0.0000
2025-11-09 00:45:14.760791 Epoch [004/100], Step [0001/0001], Loss: 1.4359, ε: 0.0000
2025-11-09 00:45:15.708380 Epoch [005/100], Step [0001/0001], Loss: 1.4215, ε: 0.0000
2025-11-09 00:45:16.711967 Epoch [006/100], Step [0001/0001], Loss: 1.4085, ε: 0.0000
2025-11-09 00:45:17.700591 Epoch [007/100], Step [0001/0001], Loss: 1.3966, ε: 0.0000
2025-11-09 00:45:18.666777 Epoch [008/100], Step [0001/0001], Loss: 1.3858, ε: 0.0000
2025-11-09 00:45:19.635815 Epoch [009/100], Step [0001/0001], Loss: 1.3757, ε: 0.0000
[Saving Snapshot:] ./Snapshots/save_weights/UNet_GroupNorm/batch_64/run_3/UNet-10.pth
2025-11-09 00:45:20.710274 Epoch [010/100], Step [0001/0001], Loss: 1.3660, ε: 0.0000
2025-11-09 00:45:21.675311 Epoch [011/100], Step [0001/0001], Loss: 1.3568, ε: 0.0000
2025-11-09 00:45:22.646634 Epoch [012/100], Step [0001/0001], Loss: 1.3478, ε: 0.0000
2025-11-09 00:45:23.616999 Epoch [013/100], Step [0001/0001], Loss: 1.3390, ε: 0.0000
2025-11-09 00:45:24.590664 Epoch [014/100], Step [0001/0001], Loss: 1.3304, ε: 0.0000
2025-11-09 00:45:25.539704 Epoch [015/100], Step [0001/0001], Loss: 1.3217, ε: 0.0000
2025-11-09 00:45:26.515302 Epoch [016/100], Step [0001/0001], Loss: 1.3131, ε: 0.0000
2025-11-09 00:45:27.478242 Epoch [017/100], Step [0001/0001], Loss: 1.3058, ε: 0.0000
2025-11-09 00:45:28.430168 Epoch [018/100], Step [0001/0001], Loss: 1.2984, ε: 0.0000
2025-11-09 00:45:29.411916 Epoch [019/100], Step [0001/0001], Loss: 1.2914, ε: 0.0000
[Saving Snapshot:] ./Snapshots/save_weights/UNet_GroupNorm/batch_64/run_3/UNet-20.pth
2025-11-09 00:45:30.415354 Epoch [020/100], Step [0001/0001], Loss: 1.2846, ε: 0.0000
2025-11-09 00:45:31.373314 Epoch [021/100], Step [0001/0001], Loss: 1.2767, ε: 0.0000
2025-11-09 00:45:32.365066 Epoch [022/100], Step [0001/0001], Loss: 1.2674, ε: 0.0000
2025-11-09 00:45:33.316026 Epoch [023/100], Step [0001/0001], Loss: 1.2626, ε: 0.0000
2025-11-09 00:45:34.278558 Epoch [024/100], Step [0001/0001], Loss: 1.2590, ε: 0.0000
2025-11-09 00:45:35.242643 Epoch [025/100], Step [0001/0001], Loss: 1.2487, ε: 0.0000
2025-11-09 00:45:36.211858 Epoch [026/100], Step [0001/0001], Loss: 1.2439, ε: 0.0000
2025-11-09 00:45:37.204232 Epoch [027/100], Step [0001/0001], Loss: 1.2365, ε: 0.0000
2025-11-09 00:45:38.152559 Epoch [028/100], Step [0001/0001], Loss: 1.2297, ε: 0.0000
2025-11-09 00:45:39.113992 Epoch [029/100], Step [0001/0001], Loss: 1.2229, ε: 0.0000
[Saving Snapshot:] ./Snapshots/save_weights/UNet_GroupNorm/batch_64/run_3/UNet-30.pth
2025-11-09 00:45:40.116853 Epoch [030/100], Step [0001/0001], Loss: 1.2157, ε: 0.0000
2025-11-09 00:45:41.066805 Epoch [031/100], Step [0001/0001], Loss: 1.2109, ε: 0.0000
2025-11-09 00:45:42.020051 Epoch [032/100], Step [0001/0001], Loss: 1.2040, ε: 0.0000
2025-11-09 00:45:42.974280 Epoch [033/100], Step [0001/0001], Loss: 1.1976, ε: 0.0000
2025-11-09 00:45:43.947749 Epoch [034/100], Step [0001/0001], Loss: 1.1921, ε: 0.0000
2025-11-09 00:45:44.906025 Epoch [035/100], Step [0001/0001], Loss: 1.1866, ε: 0.0000
2025-11-09 00:45:45.923578 Epoch [036/100], Step [0001/0001], Loss: 1.1812, ε: 0.0000
2025-11-09 00:45:46.882874 Epoch [037/100], Step [0001/0001], Loss: 1.1744, ε: 0.0000
2025-11-09 00:45:47.860803 Epoch [038/100], Step [0001/0001], Loss: 1.1697, ε: 0.0000
2025-11-09 00:45:48.820666 Epoch [039/100], Step [0001/0001], Loss: 1.1669, ε: 0.0000
[Saving Snapshot:] ./Snapshots/save_weights/UNet_GroupNorm/batch_64/run_3/UNet-40.pth
2025-11-09 00:45:49.885229 Epoch [040/100], Step [0001/0001], Loss: 1.1629, ε: 0.0000
2025-11-09 00:45:50.870670 Epoch [041/100], Step [0001/0001], Loss: 1.1623, ε: 0.0000
2025-11-09 00:45:51.836230 Epoch [042/100], Step [0001/0001], Loss: 1.1503, ε: 0.0000
2025-11-09 00:45:52.797706 Epoch [043/100], Step [0001/0001], Loss: 1.1553, ε: 0.0000
2025-11-09 00:45:53.755662 Epoch [044/100], Step [0001/0001], Loss: 1.1456, ε: 0.0000
2025-11-09 00:45:54.729681 Epoch [045/100], Step [0001/0001], Loss: 1.1463, ε: 0.0000
2025-11-09 00:45:55.701694 Epoch [046/100], Step [0001/0001], Loss: 1.1333, ε: 0.0000
2025-11-09 00:45:56.630321 Epoch [047/100], Step [0001/0001], Loss: 1.1344, ε: 0.0000
2025-11-09 00:45:57.593088 Epoch [048/100], Step [0001/0001], Loss: 1.1264, ε: 0.0000
2025-11-09 00:45:58.553967 Epoch [049/100], Step [0001/0001], Loss: 1.1231, ε: 0.0000
[Saving Snapshot:] ./Snapshots/save_weights/UNet_GroupNorm/batch_64/run_3/UNet-50.pth
2025-11-09 00:45:59.579699 Epoch [050/100], Step [0001/0001], Loss: 1.1168, ε: 0.0000
2025-11-09 00:46:00.564061 Epoch [051/100], Step [0001/0001], Loss: 1.1150, ε: 0.0000
2025-11-09 00:46:01.541425 Epoch [052/100], Step [0001/0001], Loss: 1.1147, ε: 0.0000
2025-11-09 00:46:02.537604 Epoch [053/100], Step [0001/0001], Loss: 1.1147, ε: 0.0000
2025-11-09 00:46:03.501691 Epoch [054/100], Step [0001/0001], Loss: 1.1147, ε: 0.0000
2025-11-09 00:46:04.477618 Epoch [055/100], Step [0001/0001], Loss: 1.1147, ε: 0.0000
2025-11-09 00:46:05.466451 Epoch [056/100], Step [0001/0001], Loss: 1.1147, ε: 0.0000
2025-11-09 00:46:06.453891 Epoch [057/100], Step [0001/0001], Loss: 1.1147, ε: 0.0000
2025-11-09 00:46:07.426877 Epoch [058/100], Step [0001/0001], Loss: 1.1147, ε: 0.0000
2025-11-09 00:46:08.385208 Epoch [059/100], Step [0001/0001], Loss: 1.1147, ε: 0.0000
[Saving Snapshot:] ./Snapshots/save_weights/UNet_GroupNorm/batch_64/run_3/UNet-60.pth
2025-11-09 00:46:09.389348 Epoch [060/100], Step [0001/0001], Loss: 1.1147, ε: 0.0000
2025-11-09 00:46:10.364920 Epoch [061/100], Step [0001/0001], Loss: 1.1147, ε: 0.0000
2025-11-09 00:46:11.341618 Epoch [062/100], Step [0001/0001], Loss: 1.1147, ε: 0.0000
2025-11-09 00:46:12.334179 Epoch [063/100], Step [0001/0001], Loss: 1.1147, ε: 0.0000
2025-11-09 00:46:13.298183 Epoch [064/100], Step [0001/0001], Loss: 1.1147, ε: 0.0000
2025-11-09 00:46:14.283744 Epoch [065/100], Step [0001/0001], Loss: 1.1147, ε: 0.0000
2025-11-09 00:46:15.259207 Epoch [066/100], Step [0001/0001], Loss: 1.1147, ε: 0.0000
2025-11-09 00:46:16.271421 Epoch [067/100], Step [0001/0001], Loss: 1.1147, ε: 0.0000
2025-11-09 00:46:17.272922 Epoch [068/100], Step [0001/0001], Loss: 1.1147, ε: 0.0000
2025-11-09 00:46:18.263397 Epoch [069/100], Step [0001/0001], Loss: 1.1147, ε: 0.0000
[Saving Snapshot:] ./Snapshots/save_weights/UNet_GroupNorm/batch_64/run_3/UNet-70.pth
2025-11-09 00:46:19.285117 Epoch [070/100], Step [0001/0001], Loss: 1.1147, ε: 0.0000
2025-11-09 00:46:20.286847 Epoch [071/100], Step [0001/0001], Loss: 1.1147, ε: 0.0000
2025-11-09 00:46:21.267566 Epoch [072/100], Step [0001/0001], Loss: 1.1147, ε: 0.0000
2025-11-09 00:46:22.230856 Epoch [073/100], Step [0001/0001], Loss: 1.1147, ε: 0.0000
2025-11-09 00:46:23.200927 Epoch [074/100], Step [0001/0001], Loss: 1.1147, ε: 0.0000
2025-11-09 00:46:24.228348 Epoch [075/100], Step [0001/0001], Loss: 1.1147, ε: 0.0000
2025-11-09 00:46:25.225391 Epoch [076/100], Step [0001/0001], Loss: 1.1147, ε: 0.0000
2025-11-09 00:46:26.217017 Epoch [077/100], Step [0001/0001], Loss: 1.1147, ε: 0.0000
2025-11-09 00:46:27.201494 Epoch [078/100], Step [0001/0001], Loss: 1.1147, ε: 0.0000
2025-11-09 00:46:28.196766 Epoch [079/100], Step [0001/0001], Loss: 1.1147, ε: 0.0000
[Saving Snapshot:] ./Snapshots/save_weights/UNet_GroupNorm/batch_64/run_3/UNet-80.pth
2025-11-09 00:46:29.213634 Epoch [080/100], Step [0001/0001], Loss: 1.1147, ε: 0.0000
2025-11-09 00:46:30.211524 Epoch [081/100], Step [0001/0001], Loss: 1.1147, ε: 0.0000
2025-11-09 00:46:31.202021 Epoch [082/100], Step [0001/0001], Loss: 1.1147, ε: 0.0000
2025-11-09 00:46:32.189759 Epoch [083/100], Step [0001/0001], Loss: 1.1147, ε: 0.0000
2025-11-09 00:46:33.327982 Epoch [084/100], Step [0001/0001], Loss: 1.1147, ε: 0.0000
2025-11-09 00:46:34.348553 Epoch [085/100], Step [0001/0001], Loss: 1.1147, ε: 0.0000
2025-11-09 00:46:35.319561 Epoch [086/100], Step [0001/0001], Loss: 1.1147, ε: 0.0000
2025-11-09 00:46:36.289753 Epoch [087/100], Step [0001/0001], Loss: 1.1147, ε: 0.0000
2025-11-09 00:46:37.266020 Epoch [088/100], Step [0001/0001], Loss: 1.1147, ε: 0.0000
2025-11-09 00:46:38.231697 Epoch [089/100], Step [0001/0001], Loss: 1.1147, ε: 0.0000
[Saving Snapshot:] ./Snapshots/save_weights/UNet_GroupNorm/batch_64/run_3/UNet-90.pth
2025-11-09 00:46:39.230686 Epoch [090/100], Step [0001/0001], Loss: 1.1147, ε: 0.0000
2025-11-09 00:46:40.190552 Epoch [091/100], Step [0001/0001], Loss: 1.1147, ε: 0.0000
2025-11-09 00:46:41.142817 Epoch [092/100], Step [0001/0001], Loss: 1.1147, ε: 0.0000
2025-11-09 00:46:42.120936 Epoch [093/100], Step [0001/0001], Loss: 1.1147, ε: 0.0000
2025-11-09 00:46:43.080201 Epoch [094/100], Step [0001/0001], Loss: 1.1147, ε: 0.0000
2025-11-09 00:46:44.030672 Epoch [095/100], Step [0001/0001], Loss: 1.1147, ε: 0.0000
2025-11-09 00:46:44.989296 Epoch [096/100], Step [0001/0001], Loss: 1.1147, ε: 0.0000
2025-11-09 00:46:45.958502 Epoch [097/100], Step [0001/0001], Loss: 1.1147, ε: 0.0000
2025-11-09 00:46:46.915952 Epoch [098/100], Step [0001/0001], Loss: 1.1147, ε: 0.0000
2025-11-09 00:46:47.878716 Epoch [099/100], Step [0001/0001], Loss: 1.1147, ε: 0.0000
[Saving Snapshot:] ./Snapshots/save_weights/UNet_GroupNorm/batch_64/run_3/UNet-100.pth
2025-11-09 00:46:48.883741 Epoch [100/100], Step [0001/0001], Loss: 1.1147, ε: 0.0000
Training completed at Sun Nov  9 00:46:50 CET 2025
