Model loading: UNet with GroupNorm
Model is compatible with differential privacy
Not loading weights from weights file
###################################################################### 
Start Training (UNet-DP)
Network: UNet
Batch Size: 48
DP Enabled (ε=200.0, δ=1e-05, clipping=nsgd)
Morphology: Disabled
Architecture: GroupNorm (with DP)
Save Path: ./Snapshots/save_weights/UNet_DP/batch_48/run_2/epsilon_200/nsgd
Run: 2
Namespace(network='UNet', epoch=100, lr=0.0001, batchsize=48, trainsize=352, clip=0.5, decay_rate=0.1, decay_epoch=50, is_thop=False, gpu_device=0, num_workers=8, net_channel=32, init_features=32, n_classes=1, in_channels=3, backbone='Res2Net50', deep_supervision=False, train_path='./Dataset/TrainingSet/LungInfection-Train/Doctor-label', is_semi=False, is_pseudo=False, train_save=None, run=2, enable_privacy=True, epsilon=200.0, max_grad_norm=1.2, delta=1e-05, clipping_strategy='nsgd', enable_morphology=False, morph_operation='both', morph_kernel_size=3, device='cuda')
 ######################################################################
2025-11-09 01:02:48.697428 Epoch [001/100], Step [0002/0002], Loss: 1.6023, ε: 11.8573
2025-11-09 01:02:50.575906 Epoch [002/100], Step [0002/0002], Loss: 1.5811, ε: 17.0473
2025-11-09 01:02:52.453848 Epoch [003/100], Step [0002/0002], Loss: 1.5751, ε: 21.0900
2025-11-09 01:02:54.308316 Epoch [004/100], Step [0002/0002], Loss: 1.5607, ε: 24.6100
2025-11-09 01:02:56.064879 Epoch [005/100], Step [0002/0002], Loss: 1.5545, ε: 27.8145
2025-11-09 01:02:57.901629 Epoch [006/100], Step [0002/0002], Loss: 1.5869, ε: 30.8019
2025-11-09 01:02:59.661104 Epoch [007/100], Step [0002/0002], Loss: 1.5456, ε: 33.6283
2025-11-09 01:03:01.455372 Epoch [008/100], Step [0002/0002], Loss: 1.5635, ε: 36.3292
2025-11-09 01:03:03.277768 Epoch [009/100], Step [0002/0002], Loss: 1.5286, ε: 38.9286
[Saving Snapshot:] ./Snapshots/save_weights/UNet_DP/batch_48/run_2/epsilon_200/nsgd/UNet-10.pth
[Privacy Budget]: ε = 38.93 (δ = 1e-05)
2025-11-09 01:03:05.659839 Epoch [010/100], Step [0002/0002], Loss: 1.5541, ε: 41.4440
2025-11-09 01:03:07.619146 Epoch [011/100], Step [0002/0002], Loss: 1.5560, ε: 43.8880
2025-11-09 01:03:09.647938 Epoch [012/100], Step [0002/0002], Loss: 1.5347, ε: 46.2706
2025-11-09 01:03:11.516821 Epoch [013/100], Step [0002/0002], Loss: 1.5408, ε: 48.5997
2025-11-09 01:03:13.816785 Epoch [014/100], Step [0002/0002], Loss: 1.5351, ε: 50.8815
2025-11-09 01:03:15.419193 Epoch [015/100], Step [0002/0002], Loss: 1.5219, ε: 53.1211
2025-11-09 01:03:17.264343 Epoch [016/100], Step [0002/0002], Loss: 1.5263, ε: 55.3228
2025-11-09 01:03:19.103062 Epoch [017/100], Step [0002/0002], Loss: 1.5317, ε: 57.4902
2025-11-09 01:03:20.908914 Epoch [018/100], Step [0002/0002], Loss: 1.5248, ε: 59.6264
2025-11-09 01:03:22.715748 Epoch [019/100], Step [0002/0002], Loss: 1.5376, ε: 61.7340
[Saving Snapshot:] ./Snapshots/save_weights/UNet_DP/batch_48/run_2/epsilon_200/nsgd/UNet-20.pth
[Privacy Budget]: ε = 61.73 (δ = 1e-05)
2025-11-09 01:03:24.956157 Epoch [020/100], Step [0002/0002], Loss: 1.5211, ε: 63.8153
2025-11-09 01:03:26.979807 Epoch [021/100], Step [0002/0002], Loss: 1.5123, ε: 65.8722
2025-11-09 01:03:28.813230 Epoch [022/100], Step [0002/0002], Loss: 1.4962, ε: 67.9066
2025-11-09 01:03:30.607209 Epoch [023/100], Step [0002/0002], Loss: 1.5042, ε: 69.9200
2025-11-09 01:03:32.224369 Epoch [024/100], Step [0002/0002], Loss: 1.4860, ε: 71.9138
2025-11-09 01:03:33.876446 Epoch [025/100], Step [0002/0002], Loss: 1.5052, ε: 73.8891
2025-11-09 01:03:35.798352 Epoch [026/100], Step [0002/0002], Loss: 1.4996, ε: 75.8472
2025-11-09 01:03:37.629187 Epoch [027/100], Step [0002/0002], Loss: 1.4993, ε: 77.7891
2025-11-09 01:03:39.495543 Epoch [028/100], Step [0002/0002], Loss: 1.4887, ε: 79.7155
2025-11-09 01:03:41.317424 Epoch [029/100], Step [0002/0002], Loss: 1.4809, ε: 81.6275
[Saving Snapshot:] ./Snapshots/save_weights/UNet_DP/batch_48/run_2/epsilon_200/nsgd/UNet-30.pth
[Privacy Budget]: ε = 81.63 (δ = 1e-05)
2025-11-09 01:03:43.975277 Epoch [030/100], Step [0002/0002], Loss: 1.4821, ε: 83.5256
2025-11-09 01:03:45.908371 Epoch [031/100], Step [0002/0002], Loss: 1.4911, ε: 85.4107
2025-11-09 01:03:48.027580 Epoch [032/100], Step [0002/0002], Loss: 1.4987, ε: 87.2834
2025-11-09 01:03:50.122801 Epoch [033/100], Step [0002/0002], Loss: 1.5053, ε: 89.1441
2025-11-09 01:03:51.832384 Epoch [034/100], Step [0002/0002], Loss: 1.4821, ε: 90.9936
2025-11-09 01:03:53.933857 Epoch [035/100], Step [0002/0002], Loss: 1.4789, ε: 92.8323
2025-11-09 01:03:55.908456 Epoch [036/100], Step [0002/0002], Loss: 1.4702, ε: 94.6606
2025-11-09 01:03:57.936550 Epoch [037/100], Step [0002/0002], Loss: 1.4811, ε: 96.4790
2025-11-09 01:03:59.908925 Epoch [038/100], Step [0002/0002], Loss: 1.4697, ε: 98.2879
2025-11-09 01:04:02.014314 Epoch [039/100], Step [0002/0002], Loss: 1.4545, ε: 100.0877
[Saving Snapshot:] ./Snapshots/save_weights/UNet_DP/batch_48/run_2/epsilon_200/nsgd/UNet-40.pth
[Privacy Budget]: ε = 100.09 (δ = 1e-05)
2025-11-09 01:04:04.894506 Epoch [040/100], Step [0002/0002], Loss: 1.4542, ε: 101.8787
2025-11-09 01:04:06.812577 Epoch [041/100], Step [0002/0002], Loss: 1.4628, ε: 103.6613
2025-11-09 01:04:09.034901 Epoch [042/100], Step [0002/0002], Loss: 1.4703, ε: 105.4357
2025-11-09 01:04:10.891256 Epoch [043/100], Step [0002/0002], Loss: 1.4685, ε: 107.2023
2025-11-09 01:04:12.798606 Epoch [044/100], Step [0002/0002], Loss: 1.4601, ε: 108.9613
2025-11-09 01:04:15.097265 Epoch [045/100], Step [0002/0002], Loss: 1.4556, ε: 110.7130
2025-11-09 01:04:17.288517 Epoch [046/100], Step [0002/0002], Loss: 1.4736, ε: 112.4576
2025-11-09 01:04:19.459549 Epoch [047/100], Step [0002/0002], Loss: 1.4410, ε: 114.1955
2025-11-09 01:04:21.437373 Epoch [048/100], Step [0002/0002], Loss: 1.4694, ε: 115.9267
2025-11-09 01:04:23.812273 Epoch [049/100], Step [0002/0002], Loss: 1.4471, ε: 117.6515
[Saving Snapshot:] ./Snapshots/save_weights/UNet_DP/batch_48/run_2/epsilon_200/nsgd/UNet-50.pth
[Privacy Budget]: ε = 117.65 (δ = 1e-05)
2025-11-09 01:04:27.045089 Epoch [050/100], Step [0002/0002], Loss: 1.4484, ε: 119.3701
2025-11-09 01:04:29.304671 Epoch [051/100], Step [0002/0002], Loss: 1.4537, ε: 121.0826
2025-11-09 01:04:31.633850 Epoch [052/100], Step [0002/0002], Loss: 1.4592, ε: 122.7894
2025-11-09 01:04:34.306563 Epoch [053/100], Step [0002/0002], Loss: 1.4399, ε: 124.4904
2025-11-09 01:04:36.350598 Epoch [054/100], Step [0002/0002], Loss: 1.4567, ε: 126.1860
2025-11-09 01:04:38.788029 Epoch [055/100], Step [0002/0002], Loss: 1.4561, ε: 127.8762
2025-11-09 01:04:41.150835 Epoch [056/100], Step [0002/0002], Loss: 1.4334, ε: 129.5612
2025-11-09 01:04:43.298327 Epoch [057/100], Step [0002/0002], Loss: 1.4540, ε: 131.2411
2025-11-09 01:04:45.409366 Epoch [058/100], Step [0002/0002], Loss: 1.4582, ε: 132.9160
2025-11-09 01:04:47.770099 Epoch [059/100], Step [0002/0002], Loss: 1.4620, ε: 134.5862
[Saving Snapshot:] ./Snapshots/save_weights/UNet_DP/batch_48/run_2/epsilon_200/nsgd/UNet-60.pth
[Privacy Budget]: ε = 134.59 (δ = 1e-05)
2025-11-09 01:04:51.476347 Epoch [060/100], Step [0002/0002], Loss: 1.4697, ε: 136.2517
2025-11-09 01:04:53.806157 Epoch [061/100], Step [0002/0002], Loss: 1.4598, ε: 137.9126
2025-11-09 01:04:56.059930 Epoch [062/100], Step [0002/0002], Loss: 1.4524, ε: 139.5690
2025-11-09 01:04:58.559147 Epoch [063/100], Step [0002/0002], Loss: 1.4280, ε: 141.2211
2025-11-09 01:05:01.142706 Epoch [064/100], Step [0002/0002], Loss: 1.4455, ε: 142.8690
2025-11-09 01:05:03.831589 Epoch [065/100], Step [0002/0002], Loss: 1.4501, ε: 144.5127
2025-11-09 01:05:06.436195 Epoch [066/100], Step [0002/0002], Loss: 1.4345, ε: 146.1524
2025-11-09 01:05:08.941331 Epoch [067/100], Step [0002/0002], Loss: 1.4680, ε: 147.7881
2025-11-09 01:05:11.570436 Epoch [068/100], Step [0002/0002], Loss: 1.4438, ε: 149.4199
2025-11-09 01:05:14.222326 Epoch [069/100], Step [0002/0002], Loss: 1.4540, ε: 151.0480
[Saving Snapshot:] ./Snapshots/save_weights/UNet_DP/batch_48/run_2/epsilon_200/nsgd/UNet-70.pth
[Privacy Budget]: ε = 151.05 (δ = 1e-05)
2025-11-09 01:05:18.039314 Epoch [070/100], Step [0002/0002], Loss: 1.4427, ε: 152.6724
2025-11-09 01:05:20.454068 Epoch [071/100], Step [0002/0002], Loss: 1.4554, ε: 154.2931
2025-11-09 01:05:23.379580 Epoch [072/100], Step [0002/0002], Loss: 1.4387, ε: 155.9103
2025-11-09 01:05:26.444972 Epoch [073/100], Step [0002/0002], Loss: 1.4496, ε: 157.5241
2025-11-09 01:05:29.253600 Epoch [074/100], Step [0002/0002], Loss: 1.4269, ε: 159.1344
2025-11-09 01:05:32.088002 Epoch [075/100], Step [0002/0002], Loss: 1.4568, ε: 160.7414
2025-11-09 01:05:34.415546 Epoch [076/100], Step [0002/0002], Loss: 1.4509, ε: 162.3452
2025-11-09 01:05:37.208680 Epoch [077/100], Step [0002/0002], Loss: 1.4455, ε: 163.9458
2025-11-09 01:05:39.990621 Epoch [078/100], Step [0002/0002], Loss: 1.4478, ε: 165.5432
2025-11-09 01:05:42.830607 Epoch [079/100], Step [0002/0002], Loss: 1.4602, ε: 167.1375
[Saving Snapshot:] ./Snapshots/save_weights/UNet_DP/batch_48/run_2/epsilon_200/nsgd/UNet-80.pth
[Privacy Budget]: ε = 167.14 (δ = 1e-05)
2025-11-09 01:05:46.582514 Epoch [080/100], Step [0002/0002], Loss: 1.4523, ε: 168.7289
2025-11-09 01:05:49.513769 Epoch [081/100], Step [0002/0002], Loss: 1.4407, ε: 170.3173
2025-11-09 01:05:52.490665 Epoch [082/100], Step [0002/0002], Loss: 1.4495, ε: 171.9027
2025-11-09 01:05:55.454432 Epoch [083/100], Step [0002/0002], Loss: 1.4759, ε: 173.4854
2025-11-09 01:05:57.973069 Epoch [084/100], Step [0002/0002], Loss: 1.4405, ε: 175.0652
2025-11-09 01:06:00.996806 Epoch [085/100], Step [0002/0002], Loss: 1.4367, ε: 176.6423
2025-11-09 01:06:04.054624 Epoch [086/100], Step [0002/0002], Loss: 1.4574, ε: 178.2166
2025-11-09 01:06:07.197894 Epoch [087/100], Step [0002/0002], Loss: 1.4619, ε: 179.7884
2025-11-09 01:06:09.635779 Epoch [088/100], Step [0002/0002], Loss: 1.4525, ε: 181.3575
2025-11-09 01:06:12.637989 Epoch [089/100], Step [0002/0002], Loss: 1.4479, ε: 182.9241
[Saving Snapshot:] ./Snapshots/save_weights/UNet_DP/batch_48/run_2/epsilon_200/nsgd/UNet-90.pth
[Privacy Budget]: ε = 182.92 (δ = 1e-05)
2025-11-09 01:06:17.014365 Epoch [090/100], Step [0002/0002], Loss: 1.4501, ε: 184.4881
2025-11-09 01:06:19.924127 Epoch [091/100], Step [0002/0002], Loss: 1.4465, ε: 186.0497
2025-11-09 01:06:22.963115 Epoch [092/100], Step [0002/0002], Loss: 1.4502, ε: 187.6088
2025-11-09 01:06:25.673013 Epoch [093/100], Step [0002/0002], Loss: 1.4346, ε: 189.1655
2025-11-09 01:06:28.903441 Epoch [094/100], Step [0002/0002], Loss: 1.4442, ε: 190.7199
2025-11-09 01:06:31.546952 Epoch [095/100], Step [0002/0002], Loss: 1.4393, ε: 192.2720
2025-11-09 01:06:34.738173 Epoch [096/100], Step [0002/0002], Loss: 1.4681, ε: 193.8217
2025-11-09 01:06:37.971871 Epoch [097/100], Step [0002/0002], Loss: 1.4453, ε: 195.3693
2025-11-09 01:06:40.951517 Epoch [098/100], Step [0002/0002], Loss: 1.4636, ε: 196.9146
2025-11-09 01:06:44.067136 Epoch [099/100], Step [0002/0002], Loss: 1.4575, ε: 198.4577
[Saving Snapshot:] ./Snapshots/save_weights/UNet_DP/batch_48/run_2/epsilon_200/nsgd/UNet-100.pth
[Privacy Budget]: ε = 198.46 (δ = 1e-05)
2025-11-09 01:06:48.864433 Epoch [100/100], Step [0002/0002], Loss: 1.4488, ε: 199.9987
Training completed at Sun Nov  9 01:06:50 CET 2025
