Backbone loading: Res2Net50
Freezing unused branches for DP compatibility...
Trainable: 31,072,721 / 33,121,721 parameters
Not loading weights from weights file
Validator raised issues with model. Attempting auto-fix...
Original error: UnsupportedModuleError
Model successfully fixed for differential privacy
###################################################################### 
Start Training (Inf-Net-Res2Net50)
Backbone: Res2Net50
Batch Size: 24
Privacy: DP Enabled (ε budget, δ=1e-05)
Morphology: Disabled
Save Path: ./Snapshots/save_weights/Inf-Net_DP/batch_24/run_1/noise_multiplier_0.3
Run: 1
Namespace(epoch=70, lr=0.0001, batchsize=24, trainsize=352, clip=0.5, decay_rate=0.1, decay_epoch=50, is_thop=False, gpu_device=0, num_workers=4, net_channel=32, n_classes=1, backbone='Res2Net50', train_path='./Dataset/TrainingSet/LungInfection-Train/Doctor-label', is_semi=False, is_pseudo=False, train_save=None, run=1, enable_privacy=True, noise_multiplier=0.3, max_grad_norm=1.2, delta=1e-05, enable_morphology=False, morph_operation='close', morph_kernel_size=3, device='cuda')
 ######################################################################
2025-10-26 22:00:19.236066 Epoch [001/070], Step [0003/0003], [lateral-edge: 0.7744, lateral-2: 1.6266, lateral-3: 1.6096, lateral-4: 1.5618, lateral-5: 1.5178, epsilon: 58.9684]
2025-10-26 22:00:24.877132 Epoch [002/070], Step [0003/0003], [lateral-edge: 0.7746, lateral-2: 1.5422, lateral-3: 1.5277, lateral-4: 1.4834, lateral-5: 1.4977, epsilon: 87.4889]
2025-10-26 22:00:30.233036 Epoch [003/070], Step [0003/0003], [lateral-edge: 0.7743, lateral-2: 1.5099, lateral-3: 1.4843, lateral-4: 1.4612, lateral-5: 1.4891, epsilon: 111.8539]
2025-10-26 22:00:34.603588 Epoch [004/070], Step [0003/0003], [lateral-edge: 0.7738, lateral-2: 1.4988, lateral-3: 1.4777, lateral-4: 1.4531, lateral-5: 1.4853, epsilon: 134.1669]
2025-10-26 22:00:39.290770 Epoch [005/070], Step [0003/0003], [lateral-edge: 0.7742, lateral-2: 1.4561, lateral-3: 1.4275, lateral-4: 1.4155, lateral-5: 1.4629, epsilon: 155.1962]
2025-10-26 22:00:45.097535 Epoch [006/070], Step [0003/0003], [lateral-edge: 0.7729, lateral-2: 1.4669, lateral-3: 1.4585, lateral-4: 1.4431, lateral-5: 1.4784, epsilon: 175.3257]
2025-10-26 22:00:50.539589 Epoch [007/070], Step [0003/0003], [lateral-edge: 0.7724, lateral-2: 1.4403, lateral-3: 1.4292, lateral-4: 1.4294, lateral-5: 1.4728, epsilon: 194.7787]
2025-10-26 22:00:55.661258 Epoch [008/070], Step [0003/0003], [lateral-edge: 0.7710, lateral-2: 1.4181, lateral-3: 1.3978, lateral-4: 1.4117, lateral-5: 1.4618, epsilon: 213.7000]
2025-10-26 22:01:00.908248 Epoch [009/070], Step [0003/0003], [lateral-edge: 0.7700, lateral-2: 1.3887, lateral-3: 1.3906, lateral-4: 1.3974, lateral-5: 1.4531, epsilon: 232.1887]
[Saving Snapshot:] ./Snapshots/save_weights/Inf-Net_DP/batch_24/run_1/noise_multiplier_0.3/Inf-Net-10.pth
[Privacy Budget]: ε = 232.19 (δ = 1e-05)
2025-10-26 22:01:08.285482 Epoch [010/070], Step [0003/0003], [lateral-edge: 0.7698, lateral-2: 1.3780, lateral-3: 1.3725, lateral-4: 1.3802, lateral-5: 1.4462, epsilon: 250.3160]
2025-10-26 22:01:14.670867 Epoch [011/070], Step [0003/0003], [lateral-edge: 0.7691, lateral-2: 1.3343, lateral-3: 1.3165, lateral-4: 1.3411, lateral-5: 1.4245, epsilon: 268.1360]
2025-10-26 22:01:20.743130 Epoch [012/070], Step [0003/0003], [lateral-edge: 0.7695, lateral-2: 1.3233, lateral-3: 1.3174, lateral-4: 1.3357, lateral-5: 1.4184, epsilon: 285.6910]
2025-10-26 22:01:27.015766 Epoch [013/070], Step [0003/0003], [lateral-edge: 0.7680, lateral-2: 1.3138, lateral-3: 1.3195, lateral-4: 1.3358, lateral-5: 1.4156, epsilon: 303.0140]
2025-10-26 22:01:33.233977 Epoch [014/070], Step [0003/0003], [lateral-edge: 0.7679, lateral-2: 1.2802, lateral-3: 1.2800, lateral-4: 1.2992, lateral-5: 1.3943, epsilon: 320.1306]
2025-10-26 22:01:39.795862 Epoch [015/070], Step [0003/0003], [lateral-edge: 0.7667, lateral-2: 1.2947, lateral-3: 1.3009, lateral-4: 1.3185, lateral-5: 1.4078, epsilon: 337.0644]
2025-10-26 22:01:46.505207 Epoch [016/070], Step [0003/0003], [lateral-edge: 0.7659, lateral-2: 1.2660, lateral-3: 1.2718, lateral-4: 1.2981, lateral-5: 1.3903, epsilon: 353.8327]
2025-10-26 22:01:54.100414 Epoch [017/070], Step [0003/0003], [lateral-edge: 0.7651, lateral-2: 1.2609, lateral-3: 1.2647, lateral-4: 1.2923, lateral-5: 1.3864, epsilon: 370.4506]
2025-10-26 22:02:00.552675 Epoch [018/070], Step [0003/0003], [lateral-edge: 0.7633, lateral-2: 1.2353, lateral-3: 1.2451, lateral-4: 1.2745, lateral-5: 1.3724, epsilon: 386.9323]
2025-10-26 22:02:06.715703 Epoch [019/070], Step [0003/0003], [lateral-edge: 0.7623, lateral-2: 1.2406, lateral-3: 1.2505, lateral-4: 1.2846, lateral-5: 1.3794, epsilon: 403.2889]
[Saving Snapshot:] ./Snapshots/save_weights/Inf-Net_DP/batch_24/run_1/noise_multiplier_0.3/Inf-Net-20.pth
[Privacy Budget]: ε = 403.29 (δ = 1e-05)
2025-10-26 22:02:15.475048 Epoch [020/070], Step [0003/0003], [lateral-edge: 0.7622, lateral-2: 1.2234, lateral-3: 1.2381, lateral-4: 1.2710, lateral-5: 1.3660, epsilon: 419.5301]
2025-10-26 22:02:23.152816 Epoch [021/070], Step [0003/0003], [lateral-edge: 0.7611, lateral-2: 1.2245, lateral-3: 1.2320, lateral-4: 1.2691, lateral-5: 1.3694, epsilon: 435.6641]
2025-10-26 22:02:29.300996 Epoch [022/070], Step [0003/0003], [lateral-edge: 0.7603, lateral-2: 1.2188, lateral-3: 1.2320, lateral-4: 1.2718, lateral-5: 1.3639, epsilon: 451.6992]
2025-10-26 22:02:35.193848 Epoch [023/070], Step [0003/0003], [lateral-edge: 0.7605, lateral-2: 1.1944, lateral-3: 1.2012, lateral-4: 1.2541, lateral-5: 1.3560, epsilon: 467.6418]
2025-10-26 22:02:43.652720 Epoch [024/070], Step [0003/0003], [lateral-edge: 0.7602, lateral-2: 1.1744, lateral-3: 1.2006, lateral-4: 1.2418, lateral-5: 1.3479, epsilon: 483.4980]
2025-10-26 22:02:51.903620 Epoch [025/070], Step [0003/0003], [lateral-edge: 0.7593, lateral-2: 1.1604, lateral-3: 1.1828, lateral-4: 1.2357, lateral-5: 1.3445, epsilon: 499.2729]
2025-10-26 22:03:01.064269 Epoch [026/070], Step [0003/0003], [lateral-edge: 0.7590, lateral-2: 1.1720, lateral-3: 1.1897, lateral-4: 1.2249, lateral-5: 1.3356, epsilon: 514.9720]
2025-10-26 22:03:08.389360 Epoch [027/070], Step [0003/0003], [lateral-edge: 0.7583, lateral-2: 1.1741, lateral-3: 1.1886, lateral-4: 1.2329, lateral-5: 1.3425, epsilon: 530.5991]
2025-10-26 22:03:17.435875 Epoch [028/070], Step [0003/0003], [lateral-edge: 0.7581, lateral-2: 1.1646, lateral-3: 1.1794, lateral-4: 1.2249, lateral-5: 1.3320, epsilon: 546.1589]
2025-10-26 22:03:27.332866 Epoch [029/070], Step [0003/0003], [lateral-edge: 0.7575, lateral-2: 1.1428, lateral-3: 1.1704, lateral-4: 1.2208, lateral-5: 1.3277, epsilon: 561.6542]
[Saving Snapshot:] ./Snapshots/save_weights/Inf-Net_DP/batch_24/run_1/noise_multiplier_0.3/Inf-Net-30.pth
[Privacy Budget]: ε = 561.65 (δ = 1e-05)
2025-10-26 22:03:41.357610 Epoch [030/070], Step [0003/0003], [lateral-edge: 0.7572, lateral-2: 1.1331, lateral-3: 1.1611, lateral-4: 1.2053, lateral-5: 1.3167, epsilon: 577.0886]
2025-10-26 22:03:50.539632 Epoch [031/070], Step [0003/0003], [lateral-edge: 0.7570, lateral-2: 1.1286, lateral-3: 1.1435, lateral-4: 1.1935, lateral-5: 1.3032, epsilon: 592.4653]
2025-10-26 22:04:00.341846 Epoch [032/070], Step [0003/0003], [lateral-edge: 0.7566, lateral-2: 1.1086, lateral-3: 1.1369, lateral-4: 1.1899, lateral-5: 1.3083, epsilon: 607.7869]
2025-10-26 22:04:08.316675 Epoch [033/070], Step [0003/0003], [lateral-edge: 0.7558, lateral-2: 1.1268, lateral-3: 1.1488, lateral-4: 1.1940, lateral-5: 1.3038, epsilon: 623.0560]
2025-10-26 22:04:18.995029 Epoch [034/070], Step [0003/0003], [lateral-edge: 0.7563, lateral-2: 1.1120, lateral-3: 1.1364, lateral-4: 1.1902, lateral-5: 1.3059, epsilon: 638.2752]
2025-10-26 22:04:35.907909 Epoch [035/070], Step [0003/0003], [lateral-edge: 0.7556, lateral-2: 1.1129, lateral-3: 1.1415, lateral-4: 1.1966, lateral-5: 1.2990, epsilon: 653.4465]
2025-10-26 22:04:47.894488 Epoch [036/070], Step [0003/0003], [lateral-edge: 0.7549, lateral-2: 1.0849, lateral-3: 1.1194, lateral-4: 1.1841, lateral-5: 1.2951, epsilon: 668.5720]
2025-10-26 22:05:01.072506 Epoch [037/070], Step [0003/0003], [lateral-edge: 0.7547, lateral-2: 1.0827, lateral-3: 1.1128, lateral-4: 1.1717, lateral-5: 1.2796, epsilon: 683.6535]
2025-10-26 22:05:18.725026 Epoch [038/070], Step [0003/0003], [lateral-edge: 0.7543, lateral-2: 1.0775, lateral-3: 1.1062, lateral-4: 1.1764, lateral-5: 1.2835, epsilon: 698.6929]
2025-10-26 22:05:30.881976 Epoch [039/070], Step [0003/0003], [lateral-edge: 0.7536, lateral-2: 1.0973, lateral-3: 1.1297, lateral-4: 1.1840, lateral-5: 1.2902, epsilon: inf]
[Saving Snapshot:] ./Snapshots/save_weights/Inf-Net_DP/batch_24/run_1/noise_multiplier_0.3/Inf-Net-40.pth
[Privacy Budget]: ε = inf (δ = 1e-05)
2025-10-26 22:05:50.299660 Epoch [040/070], Step [0003/0003], [lateral-edge: 0.7528, lateral-2: 1.0857, lateral-3: 1.1123, lateral-4: 1.1678, lateral-5: 1.2686, epsilon: inf]
2025-10-26 22:06:03.600479 Epoch [041/070], Step [0003/0003], [lateral-edge: 0.7521, lateral-2: 1.0546, lateral-3: 1.0847, lateral-4: 1.1459, lateral-5: 1.2538, epsilon: inf]
2025-10-26 22:06:17.009942 Epoch [042/070], Step [0003/0003], [lateral-edge: 0.7523, lateral-2: 1.0627, lateral-3: 1.0884, lateral-4: 1.1497, lateral-5: 1.2590, epsilon: inf]
2025-10-26 22:06:31.318145 Epoch [043/070], Step [0003/0003], [lateral-edge: 0.7516, lateral-2: 1.0664, lateral-3: 1.0980, lateral-4: 1.1574, lateral-5: 1.2581, epsilon: inf]
2025-10-26 22:06:45.382288 Epoch [044/070], Step [0003/0003], [lateral-edge: 0.7507, lateral-2: 1.0667, lateral-3: 1.0979, lateral-4: 1.1600, lateral-5: 1.2605, epsilon: inf]
2025-10-26 22:06:59.859162 Epoch [045/070], Step [0003/0003], [lateral-edge: 0.7500, lateral-2: 1.0545, lateral-3: 1.0812, lateral-4: 1.1344, lateral-5: 1.2409, epsilon: inf]
2025-10-26 22:07:14.034596 Epoch [046/070], Step [0003/0003], [lateral-edge: 0.7494, lateral-2: 1.0559, lateral-3: 1.0914, lateral-4: 1.1581, lateral-5: 1.2524, epsilon: inf]
2025-10-26 22:07:28.570513 Epoch [047/070], Step [0003/0003], [lateral-edge: 0.7500, lateral-2: 1.0306, lateral-3: 1.0682, lateral-4: 1.1262, lateral-5: 1.2280, epsilon: inf]
2025-10-26 22:07:44.126035 Epoch [048/070], Step [0003/0003], [lateral-edge: 0.7494, lateral-2: 1.0375, lateral-3: 1.0759, lateral-4: 1.1369, lateral-5: 1.2399, epsilon: inf]
2025-10-26 22:08:00.157061 Epoch [049/070], Step [0003/0003], [lateral-edge: 0.7489, lateral-2: 1.0317, lateral-3: 1.0700, lateral-4: 1.1244, lateral-5: 1.2246, epsilon: inf]
[Saving Snapshot:] ./Snapshots/save_weights/Inf-Net_DP/batch_24/run_1/noise_multiplier_0.3/Inf-Net-50.pth
[Privacy Budget]: ε = inf (δ = 1e-05)
2025-10-26 22:08:24.901639 Epoch [050/070], Step [0003/0003], [lateral-edge: 0.7482, lateral-2: 1.0456, lateral-3: 1.0829, lateral-4: 1.1456, lateral-5: 1.2446, epsilon: inf]
2025-10-26 22:08:41.628698 Epoch [051/070], Step [0003/0003], [lateral-edge: 0.7481, lateral-2: 1.0250, lateral-3: 1.0569, lateral-4: 1.1195, lateral-5: 1.2160, epsilon: inf]
2025-10-26 22:08:57.847774 Epoch [052/070], Step [0003/0003], [lateral-edge: 0.7484, lateral-2: 1.0419, lateral-3: 1.0754, lateral-4: 1.1359, lateral-5: 1.2315, epsilon: inf]
2025-10-26 22:09:14.696647 Epoch [053/070], Step [0003/0003], [lateral-edge: 0.7475, lateral-2: 1.0143, lateral-3: 1.0632, lateral-4: 1.1420, lateral-5: 1.2434, epsilon: inf]
2025-10-26 22:09:29.611009 Epoch [054/070], Step [0003/0003], [lateral-edge: 0.7489, lateral-2: 1.0395, lateral-3: 1.0725, lateral-4: 1.1323, lateral-5: 1.2303, epsilon: inf]
2025-10-26 22:09:46.848014 Epoch [055/070], Step [0003/0003], [lateral-edge: 0.7484, lateral-2: 1.0347, lateral-3: 1.0646, lateral-4: 1.1286, lateral-5: 1.2254, epsilon: inf]
2025-10-26 22:10:05.794992 Epoch [056/070], Step [0003/0003], [lateral-edge: 0.7483, lateral-2: 1.0306, lateral-3: 1.0688, lateral-4: 1.1308, lateral-5: 1.2288, epsilon: inf]
2025-10-26 22:10:25.537602 Epoch [057/070], Step [0003/0003], [lateral-edge: 0.7484, lateral-2: 1.0440, lateral-3: 1.0812, lateral-4: 1.1427, lateral-5: 1.2322, epsilon: inf]
2025-10-26 22:10:43.562631 Epoch [058/070], Step [0003/0003], [lateral-edge: 0.7491, lateral-2: 1.0289, lateral-3: 1.0582, lateral-4: 1.1150, lateral-5: 1.2135, epsilon: inf]
2025-10-26 22:11:21.613800 Epoch [059/070], Step [0003/0003], [lateral-edge: 0.7481, lateral-2: 1.0410, lateral-3: 1.0733, lateral-4: 1.1370, lateral-5: 1.2364, epsilon: inf]
[Saving Snapshot:] ./Snapshots/save_weights/Inf-Net_DP/batch_24/run_1/noise_multiplier_0.3/Inf-Net-60.pth
[Privacy Budget]: ε = inf (δ = 1e-05)
2025-10-26 22:12:16.323459 Epoch [060/070], Step [0003/0003], [lateral-edge: 0.7486, lateral-2: 1.0142, lateral-3: 1.0434, lateral-4: 1.1027, lateral-5: 1.2035, epsilon: inf]
2025-10-26 22:12:36.527225 Epoch [061/070], Step [0003/0003], [lateral-edge: 0.7482, lateral-2: 1.0349, lateral-3: 1.0716, lateral-4: 1.1352, lateral-5: 1.2354, epsilon: inf]
2025-10-26 22:12:57.062075 Epoch [062/070], Step [0003/0003], [lateral-edge: 0.7490, lateral-2: 1.0308, lateral-3: 1.0628, lateral-4: 1.1257, lateral-5: 1.2296, epsilon: inf]
2025-10-26 22:13:31.153213 Epoch [063/070], Step [0003/0003], [lateral-edge: 0.7479, lateral-2: 1.0094, lateral-3: 1.0528, lateral-4: 1.1247, lateral-5: 1.2259, epsilon: inf]
2025-10-26 22:13:57.559726 Epoch [064/070], Step [0003/0003], [lateral-edge: 0.7478, lateral-2: 1.0449, lateral-3: 1.0829, lateral-4: 1.1335, lateral-5: 1.2374, epsilon: inf]
2025-10-26 22:14:19.798726 Epoch [065/070], Step [0003/0003], [lateral-edge: 0.7486, lateral-2: 1.0169, lateral-3: 1.0569, lateral-4: 1.1220, lateral-5: 1.2260, epsilon: inf]
2025-10-26 22:14:42.988149 Epoch [066/070], Step [0003/0003], [lateral-edge: 0.7482, lateral-2: 1.0269, lateral-3: 1.0611, lateral-4: 1.1144, lateral-5: 1.2149, epsilon: inf]
2025-10-26 22:15:09.737902 Epoch [067/070], Step [0003/0003], [lateral-edge: 0.7494, lateral-2: 1.0345, lateral-3: 1.0652, lateral-4: 1.1203, lateral-5: 1.2220, epsilon: inf]
