Model loading: UNet with GroupNorm
Model is compatible with differential privacy
Not loading weights from weights file
###################################################################### 
Start Training (UNet-DP)
Network: UNet
Batch Size: 48
DP Enabled (ε=200.0, δ=1e-05, clipping=automatic)
Morphology: both
Architecture: GroupNorm (with DP)
Save Path: ./Snapshots/save_weights/UNet_DP_Morph/both/batch_48/run_2/epsilon_200/automatic
Run: 2
Namespace(network='UNet', epoch=100, lr=0.0001, batchsize=48, trainsize=352, clip=0.5, decay_rate=0.1, decay_epoch=50, is_thop=False, gpu_device=0, num_workers=8, net_channel=32, init_features=32, n_classes=1, in_channels=3, backbone='Res2Net50', deep_supervision=False, train_path='./Dataset/TrainingSet/LungInfection-Train/Doctor-label', is_semi=False, is_pseudo=False, train_save=None, run=2, enable_privacy=True, epsilon=200.0, max_grad_norm=1.2, delta=1e-05, clipping_strategy='automatic', enable_morphology=True, morph_operation='both', morph_kernel_size=3, device='cuda')
 ######################################################################
2025-11-09 01:07:18.378540 Epoch [001/100], Step [0002/0002], Loss: 1.5192, ε: 11.8573
2025-11-09 01:07:20.196102 Epoch [002/100], Step [0002/0002], Loss: 1.5334, ε: 17.0473
2025-11-09 01:07:22.087544 Epoch [003/100], Step [0002/0002], Loss: 1.5393, ε: 21.0900
2025-11-09 01:07:23.958941 Epoch [004/100], Step [0002/0002], Loss: 1.5132, ε: 24.6100
2025-11-09 01:07:25.670375 Epoch [005/100], Step [0002/0002], Loss: 1.4986, ε: 27.8145
2025-11-09 01:07:27.632265 Epoch [006/100], Step [0002/0002], Loss: 1.4999, ε: 30.8019
2025-11-09 01:07:29.605680 Epoch [007/100], Step [0002/0002], Loss: 1.5089, ε: 33.6283
2025-11-09 01:07:31.557808 Epoch [008/100], Step [0002/0002], Loss: 1.4914, ε: 36.3292
2025-11-09 01:07:33.303946 Epoch [009/100], Step [0002/0002], Loss: 1.4877, ε: 38.9286
[Saving Snapshot:] ./Snapshots/save_weights/UNet_DP_Morph/both/batch_48/run_2/epsilon_200/automatic/UNet-10.pth
[Privacy Budget]: ε = 38.93 (δ = 1e-05)
2025-11-09 01:07:35.726300 Epoch [010/100], Step [0002/0002], Loss: 1.4894, ε: 41.4440
2025-11-09 01:07:37.593756 Epoch [011/100], Step [0002/0002], Loss: 1.4593, ε: 43.8880
2025-11-09 01:07:39.509793 Epoch [012/100], Step [0002/0002], Loss: 1.4701, ε: 46.2706
2025-11-09 01:07:41.402695 Epoch [013/100], Step [0002/0002], Loss: 1.4561, ε: 48.5997
2025-11-09 01:07:43.796467 Epoch [014/100], Step [0002/0002], Loss: 1.4344, ε: 50.8815
2025-11-09 01:07:45.659390 Epoch [015/100], Step [0002/0002], Loss: 1.4351, ε: 53.1211
2025-11-09 01:07:47.529217 Epoch [016/100], Step [0002/0002], Loss: 1.4459, ε: 55.3228
2025-11-09 01:07:49.294426 Epoch [017/100], Step [0002/0002], Loss: 1.4409, ε: 57.4902
2025-11-09 01:07:51.074482 Epoch [018/100], Step [0002/0002], Loss: 1.4278, ε: 59.6264
2025-11-09 01:07:52.941939 Epoch [019/100], Step [0002/0002], Loss: 1.4115, ε: 61.7340
[Saving Snapshot:] ./Snapshots/save_weights/UNet_DP_Morph/both/batch_48/run_2/epsilon_200/automatic/UNet-20.pth
[Privacy Budget]: ε = 61.73 (δ = 1e-05)
2025-11-09 01:07:55.434008 Epoch [020/100], Step [0002/0002], Loss: 1.4048, ε: 63.8153
2025-11-09 01:07:57.440091 Epoch [021/100], Step [0002/0002], Loss: 1.4093, ε: 65.8722
2025-11-09 01:07:59.164575 Epoch [022/100], Step [0002/0002], Loss: 1.4063, ε: 67.9066
2025-11-09 01:08:00.919750 Epoch [023/100], Step [0002/0002], Loss: 1.3985, ε: 69.9200
2025-11-09 01:08:02.750077 Epoch [024/100], Step [0002/0002], Loss: 1.3703, ε: 71.9138
2025-11-09 01:08:04.344564 Epoch [025/100], Step [0002/0002], Loss: 1.3800, ε: 73.8891
2025-11-09 01:08:06.239807 Epoch [026/100], Step [0002/0002], Loss: 1.3854, ε: 75.8472
2025-11-09 01:08:08.037716 Epoch [027/100], Step [0002/0002], Loss: 1.3800, ε: 77.7891
2025-11-09 01:08:09.945432 Epoch [028/100], Step [0002/0002], Loss: 1.3721, ε: 79.7155
2025-11-09 01:08:11.996743 Epoch [029/100], Step [0002/0002], Loss: 1.3586, ε: 81.6275
[Saving Snapshot:] ./Snapshots/save_weights/UNet_DP_Morph/both/batch_48/run_2/epsilon_200/automatic/UNet-30.pth
[Privacy Budget]: ε = 81.63 (δ = 1e-05)
2025-11-09 01:08:14.682675 Epoch [030/100], Step [0002/0002], Loss: 1.3511, ε: 83.5256
2025-11-09 01:08:16.411941 Epoch [031/100], Step [0002/0002], Loss: 1.3517, ε: 85.4107
2025-11-09 01:08:18.398528 Epoch [032/100], Step [0002/0002], Loss: 1.3381, ε: 87.2834
2025-11-09 01:08:20.381450 Epoch [033/100], Step [0002/0002], Loss: 1.3419, ε: 89.1441
2025-11-09 01:08:22.177443 Epoch [034/100], Step [0002/0002], Loss: 1.3502, ε: 90.9936
2025-11-09 01:08:24.237099 Epoch [035/100], Step [0002/0002], Loss: 1.3255, ε: 92.8323
2025-11-09 01:08:26.043135 Epoch [036/100], Step [0002/0002], Loss: 1.3284, ε: 94.6606
2025-11-09 01:08:27.935063 Epoch [037/100], Step [0002/0002], Loss: 1.3348, ε: 96.4790
2025-11-09 01:08:29.963208 Epoch [038/100], Step [0002/0002], Loss: 1.3093, ε: 98.2879
2025-11-09 01:08:32.758971 Epoch [039/100], Step [0002/0002], Loss: 1.3086, ε: 100.0877
[Saving Snapshot:] ./Snapshots/save_weights/UNet_DP_Morph/both/batch_48/run_2/epsilon_200/automatic/UNet-40.pth
[Privacy Budget]: ε = 100.09 (δ = 1e-05)
2025-11-09 01:08:35.689363 Epoch [040/100], Step [0002/0002], Loss: 1.3048, ε: 101.8787
2025-11-09 01:08:37.679918 Epoch [041/100], Step [0002/0002], Loss: 1.2995, ε: 103.6613
2025-11-09 01:08:39.854179 Epoch [042/100], Step [0002/0002], Loss: 1.2777, ε: 105.4357
2025-11-09 01:08:41.874782 Epoch [043/100], Step [0002/0002], Loss: 1.2832, ε: 107.2023
2025-11-09 01:08:43.932832 Epoch [044/100], Step [0002/0002], Loss: 1.2857, ε: 108.9613
2025-11-09 01:08:46.125219 Epoch [045/100], Step [0002/0002], Loss: 1.2803, ε: 110.7130
2025-11-09 01:08:48.195786 Epoch [046/100], Step [0002/0002], Loss: 1.2704, ε: 112.4576
2025-11-09 01:08:50.372467 Epoch [047/100], Step [0002/0002], Loss: 1.2690, ε: 114.1955
2025-11-09 01:08:52.415881 Epoch [048/100], Step [0002/0002], Loss: 1.2826, ε: 115.9267
2025-11-09 01:08:54.475929 Epoch [049/100], Step [0002/0002], Loss: 1.2661, ε: 117.6515
[Saving Snapshot:] ./Snapshots/save_weights/UNet_DP_Morph/both/batch_48/run_2/epsilon_200/automatic/UNet-50.pth
[Privacy Budget]: ε = 117.65 (δ = 1e-05)
2025-11-09 01:08:57.734287 Epoch [050/100], Step [0002/0002], Loss: 1.2540, ε: 119.3701
2025-11-09 01:09:00.160478 Epoch [051/100], Step [0002/0002], Loss: 1.2663, ε: 121.0826
2025-11-09 01:09:02.560976 Epoch [052/100], Step [0002/0002], Loss: 1.2437, ε: 122.7894
2025-11-09 01:09:04.977662 Epoch [053/100], Step [0002/0002], Loss: 1.2554, ε: 124.4904
2025-11-09 01:09:07.076707 Epoch [054/100], Step [0002/0002], Loss: 1.2570, ε: 126.1860
2025-11-09 01:09:09.674643 Epoch [055/100], Step [0002/0002], Loss: 1.2631, ε: 127.8762
2025-11-09 01:09:12.290238 Epoch [056/100], Step [0002/0002], Loss: 1.2648, ε: 129.5612
2025-11-09 01:09:14.321725 Epoch [057/100], Step [0002/0002], Loss: 1.2730, ε: 131.2411
2025-11-09 01:09:16.397838 Epoch [058/100], Step [0002/0002], Loss: 1.2661, ε: 132.9160
2025-11-09 01:09:18.849814 Epoch [059/100], Step [0002/0002], Loss: 1.2684, ε: 134.5862
[Saving Snapshot:] ./Snapshots/save_weights/UNet_DP_Morph/both/batch_48/run_2/epsilon_200/automatic/UNet-60.pth
[Privacy Budget]: ε = 134.59 (δ = 1e-05)
2025-11-09 01:09:22.468064 Epoch [060/100], Step [0002/0002], Loss: 1.2742, ε: 136.2517
2025-11-09 01:09:24.968259 Epoch [061/100], Step [0002/0002], Loss: 1.2727, ε: 137.9126
2025-11-09 01:09:27.140682 Epoch [062/100], Step [0002/0002], Loss: 1.2513, ε: 139.5690
2025-11-09 01:09:29.685983 Epoch [063/100], Step [0002/0002], Loss: 1.2567, ε: 141.2211
2025-11-09 01:09:32.172667 Epoch [064/100], Step [0002/0002], Loss: 1.2641, ε: 142.8690
2025-11-09 01:09:34.539449 Epoch [065/100], Step [0002/0002], Loss: 1.2667, ε: 144.5127
2025-11-09 01:09:37.235475 Epoch [066/100], Step [0002/0002], Loss: 1.2468, ε: 146.1524
2025-11-09 01:09:40.039591 Epoch [067/100], Step [0002/0002], Loss: 1.2811, ε: 147.7881
2025-11-09 01:09:42.862693 Epoch [068/100], Step [0002/0002], Loss: 1.2510, ε: 149.4199
2025-11-09 01:09:45.577067 Epoch [069/100], Step [0002/0002], Loss: 1.2627, ε: 151.0480
[Saving Snapshot:] ./Snapshots/save_weights/UNet_DP_Morph/both/batch_48/run_2/epsilon_200/automatic/UNet-70.pth
[Privacy Budget]: ε = 151.05 (δ = 1e-05)
2025-11-09 01:09:49.551937 Epoch [070/100], Step [0002/0002], Loss: 1.2830, ε: 152.6724
2025-11-09 01:09:52.089193 Epoch [071/100], Step [0002/0002], Loss: 1.2600, ε: 154.2931
2025-11-09 01:09:54.822498 Epoch [072/100], Step [0002/0002], Loss: 1.2493, ε: 155.9103
2025-11-09 01:09:57.609735 Epoch [073/100], Step [0002/0002], Loss: 1.2656, ε: 157.5241
2025-11-09 01:10:00.321211 Epoch [074/100], Step [0002/0002], Loss: 1.2535, ε: 159.1344
2025-11-09 01:10:03.249216 Epoch [075/100], Step [0002/0002], Loss: 1.2624, ε: 160.7414
2025-11-09 01:10:05.584204 Epoch [076/100], Step [0002/0002], Loss: 1.2634, ε: 162.3452
2025-11-09 01:10:08.557453 Epoch [077/100], Step [0002/0002], Loss: 1.2583, ε: 163.9458
2025-11-09 01:10:11.088274 Epoch [078/100], Step [0002/0002], Loss: 1.2662, ε: 165.5432
2025-11-09 01:10:13.822566 Epoch [079/100], Step [0002/0002], Loss: 1.2664, ε: 167.1375
[Saving Snapshot:] ./Snapshots/save_weights/UNet_DP_Morph/both/batch_48/run_2/epsilon_200/automatic/UNet-80.pth
[Privacy Budget]: ε = 167.14 (δ = 1e-05)
2025-11-09 01:10:17.393669 Epoch [080/100], Step [0002/0002], Loss: 1.2514, ε: 168.7289
2025-11-09 01:10:20.348768 Epoch [081/100], Step [0002/0002], Loss: 1.2652, ε: 170.3173
2025-11-09 01:10:23.346591 Epoch [082/100], Step [0002/0002], Loss: 1.2740, ε: 171.9027
2025-11-09 01:10:26.212335 Epoch [083/100], Step [0002/0002], Loss: 1.2687, ε: 173.4854
2025-11-09 01:10:28.804118 Epoch [084/100], Step [0002/0002], Loss: 1.2480, ε: 175.0652
2025-11-09 01:10:31.721901 Epoch [085/100], Step [0002/0002], Loss: 1.2666, ε: 176.6423
2025-11-09 01:10:34.893116 Epoch [086/100], Step [0002/0002], Loss: 1.2644, ε: 178.2166
2025-11-09 01:10:38.015516 Epoch [087/100], Step [0002/0002], Loss: 1.2480, ε: 179.7884
2025-11-09 01:10:40.525946 Epoch [088/100], Step [0002/0002], Loss: 1.2690, ε: 181.3575
2025-11-09 01:10:43.675858 Epoch [089/100], Step [0002/0002], Loss: 1.2689, ε: 182.9241
[Saving Snapshot:] ./Snapshots/save_weights/UNet_DP_Morph/both/batch_48/run_2/epsilon_200/automatic/UNet-90.pth
[Privacy Budget]: ε = 182.92 (δ = 1e-05)
2025-11-09 01:10:48.160416 Epoch [090/100], Step [0002/0002], Loss: 1.2628, ε: 184.4881
2025-11-09 01:10:51.187074 Epoch [091/100], Step [0002/0002], Loss: 1.2730, ε: 186.0497
2025-11-09 01:10:54.273699 Epoch [092/100], Step [0002/0002], Loss: 1.2371, ε: 187.6088
2025-11-09 01:10:57.027129 Epoch [093/100], Step [0002/0002], Loss: 1.2762, ε: 189.1655
2025-11-09 01:11:00.089532 Epoch [094/100], Step [0002/0002], Loss: 1.2507, ε: 190.7199
2025-11-09 01:11:02.525123 Epoch [095/100], Step [0002/0002], Loss: 1.2669, ε: 192.2720
2025-11-09 01:11:06.076809 Epoch [096/100], Step [0002/0002], Loss: 1.2726, ε: 193.8217
2025-11-09 01:11:09.192215 Epoch [097/100], Step [0002/0002], Loss: 1.2535, ε: 195.3693
2025-11-09 01:11:12.162551 Epoch [098/100], Step [0002/0002], Loss: 1.2567, ε: 196.9146
2025-11-09 01:11:15.452867 Epoch [099/100], Step [0002/0002], Loss: 1.2471, ε: 198.4577
[Saving Snapshot:] ./Snapshots/save_weights/UNet_DP_Morph/both/batch_48/run_2/epsilon_200/automatic/UNet-100.pth
[Privacy Budget]: ε = 198.46 (δ = 1e-05)
2025-11-09 01:11:20.310467 Epoch [100/100], Step [0002/0002], Loss: 1.2642, ε: 199.9987
Training completed at Sun Nov  9 01:11:21 CET 2025
