Model loading: UNet with GroupNorm
Model is compatible with differential privacy
Not loading weights from weights file
###################################################################### 
Start Training (UNet-DP)
Network: UNet
Batch Size: 24
DP Enabled (ε=8.0, δ=1e-05, clipping=nsgd)
Morphology: both
Architecture: GroupNorm (with DP)
Save Path: ./Snapshots/save_weights/UNet_DP_Morph/both/batch_24/run_3/epsilon_8/nsgd
Run: 3
Namespace(network='UNet', epoch=100, lr=0.0001, batchsize=24, trainsize=352, clip=0.5, decay_rate=0.1, decay_epoch=50, is_thop=False, gpu_device=0, num_workers=8, net_channel=32, init_features=32, n_classes=1, in_channels=3, backbone='Res2Net50', deep_supervision=False, train_path='./Dataset/TrainingSet/LungInfection-Train/Doctor-label', is_semi=False, is_pseudo=False, train_save=None, run=3, enable_privacy=True, epsilon=8.0, max_grad_norm=1.2, delta=1e-05, clipping_strategy='nsgd', enable_morphology=True, morph_operation='both', morph_kernel_size=3, device='cuda')
 ######################################################################
2025-11-09 00:48:41.679741 Epoch [001/100], Step [0003/0003], Loss: 1.4484, ε: 0.7150
2025-11-09 00:48:43.002015 Epoch [002/100], Step [0003/0003], Loss: 1.4550, ε: 0.9882
2025-11-09 00:48:44.250620 Epoch [003/100], Step [0003/0003], Loss: 1.4636, ε: 1.2032
2025-11-09 00:48:45.627031 Epoch [004/100], Step [0003/0003], Loss: 1.4502, ε: 1.3879
2025-11-09 00:48:47.052414 Epoch [005/100], Step [0003/0003], Loss: 1.4335, ε: 1.5530
2025-11-09 00:48:48.251313 Epoch [006/100], Step [0003/0003], Loss: 1.4613, ε: 1.7041
2025-11-09 00:48:49.566190 Epoch [007/100], Step [0003/0003], Loss: 1.4471, ε: 1.8446
2025-11-09 00:48:50.780252 Epoch [008/100], Step [0003/0003], Loss: 1.4476, ε: 1.9766
2025-11-09 00:48:52.138717 Epoch [009/100], Step [0003/0003], Loss: 1.4553, ε: 2.1017
[Saving Snapshot:] ./Snapshots/save_weights/UNet_DP_Morph/both/batch_24/run_3/epsilon_8/nsgd/UNet-10.pth
[Privacy Budget]: ε = 2.10 (δ = 1e-05)
2025-11-09 00:48:53.860754 Epoch [010/100], Step [0003/0003], Loss: 1.4544, ε: 2.2209
2025-11-09 00:48:55.118079 Epoch [011/100], Step [0003/0003], Loss: 1.4412, ε: 2.3352
2025-11-09 00:48:56.440883 Epoch [012/100], Step [0003/0003], Loss: 1.4402, ε: 2.4452
2025-11-09 00:48:57.832762 Epoch [013/100], Step [0003/0003], Loss: 1.4383, ε: 2.5514
2025-11-09 00:48:59.146378 Epoch [014/100], Step [0003/0003], Loss: 1.4461, ε: 2.6542
2025-11-09 00:49:00.463355 Epoch [015/100], Step [0003/0003], Loss: 1.4453, ε: 2.7540
2025-11-09 00:49:01.718745 Epoch [016/100], Step [0003/0003], Loss: 1.4525, ε: 2.8510
2025-11-09 00:49:02.947324 Epoch [017/100], Step [0003/0003], Loss: 1.4441, ε: 2.9456
2025-11-09 00:49:04.353853 Epoch [018/100], Step [0003/0003], Loss: 1.4418, ε: 3.0379
2025-11-09 00:49:05.672042 Epoch [019/100], Step [0003/0003], Loss: 1.4493, ε: 3.1281
[Saving Snapshot:] ./Snapshots/save_weights/UNet_DP_Morph/both/batch_24/run_3/epsilon_8/nsgd/UNet-20.pth
[Privacy Budget]: ε = 3.13 (δ = 1e-05)
2025-11-09 00:49:07.431111 Epoch [020/100], Step [0003/0003], Loss: 1.4472, ε: 3.2164
2025-11-09 00:49:08.752252 Epoch [021/100], Step [0003/0003], Loss: 1.4372, ε: 3.3029
2025-11-09 00:49:10.030099 Epoch [022/100], Step [0003/0003], Loss: 1.4489, ε: 3.3878
2025-11-09 00:49:11.347094 Epoch [023/100], Step [0003/0003], Loss: 1.4472, ε: 3.4711
2025-11-09 00:49:12.723466 Epoch [024/100], Step [0003/0003], Loss: 1.4391, ε: 3.5529
2025-11-09 00:49:14.140846 Epoch [025/100], Step [0003/0003], Loss: 1.4352, ε: 3.6334
2025-11-09 00:49:15.526181 Epoch [026/100], Step [0003/0003], Loss: 1.4428, ε: 3.7126
2025-11-09 00:49:16.887035 Epoch [027/100], Step [0003/0003], Loss: 1.4381, ε: 3.7905
2025-11-09 00:49:18.281315 Epoch [028/100], Step [0003/0003], Loss: 1.4424, ε: 3.8674
2025-11-09 00:49:19.525788 Epoch [029/100], Step [0003/0003], Loss: 1.4430, ε: 3.9431
[Saving Snapshot:] ./Snapshots/save_weights/UNet_DP_Morph/both/batch_24/run_3/epsilon_8/nsgd/UNet-30.pth
[Privacy Budget]: ε = 3.94 (δ = 1e-05)
2025-11-09 00:49:21.229916 Epoch [030/100], Step [0003/0003], Loss: 1.4441, ε: 4.0179
2025-11-09 00:49:22.627198 Epoch [031/100], Step [0003/0003], Loss: 1.4231, ε: 4.0916
2025-11-09 00:49:23.856338 Epoch [032/100], Step [0003/0003], Loss: 1.4248, ε: 4.1644
2025-11-09 00:49:25.316388 Epoch [033/100], Step [0003/0003], Loss: 1.4443, ε: 4.2363
2025-11-09 00:49:26.664530 Epoch [034/100], Step [0003/0003], Loss: 1.4430, ε: 4.3074
2025-11-09 00:49:28.051795 Epoch [035/100], Step [0003/0003], Loss: 1.4235, ε: 4.3776
2025-11-09 00:49:29.432407 Epoch [036/100], Step [0003/0003], Loss: 1.4346, ε: 4.4471
2025-11-09 00:49:30.727526 Epoch [037/100], Step [0003/0003], Loss: 1.4343, ε: 4.5158
2025-11-09 00:49:31.934722 Epoch [038/100], Step [0003/0003], Loss: 1.4401, ε: 4.5838
2025-11-09 00:49:33.216883 Epoch [039/100], Step [0003/0003], Loss: 1.4391, ε: 4.6511
[Saving Snapshot:] ./Snapshots/save_weights/UNet_DP_Morph/both/batch_24/run_3/epsilon_8/nsgd/UNet-40.pth
[Privacy Budget]: ε = 4.65 (δ = 1e-05)
2025-11-09 00:49:34.924115 Epoch [040/100], Step [0003/0003], Loss: 1.4363, ε: 4.7177
2025-11-09 00:49:36.151793 Epoch [041/100], Step [0003/0003], Loss: 1.4167, ε: 4.7837
2025-11-09 00:49:37.585202 Epoch [042/100], Step [0003/0003], Loss: 1.4240, ε: 4.8491
2025-11-09 00:49:38.822433 Epoch [043/100], Step [0003/0003], Loss: 1.4165, ε: 4.9139
2025-11-09 00:49:40.289258 Epoch [044/100], Step [0003/0003], Loss: 1.4384, ε: 4.9781
2025-11-09 00:49:41.612769 Epoch [045/100], Step [0003/0003], Loss: 1.4323, ε: 5.0418
2025-11-09 00:49:42.872469 Epoch [046/100], Step [0003/0003], Loss: 1.4379, ε: 5.1049
2025-11-09 00:49:43.951513 Epoch [047/100], Step [0003/0003], Loss: 1.4432, ε: 5.1675
2025-11-09 00:49:45.137873 Epoch [048/100], Step [0003/0003], Loss: 1.4327, ε: 5.2296
2025-11-09 00:49:46.373090 Epoch [049/100], Step [0003/0003], Loss: 1.4132, ε: 5.2912
[Saving Snapshot:] ./Snapshots/save_weights/UNet_DP_Morph/both/batch_24/run_3/epsilon_8/nsgd/UNet-50.pth
[Privacy Budget]: ε = 5.29 (δ = 1e-05)
2025-11-09 00:49:47.895919 Epoch [050/100], Step [0003/0003], Loss: 1.4169, ε: 5.3523
2025-11-09 00:49:49.357039 Epoch [051/100], Step [0003/0003], Loss: 1.4236, ε: 5.4129
2025-11-09 00:49:50.890318 Epoch [052/100], Step [0003/0003], Loss: 1.4351, ε: 5.4732
2025-11-09 00:49:52.305121 Epoch [053/100], Step [0003/0003], Loss: 1.4301, ε: 5.5329
2025-11-09 00:49:53.461037 Epoch [054/100], Step [0003/0003], Loss: 1.4035, ε: 5.5923
2025-11-09 00:49:54.750869 Epoch [055/100], Step [0003/0003], Loss: 1.4385, ε: 5.6512
2025-11-09 00:49:55.955443 Epoch [056/100], Step [0003/0003], Loss: 1.4308, ε: 5.7098
2025-11-09 00:49:57.364345 Epoch [057/100], Step [0003/0003], Loss: 1.4258, ε: 5.7679
2025-11-09 00:49:58.918599 Epoch [058/100], Step [0003/0003], Loss: 1.4300, ε: 5.8257
2025-11-09 00:50:00.357981 Epoch [059/100], Step [0003/0003], Loss: 1.4304, ε: 5.8831
[Saving Snapshot:] ./Snapshots/save_weights/UNet_DP_Morph/both/batch_24/run_3/epsilon_8/nsgd/UNet-60.pth
[Privacy Budget]: ε = 5.88 (δ = 1e-05)
2025-11-09 00:50:01.794837 Epoch [060/100], Step [0003/0003], Loss: 1.4454, ε: 5.9401
2025-11-09 00:50:03.282314 Epoch [061/100], Step [0003/0003], Loss: 1.4308, ε: 5.9968
2025-11-09 00:50:04.669324 Epoch [062/100], Step [0003/0003], Loss: 1.4190, ε: 6.0532
2025-11-09 00:50:06.008300 Epoch [063/100], Step [0003/0003], Loss: 1.4211, ε: 6.1092
2025-11-09 00:50:07.209008 Epoch [064/100], Step [0003/0003], Loss: 1.4354, ε: 6.1649
2025-11-09 00:50:08.489952 Epoch [065/100], Step [0003/0003], Loss: 1.4283, ε: 6.2202
2025-11-09 00:50:09.753667 Epoch [066/100], Step [0003/0003], Loss: 1.4252, ε: 6.2753
2025-11-09 00:50:11.128026 Epoch [067/100], Step [0003/0003], Loss: 1.4212, ε: 6.3300
2025-11-09 00:50:12.573071 Epoch [068/100], Step [0003/0003], Loss: 1.4253, ε: 6.3845
2025-11-09 00:50:13.935355 Epoch [069/100], Step [0003/0003], Loss: 1.4341, ε: 6.4386
[Saving Snapshot:] ./Snapshots/save_weights/UNet_DP_Morph/both/batch_24/run_3/epsilon_8/nsgd/UNet-70.pth
[Privacy Budget]: ε = 6.44 (δ = 1e-05)
2025-11-09 00:50:15.538984 Epoch [070/100], Step [0003/0003], Loss: 1.4195, ε: 6.4925
2025-11-09 00:50:16.863059 Epoch [071/100], Step [0003/0003], Loss: 1.4215, ε: 6.5461
2025-11-09 00:50:18.238095 Epoch [072/100], Step [0003/0003], Loss: 1.4254, ε: 6.5994
2025-11-09 00:50:19.516994 Epoch [073/100], Step [0003/0003], Loss: 1.4293, ε: 6.6524
2025-11-09 00:50:20.948247 Epoch [074/100], Step [0003/0003], Loss: 1.4186, ε: 6.7052
2025-11-09 00:50:22.319386 Epoch [075/100], Step [0003/0003], Loss: 1.4169, ε: 6.7577
2025-11-09 00:50:23.653308 Epoch [076/100], Step [0003/0003], Loss: 1.4265, ε: 6.8100
2025-11-09 00:50:24.985120 Epoch [077/100], Step [0003/0003], Loss: 1.4225, ε: 6.8620
2025-11-09 00:50:26.282744 Epoch [078/100], Step [0003/0003], Loss: 1.4159, ε: 6.9138
2025-11-09 00:50:27.672955 Epoch [079/100], Step [0003/0003], Loss: 1.4263, ε: 6.9653
[Saving Snapshot:] ./Snapshots/save_weights/UNet_DP_Morph/both/batch_24/run_3/epsilon_8/nsgd/UNet-80.pth
[Privacy Budget]: ε = 6.97 (δ = 1e-05)
2025-11-09 00:50:29.261121 Epoch [080/100], Step [0003/0003], Loss: 1.4233, ε: 7.0166
2025-11-09 00:50:30.541328 Epoch [081/100], Step [0003/0003], Loss: 1.4344, ε: 7.0677
2025-11-09 00:50:31.854485 Epoch [082/100], Step [0003/0003], Loss: 1.4299, ε: 7.1186
2025-11-09 00:50:33.082216 Epoch [083/100], Step [0003/0003], Loss: 1.4369, ε: 7.1692
2025-11-09 00:50:34.501529 Epoch [084/100], Step [0003/0003], Loss: 1.4346, ε: 7.2196
2025-11-09 00:50:35.835588 Epoch [085/100], Step [0003/0003], Loss: 1.4223, ε: 7.2698
2025-11-09 00:50:37.046805 Epoch [086/100], Step [0003/0003], Loss: 1.4389, ε: 7.3198
2025-11-09 00:50:38.448654 Epoch [087/100], Step [0003/0003], Loss: 1.4260, ε: 7.3695
2025-11-09 00:50:39.797431 Epoch [088/100], Step [0003/0003], Loss: 1.4230, ε: 7.4191
2025-11-09 00:50:41.096552 Epoch [089/100], Step [0003/0003], Loss: 1.4314, ε: 7.4685
[Saving Snapshot:] ./Snapshots/save_weights/UNet_DP_Morph/both/batch_24/run_3/epsilon_8/nsgd/UNet-90.pth
[Privacy Budget]: ε = 7.47 (δ = 1e-05)
2025-11-09 00:50:42.722388 Epoch [090/100], Step [0003/0003], Loss: 1.4337, ε: 7.5177
2025-11-09 00:50:44.149585 Epoch [091/100], Step [0003/0003], Loss: 1.4238, ε: 7.5666
2025-11-09 00:50:45.452011 Epoch [092/100], Step [0003/0003], Loss: 1.4257, ε: 7.6154
2025-11-09 00:50:46.773827 Epoch [093/100], Step [0003/0003], Loss: 1.4228, ε: 7.6640
2025-11-09 00:50:48.217909 Epoch [094/100], Step [0003/0003], Loss: 1.4283, ε: 7.7125
2025-11-09 00:50:49.723184 Epoch [095/100], Step [0003/0003], Loss: 1.4350, ε: 7.7607
2025-11-09 00:50:50.954319 Epoch [096/100], Step [0003/0003], Loss: 1.4188, ε: 7.8088
2025-11-09 00:50:52.229192 Epoch [097/100], Step [0003/0003], Loss: 1.4284, ε: 7.8566
2025-11-09 00:50:53.607270 Epoch [098/100], Step [0003/0003], Loss: 1.4231, ε: 7.9043
2025-11-09 00:50:54.904796 Epoch [099/100], Step [0003/0003], Loss: 1.4220, ε: 7.9519
[Saving Snapshot:] ./Snapshots/save_weights/UNet_DP_Morph/both/batch_24/run_3/epsilon_8/nsgd/UNet-100.pth
[Privacy Budget]: ε = 7.95 (δ = 1e-05)
2025-11-09 00:50:56.647479 Epoch [100/100], Step [0003/0003], Loss: 1.4163, ε: 7.9993
Training completed at Sun Nov  9 00:50:57 CET 2025
