Backbone loading: Res2Net50
Trainable: 31,072,721 / 33,121,721 parameters
Validator raised issues with model. Attempting auto-fix...
Original error: UnsupportedModuleError
Model successfully fixed for differential privacy
Not loading weights from weights file
###################################################################### 
Start Training (Inf_Net-DP)
Network: Inf_Net
Batch Size: 48
DP Enabled (ε=200.0, δ=1e-05, clipping=psac)
Morphology: Disabled
Architecture: GroupNorm (with DP)
Save Path: ./Snapshots/save_weights/Inf-Net_DP/batch_48/run_2/epsilon_200/psac
Run: 2
Namespace(network='Inf_Net', epoch=100, lr=0.0001, batchsize=48, trainsize=352, clip=0.5, decay_rate=0.1, decay_epoch=50, is_thop=False, gpu_device=0, num_workers=8, net_channel=32, init_features=32, n_classes=1, in_channels=3, backbone='Res2Net50', deep_supervision=False, train_path='./Dataset/TrainingSet/LungInfection-Train/Doctor-label', is_semi=False, is_pseudo=False, train_save=None, run=2, enable_privacy=True, epsilon=200.0, max_grad_norm=1.2, delta=1e-05, clipping_strategy='psac', enable_morphology=False, morph_operation='both', morph_kernel_size=3, device='cuda')
 ######################################################################
2025-11-09 00:39:03.106950 Epoch [001/100], Step [0002/0002], [lateral-edge: 0.7773, lateral-2: 1.6858, lateral-3: 1.6147, lateral-4: 1.5792, lateral-5: 1.5512, epsilon: 21.0900]
2025-11-09 00:39:08.035860 Epoch [002/100], Step [0002/0002], [lateral-edge: 0.7770, lateral-2: 1.6168, lateral-3: 1.5577, lateral-4: 1.5389, lateral-5: 1.5414, epsilon: 30.8019]
2025-11-09 00:39:11.940349 Epoch [003/100], Step [0002/0002], [lateral-edge: 0.7741, lateral-2: 1.5636, lateral-3: 1.5261, lateral-4: 1.5167, lateral-5: 1.5246, epsilon: 38.9286]
2025-11-09 00:39:16.326103 Epoch [004/100], Step [0002/0002], [lateral-edge: 0.7746, lateral-2: 1.5414, lateral-3: 1.5000, lateral-4: 1.5002, lateral-5: 1.5207, epsilon: 46.2706]
2025-11-09 00:39:20.197654 Epoch [005/100], Step [0002/0002], [lateral-edge: 0.7743, lateral-2: 1.5378, lateral-3: 1.5144, lateral-4: 1.5225, lateral-5: 1.5287, epsilon: 53.1211]
2025-11-09 00:39:24.210168 Epoch [006/100], Step [0002/0002], [lateral-edge: 0.7732, lateral-2: 1.4865, lateral-3: 1.4654, lateral-4: 1.4812, lateral-5: 1.5020, epsilon: 59.6264]
2025-11-09 00:39:29.322009 Epoch [007/100], Step [0002/0002], [lateral-edge: 0.7725, lateral-2: 1.4767, lateral-3: 1.4551, lateral-4: 1.4684, lateral-5: 1.5010, epsilon: 65.8722]
2025-11-09 00:39:34.142084 Epoch [008/100], Step [0002/0002], [lateral-edge: 0.7734, lateral-2: 1.4619, lateral-3: 1.4341, lateral-4: 1.4535, lateral-5: 1.4949, epsilon: 71.9138]
2025-11-09 00:39:38.885461 Epoch [009/100], Step [0002/0002], [lateral-edge: 0.7715, lateral-2: 1.4653, lateral-3: 1.4537, lateral-4: 1.4715, lateral-5: 1.5099, epsilon: 77.7891]
[Saving Snapshot:] ./Snapshots/save_weights/Inf-Net_DP/batch_48/run_2/epsilon_200/psac/Inf-Net-10.pth
[Privacy Budget]: ε = 77.79 (δ = 1e-05)
2025-11-09 00:39:43.592887 Epoch [010/100], Step [0002/0002], [lateral-edge: 0.7710, lateral-2: 1.4088, lateral-3: 1.3991, lateral-4: 1.4224, lateral-5: 1.4774, epsilon: 83.5256]
2025-11-09 00:39:48.666658 Epoch [011/100], Step [0002/0002], [lateral-edge: 0.7722, lateral-2: 1.4424, lateral-3: 1.4352, lateral-4: 1.4647, lateral-5: 1.4966, epsilon: 89.1441]
2025-11-09 00:39:52.784041 Epoch [012/100], Step [0002/0002], [lateral-edge: 0.7707, lateral-2: 1.4087, lateral-3: 1.4083, lateral-4: 1.4332, lateral-5: 1.4849, epsilon: 94.6606]
2025-11-09 00:39:57.851660 Epoch [013/100], Step [0002/0002], [lateral-edge: 0.7690, lateral-2: 1.3979, lateral-3: 1.4028, lateral-4: 1.4315, lateral-5: 1.4707, epsilon: 100.0877]
2025-11-09 00:40:02.351453 Epoch [014/100], Step [0002/0002], [lateral-edge: 0.7708, lateral-2: 1.3805, lateral-3: 1.3832, lateral-4: 1.4153, lateral-5: 1.4752, epsilon: 105.4357]
2025-11-09 00:40:07.594076 Epoch [015/100], Step [0002/0002], [lateral-edge: 0.7709, lateral-2: 1.3742, lateral-3: 1.3743, lateral-4: 1.4077, lateral-5: 1.4695, epsilon: 110.7130]
2025-11-09 00:40:11.947180 Epoch [016/100], Step [0002/0002], [lateral-edge: 0.7680, lateral-2: 1.3690, lateral-3: 1.3732, lateral-4: 1.4050, lateral-5: 1.4684, epsilon: 115.9267]
2025-11-09 00:40:16.144755 Epoch [017/100], Step [0002/0002], [lateral-edge: 0.7688, lateral-2: 1.3694, lateral-3: 1.3749, lateral-4: 1.4042, lateral-5: 1.4657, epsilon: 121.0826]
2025-11-09 00:40:20.389593 Epoch [018/100], Step [0002/0002], [lateral-edge: 0.7686, lateral-2: 1.3339, lateral-3: 1.3382, lateral-4: 1.3717, lateral-5: 1.4514, epsilon: 126.1860]
2025-11-09 00:40:24.605891 Epoch [019/100], Step [0002/0002], [lateral-edge: 0.7681, lateral-2: 1.3362, lateral-3: 1.3520, lateral-4: 1.3832, lateral-5: 1.4491, epsilon: 131.2411]
[Saving Snapshot:] ./Snapshots/save_weights/Inf-Net_DP/batch_48/run_2/epsilon_200/psac/Inf-Net-20.pth
[Privacy Budget]: ε = 131.24 (δ = 1e-05)
2025-11-09 00:40:29.908263 Epoch [020/100], Step [0002/0002], [lateral-edge: 0.7663, lateral-2: 1.3073, lateral-3: 1.3193, lateral-4: 1.3488, lateral-5: 1.4427, epsilon: 136.2517]
2025-11-09 00:40:34.617767 Epoch [021/100], Step [0002/0002], [lateral-edge: 0.7675, lateral-2: 1.3071, lateral-3: 1.3284, lateral-4: 1.3615, lateral-5: 1.4441, epsilon: 141.2211]
2025-11-09 00:40:39.419365 Epoch [022/100], Step [0002/0002], [lateral-edge: 0.7671, lateral-2: 1.2884, lateral-3: 1.3082, lateral-4: 1.3414, lateral-5: 1.4335, epsilon: 146.1524]
2025-11-09 00:40:44.177936 Epoch [023/100], Step [0002/0002], [lateral-edge: 0.7656, lateral-2: 1.2773, lateral-3: 1.3008, lateral-4: 1.3355, lateral-5: 1.4281, epsilon: 151.0480]
2025-11-09 00:40:48.852507 Epoch [024/100], Step [0002/0002], [lateral-edge: 0.7658, lateral-2: 1.2731, lateral-3: 1.2965, lateral-4: 1.3291, lateral-5: 1.4230, epsilon: 155.9103]
2025-11-09 00:40:53.962598 Epoch [025/100], Step [0002/0002], [lateral-edge: 0.7657, lateral-2: 1.2527, lateral-3: 1.2761, lateral-4: 1.3182, lateral-5: 1.4215, epsilon: 160.7414]
2025-11-09 00:40:58.521468 Epoch [026/100], Step [0002/0002], [lateral-edge: 0.7657, lateral-2: 1.2596, lateral-3: 1.2766, lateral-4: 1.3166, lateral-5: 1.4155, epsilon: 165.5432]
2025-11-09 00:41:04.173088 Epoch [027/100], Step [0002/0002], [lateral-edge: 0.7645, lateral-2: 1.2479, lateral-3: 1.2688, lateral-4: 1.3076, lateral-5: 1.4106, epsilon: 170.3173]
2025-11-09 00:41:08.868015 Epoch [028/100], Step [0002/0002], [lateral-edge: 0.7638, lateral-2: 1.2360, lateral-3: 1.2649, lateral-4: 1.2965, lateral-5: 1.4051, epsilon: 175.0652]
2025-11-09 00:41:13.830367 Epoch [029/100], Step [0002/0002], [lateral-edge: 0.7643, lateral-2: 1.2293, lateral-3: 1.2526, lateral-4: 1.2887, lateral-5: 1.4005, epsilon: 179.7884]
[Saving Snapshot:] ./Snapshots/save_weights/Inf-Net_DP/batch_48/run_2/epsilon_200/psac/Inf-Net-30.pth
[Privacy Budget]: ε = 179.79 (δ = 1e-05)
2025-11-09 00:41:20.298195 Epoch [030/100], Step [0002/0002], [lateral-edge: 0.7638, lateral-2: 1.2094, lateral-3: 1.2379, lateral-4: 1.2776, lateral-5: 1.3923, epsilon: 184.4881]
2025-11-09 00:41:24.933728 Epoch [031/100], Step [0002/0002], [lateral-edge: 0.7634, lateral-2: 1.2253, lateral-3: 1.2543, lateral-4: 1.2919, lateral-5: 1.3987, epsilon: 189.1655]
2025-11-09 00:41:30.253872 Epoch [032/100], Step [0002/0002], [lateral-edge: 0.7627, lateral-2: 1.2057, lateral-3: 1.2346, lateral-4: 1.2749, lateral-5: 1.3841, epsilon: 193.8217]
2025-11-09 00:41:35.490175 Epoch [033/100], Step [0002/0002], [lateral-edge: 0.7636, lateral-2: 1.2037, lateral-3: 1.2260, lateral-4: 1.2627, lateral-5: 1.3746, epsilon: 198.4577]
2025-11-09 00:41:40.432685 Epoch [034/100], Step [0002/0002], [lateral-edge: 0.7630, lateral-2: 1.2121, lateral-3: 1.2378, lateral-4: 1.2824, lateral-5: 1.3886, epsilon: 203.0744]
2025-11-09 00:41:45.091800 Epoch [035/100], Step [0002/0002], [lateral-edge: 0.7631, lateral-2: 1.2068, lateral-3: 1.2300, lateral-4: 1.2720, lateral-5: 1.3826, epsilon: 207.6726]
2025-11-09 00:41:51.113028 Epoch [036/100], Step [0002/0002], [lateral-edge: 0.7614, lateral-2: 1.1855, lateral-3: 1.2126, lateral-4: 1.2590, lateral-5: 1.3719, epsilon: 212.2532]
2025-11-09 00:41:56.410769 Epoch [037/100], Step [0002/0002], [lateral-edge: 0.7619, lateral-2: 1.1813, lateral-3: 1.2095, lateral-4: 1.2471, lateral-5: 1.3653, epsilon: 216.8168]
2025-11-09 00:42:01.742925 Epoch [038/100], Step [0002/0002], [lateral-edge: 0.7607, lateral-2: 1.1824, lateral-3: 1.2112, lateral-4: 1.2594, lateral-5: 1.3715, epsilon: 221.3641]
2025-11-09 00:42:07.514286 Epoch [039/100], Step [0002/0002], [lateral-edge: 0.7601, lateral-2: 1.1820, lateral-3: 1.2084, lateral-4: 1.2487, lateral-5: 1.3676, epsilon: 225.8959]
[Saving Snapshot:] ./Snapshots/save_weights/Inf-Net_DP/batch_48/run_2/epsilon_200/psac/Inf-Net-40.pth
[Privacy Budget]: ε = 225.90 (δ = 1e-05)
2025-11-09 00:42:15.055802 Epoch [040/100], Step [0002/0002], [lateral-edge: 0.7610, lateral-2: 1.1758, lateral-3: 1.2095, lateral-4: 1.2513, lateral-5: 1.3641, epsilon: 230.4126]
2025-11-09 00:42:20.773551 Epoch [041/100], Step [0002/0002], [lateral-edge: 0.7604, lateral-2: 1.1469, lateral-3: 1.1831, lateral-4: 1.2272, lateral-5: 1.3497, epsilon: 234.9149]
2025-11-09 00:42:26.668699 Epoch [042/100], Step [0002/0002], [lateral-edge: 0.7614, lateral-2: 1.1503, lateral-3: 1.1820, lateral-4: 1.2390, lateral-5: 1.3545, epsilon: 239.4033]
2025-11-09 00:42:32.782111 Epoch [043/100], Step [0002/0002], [lateral-edge: 0.7593, lateral-2: 1.1500, lateral-3: 1.1802, lateral-4: 1.2314, lateral-5: 1.3517, epsilon: 243.8782]
2025-11-09 00:42:38.002863 Epoch [044/100], Step [0002/0002], [lateral-edge: 0.7609, lateral-2: 1.1411, lateral-3: 1.1756, lateral-4: 1.2323, lateral-5: 1.3501, epsilon: 248.3402]
2025-11-09 00:42:42.828301 Epoch [045/100], Step [0002/0002], [lateral-edge: 0.7606, lateral-2: 1.1451, lateral-3: 1.1646, lateral-4: 1.2177, lateral-5: 1.3376, epsilon: 252.7896]
2025-11-09 00:42:48.490585 Epoch [046/100], Step [0002/0002], [lateral-edge: 0.7595, lateral-2: 1.1625, lateral-3: 1.1857, lateral-4: 1.2327, lateral-5: 1.3440, epsilon: 257.2270]
2025-11-09 00:42:53.371891 Epoch [047/100], Step [0002/0002], [lateral-edge: 0.7612, lateral-2: 1.1309, lateral-3: 1.1564, lateral-4: 1.2109, lateral-5: 1.3266, epsilon: 261.6526]
2025-11-09 00:42:58.666391 Epoch [048/100], Step [0002/0002], [lateral-edge: 0.7600, lateral-2: 1.1378, lateral-3: 1.1636, lateral-4: 1.2106, lateral-5: 1.3280, epsilon: 266.0670]
2025-11-09 00:43:04.931152 Epoch [049/100], Step [0002/0002], [lateral-edge: 0.7599, lateral-2: 1.1245, lateral-3: 1.1520, lateral-4: 1.1981, lateral-5: 1.3216, epsilon: 270.4703]
[Saving Snapshot:] ./Snapshots/save_weights/Inf-Net_DP/batch_48/run_2/epsilon_200/psac/Inf-Net-50.pth
[Privacy Budget]: ε = 270.47 (δ = 1e-05)
2025-11-09 00:43:13.798991 Epoch [050/100], Step [0002/0002], [lateral-edge: 0.7593, lateral-2: 1.1058, lateral-3: 1.1479, lateral-4: 1.2052, lateral-5: 1.3238, epsilon: 274.8630]
2025-11-09 00:43:20.107080 Epoch [051/100], Step [0002/0002], [lateral-edge: 0.7586, lateral-2: 1.1078, lateral-3: 1.1415, lateral-4: 1.1951, lateral-5: 1.3185, epsilon: 279.2453]
2025-11-09 00:43:25.858385 Epoch [052/100], Step [0002/0002], [lateral-edge: 0.7595, lateral-2: 1.1156, lateral-3: 1.1578, lateral-4: 1.2158, lateral-5: 1.3321, epsilon: 283.6177]
2025-11-09 00:43:32.360712 Epoch [053/100], Step [0002/0002], [lateral-edge: 0.7590, lateral-2: 1.1264, lateral-3: 1.1586, lateral-4: 1.2072, lateral-5: 1.3233, epsilon: 287.9803]
2025-11-09 00:43:39.127383 Epoch [054/100], Step [0002/0002], [lateral-edge: 0.7602, lateral-2: 1.1179, lateral-3: 1.1614, lateral-4: 1.2177, lateral-5: 1.3335, epsilon: 292.3335]
2025-11-09 00:43:45.811981 Epoch [055/100], Step [0002/0002], [lateral-edge: 0.7597, lateral-2: 1.1072, lateral-3: 1.1407, lateral-4: 1.1994, lateral-5: 1.3166, epsilon: 296.6774]
2025-11-09 00:43:52.330368 Epoch [056/100], Step [0002/0002], [lateral-edge: 0.7592, lateral-2: 1.1219, lateral-3: 1.1534, lateral-4: 1.2035, lateral-5: 1.3242, epsilon: 301.0124]
2025-11-09 00:44:00.145701 Epoch [057/100], Step [0002/0002], [lateral-edge: 0.7592, lateral-2: 1.1143, lateral-3: 1.1520, lateral-4: 1.2109, lateral-5: 1.3254, epsilon: 305.3387]
2025-11-09 00:44:06.393477 Epoch [058/100], Step [0002/0002], [lateral-edge: 0.7592, lateral-2: 1.1159, lateral-3: 1.1525, lateral-4: 1.2045, lateral-5: 1.3238, epsilon: 309.6566]
2025-11-09 00:44:12.227559 Epoch [059/100], Step [0002/0002], [lateral-edge: 0.7582, lateral-2: 1.1297, lateral-3: 1.1617, lateral-4: 1.2069, lateral-5: 1.3229, epsilon: 313.9661]
[Saving Snapshot:] ./Snapshots/save_weights/Inf-Net_DP/batch_48/run_2/epsilon_200/psac/Inf-Net-60.pth
[Privacy Budget]: ε = 313.97 (δ = 1e-05)
2025-11-09 00:44:21.213585 Epoch [060/100], Step [0002/0002], [lateral-edge: 0.7576, lateral-2: 1.1342, lateral-3: 1.1737, lateral-4: 1.2239, lateral-5: 1.3402, epsilon: 318.2676]
2025-11-09 00:44:27.855037 Epoch [061/100], Step [0002/0002], [lateral-edge: 0.7587, lateral-2: 1.1333, lateral-3: 1.1697, lateral-4: 1.2204, lateral-5: 1.3355, epsilon: 322.5613]
2025-11-09 00:44:35.009802 Epoch [062/100], Step [0002/0002], [lateral-edge: 0.7587, lateral-2: 1.1333, lateral-3: 1.1664, lateral-4: 1.2182, lateral-5: 1.3300, epsilon: 326.8473]
2025-11-09 00:44:42.445207 Epoch [063/100], Step [0002/0002], [lateral-edge: 0.7579, lateral-2: 1.1234, lateral-3: 1.1602, lateral-4: 1.2082, lateral-5: 1.3301, epsilon: 331.1259]
2025-11-09 00:44:50.022582 Epoch [064/100], Step [0002/0002], [lateral-edge: 0.7585, lateral-2: 1.1183, lateral-3: 1.1497, lateral-4: 1.2040, lateral-5: 1.3252, epsilon: 335.3971]
2025-11-09 00:44:57.220607 Epoch [065/100], Step [0002/0002], [lateral-edge: 0.7589, lateral-2: 1.1183, lateral-3: 1.1577, lateral-4: 1.2094, lateral-5: 1.3282, epsilon: 339.6612]
2025-11-09 00:45:04.697147 Epoch [066/100], Step [0002/0002], [lateral-edge: 0.7587, lateral-2: 1.1166, lateral-3: 1.1547, lateral-4: 1.2072, lateral-5: 1.3258, epsilon: 343.9184]
2025-11-09 00:45:12.373539 Epoch [067/100], Step [0002/0002], [lateral-edge: 0.7593, lateral-2: 1.1199, lateral-3: 1.1525, lateral-4: 1.2036, lateral-5: 1.3245, epsilon: 348.1688]
2025-11-09 00:45:20.197303 Epoch [068/100], Step [0002/0002], [lateral-edge: 0.7594, lateral-2: 1.1147, lateral-3: 1.1481, lateral-4: 1.1994, lateral-5: 1.3180, epsilon: 352.4125]
2025-11-09 00:45:26.314974 Epoch [069/100], Step [0002/0002], [lateral-edge: 0.7582, lateral-2: 1.1299, lateral-3: 1.1639, lateral-4: 1.2139, lateral-5: 1.3295, epsilon: 356.6497]
[Saving Snapshot:] ./Snapshots/save_weights/Inf-Net_DP/batch_48/run_2/epsilon_200/psac/Inf-Net-70.pth
[Privacy Budget]: ε = 356.65 (δ = 1e-05)
2025-11-09 00:45:36.215460 Epoch [070/100], Step [0002/0002], [lateral-edge: 0.7596, lateral-2: 1.1285, lateral-3: 1.1625, lateral-4: 1.2164, lateral-5: 1.3315, epsilon: 360.8806]
2025-11-09 00:45:44.350964 Epoch [071/100], Step [0002/0002], [lateral-edge: 0.7598, lateral-2: 1.1229, lateral-3: 1.1510, lateral-4: 1.2036, lateral-5: 1.3202, epsilon: 365.1052]
2025-11-09 00:45:52.491449 Epoch [072/100], Step [0002/0002], [lateral-edge: 0.7584, lateral-2: 1.0993, lateral-3: 1.1402, lateral-4: 1.1975, lateral-5: 1.3209, epsilon: 369.3238]
2025-11-09 00:46:00.409663 Epoch [073/100], Step [0002/0002], [lateral-edge: 0.7596, lateral-2: 1.1095, lateral-3: 1.1448, lateral-4: 1.2034, lateral-5: 1.3230, epsilon: 373.5364]
2025-11-09 00:46:08.506968 Epoch [074/100], Step [0002/0002], [lateral-edge: 0.7596, lateral-2: 1.1226, lateral-3: 1.1556, lateral-4: 1.2071, lateral-5: 1.3252, epsilon: 377.7431]
2025-11-09 00:46:18.818472 Epoch [075/100], Step [0002/0002], [lateral-edge: 0.7582, lateral-2: 1.1237, lateral-3: 1.1609, lateral-4: 1.2119, lateral-5: 1.3297, epsilon: 381.9441]
2025-11-09 00:46:27.288215 Epoch [076/100], Step [0002/0002], [lateral-edge: 0.7594, lateral-2: 1.1171, lateral-3: 1.1522, lateral-4: 1.2068, lateral-5: 1.3218, epsilon: 386.1395]
2025-11-09 00:46:35.532409 Epoch [077/100], Step [0002/0002], [lateral-edge: 0.7595, lateral-2: 1.1408, lateral-3: 1.1728, lateral-4: 1.2207, lateral-5: 1.3405, epsilon: 390.3294]
2025-11-09 00:46:44.098997 Epoch [078/100], Step [0002/0002], [lateral-edge: 0.7590, lateral-2: 1.1148, lateral-3: 1.1511, lateral-4: 1.2010, lateral-5: 1.3230, epsilon: 394.5139]
2025-11-09 00:46:54.975991 Epoch [079/100], Step [0002/0002], [lateral-edge: 0.7594, lateral-2: 1.1159, lateral-3: 1.1552, lateral-4: 1.2147, lateral-5: 1.3293, epsilon: 398.6931]
[Saving Snapshot:] ./Snapshots/save_weights/Inf-Net_DP/batch_48/run_2/epsilon_200/psac/Inf-Net-80.pth
[Privacy Budget]: ε = 398.69 (δ = 1e-05)
2025-11-09 00:47:11.018446 Epoch [080/100], Step [0002/0002], [lateral-edge: 0.7595, lateral-2: 1.1255, lateral-3: 1.1592, lateral-4: 1.2114, lateral-5: 1.3253, epsilon: 402.8671]
2025-11-09 00:47:20.115674 Epoch [081/100], Step [0002/0002], [lateral-edge: 0.7587, lateral-2: 1.1208, lateral-3: 1.1602, lateral-4: 1.2168, lateral-5: 1.3372, epsilon: 407.0361]
2025-11-09 00:47:29.321737 Epoch [082/100], Step [0002/0002], [lateral-edge: 0.7588, lateral-2: 1.1144, lateral-3: 1.1563, lateral-4: 1.2075, lateral-5: 1.3298, epsilon: 411.2000]
2025-11-09 00:47:38.391136 Epoch [083/100], Step [0002/0002], [lateral-edge: 0.7599, lateral-2: 1.1052, lateral-3: 1.1386, lateral-4: 1.1925, lateral-5: 1.3131, epsilon: 415.3590]
2025-11-09 00:47:46.657270 Epoch [084/100], Step [0002/0002], [lateral-edge: 0.7581, lateral-2: 1.1186, lateral-3: 1.1494, lateral-4: 1.2034, lateral-5: 1.3285, epsilon: 419.5133]
2025-11-09 00:47:54.722608 Epoch [085/100], Step [0002/0002], [lateral-edge: 0.7587, lateral-2: 1.1418, lateral-3: 1.1784, lateral-4: 1.2246, lateral-5: 1.3409, epsilon: 423.6627]
2025-11-09 00:48:04.460845 Epoch [086/100], Step [0002/0002], [lateral-edge: 0.7586, lateral-2: 1.1284, lateral-3: 1.1653, lateral-4: 1.2121, lateral-5: 1.3268, epsilon: 427.8076]
2025-11-09 00:48:13.665706 Epoch [087/100], Step [0002/0002], [lateral-edge: 0.7596, lateral-2: 1.1184, lateral-3: 1.1521, lateral-4: 1.2042, lateral-5: 1.3251, epsilon: 431.9478]
2025-11-09 00:48:22.585291 Epoch [088/100], Step [0002/0002], [lateral-edge: 0.7593, lateral-2: 1.1238, lateral-3: 1.1621, lateral-4: 1.2152, lateral-5: 1.3360, epsilon: 436.0836]
2025-11-09 00:48:31.690085 Epoch [089/100], Step [0002/0002], [lateral-edge: 0.7585, lateral-2: 1.1255, lateral-3: 1.1547, lateral-4: 1.2062, lateral-5: 1.3248, epsilon: 440.2150]
[Saving Snapshot:] ./Snapshots/save_weights/Inf-Net_DP/batch_48/run_2/epsilon_200/psac/Inf-Net-90.pth
[Privacy Budget]: ε = 440.21 (δ = 1e-05)
2025-11-09 00:48:45.158205 Epoch [090/100], Step [0002/0002], [lateral-edge: 0.7582, lateral-2: 1.1374, lateral-3: 1.1713, lateral-4: 1.2216, lateral-5: 1.3396, epsilon: 444.3420]
2025-11-09 00:48:55.716663 Epoch [091/100], Step [0002/0002], [lateral-edge: 0.7595, lateral-2: 1.1261, lateral-3: 1.1581, lateral-4: 1.2124, lateral-5: 1.3294, epsilon: 448.4648]
2025-11-09 00:49:05.173745 Epoch [092/100], Step [0002/0002], [lateral-edge: 0.7598, lateral-2: 1.1149, lateral-3: 1.1520, lateral-4: 1.2078, lateral-5: 1.3184, epsilon: 452.5833]
2025-11-09 00:49:12.728310 Epoch [093/100], Step [0002/0002], [lateral-edge: 0.7594, lateral-2: 1.1405, lateral-3: 1.1730, lateral-4: 1.2216, lateral-5: 1.3335, epsilon: 456.6978]
2025-11-09 00:49:26.320200 Epoch [094/100], Step [0002/0002], [lateral-edge: 0.7606, lateral-2: 1.0880, lateral-3: 1.1288, lateral-4: 1.1925, lateral-5: 1.3175, epsilon: 460.8081]
2025-11-09 00:49:33.110120 Epoch [095/100], Step [0002/0002], [lateral-edge: 0.7592, lateral-2: 1.1124, lateral-3: 1.1430, lateral-4: 1.2003, lateral-5: 1.3223, epsilon: 464.9145]
2025-11-09 00:49:39.827687 Epoch [096/100], Step [0002/0002], [lateral-edge: 0.7582, lateral-2: 1.1110, lateral-3: 1.1553, lateral-4: 1.2162, lateral-5: 1.3379, epsilon: 469.0170]
2025-11-09 00:49:55.019407 Epoch [097/100], Step [0002/0002], [lateral-edge: 0.7589, lateral-2: 1.1086, lateral-3: 1.1458, lateral-4: 1.2005, lateral-5: 1.3187, epsilon: 473.1155]
2025-11-09 00:50:05.034245 Epoch [098/100], Step [0002/0002], [lateral-edge: 0.7589, lateral-2: 1.1417, lateral-3: 1.1775, lateral-4: 1.2236, lateral-5: 1.3385, epsilon: 477.2103]
2025-11-09 00:50:19.571247 Epoch [099/100], Step [0002/0002], [lateral-edge: 0.7591, lateral-2: 1.1138, lateral-3: 1.1522, lateral-4: 1.2074, lateral-5: 1.3271, epsilon: 481.3013]
[Saving Snapshot:] ./Snapshots/save_weights/Inf-Net_DP/batch_48/run_2/epsilon_200/psac/Inf-Net-100.pth
[Privacy Budget]: ε = 481.30 (δ = 1e-05)
2025-11-09 00:50:40.363409 Epoch [100/100], Step [0002/0002], [lateral-edge: 0.7599, lateral-2: 1.1086, lateral-3: 1.1478, lateral-4: 1.2012, lateral-5: 1.3160, epsilon: 485.3886]
Training completed at Sun Nov  9 00:50:42 CET 2025
