Model loading: UNet with GroupNorm
Model is compatible with differential privacy
Not loading weights from weights file
###################################################################### 
Start Training (UNet-DP)
Network: UNet
Batch Size: 24
DP Enabled (ε=8.0, δ=1e-05, clipping=automatic)
Morphology: both
Architecture: GroupNorm (with DP)
Save Path: ./Snapshots/save_weights/UNet_DP_Morph/both/batch_24/run_2/epsilon_8/automatic
Run: 2
Namespace(network='UNet', epoch=100, lr=0.0001, batchsize=24, trainsize=352, clip=0.5, decay_rate=0.1, decay_epoch=50, is_thop=False, gpu_device=0, num_workers=8, net_channel=32, init_features=32, n_classes=1, in_channels=3, backbone='Res2Net50', deep_supervision=False, train_path='./Dataset/TrainingSet/LungInfection-Train/Doctor-label', is_semi=False, is_pseudo=False, train_save=None, run=2, enable_privacy=True, epsilon=8.0, max_grad_norm=1.2, delta=1e-05, clipping_strategy='automatic', enable_morphology=True, morph_operation='both', morph_kernel_size=3, device='cuda')
 ######################################################################
2025-11-09 01:05:06.433360 Epoch [001/100], Step [0003/0003], Loss: 1.5136, ε: 0.7150
2025-11-09 01:05:08.043260 Epoch [002/100], Step [0003/0003], Loss: 1.5266, ε: 0.9882
2025-11-09 01:05:09.610844 Epoch [003/100], Step [0003/0003], Loss: 1.5224, ε: 1.2032
2025-11-09 01:05:11.218246 Epoch [004/100], Step [0003/0003], Loss: 1.5144, ε: 1.3879
2025-11-09 01:05:13.156599 Epoch [005/100], Step [0003/0003], Loss: 1.5191, ε: 1.5530
2025-11-09 01:05:14.819127 Epoch [006/100], Step [0003/0003], Loss: 1.5059, ε: 1.7041
2025-11-09 01:05:16.459673 Epoch [007/100], Step [0003/0003], Loss: 1.5129, ε: 1.8446
2025-11-09 01:05:18.241284 Epoch [008/100], Step [0003/0003], Loss: 1.5009, ε: 1.9766
2025-11-09 01:05:20.134179 Epoch [009/100], Step [0003/0003], Loss: 1.5064, ε: 2.1017
[Saving Snapshot:] ./Snapshots/save_weights/UNet_DP_Morph/both/batch_24/run_2/epsilon_8/automatic/UNet-10.pth
[Privacy Budget]: ε = 2.10 (δ = 1e-05)
2025-11-09 01:05:22.305094 Epoch [010/100], Step [0003/0003], Loss: 1.4982, ε: 2.2209
2025-11-09 01:05:24.099902 Epoch [011/100], Step [0003/0003], Loss: 1.5153, ε: 2.3352
2025-11-09 01:05:25.739080 Epoch [012/100], Step [0003/0003], Loss: 1.4781, ε: 2.4452
2025-11-09 01:05:27.482393 Epoch [013/100], Step [0003/0003], Loss: 1.4886, ε: 2.5514
2025-11-09 01:05:29.167845 Epoch [014/100], Step [0003/0003], Loss: 1.4931, ε: 2.6542
2025-11-09 01:05:31.080227 Epoch [015/100], Step [0003/0003], Loss: 1.4869, ε: 2.7540
2025-11-09 01:05:32.765340 Epoch [016/100], Step [0003/0003], Loss: 1.4751, ε: 2.8510
2025-11-09 01:05:34.462097 Epoch [017/100], Step [0003/0003], Loss: 1.4826, ε: 2.9456
2025-11-09 01:05:36.239226 Epoch [018/100], Step [0003/0003], Loss: 1.4900, ε: 3.0379
2025-11-09 01:05:37.911498 Epoch [019/100], Step [0003/0003], Loss: 1.4957, ε: 3.1281
[Saving Snapshot:] ./Snapshots/save_weights/UNet_DP_Morph/both/batch_24/run_2/epsilon_8/automatic/UNet-20.pth
[Privacy Budget]: ε = 3.13 (δ = 1e-05)
2025-11-09 01:05:40.067944 Epoch [020/100], Step [0003/0003], Loss: 1.4729, ε: 3.2164
2025-11-09 01:05:41.846988 Epoch [021/100], Step [0003/0003], Loss: 1.4737, ε: 3.3029
2025-11-09 01:05:43.526854 Epoch [022/100], Step [0003/0003], Loss: 1.4892, ε: 3.3878
2025-11-09 01:05:45.200038 Epoch [023/100], Step [0003/0003], Loss: 1.4626, ε: 3.4711
2025-11-09 01:05:46.847283 Epoch [024/100], Step [0003/0003], Loss: 1.4774, ε: 3.5529
2025-11-09 01:05:48.427893 Epoch [025/100], Step [0003/0003], Loss: 1.4687, ε: 3.6334
2025-11-09 01:05:50.201845 Epoch [026/100], Step [0003/0003], Loss: 1.4632, ε: 3.7126
2025-11-09 01:05:51.812791 Epoch [027/100], Step [0003/0003], Loss: 1.4638, ε: 3.7905
2025-11-09 01:05:53.468219 Epoch [028/100], Step [0003/0003], Loss: 1.4554, ε: 3.8674
2025-11-09 01:05:55.190222 Epoch [029/100], Step [0003/0003], Loss: 1.4394, ε: 3.9431
[Saving Snapshot:] ./Snapshots/save_weights/UNet_DP_Morph/both/batch_24/run_2/epsilon_8/automatic/UNet-30.pth
[Privacy Budget]: ε = 3.94 (δ = 1e-05)
2025-11-09 01:05:57.171256 Epoch [030/100], Step [0003/0003], Loss: 1.4708, ε: 4.0179
2025-11-09 01:05:58.828811 Epoch [031/100], Step [0003/0003], Loss: 1.4481, ε: 4.0916
2025-11-09 01:06:00.524491 Epoch [032/100], Step [0003/0003], Loss: 1.4580, ε: 4.1644
2025-11-09 01:06:02.250458 Epoch [033/100], Step [0003/0003], Loss: 1.4556, ε: 4.2363
2025-11-09 01:06:04.015578 Epoch [034/100], Step [0003/0003], Loss: 1.4373, ε: 4.3074
2025-11-09 01:06:05.799480 Epoch [035/100], Step [0003/0003], Loss: 1.4527, ε: 4.3776
2025-11-09 01:06:07.612417 Epoch [036/100], Step [0003/0003], Loss: 1.4456, ε: 4.4471
2025-11-09 01:06:09.246886 Epoch [037/100], Step [0003/0003], Loss: 1.4331, ε: 4.5158
2025-11-09 01:06:10.989760 Epoch [038/100], Step [0003/0003], Loss: 1.4549, ε: 4.5838
2025-11-09 01:06:12.730372 Epoch [039/100], Step [0003/0003], Loss: 1.4322, ε: 4.6511
[Saving Snapshot:] ./Snapshots/save_weights/UNet_DP_Morph/both/batch_24/run_2/epsilon_8/automatic/UNet-40.pth
[Privacy Budget]: ε = 4.65 (δ = 1e-05)
2025-11-09 01:06:14.863789 Epoch [040/100], Step [0003/0003], Loss: 1.4327, ε: 4.7177
2025-11-09 01:06:16.639635 Epoch [041/100], Step [0003/0003], Loss: 1.4345, ε: 4.7837
2025-11-09 01:06:18.498079 Epoch [042/100], Step [0003/0003], Loss: 1.4336, ε: 4.8491
2025-11-09 01:06:20.235072 Epoch [043/100], Step [0003/0003], Loss: 1.4308, ε: 4.9139
2025-11-09 01:06:21.908125 Epoch [044/100], Step [0003/0003], Loss: 1.4216, ε: 4.9781
2025-11-09 01:06:23.650195 Epoch [045/100], Step [0003/0003], Loss: 1.4167, ε: 5.0418
2025-11-09 01:06:25.289855 Epoch [046/100], Step [0003/0003], Loss: 1.4243, ε: 5.1049
2025-11-09 01:06:27.480691 Epoch [047/100], Step [0003/0003], Loss: 1.4149, ε: 5.1675
2025-11-09 01:06:29.023727 Epoch [048/100], Step [0003/0003], Loss: 1.4263, ε: 5.2296
2025-11-09 01:06:30.873255 Epoch [049/100], Step [0003/0003], Loss: 1.4145, ε: 5.2912
[Saving Snapshot:] ./Snapshots/save_weights/UNet_DP_Morph/both/batch_24/run_2/epsilon_8/automatic/UNet-50.pth
[Privacy Budget]: ε = 5.29 (δ = 1e-05)
2025-11-09 01:06:33.097843 Epoch [050/100], Step [0003/0003], Loss: 1.4063, ε: 5.3523
2025-11-09 01:06:34.791399 Epoch [051/100], Step [0003/0003], Loss: 1.4084, ε: 5.4129
2025-11-09 01:06:36.541954 Epoch [052/100], Step [0003/0003], Loss: 1.4205, ε: 5.4732
2025-11-09 01:06:38.274359 Epoch [053/100], Step [0003/0003], Loss: 1.4133, ε: 5.5329
2025-11-09 01:06:40.073681 Epoch [054/100], Step [0003/0003], Loss: 1.4153, ε: 5.5923
2025-11-09 01:06:41.697099 Epoch [055/100], Step [0003/0003], Loss: 1.4250, ε: 5.6512
2025-11-09 01:06:43.421519 Epoch [056/100], Step [0003/0003], Loss: 1.4094, ε: 5.7098
2025-11-09 01:06:45.321325 Epoch [057/100], Step [0003/0003], Loss: 1.4206, ε: 5.7679
2025-11-09 01:06:46.995354 Epoch [058/100], Step [0003/0003], Loss: 1.4195, ε: 5.8257
2025-11-09 01:06:48.758006 Epoch [059/100], Step [0003/0003], Loss: 1.4191, ε: 5.8831
[Saving Snapshot:] ./Snapshots/save_weights/UNet_DP_Morph/both/batch_24/run_2/epsilon_8/automatic/UNet-60.pth
[Privacy Budget]: ε = 5.88 (δ = 1e-05)
2025-11-09 01:06:50.917815 Epoch [060/100], Step [0003/0003], Loss: 1.4250, ε: 5.9401
2025-11-09 01:06:52.515663 Epoch [061/100], Step [0003/0003], Loss: 1.4096, ε: 5.9968
2025-11-09 01:06:54.099838 Epoch [062/100], Step [0003/0003], Loss: 1.4130, ε: 6.0532
2025-11-09 01:06:55.976128 Epoch [063/100], Step [0003/0003], Loss: 1.4128, ε: 6.1092
2025-11-09 01:06:57.677859 Epoch [064/100], Step [0003/0003], Loss: 1.4223, ε: 6.1649
2025-11-09 01:06:59.359287 Epoch [065/100], Step [0003/0003], Loss: 1.4353, ε: 6.2202
2025-11-09 01:07:01.269166 Epoch [066/100], Step [0003/0003], Loss: 1.4215, ε: 6.2753
2025-11-09 01:07:03.001600 Epoch [067/100], Step [0003/0003], Loss: 1.4148, ε: 6.3300
2025-11-09 01:07:04.984112 Epoch [068/100], Step [0003/0003], Loss: 1.4200, ε: 6.3845
2025-11-09 01:07:06.865281 Epoch [069/100], Step [0003/0003], Loss: 1.4114, ε: 6.4386
[Saving Snapshot:] ./Snapshots/save_weights/UNet_DP_Morph/both/batch_24/run_2/epsilon_8/automatic/UNet-70.pth
[Privacy Budget]: ε = 6.44 (δ = 1e-05)
2025-11-09 01:07:09.047341 Epoch [070/100], Step [0003/0003], Loss: 1.4125, ε: 6.4925
2025-11-09 01:07:10.844618 Epoch [071/100], Step [0003/0003], Loss: 1.4119, ε: 6.5461
2025-11-09 01:07:12.457458 Epoch [072/100], Step [0003/0003], Loss: 1.4110, ε: 6.5994
2025-11-09 01:07:14.189022 Epoch [073/100], Step [0003/0003], Loss: 1.4071, ε: 6.6524
2025-11-09 01:07:15.908031 Epoch [074/100], Step [0003/0003], Loss: 1.4192, ε: 6.7052
2025-11-09 01:07:17.777954 Epoch [075/100], Step [0003/0003], Loss: 1.4045, ε: 6.7577
2025-11-09 01:07:19.440433 Epoch [076/100], Step [0003/0003], Loss: 1.4115, ε: 6.8100
2025-11-09 01:07:21.160002 Epoch [077/100], Step [0003/0003], Loss: 1.4176, ε: 6.8620
2025-11-09 01:07:22.983223 Epoch [078/100], Step [0003/0003], Loss: 1.4151, ε: 6.9138
2025-11-09 01:07:24.680681 Epoch [079/100], Step [0003/0003], Loss: 1.4309, ε: 6.9653
[Saving Snapshot:] ./Snapshots/save_weights/UNet_DP_Morph/both/batch_24/run_2/epsilon_8/automatic/UNet-80.pth
[Privacy Budget]: ε = 6.97 (δ = 1e-05)
2025-11-09 01:07:26.836320 Epoch [080/100], Step [0003/0003], Loss: 1.4087, ε: 7.0166
2025-11-09 01:07:28.703529 Epoch [081/100], Step [0003/0003], Loss: 1.4077, ε: 7.0677
2025-11-09 01:07:30.485536 Epoch [082/100], Step [0003/0003], Loss: 1.4208, ε: 7.1186
2025-11-09 01:07:32.281225 Epoch [083/100], Step [0003/0003], Loss: 1.4231, ε: 7.1692
2025-11-09 01:07:33.964283 Epoch [084/100], Step [0003/0003], Loss: 1.4207, ε: 7.2196
2025-11-09 01:07:35.852937 Epoch [085/100], Step [0003/0003], Loss: 1.4165, ε: 7.2698
2025-11-09 01:07:37.534851 Epoch [086/100], Step [0003/0003], Loss: 1.4227, ε: 7.3198
2025-11-09 01:07:39.291632 Epoch [087/100], Step [0003/0003], Loss: 1.4075, ε: 7.3695
2025-11-09 01:07:41.053547 Epoch [088/100], Step [0003/0003], Loss: 1.4217, ε: 7.4191
2025-11-09 01:07:42.789352 Epoch [089/100], Step [0003/0003], Loss: 1.4256, ε: 7.4685
[Saving Snapshot:] ./Snapshots/save_weights/UNet_DP_Morph/both/batch_24/run_2/epsilon_8/automatic/UNet-90.pth
[Privacy Budget]: ε = 7.47 (δ = 1e-05)
2025-11-09 01:07:44.951050 Epoch [090/100], Step [0003/0003], Loss: 1.4050, ε: 7.5177
2025-11-09 01:07:46.648823 Epoch [091/100], Step [0003/0003], Loss: 1.4227, ε: 7.5666
2025-11-09 01:07:48.551767 Epoch [092/100], Step [0003/0003], Loss: 1.4079, ε: 7.6154
2025-11-09 01:07:50.199766 Epoch [093/100], Step [0003/0003], Loss: 1.4206, ε: 7.6640
2025-11-09 01:07:51.877925 Epoch [094/100], Step [0003/0003], Loss: 1.4272, ε: 7.7125
2025-11-09 01:07:53.667814 Epoch [095/100], Step [0003/0003], Loss: 1.4165, ε: 7.7607
2025-11-09 01:07:55.391654 Epoch [096/100], Step [0003/0003], Loss: 1.4240, ε: 7.8088
2025-11-09 01:07:57.119285 Epoch [097/100], Step [0003/0003], Loss: 1.4352, ε: 7.8566
2025-11-09 01:07:58.946370 Epoch [098/100], Step [0003/0003], Loss: 1.4190, ε: 7.9043
2025-11-09 01:08:00.646680 Epoch [099/100], Step [0003/0003], Loss: 1.4075, ε: 7.9519
[Saving Snapshot:] ./Snapshots/save_weights/UNet_DP_Morph/both/batch_24/run_2/epsilon_8/automatic/UNet-100.pth
[Privacy Budget]: ε = 7.95 (δ = 1e-05)
2025-11-09 01:08:02.930917 Epoch [100/100], Step [0003/0003], Loss: 1.4145, ε: 7.9993
Training completed at Sun Nov  9 01:08:04 CET 2025
