Backbone loading: Res2Net50
Freezing unused branches for DP compatibility...
Trainable: 31,072,721 / 33,121,721 parameters
Not loading weights from weights file
Validator raised issues with model. Attempting auto-fix...
Original error: UnsupportedModuleError
Model successfully fixed for differential privacy
###################################################################### 
Start Training (Inf-Net-Res2Net50)
Backbone: Res2Net50
Batch Size: 72
Privacy: DP Enabled (ε budget, δ=1e-05)
Morphology: close
Save Path: ./Snapshots/save_weights/Inf-Net_DP_Morph/close/batch_72/run_3/noise_multiplier_0.7
Run: 3
Namespace(epoch=70, lr=0.0001, batchsize=72, trainsize=352, clip=0.5, decay_rate=0.1, decay_epoch=50, is_thop=False, gpu_device=0, num_workers=4, net_channel=32, n_classes=1, backbone='Res2Net50', train_path='./Dataset/TrainingSet/LungInfection-Train/Doctor-label', is_semi=False, is_pseudo=False, train_save=None, run=3, enable_privacy=True, noise_multiplier=0.7, max_grad_norm=1.2, delta=1e-05, enable_morphology=True, morph_operation='close', morph_kernel_size=3, device='cuda')
 ######################################################################
2025-10-27 00:51:47.345225 Epoch [001/070], Step [0001/0001], [lateral-edge: 0.7909, lateral-2: 1.5815, lateral-3: 1.6055, lateral-4: 1.5171, lateral-5: 1.5092, epsilon: 13.0463]
2025-10-27 00:51:50.038475 Epoch [002/070], Step [0001/0001], [lateral-edge: 0.7901, lateral-2: 1.5412, lateral-3: 1.5575, lateral-4: 1.4983, lateral-5: 1.5074, epsilon: 20.4062]
2025-10-27 00:51:52.746314 Epoch [003/070], Step [0001/0001], [lateral-edge: 0.7892, lateral-2: 1.5236, lateral-3: 1.5240, lateral-4: 1.4846, lateral-5: 1.5052, epsilon: 26.7813]
2025-10-27 00:51:55.667241 Epoch [004/070], Step [0001/0001], [lateral-edge: 0.7883, lateral-2: 1.5122, lateral-3: 1.5067, lateral-4: 1.4724, lateral-5: 1.5028, epsilon: 32.6429]
2025-10-27 00:51:58.438951 Epoch [005/070], Step [0001/0001], [lateral-edge: 0.7873, lateral-2: 1.4976, lateral-3: 1.4956, lateral-4: 1.4609, lateral-5: 1.5004, epsilon: 38.1752]
2025-10-27 00:52:01.165728 Epoch [006/070], Step [0001/0001], [lateral-edge: 0.7865, lateral-2: 1.4820, lateral-3: 1.4877, lateral-4: 1.4528, lateral-5: 1.4981, epsilon: 43.4728]
2025-10-27 00:52:03.940138 Epoch [007/070], Step [0001/0001], [lateral-edge: 0.7856, lateral-2: 1.4687, lateral-3: 1.4802, lateral-4: 1.4475, lateral-5: 1.4957, epsilon: 48.5922]
2025-10-27 00:52:06.788640 Epoch [008/070], Step [0001/0001], [lateral-edge: 0.7848, lateral-2: 1.4577, lateral-3: 1.4715, lateral-4: 1.4421, lateral-5: 1.4933, epsilon: 53.5703]
2025-10-27 00:52:09.541906 Epoch [009/070], Step [0001/0001], [lateral-edge: 0.7839, lateral-2: 1.4484, lateral-3: 1.4613, lateral-4: 1.4357, lateral-5: 1.4909, epsilon: 58.4329]
[Saving Snapshot:] ./Snapshots/save_weights/Inf-Net_DP_Morph/close/batch_72/run_3/noise_multiplier_0.7/Inf-Net-10.pth
[Privacy Budget]: ε = 58.43 (δ = 1e-05)
2025-10-27 00:52:12.774535 Epoch [010/070], Step [0001/0001], [lateral-edge: 0.7828, lateral-2: 1.4405, lateral-3: 1.4520, lateral-4: 1.4287, lateral-5: 1.4885, epsilon: 63.1985]
2025-10-27 00:52:15.582646 Epoch [011/070], Step [0001/0001], [lateral-edge: 0.7818, lateral-2: 1.4328, lateral-3: 1.4436, lateral-4: 1.4219, lateral-5: 1.4860, epsilon: 67.8815]
2025-10-27 00:52:18.422337 Epoch [012/070], Step [0001/0001], [lateral-edge: 0.7807, lateral-2: 1.4251, lateral-3: 1.4361, lateral-4: 1.4161, lateral-5: 1.4835, epsilon: 72.4927]
2025-10-27 00:52:21.368337 Epoch [013/070], Step [0001/0001], [lateral-edge: 0.7796, lateral-2: 1.4171, lateral-3: 1.4293, lateral-4: 1.4109, lateral-5: 1.4809, epsilon: 77.0409]
2025-10-27 00:52:24.222970 Epoch [014/070], Step [0001/0001], [lateral-edge: 0.7784, lateral-2: 1.4088, lateral-3: 1.4225, lateral-4: 1.4061, lateral-5: 1.4782, epsilon: 81.5333]
2025-10-27 00:52:27.090645 Epoch [015/070], Step [0001/0001], [lateral-edge: 0.7773, lateral-2: 1.4009, lateral-3: 1.4161, lateral-4: 1.4011, lateral-5: 1.4755, epsilon: 85.9757]
2025-10-27 00:52:29.846861 Epoch [016/070], Step [0001/0001], [lateral-edge: 0.7762, lateral-2: 1.3937, lateral-3: 1.4099, lateral-4: 1.3958, lateral-5: 1.4726, epsilon: 90.3730]
2025-10-27 00:52:32.826489 Epoch [017/070], Step [0001/0001], [lateral-edge: 0.7751, lateral-2: 1.3869, lateral-3: 1.4035, lateral-4: 1.3906, lateral-5: 1.4697, epsilon: 94.7294]
2025-10-27 00:52:35.899218 Epoch [018/070], Step [0001/0001], [lateral-edge: 0.7741, lateral-2: 1.3801, lateral-3: 1.3971, lateral-4: 1.3854, lateral-5: 1.4667, epsilon: 99.0484]
2025-10-27 00:52:38.697018 Epoch [019/070], Step [0001/0001], [lateral-edge: 0.7731, lateral-2: 1.3737, lateral-3: 1.3909, lateral-4: 1.3803, lateral-5: 1.4637, epsilon: 103.3331]
[Saving Snapshot:] ./Snapshots/save_weights/Inf-Net_DP_Morph/close/batch_72/run_3/noise_multiplier_0.7/Inf-Net-20.pth
[Privacy Budget]: ε = 103.33 (δ = 1e-05)
2025-10-27 00:52:42.069178 Epoch [020/070], Step [0001/0001], [lateral-edge: 0.7723, lateral-2: 1.3674, lateral-3: 1.3846, lateral-4: 1.3752, lateral-5: 1.4607, epsilon: 107.5861]
2025-10-27 00:52:45.087393 Epoch [021/070], Step [0001/0001], [lateral-edge: 0.7714, lateral-2: 1.3607, lateral-3: 1.3783, lateral-4: 1.3706, lateral-5: 1.4577, epsilon: 111.8098]
2025-10-27 00:52:48.115790 Epoch [022/070], Step [0001/0001], [lateral-edge: 0.7706, lateral-2: 1.3539, lateral-3: 1.3724, lateral-4: 1.3661, lateral-5: 1.4546, epsilon: 116.0063]
2025-10-27 00:52:51.164599 Epoch [023/070], Step [0001/0001], [lateral-edge: 0.7698, lateral-2: 1.3472, lateral-3: 1.3666, lateral-4: 1.3616, lateral-5: 1.4514, epsilon: 120.1773]
2025-10-27 00:52:54.258612 Epoch [024/070], Step [0001/0001], [lateral-edge: 0.7690, lateral-2: 1.3408, lateral-3: 1.3607, lateral-4: 1.3569, lateral-5: 1.4483, epsilon: 124.3245]
2025-10-27 00:52:57.393019 Epoch [025/070], Step [0001/0001], [lateral-edge: 0.7684, lateral-2: 1.3348, lateral-3: 1.3549, lateral-4: 1.3523, lateral-5: 1.4454, epsilon: 128.4495]
2025-10-27 00:53:00.279663 Epoch [026/070], Step [0001/0001], [lateral-edge: 0.7677, lateral-2: 1.3290, lateral-3: 1.3489, lateral-4: 1.3475, lateral-5: 1.4425, epsilon: 132.5534]
2025-10-27 00:53:03.624110 Epoch [027/070], Step [0001/0001], [lateral-edge: 0.7672, lateral-2: 1.3230, lateral-3: 1.3429, lateral-4: 1.3431, lateral-5: 1.4397, epsilon: 136.6376]
2025-10-27 00:53:06.819319 Epoch [028/070], Step [0001/0001], [lateral-edge: 0.7667, lateral-2: 1.3170, lateral-3: 1.3372, lateral-4: 1.3386, lateral-5: 1.4368, epsilon: 140.7030]
2025-10-27 00:53:10.095832 Epoch [029/070], Step [0001/0001], [lateral-edge: 0.7662, lateral-2: 1.3110, lateral-3: 1.3316, lateral-4: 1.3344, lateral-5: 1.4339, epsilon: 144.7507]
[Saving Snapshot:] ./Snapshots/save_weights/Inf-Net_DP_Morph/close/batch_72/run_3/noise_multiplier_0.7/Inf-Net-30.pth
[Privacy Budget]: ε = 144.75 (δ = 1e-05)
2025-10-27 00:53:14.139558 Epoch [030/070], Step [0001/0001], [lateral-edge: 0.7657, lateral-2: 1.3049, lateral-3: 1.3263, lateral-4: 1.3303, lateral-5: 1.4310, epsilon: 148.7816]
2025-10-27 00:53:17.471854 Epoch [031/070], Step [0001/0001], [lateral-edge: 0.7652, lateral-2: 1.2986, lateral-3: 1.3213, lateral-4: 1.3262, lateral-5: 1.4280, epsilon: 152.7965]
2025-10-27 00:53:20.945508 Epoch [032/070], Step [0001/0001], [lateral-edge: 0.7648, lateral-2: 1.2927, lateral-3: 1.3161, lateral-4: 1.3222, lateral-5: 1.4250, epsilon: 156.7963]
2025-10-27 00:53:24.304010 Epoch [033/070], Step [0001/0001], [lateral-edge: 0.7644, lateral-2: 1.2872, lateral-3: 1.3108, lateral-4: 1.3182, lateral-5: 1.4220, epsilon: 160.7815]
2025-10-27 00:53:27.436074 Epoch [034/070], Step [0001/0001], [lateral-edge: 0.7639, lateral-2: 1.2815, lateral-3: 1.3060, lateral-4: 1.3141, lateral-5: 1.4189, epsilon: 164.7528]
2025-10-27 00:53:30.507611 Epoch [035/070], Step [0001/0001], [lateral-edge: 0.7635, lateral-2: 1.2756, lateral-3: 1.3016, lateral-4: 1.3099, lateral-5: 1.4158, epsilon: 168.7109]
2025-10-27 00:53:34.136411 Epoch [036/070], Step [0001/0001], [lateral-edge: 0.7630, lateral-2: 1.2699, lateral-3: 1.2970, lateral-4: 1.3057, lateral-5: 1.4128, epsilon: 172.6563]
2025-10-27 00:53:37.190933 Epoch [037/070], Step [0001/0001], [lateral-edge: 0.7627, lateral-2: 1.2644, lateral-3: 1.2922, lateral-4: 1.3019, lateral-5: 1.4099, epsilon: 176.5895]
2025-10-27 00:53:40.766769 Epoch [038/070], Step [0001/0001], [lateral-edge: 0.7623, lateral-2: 1.2591, lateral-3: 1.2875, lateral-4: 1.2986, lateral-5: 1.4069, epsilon: 180.5111]
2025-10-27 00:53:44.401472 Epoch [039/070], Step [0001/0001], [lateral-edge: 0.7619, lateral-2: 1.2541, lateral-3: 1.2822, lateral-4: 1.2952, lateral-5: 1.4038, epsilon: 184.4215]
[Saving Snapshot:] ./Snapshots/save_weights/Inf-Net_DP_Morph/close/batch_72/run_3/noise_multiplier_0.7/Inf-Net-40.pth
[Privacy Budget]: ε = 184.42 (δ = 1e-05)
2025-10-27 00:53:48.557295 Epoch [040/070], Step [0001/0001], [lateral-edge: 0.7616, lateral-2: 1.2491, lateral-3: 1.2773, lateral-4: 1.2913, lateral-5: 1.4007, epsilon: 188.3210]
2025-10-27 00:53:52.364039 Epoch [041/070], Step [0001/0001], [lateral-edge: 0.7613, lateral-2: 1.2441, lateral-3: 1.2725, lateral-4: 1.2876, lateral-5: 1.3976, epsilon: 192.2102]
2025-10-27 00:53:56.075995 Epoch [042/070], Step [0001/0001], [lateral-edge: 0.7610, lateral-2: 1.2390, lateral-3: 1.2679, lateral-4: 1.2842, lateral-5: 1.3946, epsilon: 196.0894]
2025-10-27 00:53:59.768581 Epoch [043/070], Step [0001/0001], [lateral-edge: 0.7607, lateral-2: 1.2342, lateral-3: 1.2632, lateral-4: 1.2809, lateral-5: 1.3916, epsilon: 199.9589]
2025-10-27 00:54:03.217234 Epoch [044/070], Step [0001/0001], [lateral-edge: 0.7603, lateral-2: 1.2296, lateral-3: 1.2583, lateral-4: 1.2775, lateral-5: 1.3887, epsilon: 203.8190]
2025-10-27 00:54:06.986722 Epoch [045/070], Step [0001/0001], [lateral-edge: 0.7599, lateral-2: 1.2248, lateral-3: 1.2538, lateral-4: 1.2742, lateral-5: 1.3860, epsilon: 207.6702]
2025-10-27 00:54:10.923597 Epoch [046/070], Step [0001/0001], [lateral-edge: 0.7596, lateral-2: 1.2199, lateral-3: 1.2494, lateral-4: 1.2708, lateral-5: 1.3834, epsilon: 211.5127]
2025-10-27 00:54:14.839022 Epoch [047/070], Step [0001/0001], [lateral-edge: 0.7594, lateral-2: 1.2149, lateral-3: 1.2455, lateral-4: 1.2675, lateral-5: 1.3808, epsilon: 215.3467]
2025-10-27 00:54:18.181595 Epoch [048/070], Step [0001/0001], [lateral-edge: 0.7591, lateral-2: 1.2101, lateral-3: 1.2416, lateral-4: 1.2641, lateral-5: 1.3781, epsilon: 219.1726]
2025-10-27 00:54:22.107660 Epoch [049/070], Step [0001/0001], [lateral-edge: 0.7589, lateral-2: 1.2053, lateral-3: 1.2375, lateral-4: 1.2611, lateral-5: 1.3754, epsilon: 222.9906]
[Saving Snapshot:] ./Snapshots/save_weights/Inf-Net_DP_Morph/close/batch_72/run_3/noise_multiplier_0.7/Inf-Net-50.pth
[Privacy Budget]: ε = 222.99 (δ = 1e-05)
2025-10-27 00:54:27.436268 Epoch [050/070], Step [0001/0001], [lateral-edge: 0.7587, lateral-2: 1.2020, lateral-3: 1.2346, lateral-4: 1.2588, lateral-5: 1.3735, epsilon: 226.8009]
2025-10-27 00:54:31.523952 Epoch [051/070], Step [0001/0001], [lateral-edge: 0.7587, lateral-2: 1.2017, lateral-3: 1.2344, lateral-4: 1.2587, lateral-5: 1.3733, epsilon: 230.6037]
2025-10-27 00:54:35.592414 Epoch [052/070], Step [0001/0001], [lateral-edge: 0.7587, lateral-2: 1.2016, lateral-3: 1.2343, lateral-4: 1.2586, lateral-5: 1.3733, epsilon: 234.3994]
2025-10-27 00:54:39.114688 Epoch [053/070], Step [0001/0001], [lateral-edge: 0.7587, lateral-2: 1.2016, lateral-3: 1.2343, lateral-4: 1.2586, lateral-5: 1.3733, epsilon: 238.1880]
2025-10-27 00:54:43.250919 Epoch [054/070], Step [0001/0001], [lateral-edge: 0.7587, lateral-2: 1.2016, lateral-3: 1.2343, lateral-4: 1.2586, lateral-5: 1.3733, epsilon: 241.9698]
2025-10-27 00:54:47.320331 Epoch [055/070], Step [0001/0001], [lateral-edge: 0.7587, lateral-2: 1.2016, lateral-3: 1.2343, lateral-4: 1.2586, lateral-5: 1.3733, epsilon: 245.7450]
2025-10-27 00:54:50.784061 Epoch [056/070], Step [0001/0001], [lateral-edge: 0.7587, lateral-2: 1.2016, lateral-3: 1.2343, lateral-4: 1.2586, lateral-5: 1.3733, epsilon: 249.5137]
2025-10-27 00:54:54.510057 Epoch [057/070], Step [0001/0001], [lateral-edge: 0.7587, lateral-2: 1.2016, lateral-3: 1.2343, lateral-4: 1.2586, lateral-5: 1.3733, epsilon: 253.2762]
2025-10-27 00:54:58.653559 Epoch [058/070], Step [0001/0001], [lateral-edge: 0.7587, lateral-2: 1.2016, lateral-3: 1.2343, lateral-4: 1.2586, lateral-5: 1.3733, epsilon: 257.0325]
2025-10-27 00:55:03.101521 Epoch [059/070], Step [0001/0001], [lateral-edge: 0.7587, lateral-2: 1.2016, lateral-3: 1.2343, lateral-4: 1.2586, lateral-5: 1.3733, epsilon: 260.7829]
[Saving Snapshot:] ./Snapshots/save_weights/Inf-Net_DP_Morph/close/batch_72/run_3/noise_multiplier_0.7/Inf-Net-60.pth
[Privacy Budget]: ε = 260.78 (δ = 1e-05)
2025-10-27 00:55:09.424218 Epoch [060/070], Step [0001/0001], [lateral-edge: 0.7587, lateral-2: 1.2016, lateral-3: 1.2343, lateral-4: 1.2586, lateral-5: 1.3733, epsilon: 264.5275]
2025-10-27 00:55:13.173923 Epoch [061/070], Step [0001/0001], [lateral-edge: 0.7587, lateral-2: 1.2016, lateral-3: 1.2343, lateral-4: 1.2586, lateral-5: 1.3733, epsilon: 268.2664]
2025-10-27 00:55:17.645157 Epoch [062/070], Step [0001/0001], [lateral-edge: 0.7587, lateral-2: 1.2016, lateral-3: 1.2343, lateral-4: 1.2586, lateral-5: 1.3733, epsilon: 271.9998]
2025-10-27 00:55:22.005270 Epoch [063/070], Step [0001/0001], [lateral-edge: 0.7587, lateral-2: 1.2016, lateral-3: 1.2343, lateral-4: 1.2586, lateral-5: 1.3733, epsilon: 275.7278]
2025-10-27 00:55:26.278382 Epoch [064/070], Step [0001/0001], [lateral-edge: 0.7587, lateral-2: 1.2016, lateral-3: 1.2343, lateral-4: 1.2586, lateral-5: 1.3733, epsilon: 279.4506]
2025-10-27 00:55:30.657278 Epoch [065/070], Step [0001/0001], [lateral-edge: 0.7587, lateral-2: 1.2016, lateral-3: 1.2343, lateral-4: 1.2586, lateral-5: 1.3733, epsilon: 283.1682]
2025-10-27 00:55:35.131267 Epoch [066/070], Step [0001/0001], [lateral-edge: 0.7587, lateral-2: 1.2016, lateral-3: 1.2343, lateral-4: 1.2586, lateral-5: 1.3733, epsilon: 286.8808]
2025-10-27 00:55:39.681319 Epoch [067/070], Step [0001/0001], [lateral-edge: 0.7587, lateral-2: 1.2016, lateral-3: 1.2343, lateral-4: 1.2586, lateral-5: 1.3733, epsilon: 290.5885]
2025-10-27 00:55:44.193725 Epoch [068/070], Step [0001/0001], [lateral-edge: 0.7587, lateral-2: 1.2016, lateral-3: 1.2343, lateral-4: 1.2586, lateral-5: 1.3733, epsilon: 294.2913]
2025-10-27 00:55:48.838398 Epoch [069/070], Step [0001/0001], [lateral-edge: 0.7587, lateral-2: 1.2016, lateral-3: 1.2343, lateral-4: 1.2586, lateral-5: 1.3733, epsilon: 297.9895]
[Saving Snapshot:] ./Snapshots/save_weights/Inf-Net_DP_Morph/close/batch_72/run_3/noise_multiplier_0.7/Inf-Net-70.pth
[Privacy Budget]: ε = 297.99 (δ = 1e-05)
2025-10-27 00:55:55.309369 Epoch [070/070], Step [0001/0001], [lateral-edge: 0.7587, lateral-2: 1.2016, lateral-3: 1.2343, lateral-4: 1.2586, lateral-5: 1.3733, epsilon: 301.6831]
Training completed at Mon Oct 27 00:55:56 CET 2025
