Model loading: UNet with GroupNorm
Model is compatible with differential privacy
Not loading weights from weights file
###################################################################### 
Start Training (UNet-DP)
Network: UNet
Batch Size: 64
DP Enabled (ε=8.0, δ=1e-05, clipping=automatic)
Morphology: Disabled
Architecture: GroupNorm (with DP)
Save Path: ./Snapshots/save_weights/UNet_DP/batch_64/run_2/epsilon_8/automatic
Run: 2
Namespace(network='UNet', epoch=100, lr=0.0001, batchsize=64, trainsize=352, clip=0.5, decay_rate=0.1, decay_epoch=50, is_thop=False, gpu_device=0, num_workers=8, net_channel=32, init_features=32, n_classes=1, in_channels=3, backbone='Res2Net50', deep_supervision=False, train_path='./Dataset/TrainingSet/LungInfection-Train/Doctor-label', is_semi=False, is_pseudo=False, train_save=None, run=2, enable_privacy=True, epsilon=8.0, max_grad_norm=1.2, delta=1e-05, clipping_strategy='automatic', enable_morphology=False, morph_operation='both', morph_kernel_size=3, device='cuda')
 ######################################################################
2025-11-09 01:03:04.275282 Epoch [001/100], Step [0001/0001], Loss: 1.5935, ε: 0.6034
2025-11-09 01:03:05.453321 Epoch [002/100], Step [0001/0001], Loss: 1.5926, ε: 0.8768
2025-11-09 01:03:06.979479 Epoch [003/100], Step [0001/0001], Loss: 1.5918, ε: 1.0928
2025-11-09 01:03:08.529066 Epoch [004/100], Step [0001/0001], Loss: 1.5910, ε: 1.2787
2025-11-09 01:03:10.079104 Epoch [005/100], Step [0001/0001], Loss: 1.5903, ε: 1.4451
2025-11-09 01:03:11.634454 Epoch [006/100], Step [0001/0001], Loss: 1.5895, ε: 1.5975
2025-11-09 01:03:13.157486 Epoch [007/100], Step [0001/0001], Loss: 1.5887, ε: 1.7394
2025-11-09 01:03:14.675984 Epoch [008/100], Step [0001/0001], Loss: 1.5878, ε: 1.8728
2025-11-09 01:03:16.215012 Epoch [009/100], Step [0001/0001], Loss: 1.5870, ε: 1.9992
[Saving Snapshot:] ./Snapshots/save_weights/UNet_DP/batch_64/run_2/epsilon_8/automatic/UNet-10.pth
[Privacy Budget]: ε = 2.00 (δ = 1e-05)
2025-11-09 01:03:17.847038 Epoch [010/100], Step [0001/0001], Loss: 1.5862, ε: 2.1199
2025-11-09 01:03:19.392265 Epoch [011/100], Step [0001/0001], Loss: 1.5854, ε: 2.2355
2025-11-09 01:03:20.942929 Epoch [012/100], Step [0001/0001], Loss: 1.5846, ε: 2.3469
2025-11-09 01:03:22.475873 Epoch [013/100], Step [0001/0001], Loss: 1.5838, ε: 2.4544
2025-11-09 01:03:24.032825 Epoch [014/100], Step [0001/0001], Loss: 1.5830, ε: 2.5585
2025-11-09 01:03:25.571166 Epoch [015/100], Step [0001/0001], Loss: 1.5823, ε: 2.6596
2025-11-09 01:03:27.118224 Epoch [016/100], Step [0001/0001], Loss: 1.5815, ε: 2.7580
2025-11-09 01:03:28.629152 Epoch [017/100], Step [0001/0001], Loss: 1.5806, ε: 2.8538
2025-11-09 01:03:30.145996 Epoch [018/100], Step [0001/0001], Loss: 1.5798, ε: 2.9474
2025-11-09 01:03:31.679196 Epoch [019/100], Step [0001/0001], Loss: 1.5790, ε: 3.0389
[Saving Snapshot:] ./Snapshots/save_weights/UNet_DP/batch_64/run_2/epsilon_8/automatic/UNet-20.pth
[Privacy Budget]: ε = 3.04 (δ = 1e-05)
2025-11-09 01:03:33.294643 Epoch [020/100], Step [0001/0001], Loss: 1.5782, ε: 3.1285
2025-11-09 01:03:34.820687 Epoch [021/100], Step [0001/0001], Loss: 1.5774, ε: 3.2162
2025-11-09 01:03:36.489823 Epoch [022/100], Step [0001/0001], Loss: 1.5766, ε: 3.3023
2025-11-09 01:03:37.890991 Epoch [023/100], Step [0001/0001], Loss: 1.5758, ε: 3.3869
2025-11-09 01:03:39.462344 Epoch [024/100], Step [0001/0001], Loss: 1.5750, ε: 3.4699
2025-11-09 01:03:41.043087 Epoch [025/100], Step [0001/0001], Loss: 1.5742, ε: 3.5516
2025-11-09 01:03:42.579087 Epoch [026/100], Step [0001/0001], Loss: 1.5734, ε: 3.6320
2025-11-09 01:03:44.097956 Epoch [027/100], Step [0001/0001], Loss: 1.5726, ε: 3.7112
2025-11-09 01:03:45.635245 Epoch [028/100], Step [0001/0001], Loss: 1.5717, ε: 3.7893
2025-11-09 01:03:47.184979 Epoch [029/100], Step [0001/0001], Loss: 1.5709, ε: 3.8662
[Saving Snapshot:] ./Snapshots/save_weights/UNet_DP/batch_64/run_2/epsilon_8/automatic/UNet-30.pth
[Privacy Budget]: ε = 3.87 (δ = 1e-05)
2025-11-09 01:03:48.842195 Epoch [030/100], Step [0001/0001], Loss: 1.5701, ε: 3.9421
2025-11-09 01:03:50.364872 Epoch [031/100], Step [0001/0001], Loss: 1.5693, ε: 4.0171
2025-11-09 01:03:51.941165 Epoch [032/100], Step [0001/0001], Loss: 1.5685, ε: 4.0910
2025-11-09 01:03:53.476610 Epoch [033/100], Step [0001/0001], Loss: 1.5676, ε: 4.1641
2025-11-09 01:03:55.028271 Epoch [034/100], Step [0001/0001], Loss: 1.5668, ε: 4.2363
2025-11-09 01:03:56.584144 Epoch [035/100], Step [0001/0001], Loss: 1.5659, ε: 4.3077
2025-11-09 01:03:58.146427 Epoch [036/100], Step [0001/0001], Loss: 1.5651, ε: 4.3784
2025-11-09 01:03:59.669277 Epoch [037/100], Step [0001/0001], Loss: 1.5642, ε: 4.4482
2025-11-09 01:04:01.203688 Epoch [038/100], Step [0001/0001], Loss: 1.5634, ε: 4.5174
2025-11-09 01:04:02.779891 Epoch [039/100], Step [0001/0001], Loss: 1.5625, ε: 4.5858
[Saving Snapshot:] ./Snapshots/save_weights/UNet_DP/batch_64/run_2/epsilon_8/automatic/UNet-40.pth
[Privacy Budget]: ε = 4.59 (δ = 1e-05)
2025-11-09 01:04:04.399622 Epoch [040/100], Step [0001/0001], Loss: 1.5616, ε: 4.6536
2025-11-09 01:04:05.984382 Epoch [041/100], Step [0001/0001], Loss: 1.5608, ε: 4.7207
2025-11-09 01:04:07.500266 Epoch [042/100], Step [0001/0001], Loss: 1.5600, ε: 4.7872
2025-11-09 01:04:09.040720 Epoch [043/100], Step [0001/0001], Loss: 1.5592, ε: 4.8531
2025-11-09 01:04:10.596814 Epoch [044/100], Step [0001/0001], Loss: 1.5584, ε: 4.9184
2025-11-09 01:04:12.164407 Epoch [045/100], Step [0001/0001], Loss: 1.5576, ε: 4.9832
2025-11-09 01:04:13.677856 Epoch [046/100], Step [0001/0001], Loss: 1.5569, ε: 5.0474
2025-11-09 01:04:15.231529 Epoch [047/100], Step [0001/0001], Loss: 1.5561, ε: 5.1111
2025-11-09 01:04:16.754122 Epoch [048/100], Step [0001/0001], Loss: 1.5553, ε: 5.1743
2025-11-09 01:04:18.304194 Epoch [049/100], Step [0001/0001], Loss: 1.5546, ε: 5.2369
[Saving Snapshot:] ./Snapshots/save_weights/UNet_DP/batch_64/run_2/epsilon_8/automatic/UNet-50.pth
[Privacy Budget]: ε = 5.24 (δ = 1e-05)
2025-11-09 01:04:19.958444 Epoch [050/100], Step [0001/0001], Loss: 1.5538, ε: 5.2992
2025-11-09 01:04:21.506184 Epoch [051/100], Step [0001/0001], Loss: 1.5537, ε: 5.3609
2025-11-09 01:04:23.077324 Epoch [052/100], Step [0001/0001], Loss: 1.5537, ε: 5.4222
2025-11-09 01:04:24.630254 Epoch [053/100], Step [0001/0001], Loss: 1.5537, ε: 5.4830
2025-11-09 01:04:26.179902 Epoch [054/100], Step [0001/0001], Loss: 1.5537, ε: 5.5435
2025-11-09 01:04:27.744316 Epoch [055/100], Step [0001/0001], Loss: 1.5537, ε: 5.6035
2025-11-09 01:04:29.278929 Epoch [056/100], Step [0001/0001], Loss: 1.5537, ε: 5.6631
2025-11-09 01:04:30.812697 Epoch [057/100], Step [0001/0001], Loss: 1.5537, ε: 5.7223
2025-11-09 01:04:32.386676 Epoch [058/100], Step [0001/0001], Loss: 1.5537, ε: 5.7811
2025-11-09 01:04:33.925302 Epoch [059/100], Step [0001/0001], Loss: 1.5537, ε: 5.8396
[Saving Snapshot:] ./Snapshots/save_weights/UNet_DP/batch_64/run_2/epsilon_8/automatic/UNet-60.pth
[Privacy Budget]: ε = 5.84 (δ = 1e-05)
2025-11-09 01:04:35.643982 Epoch [060/100], Step [0001/0001], Loss: 1.5537, ε: 5.8977
2025-11-09 01:04:37.161214 Epoch [061/100], Step [0001/0001], Loss: 1.5537, ε: 5.9554
2025-11-09 01:04:38.709455 Epoch [062/100], Step [0001/0001], Loss: 1.5537, ε: 6.0128
2025-11-09 01:04:40.256708 Epoch [063/100], Step [0001/0001], Loss: 1.5537, ε: 6.0699
2025-11-09 01:04:41.778235 Epoch [064/100], Step [0001/0001], Loss: 1.5537, ε: 6.1266
2025-11-09 01:04:43.332326 Epoch [065/100], Step [0001/0001], Loss: 1.5537, ε: 6.1830
2025-11-09 01:04:44.851569 Epoch [066/100], Step [0001/0001], Loss: 1.5537, ε: 6.2391
2025-11-09 01:04:46.386593 Epoch [067/100], Step [0001/0001], Loss: 1.5537, ε: 6.2948
2025-11-09 01:04:47.918771 Epoch [068/100], Step [0001/0001], Loss: 1.5537, ε: 6.3503
2025-11-09 01:04:49.444704 Epoch [069/100], Step [0001/0001], Loss: 1.5537, ε: 6.4055
[Saving Snapshot:] ./Snapshots/save_weights/UNet_DP/batch_64/run_2/epsilon_8/automatic/UNet-70.pth
[Privacy Budget]: ε = 6.41 (δ = 1e-05)
2025-11-09 01:04:51.076619 Epoch [070/100], Step [0001/0001], Loss: 1.5537, ε: 6.4604
2025-11-09 01:04:52.645069 Epoch [071/100], Step [0001/0001], Loss: 1.5537, ε: 6.5150
2025-11-09 01:04:54.181790 Epoch [072/100], Step [0001/0001], Loss: 1.5537, ε: 6.5693
2025-11-09 01:04:55.720861 Epoch [073/100], Step [0001/0001], Loss: 1.5537, ε: 6.6234
2025-11-09 01:04:57.290115 Epoch [074/100], Step [0001/0001], Loss: 1.5537, ε: 6.6772
2025-11-09 01:04:58.825311 Epoch [075/100], Step [0001/0001], Loss: 1.5537, ε: 6.7307
2025-11-09 01:05:00.372265 Epoch [076/100], Step [0001/0001], Loss: 1.5537, ε: 6.7840
2025-11-09 01:05:01.901870 Epoch [077/100], Step [0001/0001], Loss: 1.5537, ε: 6.8370
2025-11-09 01:05:03.480227 Epoch [078/100], Step [0001/0001], Loss: 1.5537, ε: 6.8898
2025-11-09 01:05:05.013440 Epoch [079/100], Step [0001/0001], Loss: 1.5537, ε: 6.9423
[Saving Snapshot:] ./Snapshots/save_weights/UNet_DP/batch_64/run_2/epsilon_8/automatic/UNet-80.pth
[Privacy Budget]: ε = 6.94 (δ = 1e-05)
2025-11-09 01:05:06.650191 Epoch [080/100], Step [0001/0001], Loss: 1.5537, ε: 6.9946
2025-11-09 01:05:08.191733 Epoch [081/100], Step [0001/0001], Loss: 1.5537, ε: 7.0467
2025-11-09 01:05:09.714475 Epoch [082/100], Step [0001/0001], Loss: 1.5537, ε: 7.0985
2025-11-09 01:05:11.241830 Epoch [083/100], Step [0001/0001], Loss: 1.5537, ε: 7.1501
2025-11-09 01:05:12.770475 Epoch [084/100], Step [0001/0001], Loss: 1.5537, ε: 7.2015
2025-11-09 01:05:14.354086 Epoch [085/100], Step [0001/0001], Loss: 1.5537, ε: 7.2527
2025-11-09 01:05:15.917358 Epoch [086/100], Step [0001/0001], Loss: 1.5537, ε: 7.3037
2025-11-09 01:05:17.463180 Epoch [087/100], Step [0001/0001], Loss: 1.5537, ε: 7.3544
2025-11-09 01:05:19.018644 Epoch [088/100], Step [0001/0001], Loss: 1.5537, ε: 7.4050
2025-11-09 01:05:20.560406 Epoch [089/100], Step [0001/0001], Loss: 1.5537, ε: 7.4554
[Saving Snapshot:] ./Snapshots/save_weights/UNet_DP/batch_64/run_2/epsilon_8/automatic/UNet-90.pth
[Privacy Budget]: ε = 7.46 (δ = 1e-05)
2025-11-09 01:05:22.197069 Epoch [090/100], Step [0001/0001], Loss: 1.5537, ε: 7.5055
2025-11-09 01:05:23.758330 Epoch [091/100], Step [0001/0001], Loss: 1.5537, ε: 7.5555
2025-11-09 01:05:25.306053 Epoch [092/100], Step [0001/0001], Loss: 1.5537, ε: 7.6052
2025-11-09 01:05:26.907327 Epoch [093/100], Step [0001/0001], Loss: 1.5537, ε: 7.6548
2025-11-09 01:05:28.446967 Epoch [094/100], Step [0001/0001], Loss: 1.5537, ε: 7.7042
2025-11-09 01:05:29.989087 Epoch [095/100], Step [0001/0001], Loss: 1.5537, ε: 7.7534
2025-11-09 01:05:31.550014 Epoch [096/100], Step [0001/0001], Loss: 1.5537, ε: 7.8024
2025-11-09 01:05:33.065905 Epoch [097/100], Step [0001/0001], Loss: 1.5537, ε: 7.8513
2025-11-09 01:05:34.628178 Epoch [098/100], Step [0001/0001], Loss: 1.5537, ε: 7.9000
2025-11-09 01:05:36.183308 Epoch [099/100], Step [0001/0001], Loss: 1.5537, ε: 7.9485
[Saving Snapshot:] ./Snapshots/save_weights/UNet_DP/batch_64/run_2/epsilon_8/automatic/UNet-100.pth
[Privacy Budget]: ε = 7.95 (δ = 1e-05)
2025-11-09 01:05:37.867578 Epoch [100/100], Step [0001/0001], Loss: 1.5537, ε: 7.9968
Training completed at Sun Nov  9 01:05:39 CET 2025
