Backbone loading: Res2Net50
Converting BatchNorm to GroupNorm for fair comparison with DP models
Model architecture converted to GroupNorm
Not loading weights from weights file
################################################## 
Start Training (Inf-Net-GroupNorm)
Backbone: Res2Net50
Batch Size: 64
Morphology: Disabled
Architecture: GroupNorm (no DP)
Save Path: ./Snapshots/save_weights/Inf-Net_GroupNorm/batch_64/run_1
Run: 1
Namespace(epoch=70, lr=0.0001, batchsize=64, trainsize=352, clip=0.5, decay_rate=0.1, decay_epoch=50, is_thop=False, gpu_device=0, num_workers=8, net_channel=32, n_classes=1, backbone='Res2Net50', train_path='./Dataset/TrainingSet/LungInfection-Train/Doctor-label', is_semi=False, is_pseudo=False, train_save=None, run=1, enable_morphology=False, morph_operation='close', morph_kernel_size=3, device='cuda')
 ##################################################
2025-10-27 22:17:57.763163 Epoch [001/070], Step [0001/0001], [lateral-edge: 0.7743, lateral-2: 1.4582, lateral-3: 1.4924, lateral-4: 1.5597, lateral-5: 1.4517]
2025-10-27 22:17:59.276313 Epoch [002/070], Step [0001/0001], [lateral-edge: 0.7653, lateral-2: 1.1972, lateral-3: 1.2514, lateral-4: 1.3021, lateral-5: 1.3675]
2025-10-27 22:18:00.829669 Epoch [003/070], Step [0001/0001], [lateral-edge: 0.7606, lateral-2: 1.1231, lateral-3: 1.1462, lateral-4: 1.2276, lateral-5: 1.2461]
2025-10-27 22:18:02.402182 Epoch [004/070], Step [0001/0001], [lateral-edge: 0.7580, lateral-2: 1.0373, lateral-3: 1.0923, lateral-4: 1.1610, lateral-5: 1.1623]
2025-10-27 22:18:03.966697 Epoch [005/070], Step [0001/0001], [lateral-edge: 0.7548, lateral-2: 0.9830, lateral-3: 1.0462, lateral-4: 1.1119, lateral-5: 1.0926]
2025-10-27 22:18:05.533736 Epoch [006/070], Step [0001/0001], [lateral-edge: 0.7523, lateral-2: 0.9414, lateral-3: 1.0001, lateral-4: 1.0971, lateral-5: 1.0642]
2025-10-27 22:18:07.074258 Epoch [007/070], Step [0001/0001], [lateral-edge: 0.7500, lateral-2: 0.8895, lateral-3: 0.9763, lateral-4: 1.0729, lateral-5: 1.0271]
2025-10-27 22:18:08.622211 Epoch [008/070], Step [0001/0001], [lateral-edge: 0.7485, lateral-2: 0.8623, lateral-3: 0.9300, lateral-4: 1.0275, lateral-5: 0.9764]
2025-10-27 22:18:10.179878 Epoch [009/070], Step [0001/0001], [lateral-edge: 0.7463, lateral-2: 0.8292, lateral-3: 0.9054, lateral-4: 1.0013, lateral-5: 0.9445]
[Saving Snapshot:] ./Snapshots/save_weights/Inf-Net_GroupNorm/batch_64/run_1/Inf-Net-10.pth
2025-10-27 22:18:11.947689 Epoch [010/070], Step [0001/0001], [lateral-edge: 0.7445, lateral-2: 0.8259, lateral-3: 0.9283, lateral-4: 1.0341, lateral-5: 0.9718]
2025-10-27 22:18:13.521251 Epoch [011/070], Step [0001/0001], [lateral-edge: 0.7427, lateral-2: 0.7915, lateral-3: 0.8742, lateral-4: 0.9757, lateral-5: 0.9092]
2025-10-27 22:18:15.108912 Epoch [012/070], Step [0001/0001], [lateral-edge: 0.7414, lateral-2: 0.7750, lateral-3: 0.8566, lateral-4: 0.9697, lateral-5: 0.8868]
2025-10-27 22:18:16.672814 Epoch [013/070], Step [0001/0001], [lateral-edge: 0.7396, lateral-2: 0.7559, lateral-3: 0.8454, lateral-4: 0.9576, lateral-5: 0.8684]
2025-10-27 22:18:18.218790 Epoch [014/070], Step [0001/0001], [lateral-edge: 0.7383, lateral-2: 0.7355, lateral-3: 0.8238, lateral-4: 0.9348, lateral-5: 0.8514]
2025-10-27 22:18:19.774885 Epoch [015/070], Step [0001/0001], [lateral-edge: 0.7371, lateral-2: 0.7192, lateral-3: 0.8109, lateral-4: 0.9228, lateral-5: 0.8276]
2025-10-27 22:18:21.337840 Epoch [016/070], Step [0001/0001], [lateral-edge: 0.7358, lateral-2: 0.7132, lateral-3: 0.8004, lateral-4: 0.9126, lateral-5: 0.8141]
2025-10-27 22:18:22.897758 Epoch [017/070], Step [0001/0001], [lateral-edge: 0.7344, lateral-2: 0.6900, lateral-3: 0.7849, lateral-4: 0.9017, lateral-5: 0.7955]
2025-10-27 22:18:24.452574 Epoch [018/070], Step [0001/0001], [lateral-edge: 0.7331, lateral-2: 0.6753, lateral-3: 0.7705, lateral-4: 0.8892, lateral-5: 0.7765]
2025-10-27 22:18:26.007059 Epoch [019/070], Step [0001/0001], [lateral-edge: 0.7318, lateral-2: 0.6786, lateral-3: 0.7689, lateral-4: 0.8836, lateral-5: 0.7735]
[Saving Snapshot:] ./Snapshots/save_weights/Inf-Net_GroupNorm/batch_64/run_1/Inf-Net-20.pth
2025-10-27 22:18:27.817941 Epoch [020/070], Step [0001/0001], [lateral-edge: 0.7305, lateral-2: 0.6677, lateral-3: 0.7672, lateral-4: 0.8861, lateral-5: 0.7621]
2025-10-27 22:18:29.366977 Epoch [021/070], Step [0001/0001], [lateral-edge: 0.7293, lateral-2: 0.6554, lateral-3: 0.7515, lateral-4: 0.8733, lateral-5: 0.7439]
2025-10-27 22:18:30.951524 Epoch [022/070], Step [0001/0001], [lateral-edge: 0.7281, lateral-2: 0.6494, lateral-3: 0.7489, lateral-4: 0.8726, lateral-5: 0.7429]
2025-10-27 22:18:32.508920 Epoch [023/070], Step [0001/0001], [lateral-edge: 0.7269, lateral-2: 0.6578, lateral-3: 0.7549, lateral-4: 0.8714, lateral-5: 0.7416]
2025-10-27 22:18:34.045619 Epoch [024/070], Step [0001/0001], [lateral-edge: 0.7258, lateral-2: 0.6448, lateral-3: 0.7406, lateral-4: 0.8680, lateral-5: 0.7240]
2025-10-27 22:18:35.601535 Epoch [025/070], Step [0001/0001], [lateral-edge: 0.7246, lateral-2: 0.6337, lateral-3: 0.7324, lateral-4: 0.8525, lateral-5: 0.7232]
2025-10-27 22:18:37.158967 Epoch [026/070], Step [0001/0001], [lateral-edge: 0.7236, lateral-2: 0.6257, lateral-3: 0.7261, lateral-4: 0.8557, lateral-5: 0.7142]
2025-10-27 22:18:38.715337 Epoch [027/070], Step [0001/0001], [lateral-edge: 0.7222, lateral-2: 0.6126, lateral-3: 0.7215, lateral-4: 0.8478, lateral-5: 0.6993]
2025-10-27 22:18:40.282416 Epoch [028/070], Step [0001/0001], [lateral-edge: 0.7211, lateral-2: 0.6065, lateral-3: 0.7078, lateral-4: 0.8364, lateral-5: 0.6826]
2025-10-27 22:18:41.845121 Epoch [029/070], Step [0001/0001], [lateral-edge: 0.7199, lateral-2: 0.6051, lateral-3: 0.7104, lateral-4: 0.8353, lateral-5: 0.6819]
[Saving Snapshot:] ./Snapshots/save_weights/Inf-Net_GroupNorm/batch_64/run_1/Inf-Net-30.pth
2025-10-27 22:18:43.658276 Epoch [030/070], Step [0001/0001], [lateral-edge: 0.7189, lateral-2: 0.5855, lateral-3: 0.6951, lateral-4: 0.8275, lateral-5: 0.6659]
2025-10-27 22:18:45.212161 Epoch [031/070], Step [0001/0001], [lateral-edge: 0.7178, lateral-2: 0.5990, lateral-3: 0.7109, lateral-4: 0.8447, lateral-5: 0.6714]
2025-10-27 22:18:46.768717 Epoch [032/070], Step [0001/0001], [lateral-edge: 0.7168, lateral-2: 0.6094, lateral-3: 0.7103, lateral-4: 0.8348, lateral-5: 0.6812]
2025-10-27 22:18:48.351547 Epoch [033/070], Step [0001/0001], [lateral-edge: 0.7158, lateral-2: 0.5782, lateral-3: 0.6916, lateral-4: 0.8291, lateral-5: 0.6524]
2025-10-27 22:18:49.928091 Epoch [034/070], Step [0001/0001], [lateral-edge: 0.7149, lateral-2: 0.5776, lateral-3: 0.6868, lateral-4: 0.8197, lateral-5: 0.6488]
2025-10-27 22:18:51.476681 Epoch [035/070], Step [0001/0001], [lateral-edge: 0.7141, lateral-2: 0.5712, lateral-3: 0.6850, lateral-4: 0.8261, lateral-5: 0.6460]
2025-10-27 22:18:53.035903 Epoch [036/070], Step [0001/0001], [lateral-edge: 0.7132, lateral-2: 0.5663, lateral-3: 0.6823, lateral-4: 0.8189, lateral-5: 0.6434]
2025-10-27 22:18:54.609170 Epoch [037/070], Step [0001/0001], [lateral-edge: 0.7124, lateral-2: 0.5596, lateral-3: 0.6755, lateral-4: 0.8104, lateral-5: 0.6292]
2025-10-27 22:18:56.177220 Epoch [038/070], Step [0001/0001], [lateral-edge: 0.7117, lateral-2: 0.5530, lateral-3: 0.6703, lateral-4: 0.8090, lateral-5: 0.6256]
2025-10-27 22:18:57.746072 Epoch [039/070], Step [0001/0001], [lateral-edge: 0.7110, lateral-2: 0.5467, lateral-3: 0.6648, lateral-4: 0.8046, lateral-5: 0.6180]
[Saving Snapshot:] ./Snapshots/save_weights/Inf-Net_GroupNorm/batch_64/run_1/Inf-Net-40.pth
2025-10-27 22:18:59.518271 Epoch [040/070], Step [0001/0001], [lateral-edge: 0.7103, lateral-2: 0.5399, lateral-3: 0.6582, lateral-4: 0.7981, lateral-5: 0.6091]
2025-10-27 22:19:01.080586 Epoch [041/070], Step [0001/0001], [lateral-edge: 0.7097, lateral-2: 0.5327, lateral-3: 0.6538, lateral-4: 0.7943, lateral-5: 0.5991]
2025-10-27 22:19:02.624072 Epoch [042/070], Step [0001/0001], [lateral-edge: 0.7091, lateral-2: 0.5311, lateral-3: 0.6506, lateral-4: 0.7920, lateral-5: 0.5963]
2025-10-27 22:19:04.211981 Epoch [043/070], Step [0001/0001], [lateral-edge: 0.7085, lateral-2: 0.5358, lateral-3: 0.6565, lateral-4: 0.7995, lateral-5: 0.5985]
2025-10-27 22:19:05.782216 Epoch [044/070], Step [0001/0001], [lateral-edge: 0.7080, lateral-2: 0.5428, lateral-3: 0.6620, lateral-4: 0.8049, lateral-5: 0.6025]
2025-10-27 22:19:07.355229 Epoch [045/070], Step [0001/0001], [lateral-edge: 0.7074, lateral-2: 0.5551, lateral-3: 0.6713, lateral-4: 0.8108, lateral-5: 0.6061]
2025-10-27 22:19:08.935985 Epoch [046/070], Step [0001/0001], [lateral-edge: 0.7069, lateral-2: 0.5381, lateral-3: 0.6587, lateral-4: 0.8035, lateral-5: 0.5992]
2025-10-27 22:19:10.488364 Epoch [047/070], Step [0001/0001], [lateral-edge: 0.7064, lateral-2: 0.5369, lateral-3: 0.6547, lateral-4: 0.7956, lateral-5: 0.5949]
2025-10-27 22:19:12.036162 Epoch [048/070], Step [0001/0001], [lateral-edge: 0.7060, lateral-2: 0.5220, lateral-3: 0.6477, lateral-4: 0.7975, lateral-5: 0.5865]
2025-10-27 22:19:13.588479 Epoch [049/070], Step [0001/0001], [lateral-edge: 0.7055, lateral-2: 0.5167, lateral-3: 0.6424, lateral-4: 0.7870, lateral-5: 0.5775]
[Saving Snapshot:] ./Snapshots/save_weights/Inf-Net_GroupNorm/batch_64/run_1/Inf-Net-50.pth
2025-10-27 22:19:15.447357 Epoch [050/070], Step [0001/0001], [lateral-edge: 0.7052, lateral-2: 0.5169, lateral-3: 0.6394, lateral-4: 0.7859, lateral-5: 0.5776]
2025-10-27 22:19:16.977911 Epoch [051/070], Step [0001/0001], [lateral-edge: 0.7052, lateral-2: 0.5102, lateral-3: 0.6344, lateral-4: 0.7807, lateral-5: 0.5719]
2025-10-27 22:19:18.523727 Epoch [052/070], Step [0001/0001], [lateral-edge: 0.7052, lateral-2: 0.5093, lateral-3: 0.6337, lateral-4: 0.7801, lateral-5: 0.5711]
2025-10-27 22:19:20.056162 Epoch [053/070], Step [0001/0001], [lateral-edge: 0.7052, lateral-2: 0.5092, lateral-3: 0.6336, lateral-4: 0.7800, lateral-5: 0.5710]
2025-10-27 22:19:21.600271 Epoch [054/070], Step [0001/0001], [lateral-edge: 0.7052, lateral-2: 0.5092, lateral-3: 0.6336, lateral-4: 0.7800, lateral-5: 0.5710]
2025-10-27 22:19:23.127353 Epoch [055/070], Step [0001/0001], [lateral-edge: 0.7052, lateral-2: 0.5092, lateral-3: 0.6336, lateral-4: 0.7800, lateral-5: 0.5710]
2025-10-27 22:19:24.654164 Epoch [056/070], Step [0001/0001], [lateral-edge: 0.7052, lateral-2: 0.5092, lateral-3: 0.6336, lateral-4: 0.7800, lateral-5: 0.5710]
2025-10-27 22:19:26.185358 Epoch [057/070], Step [0001/0001], [lateral-edge: 0.7052, lateral-2: 0.5092, lateral-3: 0.6336, lateral-4: 0.7800, lateral-5: 0.5710]
2025-10-27 22:19:27.731492 Epoch [058/070], Step [0001/0001], [lateral-edge: 0.7052, lateral-2: 0.5092, lateral-3: 0.6336, lateral-4: 0.7800, lateral-5: 0.5710]
2025-10-27 22:19:29.267121 Epoch [059/070], Step [0001/0001], [lateral-edge: 0.7052, lateral-2: 0.5092, lateral-3: 0.6336, lateral-4: 0.7800, lateral-5: 0.5710]
[Saving Snapshot:] ./Snapshots/save_weights/Inf-Net_GroupNorm/batch_64/run_1/Inf-Net-60.pth
2025-10-27 22:19:31.152194 Epoch [060/070], Step [0001/0001], [lateral-edge: 0.7052, lateral-2: 0.5092, lateral-3: 0.6336, lateral-4: 0.7800, lateral-5: 0.5710]
2025-10-27 22:19:32.705495 Epoch [061/070], Step [0001/0001], [lateral-edge: 0.7052, lateral-2: 0.5092, lateral-3: 0.6336, lateral-4: 0.7800, lateral-5: 0.5710]
2025-10-27 22:19:34.255628 Epoch [062/070], Step [0001/0001], [lateral-edge: 0.7052, lateral-2: 0.5092, lateral-3: 0.6336, lateral-4: 0.7800, lateral-5: 0.5710]
2025-10-27 22:19:35.807031 Epoch [063/070], Step [0001/0001], [lateral-edge: 0.7052, lateral-2: 0.5092, lateral-3: 0.6336, lateral-4: 0.7800, lateral-5: 0.5710]
2025-10-27 22:19:37.357194 Epoch [064/070], Step [0001/0001], [lateral-edge: 0.7052, lateral-2: 0.5092, lateral-3: 0.6336, lateral-4: 0.7800, lateral-5: 0.5710]
2025-10-27 22:19:38.923993 Epoch [065/070], Step [0001/0001], [lateral-edge: 0.7052, lateral-2: 0.5092, lateral-3: 0.6336, lateral-4: 0.7800, lateral-5: 0.5710]
2025-10-27 22:19:40.473824 Epoch [066/070], Step [0001/0001], [lateral-edge: 0.7052, lateral-2: 0.5092, lateral-3: 0.6336, lateral-4: 0.7800, lateral-5: 0.5710]
2025-10-27 22:19:42.038167 Epoch [067/070], Step [0001/0001], [lateral-edge: 0.7052, lateral-2: 0.5092, lateral-3: 0.6336, lateral-4: 0.7800, lateral-5: 0.5710]
2025-10-27 22:19:43.601084 Epoch [068/070], Step [0001/0001], [lateral-edge: 0.7052, lateral-2: 0.5092, lateral-3: 0.6336, lateral-4: 0.7800, lateral-5: 0.5710]
2025-10-27 22:19:45.175261 Epoch [069/070], Step [0001/0001], [lateral-edge: 0.7052, lateral-2: 0.5092, lateral-3: 0.6336, lateral-4: 0.7800, lateral-5: 0.5710]
[Saving Snapshot:] ./Snapshots/save_weights/Inf-Net_GroupNorm/batch_64/run_1/Inf-Net-70.pth
2025-10-27 22:19:47.029184 Epoch [070/070], Step [0001/0001], [lateral-edge: 0.7052, lateral-2: 0.5092, lateral-3: 0.6336, lateral-4: 0.7800, lateral-5: 0.5710]
Training completed at Mon Oct 27 22:19:48 CET 2025
