Backbone loading: Res2Net50
Trainable: 31,072,721 / 33,121,721 parameters
Validator raised issues with model. Attempting auto-fix...
Original error: UnsupportedModuleError
Model successfully fixed for differential privacy
Not loading weights from weights file
###################################################################### 
Start Training (Inf_Net-DP)
Network: Inf_Net
Batch Size: 64
DP Enabled (ε=200.0, δ=1e-05, clipping=nsgd)
Morphology: both
Architecture: GroupNorm (with DP)
Save Path: ./Snapshots/save_weights/Inf-Net_DP_Morph/both/batch_64/run_2/epsilon_200/nsgd
Run: 2
Namespace(network='Inf_Net', epoch=100, lr=0.0001, batchsize=64, trainsize=352, clip=0.5, decay_rate=0.1, decay_epoch=50, is_thop=False, gpu_device=0, num_workers=8, net_channel=32, init_features=32, n_classes=1, in_channels=3, backbone='Res2Net50', deep_supervision=False, train_path='./Dataset/TrainingSet/LungInfection-Train/Doctor-label', is_semi=False, is_pseudo=False, train_save=None, run=2, enable_privacy=True, epsilon=200.0, max_grad_norm=1.2, delta=1e-05, clipping_strategy='nsgd', enable_morphology=True, morph_operation='both', morph_kernel_size=3, device='cuda')
 ######################################################################
2025-11-09 00:53:34.572486 Epoch [001/100], Step [0001/0001], [lateral-edge: 0.7991, lateral-2: 1.5696, lateral-3: 1.6500, lateral-4: 1.5776, lateral-5: 1.5171, epsilon: 15.3422]
2025-11-09 00:53:37.919428 Epoch [002/100], Step [0001/0001], [lateral-edge: 0.7985, lateral-2: 1.5326, lateral-3: 1.5793, lateral-4: 1.5316, lateral-5: 1.5125, epsilon: 24.1863]
2025-11-09 00:53:41.430610 Epoch [003/100], Step [0001/0001], [lateral-edge: 0.7979, lateral-2: 1.5179, lateral-3: 1.5568, lateral-4: 1.5183, lateral-5: 1.5085, epsilon: 31.9073]
2025-11-09 00:53:44.771628 Epoch [004/100], Step [0001/0001], [lateral-edge: 0.7973, lateral-2: 1.5074, lateral-3: 1.5432, lateral-4: 1.5094, lateral-5: 1.5050, epsilon: 39.0431]
2025-11-09 00:53:47.966447 Epoch [005/100], Step [0001/0001], [lateral-edge: 0.7966, lateral-2: 1.4979, lateral-3: 1.5315, lateral-4: 1.5007, lateral-5: 1.5015, epsilon: 45.8036]
2025-11-09 00:53:51.209475 Epoch [006/100], Step [0001/0001], [lateral-edge: 0.7957, lateral-2: 1.4889, lateral-3: 1.5208, lateral-4: 1.4919, lateral-5: 1.4982, epsilon: 52.2968]
2025-11-09 00:53:54.468626 Epoch [007/100], Step [0001/0001], [lateral-edge: 0.7948, lateral-2: 1.4803, lateral-3: 1.5112, lateral-4: 1.4834, lateral-5: 1.4950, epsilon: 58.5871]
2025-11-09 00:53:57.761736 Epoch [008/100], Step [0001/0001], [lateral-edge: 0.7937, lateral-2: 1.4722, lateral-3: 1.5024, lateral-4: 1.4753, lateral-5: 1.4918, epsilon: 64.7166]
2025-11-09 00:54:01.162999 Epoch [009/100], Step [0001/0001], [lateral-edge: 0.7927, lateral-2: 1.4639, lateral-3: 1.4939, lateral-4: 1.4679, lateral-5: 1.4887, epsilon: 70.7144]
[Saving Snapshot:] ./Snapshots/save_weights/Inf-Net_DP_Morph/both/batch_64/run_2/epsilon_200/nsgd/Inf-Net-10.pth
[Privacy Budget]: ε = 70.71 (δ = 1e-05)
2025-11-09 00:54:04.959583 Epoch [010/100], Step [0001/0001], [lateral-edge: 0.7916, lateral-2: 1.4555, lateral-3: 1.4858, lateral-4: 1.4612, lateral-5: 1.4854, epsilon: 76.6021]
2025-11-09 00:54:08.233949 Epoch [011/100], Step [0001/0001], [lateral-edge: 0.7906, lateral-2: 1.4470, lateral-3: 1.4780, lateral-4: 1.4550, lateral-5: 1.4822, epsilon: 82.3955]
2025-11-09 00:54:11.519585 Epoch [012/100], Step [0001/0001], [lateral-edge: 0.7895, lateral-2: 1.4387, lateral-3: 1.4707, lateral-4: 1.4491, lateral-5: 1.4789, epsilon: 88.1073]
2025-11-09 00:54:14.958554 Epoch [013/100], Step [0001/0001], [lateral-edge: 0.7884, lateral-2: 1.4305, lateral-3: 1.4636, lateral-4: 1.4435, lateral-5: 1.4755, epsilon: 93.7475]
2025-11-09 00:54:18.332123 Epoch [014/100], Step [0001/0001], [lateral-edge: 0.7871, lateral-2: 1.4222, lateral-3: 1.4568, lateral-4: 1.4380, lateral-5: 1.4721, epsilon: 99.3242]
2025-11-09 00:54:21.661816 Epoch [015/100], Step [0001/0001], [lateral-edge: 0.7859, lateral-2: 1.4137, lateral-3: 1.4504, lateral-4: 1.4329, lateral-5: 1.4685, epsilon: 104.8439]
2025-11-09 00:54:25.136266 Epoch [016/100], Step [0001/0001], [lateral-edge: 0.7846, lateral-2: 1.4056, lateral-3: 1.4442, lateral-4: 1.4281, lateral-5: 1.4649, epsilon: 110.3124]
2025-11-09 00:54:28.604379 Epoch [017/100], Step [0001/0001], [lateral-edge: 0.7832, lateral-2: 1.3976, lateral-3: 1.4381, lateral-4: 1.4234, lateral-5: 1.4614, epsilon: 115.7343]
2025-11-09 00:54:32.025732 Epoch [018/100], Step [0001/0001], [lateral-edge: 0.7819, lateral-2: 1.3896, lateral-3: 1.4321, lateral-4: 1.4188, lateral-5: 1.4579, epsilon: 121.1137]
2025-11-09 00:54:35.384117 Epoch [019/100], Step [0001/0001], [lateral-edge: 0.7806, lateral-2: 1.3817, lateral-3: 1.4259, lateral-4: 1.4142, lateral-5: 1.4545, epsilon: 126.4540]
[Saving Snapshot:] ./Snapshots/save_weights/Inf-Net_DP_Morph/both/batch_64/run_2/epsilon_200/nsgd/Inf-Net-20.pth
[Privacy Budget]: ε = 126.45 (δ = 1e-05)
2025-11-09 00:54:39.462859 Epoch [020/100], Step [0001/0001], [lateral-edge: 0.7794, lateral-2: 1.3737, lateral-3: 1.4196, lateral-4: 1.4097, lateral-5: 1.4511, epsilon: 131.7584]
2025-11-09 00:54:43.143257 Epoch [021/100], Step [0001/0001], [lateral-edge: 0.7782, lateral-2: 1.3658, lateral-3: 1.4134, lateral-4: 1.4050, lateral-5: 1.4478, epsilon: 137.0294]
2025-11-09 00:54:46.836847 Epoch [022/100], Step [0001/0001], [lateral-edge: 0.7770, lateral-2: 1.3582, lateral-3: 1.4072, lateral-4: 1.4003, lateral-5: 1.4445, epsilon: 142.2694]
2025-11-09 00:54:50.600469 Epoch [023/100], Step [0001/0001], [lateral-edge: 0.7758, lateral-2: 1.3510, lateral-3: 1.4012, lateral-4: 1.3957, lateral-5: 1.4414, epsilon: 147.4805]
2025-11-09 00:54:53.940711 Epoch [024/100], Step [0001/0001], [lateral-edge: 0.7745, lateral-2: 1.3441, lateral-3: 1.3954, lateral-4: 1.3912, lateral-5: 1.4384, epsilon: 152.6646]
2025-11-09 00:54:57.351574 Epoch [025/100], Step [0001/0001], [lateral-edge: 0.7733, lateral-2: 1.3373, lateral-3: 1.3895, lateral-4: 1.3867, lateral-5: 1.4352, epsilon: 157.8233]
2025-11-09 00:55:00.965669 Epoch [026/100], Step [0001/0001], [lateral-edge: 0.7721, lateral-2: 1.3304, lateral-3: 1.3835, lateral-4: 1.3823, lateral-5: 1.4321, epsilon: 162.9581]
2025-11-09 00:55:04.737630 Epoch [027/100], Step [0001/0001], [lateral-edge: 0.7709, lateral-2: 1.3238, lateral-3: 1.3777, lateral-4: 1.3779, lateral-5: 1.4289, epsilon: 168.0704]
2025-11-09 00:55:08.585506 Epoch [028/100], Step [0001/0001], [lateral-edge: 0.7698, lateral-2: 1.3174, lateral-3: 1.3720, lateral-4: 1.3734, lateral-5: 1.4259, epsilon: 173.1614]
2025-11-09 00:55:12.336870 Epoch [029/100], Step [0001/0001], [lateral-edge: 0.7687, lateral-2: 1.3113, lateral-3: 1.3663, lateral-4: 1.3688, lateral-5: 1.4228, epsilon: 178.2323]
[Saving Snapshot:] ./Snapshots/save_weights/Inf-Net_DP_Morph/both/batch_64/run_2/epsilon_200/nsgd/Inf-Net-30.pth
[Privacy Budget]: ε = 178.23 (δ = 1e-05)
2025-11-09 00:55:17.105060 Epoch [030/100], Step [0001/0001], [lateral-edge: 0.7677, lateral-2: 1.3054, lateral-3: 1.3608, lateral-4: 1.3642, lateral-5: 1.4198, epsilon: 183.2840]
2025-11-09 00:55:20.760111 Epoch [031/100], Step [0001/0001], [lateral-edge: 0.7667, lateral-2: 1.2999, lateral-3: 1.3555, lateral-4: 1.3598, lateral-5: 1.4170, epsilon: 188.3176]
2025-11-09 00:55:24.968911 Epoch [032/100], Step [0001/0001], [lateral-edge: 0.7659, lateral-2: 1.2944, lateral-3: 1.3503, lateral-4: 1.3555, lateral-5: 1.4142, epsilon: 193.3339]
2025-11-09 00:55:29.025862 Epoch [033/100], Step [0001/0001], [lateral-edge: 0.7651, lateral-2: 1.2889, lateral-3: 1.3449, lateral-4: 1.3512, lateral-5: 1.4116, epsilon: 198.3337]
2025-11-09 00:55:32.867897 Epoch [034/100], Step [0001/0001], [lateral-edge: 0.7643, lateral-2: 1.2835, lateral-3: 1.3395, lateral-4: 1.3469, lateral-5: 1.4091, epsilon: 203.3178]
2025-11-09 00:55:37.029435 Epoch [035/100], Step [0001/0001], [lateral-edge: 0.7637, lateral-2: 1.2783, lateral-3: 1.3344, lateral-4: 1.3426, lateral-5: 1.4067, epsilon: 208.2868]
2025-11-09 00:55:40.735227 Epoch [036/100], Step [0001/0001], [lateral-edge: 0.7631, lateral-2: 1.2732, lateral-3: 1.3293, lateral-4: 1.3384, lateral-5: 1.4044, epsilon: 213.2413]
2025-11-09 00:55:44.957176 Epoch [037/100], Step [0001/0001], [lateral-edge: 0.7625, lateral-2: 1.2680, lateral-3: 1.3243, lateral-4: 1.3339, lateral-5: 1.4020, epsilon: 218.1821]
2025-11-09 00:55:49.261374 Epoch [038/100], Step [0001/0001], [lateral-edge: 0.7619, lateral-2: 1.2627, lateral-3: 1.3193, lateral-4: 1.3298, lateral-5: 1.3996, epsilon: 223.1095]
2025-11-09 00:55:53.640448 Epoch [039/100], Step [0001/0001], [lateral-edge: 0.7614, lateral-2: 1.2575, lateral-3: 1.3144, lateral-4: 1.3257, lateral-5: 1.3972, epsilon: 228.0242]
[Saving Snapshot:] ./Snapshots/save_weights/Inf-Net_DP_Morph/both/batch_64/run_2/epsilon_200/nsgd/Inf-Net-40.pth
[Privacy Budget]: ε = 228.02 (δ = 1e-05)
2025-11-09 00:55:59.514122 Epoch [040/100], Step [0001/0001], [lateral-edge: 0.7609, lateral-2: 1.2523, lateral-3: 1.3098, lateral-4: 1.3213, lateral-5: 1.3948, epsilon: 232.9267]
2025-11-09 00:56:04.108853 Epoch [041/100], Step [0001/0001], [lateral-edge: 0.7605, lateral-2: 1.2472, lateral-3: 1.3052, lateral-4: 1.3169, lateral-5: 1.3923, epsilon: 237.8173]
2025-11-09 00:56:08.639136 Epoch [042/100], Step [0001/0001], [lateral-edge: 0.7600, lateral-2: 1.2421, lateral-3: 1.3004, lateral-4: 1.3129, lateral-5: 1.3898, epsilon: 242.6966]
2025-11-09 00:56:13.085302 Epoch [043/100], Step [0001/0001], [lateral-edge: 0.7596, lateral-2: 1.2373, lateral-3: 1.2956, lateral-4: 1.3093, lateral-5: 1.3873, epsilon: 247.5648]
2025-11-09 00:56:17.727250 Epoch [044/100], Step [0001/0001], [lateral-edge: 0.7592, lateral-2: 1.2325, lateral-3: 1.2906, lateral-4: 1.3055, lateral-5: 1.3847, epsilon: 252.4225]
2025-11-09 00:56:22.557543 Epoch [045/100], Step [0001/0001], [lateral-edge: 0.7588, lateral-2: 1.2279, lateral-3: 1.2859, lateral-4: 1.3015, lateral-5: 1.3822, epsilon: 257.2699]
2025-11-09 00:56:26.669931 Epoch [046/100], Step [0001/0001], [lateral-edge: 0.7585, lateral-2: 1.2236, lateral-3: 1.2814, lateral-4: 1.2974, lateral-5: 1.3796, epsilon: 262.1075]
2025-11-09 00:56:31.631794 Epoch [047/100], Step [0001/0001], [lateral-edge: 0.7582, lateral-2: 1.2193, lateral-3: 1.2771, lateral-4: 1.2933, lateral-5: 1.3771, epsilon: 266.9354]
2025-11-09 00:56:36.404905 Epoch [048/100], Step [0001/0001], [lateral-edge: 0.7579, lateral-2: 1.2150, lateral-3: 1.2728, lateral-4: 1.2891, lateral-5: 1.3748, epsilon: 271.7541]
2025-11-09 00:56:41.306795 Epoch [049/100], Step [0001/0001], [lateral-edge: 0.7576, lateral-2: 1.2109, lateral-3: 1.2690, lateral-4: 1.2851, lateral-5: 1.3724, epsilon: 276.5638]
[Saving Snapshot:] ./Snapshots/save_weights/Inf-Net_DP_Morph/both/batch_64/run_2/epsilon_200/nsgd/Inf-Net-50.pth
[Privacy Budget]: ε = 276.56 (δ = 1e-05)
2025-11-09 00:56:47.836356 Epoch [050/100], Step [0001/0001], [lateral-edge: 0.7574, lateral-2: 1.2079, lateral-3: 1.2663, lateral-4: 1.2825, lateral-5: 1.3707, epsilon: 281.3648]
2025-11-09 00:56:52.831062 Epoch [051/100], Step [0001/0001], [lateral-edge: 0.7574, lateral-2: 1.2076, lateral-3: 1.2660, lateral-4: 1.2823, lateral-5: 1.3705, epsilon: 286.1573]
2025-11-09 00:56:57.804571 Epoch [052/100], Step [0001/0001], [lateral-edge: 0.7574, lateral-2: 1.2076, lateral-3: 1.2659, lateral-4: 1.2822, lateral-5: 1.3704, epsilon: 290.9416]
2025-11-09 00:57:02.841553 Epoch [053/100], Step [0001/0001], [lateral-edge: 0.7574, lateral-2: 1.2076, lateral-3: 1.2659, lateral-4: 1.2822, lateral-5: 1.3704, epsilon: 295.7180]
2025-11-09 00:57:08.151043 Epoch [054/100], Step [0001/0001], [lateral-edge: 0.7574, lateral-2: 1.2076, lateral-3: 1.2659, lateral-4: 1.2822, lateral-5: 1.3704, epsilon: 300.4866]
2025-11-09 00:57:13.681719 Epoch [055/100], Step [0001/0001], [lateral-edge: 0.7574, lateral-2: 1.2076, lateral-3: 1.2659, lateral-4: 1.2822, lateral-5: 1.3704, epsilon: 305.2476]
2025-11-09 00:57:17.988073 Epoch [056/100], Step [0001/0001], [lateral-edge: 0.7574, lateral-2: 1.2076, lateral-3: 1.2659, lateral-4: 1.2822, lateral-5: 1.3704, epsilon: 310.0014]
2025-11-09 00:57:23.450809 Epoch [057/100], Step [0001/0001], [lateral-edge: 0.7574, lateral-2: 1.2076, lateral-3: 1.2659, lateral-4: 1.2822, lateral-5: 1.3704, epsilon: 314.7479]
2025-11-09 00:57:28.621231 Epoch [058/100], Step [0001/0001], [lateral-edge: 0.7574, lateral-2: 1.2076, lateral-3: 1.2659, lateral-4: 1.2822, lateral-5: 1.3704, epsilon: 319.4876]
2025-11-09 00:57:34.166757 Epoch [059/100], Step [0001/0001], [lateral-edge: 0.7574, lateral-2: 1.2076, lateral-3: 1.2659, lateral-4: 1.2822, lateral-5: 1.3704, epsilon: 324.2205]
[Saving Snapshot:] ./Snapshots/save_weights/Inf-Net_DP_Morph/both/batch_64/run_2/epsilon_200/nsgd/Inf-Net-60.pth
[Privacy Budget]: ε = 324.22 (δ = 1e-05)
2025-11-09 00:57:41.773335 Epoch [060/100], Step [0001/0001], [lateral-edge: 0.7574, lateral-2: 1.2076, lateral-3: 1.2659, lateral-4: 1.2822, lateral-5: 1.3704, epsilon: 328.9468]
2025-11-09 00:57:47.190805 Epoch [061/100], Step [0001/0001], [lateral-edge: 0.7574, lateral-2: 1.2076, lateral-3: 1.2659, lateral-4: 1.2822, lateral-5: 1.3704, epsilon: 333.6666]
2025-11-09 00:57:52.761742 Epoch [062/100], Step [0001/0001], [lateral-edge: 0.7574, lateral-2: 1.2076, lateral-3: 1.2659, lateral-4: 1.2822, lateral-5: 1.3704, epsilon: 338.3802]
2025-11-09 00:57:57.806558 Epoch [063/100], Step [0001/0001], [lateral-edge: 0.7574, lateral-2: 1.2076, lateral-3: 1.2659, lateral-4: 1.2822, lateral-5: 1.3704, epsilon: 343.0876]
2025-11-09 00:58:03.736520 Epoch [064/100], Step [0001/0001], [lateral-edge: 0.7574, lateral-2: 1.2076, lateral-3: 1.2659, lateral-4: 1.2822, lateral-5: 1.3704, epsilon: 347.7891]
2025-11-09 00:58:08.166984 Epoch [065/100], Step [0001/0001], [lateral-edge: 0.7574, lateral-2: 1.2076, lateral-3: 1.2659, lateral-4: 1.2822, lateral-5: 1.3704, epsilon: 352.4847]
2025-11-09 00:58:14.001651 Epoch [066/100], Step [0001/0001], [lateral-edge: 0.7574, lateral-2: 1.2076, lateral-3: 1.2659, lateral-4: 1.2822, lateral-5: 1.3704, epsilon: 357.1747]
2025-11-09 00:58:18.404768 Epoch [067/100], Step [0001/0001], [lateral-edge: 0.7574, lateral-2: 1.2076, lateral-3: 1.2659, lateral-4: 1.2822, lateral-5: 1.3704, epsilon: 361.8590]
2025-11-09 00:58:24.447021 Epoch [068/100], Step [0001/0001], [lateral-edge: 0.7574, lateral-2: 1.2076, lateral-3: 1.2659, lateral-4: 1.2822, lateral-5: 1.3704, epsilon: 366.5379]
2025-11-09 00:58:30.489861 Epoch [069/100], Step [0001/0001], [lateral-edge: 0.7574, lateral-2: 1.2076, lateral-3: 1.2659, lateral-4: 1.2822, lateral-5: 1.3704, epsilon: 371.2114]
[Saving Snapshot:] ./Snapshots/save_weights/Inf-Net_DP_Morph/both/batch_64/run_2/epsilon_200/nsgd/Inf-Net-70.pth
[Privacy Budget]: ε = 371.21 (δ = 1e-05)
2025-11-09 00:58:38.091264 Epoch [070/100], Step [0001/0001], [lateral-edge: 0.7574, lateral-2: 1.2076, lateral-3: 1.2659, lateral-4: 1.2822, lateral-5: 1.3704, epsilon: 375.8798]
2025-11-09 00:58:45.168076 Epoch [071/100], Step [0001/0001], [lateral-edge: 0.7574, lateral-2: 1.2076, lateral-3: 1.2659, lateral-4: 1.2822, lateral-5: 1.3704, epsilon: 380.5430]
2025-11-09 00:58:52.074843 Epoch [072/100], Step [0001/0001], [lateral-edge: 0.7574, lateral-2: 1.2076, lateral-3: 1.2659, lateral-4: 1.2822, lateral-5: 1.3704, epsilon: 385.2012]
2025-11-09 00:58:58.043710 Epoch [073/100], Step [0001/0001], [lateral-edge: 0.7574, lateral-2: 1.2076, lateral-3: 1.2659, lateral-4: 1.2822, lateral-5: 1.3704, epsilon: 389.8546]
2025-11-09 00:59:04.528791 Epoch [074/100], Step [0001/0001], [lateral-edge: 0.7574, lateral-2: 1.2076, lateral-3: 1.2659, lateral-4: 1.2822, lateral-5: 1.3704, epsilon: 394.5031]
2025-11-09 00:59:10.680101 Epoch [075/100], Step [0001/0001], [lateral-edge: 0.7574, lateral-2: 1.2076, lateral-3: 1.2659, lateral-4: 1.2822, lateral-5: 1.3704, epsilon: 399.1470]
2025-11-09 00:59:17.404092 Epoch [076/100], Step [0001/0001], [lateral-edge: 0.7574, lateral-2: 1.2076, lateral-3: 1.2659, lateral-4: 1.2822, lateral-5: 1.3704, epsilon: 403.7862]
2025-11-09 00:59:24.328638 Epoch [077/100], Step [0001/0001], [lateral-edge: 0.7574, lateral-2: 1.2076, lateral-3: 1.2659, lateral-4: 1.2822, lateral-5: 1.3704, epsilon: 408.4209]
2025-11-09 00:59:30.683121 Epoch [078/100], Step [0001/0001], [lateral-edge: 0.7574, lateral-2: 1.2076, lateral-3: 1.2659, lateral-4: 1.2822, lateral-5: 1.3704, epsilon: 413.0512]
2025-11-09 00:59:37.154045 Epoch [079/100], Step [0001/0001], [lateral-edge: 0.7574, lateral-2: 1.2076, lateral-3: 1.2659, lateral-4: 1.2822, lateral-5: 1.3704, epsilon: 417.6771]
[Saving Snapshot:] ./Snapshots/save_weights/Inf-Net_DP_Morph/both/batch_64/run_2/epsilon_200/nsgd/Inf-Net-80.pth
[Privacy Budget]: ε = 417.68 (δ = 1e-05)
2025-11-09 00:59:44.742980 Epoch [080/100], Step [0001/0001], [lateral-edge: 0.7574, lateral-2: 1.2076, lateral-3: 1.2659, lateral-4: 1.2822, lateral-5: 1.3704, epsilon: 422.2988]
2025-11-09 00:59:51.556772 Epoch [081/100], Step [0001/0001], [lateral-edge: 0.7574, lateral-2: 1.2076, lateral-3: 1.2659, lateral-4: 1.2822, lateral-5: 1.3704, epsilon: 426.9163]
2025-11-09 00:59:58.397277 Epoch [082/100], Step [0001/0001], [lateral-edge: 0.7574, lateral-2: 1.2076, lateral-3: 1.2659, lateral-4: 1.2822, lateral-5: 1.3704, epsilon: 431.5297]
2025-11-09 01:00:05.245999 Epoch [083/100], Step [0001/0001], [lateral-edge: 0.7574, lateral-2: 1.2076, lateral-3: 1.2659, lateral-4: 1.2822, lateral-5: 1.3704, epsilon: 436.1391]
2025-11-09 01:00:12.010895 Epoch [084/100], Step [0001/0001], [lateral-edge: 0.7574, lateral-2: 1.2076, lateral-3: 1.2659, lateral-4: 1.2822, lateral-5: 1.3704, epsilon: 440.7445]
2025-11-09 01:00:18.077929 Epoch [085/100], Step [0001/0001], [lateral-edge: 0.7574, lateral-2: 1.2076, lateral-3: 1.2659, lateral-4: 1.2822, lateral-5: 1.3704, epsilon: 445.3461]
2025-11-09 01:00:25.059794 Epoch [086/100], Step [0001/0001], [lateral-edge: 0.7574, lateral-2: 1.2076, lateral-3: 1.2659, lateral-4: 1.2822, lateral-5: 1.3704, epsilon: 449.9438]
2025-11-09 01:00:32.528085 Epoch [087/100], Step [0001/0001], [lateral-edge: 0.7574, lateral-2: 1.2076, lateral-3: 1.2659, lateral-4: 1.2822, lateral-5: 1.3704, epsilon: 454.5377]
2025-11-09 01:00:40.254758 Epoch [088/100], Step [0001/0001], [lateral-edge: 0.7574, lateral-2: 1.2076, lateral-3: 1.2659, lateral-4: 1.2822, lateral-5: 1.3704, epsilon: 459.1280]
2025-11-09 01:00:48.899419 Epoch [089/100], Step [0001/0001], [lateral-edge: 0.7574, lateral-2: 1.2076, lateral-3: 1.2659, lateral-4: 1.2822, lateral-5: 1.3704, epsilon: 463.7147]
[Saving Snapshot:] ./Snapshots/save_weights/Inf-Net_DP_Morph/both/batch_64/run_2/epsilon_200/nsgd/Inf-Net-90.pth
[Privacy Budget]: ε = 463.71 (δ = 1e-05)
2025-11-09 01:01:01.414272 Epoch [090/100], Step [0001/0001], [lateral-edge: 0.7574, lateral-2: 1.2076, lateral-3: 1.2659, lateral-4: 1.2822, lateral-5: 1.3704, epsilon: 468.2977]
2025-11-09 01:01:09.255468 Epoch [091/100], Step [0001/0001], [lateral-edge: 0.7574, lateral-2: 1.2076, lateral-3: 1.2659, lateral-4: 1.2822, lateral-5: 1.3704, epsilon: 472.8773]
2025-11-09 01:01:19.448378 Epoch [092/100], Step [0001/0001], [lateral-edge: 0.7574, lateral-2: 1.2076, lateral-3: 1.2659, lateral-4: 1.2822, lateral-5: 1.3704, epsilon: 477.4535]
2025-11-09 01:01:27.285631 Epoch [093/100], Step [0001/0001], [lateral-edge: 0.7574, lateral-2: 1.2076, lateral-3: 1.2659, lateral-4: 1.2822, lateral-5: 1.3704, epsilon: 482.0262]
2025-11-09 01:01:35.301257 Epoch [094/100], Step [0001/0001], [lateral-edge: 0.7574, lateral-2: 1.2076, lateral-3: 1.2659, lateral-4: 1.2822, lateral-5: 1.3704, epsilon: 486.5956]
2025-11-09 01:01:41.212013 Epoch [095/100], Step [0001/0001], [lateral-edge: 0.7574, lateral-2: 1.2076, lateral-3: 1.2659, lateral-4: 1.2822, lateral-5: 1.3704, epsilon: 491.1617]
2025-11-09 01:01:47.287591 Epoch [096/100], Step [0001/0001], [lateral-edge: 0.7574, lateral-2: 1.2076, lateral-3: 1.2659, lateral-4: 1.2822, lateral-5: 1.3704, epsilon: 495.7246]
2025-11-09 01:01:55.051133 Epoch [097/100], Step [0001/0001], [lateral-edge: 0.7574, lateral-2: 1.2076, lateral-3: 1.2659, lateral-4: 1.2822, lateral-5: 1.3704, epsilon: 500.2843]
2025-11-09 01:02:02.840697 Epoch [098/100], Step [0001/0001], [lateral-edge: 0.7574, lateral-2: 1.2076, lateral-3: 1.2659, lateral-4: 1.2822, lateral-5: 1.3704, epsilon: 504.8409]
2025-11-09 01:02:10.806485 Epoch [099/100], Step [0001/0001], [lateral-edge: 0.7574, lateral-2: 1.2076, lateral-3: 1.2659, lateral-4: 1.2822, lateral-5: 1.3704, epsilon: 509.3944]
[Saving Snapshot:] ./Snapshots/save_weights/Inf-Net_DP_Morph/both/batch_64/run_2/epsilon_200/nsgd/Inf-Net-100.pth
[Privacy Budget]: ε = 509.39 (δ = 1e-05)
2025-11-09 01:02:22.966526 Epoch [100/100], Step [0001/0001], [lateral-edge: 0.7574, lateral-2: 1.2076, lateral-3: 1.2659, lateral-4: 1.2822, lateral-5: 1.3704, epsilon: 513.9448]
Training completed at Sun Nov  9 01:02:25 CET 2025
