Backbone loading: Res2Net50
Trainable: 31,072,721 / 33,121,721 parameters
Validator raised issues with model. Attempting auto-fix...
Original error: UnsupportedModuleError
Model successfully fixed for differential privacy
Not loading weights from weights file
###################################################################### 
Start Training (Inf_Net-DP)
Network: Inf_Net
Batch Size: 48
DP Enabled (ε=200.0, δ=1e-05, clipping=base)
Morphology: Disabled
Architecture: GroupNorm (with DP)
Save Path: ./Snapshots/save_weights/Inf-Net_DP/batch_48/run_2/epsilon_200/base
Run: 2
Namespace(network='Inf_Net', epoch=100, lr=0.0001, batchsize=48, trainsize=352, clip=0.5, decay_rate=0.1, decay_epoch=50, is_thop=False, gpu_device=0, num_workers=8, net_channel=32, init_features=32, n_classes=1, in_channels=3, backbone='Res2Net50', deep_supervision=False, train_path='./Dataset/TrainingSet/LungInfection-Train/Doctor-label', is_semi=False, is_pseudo=False, train_save=None, run=2, enable_privacy=True, epsilon=200.0, max_grad_norm=1.2, delta=1e-05, clipping_strategy='base', enable_morphology=False, morph_operation='both', morph_kernel_size=3, device='cuda')
 ######################################################################
2025-11-09 00:35:55.844712 Epoch [001/100], Step [0002/0002], [lateral-edge: 0.8006, lateral-2: 1.5646, lateral-3: 1.5742, lateral-4: 1.5423, lateral-5: 1.5214, epsilon: 21.0900]
2025-11-09 00:36:00.744131 Epoch [002/100], Step [0002/0002], [lateral-edge: 0.7981, lateral-2: 1.5311, lateral-3: 1.5376, lateral-4: 1.5046, lateral-5: 1.5145, epsilon: 30.8019]
2025-11-09 00:36:05.485148 Epoch [003/100], Step [0002/0002], [lateral-edge: 0.8006, lateral-2: 1.4711, lateral-3: 1.4819, lateral-4: 1.4463, lateral-5: 1.4806, epsilon: 38.9286]
2025-11-09 00:36:10.596879 Epoch [004/100], Step [0002/0002], [lateral-edge: 0.7977, lateral-2: 1.4798, lateral-3: 1.4807, lateral-4: 1.4581, lateral-5: 1.4911, epsilon: 46.2706]
2025-11-09 00:36:15.250064 Epoch [005/100], Step [0002/0002], [lateral-edge: 0.7960, lateral-2: 1.4558, lateral-3: 1.4664, lateral-4: 1.4482, lateral-5: 1.4768, epsilon: 53.1211]
2025-11-09 00:36:19.865376 Epoch [006/100], Step [0002/0002], [lateral-edge: 0.7955, lateral-2: 1.4426, lateral-3: 1.4523, lateral-4: 1.4345, lateral-5: 1.4705, epsilon: 59.6264]
2025-11-09 00:36:24.474113 Epoch [007/100], Step [0002/0002], [lateral-edge: 0.7952, lateral-2: 1.4178, lateral-3: 1.4345, lateral-4: 1.4241, lateral-5: 1.4627, epsilon: 65.8722]
2025-11-09 00:36:28.971712 Epoch [008/100], Step [0002/0002], [lateral-edge: 0.7927, lateral-2: 1.4243, lateral-3: 1.4402, lateral-4: 1.4293, lateral-5: 1.4546, epsilon: 71.9138]
2025-11-09 00:36:32.983410 Epoch [009/100], Step [0002/0002], [lateral-edge: 0.7938, lateral-2: 1.3828, lateral-3: 1.4038, lateral-4: 1.3979, lateral-5: 1.4402, epsilon: 77.7891]
[Saving Snapshot:] ./Snapshots/save_weights/Inf-Net_DP/batch_48/run_2/epsilon_200/base/Inf-Net-10.pth
[Privacy Budget]: ε = 77.79 (δ = 1e-05)
2025-11-09 00:36:38.488411 Epoch [010/100], Step [0002/0002], [lateral-edge: 0.7900, lateral-2: 1.4008, lateral-3: 1.4156, lateral-4: 1.4220, lateral-5: 1.4496, epsilon: 83.5256]
2025-11-09 00:36:42.656350 Epoch [011/100], Step [0002/0002], [lateral-edge: 0.7893, lateral-2: 1.3720, lateral-3: 1.3887, lateral-4: 1.3917, lateral-5: 1.4321, epsilon: 89.1441]
2025-11-09 00:36:46.614809 Epoch [012/100], Step [0002/0002], [lateral-edge: 0.7869, lateral-2: 1.3650, lateral-3: 1.3956, lateral-4: 1.4076, lateral-5: 1.4319, epsilon: 94.6606]
2025-11-09 00:36:52.072869 Epoch [013/100], Step [0002/0002], [lateral-edge: 0.7850, lateral-2: 1.3406, lateral-3: 1.3710, lateral-4: 1.3745, lateral-5: 1.4179, epsilon: 100.0877]
2025-11-09 00:36:57.218013 Epoch [014/100], Step [0002/0002], [lateral-edge: 0.7814, lateral-2: 1.3406, lateral-3: 1.3674, lateral-4: 1.3765, lateral-5: 1.4174, epsilon: 105.4357]
2025-11-09 00:37:01.702461 Epoch [015/100], Step [0002/0002], [lateral-edge: 0.7790, lateral-2: 1.3225, lateral-3: 1.3601, lateral-4: 1.3706, lateral-5: 1.4141, epsilon: 110.7130]
2025-11-09 00:37:05.990128 Epoch [016/100], Step [0002/0002], [lateral-edge: 0.7761, lateral-2: 1.3181, lateral-3: 1.3530, lateral-4: 1.3701, lateral-5: 1.4093, epsilon: 115.9267]
2025-11-09 00:37:10.456532 Epoch [017/100], Step [0002/0002], [lateral-edge: 0.7748, lateral-2: 1.2931, lateral-3: 1.3307, lateral-4: 1.3355, lateral-5: 1.3976, epsilon: 121.0826]
2025-11-09 00:37:14.535051 Epoch [018/100], Step [0002/0002], [lateral-edge: 0.7721, lateral-2: 1.2937, lateral-3: 1.3337, lateral-4: 1.3464, lateral-5: 1.3983, epsilon: 126.1860]
2025-11-09 00:37:18.667466 Epoch [019/100], Step [0002/0002], [lateral-edge: 0.7693, lateral-2: 1.2774, lateral-3: 1.3130, lateral-4: 1.3203, lateral-5: 1.3876, epsilon: 131.2411]
[Saving Snapshot:] ./Snapshots/save_weights/Inf-Net_DP/batch_48/run_2/epsilon_200/base/Inf-Net-20.pth
[Privacy Budget]: ε = 131.24 (δ = 1e-05)
2025-11-09 00:37:24.459480 Epoch [020/100], Step [0002/0002], [lateral-edge: 0.7675, lateral-2: 1.2678, lateral-3: 1.3097, lateral-4: 1.3164, lateral-5: 1.3839, epsilon: 136.2517]
2025-11-09 00:37:29.138102 Epoch [021/100], Step [0002/0002], [lateral-edge: 0.7653, lateral-2: 1.2746, lateral-3: 1.3120, lateral-4: 1.3214, lateral-5: 1.3847, epsilon: 141.2211]
2025-11-09 00:37:33.848416 Epoch [022/100], Step [0002/0002], [lateral-edge: 0.7640, lateral-2: 1.2545, lateral-3: 1.3059, lateral-4: 1.3082, lateral-5: 1.3774, epsilon: 146.1524]
2025-11-09 00:37:38.990635 Epoch [023/100], Step [0002/0002], [lateral-edge: 0.7624, lateral-2: 1.2485, lateral-3: 1.2958, lateral-4: 1.3069, lateral-5: 1.3700, epsilon: 151.0480]
2025-11-09 00:37:43.783268 Epoch [024/100], Step [0002/0002], [lateral-edge: 0.7618, lateral-2: 1.2390, lateral-3: 1.2807, lateral-4: 1.2975, lateral-5: 1.3618, epsilon: 155.9103]
2025-11-09 00:37:49.079293 Epoch [025/100], Step [0002/0002], [lateral-edge: 0.7609, lateral-2: 1.2379, lateral-3: 1.2828, lateral-4: 1.3020, lateral-5: 1.3628, epsilon: 160.7414]
2025-11-09 00:37:53.686057 Epoch [026/100], Step [0002/0002], [lateral-edge: 0.7603, lateral-2: 1.2347, lateral-3: 1.2734, lateral-4: 1.2876, lateral-5: 1.3574, epsilon: 165.5432]
2025-11-09 00:37:59.183989 Epoch [027/100], Step [0002/0002], [lateral-edge: 0.7594, lateral-2: 1.2215, lateral-3: 1.2675, lateral-4: 1.2820, lateral-5: 1.3556, epsilon: 170.3173]
2025-11-09 00:38:03.931858 Epoch [028/100], Step [0002/0002], [lateral-edge: 0.7591, lateral-2: 1.2146, lateral-3: 1.2617, lateral-4: 1.2749, lateral-5: 1.3491, epsilon: 175.0652]
2025-11-09 00:38:08.964573 Epoch [029/100], Step [0002/0002], [lateral-edge: 0.7572, lateral-2: 1.2097, lateral-3: 1.2616, lateral-4: 1.2742, lateral-5: 1.3487, epsilon: 179.7884]
[Saving Snapshot:] ./Snapshots/save_weights/Inf-Net_DP/batch_48/run_2/epsilon_200/base/Inf-Net-30.pth
[Privacy Budget]: ε = 179.79 (δ = 1e-05)
2025-11-09 00:38:16.108760 Epoch [030/100], Step [0002/0002], [lateral-edge: 0.7582, lateral-2: 1.2199, lateral-3: 1.2597, lateral-4: 1.2790, lateral-5: 1.3438, epsilon: 184.4881]
2025-11-09 00:38:21.030538 Epoch [031/100], Step [0002/0002], [lateral-edge: 0.7568, lateral-2: 1.2260, lateral-3: 1.2669, lateral-4: 1.2747, lateral-5: 1.3471, epsilon: 189.1655]
2025-11-09 00:38:26.985079 Epoch [032/100], Step [0002/0002], [lateral-edge: 0.7567, lateral-2: 1.2112, lateral-3: 1.2504, lateral-4: 1.2612, lateral-5: 1.3380, epsilon: 193.8217]
2025-11-09 00:38:32.859152 Epoch [033/100], Step [0002/0002], [lateral-edge: 0.7560, lateral-2: 1.1882, lateral-3: 1.2390, lateral-4: 1.2550, lateral-5: 1.3363, epsilon: 198.4577]
2025-11-09 00:38:37.875110 Epoch [034/100], Step [0002/0002], [lateral-edge: 0.7568, lateral-2: 1.1987, lateral-3: 1.2349, lateral-4: 1.2566, lateral-5: 1.3291, epsilon: 203.0744]
2025-11-09 00:38:42.813041 Epoch [035/100], Step [0002/0002], [lateral-edge: 0.7559, lateral-2: 1.2038, lateral-3: 1.2450, lateral-4: 1.2582, lateral-5: 1.3310, epsilon: 207.6726]
2025-11-09 00:38:48.613148 Epoch [036/100], Step [0002/0002], [lateral-edge: 0.7548, lateral-2: 1.1804, lateral-3: 1.2276, lateral-4: 1.2429, lateral-5: 1.3289, epsilon: 212.2532]
2025-11-09 00:38:54.298861 Epoch [037/100], Step [0002/0002], [lateral-edge: 0.7542, lateral-2: 1.1763, lateral-3: 1.2238, lateral-4: 1.2355, lateral-5: 1.3254, epsilon: 216.8168]
2025-11-09 00:38:59.728255 Epoch [038/100], Step [0002/0002], [lateral-edge: 0.7543, lateral-2: 1.1786, lateral-3: 1.2162, lateral-4: 1.2342, lateral-5: 1.3155, epsilon: 221.3641]
2025-11-09 00:39:05.426847 Epoch [039/100], Step [0002/0002], [lateral-edge: 0.7538, lateral-2: 1.1627, lateral-3: 1.2042, lateral-4: 1.2235, lateral-5: 1.3082, epsilon: 225.8959]
[Saving Snapshot:] ./Snapshots/save_weights/Inf-Net_DP/batch_48/run_2/epsilon_200/base/Inf-Net-40.pth
[Privacy Budget]: ε = 225.90 (δ = 1e-05)
2025-11-09 00:39:13.894355 Epoch [040/100], Step [0002/0002], [lateral-edge: 0.7530, lateral-2: 1.1825, lateral-3: 1.2179, lateral-4: 1.2413, lateral-5: 1.3169, epsilon: 230.4126]
2025-11-09 00:39:19.686459 Epoch [041/100], Step [0002/0002], [lateral-edge: 0.7543, lateral-2: 1.1653, lateral-3: 1.2011, lateral-4: 1.2282, lateral-5: 1.3020, epsilon: 234.9149]
2025-11-09 00:39:25.571351 Epoch [042/100], Step [0002/0002], [lateral-edge: 0.7525, lateral-2: 1.1487, lateral-3: 1.1925, lateral-4: 1.2125, lateral-5: 1.3034, epsilon: 239.4033]
2025-11-09 00:39:31.593053 Epoch [043/100], Step [0002/0002], [lateral-edge: 0.7518, lateral-2: 1.1571, lateral-3: 1.1925, lateral-4: 1.2144, lateral-5: 1.3014, epsilon: 243.8782]
2025-11-09 00:39:37.129726 Epoch [044/100], Step [0002/0002], [lateral-edge: 0.7515, lateral-2: 1.1566, lateral-3: 1.2013, lateral-4: 1.2202, lateral-5: 1.3006, epsilon: 248.3402]
2025-11-09 00:39:41.881547 Epoch [045/100], Step [0002/0002], [lateral-edge: 0.7513, lateral-2: 1.1409, lateral-3: 1.1809, lateral-4: 1.2004, lateral-5: 1.2847, epsilon: 252.7896]
2025-11-09 00:39:47.512432 Epoch [046/100], Step [0002/0002], [lateral-edge: 0.7508, lateral-2: 1.1438, lateral-3: 1.1921, lateral-4: 1.2064, lateral-5: 1.2964, epsilon: 257.2270]
2025-11-09 00:39:52.411346 Epoch [047/100], Step [0002/0002], [lateral-edge: 0.7510, lateral-2: 1.1387, lateral-3: 1.1769, lateral-4: 1.1924, lateral-5: 1.2844, epsilon: 261.6526]
2025-11-09 00:39:57.608888 Epoch [048/100], Step [0002/0002], [lateral-edge: 0.7499, lateral-2: 1.1429, lateral-3: 1.1905, lateral-4: 1.2100, lateral-5: 1.2908, epsilon: 266.0670]
2025-11-09 00:40:04.025990 Epoch [049/100], Step [0002/0002], [lateral-edge: 0.7497, lateral-2: 1.1559, lateral-3: 1.2072, lateral-4: 1.2278, lateral-5: 1.3037, epsilon: 270.4703]
[Saving Snapshot:] ./Snapshots/save_weights/Inf-Net_DP/batch_48/run_2/epsilon_200/base/Inf-Net-50.pth
[Privacy Budget]: ε = 270.47 (δ = 1e-05)
2025-11-09 00:40:12.967176 Epoch [050/100], Step [0002/0002], [lateral-edge: 0.7504, lateral-2: 1.1265, lateral-3: 1.1703, lateral-4: 1.1918, lateral-5: 1.2745, epsilon: 274.8630]
2025-11-09 00:40:19.193000 Epoch [051/100], Step [0002/0002], [lateral-edge: 0.7506, lateral-2: 1.1267, lateral-3: 1.1721, lateral-4: 1.1974, lateral-5: 1.2852, epsilon: 279.2453]
2025-11-09 00:40:24.357971 Epoch [052/100], Step [0002/0002], [lateral-edge: 0.7501, lateral-2: 1.1260, lateral-3: 1.1683, lateral-4: 1.1894, lateral-5: 1.2772, epsilon: 283.6177]
2025-11-09 00:40:31.115153 Epoch [053/100], Step [0002/0002], [lateral-edge: 0.7507, lateral-2: 1.1218, lateral-3: 1.1695, lateral-4: 1.1949, lateral-5: 1.2832, epsilon: 287.9803]
2025-11-09 00:40:37.614029 Epoch [054/100], Step [0002/0002], [lateral-edge: 0.7490, lateral-2: 1.1462, lateral-3: 1.1861, lateral-4: 1.1986, lateral-5: 1.2924, epsilon: 292.3335]
2025-11-09 00:40:44.670190 Epoch [055/100], Step [0002/0002], [lateral-edge: 0.7502, lateral-2: 1.1346, lateral-3: 1.1860, lateral-4: 1.2063, lateral-5: 1.2895, epsilon: 296.6774]
2025-11-09 00:40:51.569852 Epoch [056/100], Step [0002/0002], [lateral-edge: 0.7496, lateral-2: 1.1272, lateral-3: 1.1694, lateral-4: 1.1914, lateral-5: 1.2750, epsilon: 301.0124]
2025-11-09 00:40:58.248816 Epoch [057/100], Step [0002/0002], [lateral-edge: 0.7500, lateral-2: 1.1404, lateral-3: 1.1821, lateral-4: 1.1975, lateral-5: 1.2843, epsilon: 305.3387]
2025-11-09 00:41:04.752699 Epoch [058/100], Step [0002/0002], [lateral-edge: 0.7502, lateral-2: 1.1195, lateral-3: 1.1696, lateral-4: 1.1975, lateral-5: 1.2808, epsilon: 309.6566]
2025-11-09 00:41:10.477526 Epoch [059/100], Step [0002/0002], [lateral-edge: 0.7488, lateral-2: 1.1335, lateral-3: 1.1840, lateral-4: 1.2001, lateral-5: 1.2899, epsilon: 313.9661]
[Saving Snapshot:] ./Snapshots/save_weights/Inf-Net_DP/batch_48/run_2/epsilon_200/base/Inf-Net-60.pth
[Privacy Budget]: ε = 313.97 (δ = 1e-05)
2025-11-09 00:41:20.052186 Epoch [060/100], Step [0002/0002], [lateral-edge: 0.7503, lateral-2: 1.1173, lateral-3: 1.1616, lateral-4: 1.1903, lateral-5: 1.2727, epsilon: 318.2676]
2025-11-09 00:41:26.979354 Epoch [061/100], Step [0002/0002], [lateral-edge: 0.7503, lateral-2: 1.1413, lateral-3: 1.1898, lateral-4: 1.2067, lateral-5: 1.2913, epsilon: 322.5613]
2025-11-09 00:41:34.065333 Epoch [062/100], Step [0002/0002], [lateral-edge: 0.7494, lateral-2: 1.1187, lateral-3: 1.1676, lateral-4: 1.1836, lateral-5: 1.2747, epsilon: 326.8473]
2025-11-09 00:41:41.409781 Epoch [063/100], Step [0002/0002], [lateral-edge: 0.7498, lateral-2: 1.1074, lateral-3: 1.1575, lateral-4: 1.1833, lateral-5: 1.2714, epsilon: 331.1259]
2025-11-09 00:41:48.833280 Epoch [064/100], Step [0002/0002], [lateral-edge: 0.7498, lateral-2: 1.1121, lateral-3: 1.1656, lateral-4: 1.1936, lateral-5: 1.2833, epsilon: 335.3971]
2025-11-09 00:41:56.320819 Epoch [065/100], Step [0002/0002], [lateral-edge: 0.7504, lateral-2: 1.1398, lateral-3: 1.1859, lateral-4: 1.2062, lateral-5: 1.2963, epsilon: 339.6612]
2025-11-09 00:42:03.695452 Epoch [066/100], Step [0002/0002], [lateral-edge: 0.7497, lateral-2: 1.1205, lateral-3: 1.1658, lateral-4: 1.1900, lateral-5: 1.2735, epsilon: 343.9184]
2025-11-09 00:42:11.082744 Epoch [067/100], Step [0002/0002], [lateral-edge: 0.7502, lateral-2: 1.1008, lateral-3: 1.1574, lateral-4: 1.1849, lateral-5: 1.2703, epsilon: 348.1688]
2025-11-09 00:42:19.348870 Epoch [068/100], Step [0002/0002], [lateral-edge: 0.7495, lateral-2: 1.1377, lateral-3: 1.1789, lateral-4: 1.1924, lateral-5: 1.2837, epsilon: 352.4125]
2025-11-09 00:42:25.388617 Epoch [069/100], Step [0002/0002], [lateral-edge: 0.7500, lateral-2: 1.1257, lateral-3: 1.1691, lateral-4: 1.1851, lateral-5: 1.2772, epsilon: 356.6497]
[Saving Snapshot:] ./Snapshots/save_weights/Inf-Net_DP/batch_48/run_2/epsilon_200/base/Inf-Net-70.pth
[Privacy Budget]: ε = 356.65 (δ = 1e-05)
2025-11-09 00:42:35.301576 Epoch [070/100], Step [0002/0002], [lateral-edge: 0.7501, lateral-2: 1.1389, lateral-3: 1.1851, lateral-4: 1.2051, lateral-5: 1.2911, epsilon: 360.8806]
2025-11-09 00:42:43.016817 Epoch [071/100], Step [0002/0002], [lateral-edge: 0.7496, lateral-2: 1.1307, lateral-3: 1.1782, lateral-4: 1.1991, lateral-5: 1.2871, epsilon: 365.1052]
2025-11-09 00:42:50.550295 Epoch [072/100], Step [0002/0002], [lateral-edge: 0.7497, lateral-2: 1.1191, lateral-3: 1.1655, lateral-4: 1.1883, lateral-5: 1.2768, epsilon: 369.3238]
2025-11-09 00:42:58.432922 Epoch [073/100], Step [0002/0002], [lateral-edge: 0.7499, lateral-2: 1.1301, lateral-3: 1.1773, lateral-4: 1.1972, lateral-5: 1.2854, epsilon: 373.5364]
2025-11-09 00:43:06.536996 Epoch [074/100], Step [0002/0002], [lateral-edge: 0.7504, lateral-2: 1.1302, lateral-3: 1.1753, lateral-4: 1.2001, lateral-5: 1.2818, epsilon: 377.7431]
2025-11-09 00:43:16.804428 Epoch [075/100], Step [0002/0002], [lateral-edge: 0.7489, lateral-2: 1.1406, lateral-3: 1.1891, lateral-4: 1.2071, lateral-5: 1.2909, epsilon: 381.9441]
2025-11-09 00:43:25.199893 Epoch [076/100], Step [0002/0002], [lateral-edge: 0.7505, lateral-2: 1.1199, lateral-3: 1.1655, lateral-4: 1.1869, lateral-5: 1.2769, epsilon: 386.1395]
2025-11-09 00:43:33.694576 Epoch [077/100], Step [0002/0002], [lateral-edge: 0.7496, lateral-2: 1.1309, lateral-3: 1.1806, lateral-4: 1.1999, lateral-5: 1.2867, epsilon: 390.3294]
2025-11-09 00:43:42.341208 Epoch [078/100], Step [0002/0002], [lateral-edge: 0.7500, lateral-2: 1.1314, lateral-3: 1.1821, lateral-4: 1.2034, lateral-5: 1.2915, epsilon: 394.5139]
2025-11-09 00:43:52.946335 Epoch [079/100], Step [0002/0002], [lateral-edge: 0.7498, lateral-2: 1.1372, lateral-3: 1.1783, lateral-4: 1.2004, lateral-5: 1.2877, epsilon: 398.6931]
[Saving Snapshot:] ./Snapshots/save_weights/Inf-Net_DP/batch_48/run_2/epsilon_200/base/Inf-Net-80.pth
[Privacy Budget]: ε = 398.69 (δ = 1e-05)
2025-11-09 00:44:08.260167 Epoch [080/100], Step [0002/0002], [lateral-edge: 0.7499, lateral-2: 1.1422, lateral-3: 1.1857, lateral-4: 1.1971, lateral-5: 1.2876, epsilon: 402.8671]
2025-11-09 00:44:16.852280 Epoch [081/100], Step [0002/0002], [lateral-edge: 0.7491, lateral-2: 1.1368, lateral-3: 1.1795, lateral-4: 1.1963, lateral-5: 1.2814, epsilon: 407.0361]
2025-11-09 00:44:26.019223 Epoch [082/100], Step [0002/0002], [lateral-edge: 0.7499, lateral-2: 1.1305, lateral-3: 1.1777, lateral-4: 1.1991, lateral-5: 1.2855, epsilon: 411.2000]
2025-11-09 00:44:34.620401 Epoch [083/100], Step [0002/0002], [lateral-edge: 0.7494, lateral-2: 1.0982, lateral-3: 1.1539, lateral-4: 1.1768, lateral-5: 1.2775, epsilon: 415.3590]
2025-11-09 00:44:43.045731 Epoch [084/100], Step [0002/0002], [lateral-edge: 0.7497, lateral-2: 1.1284, lateral-3: 1.1806, lateral-4: 1.2029, lateral-5: 1.2891, epsilon: 419.5133]
2025-11-09 00:44:50.550322 Epoch [085/100], Step [0002/0002], [lateral-edge: 0.7488, lateral-2: 1.1153, lateral-3: 1.1698, lateral-4: 1.1844, lateral-5: 1.2829, epsilon: 423.6627]
2025-11-09 00:44:59.800104 Epoch [086/100], Step [0002/0002], [lateral-edge: 0.7505, lateral-2: 1.1381, lateral-3: 1.1812, lateral-4: 1.2030, lateral-5: 1.2900, epsilon: 427.8076]
2025-11-09 00:45:08.875572 Epoch [087/100], Step [0002/0002], [lateral-edge: 0.7510, lateral-2: 1.1424, lateral-3: 1.1834, lateral-4: 1.2018, lateral-5: 1.2860, epsilon: 431.9478]
2025-11-09 00:45:17.662693 Epoch [088/100], Step [0002/0002], [lateral-edge: 0.7493, lateral-2: 1.1275, lateral-3: 1.1763, lateral-4: 1.2003, lateral-5: 1.2812, epsilon: 436.0836]
2025-11-09 00:45:26.315814 Epoch [089/100], Step [0002/0002], [lateral-edge: 0.7506, lateral-2: 1.1252, lateral-3: 1.1727, lateral-4: 1.2008, lateral-5: 1.2797, epsilon: 440.2150]
[Saving Snapshot:] ./Snapshots/save_weights/Inf-Net_DP/batch_48/run_2/epsilon_200/base/Inf-Net-90.pth
[Privacy Budget]: ε = 440.21 (δ = 1e-05)
2025-11-09 00:45:39.780184 Epoch [090/100], Step [0002/0002], [lateral-edge: 0.7500, lateral-2: 1.1285, lateral-3: 1.1734, lateral-4: 1.1932, lateral-5: 1.2827, epsilon: 444.3420]
2025-11-09 00:45:50.209381 Epoch [091/100], Step [0002/0002], [lateral-edge: 0.7502, lateral-2: 1.1323, lateral-3: 1.1829, lateral-4: 1.2052, lateral-5: 1.2851, epsilon: 448.4648]
2025-11-09 00:45:59.804452 Epoch [092/100], Step [0002/0002], [lateral-edge: 0.7506, lateral-2: 1.1334, lateral-3: 1.1794, lateral-4: 1.2023, lateral-5: 1.2862, epsilon: 452.5833]
2025-11-09 00:46:06.939487 Epoch [093/100], Step [0002/0002], [lateral-edge: 0.7504, lateral-2: 1.1261, lateral-3: 1.1739, lateral-4: 1.1941, lateral-5: 1.2852, epsilon: 456.6978]
2025-11-09 00:46:19.856442 Epoch [094/100], Step [0002/0002], [lateral-edge: 0.7496, lateral-2: 1.1167, lateral-3: 1.1622, lateral-4: 1.1882, lateral-5: 1.2755, epsilon: 460.8081]
2025-11-09 00:46:26.784566 Epoch [095/100], Step [0002/0002], [lateral-edge: 0.7503, lateral-2: 1.1282, lateral-3: 1.1817, lateral-4: 1.2045, lateral-5: 1.2925, epsilon: 464.9145]
2025-11-09 00:46:34.124594 Epoch [096/100], Step [0002/0002], [lateral-edge: 0.7486, lateral-2: 1.1310, lateral-3: 1.1800, lateral-4: 1.1994, lateral-5: 1.2875, epsilon: 469.0170]
2025-11-09 00:46:47.404631 Epoch [097/100], Step [0002/0002], [lateral-edge: 0.7502, lateral-2: 1.0999, lateral-3: 1.1509, lateral-4: 1.1795, lateral-5: 1.2681, epsilon: 473.1155]
2025-11-09 00:46:57.012037 Epoch [098/100], Step [0002/0002], [lateral-edge: 0.7506, lateral-2: 1.1145, lateral-3: 1.1598, lateral-4: 1.1824, lateral-5: 1.2714, epsilon: 477.2103]
2025-11-09 00:47:11.136459 Epoch [099/100], Step [0002/0002], [lateral-edge: 0.7499, lateral-2: 1.1167, lateral-3: 1.1702, lateral-4: 1.1994, lateral-5: 1.2863, epsilon: 481.3013]
[Saving Snapshot:] ./Snapshots/save_weights/Inf-Net_DP/batch_48/run_2/epsilon_200/base/Inf-Net-100.pth
[Privacy Budget]: ε = 481.30 (δ = 1e-05)
2025-11-09 00:47:30.662822 Epoch [100/100], Step [0002/0002], [lateral-edge: 0.7498, lateral-2: 1.1272, lateral-3: 1.1783, lateral-4: 1.1986, lateral-5: 1.2840, epsilon: 485.3886]
Training completed at Sun Nov  9 00:47:33 CET 2025
