Backbone loading: Res2Net50
Trainable: 31,072,721 / 33,121,721 parameters
Validator raised issues with model. Attempting auto-fix...
Original error: UnsupportedModuleError
Model successfully fixed for differential privacy
Not loading weights from weights file
###################################################################### 
Start Training (Inf_Net-DP)
Network: Inf_Net
Batch Size: 48
DP Enabled (ε=8.0, δ=1e-05, clipping=psac)
Morphology: Disabled
Architecture: GroupNorm (with DP)
Save Path: ./Snapshots/save_weights/Inf-Net_DP/batch_48/run_3/epsilon_8/psac
Run: 3
Namespace(network='Inf_Net', epoch=100, lr=0.0001, batchsize=48, trainsize=352, clip=0.5, decay_rate=0.1, decay_epoch=50, is_thop=False, gpu_device=0, num_workers=8, net_channel=32, init_features=32, n_classes=1, in_channels=3, backbone='Res2Net50', deep_supervision=False, train_path='./Dataset/TrainingSet/LungInfection-Train/Doctor-label', is_semi=False, is_pseudo=False, train_save=None, run=3, enable_privacy=True, epsilon=8.0, max_grad_norm=1.2, delta=1e-05, clipping_strategy='psac', enable_morphology=False, morph_operation='both', morph_kernel_size=3, device='cuda')
 ######################################################################
2025-11-09 00:35:36.182866 Epoch [001/100], Step [0002/0002], [lateral-edge: 0.7668, lateral-2: 1.6543, lateral-3: 1.7048, lateral-4: 1.6239, lateral-5: 1.5501, epsilon: 1.1725]
2025-11-09 00:35:39.574679 Epoch [002/100], Step [0002/0002], [lateral-edge: 0.7657, lateral-2: 1.6246, lateral-3: 1.6814, lateral-4: 1.6044, lateral-5: 1.5415, epsilon: 1.6749]
2025-11-09 00:35:43.122598 Epoch [003/100], Step [0002/0002], [lateral-edge: 0.7650, lateral-2: 1.6079, lateral-3: 1.6621, lateral-4: 1.5890, lateral-5: 1.5380, epsilon: 2.0737]
2025-11-09 00:35:47.182346 Epoch [004/100], Step [0002/0002], [lateral-edge: 0.7664, lateral-2: 1.6111, lateral-3: 1.6596, lateral-4: 1.5882, lateral-5: 1.5379, epsilon: 2.4184]
2025-11-09 00:35:50.515388 Epoch [005/100], Step [0002/0002], [lateral-edge: 0.7671, lateral-2: 1.6201, lateral-3: 1.6649, lateral-4: 1.5933, lateral-5: 1.5480, epsilon: 2.7282]
2025-11-09 00:35:54.267218 Epoch [006/100], Step [0002/0002], [lateral-edge: 0.7652, lateral-2: 1.6005, lateral-3: 1.6440, lateral-4: 1.5769, lateral-5: 1.5361, epsilon: 3.0131]
2025-11-09 00:35:57.755682 Epoch [007/100], Step [0002/0002], [lateral-edge: 0.7662, lateral-2: 1.6007, lateral-3: 1.6317, lateral-4: 1.5711, lateral-5: 1.5416, epsilon: 3.2790]
2025-11-09 00:36:01.408530 Epoch [008/100], Step [0002/0002], [lateral-edge: 0.7652, lateral-2: 1.5817, lateral-3: 1.6170, lateral-4: 1.5538, lateral-5: 1.5327, epsilon: 3.5299]
2025-11-09 00:36:04.621019 Epoch [009/100], Step [0002/0002], [lateral-edge: 0.7650, lateral-2: 1.5717, lateral-3: 1.6012, lateral-4: 1.5439, lateral-5: 1.5302, epsilon: 3.7684]
[Saving Snapshot:] ./Snapshots/save_weights/Inf-Net_DP/batch_48/run_3/epsilon_8/psac/Inf-Net-10.pth
[Privacy Budget]: ε = 3.77 (δ = 1e-05)
2025-11-09 00:36:08.330808 Epoch [010/100], Step [0002/0002], [lateral-edge: 0.7658, lateral-2: 1.5763, lateral-3: 1.6073, lateral-4: 1.5445, lateral-5: 1.5323, epsilon: 3.9966]
2025-11-09 00:36:11.812885 Epoch [011/100], Step [0002/0002], [lateral-edge: 0.7667, lateral-2: 1.5867, lateral-3: 1.6168, lateral-4: 1.5572, lateral-5: 1.5411, epsilon: 4.2158]
2025-11-09 00:36:15.122311 Epoch [012/100], Step [0002/0002], [lateral-edge: 0.7657, lateral-2: 1.5576, lateral-3: 1.5894, lateral-4: 1.5278, lateral-5: 1.5249, epsilon: 4.4274]
2025-11-09 00:36:18.455291 Epoch [013/100], Step [0002/0002], [lateral-edge: 0.7673, lateral-2: 1.5692, lateral-3: 1.5991, lateral-4: 1.5394, lateral-5: 1.5344, epsilon: 4.6322]
2025-11-09 00:36:22.084464 Epoch [014/100], Step [0002/0002], [lateral-edge: 0.7650, lateral-2: 1.5561, lateral-3: 1.5847, lateral-4: 1.5275, lateral-5: 1.5258, epsilon: 4.8310]
2025-11-09 00:36:25.656188 Epoch [015/100], Step [0002/0002], [lateral-edge: 0.7659, lateral-2: 1.5521, lateral-3: 1.5812, lateral-4: 1.5253, lateral-5: 1.5311, epsilon: 5.0245]
2025-11-09 00:36:28.837368 Epoch [016/100], Step [0002/0002], [lateral-edge: 0.7647, lateral-2: 1.5440, lateral-3: 1.5709, lateral-4: 1.5175, lateral-5: 1.5232, epsilon: 5.2130]
2025-11-09 00:36:32.240648 Epoch [017/100], Step [0002/0002], [lateral-edge: 0.7641, lateral-2: 1.5287, lateral-3: 1.5578, lateral-4: 1.5023, lateral-5: 1.5114, epsilon: 5.3971]
2025-11-09 00:36:35.522328 Epoch [018/100], Step [0002/0002], [lateral-edge: 0.7661, lateral-2: 1.5514, lateral-3: 1.5714, lateral-4: 1.5192, lateral-5: 1.5299, epsilon: 5.5772]
2025-11-09 00:36:39.296765 Epoch [019/100], Step [0002/0002], [lateral-edge: 0.7649, lateral-2: 1.5472, lateral-3: 1.5726, lateral-4: 1.5190, lateral-5: 1.5233, epsilon: 5.7536]
[Saving Snapshot:] ./Snapshots/save_weights/Inf-Net_DP/batch_48/run_3/epsilon_8/psac/Inf-Net-20.pth
[Privacy Budget]: ε = 5.75 (δ = 1e-05)
2025-11-09 00:36:42.947656 Epoch [020/100], Step [0002/0002], [lateral-edge: 0.7663, lateral-2: 1.5560, lateral-3: 1.5729, lateral-4: 1.5196, lateral-5: 1.5237, epsilon: 5.9266]
2025-11-09 00:36:46.238440 Epoch [021/100], Step [0002/0002], [lateral-edge: 0.7653, lateral-2: 1.5186, lateral-3: 1.5442, lateral-4: 1.4907, lateral-5: 1.5131, epsilon: 6.0963]
2025-11-09 00:36:49.560863 Epoch [022/100], Step [0002/0002], [lateral-edge: 0.7635, lateral-2: 1.5263, lateral-3: 1.5459, lateral-4: 1.5001, lateral-5: 1.5178, epsilon: 6.2631]
2025-11-09 00:36:52.640163 Epoch [023/100], Step [0002/0002], [lateral-edge: 0.7656, lateral-2: 1.5699, lateral-3: 1.5882, lateral-4: 1.5390, lateral-5: 1.5383, epsilon: 6.4272]
2025-11-09 00:36:55.875824 Epoch [024/100], Step [0002/0002], [lateral-edge: 0.7639, lateral-2: 1.5319, lateral-3: 1.5546, lateral-4: 1.5080, lateral-5: 1.5213, epsilon: 6.5886]
2025-11-09 00:36:59.136090 Epoch [025/100], Step [0002/0002], [lateral-edge: 0.7654, lateral-2: 1.5483, lateral-3: 1.5660, lateral-4: 1.5204, lateral-5: 1.5359, epsilon: 6.7477]
2025-11-09 00:37:02.495395 Epoch [026/100], Step [0002/0002], [lateral-edge: 0.7641, lateral-2: 1.5073, lateral-3: 1.5283, lateral-4: 1.4810, lateral-5: 1.5078, epsilon: 6.9044]
2025-11-09 00:37:05.838614 Epoch [027/100], Step [0002/0002], [lateral-edge: 0.7658, lateral-2: 1.5445, lateral-3: 1.5698, lateral-4: 1.5197, lateral-5: 1.5303, epsilon: 7.0590]
2025-11-09 00:37:09.456694 Epoch [028/100], Step [0002/0002], [lateral-edge: 0.7652, lateral-2: 1.5286, lateral-3: 1.5494, lateral-4: 1.5041, lateral-5: 1.5190, epsilon: 7.2116]
2025-11-09 00:37:12.837061 Epoch [029/100], Step [0002/0002], [lateral-edge: 0.7651, lateral-2: 1.5168, lateral-3: 1.5290, lateral-4: 1.4848, lateral-5: 1.5118, epsilon: 7.3622]
[Saving Snapshot:] ./Snapshots/save_weights/Inf-Net_DP/batch_48/run_3/epsilon_8/psac/Inf-Net-30.pth
[Privacy Budget]: ε = 7.36 (δ = 1e-05)
2025-11-09 00:37:16.659669 Epoch [030/100], Step [0002/0002], [lateral-edge: 0.7625, lateral-2: 1.4981, lateral-3: 1.5123, lateral-4: 1.4690, lateral-5: 1.4977, epsilon: 7.5110]
2025-11-09 00:37:19.729241 Epoch [031/100], Step [0002/0002], [lateral-edge: 0.7654, lateral-2: 1.5223, lateral-3: 1.5292, lateral-4: 1.4914, lateral-5: 1.5198, epsilon: 7.6580]
2025-11-09 00:37:23.094822 Epoch [032/100], Step [0002/0002], [lateral-edge: 0.7677, lateral-2: 1.5400, lateral-3: 1.5506, lateral-4: 1.5085, lateral-5: 1.5259, epsilon: 7.8034]
2025-11-09 00:37:26.549751 Epoch [033/100], Step [0002/0002], [lateral-edge: 0.7647, lateral-2: 1.5070, lateral-3: 1.5203, lateral-4: 1.4807, lateral-5: 1.5090, epsilon: 7.9472]
2025-11-09 00:37:29.888724 Epoch [034/100], Step [0002/0002], [lateral-edge: 0.7643, lateral-2: 1.4959, lateral-3: 1.5090, lateral-4: 1.4668, lateral-5: 1.5015, epsilon: 8.0895]
2025-11-09 00:37:32.824758 Epoch [035/100], Step [0002/0002], [lateral-edge: 0.7670, lateral-2: 1.5326, lateral-3: 1.5433, lateral-4: 1.5017, lateral-5: 1.5184, epsilon: 8.2303]
2025-11-09 00:37:36.379097 Epoch [036/100], Step [0002/0002], [lateral-edge: 0.7653, lateral-2: 1.4979, lateral-3: 1.5093, lateral-4: 1.4670, lateral-5: 1.4982, epsilon: 8.3697]
2025-11-09 00:37:39.232260 Epoch [037/100], Step [0002/0002], [lateral-edge: 0.7637, lateral-2: 1.4863, lateral-3: 1.5045, lateral-4: 1.4593, lateral-5: 1.4990, epsilon: 8.5078]
2025-11-09 00:37:42.244453 Epoch [038/100], Step [0002/0002], [lateral-edge: 0.7649, lateral-2: 1.5221, lateral-3: 1.5355, lateral-4: 1.4959, lateral-5: 1.5161, epsilon: 8.6447]
2025-11-09 00:37:45.765324 Epoch [039/100], Step [0002/0002], [lateral-edge: 0.7640, lateral-2: 1.5191, lateral-3: 1.5323, lateral-4: 1.4947, lateral-5: 1.5178, epsilon: 8.7803]
[Saving Snapshot:] ./Snapshots/save_weights/Inf-Net_DP/batch_48/run_3/epsilon_8/psac/Inf-Net-40.pth
[Privacy Budget]: ε = 8.78 (δ = 1e-05)
2025-11-09 00:37:49.433315 Epoch [040/100], Step [0002/0002], [lateral-edge: 0.7647, lateral-2: 1.4997, lateral-3: 1.5193, lateral-4: 1.4758, lateral-5: 1.5128, epsilon: 8.9147]
2025-11-09 00:37:52.759050 Epoch [041/100], Step [0002/0002], [lateral-edge: 0.7639, lateral-2: 1.5171, lateral-3: 1.5242, lateral-4: 1.4892, lateral-5: 1.5149, epsilon: 9.0480]
2025-11-09 00:37:56.138949 Epoch [042/100], Step [0002/0002], [lateral-edge: 0.7631, lateral-2: 1.4943, lateral-3: 1.5066, lateral-4: 1.4717, lateral-5: 1.5079, epsilon: 9.1801]
2025-11-09 00:37:59.283353 Epoch [043/100], Step [0002/0002], [lateral-edge: 0.7635, lateral-2: 1.5027, lateral-3: 1.5161, lateral-4: 1.4774, lateral-5: 1.5121, epsilon: 9.3112]
2025-11-09 00:38:02.795355 Epoch [044/100], Step [0002/0002], [lateral-edge: 0.7627, lateral-2: 1.4844, lateral-3: 1.5086, lateral-4: 1.4647, lateral-5: 1.5019, epsilon: 9.4413]
2025-11-09 00:38:05.742016 Epoch [045/100], Step [0002/0002], [lateral-edge: 0.7626, lateral-2: 1.4936, lateral-3: 1.5091, lateral-4: 1.4702, lateral-5: 1.5076, epsilon: 9.5704]
2025-11-09 00:38:09.149049 Epoch [046/100], Step [0002/0002], [lateral-edge: 0.7633, lateral-2: 1.4866, lateral-3: 1.5020, lateral-4: 1.4625, lateral-5: 1.5075, epsilon: 9.6986]
2025-11-09 00:38:12.358567 Epoch [047/100], Step [0002/0002], [lateral-edge: 0.7634, lateral-2: 1.4969, lateral-3: 1.5175, lateral-4: 1.4788, lateral-5: 1.5158, epsilon: 9.8258]
2025-11-09 00:38:15.795528 Epoch [048/100], Step [0002/0002], [lateral-edge: 0.7636, lateral-2: 1.4808, lateral-3: 1.5043, lateral-4: 1.4611, lateral-5: 1.5022, epsilon: 9.9521]
2025-11-09 00:38:18.783387 Epoch [049/100], Step [0002/0002], [lateral-edge: 0.7630, lateral-2: 1.4828, lateral-3: 1.5110, lateral-4: 1.4669, lateral-5: 1.5112, epsilon: 10.0775]
[Saving Snapshot:] ./Snapshots/save_weights/Inf-Net_DP/batch_48/run_3/epsilon_8/psac/Inf-Net-50.pth
[Privacy Budget]: ε = 10.08 (δ = 1e-05)
2025-11-09 00:38:22.652638 Epoch [050/100], Step [0002/0002], [lateral-edge: 0.7635, lateral-2: 1.4888, lateral-3: 1.5060, lateral-4: 1.4660, lateral-5: 1.5057, epsilon: 10.2021]
2025-11-09 00:38:25.838823 Epoch [051/100], Step [0002/0002], [lateral-edge: 0.7633, lateral-2: 1.4947, lateral-3: 1.5194, lateral-4: 1.4731, lateral-5: 1.5082, epsilon: 10.3259]
2025-11-09 00:38:28.869529 Epoch [052/100], Step [0002/0002], [lateral-edge: 0.7625, lateral-2: 1.4896, lateral-3: 1.5097, lateral-4: 1.4708, lateral-5: 1.5121, epsilon: 10.4489]
2025-11-09 00:38:32.465202 Epoch [053/100], Step [0002/0002], [lateral-edge: 0.7636, lateral-2: 1.4971, lateral-3: 1.5089, lateral-4: 1.4721, lateral-5: 1.5086, epsilon: 10.5711]
2025-11-09 00:38:35.681567 Epoch [054/100], Step [0002/0002], [lateral-edge: 0.7628, lateral-2: 1.4864, lateral-3: 1.5034, lateral-4: 1.4660, lateral-5: 1.5052, epsilon: 10.6926]
2025-11-09 00:38:38.830983 Epoch [055/100], Step [0002/0002], [lateral-edge: 0.7622, lateral-2: 1.4617, lateral-3: 1.4738, lateral-4: 1.4364, lateral-5: 1.4872, epsilon: 10.8133]
2025-11-09 00:38:42.195257 Epoch [056/100], Step [0002/0002], [lateral-edge: 0.7628, lateral-2: 1.5080, lateral-3: 1.5289, lateral-4: 1.4844, lateral-5: 1.5171, epsilon: 10.9333]
2025-11-09 00:38:46.040336 Epoch [057/100], Step [0002/0002], [lateral-edge: 0.7626, lateral-2: 1.4779, lateral-3: 1.4936, lateral-4: 1.4580, lateral-5: 1.5040, epsilon: 11.0527]
2025-11-09 00:38:49.509598 Epoch [058/100], Step [0002/0002], [lateral-edge: 0.7625, lateral-2: 1.4846, lateral-3: 1.5003, lateral-4: 1.4611, lateral-5: 1.5042, epsilon: 11.1713]
2025-11-09 00:38:52.746673 Epoch [059/100], Step [0002/0002], [lateral-edge: 0.7631, lateral-2: 1.4782, lateral-3: 1.4909, lateral-4: 1.4540, lateral-5: 1.5014, epsilon: 11.2893]
[Saving Snapshot:] ./Snapshots/save_weights/Inf-Net_DP/batch_48/run_3/epsilon_8/psac/Inf-Net-60.pth
[Privacy Budget]: ε = 11.29 (δ = 1e-05)
2025-11-09 00:38:56.692905 Epoch [060/100], Step [0002/0002], [lateral-edge: 0.7619, lateral-2: 1.4791, lateral-3: 1.4967, lateral-4: 1.4552, lateral-5: 1.4972, epsilon: 11.4066]
2025-11-09 00:38:59.845660 Epoch [061/100], Step [0002/0002], [lateral-edge: 0.7637, lateral-2: 1.5026, lateral-3: 1.5149, lateral-4: 1.4763, lateral-5: 1.5121, epsilon: 11.5234]
2025-11-09 00:39:03.257640 Epoch [062/100], Step [0002/0002], [lateral-edge: 0.7636, lateral-2: 1.4812, lateral-3: 1.5001, lateral-4: 1.4589, lateral-5: 1.5032, epsilon: 11.6395]
2025-11-09 00:39:06.615690 Epoch [063/100], Step [0002/0002], [lateral-edge: 0.7643, lateral-2: 1.5030, lateral-3: 1.5188, lateral-4: 1.4794, lateral-5: 1.5133, epsilon: 11.7550]
2025-11-09 00:39:09.948908 Epoch [064/100], Step [0002/0002], [lateral-edge: 0.7638, lateral-2: 1.5100, lateral-3: 1.5282, lateral-4: 1.4883, lateral-5: 1.5219, epsilon: 11.8699]
2025-11-09 00:39:13.216535 Epoch [065/100], Step [0002/0002], [lateral-edge: 0.7636, lateral-2: 1.4992, lateral-3: 1.5143, lateral-4: 1.4775, lateral-5: 1.5115, epsilon: 11.9843]
2025-11-09 00:39:16.463066 Epoch [066/100], Step [0002/0002], [lateral-edge: 0.7627, lateral-2: 1.4953, lateral-3: 1.5230, lateral-4: 1.4778, lateral-5: 1.5144, epsilon: 12.0981]
2025-11-09 00:39:20.042958 Epoch [067/100], Step [0002/0002], [lateral-edge: 0.7631, lateral-2: 1.4990, lateral-3: 1.5118, lateral-4: 1.4765, lateral-5: 1.5111, epsilon: 12.2114]
2025-11-09 00:39:23.191659 Epoch [068/100], Step [0002/0002], [lateral-edge: 0.7626, lateral-2: 1.4853, lateral-3: 1.5011, lateral-4: 1.4613, lateral-5: 1.5018, epsilon: 12.3241]
2025-11-09 00:39:26.491995 Epoch [069/100], Step [0002/0002], [lateral-edge: 0.7619, lateral-2: 1.4824, lateral-3: 1.5054, lateral-4: 1.4663, lateral-5: 1.5085, epsilon: 12.4363]
[Saving Snapshot:] ./Snapshots/save_weights/Inf-Net_DP/batch_48/run_3/epsilon_8/psac/Inf-Net-70.pth
[Privacy Budget]: ε = 12.44 (δ = 1e-05)
2025-11-09 00:39:30.102921 Epoch [070/100], Step [0002/0002], [lateral-edge: 0.7624, lateral-2: 1.4566, lateral-3: 1.4757, lateral-4: 1.4361, lateral-5: 1.4881, epsilon: 12.5481]
2025-11-09 00:39:33.566782 Epoch [071/100], Step [0002/0002], [lateral-edge: 0.7629, lateral-2: 1.4978, lateral-3: 1.5218, lateral-4: 1.4799, lateral-5: 1.5158, epsilon: 12.6593]
2025-11-09 00:39:36.571292 Epoch [072/100], Step [0002/0002], [lateral-edge: 0.7625, lateral-2: 1.5003, lateral-3: 1.5204, lateral-4: 1.4811, lateral-5: 1.5162, epsilon: 12.7700]
2025-11-09 00:39:39.829161 Epoch [073/100], Step [0002/0002], [lateral-edge: 0.7634, lateral-2: 1.5165, lateral-3: 1.5388, lateral-4: 1.4995, lateral-5: 1.5262, epsilon: 12.8802]
2025-11-09 00:39:43.281306 Epoch [074/100], Step [0002/0002], [lateral-edge: 0.7632, lateral-2: 1.5074, lateral-3: 1.5214, lateral-4: 1.4837, lateral-5: 1.5166, epsilon: 12.9900]
2025-11-09 00:39:46.458238 Epoch [075/100], Step [0002/0002], [lateral-edge: 0.7615, lateral-2: 1.4683, lateral-3: 1.4815, lateral-4: 1.4476, lateral-5: 1.4966, epsilon: 13.0993]
2025-11-09 00:39:49.764985 Epoch [076/100], Step [0002/0002], [lateral-edge: 0.7630, lateral-2: 1.5044, lateral-3: 1.5258, lateral-4: 1.4858, lateral-5: 1.5188, epsilon: 13.2082]
2025-11-09 00:39:53.386942 Epoch [077/100], Step [0002/0002], [lateral-edge: 0.7637, lateral-2: 1.5010, lateral-3: 1.5206, lateral-4: 1.4801, lateral-5: 1.5172, epsilon: 13.3166]
2025-11-09 00:39:56.626582 Epoch [078/100], Step [0002/0002], [lateral-edge: 0.7628, lateral-2: 1.4688, lateral-3: 1.4809, lateral-4: 1.4459, lateral-5: 1.4967, epsilon: 13.4246]
2025-11-09 00:40:00.071792 Epoch [079/100], Step [0002/0002], [lateral-edge: 0.7622, lateral-2: 1.4915, lateral-3: 1.5029, lateral-4: 1.4678, lateral-5: 1.5090, epsilon: 13.5322]
[Saving Snapshot:] ./Snapshots/save_weights/Inf-Net_DP/batch_48/run_3/epsilon_8/psac/Inf-Net-80.pth
[Privacy Budget]: ε = 13.53 (δ = 1e-05)
2025-11-09 00:40:04.017951 Epoch [080/100], Step [0002/0002], [lateral-edge: 0.7635, lateral-2: 1.4940, lateral-3: 1.5124, lateral-4: 1.4752, lateral-5: 1.5107, epsilon: 13.6394]
2025-11-09 00:40:07.166937 Epoch [081/100], Step [0002/0002], [lateral-edge: 0.7633, lateral-2: 1.5097, lateral-3: 1.5325, lateral-4: 1.4912, lateral-5: 1.5239, epsilon: 13.7461]
2025-11-09 00:40:10.476835 Epoch [082/100], Step [0002/0002], [lateral-edge: 0.7634, lateral-2: 1.4929, lateral-3: 1.5118, lateral-4: 1.4720, lateral-5: 1.5065, epsilon: 13.8525]
2025-11-09 00:40:13.833738 Epoch [083/100], Step [0002/0002], [lateral-edge: 0.7637, lateral-2: 1.4976, lateral-3: 1.5221, lateral-4: 1.4800, lateral-5: 1.5119, epsilon: 13.9584]
2025-11-09 00:40:17.100426 Epoch [084/100], Step [0002/0002], [lateral-edge: 0.7637, lateral-2: 1.5187, lateral-3: 1.5352, lateral-4: 1.4976, lateral-5: 1.5246, epsilon: 14.0640]
2025-11-09 00:40:20.337234 Epoch [085/100], Step [0002/0002], [lateral-edge: 0.7626, lateral-2: 1.4910, lateral-3: 1.5028, lateral-4: 1.4685, lateral-5: 1.5078, epsilon: 14.1692]
2025-11-09 00:40:23.689919 Epoch [086/100], Step [0002/0002], [lateral-edge: 0.7640, lateral-2: 1.4926, lateral-3: 1.5084, lateral-4: 1.4687, lateral-5: 1.5080, epsilon: 14.2740]
2025-11-09 00:40:27.056336 Epoch [087/100], Step [0002/0002], [lateral-edge: 0.7633, lateral-2: 1.5022, lateral-3: 1.5173, lateral-4: 1.4837, lateral-5: 1.5110, epsilon: 14.3784]
2025-11-09 00:40:30.486140 Epoch [088/100], Step [0002/0002], [lateral-edge: 0.7627, lateral-2: 1.4921, lateral-3: 1.5049, lateral-4: 1.4665, lateral-5: 1.5080, epsilon: 14.4825]
2025-11-09 00:40:34.014543 Epoch [089/100], Step [0002/0002], [lateral-edge: 0.7621, lateral-2: 1.4811, lateral-3: 1.4988, lateral-4: 1.4605, lateral-5: 1.5041, epsilon: 14.5862]
[Saving Snapshot:] ./Snapshots/save_weights/Inf-Net_DP/batch_48/run_3/epsilon_8/psac/Inf-Net-90.pth
[Privacy Budget]: ε = 14.59 (δ = 1e-05)
2025-11-09 00:40:38.697719 Epoch [090/100], Step [0002/0002], [lateral-edge: 0.7632, lateral-2: 1.4977, lateral-3: 1.5133, lateral-4: 1.4748, lateral-5: 1.5105, epsilon: 14.6896]
2025-11-09 00:40:41.993651 Epoch [091/100], Step [0002/0002], [lateral-edge: 0.7625, lateral-2: 1.4771, lateral-3: 1.4860, lateral-4: 1.4529, lateral-5: 1.4955, epsilon: 14.7927]
2025-11-09 00:40:45.254854 Epoch [092/100], Step [0002/0002], [lateral-edge: 0.7637, lateral-2: 1.4869, lateral-3: 1.5075, lateral-4: 1.4656, lateral-5: 1.5136, epsilon: 14.8954]
2025-11-09 00:40:48.720835 Epoch [093/100], Step [0002/0002], [lateral-edge: 0.7630, lateral-2: 1.5026, lateral-3: 1.5132, lateral-4: 1.4783, lateral-5: 1.5127, epsilon: 14.9977]
2025-11-09 00:40:52.142131 Epoch [094/100], Step [0002/0002], [lateral-edge: 0.7638, lateral-2: 1.5094, lateral-3: 1.5267, lateral-4: 1.4892, lateral-5: 1.5228, epsilon: 15.0998]
2025-11-09 00:40:55.250964 Epoch [095/100], Step [0002/0002], [lateral-edge: 0.7635, lateral-2: 1.5013, lateral-3: 1.5168, lateral-4: 1.4797, lateral-5: 1.5143, epsilon: 15.2015]
2025-11-09 00:40:58.645395 Epoch [096/100], Step [0002/0002], [lateral-edge: 0.7643, lateral-2: 1.5060, lateral-3: 1.5217, lateral-4: 1.4811, lateral-5: 1.5150, epsilon: 15.3029]
2025-11-09 00:41:01.894562 Epoch [097/100], Step [0002/0002], [lateral-edge: 0.7625, lateral-2: 1.4770, lateral-3: 1.4951, lateral-4: 1.4562, lateral-5: 1.5006, epsilon: 15.4040]
2025-11-09 00:41:05.131399 Epoch [098/100], Step [0002/0002], [lateral-edge: 0.7638, lateral-2: 1.5127, lateral-3: 1.5315, lateral-4: 1.4941, lateral-5: 1.5238, epsilon: 15.5048]
2025-11-09 00:41:08.704054 Epoch [099/100], Step [0002/0002], [lateral-edge: 0.7638, lateral-2: 1.5039, lateral-3: 1.5154, lateral-4: 1.4774, lateral-5: 1.5124, epsilon: 15.6053]
[Saving Snapshot:] ./Snapshots/save_weights/Inf-Net_DP/batch_48/run_3/epsilon_8/psac/Inf-Net-100.pth
[Privacy Budget]: ε = 15.61 (δ = 1e-05)
2025-11-09 00:41:12.724380 Epoch [100/100], Step [0002/0002], [lateral-edge: 0.7622, lateral-2: 1.4781, lateral-3: 1.4920, lateral-4: 1.4544, lateral-5: 1.4973, epsilon: 15.7055]
Training completed at Sun Nov  9 00:41:13 CET 2025
