Model loading: UNet with GroupNorm
Model is compatible with differential privacy
Not loading weights from weights file
###################################################################### 
Start Training (UNet-DP)
Network: UNet
Batch Size: 24
DP Enabled (ε=8.0, δ=1e-05, clipping=base)
Morphology: both
Architecture: GroupNorm (with DP)
Save Path: ./Snapshots/save_weights/UNet_DP_Morph/both/batch_24/run_3/epsilon_8/base
Run: 3
Namespace(network='UNet', epoch=100, lr=0.0001, batchsize=24, trainsize=352, clip=0.5, decay_rate=0.1, decay_epoch=50, is_thop=False, gpu_device=0, num_workers=8, net_channel=32, init_features=32, n_classes=1, in_channels=3, backbone='Res2Net50', deep_supervision=False, train_path='./Dataset/TrainingSet/LungInfection-Train/Doctor-label', is_semi=False, is_pseudo=False, train_save=None, run=3, enable_privacy=True, epsilon=8.0, max_grad_norm=1.2, delta=1e-05, clipping_strategy='base', enable_morphology=True, morph_operation='both', morph_kernel_size=3, device='cuda')
 ######################################################################
2025-11-09 00:48:25.472761 Epoch [001/100], Step [0003/0003], Loss: 1.4387, ε: 0.7150
2025-11-09 00:48:26.749145 Epoch [002/100], Step [0003/0003], Loss: 1.4337, ε: 0.9882
2025-11-09 00:48:28.056336 Epoch [003/100], Step [0003/0003], Loss: 1.4270, ε: 1.2032
2025-11-09 00:48:29.543600 Epoch [004/100], Step [0003/0003], Loss: 1.4406, ε: 1.3879
2025-11-09 00:48:31.032815 Epoch [005/100], Step [0003/0003], Loss: 1.4454, ε: 1.5530
2025-11-09 00:48:32.270151 Epoch [006/100], Step [0003/0003], Loss: 1.4198, ε: 1.7041
2025-11-09 00:48:33.507632 Epoch [007/100], Step [0003/0003], Loss: 1.4193, ε: 1.8446
2025-11-09 00:48:34.789984 Epoch [008/100], Step [0003/0003], Loss: 1.4194, ε: 1.9766
2025-11-09 00:48:36.077223 Epoch [009/100], Step [0003/0003], Loss: 1.4182, ε: 2.1017
[Saving Snapshot:] ./Snapshots/save_weights/UNet_DP_Morph/both/batch_24/run_3/epsilon_8/base/UNet-10.pth
[Privacy Budget]: ε = 2.10 (δ = 1e-05)
2025-11-09 00:48:37.803770 Epoch [010/100], Step [0003/0003], Loss: 1.4172, ε: 2.2209
2025-11-09 00:48:39.083602 Epoch [011/100], Step [0003/0003], Loss: 1.4162, ε: 2.3352
2025-11-09 00:48:40.393409 Epoch [012/100], Step [0003/0003], Loss: 1.4121, ε: 2.4452
2025-11-09 00:48:41.774861 Epoch [013/100], Step [0003/0003], Loss: 1.4249, ε: 2.5514
2025-11-09 00:48:43.039865 Epoch [014/100], Step [0003/0003], Loss: 1.4181, ε: 2.6542
2025-11-09 00:48:44.238662 Epoch [015/100], Step [0003/0003], Loss: 1.4109, ε: 2.7540
2025-11-09 00:48:45.554917 Epoch [016/100], Step [0003/0003], Loss: 1.4225, ε: 2.8510
2025-11-09 00:48:46.773057 Epoch [017/100], Step [0003/0003], Loss: 1.4114, ε: 2.9456
2025-11-09 00:48:48.035487 Epoch [018/100], Step [0003/0003], Loss: 1.4080, ε: 3.0379
2025-11-09 00:48:49.385220 Epoch [019/100], Step [0003/0003], Loss: 1.4119, ε: 3.1281
[Saving Snapshot:] ./Snapshots/save_weights/UNet_DP_Morph/both/batch_24/run_3/epsilon_8/base/UNet-20.pth
[Privacy Budget]: ε = 3.13 (δ = 1e-05)
2025-11-09 00:48:50.996900 Epoch [020/100], Step [0003/0003], Loss: 1.4007, ε: 3.2164
2025-11-09 00:48:52.314135 Epoch [021/100], Step [0003/0003], Loss: 1.3836, ε: 3.3029
2025-11-09 00:48:53.452430 Epoch [022/100], Step [0003/0003], Loss: 1.3944, ε: 3.3878
2025-11-09 00:48:54.918241 Epoch [023/100], Step [0003/0003], Loss: 1.4085, ε: 3.4711
2025-11-09 00:48:56.270746 Epoch [024/100], Step [0003/0003], Loss: 1.3912, ε: 3.5529
2025-11-09 00:48:57.699256 Epoch [025/100], Step [0003/0003], Loss: 1.3905, ε: 3.6334
2025-11-09 00:48:58.960732 Epoch [026/100], Step [0003/0003], Loss: 1.3956, ε: 3.7126
2025-11-09 00:49:00.042218 Epoch [027/100], Step [0003/0003], Loss: 1.3911, ε: 3.7905
2025-11-09 00:49:01.515954 Epoch [028/100], Step [0003/0003], Loss: 1.3889, ε: 3.8674
2025-11-09 00:49:02.798387 Epoch [029/100], Step [0003/0003], Loss: 1.3866, ε: 3.9431
[Saving Snapshot:] ./Snapshots/save_weights/UNet_DP_Morph/both/batch_24/run_3/epsilon_8/base/UNet-30.pth
[Privacy Budget]: ε = 3.94 (δ = 1e-05)
2025-11-09 00:49:04.317454 Epoch [030/100], Step [0003/0003], Loss: 1.3925, ε: 4.0179
2025-11-09 00:49:05.506100 Epoch [031/100], Step [0003/0003], Loss: 1.3816, ε: 4.0916
2025-11-09 00:49:06.802460 Epoch [032/100], Step [0003/0003], Loss: 1.3906, ε: 4.1644
2025-11-09 00:49:08.047617 Epoch [033/100], Step [0003/0003], Loss: 1.3666, ε: 4.2363
2025-11-09 00:49:09.461766 Epoch [034/100], Step [0003/0003], Loss: 1.3858, ε: 4.3074
2025-11-09 00:49:10.790137 Epoch [035/100], Step [0003/0003], Loss: 1.3872, ε: 4.3776
2025-11-09 00:49:12.129180 Epoch [036/100], Step [0003/0003], Loss: 1.3837, ε: 4.4471
2025-11-09 00:49:13.490274 Epoch [037/100], Step [0003/0003], Loss: 1.3729, ε: 4.5158
2025-11-09 00:49:14.708692 Epoch [038/100], Step [0003/0003], Loss: 1.3724, ε: 4.5838
2025-11-09 00:49:15.994227 Epoch [039/100], Step [0003/0003], Loss: 1.3874, ε: 4.6511
[Saving Snapshot:] ./Snapshots/save_weights/UNet_DP_Morph/both/batch_24/run_3/epsilon_8/base/UNet-40.pth
[Privacy Budget]: ε = 4.65 (δ = 1e-05)
2025-11-09 00:49:17.513736 Epoch [040/100], Step [0003/0003], Loss: 1.3809, ε: 4.7177
2025-11-09 00:49:18.819513 Epoch [041/100], Step [0003/0003], Loss: 1.3726, ε: 4.7837
2025-11-09 00:49:20.032517 Epoch [042/100], Step [0003/0003], Loss: 1.3829, ε: 4.8491
2025-11-09 00:49:21.243403 Epoch [043/100], Step [0003/0003], Loss: 1.3797, ε: 4.9139
2025-11-09 00:49:22.562205 Epoch [044/100], Step [0003/0003], Loss: 1.3719, ε: 4.9781
2025-11-09 00:49:23.986280 Epoch [045/100], Step [0003/0003], Loss: 1.3650, ε: 5.0418
2025-11-09 00:49:25.426669 Epoch [046/100], Step [0003/0003], Loss: 1.3738, ε: 5.1049
2025-11-09 00:49:26.817339 Epoch [047/100], Step [0003/0003], Loss: 1.3664, ε: 5.1675
2025-11-09 00:49:28.230364 Epoch [048/100], Step [0003/0003], Loss: 1.3628, ε: 5.2296
2025-11-09 00:49:29.636889 Epoch [049/100], Step [0003/0003], Loss: 1.3513, ε: 5.2912
[Saving Snapshot:] ./Snapshots/save_weights/UNet_DP_Morph/both/batch_24/run_3/epsilon_8/base/UNet-50.pth
[Privacy Budget]: ε = 5.29 (δ = 1e-05)
2025-11-09 00:49:31.503239 Epoch [050/100], Step [0003/0003], Loss: 1.3665, ε: 5.3523
2025-11-09 00:49:32.928842 Epoch [051/100], Step [0003/0003], Loss: 1.3633, ε: 5.4129
2025-11-09 00:49:34.262408 Epoch [052/100], Step [0003/0003], Loss: 1.3649, ε: 5.4732
2025-11-09 00:49:35.514476 Epoch [053/100], Step [0003/0003], Loss: 1.3573, ε: 5.5329
2025-11-09 00:49:36.834126 Epoch [054/100], Step [0003/0003], Loss: 1.3529, ε: 5.5923
2025-11-09 00:49:38.123675 Epoch [055/100], Step [0003/0003], Loss: 1.3661, ε: 5.6512
2025-11-09 00:49:39.374815 Epoch [056/100], Step [0003/0003], Loss: 1.3588, ε: 5.7098
2025-11-09 00:49:40.755773 Epoch [057/100], Step [0003/0003], Loss: 1.3521, ε: 5.7679
2025-11-09 00:49:42.096066 Epoch [058/100], Step [0003/0003], Loss: 1.3499, ε: 5.8257
2025-11-09 00:49:43.574192 Epoch [059/100], Step [0003/0003], Loss: 1.3699, ε: 5.8831
[Saving Snapshot:] ./Snapshots/save_weights/UNet_DP_Morph/both/batch_24/run_3/epsilon_8/base/UNet-60.pth
[Privacy Budget]: ε = 5.88 (δ = 1e-05)
2025-11-09 00:49:45.466473 Epoch [060/100], Step [0003/0003], Loss: 1.3563, ε: 5.9401
2025-11-09 00:49:46.850893 Epoch [061/100], Step [0003/0003], Loss: 1.3616, ε: 5.9968
2025-11-09 00:49:48.219666 Epoch [062/100], Step [0003/0003], Loss: 1.3677, ε: 6.0532
2025-11-09 00:49:49.671912 Epoch [063/100], Step [0003/0003], Loss: 1.3709, ε: 6.1092
2025-11-09 00:49:50.982232 Epoch [064/100], Step [0003/0003], Loss: 1.3646, ε: 6.1649
2025-11-09 00:49:52.260824 Epoch [065/100], Step [0003/0003], Loss: 1.3689, ε: 6.2202
2025-11-09 00:49:53.584926 Epoch [066/100], Step [0003/0003], Loss: 1.3547, ε: 6.2753
2025-11-09 00:49:54.906179 Epoch [067/100], Step [0003/0003], Loss: 1.3608, ε: 6.3300
2025-11-09 00:49:56.177995 Epoch [068/100], Step [0003/0003], Loss: 1.3690, ε: 6.3845
2025-11-09 00:49:57.497842 Epoch [069/100], Step [0003/0003], Loss: 1.3621, ε: 6.4386
[Saving Snapshot:] ./Snapshots/save_weights/UNet_DP_Morph/both/batch_24/run_3/epsilon_8/base/UNet-70.pth
[Privacy Budget]: ε = 6.44 (δ = 1e-05)
2025-11-09 00:49:59.090552 Epoch [070/100], Step [0003/0003], Loss: 1.3541, ε: 6.4925
2025-11-09 00:50:00.372173 Epoch [071/100], Step [0003/0003], Loss: 1.3604, ε: 6.5461
2025-11-09 00:50:01.731956 Epoch [072/100], Step [0003/0003], Loss: 1.3627, ε: 6.5994
2025-11-09 00:50:03.068100 Epoch [073/100], Step [0003/0003], Loss: 1.3560, ε: 6.6524
2025-11-09 00:50:04.468129 Epoch [074/100], Step [0003/0003], Loss: 1.3620, ε: 6.7052
2025-11-09 00:50:05.689546 Epoch [075/100], Step [0003/0003], Loss: 1.3488, ε: 6.7577
2025-11-09 00:50:07.054370 Epoch [076/100], Step [0003/0003], Loss: 1.3528, ε: 6.8100
2025-11-09 00:50:08.475718 Epoch [077/100], Step [0003/0003], Loss: 1.3549, ε: 6.8620
2025-11-09 00:50:09.714709 Epoch [078/100], Step [0003/0003], Loss: 1.3613, ε: 6.9138
2025-11-09 00:50:11.076104 Epoch [079/100], Step [0003/0003], Loss: 1.3767, ε: 6.9653
[Saving Snapshot:] ./Snapshots/save_weights/UNet_DP_Morph/both/batch_24/run_3/epsilon_8/base/UNet-80.pth
[Privacy Budget]: ε = 6.97 (δ = 1e-05)
2025-11-09 00:50:12.708555 Epoch [080/100], Step [0003/0003], Loss: 1.3654, ε: 7.0166
2025-11-09 00:50:13.954218 Epoch [081/100], Step [0003/0003], Loss: 1.3604, ε: 7.0677
2025-11-09 00:50:15.389892 Epoch [082/100], Step [0003/0003], Loss: 1.3676, ε: 7.1186
2025-11-09 00:50:16.594799 Epoch [083/100], Step [0003/0003], Loss: 1.3704, ε: 7.1692
2025-11-09 00:50:17.964614 Epoch [084/100], Step [0003/0003], Loss: 1.3617, ε: 7.2196
2025-11-09 00:50:19.330323 Epoch [085/100], Step [0003/0003], Loss: 1.3666, ε: 7.2698
2025-11-09 00:50:20.663121 Epoch [086/100], Step [0003/0003], Loss: 1.3578, ε: 7.3198
2025-11-09 00:50:21.919904 Epoch [087/100], Step [0003/0003], Loss: 1.3611, ε: 7.3695
2025-11-09 00:50:23.307158 Epoch [088/100], Step [0003/0003], Loss: 1.3459, ε: 7.4191
2025-11-09 00:50:24.525017 Epoch [089/100], Step [0003/0003], Loss: 1.3724, ε: 7.4685
[Saving Snapshot:] ./Snapshots/save_weights/UNet_DP_Morph/both/batch_24/run_3/epsilon_8/base/UNet-90.pth
[Privacy Budget]: ε = 7.47 (δ = 1e-05)
2025-11-09 00:50:26.188120 Epoch [090/100], Step [0003/0003], Loss: 1.3620, ε: 7.5177
2025-11-09 00:50:27.470830 Epoch [091/100], Step [0003/0003], Loss: 1.3732, ε: 7.5666
2025-11-09 00:50:28.698944 Epoch [092/100], Step [0003/0003], Loss: 1.3685, ε: 7.6154
2025-11-09 00:50:30.081782 Epoch [093/100], Step [0003/0003], Loss: 1.3561, ε: 7.6640
2025-11-09 00:50:31.507394 Epoch [094/100], Step [0003/0003], Loss: 1.3615, ε: 7.7125
2025-11-09 00:50:32.901441 Epoch [095/100], Step [0003/0003], Loss: 1.3563, ε: 7.7607
2025-11-09 00:50:34.443094 Epoch [096/100], Step [0003/0003], Loss: 1.3650, ε: 7.8088
2025-11-09 00:50:35.724259 Epoch [097/100], Step [0003/0003], Loss: 1.3663, ε: 7.8566
2025-11-09 00:50:36.966746 Epoch [098/100], Step [0003/0003], Loss: 1.3561, ε: 7.9043
2025-11-09 00:50:38.360502 Epoch [099/100], Step [0003/0003], Loss: 1.3685, ε: 7.9519
[Saving Snapshot:] ./Snapshots/save_weights/UNet_DP_Morph/both/batch_24/run_3/epsilon_8/base/UNet-100.pth
[Privacy Budget]: ε = 7.95 (δ = 1e-05)
2025-11-09 00:50:40.113062 Epoch [100/100], Step [0003/0003], Loss: 1.3550, ε: 7.9993
Training completed at Sun Nov  9 00:50:41 CET 2025
