Backbone loading: Res2Net50
Trainable: 31,072,721 / 33,121,721 parameters
Validator raised issues with model. Attempting auto-fix...
Original error: UnsupportedModuleError
Model successfully fixed for differential privacy
Not loading weights from weights file
###################################################################### 
Start Training (Inf_Net-DP)
Network: Inf_Net
Batch Size: 48
DP Enabled (ε=200.0, δ=1e-05, clipping=psac)
Morphology: both
Architecture: GroupNorm (with DP)
Save Path: ./Snapshots/save_weights/Inf-Net_DP_Morph/both/batch_48/run_2/epsilon_200/psac
Run: 2
Namespace(network='Inf_Net', epoch=100, lr=0.0001, batchsize=48, trainsize=352, clip=0.5, decay_rate=0.1, decay_epoch=50, is_thop=False, gpu_device=0, num_workers=8, net_channel=32, init_features=32, n_classes=1, in_channels=3, backbone='Res2Net50', deep_supervision=False, train_path='./Dataset/TrainingSet/LungInfection-Train/Doctor-label', is_semi=False, is_pseudo=False, train_save=None, run=2, enable_privacy=True, epsilon=200.0, max_grad_norm=1.2, delta=1e-05, clipping_strategy='psac', enable_morphology=True, morph_operation='both', morph_kernel_size=3, device='cuda')
 ######################################################################
2025-11-09 00:51:26.044231 Epoch [001/100], Step [0002/0002], [lateral-edge: 0.7782, lateral-2: 1.6647, lateral-3: 1.6470, lateral-4: 1.5544, lateral-5: 1.5272, epsilon: 21.0900]
2025-11-09 00:51:31.106185 Epoch [002/100], Step [0002/0002], [lateral-edge: 0.7775, lateral-2: 1.6201, lateral-3: 1.6031, lateral-4: 1.5284, lateral-5: 1.5340, epsilon: 30.8019]
2025-11-09 00:51:35.667517 Epoch [003/100], Step [0002/0002], [lateral-edge: 0.7783, lateral-2: 1.5455, lateral-3: 1.5385, lateral-4: 1.4849, lateral-5: 1.5149, epsilon: 38.9286]
2025-11-09 00:51:40.356291 Epoch [004/100], Step [0002/0002], [lateral-edge: 0.7776, lateral-2: 1.5371, lateral-3: 1.5312, lateral-4: 1.4883, lateral-5: 1.5166, epsilon: 46.2706]
2025-11-09 00:51:45.271587 Epoch [005/100], Step [0002/0002], [lateral-edge: 0.7769, lateral-2: 1.5106, lateral-3: 1.5049, lateral-4: 1.4669, lateral-5: 1.5068, epsilon: 53.1211]
2025-11-09 00:51:49.620561 Epoch [006/100], Step [0002/0002], [lateral-edge: 0.7761, lateral-2: 1.4845, lateral-3: 1.4768, lateral-4: 1.4479, lateral-5: 1.4999, epsilon: 59.6264]
2025-11-09 00:51:53.712531 Epoch [007/100], Step [0002/0002], [lateral-edge: 0.7751, lateral-2: 1.4848, lateral-3: 1.4755, lateral-4: 1.4536, lateral-5: 1.5022, epsilon: 65.8722]
2025-11-09 00:51:58.249039 Epoch [008/100], Step [0002/0002], [lateral-edge: 0.7744, lateral-2: 1.4679, lateral-3: 1.4605, lateral-4: 1.4417, lateral-5: 1.4975, epsilon: 71.9138]
2025-11-09 00:52:03.079556 Epoch [009/100], Step [0002/0002], [lateral-edge: 0.7736, lateral-2: 1.4522, lateral-3: 1.4473, lateral-4: 1.4355, lateral-5: 1.4959, epsilon: 77.7891]
[Saving Snapshot:] ./Snapshots/save_weights/Inf-Net_DP_Morph/both/batch_48/run_2/epsilon_200/psac/Inf-Net-10.pth
[Privacy Budget]: ε = 77.79 (δ = 1e-05)
2025-11-09 00:52:08.690787 Epoch [010/100], Step [0002/0002], [lateral-edge: 0.7722, lateral-2: 1.4362, lateral-3: 1.4323, lateral-4: 1.4225, lateral-5: 1.4894, epsilon: 83.5256]
2025-11-09 00:52:13.120597 Epoch [011/100], Step [0002/0002], [lateral-edge: 0.7723, lateral-2: 1.4166, lateral-3: 1.4154, lateral-4: 1.4074, lateral-5: 1.4779, epsilon: 89.1441]
2025-11-09 00:52:17.302591 Epoch [012/100], Step [0002/0002], [lateral-edge: 0.7697, lateral-2: 1.3911, lateral-3: 1.3943, lateral-4: 1.3934, lateral-5: 1.4708, epsilon: 94.6606]
2025-11-09 00:52:23.081298 Epoch [013/100], Step [0002/0002], [lateral-edge: 0.7694, lateral-2: 1.3923, lateral-3: 1.3964, lateral-4: 1.3993, lateral-5: 1.4711, epsilon: 100.0877]
2025-11-09 00:52:27.513429 Epoch [014/100], Step [0002/0002], [lateral-edge: 0.7686, lateral-2: 1.4014, lateral-3: 1.4024, lateral-4: 1.4071, lateral-5: 1.4720, epsilon: 105.4357]
2025-11-09 00:52:31.919236 Epoch [015/100], Step [0002/0002], [lateral-edge: 0.7670, lateral-2: 1.3587, lateral-3: 1.3716, lateral-4: 1.3782, lateral-5: 1.4589, epsilon: 110.7130]
2025-11-09 00:52:36.119259 Epoch [016/100], Step [0002/0002], [lateral-edge: 0.7666, lateral-2: 1.3554, lateral-3: 1.3655, lateral-4: 1.3716, lateral-5: 1.4585, epsilon: 115.9267]
2025-11-09 00:52:40.585403 Epoch [017/100], Step [0002/0002], [lateral-edge: 0.7664, lateral-2: 1.3615, lateral-3: 1.3677, lateral-4: 1.3698, lateral-5: 1.4554, epsilon: 121.0826]
2025-11-09 00:52:44.979314 Epoch [018/100], Step [0002/0002], [lateral-edge: 0.7658, lateral-2: 1.3463, lateral-3: 1.3538, lateral-4: 1.3611, lateral-5: 1.4496, epsilon: 126.1860]
2025-11-09 00:52:49.486298 Epoch [019/100], Step [0002/0002], [lateral-edge: 0.7658, lateral-2: 1.3597, lateral-3: 1.3686, lateral-4: 1.3887, lateral-5: 1.4540, epsilon: 131.2411]
[Saving Snapshot:] ./Snapshots/save_weights/Inf-Net_DP_Morph/both/batch_48/run_2/epsilon_200/psac/Inf-Net-20.pth
[Privacy Budget]: ε = 131.24 (δ = 1e-05)
2025-11-09 00:52:55.392685 Epoch [020/100], Step [0002/0002], [lateral-edge: 0.7647, lateral-2: 1.2851, lateral-3: 1.3105, lateral-4: 1.3205, lateral-5: 1.4280, epsilon: 136.2517]
2025-11-09 00:52:59.955538 Epoch [021/100], Step [0002/0002], [lateral-edge: 0.7639, lateral-2: 1.3092, lateral-3: 1.3257, lateral-4: 1.3374, lateral-5: 1.4348, epsilon: 141.2211]
2025-11-09 00:53:04.544376 Epoch [022/100], Step [0002/0002], [lateral-edge: 0.7651, lateral-2: 1.3346, lateral-3: 1.3470, lateral-4: 1.3692, lateral-5: 1.4422, epsilon: 146.1524]
2025-11-09 00:53:09.802756 Epoch [023/100], Step [0002/0002], [lateral-edge: 0.7628, lateral-2: 1.3043, lateral-3: 1.3225, lateral-4: 1.3379, lateral-5: 1.4275, epsilon: 151.0480]
2025-11-09 00:53:14.776000 Epoch [024/100], Step [0002/0002], [lateral-edge: 0.7626, lateral-2: 1.2853, lateral-3: 1.3096, lateral-4: 1.3291, lateral-5: 1.4228, epsilon: 155.9103]
2025-11-09 00:53:19.822008 Epoch [025/100], Step [0002/0002], [lateral-edge: 0.7610, lateral-2: 1.2706, lateral-3: 1.2974, lateral-4: 1.3129, lateral-5: 1.4134, epsilon: 160.7414]
2025-11-09 00:53:25.281484 Epoch [026/100], Step [0002/0002], [lateral-edge: 0.7619, lateral-2: 1.2755, lateral-3: 1.2984, lateral-4: 1.3147, lateral-5: 1.4125, epsilon: 165.5432]
2025-11-09 00:53:30.348716 Epoch [027/100], Step [0002/0002], [lateral-edge: 0.7620, lateral-2: 1.2845, lateral-3: 1.3031, lateral-4: 1.3231, lateral-5: 1.4113, epsilon: 170.3173]
2025-11-09 00:53:35.449947 Epoch [028/100], Step [0002/0002], [lateral-edge: 0.7616, lateral-2: 1.2655, lateral-3: 1.2887, lateral-4: 1.3201, lateral-5: 1.4035, epsilon: 175.0652]
2025-11-09 00:53:40.655716 Epoch [029/100], Step [0002/0002], [lateral-edge: 0.7601, lateral-2: 1.2343, lateral-3: 1.2672, lateral-4: 1.2898, lateral-5: 1.3988, epsilon: 179.7884]
[Saving Snapshot:] ./Snapshots/save_weights/Inf-Net_DP_Morph/both/batch_48/run_2/epsilon_200/psac/Inf-Net-30.pth
[Privacy Budget]: ε = 179.79 (δ = 1e-05)
2025-11-09 00:53:47.406317 Epoch [030/100], Step [0002/0002], [lateral-edge: 0.7612, lateral-2: 1.2463, lateral-3: 1.2714, lateral-4: 1.2865, lateral-5: 1.3937, epsilon: 184.4881]
2025-11-09 00:53:52.245154 Epoch [031/100], Step [0002/0002], [lateral-edge: 0.7600, lateral-2: 1.2430, lateral-3: 1.2664, lateral-4: 1.2893, lateral-5: 1.3940, epsilon: 189.1655]
2025-11-09 00:53:57.838160 Epoch [032/100], Step [0002/0002], [lateral-edge: 0.7602, lateral-2: 1.2232, lateral-3: 1.2565, lateral-4: 1.2792, lateral-5: 1.3869, epsilon: 193.8217]
2025-11-09 00:54:03.102096 Epoch [033/100], Step [0002/0002], [lateral-edge: 0.7603, lateral-2: 1.2226, lateral-3: 1.2459, lateral-4: 1.2753, lateral-5: 1.3831, epsilon: 198.4577]
2025-11-09 00:54:08.224458 Epoch [034/100], Step [0002/0002], [lateral-edge: 0.7587, lateral-2: 1.2295, lateral-3: 1.2624, lateral-4: 1.2928, lateral-5: 1.3847, epsilon: 203.0744]
2025-11-09 00:54:13.074045 Epoch [035/100], Step [0002/0002], [lateral-edge: 0.7583, lateral-2: 1.2151, lateral-3: 1.2461, lateral-4: 1.2746, lateral-5: 1.3724, epsilon: 207.6726]
2025-11-09 00:54:18.686223 Epoch [036/100], Step [0002/0002], [lateral-edge: 0.7586, lateral-2: 1.1896, lateral-3: 1.2197, lateral-4: 1.2514, lateral-5: 1.3691, epsilon: 212.2532]
2025-11-09 00:54:24.126509 Epoch [037/100], Step [0002/0002], [lateral-edge: 0.7576, lateral-2: 1.2046, lateral-3: 1.2436, lateral-4: 1.2680, lateral-5: 1.3715, epsilon: 216.8168]
2025-11-09 00:54:29.866669 Epoch [038/100], Step [0002/0002], [lateral-edge: 0.7572, lateral-2: 1.1869, lateral-3: 1.2298, lateral-4: 1.2572, lateral-5: 1.3634, epsilon: 221.3641]
2025-11-09 00:54:35.795154 Epoch [039/100], Step [0002/0002], [lateral-edge: 0.7592, lateral-2: 1.1895, lateral-3: 1.2180, lateral-4: 1.2462, lateral-5: 1.3532, epsilon: 225.8959]
[Saving Snapshot:] ./Snapshots/save_weights/Inf-Net_DP_Morph/both/batch_48/run_2/epsilon_200/psac/Inf-Net-40.pth
[Privacy Budget]: ε = 225.90 (δ = 1e-05)
2025-11-09 00:54:43.338465 Epoch [040/100], Step [0002/0002], [lateral-edge: 0.7580, lateral-2: 1.1670, lateral-3: 1.2073, lateral-4: 1.2445, lateral-5: 1.3583, epsilon: 230.4126]
2025-11-09 00:54:49.280159 Epoch [041/100], Step [0002/0002], [lateral-edge: 0.7579, lateral-2: 1.1729, lateral-3: 1.2134, lateral-4: 1.2456, lateral-5: 1.3560, epsilon: 234.9149]
2025-11-09 00:54:55.237793 Epoch [042/100], Step [0002/0002], [lateral-edge: 0.7574, lateral-2: 1.1750, lateral-3: 1.2141, lateral-4: 1.2470, lateral-5: 1.3563, epsilon: 239.4033]
2025-11-09 00:55:01.191776 Epoch [043/100], Step [0002/0002], [lateral-edge: 0.7562, lateral-2: 1.1617, lateral-3: 1.1948, lateral-4: 1.2268, lateral-5: 1.3434, epsilon: 243.8782]
2025-11-09 00:55:06.486009 Epoch [044/100], Step [0002/0002], [lateral-edge: 0.7565, lateral-2: 1.1510, lateral-3: 1.1825, lateral-4: 1.2203, lateral-5: 1.3393, epsilon: 248.3402]
2025-11-09 00:55:11.611947 Epoch [045/100], Step [0002/0002], [lateral-edge: 0.7568, lateral-2: 1.1364, lateral-3: 1.1783, lateral-4: 1.2210, lateral-5: 1.3377, epsilon: 252.7896]
2025-11-09 00:55:17.227656 Epoch [046/100], Step [0002/0002], [lateral-edge: 0.7562, lateral-2: 1.1411, lateral-3: 1.1865, lateral-4: 1.2247, lateral-5: 1.3407, epsilon: 257.2270]
2025-11-09 00:55:22.232772 Epoch [047/100], Step [0002/0002], [lateral-edge: 0.7560, lateral-2: 1.1501, lateral-3: 1.1906, lateral-4: 1.2270, lateral-5: 1.3375, epsilon: 261.6526]
2025-11-09 00:55:27.554386 Epoch [048/100], Step [0002/0002], [lateral-edge: 0.7556, lateral-2: 1.1431, lateral-3: 1.1811, lateral-4: 1.2208, lateral-5: 1.3268, epsilon: 266.0670]
2025-11-09 00:55:33.982317 Epoch [049/100], Step [0002/0002], [lateral-edge: 0.7562, lateral-2: 1.1361, lateral-3: 1.1758, lateral-4: 1.2119, lateral-5: 1.3145, epsilon: 270.4703]
[Saving Snapshot:] ./Snapshots/save_weights/Inf-Net_DP_Morph/both/batch_48/run_2/epsilon_200/psac/Inf-Net-50.pth
[Privacy Budget]: ε = 270.47 (δ = 1e-05)
2025-11-09 00:55:43.065820 Epoch [050/100], Step [0002/0002], [lateral-edge: 0.7553, lateral-2: 1.1262, lateral-3: 1.1673, lateral-4: 1.2076, lateral-5: 1.3248, epsilon: 274.8630]
2025-11-09 00:55:49.570153 Epoch [051/100], Step [0002/0002], [lateral-edge: 0.7545, lateral-2: 1.1220, lateral-3: 1.1678, lateral-4: 1.2086, lateral-5: 1.3259, epsilon: 279.2453]
2025-11-09 00:55:55.031211 Epoch [052/100], Step [0002/0002], [lateral-edge: 0.7550, lateral-2: 1.1361, lateral-3: 1.1767, lateral-4: 1.2186, lateral-5: 1.3329, epsilon: 283.6177]
2025-11-09 00:56:01.478630 Epoch [053/100], Step [0002/0002], [lateral-edge: 0.7552, lateral-2: 1.1205, lateral-3: 1.1663, lateral-4: 1.2093, lateral-5: 1.3223, epsilon: 287.9803]
2025-11-09 00:56:08.529433 Epoch [054/100], Step [0002/0002], [lateral-edge: 0.7551, lateral-2: 1.1263, lateral-3: 1.1722, lateral-4: 1.2101, lateral-5: 1.3236, epsilon: 292.3335]
2025-11-09 00:56:15.196170 Epoch [055/100], Step [0002/0002], [lateral-edge: 0.7544, lateral-2: 1.1275, lateral-3: 1.1784, lateral-4: 1.2161, lateral-5: 1.3265, epsilon: 296.6774]
2025-11-09 00:56:22.067565 Epoch [056/100], Step [0002/0002], [lateral-edge: 0.7549, lateral-2: 1.1244, lateral-3: 1.1665, lateral-4: 1.2069, lateral-5: 1.3235, epsilon: 301.0124]
2025-11-09 00:56:28.967684 Epoch [057/100], Step [0002/0002], [lateral-edge: 0.7550, lateral-2: 1.1223, lateral-3: 1.1638, lateral-4: 1.2116, lateral-5: 1.3245, epsilon: 305.3387]
2025-11-09 00:56:35.169187 Epoch [058/100], Step [0002/0002], [lateral-edge: 0.7537, lateral-2: 1.1120, lateral-3: 1.1662, lateral-4: 1.2148, lateral-5: 1.3346, epsilon: 309.6566]
2025-11-09 00:56:41.157246 Epoch [059/100], Step [0002/0002], [lateral-edge: 0.7553, lateral-2: 1.1057, lateral-3: 1.1527, lateral-4: 1.1977, lateral-5: 1.3211, epsilon: 313.9661]
[Saving Snapshot:] ./Snapshots/save_weights/Inf-Net_DP_Morph/both/batch_48/run_2/epsilon_200/psac/Inf-Net-60.pth
[Privacy Budget]: ε = 313.97 (δ = 1e-05)
2025-11-09 00:56:50.751512 Epoch [060/100], Step [0002/0002], [lateral-edge: 0.7551, lateral-2: 1.1300, lateral-3: 1.1672, lateral-4: 1.2099, lateral-5: 1.3280, epsilon: 318.2676]
2025-11-09 00:56:57.829630 Epoch [061/100], Step [0002/0002], [lateral-edge: 0.7561, lateral-2: 1.1154, lateral-3: 1.1579, lateral-4: 1.2027, lateral-5: 1.3203, epsilon: 322.5613]
2025-11-09 00:57:05.011410 Epoch [062/100], Step [0002/0002], [lateral-edge: 0.7545, lateral-2: 1.1260, lateral-3: 1.1702, lateral-4: 1.2104, lateral-5: 1.3304, epsilon: 326.8473]
2025-11-09 00:57:12.680162 Epoch [063/100], Step [0002/0002], [lateral-edge: 0.7563, lateral-2: 1.1350, lateral-3: 1.1718, lateral-4: 1.2148, lateral-5: 1.3322, epsilon: 331.1259]
2025-11-09 00:57:20.063594 Epoch [064/100], Step [0002/0002], [lateral-edge: 0.7548, lateral-2: 1.1346, lateral-3: 1.1791, lateral-4: 1.2176, lateral-5: 1.3346, epsilon: 335.3971]
2025-11-09 00:57:27.380020 Epoch [065/100], Step [0002/0002], [lateral-edge: 0.7553, lateral-2: 1.1223, lateral-3: 1.1657, lateral-4: 1.2093, lateral-5: 1.3208, epsilon: 339.6612]
2025-11-09 00:57:35.077782 Epoch [066/100], Step [0002/0002], [lateral-edge: 0.7558, lateral-2: 1.1289, lateral-3: 1.1737, lateral-4: 1.2092, lateral-5: 1.3248, epsilon: 343.9184]
2025-11-09 00:57:42.777498 Epoch [067/100], Step [0002/0002], [lateral-edge: 0.7556, lateral-2: 1.1121, lateral-3: 1.1554, lateral-4: 1.2021, lateral-5: 1.3196, epsilon: 348.1688]
2025-11-09 00:57:50.823752 Epoch [068/100], Step [0002/0002], [lateral-edge: 0.7549, lateral-2: 1.1328, lateral-3: 1.1735, lateral-4: 1.2117, lateral-5: 1.3270, epsilon: 352.4125]
2025-11-09 00:57:56.709513 Epoch [069/100], Step [0002/0002], [lateral-edge: 0.7539, lateral-2: 1.1346, lateral-3: 1.1798, lateral-4: 1.2193, lateral-5: 1.3376, epsilon: 356.6497]
[Saving Snapshot:] ./Snapshots/save_weights/Inf-Net_DP_Morph/both/batch_48/run_2/epsilon_200/psac/Inf-Net-70.pth
[Privacy Budget]: ε = 356.65 (δ = 1e-05)
2025-11-09 00:58:06.727605 Epoch [070/100], Step [0002/0002], [lateral-edge: 0.7551, lateral-2: 1.1330, lateral-3: 1.1786, lateral-4: 1.2146, lateral-5: 1.3324, epsilon: 360.8806]
2025-11-09 00:58:15.122055 Epoch [071/100], Step [0002/0002], [lateral-edge: 0.7543, lateral-2: 1.1144, lateral-3: 1.1608, lateral-4: 1.2067, lateral-5: 1.3295, epsilon: 365.1052]
2025-11-09 00:58:22.770388 Epoch [072/100], Step [0002/0002], [lateral-edge: 0.7542, lateral-2: 1.1291, lateral-3: 1.1749, lateral-4: 1.2105, lateral-5: 1.3380, epsilon: 369.3238]
2025-11-09 00:58:31.690738 Epoch [073/100], Step [0002/0002], [lateral-edge: 0.7556, lateral-2: 1.1406, lateral-3: 1.1835, lateral-4: 1.2247, lateral-5: 1.3264, epsilon: 373.5364]
2025-11-09 00:58:39.774592 Epoch [074/100], Step [0002/0002], [lateral-edge: 0.7561, lateral-2: 1.1278, lateral-3: 1.1674, lateral-4: 1.2104, lateral-5: 1.3231, epsilon: 377.7431]
2025-11-09 00:58:50.305406 Epoch [075/100], Step [0002/0002], [lateral-edge: 0.7561, lateral-2: 1.1263, lateral-3: 1.1647, lateral-4: 1.2082, lateral-5: 1.3251, epsilon: 381.9441]
2025-11-09 00:58:58.687593 Epoch [076/100], Step [0002/0002], [lateral-edge: 0.7548, lateral-2: 1.1321, lateral-3: 1.1748, lateral-4: 1.2134, lateral-5: 1.3296, epsilon: 386.1395]
2025-11-09 00:59:07.141388 Epoch [077/100], Step [0002/0002], [lateral-edge: 0.7546, lateral-2: 1.1173, lateral-3: 1.1616, lateral-4: 1.2019, lateral-5: 1.3236, epsilon: 390.3294]
2025-11-09 00:59:15.876466 Epoch [078/100], Step [0002/0002], [lateral-edge: 0.7546, lateral-2: 1.1270, lateral-3: 1.1744, lateral-4: 1.2176, lateral-5: 1.3302, epsilon: 394.5139]
2025-11-09 00:59:27.094554 Epoch [079/100], Step [0002/0002], [lateral-edge: 0.7543, lateral-2: 1.1353, lateral-3: 1.1769, lateral-4: 1.2156, lateral-5: 1.3317, epsilon: 398.6931]
[Saving Snapshot:] ./Snapshots/save_weights/Inf-Net_DP_Morph/both/batch_48/run_2/epsilon_200/psac/Inf-Net-80.pth
[Privacy Budget]: ε = 398.69 (δ = 1e-05)
2025-11-09 00:59:43.913887 Epoch [080/100], Step [0002/0002], [lateral-edge: 0.7550, lateral-2: 1.1257, lateral-3: 1.1735, lateral-4: 1.2164, lateral-5: 1.3299, epsilon: 402.8671]
2025-11-09 00:59:52.892936 Epoch [081/100], Step [0002/0002], [lateral-edge: 0.7558, lateral-2: 1.1248, lateral-3: 1.1666, lateral-4: 1.2080, lateral-5: 1.3218, epsilon: 407.0361]
2025-11-09 01:00:02.227886 Epoch [082/100], Step [0002/0002], [lateral-edge: 0.7545, lateral-2: 1.1246, lateral-3: 1.1754, lateral-4: 1.2159, lateral-5: 1.3346, epsilon: 411.2000]
2025-11-09 01:00:10.963656 Epoch [083/100], Step [0002/0002], [lateral-edge: 0.7559, lateral-2: 1.1173, lateral-3: 1.1606, lateral-4: 1.2016, lateral-5: 1.3175, epsilon: 415.3590]
2025-11-09 01:00:20.016778 Epoch [084/100], Step [0002/0002], [lateral-edge: 0.7552, lateral-2: 1.1136, lateral-3: 1.1680, lateral-4: 1.2076, lateral-5: 1.3237, epsilon: 419.5133]
2025-11-09 01:00:28.525044 Epoch [085/100], Step [0002/0002], [lateral-edge: 0.7554, lateral-2: 1.1267, lateral-3: 1.1710, lateral-4: 1.2096, lateral-5: 1.3271, epsilon: 423.6627]
2025-11-09 01:00:38.382259 Epoch [086/100], Step [0002/0002], [lateral-edge: 0.7549, lateral-2: 1.1207, lateral-3: 1.1656, lateral-4: 1.2100, lateral-5: 1.3270, epsilon: 427.8076]
2025-11-09 01:00:47.828546 Epoch [087/100], Step [0002/0002], [lateral-edge: 0.7556, lateral-2: 1.1279, lateral-3: 1.1648, lateral-4: 1.2080, lateral-5: 1.3200, epsilon: 431.9478]
2025-11-09 01:00:57.343317 Epoch [088/100], Step [0002/0002], [lateral-edge: 0.7546, lateral-2: 1.1255, lateral-3: 1.1661, lateral-4: 1.2084, lateral-5: 1.3258, epsilon: 436.0836]
2025-11-09 01:01:06.404114 Epoch [089/100], Step [0002/0002], [lateral-edge: 0.7555, lateral-2: 1.1178, lateral-3: 1.1640, lateral-4: 1.2061, lateral-5: 1.3274, epsilon: 440.2150]
[Saving Snapshot:] ./Snapshots/save_weights/Inf-Net_DP_Morph/both/batch_48/run_2/epsilon_200/psac/Inf-Net-90.pth
[Privacy Budget]: ε = 440.21 (δ = 1e-05)
2025-11-09 01:01:20.518140 Epoch [090/100], Step [0002/0002], [lateral-edge: 0.7547, lateral-2: 1.1270, lateral-3: 1.1717, lateral-4: 1.2096, lateral-5: 1.3193, epsilon: 444.3420]
2025-11-09 01:01:30.605426 Epoch [091/100], Step [0002/0002], [lateral-edge: 0.7543, lateral-2: 1.1170, lateral-3: 1.1611, lateral-4: 1.1997, lateral-5: 1.3156, epsilon: 448.4648]
2025-11-09 01:01:40.521369 Epoch [092/100], Step [0002/0002], [lateral-edge: 0.7553, lateral-2: 1.1320, lateral-3: 1.1822, lateral-4: 1.2203, lateral-5: 1.3245, epsilon: 452.5833]
2025-11-09 01:01:47.658831 Epoch [093/100], Step [0002/0002], [lateral-edge: 0.7550, lateral-2: 1.1400, lateral-3: 1.1773, lateral-4: 1.2179, lateral-5: 1.3284, epsilon: 456.6978]
2025-11-09 01:02:00.944636 Epoch [094/100], Step [0002/0002], [lateral-edge: 0.7555, lateral-2: 1.1326, lateral-3: 1.1725, lateral-4: 1.2132, lateral-5: 1.3228, epsilon: 460.8081]
2025-11-09 01:02:08.097189 Epoch [095/100], Step [0002/0002], [lateral-edge: 0.7547, lateral-2: 1.1331, lateral-3: 1.1742, lateral-4: 1.2087, lateral-5: 1.3193, epsilon: 464.9145]
2025-11-09 01:02:15.213088 Epoch [096/100], Step [0002/0002], [lateral-edge: 0.7547, lateral-2: 1.1296, lateral-3: 1.1829, lateral-4: 1.2229, lateral-5: 1.3312, epsilon: 469.0170]
2025-11-09 01:02:29.250949 Epoch [097/100], Step [0002/0002], [lateral-edge: 0.7545, lateral-2: 1.1402, lateral-3: 1.1805, lateral-4: 1.2180, lateral-5: 1.3350, epsilon: 473.1155]
2025-11-09 01:02:39.484016 Epoch [098/100], Step [0002/0002], [lateral-edge: 0.7566, lateral-2: 1.1434, lateral-3: 1.1787, lateral-4: 1.2167, lateral-5: 1.3284, epsilon: 477.2103]
2025-11-09 01:02:54.254722 Epoch [099/100], Step [0002/0002], [lateral-edge: 0.7545, lateral-2: 1.1341, lateral-3: 1.1826, lateral-4: 1.2196, lateral-5: 1.3276, epsilon: 481.3013]
[Saving Snapshot:] ./Snapshots/save_weights/Inf-Net_DP_Morph/both/batch_48/run_2/epsilon_200/psac/Inf-Net-100.pth
[Privacy Budget]: ε = 481.30 (δ = 1e-05)
2025-11-09 01:03:15.076746 Epoch [100/100], Step [0002/0002], [lateral-edge: 0.7550, lateral-2: 1.1379, lateral-3: 1.1818, lateral-4: 1.2190, lateral-5: 1.3284, epsilon: 485.3886]
Training completed at Sun Nov  9 01:03:16 CET 2025
