Backbone loading: Res2Net50
Not loading weights from weights file
################################################## 
Start Training (Inf-Net-Res2Net50)
Backbone: Res2Net50
Batch Size: 72
Morphology: dilation
Save Path: ./Snapshots/save_weights/Inf-Net_Morph/dilation/batch_72/run_2
Run: 2
Namespace(epoch=70, lr=0.0001, batchsize=72, trainsize=352, clip=0.5, decay_rate=0.1, decay_epoch=50, is_thop=False, gpu_device=0, num_workers=8, net_channel=32, n_classes=1, backbone='Res2Net50', train_path='./Dataset/TrainingSet/LungInfection-Train/Doctor-label', is_semi=False, is_pseudo=False, train_save=None, run=2, enable_morphology=True, morph_operation='dilation', morph_kernel_size=3, device='cuda')
 ##################################################
2025-10-27 01:06:28.707710 Epoch [001/070], Step [0001/0001], [lateral-edge: 0.7624, lateral-2: 1.6310, lateral-3: 1.5883, lateral-4: 1.6617, lateral-5: 1.5648]
2025-10-27 01:06:30.299308 Epoch [002/070], Step [0001/0001], [lateral-edge: 0.7577, lateral-2: 1.5363, lateral-3: 1.5086, lateral-4: 1.5500, lateral-5: 1.5477]
2025-10-27 01:06:31.928629 Epoch [003/070], Step [0001/0001], [lateral-edge: 0.7542, lateral-2: 1.4727, lateral-3: 1.4723, lateral-4: 1.5371, lateral-5: 1.5394]
2025-10-27 01:06:33.556944 Epoch [004/070], Step [0001/0001], [lateral-edge: 0.7510, lateral-2: 1.4464, lateral-3: 1.4427, lateral-4: 1.5078, lateral-5: 1.5399]
2025-10-27 01:06:35.191157 Epoch [005/070], Step [0001/0001], [lateral-edge: 0.7482, lateral-2: 1.4314, lateral-3: 1.4246, lateral-4: 1.4916, lateral-5: 1.5408]
2025-10-27 01:06:36.842167 Epoch [006/070], Step [0001/0001], [lateral-edge: 0.7452, lateral-2: 1.4070, lateral-3: 1.4067, lateral-4: 1.4829, lateral-5: 1.5374]
2025-10-27 01:06:38.469358 Epoch [007/070], Step [0001/0001], [lateral-edge: 0.7424, lateral-2: 1.3857, lateral-3: 1.3929, lateral-4: 1.4675, lateral-5: 1.5347]
2025-10-27 01:06:40.110143 Epoch [008/070], Step [0001/0001], [lateral-edge: 0.7401, lateral-2: 1.3676, lateral-3: 1.3736, lateral-4: 1.4463, lateral-5: 1.5172]
2025-10-27 01:06:41.762996 Epoch [009/070], Step [0001/0001], [lateral-edge: 0.7380, lateral-2: 1.3419, lateral-3: 1.3453, lateral-4: 1.4146, lateral-5: 1.4686]
[Saving Snapshot:] ./Snapshots/save_weights/Inf-Net_Morph/dilation/batch_72/run_2/Inf-Net-10.pth
2025-10-27 01:06:43.751340 Epoch [010/070], Step [0001/0001], [lateral-edge: 0.7360, lateral-2: 1.2854, lateral-3: 1.2975, lateral-4: 1.3756, lateral-5: 1.4433]
2025-10-27 01:06:45.411329 Epoch [011/070], Step [0001/0001], [lateral-edge: 0.7343, lateral-2: 1.1992, lateral-3: 1.2237, lateral-4: 1.2957, lateral-5: 1.4385]
2025-10-27 01:06:47.079719 Epoch [012/070], Step [0001/0001], [lateral-edge: 0.7327, lateral-2: 1.1016, lateral-3: 1.1243, lateral-4: 1.2222, lateral-5: 1.4917]
2025-10-27 01:06:48.754037 Epoch [013/070], Step [0001/0001], [lateral-edge: 0.7313, lateral-2: 1.0240, lateral-3: 1.0457, lateral-4: 1.1436, lateral-5: 1.5869]
2025-10-27 01:06:50.419556 Epoch [014/070], Step [0001/0001], [lateral-edge: 0.7301, lateral-2: 0.9857, lateral-3: 1.0565, lateral-4: 1.1499, lateral-5: 1.6626]
2025-10-27 01:06:52.084733 Epoch [015/070], Step [0001/0001], [lateral-edge: 0.7289, lateral-2: 0.9512, lateral-3: 0.9705, lateral-4: 1.0628, lateral-5: 1.6494]
2025-10-27 01:06:53.720498 Epoch [016/070], Step [0001/0001], [lateral-edge: 0.7280, lateral-2: 0.9070, lateral-3: 0.9498, lateral-4: 1.0500, lateral-5: 1.6433]
2025-10-27 01:06:55.354867 Epoch [017/070], Step [0001/0001], [lateral-edge: 0.7270, lateral-2: 0.8755, lateral-3: 0.9139, lateral-4: 1.0154, lateral-5: 1.6061]
2025-10-27 01:06:57.002515 Epoch [018/070], Step [0001/0001], [lateral-edge: 0.7261, lateral-2: 0.8486, lateral-3: 0.8984, lateral-4: 1.0001, lateral-5: 1.5968]
2025-10-27 01:06:58.670893 Epoch [019/070], Step [0001/0001], [lateral-edge: 0.7252, lateral-2: 0.8240, lateral-3: 0.8720, lateral-4: 0.9750, lateral-5: 1.5730]
[Saving Snapshot:] ./Snapshots/save_weights/Inf-Net_Morph/dilation/batch_72/run_2/Inf-Net-20.pth
2025-10-27 01:07:00.654534 Epoch [020/070], Step [0001/0001], [lateral-edge: 0.7242, lateral-2: 0.7961, lateral-3: 0.8519, lateral-4: 0.9546, lateral-5: 1.5458]
2025-10-27 01:07:02.280285 Epoch [021/070], Step [0001/0001], [lateral-edge: 0.7233, lateral-2: 0.7806, lateral-3: 0.8372, lateral-4: 0.9443, lateral-5: 1.5479]
2025-10-27 01:07:03.939670 Epoch [022/070], Step [0001/0001], [lateral-edge: 0.7224, lateral-2: 0.7601, lateral-3: 0.8228, lateral-4: 0.9329, lateral-5: 1.5293]
2025-10-27 01:07:05.604345 Epoch [023/070], Step [0001/0001], [lateral-edge: 0.7216, lateral-2: 0.7484, lateral-3: 0.8146, lateral-4: 0.9271, lateral-5: 1.5140]
2025-10-27 01:07:07.264884 Epoch [024/070], Step [0001/0001], [lateral-edge: 0.7207, lateral-2: 0.7377, lateral-3: 0.8057, lateral-4: 0.9182, lateral-5: 1.4942]
2025-10-27 01:07:08.928384 Epoch [025/070], Step [0001/0001], [lateral-edge: 0.7199, lateral-2: 0.7242, lateral-3: 0.7949, lateral-4: 0.9095, lateral-5: 1.4604]
2025-10-27 01:07:10.593941 Epoch [026/070], Step [0001/0001], [lateral-edge: 0.7191, lateral-2: 0.7128, lateral-3: 0.7863, lateral-4: 0.9035, lateral-5: 1.4472]
2025-10-27 01:07:12.241846 Epoch [027/070], Step [0001/0001], [lateral-edge: 0.7183, lateral-2: 0.7035, lateral-3: 0.7790, lateral-4: 0.8977, lateral-5: 1.4205]
2025-10-27 01:07:13.899175 Epoch [028/070], Step [0001/0001], [lateral-edge: 0.7175, lateral-2: 0.6880, lateral-3: 0.7654, lateral-4: 0.8856, lateral-5: 1.3986]
2025-10-27 01:07:15.527944 Epoch [029/070], Step [0001/0001], [lateral-edge: 0.7167, lateral-2: 0.6783, lateral-3: 0.7602, lateral-4: 0.8827, lateral-5: 1.3692]
[Saving Snapshot:] ./Snapshots/save_weights/Inf-Net_Morph/dilation/batch_72/run_2/Inf-Net-30.pth
2025-10-27 01:07:17.520097 Epoch [030/070], Step [0001/0001], [lateral-edge: 0.7160, lateral-2: 0.6675, lateral-3: 0.7498, lateral-4: 0.8736, lateral-5: 1.3463]
2025-10-27 01:07:19.176603 Epoch [031/070], Step [0001/0001], [lateral-edge: 0.7153, lateral-2: 0.6599, lateral-3: 0.7436, lateral-4: 0.8671, lateral-5: 1.3293]
2025-10-27 01:07:20.831885 Epoch [032/070], Step [0001/0001], [lateral-edge: 0.7146, lateral-2: 0.6631, lateral-3: 0.7491, lateral-4: 0.8763, lateral-5: 1.3078]
2025-10-27 01:07:22.524367 Epoch [033/070], Step [0001/0001], [lateral-edge: 0.7139, lateral-2: 0.6600, lateral-3: 0.7445, lateral-4: 0.8700, lateral-5: 1.3029]
2025-10-27 01:07:24.210696 Epoch [034/070], Step [0001/0001], [lateral-edge: 0.7133, lateral-2: 0.6568, lateral-3: 0.7452, lateral-4: 0.8770, lateral-5: 1.2782]
2025-10-27 01:07:25.866405 Epoch [035/070], Step [0001/0001], [lateral-edge: 0.7126, lateral-2: 0.6534, lateral-3: 0.7412, lateral-4: 0.8675, lateral-5: 1.2755]
2025-10-27 01:07:27.507448 Epoch [036/070], Step [0001/0001], [lateral-edge: 0.7120, lateral-2: 0.6442, lateral-3: 0.7355, lateral-4: 0.8676, lateral-5: 1.2590]
2025-10-27 01:07:29.135808 Epoch [037/070], Step [0001/0001], [lateral-edge: 0.7114, lateral-2: 0.6331, lateral-3: 0.7260, lateral-4: 0.8578, lateral-5: 1.2429]
2025-10-27 01:07:30.796650 Epoch [038/070], Step [0001/0001], [lateral-edge: 0.7108, lateral-2: 0.6244, lateral-3: 0.7196, lateral-4: 0.8563, lateral-5: 1.2270]
2025-10-27 01:07:32.430399 Epoch [039/070], Step [0001/0001], [lateral-edge: 0.7103, lateral-2: 0.6213, lateral-3: 0.7173, lateral-4: 0.8485, lateral-5: 1.2033]
[Saving Snapshot:] ./Snapshots/save_weights/Inf-Net_Morph/dilation/batch_72/run_2/Inf-Net-40.pth
2025-10-27 01:07:34.412751 Epoch [040/070], Step [0001/0001], [lateral-edge: 0.7098, lateral-2: 0.6043, lateral-3: 0.7044, lateral-4: 0.8418, lateral-5: 1.1989]
2025-10-27 01:07:36.057213 Epoch [041/070], Step [0001/0001], [lateral-edge: 0.7092, lateral-2: 0.5959, lateral-3: 0.6995, lateral-4: 0.8366, lateral-5: 1.1752]
2025-10-27 01:07:37.683343 Epoch [042/070], Step [0001/0001], [lateral-edge: 0.7087, lateral-2: 0.5842, lateral-3: 0.6874, lateral-4: 0.8320, lateral-5: 1.1838]
2025-10-27 01:07:39.373258 Epoch [043/070], Step [0001/0001], [lateral-edge: 0.7082, lateral-2: 0.5842, lateral-3: 0.6915, lateral-4: 0.8321, lateral-5: 1.1599]
2025-10-27 01:07:41.005587 Epoch [044/070], Step [0001/0001], [lateral-edge: 0.7077, lateral-2: 0.5738, lateral-3: 0.6803, lateral-4: 0.8245, lateral-5: 1.1527]
2025-10-27 01:07:42.643401 Epoch [045/070], Step [0001/0001], [lateral-edge: 0.7072, lateral-2: 0.5691, lateral-3: 0.6785, lateral-4: 0.8250, lateral-5: 1.1320]
2025-10-27 01:07:44.273173 Epoch [046/070], Step [0001/0001], [lateral-edge: 0.7068, lateral-2: 0.5637, lateral-3: 0.6747, lateral-4: 0.8212, lateral-5: 1.1248]
2025-10-27 01:07:45.920672 Epoch [047/070], Step [0001/0001], [lateral-edge: 0.7063, lateral-2: 0.5626, lateral-3: 0.6725, lateral-4: 0.8234, lateral-5: 1.1220]
2025-10-27 01:07:47.541742 Epoch [048/070], Step [0001/0001], [lateral-edge: 0.7059, lateral-2: 0.5568, lateral-3: 0.6707, lateral-4: 0.8211, lateral-5: 1.0999]
2025-10-27 01:07:49.186756 Epoch [049/070], Step [0001/0001], [lateral-edge: 0.7055, lateral-2: 0.5470, lateral-3: 0.6621, lateral-4: 0.8193, lateral-5: 1.0975]
[Saving Snapshot:] ./Snapshots/save_weights/Inf-Net_Morph/dilation/batch_72/run_2/Inf-Net-50.pth
2025-10-27 01:07:51.105095 Epoch [050/070], Step [0001/0001], [lateral-edge: 0.7052, lateral-2: 0.5416, lateral-3: 0.6591, lateral-4: 0.8121, lateral-5: 1.0791]
2025-10-27 01:07:52.791643 Epoch [051/070], Step [0001/0001], [lateral-edge: 0.7051, lateral-2: 0.5378, lateral-3: 0.6563, lateral-4: 0.8096, lateral-5: 1.0756]
2025-10-27 01:07:54.437536 Epoch [052/070], Step [0001/0001], [lateral-edge: 0.7051, lateral-2: 0.5372, lateral-3: 0.6558, lateral-4: 0.8092, lateral-5: 1.0752]
2025-10-27 01:07:56.085404 Epoch [053/070], Step [0001/0001], [lateral-edge: 0.7051, lateral-2: 0.5371, lateral-3: 0.6557, lateral-4: 0.8091, lateral-5: 1.0748]
2025-10-27 01:07:57.708394 Epoch [054/070], Step [0001/0001], [lateral-edge: 0.7051, lateral-2: 0.5370, lateral-3: 0.6556, lateral-4: 0.8091, lateral-5: 1.0750]
2025-10-27 01:07:59.326640 Epoch [055/070], Step [0001/0001], [lateral-edge: 0.7051, lateral-2: 0.5370, lateral-3: 0.6556, lateral-4: 0.8091, lateral-5: 1.0750]
2025-10-27 01:08:00.970482 Epoch [056/070], Step [0001/0001], [lateral-edge: 0.7051, lateral-2: 0.5371, lateral-3: 0.6556, lateral-4: 0.8091, lateral-5: 1.0750]
2025-10-27 01:08:02.625242 Epoch [057/070], Step [0001/0001], [lateral-edge: 0.7051, lateral-2: 0.5370, lateral-3: 0.6556, lateral-4: 0.8091, lateral-5: 1.0750]
2025-10-27 01:08:04.271979 Epoch [058/070], Step [0001/0001], [lateral-edge: 0.7051, lateral-2: 0.5370, lateral-3: 0.6556, lateral-4: 0.8091, lateral-5: 1.0749]
2025-10-27 01:08:05.908621 Epoch [059/070], Step [0001/0001], [lateral-edge: 0.7051, lateral-2: 0.5370, lateral-3: 0.6556, lateral-4: 0.8090, lateral-5: 1.0750]
[Saving Snapshot:] ./Snapshots/save_weights/Inf-Net_Morph/dilation/batch_72/run_2/Inf-Net-60.pth
2025-10-27 01:08:07.815750 Epoch [060/070], Step [0001/0001], [lateral-edge: 0.7051, lateral-2: 0.5370, lateral-3: 0.6556, lateral-4: 0.8091, lateral-5: 1.0750]
2025-10-27 01:08:09.453599 Epoch [061/070], Step [0001/0001], [lateral-edge: 0.7051, lateral-2: 0.5371, lateral-3: 0.6556, lateral-4: 0.8091, lateral-5: 1.0750]
2025-10-27 01:08:11.138634 Epoch [062/070], Step [0001/0001], [lateral-edge: 0.7051, lateral-2: 0.5370, lateral-3: 0.6556, lateral-4: 0.8091, lateral-5: 1.0750]
2025-10-27 01:08:12.782128 Epoch [063/070], Step [0001/0001], [lateral-edge: 0.7051, lateral-2: 0.5370, lateral-3: 0.6556, lateral-4: 0.8090, lateral-5: 1.0751]
2025-10-27 01:08:14.457092 Epoch [064/070], Step [0001/0001], [lateral-edge: 0.7051, lateral-2: 0.5370, lateral-3: 0.6556, lateral-4: 0.8091, lateral-5: 1.0750]
2025-10-27 01:08:16.113169 Epoch [065/070], Step [0001/0001], [lateral-edge: 0.7051, lateral-2: 0.5370, lateral-3: 0.6556, lateral-4: 0.8091, lateral-5: 1.0750]
2025-10-27 01:08:17.790513 Epoch [066/070], Step [0001/0001], [lateral-edge: 0.7051, lateral-2: 0.5370, lateral-3: 0.6556, lateral-4: 0.8090, lateral-5: 1.0750]
2025-10-27 01:08:19.435208 Epoch [067/070], Step [0001/0001], [lateral-edge: 0.7051, lateral-2: 0.5369, lateral-3: 0.6555, lateral-4: 0.8091, lateral-5: 1.0751]
2025-10-27 01:08:21.076463 Epoch [068/070], Step [0001/0001], [lateral-edge: 0.7051, lateral-2: 0.5370, lateral-3: 0.6556, lateral-4: 0.8091, lateral-5: 1.0751]
2025-10-27 01:08:22.701283 Epoch [069/070], Step [0001/0001], [lateral-edge: 0.7051, lateral-2: 0.5370, lateral-3: 0.6556, lateral-4: 0.8091, lateral-5: 1.0750]
[Saving Snapshot:] ./Snapshots/save_weights/Inf-Net_Morph/dilation/batch_72/run_2/Inf-Net-70.pth
2025-10-27 01:08:24.721345 Epoch [070/070], Step [0001/0001], [lateral-edge: 0.7051, lateral-2: 0.5370, lateral-3: 0.6556, lateral-4: 0.8090, lateral-5: 1.0751]
Training completed at Mon Oct 27 01:08:25 CET 2025
