Backbone loading: Res2Net50
Freezing unused branches for DP compatibility...
Trainable: 31,072,721 / 33,121,721 parameters
Not loading weights from weights file
Validator raised issues with model. Attempting auto-fix...
Original error: UnsupportedModuleError
Model successfully fixed for differential privacy
###################################################################### 
Start Training (Inf-Net-Res2Net50)
Backbone: Res2Net50
Batch Size: 72
Privacy: DP Enabled (ε budget, δ=1e-05)
Morphology: erosion
Save Path: ./Snapshots/save_weights/Inf-Net_DP_Morph/erosion/batch_72/run_3/noise_multiplier_0.3
Run: 3
Namespace(epoch=70, lr=0.0001, batchsize=72, trainsize=352, clip=0.5, decay_rate=0.1, decay_epoch=50, is_thop=False, gpu_device=0, num_workers=4, net_channel=32, n_classes=1, backbone='Res2Net50', train_path='./Dataset/TrainingSet/LungInfection-Train/Doctor-label', is_semi=False, is_pseudo=False, train_save=None, run=3, enable_privacy=True, noise_multiplier=0.3, max_grad_norm=1.2, delta=1e-05, enable_morphology=True, morph_operation='erosion', morph_kernel_size=3, device='cuda')
 ######################################################################
2025-10-27 00:38:42.741260 Epoch [001/070], Step [0001/0001], [lateral-edge: 0.7737, lateral-2: 1.6091, lateral-3: 1.6163, lateral-4: 1.5925, lateral-5: 1.5255, epsilon: 40.5547]
2025-10-27 00:38:45.426935 Epoch [002/070], Step [0001/0001], [lateral-edge: 0.7729, lateral-2: 1.5316, lateral-3: 1.5379, lateral-4: 1.5078, lateral-5: 1.5139, epsilon: 67.3649]
2025-10-27 00:38:48.174587 Epoch [003/070], Step [0001/0001], [lateral-edge: 0.7721, lateral-2: 1.5006, lateral-3: 1.5081, lateral-4: 1.4889, lateral-5: 1.5050, epsilon: 91.8295]
2025-10-27 00:38:50.996330 Epoch [004/070], Step [0001/0001], [lateral-edge: 0.7713, lateral-2: 1.4798, lateral-3: 1.4817, lateral-4: 1.4711, lateral-5: 1.4970, epsilon: 115.0760]
2025-10-27 00:38:53.908424 Epoch [005/070], Step [0001/0001], [lateral-edge: 0.7707, lateral-2: 1.4603, lateral-3: 1.4595, lateral-4: 1.4547, lateral-5: 1.4894, epsilon: 137.5426]
2025-10-27 00:38:56.779725 Epoch [006/070], Step [0001/0001], [lateral-edge: 0.7700, lateral-2: 1.4389, lateral-3: 1.4399, lateral-4: 1.4405, lateral-5: 1.4823, epsilon: 159.4546]
2025-10-27 00:38:59.725822 Epoch [007/070], Step [0001/0001], [lateral-edge: 0.7693, lateral-2: 1.4153, lateral-3: 1.4218, lateral-4: 1.4273, lateral-5: 1.4754, epsilon: 180.9461]
2025-10-27 00:39:02.799936 Epoch [008/070], Step [0001/0001], [lateral-edge: 0.7687, lateral-2: 1.3910, lateral-3: 1.4043, lateral-4: 1.4146, lateral-5: 1.4686, epsilon: 202.1045]
2025-10-27 00:39:05.621212 Epoch [009/070], Step [0001/0001], [lateral-edge: 0.7681, lateral-2: 1.3676, lateral-3: 1.3874, lateral-4: 1.4021, lateral-5: 1.4620, epsilon: 222.9906]
[Saving Snapshot:] ./Snapshots/save_weights/Inf-Net_DP_Morph/erosion/batch_72/run_3/noise_multiplier_0.3/Inf-Net-10.pth
[Privacy Budget]: ε = 222.99 (δ = 1e-05)
2025-10-27 00:39:09.179825 Epoch [010/070], Step [0001/0001], [lateral-edge: 0.7675, lateral-2: 1.3455, lateral-3: 1.3706, lateral-4: 1.3899, lateral-5: 1.4553, epsilon: 243.6485]
2025-10-27 00:39:12.083393 Epoch [011/070], Step [0001/0001], [lateral-edge: 0.7668, lateral-2: 1.3252, lateral-3: 1.3543, lateral-4: 1.3779, lateral-5: 1.4489, epsilon: 264.1117]
2025-10-27 00:39:15.397475 Epoch [012/070], Step [0001/0001], [lateral-edge: 0.7662, lateral-2: 1.3069, lateral-3: 1.3385, lateral-4: 1.3661, lateral-5: 1.4426, epsilon: 284.4063]
2025-10-27 00:39:18.869151 Epoch [013/070], Step [0001/0001], [lateral-edge: 0.7656, lateral-2: 1.2898, lateral-3: 1.3237, lateral-4: 1.3541, lateral-5: 1.4363, epsilon: 304.5528]
2025-10-27 00:39:22.356469 Epoch [014/070], Step [0001/0001], [lateral-edge: 0.7650, lateral-2: 1.2741, lateral-3: 1.3102, lateral-4: 1.3423, lateral-5: 1.4297, epsilon: 324.5681]
2025-10-27 00:39:25.935566 Epoch [015/070], Step [0001/0001], [lateral-edge: 0.7644, lateral-2: 1.2595, lateral-3: 1.2974, lateral-4: 1.3311, lateral-5: 1.4227, epsilon: 344.4660]
2025-10-27 00:39:29.555214 Epoch [016/070], Step [0001/0001], [lateral-edge: 0.7638, lateral-2: 1.2457, lateral-3: 1.2844, lateral-4: 1.3201, lateral-5: 1.4152, epsilon: 364.2579]
2025-10-27 00:39:32.623431 Epoch [017/070], Step [0001/0001], [lateral-edge: 0.7632, lateral-2: 1.2321, lateral-3: 1.2713, lateral-4: 1.3092, lateral-5: 1.4073, epsilon: 383.9538]
2025-10-27 00:39:35.819517 Epoch [018/070], Step [0001/0001], [lateral-edge: 0.7626, lateral-2: 1.2193, lateral-3: 1.2584, lateral-4: 1.2989, lateral-5: 1.3993, epsilon: 403.5620]
2025-10-27 00:39:39.710590 Epoch [019/070], Step [0001/0001], [lateral-edge: 0.7620, lateral-2: 1.2071, lateral-3: 1.2463, lateral-4: 1.2889, lateral-5: 1.3912, epsilon: 423.0896]
[Saving Snapshot:] ./Snapshots/save_weights/Inf-Net_DP_Morph/erosion/batch_72/run_3/noise_multiplier_0.3/Inf-Net-20.pth
[Privacy Budget]: ε = 423.09 (δ = 1e-05)
2025-10-27 00:39:44.886561 Epoch [020/070], Step [0001/0001], [lateral-edge: 0.7614, lateral-2: 1.1959, lateral-3: 1.2351, lateral-4: 1.2790, lateral-5: 1.3833, epsilon: 442.5429]
2025-10-27 00:39:48.928192 Epoch [021/070], Step [0001/0001], [lateral-edge: 0.7608, lateral-2: 1.1852, lateral-3: 1.2244, lateral-4: 1.2695, lateral-5: 1.3756, epsilon: 461.9275]
2025-10-27 00:39:52.542150 Epoch [022/070], Step [0001/0001], [lateral-edge: 0.7603, lateral-2: 1.1748, lateral-3: 1.2138, lateral-4: 1.2604, lateral-5: 1.3677, epsilon: 481.2481]
2025-10-27 00:39:55.947496 Epoch [023/070], Step [0001/0001], [lateral-edge: 0.7598, lateral-2: 1.1646, lateral-3: 1.2034, lateral-4: 1.2521, lateral-5: 1.3598, epsilon: 500.5092]
2025-10-27 00:39:59.714686 Epoch [024/070], Step [0001/0001], [lateral-edge: 0.7593, lateral-2: 1.1550, lateral-3: 1.1934, lateral-4: 1.2442, lateral-5: 1.3519, epsilon: 519.7144]
2025-10-27 00:40:04.925364 Epoch [025/070], Step [0001/0001], [lateral-edge: 0.7588, lateral-2: 1.1459, lateral-3: 1.1841, lateral-4: 1.2363, lateral-5: 1.3442, epsilon: 538.8674]
2025-10-27 00:40:09.538451 Epoch [026/070], Step [0001/0001], [lateral-edge: 0.7583, lateral-2: 1.1372, lateral-3: 1.1755, lateral-4: 1.2285, lateral-5: 1.3366, epsilon: 557.9712]
2025-10-27 00:40:13.234271 Epoch [027/070], Step [0001/0001], [lateral-edge: 0.7578, lateral-2: 1.1287, lateral-3: 1.1672, lateral-4: 1.2213, lateral-5: 1.3289, epsilon: 577.0286]
2025-10-27 00:40:18.083327 Epoch [028/070], Step [0001/0001], [lateral-edge: 0.7574, lateral-2: 1.1205, lateral-3: 1.1592, lateral-4: 1.2145, lateral-5: 1.3216, epsilon: 596.0421]
2025-10-27 00:40:23.167175 Epoch [029/070], Step [0001/0001], [lateral-edge: 0.7571, lateral-2: 1.1129, lateral-3: 1.1512, lateral-4: 1.2079, lateral-5: 1.3146, epsilon: 615.0142]
[Saving Snapshot:] ./Snapshots/save_weights/Inf-Net_DP_Morph/erosion/batch_72/run_3/noise_multiplier_0.3/Inf-Net-30.pth
[Privacy Budget]: ε = 615.01 (δ = 1e-05)
2025-10-27 00:40:30.373826 Epoch [030/070], Step [0001/0001], [lateral-edge: 0.7568, lateral-2: 1.1058, lateral-3: 1.1439, lateral-4: 1.2016, lateral-5: 1.3079, epsilon: 633.9468]
2025-10-27 00:40:35.496271 Epoch [031/070], Step [0001/0001], [lateral-edge: 0.7565, lateral-2: 1.0991, lateral-3: 1.1368, lateral-4: 1.1955, lateral-5: 1.3013, epsilon: 652.8420]
2025-10-27 00:40:41.017048 Epoch [032/070], Step [0001/0001], [lateral-edge: 0.7562, lateral-2: 1.0927, lateral-3: 1.1301, lateral-4: 1.1895, lateral-5: 1.2950, epsilon: 671.7016]
2025-10-27 00:40:46.432258 Epoch [033/070], Step [0001/0001], [lateral-edge: 0.7558, lateral-2: 1.0864, lateral-3: 1.1239, lateral-4: 1.1836, lateral-5: 1.2887, epsilon: 690.5272]
2025-10-27 00:40:52.250048 Epoch [034/070], Step [0001/0001], [lateral-edge: 0.7555, lateral-2: 1.0805, lateral-3: 1.1181, lateral-4: 1.1780, lateral-5: 1.2825, epsilon: 709.3204]
2025-10-27 00:40:58.223570 Epoch [035/070], Step [0001/0001], [lateral-edge: 0.7552, lateral-2: 1.0750, lateral-3: 1.1124, lateral-4: 1.1726, lateral-5: 1.2765, epsilon: inf]
2025-10-27 00:41:05.426710 Epoch [036/070], Step [0001/0001], [lateral-edge: 0.7549, lateral-2: 1.0696, lateral-3: 1.1069, lateral-4: 1.1677, lateral-5: 1.2711, epsilon: inf]
2025-10-27 00:41:12.073757 Epoch [037/070], Step [0001/0001], [lateral-edge: 0.7547, lateral-2: 1.0644, lateral-3: 1.1016, lateral-4: 1.1631, lateral-5: 1.2656, epsilon: inf]
2025-10-27 00:41:18.345746 Epoch [038/070], Step [0001/0001], [lateral-edge: 0.7544, lateral-2: 1.0595, lateral-3: 1.0967, lateral-4: 1.1586, lateral-5: 1.2603, epsilon: inf]
2025-10-27 00:41:25.008223 Epoch [039/070], Step [0001/0001], [lateral-edge: 0.7541, lateral-2: 1.0546, lateral-3: 1.0923, lateral-4: 1.1546, lateral-5: 1.2554, epsilon: inf]
[Saving Snapshot:] ./Snapshots/save_weights/Inf-Net_DP_Morph/erosion/batch_72/run_3/noise_multiplier_0.3/Inf-Net-40.pth
[Privacy Budget]: ε = inf (δ = 1e-05)
2025-10-27 00:41:35.274710 Epoch [040/070], Step [0001/0001], [lateral-edge: 0.7539, lateral-2: 1.0498, lateral-3: 1.0878, lateral-4: 1.1506, lateral-5: 1.2506, epsilon: inf]
2025-10-27 00:41:42.185230 Epoch [041/070], Step [0001/0001], [lateral-edge: 0.7536, lateral-2: 1.0453, lateral-3: 1.0833, lateral-4: 1.1468, lateral-5: 1.2459, epsilon: inf]
2025-10-27 00:41:49.262848 Epoch [042/070], Step [0001/0001], [lateral-edge: 0.7533, lateral-2: 1.0409, lateral-3: 1.0791, lateral-4: 1.1428, lateral-5: 1.2413, epsilon: inf]
2025-10-27 00:41:56.329516 Epoch [043/070], Step [0001/0001], [lateral-edge: 0.7530, lateral-2: 1.0368, lateral-3: 1.0750, lateral-4: 1.1386, lateral-5: 1.2366, epsilon: inf]
2025-10-27 00:42:03.522249 Epoch [044/070], Step [0001/0001], [lateral-edge: 0.7528, lateral-2: 1.0326, lateral-3: 1.0708, lateral-4: 1.1349, lateral-5: 1.2320, epsilon: inf]
2025-10-27 00:42:09.134993 Epoch [045/070], Step [0001/0001], [lateral-edge: 0.7525, lateral-2: 1.0286, lateral-3: 1.0668, lateral-4: 1.1315, lateral-5: 1.2275, epsilon: inf]
2025-10-27 00:42:16.898751 Epoch [046/070], Step [0001/0001], [lateral-edge: 0.7522, lateral-2: 1.0249, lateral-3: 1.0634, lateral-4: 1.1281, lateral-5: 1.2231, epsilon: inf]
2025-10-27 00:42:24.543686 Epoch [047/070], Step [0001/0001], [lateral-edge: 0.7520, lateral-2: 1.0212, lateral-3: 1.0599, lateral-4: 1.1247, lateral-5: 1.2187, epsilon: inf]
2025-10-27 00:42:32.345654 Epoch [048/070], Step [0001/0001], [lateral-edge: 0.7518, lateral-2: 1.0174, lateral-3: 1.0565, lateral-4: 1.1213, lateral-5: 1.2147, epsilon: inf]
2025-10-27 00:42:40.259484 Epoch [049/070], Step [0001/0001], [lateral-edge: 0.7515, lateral-2: 1.0136, lateral-3: 1.0531, lateral-4: 1.1179, lateral-5: 1.2106, epsilon: inf]
[Saving Snapshot:] ./Snapshots/save_weights/Inf-Net_DP_Morph/erosion/batch_72/run_3/noise_multiplier_0.3/Inf-Net-50.pth
[Privacy Budget]: ε = inf (δ = 1e-05)
2025-10-27 00:42:50.463784 Epoch [050/070], Step [0001/0001], [lateral-edge: 0.7513, lateral-2: 1.0110, lateral-3: 1.0507, lateral-4: 1.1157, lateral-5: 1.2077, epsilon: inf]
2025-10-27 00:42:59.309361 Epoch [051/070], Step [0001/0001], [lateral-edge: 0.7513, lateral-2: 1.0107, lateral-3: 1.0505, lateral-4: 1.1155, lateral-5: 1.2074, epsilon: inf]
2025-10-27 00:43:08.292352 Epoch [052/070], Step [0001/0001], [lateral-edge: 0.7513, lateral-2: 1.0107, lateral-3: 1.0505, lateral-4: 1.1154, lateral-5: 1.2074, epsilon: inf]
2025-10-27 00:43:16.978948 Epoch [053/070], Step [0001/0001], [lateral-edge: 0.7513, lateral-2: 1.0107, lateral-3: 1.0505, lateral-4: 1.1154, lateral-5: 1.2074, epsilon: inf]
2025-10-27 00:43:26.149337 Epoch [054/070], Step [0001/0001], [lateral-edge: 0.7513, lateral-2: 1.0107, lateral-3: 1.0505, lateral-4: 1.1154, lateral-5: 1.2073, epsilon: inf]
2025-10-27 00:43:35.249636 Epoch [055/070], Step [0001/0001], [lateral-edge: 0.7513, lateral-2: 1.0107, lateral-3: 1.0505, lateral-4: 1.1154, lateral-5: 1.2073, epsilon: inf]
2025-10-27 00:43:47.493610 Epoch [056/070], Step [0001/0001], [lateral-edge: 0.7513, lateral-2: 1.0107, lateral-3: 1.0505, lateral-4: 1.1154, lateral-5: 1.2073, epsilon: inf]
2025-10-27 00:43:57.182873 Epoch [057/070], Step [0001/0001], [lateral-edge: 0.7513, lateral-2: 1.0107, lateral-3: 1.0505, lateral-4: 1.1154, lateral-5: 1.2073, epsilon: inf]
2025-10-27 00:44:06.527878 Epoch [058/070], Step [0001/0001], [lateral-edge: 0.7513, lateral-2: 1.0107, lateral-3: 1.0505, lateral-4: 1.1154, lateral-5: 1.2073, epsilon: inf]
2025-10-27 00:44:17.323005 Epoch [059/070], Step [0001/0001], [lateral-edge: 0.7513, lateral-2: 1.0107, lateral-3: 1.0505, lateral-4: 1.1154, lateral-5: 1.2073, epsilon: inf]
[Saving Snapshot:] ./Snapshots/save_weights/Inf-Net_DP_Morph/erosion/batch_72/run_3/noise_multiplier_0.3/Inf-Net-60.pth
[Privacy Budget]: ε = inf (δ = 1e-05)
2025-10-27 00:44:42.216812 Epoch [060/070], Step [0001/0001], [lateral-edge: 0.7513, lateral-2: 1.0107, lateral-3: 1.0505, lateral-4: 1.1154, lateral-5: 1.2073, epsilon: inf]
2025-10-27 00:44:52.595468 Epoch [061/070], Step [0001/0001], [lateral-edge: 0.7513, lateral-2: 1.0107, lateral-3: 1.0505, lateral-4: 1.1154, lateral-5: 1.2073, epsilon: inf]
2025-10-27 00:45:02.873000 Epoch [062/070], Step [0001/0001], [lateral-edge: 0.7513, lateral-2: 1.0107, lateral-3: 1.0505, lateral-4: 1.1154, lateral-5: 1.2073, epsilon: inf]
2025-10-27 00:45:13.330972 Epoch [063/070], Step [0001/0001], [lateral-edge: 0.7513, lateral-2: 1.0107, lateral-3: 1.0505, lateral-4: 1.1154, lateral-5: 1.2073, epsilon: inf]
2025-10-27 00:45:24.837391 Epoch [064/070], Step [0001/0001], [lateral-edge: 0.7513, lateral-2: 1.0107, lateral-3: 1.0505, lateral-4: 1.1154, lateral-5: 1.2073, epsilon: inf]
2025-10-27 00:45:36.194988 Epoch [065/070], Step [0001/0001], [lateral-edge: 0.7513, lateral-2: 1.0107, lateral-3: 1.0505, lateral-4: 1.1154, lateral-5: 1.2073, epsilon: inf]
2025-10-27 00:45:48.051642 Epoch [066/070], Step [0001/0001], [lateral-edge: 0.7513, lateral-2: 1.0107, lateral-3: 1.0505, lateral-4: 1.1154, lateral-5: 1.2073, epsilon: inf]
2025-10-27 00:45:59.705995 Epoch [067/070], Step [0001/0001], [lateral-edge: 0.7513, lateral-2: 1.0107, lateral-3: 1.0505, lateral-4: 1.1154, lateral-5: 1.2073, epsilon: inf]
2025-10-27 00:46:10.018655 Epoch [068/070], Step [0001/0001], [lateral-edge: 0.7513, lateral-2: 1.0107, lateral-3: 1.0505, lateral-4: 1.1154, lateral-5: 1.2073, epsilon: inf]
2025-10-27 00:46:18.551220 Epoch [069/070], Step [0001/0001], [lateral-edge: 0.7513, lateral-2: 1.0107, lateral-3: 1.0505, lateral-4: 1.1154, lateral-5: 1.2073, epsilon: inf]
[Saving Snapshot:] ./Snapshots/save_weights/Inf-Net_DP_Morph/erosion/batch_72/run_3/noise_multiplier_0.3/Inf-Net-70.pth
[Privacy Budget]: ε = inf (δ = 1e-05)
2025-10-27 00:46:33.595492 Epoch [070/070], Step [0001/0001], [lateral-edge: 0.7513, lateral-2: 1.0107, lateral-3: 1.0505, lateral-4: 1.1154, lateral-5: 1.2073, epsilon: inf]
Training completed at Mon Oct 27 00:46:35 CET 2025
