Backbone loading: Res2Net50
Trainable: 31,072,721 / 33,121,721 parameters
Validator raised issues with model. Attempting auto-fix...
Original error: UnsupportedModuleError
Model successfully fixed for differential privacy
Not loading weights from weights file
###################################################################### 
Start Training (Inf_Net-DP)
Network: Inf_Net
Batch Size: 48
DP Enabled (ε=8.0, δ=1e-05, clipping=base)
Morphology: both
Architecture: GroupNorm (with DP)
Save Path: ./Snapshots/save_weights/Inf-Net_DP_Morph/both/batch_48/run_3/epsilon_8/base
Run: 3
Namespace(network='Inf_Net', epoch=100, lr=0.0001, batchsize=48, trainsize=352, clip=0.5, decay_rate=0.1, decay_epoch=50, is_thop=False, gpu_device=0, num_workers=8, net_channel=32, init_features=32, n_classes=1, in_channels=3, backbone='Res2Net50', deep_supervision=False, train_path='./Dataset/TrainingSet/LungInfection-Train/Doctor-label', is_semi=False, is_pseudo=False, train_save=None, run=3, enable_privacy=True, epsilon=8.0, max_grad_norm=1.2, delta=1e-05, clipping_strategy='base', enable_morphology=True, morph_operation='both', morph_kernel_size=3, device='cuda')
 ######################################################################
2025-11-09 00:41:32.726225 Epoch [001/100], Step [0002/0002], [lateral-edge: 0.7814, lateral-2: 1.7990, lateral-3: 1.6615, lateral-4: 1.6287, lateral-5: 1.5560, epsilon: 1.1725]
2025-11-09 00:41:36.823519 Epoch [002/100], Step [0002/0002], [lateral-edge: 0.7785, lateral-2: 1.7593, lateral-3: 1.6353, lateral-4: 1.6038, lateral-5: 1.5515, epsilon: 1.6749]
2025-11-09 00:41:40.430357 Epoch [003/100], Step [0002/0002], [lateral-edge: 0.7800, lateral-2: 1.7646, lateral-3: 1.6429, lateral-4: 1.6177, lateral-5: 1.5642, epsilon: 2.0737]
2025-11-09 00:41:44.270119 Epoch [004/100], Step [0002/0002], [lateral-edge: 0.7800, lateral-2: 1.7537, lateral-3: 1.6367, lateral-4: 1.6116, lateral-5: 1.5651, epsilon: 2.4184]
2025-11-09 00:41:47.404605 Epoch [005/100], Step [0002/0002], [lateral-edge: 0.7778, lateral-2: 1.7505, lateral-3: 1.6325, lateral-4: 1.6102, lateral-5: 1.5584, epsilon: 2.7282]
2025-11-09 00:41:51.397242 Epoch [006/100], Step [0002/0002], [lateral-edge: 0.7802, lateral-2: 1.7075, lateral-3: 1.6001, lateral-4: 1.5806, lateral-5: 1.5549, epsilon: 3.0131]
2025-11-09 00:41:54.594926 Epoch [007/100], Step [0002/0002], [lateral-edge: 0.7797, lateral-2: 1.6918, lateral-3: 1.5973, lateral-4: 1.5833, lateral-5: 1.5541, epsilon: 3.2790]
2025-11-09 00:41:58.278082 Epoch [008/100], Step [0002/0002], [lateral-edge: 0.7786, lateral-2: 1.6867, lateral-3: 1.5847, lateral-4: 1.5709, lateral-5: 1.5489, epsilon: 3.5299]
2025-11-09 00:42:01.525581 Epoch [009/100], Step [0002/0002], [lateral-edge: 0.7794, lateral-2: 1.6947, lateral-3: 1.6010, lateral-4: 1.5918, lateral-5: 1.5655, epsilon: 3.7684]
[Saving Snapshot:] ./Snapshots/save_weights/Inf-Net_DP_Morph/both/batch_48/run_3/epsilon_8/base/Inf-Net-10.pth
[Privacy Budget]: ε = 3.77 (δ = 1e-05)
2025-11-09 00:42:05.441876 Epoch [010/100], Step [0002/0002], [lateral-edge: 0.7780, lateral-2: 1.6507, lateral-3: 1.5537, lateral-4: 1.5381, lateral-5: 1.5341, epsilon: 3.9966]
2025-11-09 00:42:09.126858 Epoch [011/100], Step [0002/0002], [lateral-edge: 0.7798, lateral-2: 1.6496, lateral-3: 1.5646, lateral-4: 1.5537, lateral-5: 1.5460, epsilon: 4.2158]
2025-11-09 00:42:12.824193 Epoch [012/100], Step [0002/0002], [lateral-edge: 0.7772, lateral-2: 1.6285, lateral-3: 1.5478, lateral-4: 1.5347, lateral-5: 1.5336, epsilon: 4.4274]
2025-11-09 00:42:16.410516 Epoch [013/100], Step [0002/0002], [lateral-edge: 0.7782, lateral-2: 1.6306, lateral-3: 1.5559, lateral-4: 1.5387, lateral-5: 1.5395, epsilon: 4.6322]
2025-11-09 00:42:19.508819 Epoch [014/100], Step [0002/0002], [lateral-edge: 0.7795, lateral-2: 1.6472, lateral-3: 1.5662, lateral-4: 1.5500, lateral-5: 1.5465, epsilon: 4.8310]
2025-11-09 00:42:23.433120 Epoch [015/100], Step [0002/0002], [lateral-edge: 0.7786, lateral-2: 1.6515, lateral-3: 1.5728, lateral-4: 1.5567, lateral-5: 1.5511, epsilon: 5.0245]
2025-11-09 00:42:26.872084 Epoch [016/100], Step [0002/0002], [lateral-edge: 0.7776, lateral-2: 1.6444, lateral-3: 1.5605, lateral-4: 1.5391, lateral-5: 1.5452, epsilon: 5.2130]
2025-11-09 00:42:30.158515 Epoch [017/100], Step [0002/0002], [lateral-edge: 0.7786, lateral-2: 1.6234, lateral-3: 1.5529, lateral-4: 1.5372, lateral-5: 1.5442, epsilon: 5.3971]
2025-11-09 00:42:33.746885 Epoch [018/100], Step [0002/0002], [lateral-edge: 0.7782, lateral-2: 1.6231, lateral-3: 1.5442, lateral-4: 1.5348, lateral-5: 1.5400, epsilon: 5.5772]
2025-11-09 00:42:37.081797 Epoch [019/100], Step [0002/0002], [lateral-edge: 0.7773, lateral-2: 1.6049, lateral-3: 1.5291, lateral-4: 1.5159, lateral-5: 1.5304, epsilon: 5.7536]
[Saving Snapshot:] ./Snapshots/save_weights/Inf-Net_DP_Morph/both/batch_48/run_3/epsilon_8/base/Inf-Net-20.pth
[Privacy Budget]: ε = 5.75 (δ = 1e-05)
2025-11-09 00:42:41.052319 Epoch [020/100], Step [0002/0002], [lateral-edge: 0.7746, lateral-2: 1.6154, lateral-3: 1.5384, lateral-4: 1.5300, lateral-5: 1.5372, epsilon: 5.9266]
2025-11-09 00:42:44.139918 Epoch [021/100], Step [0002/0002], [lateral-edge: 0.7764, lateral-2: 1.6173, lateral-3: 1.5467, lateral-4: 1.5461, lateral-5: 1.5470, epsilon: 6.0963]
2025-11-09 00:42:47.840952 Epoch [022/100], Step [0002/0002], [lateral-edge: 0.7767, lateral-2: 1.5930, lateral-3: 1.5271, lateral-4: 1.5216, lateral-5: 1.5357, epsilon: 6.2631]
2025-11-09 00:42:51.312853 Epoch [023/100], Step [0002/0002], [lateral-edge: 0.7770, lateral-2: 1.6043, lateral-3: 1.5413, lateral-4: 1.5407, lateral-5: 1.5463, epsilon: 6.4272]
2025-11-09 00:42:54.792967 Epoch [024/100], Step [0002/0002], [lateral-edge: 0.7764, lateral-2: 1.5812, lateral-3: 1.5141, lateral-4: 1.5067, lateral-5: 1.5276, epsilon: 6.5886]
2025-11-09 00:42:57.949916 Epoch [025/100], Step [0002/0002], [lateral-edge: 0.7764, lateral-2: 1.5924, lateral-3: 1.5298, lateral-4: 1.5267, lateral-5: 1.5418, epsilon: 6.7477]
2025-11-09 00:43:01.211862 Epoch [026/100], Step [0002/0002], [lateral-edge: 0.7743, lateral-2: 1.5843, lateral-3: 1.5250, lateral-4: 1.5198, lateral-5: 1.5332, epsilon: 6.9044]
2025-11-09 00:43:04.747951 Epoch [027/100], Step [0002/0002], [lateral-edge: 0.7760, lateral-2: 1.5806, lateral-3: 1.5217, lateral-4: 1.5180, lateral-5: 1.5358, epsilon: 7.0590]
2025-11-09 00:43:07.992189 Epoch [028/100], Step [0002/0002], [lateral-edge: 0.7743, lateral-2: 1.5865, lateral-3: 1.5270, lateral-4: 1.5291, lateral-5: 1.5392, epsilon: 7.2116]
2025-11-09 00:43:11.233136 Epoch [029/100], Step [0002/0002], [lateral-edge: 0.7756, lateral-2: 1.5812, lateral-3: 1.5213, lateral-4: 1.5239, lateral-5: 1.5400, epsilon: 7.3622]
[Saving Snapshot:] ./Snapshots/save_weights/Inf-Net_DP_Morph/both/batch_48/run_3/epsilon_8/base/Inf-Net-30.pth
[Privacy Budget]: ε = 7.36 (δ = 1e-05)
2025-11-09 00:43:15.136382 Epoch [030/100], Step [0002/0002], [lateral-edge: 0.7754, lateral-2: 1.5551, lateral-3: 1.5108, lateral-4: 1.5120, lateral-5: 1.5338, epsilon: 7.5110]
2025-11-09 00:43:18.097338 Epoch [031/100], Step [0002/0002], [lateral-edge: 0.7774, lateral-2: 1.5860, lateral-3: 1.5333, lateral-4: 1.5284, lateral-5: 1.5430, epsilon: 7.6580]
2025-11-09 00:43:21.564020 Epoch [032/100], Step [0002/0002], [lateral-edge: 0.7736, lateral-2: 1.5379, lateral-3: 1.4929, lateral-4: 1.4901, lateral-5: 1.5176, epsilon: 7.8034]
2025-11-09 00:43:24.813216 Epoch [033/100], Step [0002/0002], [lateral-edge: 0.7746, lateral-2: 1.5553, lateral-3: 1.5075, lateral-4: 1.5109, lateral-5: 1.5317, epsilon: 7.9472]
2025-11-09 00:43:28.032907 Epoch [034/100], Step [0002/0002], [lateral-edge: 0.7733, lateral-2: 1.5568, lateral-3: 1.5086, lateral-4: 1.5095, lateral-5: 1.5270, epsilon: 8.0895]
2025-11-09 00:43:31.524874 Epoch [035/100], Step [0002/0002], [lateral-edge: 0.7744, lateral-2: 1.5400, lateral-3: 1.5012, lateral-4: 1.4983, lateral-5: 1.5235, epsilon: 8.2303]
2025-11-09 00:43:34.930779 Epoch [036/100], Step [0002/0002], [lateral-edge: 0.7744, lateral-2: 1.5419, lateral-3: 1.5025, lateral-4: 1.5032, lateral-5: 1.5287, epsilon: 8.3697]
2025-11-09 00:43:38.212285 Epoch [037/100], Step [0002/0002], [lateral-edge: 0.7741, lateral-2: 1.5393, lateral-3: 1.4998, lateral-4: 1.5029, lateral-5: 1.5255, epsilon: 8.5078]
2025-11-09 00:43:41.434477 Epoch [038/100], Step [0002/0002], [lateral-edge: 0.7731, lateral-2: 1.5278, lateral-3: 1.4903, lateral-4: 1.4926, lateral-5: 1.5200, epsilon: 8.6447]
2025-11-09 00:43:45.174295 Epoch [039/100], Step [0002/0002], [lateral-edge: 0.7740, lateral-2: 1.5401, lateral-3: 1.5007, lateral-4: 1.4992, lateral-5: 1.5291, epsilon: 8.7803]
[Saving Snapshot:] ./Snapshots/save_weights/Inf-Net_DP_Morph/both/batch_48/run_3/epsilon_8/base/Inf-Net-40.pth
[Privacy Budget]: ε = 8.78 (δ = 1e-05)
2025-11-09 00:43:49.249503 Epoch [040/100], Step [0002/0002], [lateral-edge: 0.7739, lateral-2: 1.5376, lateral-3: 1.4958, lateral-4: 1.4970, lateral-5: 1.5289, epsilon: 8.9147]
2025-11-09 00:43:52.674263 Epoch [041/100], Step [0002/0002], [lateral-edge: 0.7729, lateral-2: 1.5152, lateral-3: 1.4792, lateral-4: 1.4817, lateral-5: 1.5176, epsilon: 9.0480]
2025-11-09 00:43:55.918591 Epoch [042/100], Step [0002/0002], [lateral-edge: 0.7729, lateral-2: 1.5308, lateral-3: 1.4937, lateral-4: 1.4945, lateral-5: 1.5231, epsilon: 9.1801]
2025-11-09 00:43:59.101782 Epoch [043/100], Step [0002/0002], [lateral-edge: 0.7724, lateral-2: 1.5058, lateral-3: 1.4685, lateral-4: 1.4663, lateral-5: 1.5096, epsilon: 9.3112]
2025-11-09 00:44:02.761973 Epoch [044/100], Step [0002/0002], [lateral-edge: 0.7738, lateral-2: 1.5252, lateral-3: 1.4902, lateral-4: 1.4915, lateral-5: 1.5255, epsilon: 9.4413]
2025-11-09 00:44:06.373720 Epoch [045/100], Step [0002/0002], [lateral-edge: 0.7730, lateral-2: 1.5181, lateral-3: 1.4766, lateral-4: 1.4828, lateral-5: 1.5204, epsilon: 9.5704]
2025-11-09 00:44:09.930855 Epoch [046/100], Step [0002/0002], [lateral-edge: 0.7743, lateral-2: 1.5551, lateral-3: 1.5128, lateral-4: 1.5157, lateral-5: 1.5413, epsilon: 9.6986]
2025-11-09 00:44:13.467013 Epoch [047/100], Step [0002/0002], [lateral-edge: 0.7722, lateral-2: 1.5256, lateral-3: 1.4886, lateral-4: 1.4902, lateral-5: 1.5220, epsilon: 9.8258]
2025-11-09 00:44:16.728695 Epoch [048/100], Step [0002/0002], [lateral-edge: 0.7711, lateral-2: 1.5232, lateral-3: 1.4927, lateral-4: 1.4964, lateral-5: 1.5250, epsilon: 9.9521]
2025-11-09 00:44:20.221798 Epoch [049/100], Step [0002/0002], [lateral-edge: 0.7730, lateral-2: 1.5193, lateral-3: 1.4816, lateral-4: 1.4891, lateral-5: 1.5250, epsilon: 10.0775]
[Saving Snapshot:] ./Snapshots/save_weights/Inf-Net_DP_Morph/both/batch_48/run_3/epsilon_8/base/Inf-Net-50.pth
[Privacy Budget]: ε = 10.08 (δ = 1e-05)
2025-11-09 00:44:24.500094 Epoch [050/100], Step [0002/0002], [lateral-edge: 0.7713, lateral-2: 1.5052, lateral-3: 1.4762, lateral-4: 1.4766, lateral-5: 1.5137, epsilon: 10.2021]
2025-11-09 00:44:27.669376 Epoch [051/100], Step [0002/0002], [lateral-edge: 0.7715, lateral-2: 1.5080, lateral-3: 1.4779, lateral-4: 1.4751, lateral-5: 1.5132, epsilon: 10.3259]
2025-11-09 00:44:31.007252 Epoch [052/100], Step [0002/0002], [lateral-edge: 0.7724, lateral-2: 1.5010, lateral-3: 1.4685, lateral-4: 1.4670, lateral-5: 1.5111, epsilon: 10.4489]
2025-11-09 00:44:34.306301 Epoch [053/100], Step [0002/0002], [lateral-edge: 0.7715, lateral-2: 1.5254, lateral-3: 1.4878, lateral-4: 1.4893, lateral-5: 1.5241, epsilon: 10.5711]
2025-11-09 00:44:37.631855 Epoch [054/100], Step [0002/0002], [lateral-edge: 0.7730, lateral-2: 1.5286, lateral-3: 1.4851, lateral-4: 1.4921, lateral-5: 1.5301, epsilon: 10.6926]
2025-11-09 00:44:41.337289 Epoch [055/100], Step [0002/0002], [lateral-edge: 0.7705, lateral-2: 1.4930, lateral-3: 1.4678, lateral-4: 1.4705, lateral-5: 1.5073, epsilon: 10.8133]
2025-11-09 00:44:44.331466 Epoch [056/100], Step [0002/0002], [lateral-edge: 0.7711, lateral-2: 1.5160, lateral-3: 1.4793, lateral-4: 1.4804, lateral-5: 1.5182, epsilon: 10.9333]
2025-11-09 00:44:48.124885 Epoch [057/100], Step [0002/0002], [lateral-edge: 0.7714, lateral-2: 1.4967, lateral-3: 1.4694, lateral-4: 1.4763, lateral-5: 1.5139, epsilon: 11.0527]
2025-11-09 00:44:51.429304 Epoch [058/100], Step [0002/0002], [lateral-edge: 0.7718, lateral-2: 1.5101, lateral-3: 1.4811, lateral-4: 1.4873, lateral-5: 1.5181, epsilon: 11.1713]
2025-11-09 00:44:55.030980 Epoch [059/100], Step [0002/0002], [lateral-edge: 0.7708, lateral-2: 1.5257, lateral-3: 1.4889, lateral-4: 1.4924, lateral-5: 1.5217, epsilon: 11.2893]
[Saving Snapshot:] ./Snapshots/save_weights/Inf-Net_DP_Morph/both/batch_48/run_3/epsilon_8/base/Inf-Net-60.pth
[Privacy Budget]: ε = 11.29 (δ = 1e-05)
2025-11-09 00:44:59.343601 Epoch [060/100], Step [0002/0002], [lateral-edge: 0.7724, lateral-2: 1.4915, lateral-3: 1.4606, lateral-4: 1.4642, lateral-5: 1.5127, epsilon: 11.4066]
2025-11-09 00:45:02.507943 Epoch [061/100], Step [0002/0002], [lateral-edge: 0.7734, lateral-2: 1.5214, lateral-3: 1.4891, lateral-4: 1.4974, lateral-5: 1.5303, epsilon: 11.5234]
2025-11-09 00:45:06.079761 Epoch [062/100], Step [0002/0002], [lateral-edge: 0.7729, lateral-2: 1.5010, lateral-3: 1.4668, lateral-4: 1.4699, lateral-5: 1.5165, epsilon: 11.6395]
2025-11-09 00:45:09.081977 Epoch [063/100], Step [0002/0002], [lateral-edge: 0.7725, lateral-2: 1.4877, lateral-3: 1.4605, lateral-4: 1.4644, lateral-5: 1.5115, epsilon: 11.7550]
2025-11-09 00:45:12.266478 Epoch [064/100], Step [0002/0002], [lateral-edge: 0.7728, lateral-2: 1.5263, lateral-3: 1.4944, lateral-4: 1.4988, lateral-5: 1.5271, epsilon: 11.8699]
2025-11-09 00:45:15.928581 Epoch [065/100], Step [0002/0002], [lateral-edge: 0.7716, lateral-2: 1.5077, lateral-3: 1.4782, lateral-4: 1.4808, lateral-5: 1.5158, epsilon: 11.9843]
2025-11-09 00:45:19.484243 Epoch [066/100], Step [0002/0002], [lateral-edge: 0.7733, lateral-2: 1.5147, lateral-3: 1.4863, lateral-4: 1.4954, lateral-5: 1.5272, epsilon: 12.0981]
2025-11-09 00:45:23.200427 Epoch [067/100], Step [0002/0002], [lateral-edge: 0.7727, lateral-2: 1.5118, lateral-3: 1.4809, lateral-4: 1.4831, lateral-5: 1.5196, epsilon: 12.2114]
2025-11-09 00:45:26.717257 Epoch [068/100], Step [0002/0002], [lateral-edge: 0.7729, lateral-2: 1.5006, lateral-3: 1.4732, lateral-4: 1.4722, lateral-5: 1.5124, epsilon: 12.3241]
2025-11-09 00:45:30.251699 Epoch [069/100], Step [0002/0002], [lateral-edge: 0.7720, lateral-2: 1.5101, lateral-3: 1.4783, lateral-4: 1.4847, lateral-5: 1.5175, epsilon: 12.4363]
[Saving Snapshot:] ./Snapshots/save_weights/Inf-Net_DP_Morph/both/batch_48/run_3/epsilon_8/base/Inf-Net-70.pth
[Privacy Budget]: ε = 12.44 (δ = 1e-05)
2025-11-09 00:45:34.259897 Epoch [070/100], Step [0002/0002], [lateral-edge: 0.7727, lateral-2: 1.5239, lateral-3: 1.4892, lateral-4: 1.4983, lateral-5: 1.5319, epsilon: 12.5481]
2025-11-09 00:45:37.904015 Epoch [071/100], Step [0002/0002], [lateral-edge: 0.7718, lateral-2: 1.5199, lateral-3: 1.4826, lateral-4: 1.4828, lateral-5: 1.5221, epsilon: 12.6593]
2025-11-09 00:45:41.002241 Epoch [072/100], Step [0002/0002], [lateral-edge: 0.7736, lateral-2: 1.5299, lateral-3: 1.4945, lateral-4: 1.5008, lateral-5: 1.5347, epsilon: 12.7700]
2025-11-09 00:45:44.582383 Epoch [073/100], Step [0002/0002], [lateral-edge: 0.7746, lateral-2: 1.5524, lateral-3: 1.5124, lateral-4: 1.5177, lateral-5: 1.5419, epsilon: 12.8802]
2025-11-09 00:45:47.971325 Epoch [074/100], Step [0002/0002], [lateral-edge: 0.7731, lateral-2: 1.5027, lateral-3: 1.4756, lateral-4: 1.4846, lateral-5: 1.5196, epsilon: 12.9900]
2025-11-09 00:45:51.424306 Epoch [075/100], Step [0002/0002], [lateral-edge: 0.7729, lateral-2: 1.5396, lateral-3: 1.5032, lateral-4: 1.5085, lateral-5: 1.5347, epsilon: 13.0993]
2025-11-09 00:45:54.611556 Epoch [076/100], Step [0002/0002], [lateral-edge: 0.7736, lateral-2: 1.5382, lateral-3: 1.4985, lateral-4: 1.5076, lateral-5: 1.5372, epsilon: 13.2082]
2025-11-09 00:45:57.580047 Epoch [077/100], Step [0002/0002], [lateral-edge: 0.7703, lateral-2: 1.5146, lateral-3: 1.4843, lateral-4: 1.4845, lateral-5: 1.5159, epsilon: 13.3166]
2025-11-09 00:46:01.206191 Epoch [078/100], Step [0002/0002], [lateral-edge: 0.7714, lateral-2: 1.5007, lateral-3: 1.4759, lateral-4: 1.4811, lateral-5: 1.5168, epsilon: 13.4246]
2025-11-09 00:46:04.714510 Epoch [079/100], Step [0002/0002], [lateral-edge: 0.7719, lateral-2: 1.5108, lateral-3: 1.4768, lateral-4: 1.4809, lateral-5: 1.5190, epsilon: 13.5322]
[Saving Snapshot:] ./Snapshots/save_weights/Inf-Net_DP_Morph/both/batch_48/run_3/epsilon_8/base/Inf-Net-80.pth
[Privacy Budget]: ε = 13.53 (δ = 1e-05)
2025-11-09 00:46:09.251477 Epoch [080/100], Step [0002/0002], [lateral-edge: 0.7717, lateral-2: 1.5112, lateral-3: 1.4789, lateral-4: 1.4858, lateral-5: 1.5214, epsilon: 13.6394]
2025-11-09 00:46:12.436540 Epoch [081/100], Step [0002/0002], [lateral-edge: 0.7739, lateral-2: 1.5266, lateral-3: 1.4913, lateral-4: 1.4954, lateral-5: 1.5318, epsilon: 13.7461]
2025-11-09 00:46:16.020509 Epoch [082/100], Step [0002/0002], [lateral-edge: 0.7719, lateral-2: 1.4959, lateral-3: 1.4663, lateral-4: 1.4663, lateral-5: 1.5096, epsilon: 13.8525]
2025-11-09 00:46:19.015327 Epoch [083/100], Step [0002/0002], [lateral-edge: 0.7722, lateral-2: 1.4953, lateral-3: 1.4651, lateral-4: 1.4696, lateral-5: 1.5131, epsilon: 13.9584]
2025-11-09 00:46:22.125632 Epoch [084/100], Step [0002/0002], [lateral-edge: 0.7720, lateral-2: 1.4980, lateral-3: 1.4669, lateral-4: 1.4677, lateral-5: 1.5107, epsilon: 14.0640]
2025-11-09 00:46:25.829621 Epoch [085/100], Step [0002/0002], [lateral-edge: 0.7710, lateral-2: 1.5005, lateral-3: 1.4699, lateral-4: 1.4725, lateral-5: 1.5123, epsilon: 14.1692]
2025-11-09 00:46:29.074211 Epoch [086/100], Step [0002/0002], [lateral-edge: 0.7735, lateral-2: 1.5250, lateral-3: 1.4953, lateral-4: 1.4993, lateral-5: 1.5308, epsilon: 14.2740]
2025-11-09 00:46:32.737858 Epoch [087/100], Step [0002/0002], [lateral-edge: 0.7727, lateral-2: 1.5159, lateral-3: 1.4799, lateral-4: 1.4854, lateral-5: 1.5230, epsilon: 14.3784]
2025-11-09 00:46:36.177356 Epoch [088/100], Step [0002/0002], [lateral-edge: 0.7727, lateral-2: 1.5167, lateral-3: 1.4883, lateral-4: 1.4968, lateral-5: 1.5243, epsilon: 14.4825]
2025-11-09 00:46:39.826591 Epoch [089/100], Step [0002/0002], [lateral-edge: 0.7715, lateral-2: 1.4913, lateral-3: 1.4652, lateral-4: 1.4655, lateral-5: 1.5111, epsilon: 14.5862]
[Saving Snapshot:] ./Snapshots/save_weights/Inf-Net_DP_Morph/both/batch_48/run_3/epsilon_8/base/Inf-Net-90.pth
[Privacy Budget]: ε = 14.59 (δ = 1e-05)
2025-11-09 00:46:43.909333 Epoch [090/100], Step [0002/0002], [lateral-edge: 0.7732, lateral-2: 1.5296, lateral-3: 1.4935, lateral-4: 1.4947, lateral-5: 1.5249, epsilon: 14.6896]
2025-11-09 00:46:47.340428 Epoch [091/100], Step [0002/0002], [lateral-edge: 0.7722, lateral-2: 1.5204, lateral-3: 1.4894, lateral-4: 1.4980, lateral-5: 1.5272, epsilon: 14.7927]
2025-11-09 00:46:51.010600 Epoch [092/100], Step [0002/0002], [lateral-edge: 0.7725, lateral-2: 1.5220, lateral-3: 1.4853, lateral-4: 1.4881, lateral-5: 1.5204, epsilon: 14.8954]
2025-11-09 00:46:54.505040 Epoch [093/100], Step [0002/0002], [lateral-edge: 0.7721, lateral-2: 1.5109, lateral-3: 1.4788, lateral-4: 1.4846, lateral-5: 1.5231, epsilon: 14.9977]
2025-11-09 00:46:58.305499 Epoch [094/100], Step [0002/0002], [lateral-edge: 0.7727, lateral-2: 1.5159, lateral-3: 1.4797, lateral-4: 1.4809, lateral-5: 1.5197, epsilon: 15.0998]
2025-11-09 00:47:01.641956 Epoch [095/100], Step [0002/0002], [lateral-edge: 0.7739, lateral-2: 1.5225, lateral-3: 1.4877, lateral-4: 1.4891, lateral-5: 1.5300, epsilon: 15.2015]
2025-11-09 00:47:05.394966 Epoch [096/100], Step [0002/0002], [lateral-edge: 0.7706, lateral-2: 1.4867, lateral-3: 1.4622, lateral-4: 1.4630, lateral-5: 1.5074, epsilon: 15.3029]
2025-11-09 00:47:09.012941 Epoch [097/100], Step [0002/0002], [lateral-edge: 0.7725, lateral-2: 1.5237, lateral-3: 1.4894, lateral-4: 1.4948, lateral-5: 1.5283, epsilon: 15.4040]
2025-11-09 00:47:12.525495 Epoch [098/100], Step [0002/0002], [lateral-edge: 0.7716, lateral-2: 1.5083, lateral-3: 1.4750, lateral-4: 1.4866, lateral-5: 1.5208, epsilon: 15.5048]
2025-11-09 00:47:16.157744 Epoch [099/100], Step [0002/0002], [lateral-edge: 0.7726, lateral-2: 1.5379, lateral-3: 1.4993, lateral-4: 1.5027, lateral-5: 1.5308, epsilon: 15.6053]
[Saving Snapshot:] ./Snapshots/save_weights/Inf-Net_DP_Morph/both/batch_48/run_3/epsilon_8/base/Inf-Net-100.pth
[Privacy Budget]: ε = 15.61 (δ = 1e-05)
2025-11-09 00:47:20.366126 Epoch [100/100], Step [0002/0002], [lateral-edge: 0.7722, lateral-2: 1.5308, lateral-3: 1.4956, lateral-4: 1.4960, lateral-5: 1.5260, epsilon: 15.7055]
Training completed at Sun Nov  9 00:47:21 CET 2025
