Model loading: UNet with GroupNorm
Model is compatible with differential privacy
Not loading weights from weights file
###################################################################### 
Start Training (UNet-DP)
Network: UNet
Batch Size: 48
DP Enabled (ε=200.0, δ=1e-05, clipping=psac)
Morphology: both
Architecture: GroupNorm (with DP)
Save Path: ./Snapshots/save_weights/UNet_DP_Morph/both/batch_48/run_2/epsilon_200/psac
Run: 2
Namespace(network='UNet', epoch=100, lr=0.0001, batchsize=48, trainsize=352, clip=0.5, decay_rate=0.1, decay_epoch=50, is_thop=False, gpu_device=0, num_workers=8, net_channel=32, init_features=32, n_classes=1, in_channels=3, backbone='Res2Net50', deep_supervision=False, train_path='./Dataset/TrainingSet/LungInfection-Train/Doctor-label', is_semi=False, is_pseudo=False, train_save=None, run=2, enable_privacy=True, epsilon=200.0, max_grad_norm=1.2, delta=1e-05, clipping_strategy='psac', enable_morphology=True, morph_operation='both', morph_kernel_size=3, device='cuda')
 ######################################################################
2025-11-09 01:07:27.057438 Epoch [001/100], Step [0002/0002], Loss: 1.4288, ε: 11.8573
2025-11-09 01:07:28.923378 Epoch [002/100], Step [0002/0002], Loss: 1.4256, ε: 17.0473
2025-11-09 01:07:30.901767 Epoch [003/100], Step [0002/0002], Loss: 1.4212, ε: 21.0900
2025-11-09 01:07:32.942650 Epoch [004/100], Step [0002/0002], Loss: 1.4123, ε: 24.6100
2025-11-09 01:07:34.947558 Epoch [005/100], Step [0002/0002], Loss: 1.4102, ε: 27.8145
2025-11-09 01:07:36.989471 Epoch [006/100], Step [0002/0002], Loss: 1.3981, ε: 30.8019
2025-11-09 01:07:39.705473 Epoch [007/100], Step [0002/0002], Loss: 1.3908, ε: 33.6283
2025-11-09 01:07:41.805708 Epoch [008/100], Step [0002/0002], Loss: 1.3883, ε: 36.3292
2025-11-09 01:07:43.868210 Epoch [009/100], Step [0002/0002], Loss: 1.3937, ε: 38.9286
[Saving Snapshot:] ./Snapshots/save_weights/UNet_DP_Morph/both/batch_48/run_2/epsilon_200/psac/UNet-10.pth
[Privacy Budget]: ε = 38.93 (δ = 1e-05)
2025-11-09 01:07:46.242682 Epoch [010/100], Step [0002/0002], Loss: 1.3798, ε: 41.4440
2025-11-09 01:07:48.474992 Epoch [011/100], Step [0002/0002], Loss: 1.3859, ε: 43.8880
2025-11-09 01:07:50.426468 Epoch [012/100], Step [0002/0002], Loss: 1.3746, ε: 46.2706
2025-11-09 01:07:52.497675 Epoch [013/100], Step [0002/0002], Loss: 1.3747, ε: 48.5997
2025-11-09 01:07:54.548803 Epoch [014/100], Step [0002/0002], Loss: 1.3625, ε: 50.8815
2025-11-09 01:07:56.440606 Epoch [015/100], Step [0002/0002], Loss: 1.3581, ε: 53.1211
2025-11-09 01:07:58.645745 Epoch [016/100], Step [0002/0002], Loss: 1.3539, ε: 55.3228
2025-11-09 01:08:00.614762 Epoch [017/100], Step [0002/0002], Loss: 1.3526, ε: 57.4902
2025-11-09 01:08:02.554375 Epoch [018/100], Step [0002/0002], Loss: 1.3581, ε: 59.6264
2025-11-09 01:08:04.495709 Epoch [019/100], Step [0002/0002], Loss: 1.3286, ε: 61.7340
[Saving Snapshot:] ./Snapshots/save_weights/UNet_DP_Morph/both/batch_48/run_2/epsilon_200/psac/UNet-20.pth
[Privacy Budget]: ε = 61.73 (δ = 1e-05)
2025-11-09 01:08:07.150807 Epoch [020/100], Step [0002/0002], Loss: 1.3523, ε: 63.8153
2025-11-09 01:08:09.305488 Epoch [021/100], Step [0002/0002], Loss: 1.3371, ε: 65.8722
2025-11-09 01:08:11.412597 Epoch [022/100], Step [0002/0002], Loss: 1.3312, ε: 67.9066
2025-11-09 01:08:13.461615 Epoch [023/100], Step [0002/0002], Loss: 1.3342, ε: 69.9200
2025-11-09 01:08:15.514863 Epoch [024/100], Step [0002/0002], Loss: 1.3175, ε: 71.9138
2025-11-09 01:08:17.468144 Epoch [025/100], Step [0002/0002], Loss: 1.3211, ε: 73.8891
2025-11-09 01:08:19.548706 Epoch [026/100], Step [0002/0002], Loss: 1.3218, ε: 75.8472
2025-11-09 01:08:21.742907 Epoch [027/100], Step [0002/0002], Loss: 1.3083, ε: 77.7891
2025-11-09 01:08:23.899190 Epoch [028/100], Step [0002/0002], Loss: 1.2981, ε: 79.7155
2025-11-09 01:08:26.043679 Epoch [029/100], Step [0002/0002], Loss: 1.3029, ε: 81.6275
[Saving Snapshot:] ./Snapshots/save_weights/UNet_DP_Morph/both/batch_48/run_2/epsilon_200/psac/UNet-30.pth
[Privacy Budget]: ε = 81.63 (δ = 1e-05)
2025-11-09 01:08:28.858734 Epoch [030/100], Step [0002/0002], Loss: 1.2827, ε: 83.5256
2025-11-09 01:08:30.812191 Epoch [031/100], Step [0002/0002], Loss: 1.2902, ε: 85.4107
2025-11-09 01:08:33.425717 Epoch [032/100], Step [0002/0002], Loss: 1.2858, ε: 87.2834
2025-11-09 01:08:35.692477 Epoch [033/100], Step [0002/0002], Loss: 1.2795, ε: 89.1441
2025-11-09 01:08:37.841487 Epoch [034/100], Step [0002/0002], Loss: 1.2752, ε: 90.9936
2025-11-09 01:08:39.964245 Epoch [035/100], Step [0002/0002], Loss: 1.2749, ε: 92.8323
2025-11-09 01:08:42.046090 Epoch [036/100], Step [0002/0002], Loss: 1.2605, ε: 94.6606
2025-11-09 01:08:44.469524 Epoch [037/100], Step [0002/0002], Loss: 1.2673, ε: 96.4790
2025-11-09 01:08:46.717182 Epoch [038/100], Step [0002/0002], Loss: 1.2597, ε: 98.2879
2025-11-09 01:08:49.078799 Epoch [039/100], Step [0002/0002], Loss: 1.2437, ε: 100.0877
[Saving Snapshot:] ./Snapshots/save_weights/UNet_DP_Morph/both/batch_48/run_2/epsilon_200/psac/UNet-40.pth
[Privacy Budget]: ε = 100.09 (δ = 1e-05)
2025-11-09 01:08:52.040904 Epoch [040/100], Step [0002/0002], Loss: 1.2578, ε: 101.8787
2025-11-09 01:08:54.184086 Epoch [041/100], Step [0002/0002], Loss: 1.2549, ε: 103.6613
2025-11-09 01:08:56.646298 Epoch [042/100], Step [0002/0002], Loss: 1.2466, ε: 105.4357
2025-11-09 01:08:59.554469 Epoch [043/100], Step [0002/0002], Loss: 1.2332, ε: 107.2023
2025-11-09 01:09:01.746691 Epoch [044/100], Step [0002/0002], Loss: 1.2446, ε: 108.9613
2025-11-09 01:09:04.222758 Epoch [045/100], Step [0002/0002], Loss: 1.2302, ε: 110.7130
2025-11-09 01:09:06.736618 Epoch [046/100], Step [0002/0002], Loss: 1.2257, ε: 112.4576
2025-11-09 01:09:09.219925 Epoch [047/100], Step [0002/0002], Loss: 1.2361, ε: 114.1955
2025-11-09 01:09:11.499518 Epoch [048/100], Step [0002/0002], Loss: 1.2255, ε: 115.9267
2025-11-09 01:09:13.863273 Epoch [049/100], Step [0002/0002], Loss: 1.2046, ε: 117.6515
[Saving Snapshot:] ./Snapshots/save_weights/UNet_DP_Morph/both/batch_48/run_2/epsilon_200/psac/UNet-50.pth
[Privacy Budget]: ε = 117.65 (δ = 1e-05)
2025-11-09 01:09:17.412189 Epoch [050/100], Step [0002/0002], Loss: 1.2066, ε: 119.3701
2025-11-09 01:09:20.011845 Epoch [051/100], Step [0002/0002], Loss: 1.2037, ε: 121.0826
2025-11-09 01:09:22.356551 Epoch [052/100], Step [0002/0002], Loss: 1.2101, ε: 122.7894
2025-11-09 01:09:24.901871 Epoch [053/100], Step [0002/0002], Loss: 1.2071, ε: 124.4904
2025-11-09 01:09:27.224200 Epoch [054/100], Step [0002/0002], Loss: 1.2311, ε: 126.1860
2025-11-09 01:09:29.837825 Epoch [055/100], Step [0002/0002], Loss: 1.2259, ε: 127.8762
2025-11-09 01:09:32.577154 Epoch [056/100], Step [0002/0002], Loss: 1.2123, ε: 129.5612
2025-11-09 01:09:34.926508 Epoch [057/100], Step [0002/0002], Loss: 1.2132, ε: 131.2411
2025-11-09 01:09:37.144522 Epoch [058/100], Step [0002/0002], Loss: 1.2037, ε: 132.9160
2025-11-09 01:09:39.829089 Epoch [059/100], Step [0002/0002], Loss: 1.2087, ε: 134.5862
[Saving Snapshot:] ./Snapshots/save_weights/UNet_DP_Morph/both/batch_48/run_2/epsilon_200/psac/UNet-60.pth
[Privacy Budget]: ε = 134.59 (δ = 1e-05)
2025-11-09 01:09:43.617680 Epoch [060/100], Step [0002/0002], Loss: 1.2210, ε: 136.2517
2025-11-09 01:09:46.429944 Epoch [061/100], Step [0002/0002], Loss: 1.2132, ε: 137.9126
2025-11-09 01:09:48.817619 Epoch [062/100], Step [0002/0002], Loss: 1.2179, ε: 139.5690
2025-11-09 01:09:51.707827 Epoch [063/100], Step [0002/0002], Loss: 1.2192, ε: 141.2211
2025-11-09 01:09:54.595378 Epoch [064/100], Step [0002/0002], Loss: 1.2305, ε: 142.8690
2025-11-09 01:09:57.538526 Epoch [065/100], Step [0002/0002], Loss: 1.2231, ε: 144.5127
2025-11-09 01:10:00.490771 Epoch [066/100], Step [0002/0002], Loss: 1.2225, ε: 146.1524
2025-11-09 01:10:03.360490 Epoch [067/100], Step [0002/0002], Loss: 1.1994, ε: 147.7881
2025-11-09 01:10:06.324492 Epoch [068/100], Step [0002/0002], Loss: 1.2185, ε: 149.4199
2025-11-09 01:10:09.287969 Epoch [069/100], Step [0002/0002], Loss: 1.2109, ε: 151.0480
[Saving Snapshot:] ./Snapshots/save_weights/UNet_DP_Morph/both/batch_48/run_2/epsilon_200/psac/UNet-70.pth
[Privacy Budget]: ε = 151.05 (δ = 1e-05)
2025-11-09 01:10:13.344982 Epoch [070/100], Step [0002/0002], Loss: 1.2196, ε: 152.6724
2025-11-09 01:10:16.069141 Epoch [071/100], Step [0002/0002], Loss: 1.2154, ε: 154.2931
2025-11-09 01:10:19.037354 Epoch [072/100], Step [0002/0002], Loss: 1.2227, ε: 155.9103
2025-11-09 01:10:21.964345 Epoch [073/100], Step [0002/0002], Loss: 1.2189, ε: 157.5241
2025-11-09 01:10:25.072063 Epoch [074/100], Step [0002/0002], Loss: 1.2133, ε: 159.1344
2025-11-09 01:10:28.035759 Epoch [075/100], Step [0002/0002], Loss: 1.2383, ε: 160.7414
2025-11-09 01:10:30.671998 Epoch [076/100], Step [0002/0002], Loss: 1.2130, ε: 162.3452
2025-11-09 01:10:33.791314 Epoch [077/100], Step [0002/0002], Loss: 1.2045, ε: 163.9458
2025-11-09 01:10:36.546003 Epoch [078/100], Step [0002/0002], Loss: 1.2180, ε: 165.5432
2025-11-09 01:10:39.684991 Epoch [079/100], Step [0002/0002], Loss: 1.2127, ε: 167.1375
[Saving Snapshot:] ./Snapshots/save_weights/UNet_DP_Morph/both/batch_48/run_2/epsilon_200/psac/UNet-80.pth
[Privacy Budget]: ε = 167.14 (δ = 1e-05)
2025-11-09 01:10:43.738985 Epoch [080/100], Step [0002/0002], Loss: 1.2297, ε: 168.7289
2025-11-09 01:10:47.119920 Epoch [081/100], Step [0002/0002], Loss: 1.2185, ε: 170.3173
2025-11-09 01:10:50.107932 Epoch [082/100], Step [0002/0002], Loss: 1.2158, ε: 171.9027
2025-11-09 01:10:53.104419 Epoch [083/100], Step [0002/0002], Loss: 1.2157, ε: 173.4854
2025-11-09 01:10:56.023038 Epoch [084/100], Step [0002/0002], Loss: 1.2246, ε: 175.0652
2025-11-09 01:10:59.112640 Epoch [085/100], Step [0002/0002], Loss: 1.2255, ε: 176.6423
2025-11-09 01:11:02.423067 Epoch [086/100], Step [0002/0002], Loss: 1.2039, ε: 178.2166
2025-11-09 01:11:05.845225 Epoch [087/100], Step [0002/0002], Loss: 1.2368, ε: 179.7884
2025-11-09 01:11:08.559239 Epoch [088/100], Step [0002/0002], Loss: 1.2104, ε: 181.3575
2025-11-09 01:11:11.742467 Epoch [089/100], Step [0002/0002], Loss: 1.2050, ε: 182.9241
[Saving Snapshot:] ./Snapshots/save_weights/UNet_DP_Morph/both/batch_48/run_2/epsilon_200/psac/UNet-90.pth
[Privacy Budget]: ε = 182.92 (δ = 1e-05)
2025-11-09 01:11:16.422601 Epoch [090/100], Step [0002/0002], Loss: 1.2072, ε: 184.4881
2025-11-09 01:11:19.831928 Epoch [091/100], Step [0002/0002], Loss: 1.2252, ε: 186.0497
2025-11-09 01:11:23.213355 Epoch [092/100], Step [0002/0002], Loss: 1.2148, ε: 187.6088
2025-11-09 01:11:26.258725 Epoch [093/100], Step [0002/0002], Loss: 1.2112, ε: 189.1655
2025-11-09 01:11:29.626759 Epoch [094/100], Step [0002/0002], Loss: 1.2120, ε: 190.7199
2025-11-09 01:11:32.317338 Epoch [095/100], Step [0002/0002], Loss: 1.2341, ε: 192.2720
2025-11-09 01:11:35.844517 Epoch [096/100], Step [0002/0002], Loss: 1.2158, ε: 193.8217
2025-11-09 01:11:39.279581 Epoch [097/100], Step [0002/0002], Loss: 1.2211, ε: 195.3693
2025-11-09 01:11:42.477120 Epoch [098/100], Step [0002/0002], Loss: 1.2251, ε: 196.9146
2025-11-09 01:11:45.999371 Epoch [099/100], Step [0002/0002], Loss: 1.2237, ε: 198.4577
[Saving Snapshot:] ./Snapshots/save_weights/UNet_DP_Morph/both/batch_48/run_2/epsilon_200/psac/UNet-100.pth
[Privacy Budget]: ε = 198.46 (δ = 1e-05)
2025-11-09 01:11:51.052792 Epoch [100/100], Step [0002/0002], Loss: 1.2080, ε: 199.9987
Training completed at Sun Nov  9 01:11:52 CET 2025
