Model loading: UNet with GroupNorm
Model is compatible with differential privacy
Not loading weights from weights file
###################################################################### 
Start Training (UNet-DP)
Network: UNet
Batch Size: 24
DP Enabled (ε=200.0, δ=1e-05, clipping=automatic)
Morphology: Disabled
Architecture: GroupNorm (with DP)
Save Path: ./Snapshots/save_weights/UNet_DP/batch_24/run_3/epsilon_200/automatic
Run: 3
Namespace(network='UNet', epoch=100, lr=0.0001, batchsize=24, trainsize=352, clip=0.5, decay_rate=0.1, decay_epoch=50, is_thop=False, gpu_device=0, num_workers=8, net_channel=32, init_features=32, n_classes=1, in_channels=3, backbone='Res2Net50', deep_supervision=False, train_path='./Dataset/TrainingSet/LungInfection-Train/Doctor-label', is_semi=False, is_pseudo=False, train_save=None, run=3, enable_privacy=True, epsilon=200.0, max_grad_norm=1.2, delta=1e-05, clipping_strategy='automatic', enable_morphology=False, morph_operation='both', morph_kernel_size=3, device='cuda')
 ######################################################################
2025-11-09 00:47:26.988230 Epoch [001/100], Step [0003/0003], Loss: 1.4631, ε: 14.0873
2025-11-09 00:47:28.499202 Epoch [002/100], Step [0003/0003], Loss: 1.4444, ε: 19.2258
2025-11-09 00:47:30.128463 Epoch [003/100], Step [0003/0003], Loss: 1.4355, ε: 23.2690
2025-11-09 00:47:31.668126 Epoch [004/100], Step [0003/0003], Loss: 1.4322, ε: 26.7959
2025-11-09 00:47:33.468926 Epoch [005/100], Step [0003/0003], Loss: 1.4035, ε: 30.0066
2025-11-09 00:47:35.104352 Epoch [006/100], Step [0003/0003], Loss: 1.4034, ε: 32.9982
2025-11-09 00:47:36.738811 Epoch [007/100], Step [0003/0003], Loss: 1.3936, ε: 35.8264
2025-11-09 00:47:38.190446 Epoch [008/100], Step [0003/0003], Loss: 1.3689, ε: 38.5270
2025-11-09 00:47:39.546345 Epoch [009/100], Step [0003/0003], Loss: 1.3630, ε: 41.1241
[Saving Snapshot:] ./Snapshots/save_weights/UNet_DP/batch_24/run_3/epsilon_200/automatic/UNet-10.pth
[Privacy Budget]: ε = 41.12 (δ = 1e-05)
2025-11-09 00:47:41.431464 Epoch [010/100], Step [0003/0003], Loss: 1.3610, ε: 43.6354
2025-11-09 00:47:43.176147 Epoch [011/100], Step [0003/0003], Loss: 1.3434, ε: 46.0737
2025-11-09 00:47:44.988515 Epoch [012/100], Step [0003/0003], Loss: 1.3372, ε: 48.4492
2025-11-09 00:47:46.364257 Epoch [013/100], Step [0003/0003], Loss: 1.3448, ε: 50.7698
2025-11-09 00:47:47.884475 Epoch [014/100], Step [0003/0003], Loss: 1.3183, ε: 53.0420
2025-11-09 00:47:49.243217 Epoch [015/100], Step [0003/0003], Loss: 1.3087, ε: 55.2708
2025-11-09 00:47:50.615467 Epoch [016/100], Step [0003/0003], Loss: 1.3151, ε: 57.4608
2025-11-09 00:47:52.096621 Epoch [017/100], Step [0003/0003], Loss: 1.3002, ε: 59.6156
2025-11-09 00:47:53.650908 Epoch [018/100], Step [0003/0003], Loss: 1.3120, ε: 61.7384
2025-11-09 00:47:55.052967 Epoch [019/100], Step [0003/0003], Loss: 1.3062, ε: 63.8317
[Saving Snapshot:] ./Snapshots/save_weights/UNet_DP/batch_24/run_3/epsilon_200/automatic/UNet-20.pth
[Privacy Budget]: ε = 63.83 (δ = 1e-05)
2025-11-09 00:47:56.937993 Epoch [020/100], Step [0003/0003], Loss: 1.2792, ε: 65.8980
2025-11-09 00:47:58.358586 Epoch [021/100], Step [0003/0003], Loss: 1.2960, ε: 67.9394
2025-11-09 00:47:59.882428 Epoch [022/100], Step [0003/0003], Loss: 1.3032, ε: 69.9575
2025-11-09 00:48:01.425060 Epoch [023/100], Step [0003/0003], Loss: 1.2750, ε: 71.9540
2025-11-09 00:48:02.950587 Epoch [024/100], Step [0003/0003], Loss: 1.2620, ε: 73.9304
2025-11-09 00:48:04.424112 Epoch [025/100], Step [0003/0003], Loss: 1.2628, ε: 75.8878
2025-11-09 00:48:06.084009 Epoch [026/100], Step [0003/0003], Loss: 1.2824, ε: 77.8274
2025-11-09 00:48:07.593249 Epoch [027/100], Step [0003/0003], Loss: 1.2774, ε: 79.7503
2025-11-09 00:48:09.039823 Epoch [028/100], Step [0003/0003], Loss: 1.2730, ε: 81.6574
2025-11-09 00:48:10.450369 Epoch [029/100], Step [0003/0003], Loss: 1.2388, ε: 83.5496
[Saving Snapshot:] ./Snapshots/save_weights/UNet_DP/batch_24/run_3/epsilon_200/automatic/UNet-30.pth
[Privacy Budget]: ε = 83.55 (δ = 1e-05)
2025-11-09 00:48:12.571040 Epoch [030/100], Step [0003/0003], Loss: 1.2501, ε: 85.4276
2025-11-09 00:48:13.964797 Epoch [031/100], Step [0003/0003], Loss: 1.2530, ε: 87.2921
2025-11-09 00:48:15.647245 Epoch [032/100], Step [0003/0003], Loss: 1.2435, ε: 89.1438
2025-11-09 00:48:17.200596 Epoch [033/100], Step [0003/0003], Loss: 1.2491, ε: 90.9833
2025-11-09 00:48:18.777374 Epoch [034/100], Step [0003/0003], Loss: 1.2529, ε: 92.8111
2025-11-09 00:48:20.166391 Epoch [035/100], Step [0003/0003], Loss: 1.2400, ε: 94.6278
2025-11-09 00:48:21.800757 Epoch [036/100], Step [0003/0003], Loss: 1.2558, ε: 96.4339
2025-11-09 00:48:23.638464 Epoch [037/100], Step [0003/0003], Loss: 1.2438, ε: 98.2298
2025-11-09 00:48:25.303971 Epoch [038/100], Step [0003/0003], Loss: 1.2305, ε: 100.0159
2025-11-09 00:48:27.107652 Epoch [039/100], Step [0003/0003], Loss: 1.2211, ε: 101.7925
[Saving Snapshot:] ./Snapshots/save_weights/UNet_DP/batch_24/run_3/epsilon_200/automatic/UNet-40.pth
[Privacy Budget]: ε = 101.79 (δ = 1e-05)
2025-11-09 00:48:29.407724 Epoch [040/100], Step [0003/0003], Loss: 1.2283, ε: 103.5602
2025-11-09 00:48:31.172549 Epoch [041/100], Step [0003/0003], Loss: 1.2391, ε: 105.3191
2025-11-09 00:48:32.900685 Epoch [042/100], Step [0003/0003], Loss: 1.2163, ε: 107.0697
2025-11-09 00:48:34.763312 Epoch [043/100], Step [0003/0003], Loss: 1.2194, ε: 108.8121
2025-11-09 00:48:36.266653 Epoch [044/100], Step [0003/0003], Loss: 1.1979, ε: 110.5468
2025-11-09 00:48:38.033485 Epoch [045/100], Step [0003/0003], Loss: 1.2184, ε: 112.2740
2025-11-09 00:48:39.788564 Epoch [046/100], Step [0003/0003], Loss: 1.2021, ε: 113.9939
2025-11-09 00:48:41.633362 Epoch [047/100], Step [0003/0003], Loss: 1.2168, ε: 115.7067
2025-11-09 00:48:43.552483 Epoch [048/100], Step [0003/0003], Loss: 1.1928, ε: 117.4127
2025-11-09 00:48:45.563925 Epoch [049/100], Step [0003/0003], Loss: 1.2200, ε: 119.1122
[Saving Snapshot:] ./Snapshots/save_weights/UNet_DP/batch_24/run_3/epsilon_200/automatic/UNet-50.pth
[Privacy Budget]: ε = 119.11 (δ = 1e-05)
2025-11-09 00:48:48.605369 Epoch [050/100], Step [0003/0003], Loss: 1.2196, ε: 120.8052
2025-11-09 00:48:50.588224 Epoch [051/100], Step [0003/0003], Loss: 1.1947, ε: 122.4920
2025-11-09 00:48:52.180732 Epoch [052/100], Step [0003/0003], Loss: 1.2002, ε: 124.1729
2025-11-09 00:48:54.236298 Epoch [053/100], Step [0003/0003], Loss: 1.1990, ε: 125.8478
2025-11-09 00:48:56.399123 Epoch [054/100], Step [0003/0003], Loss: 1.1889, ε: 127.5171
2025-11-09 00:48:58.299264 Epoch [055/100], Step [0003/0003], Loss: 1.2057, ε: 129.1809
2025-11-09 00:49:00.487718 Epoch [056/100], Step [0003/0003], Loss: 1.1995, ε: 130.8393
2025-11-09 00:49:02.277205 Epoch [057/100], Step [0003/0003], Loss: 1.2300, ε: 132.4924
2025-11-09 00:49:04.090282 Epoch [058/100], Step [0003/0003], Loss: 1.2131, ε: 134.1405
2025-11-09 00:49:06.191408 Epoch [059/100], Step [0003/0003], Loss: 1.2096, ε: 135.7836
[Saving Snapshot:] ./Snapshots/save_weights/UNet_DP/batch_24/run_3/epsilon_200/automatic/UNet-60.pth
[Privacy Budget]: ε = 135.78 (δ = 1e-05)
2025-11-09 00:49:08.826919 Epoch [060/100], Step [0003/0003], Loss: 1.1871, ε: 137.4219
2025-11-09 00:49:11.003627 Epoch [061/100], Step [0003/0003], Loss: 1.2328, ε: 139.0555
2025-11-09 00:49:12.691754 Epoch [062/100], Step [0003/0003], Loss: 1.2149, ε: 140.6845
2025-11-09 00:49:15.008772 Epoch [063/100], Step [0003/0003], Loss: 1.2073, ε: 142.3090
2025-11-09 00:49:17.320126 Epoch [064/100], Step [0003/0003], Loss: 1.2132, ε: 143.9292
2025-11-09 00:49:19.372457 Epoch [065/100], Step [0003/0003], Loss: 1.2127, ε: 145.5450
2025-11-09 00:49:21.786846 Epoch [066/100], Step [0003/0003], Loss: 1.2128, ε: 147.1567
2025-11-09 00:49:24.061574 Epoch [067/100], Step [0003/0003], Loss: 1.2262, ε: 148.7644
2025-11-09 00:49:26.671825 Epoch [068/100], Step [0003/0003], Loss: 1.2188, ε: 150.3680
2025-11-09 00:49:28.655830 Epoch [069/100], Step [0003/0003], Loss: 1.2176, ε: 151.9677
[Saving Snapshot:] ./Snapshots/save_weights/UNet_DP/batch_24/run_3/epsilon_200/automatic/UNet-70.pth
[Privacy Budget]: ε = 151.97 (δ = 1e-05)
2025-11-09 00:49:31.334625 Epoch [070/100], Step [0003/0003], Loss: 1.2324, ε: 153.5637
2025-11-09 00:49:33.302372 Epoch [071/100], Step [0003/0003], Loss: 1.1917, ε: 155.1558
2025-11-09 00:49:35.892102 Epoch [072/100], Step [0003/0003], Loss: 1.1947, ε: 156.7444
2025-11-09 00:49:37.818042 Epoch [073/100], Step [0003/0003], Loss: 1.2082, ε: 158.3294
2025-11-09 00:49:40.236806 Epoch [074/100], Step [0003/0003], Loss: 1.1928, ε: 159.9108
2025-11-09 00:49:42.114333 Epoch [075/100], Step [0003/0003], Loss: 1.2194, ε: 161.4889
2025-11-09 00:49:44.462201 Epoch [076/100], Step [0003/0003], Loss: 1.2144, ε: 163.0635
2025-11-09 00:49:47.035330 Epoch [077/100], Step [0003/0003], Loss: 1.2413, ε: 164.6349
2025-11-09 00:49:49.251289 Epoch [078/100], Step [0003/0003], Loss: 1.2097, ε: 166.2031
2025-11-09 00:49:51.829946 Epoch [079/100], Step [0003/0003], Loss: 1.1986, ε: 167.7680
[Saving Snapshot:] ./Snapshots/save_weights/UNet_DP/batch_24/run_3/epsilon_200/automatic/UNet-80.pth
[Privacy Budget]: ε = 167.77 (δ = 1e-05)
2025-11-09 00:49:55.579167 Epoch [080/100], Step [0003/0003], Loss: 1.2307, ε: 169.3299
2025-11-09 00:49:58.180596 Epoch [081/100], Step [0003/0003], Loss: 1.2161, ε: 170.8887
2025-11-09 00:50:00.110672 Epoch [082/100], Step [0003/0003], Loss: 1.2226, ε: 172.4446
2025-11-09 00:50:02.936963 Epoch [083/100], Step [0003/0003], Loss: 1.1981, ε: 173.9974
2025-11-09 00:50:05.782424 Epoch [084/100], Step [0003/0003], Loss: 1.2009, ε: 175.5475
2025-11-09 00:50:08.619395 Epoch [085/100], Step [0003/0003], Loss: 1.1857, ε: 177.0946
2025-11-09 00:50:11.453278 Epoch [086/100], Step [0003/0003], Loss: 1.1998, ε: 178.6390
2025-11-09 00:50:14.570758 Epoch [087/100], Step [0003/0003], Loss: 1.2142, ε: 180.1807
2025-11-09 00:50:17.420471 Epoch [088/100], Step [0003/0003], Loss: 1.2212, ε: 181.7196
2025-11-09 00:50:19.591678 Epoch [089/100], Step [0003/0003], Loss: 1.2095, ε: 183.2560
[Saving Snapshot:] ./Snapshots/save_weights/UNet_DP/batch_24/run_3/epsilon_200/automatic/UNet-90.pth
[Privacy Budget]: ε = 183.26 (δ = 1e-05)
2025-11-09 00:50:22.391243 Epoch [090/100], Step [0003/0003], Loss: 1.2274, ε: 184.7897
2025-11-09 00:50:25.562072 Epoch [091/100], Step [0003/0003], Loss: 1.2423, ε: 186.3209
2025-11-09 00:50:28.491161 Epoch [092/100], Step [0003/0003], Loss: 1.2095, ε: 187.8495
2025-11-09 00:50:31.425494 Epoch [093/100], Step [0003/0003], Loss: 1.2230, ε: 189.3757
2025-11-09 00:50:34.417998 Epoch [094/100], Step [0003/0003], Loss: 1.2071, ε: 190.8995
2025-11-09 00:50:37.371253 Epoch [095/100], Step [0003/0003], Loss: 1.2028, ε: 192.4208
2025-11-09 00:50:39.522937 Epoch [096/100], Step [0003/0003], Loss: 1.2028, ε: 193.9399
2025-11-09 00:50:42.593133 Epoch [097/100], Step [0003/0003], Loss: 1.1889, ε: 195.4566
2025-11-09 00:50:45.620715 Epoch [098/100], Step [0003/0003], Loss: 1.2104, ε: 196.9710
2025-11-09 00:50:48.623786 Epoch [099/100], Step [0003/0003], Loss: 1.2085, ε: 198.4832
[Saving Snapshot:] ./Snapshots/save_weights/UNet_DP/batch_24/run_3/epsilon_200/automatic/UNet-100.pth
[Privacy Budget]: ε = 198.48 (δ = 1e-05)
2025-11-09 00:50:53.276234 Epoch [100/100], Step [0003/0003], Loss: 1.2243, ε: 199.9931
Training completed at Sun Nov  9 00:50:54 CET 2025
