Backbone loading: Res2Net50
Converting BatchNorm to GroupNorm for fair comparison with DP models
Model architecture converted to GroupNorm
Not loading weights from weights file
################################################## 
Start Training (Inf-Net-GroupNorm)
Backbone: Res2Net50
Batch Size: 24
Morphology: dilation
Architecture: GroupNorm (no DP)
Save Path: ./Snapshots/save_weights/Inf-Net_Morph_GroupNorm/dilation/batch_24/run_3
Run: 3
Namespace(epoch=70, lr=0.0001, batchsize=24, trainsize=352, clip=0.5, decay_rate=0.1, decay_epoch=50, is_thop=False, gpu_device=0, num_workers=8, net_channel=32, n_classes=1, backbone='Res2Net50', train_path='./Dataset/TrainingSet/LungInfection-Train/Doctor-label', is_semi=False, is_pseudo=False, train_save=None, run=3, enable_morphology=True, morph_operation='dilation', morph_kernel_size=3, device='cuda')
 ##################################################
2025-10-27 22:25:55.329029 Epoch [001/070], Step [0003/0003], [lateral-edge: 0.7576, lateral-2: 1.3595, lateral-3: 1.3780, lateral-4: 1.4532, lateral-5: 1.4606]
2025-10-27 22:25:56.917475 Epoch [002/070], Step [0003/0003], [lateral-edge: 0.7511, lateral-2: 1.0401, lateral-3: 1.1118, lateral-4: 1.2475, lateral-5: 1.2660]
2025-10-27 22:25:58.574671 Epoch [003/070], Step [0003/0003], [lateral-edge: 0.7453, lateral-2: 0.9719, lateral-3: 1.0529, lateral-4: 1.1651, lateral-5: 1.1603]
2025-10-27 22:26:00.275141 Epoch [004/070], Step [0003/0003], [lateral-edge: 0.7389, lateral-2: 0.9262, lateral-3: 1.0257, lateral-4: 1.1367, lateral-5: 1.1004]
2025-10-27 22:26:01.941437 Epoch [005/070], Step [0003/0003], [lateral-edge: 0.7388, lateral-2: 0.8909, lateral-3: 0.9515, lateral-4: 1.0682, lateral-5: 1.0350]
2025-10-27 22:26:03.573509 Epoch [006/070], Step [0003/0003], [lateral-edge: 0.7329, lateral-2: 0.8283, lateral-3: 0.9250, lateral-4: 1.0655, lateral-5: 0.9959]
2025-10-27 22:26:05.190019 Epoch [007/070], Step [0003/0003], [lateral-edge: 0.7307, lateral-2: 0.8106, lateral-3: 0.8943, lateral-4: 1.0211, lateral-5: 0.9463]
2025-10-27 22:26:06.858059 Epoch [008/070], Step [0003/0003], [lateral-edge: 0.7264, lateral-2: 0.7945, lateral-3: 0.8828, lateral-4: 1.0182, lateral-5: 0.9277]
2025-10-27 22:26:08.486537 Epoch [009/070], Step [0003/0003], [lateral-edge: 0.7280, lateral-2: 0.7553, lateral-3: 0.8401, lateral-4: 0.9790, lateral-5: 0.8907]
[Saving Snapshot:] ./Snapshots/save_weights/Inf-Net_Morph_GroupNorm/dilation/batch_24/run_3/Inf-Net-10.pth
2025-10-27 22:26:10.310821 Epoch [010/070], Step [0003/0003], [lateral-edge: 0.7255, lateral-2: 0.8028, lateral-3: 0.8903, lateral-4: 1.0214, lateral-5: 0.9224]
2025-10-27 22:26:11.947578 Epoch [011/070], Step [0003/0003], [lateral-edge: 0.7237, lateral-2: 0.7873, lateral-3: 0.8725, lateral-4: 1.0011, lateral-5: 0.8941]
2025-10-27 22:26:13.576814 Epoch [012/070], Step [0003/0003], [lateral-edge: 0.7237, lateral-2: 0.7308, lateral-3: 0.8082, lateral-4: 0.9337, lateral-5: 0.8354]
2025-10-27 22:26:15.196511 Epoch [013/070], Step [0003/0003], [lateral-edge: 0.7226, lateral-2: 0.7090, lateral-3: 0.8017, lateral-4: 0.9395, lateral-5: 0.8216]
2025-10-27 22:26:16.829611 Epoch [014/070], Step [0003/0003], [lateral-edge: 0.7200, lateral-2: 0.7479, lateral-3: 0.8158, lateral-4: 0.9335, lateral-5: 0.8196]
2025-10-27 22:26:18.497223 Epoch [015/070], Step [0003/0003], [lateral-edge: 0.7211, lateral-2: 0.7023, lateral-3: 0.8053, lateral-4: 0.9383, lateral-5: 0.8182]
2025-10-27 22:26:20.127733 Epoch [016/070], Step [0003/0003], [lateral-edge: 0.7189, lateral-2: 0.6832, lateral-3: 0.7789, lateral-4: 0.9128, lateral-5: 0.7647]
2025-10-27 22:26:21.735594 Epoch [017/070], Step [0003/0003], [lateral-edge: 0.7179, lateral-2: 0.7314, lateral-3: 0.8243, lateral-4: 0.9473, lateral-5: 0.8128]
2025-10-27 22:26:23.406503 Epoch [018/070], Step [0003/0003], [lateral-edge: 0.7175, lateral-2: 0.6796, lateral-3: 0.7684, lateral-4: 0.9042, lateral-5: 0.7683]
2025-10-27 22:26:25.064574 Epoch [019/070], Step [0003/0003], [lateral-edge: 0.7181, lateral-2: 0.6776, lateral-3: 0.7467, lateral-4: 0.8717, lateral-5: 0.7388]
[Saving Snapshot:] ./Snapshots/save_weights/Inf-Net_Morph_GroupNorm/dilation/batch_24/run_3/Inf-Net-20.pth
2025-10-27 22:26:26.816444 Epoch [020/070], Step [0003/0003], [lateral-edge: 0.7174, lateral-2: 0.6936, lateral-3: 0.7919, lateral-4: 0.9281, lateral-5: 0.7793]
2025-10-27 22:26:28.528884 Epoch [021/070], Step [0003/0003], [lateral-edge: 0.7158, lateral-2: 0.7066, lateral-3: 0.8154, lateral-4: 0.9539, lateral-5: 0.8012]
2025-10-27 22:26:30.188360 Epoch [022/070], Step [0003/0003], [lateral-edge: 0.7131, lateral-2: 0.6404, lateral-3: 0.7608, lateral-4: 0.9101, lateral-5: 0.7411]
2025-10-27 22:26:31.802278 Epoch [023/070], Step [0003/0003], [lateral-edge: 0.7141, lateral-2: 0.6672, lateral-3: 0.7545, lateral-4: 0.8705, lateral-5: 0.7273]
2025-10-27 22:26:33.420981 Epoch [024/070], Step [0003/0003], [lateral-edge: 0.7126, lateral-2: 0.6565, lateral-3: 0.7572, lateral-4: 0.8997, lateral-5: 0.7370]
2025-10-27 22:26:35.054137 Epoch [025/070], Step [0003/0003], [lateral-edge: 0.7119, lateral-2: 0.6422, lateral-3: 0.7517, lateral-4: 0.8972, lateral-5: 0.7271]
2025-10-27 22:26:36.713064 Epoch [026/070], Step [0003/0003], [lateral-edge: 0.7123, lateral-2: 0.5688, lateral-3: 0.6789, lateral-4: 0.8158, lateral-5: 0.6504]
2025-10-27 22:26:38.349172 Epoch [027/070], Step [0003/0003], [lateral-edge: 0.7104, lateral-2: 0.6644, lateral-3: 0.7790, lateral-4: 0.9157, lateral-5: 0.7298]
2025-10-27 22:26:40.020391 Epoch [028/070], Step [0003/0003], [lateral-edge: 0.7114, lateral-2: 0.5557, lateral-3: 0.6649, lateral-4: 0.8166, lateral-5: 0.6316]
2025-10-27 22:26:41.658470 Epoch [029/070], Step [0003/0003], [lateral-edge: 0.7109, lateral-2: 0.5778, lateral-3: 0.6826, lateral-4: 0.8276, lateral-5: 0.6508]
[Saving Snapshot:] ./Snapshots/save_weights/Inf-Net_Morph_GroupNorm/dilation/batch_24/run_3/Inf-Net-30.pth
2025-10-27 22:26:43.463228 Epoch [030/070], Step [0003/0003], [lateral-edge: 0.7103, lateral-2: 0.6193, lateral-3: 0.7329, lateral-4: 0.8694, lateral-5: 0.6851]
2025-10-27 22:26:45.098617 Epoch [031/070], Step [0003/0003], [lateral-edge: 0.7085, lateral-2: 0.5714, lateral-3: 0.6950, lateral-4: 0.8476, lateral-5: 0.6556]
2025-10-27 22:26:46.770585 Epoch [032/070], Step [0003/0003], [lateral-edge: 0.7088, lateral-2: 0.5225, lateral-3: 0.6368, lateral-4: 0.7869, lateral-5: 0.5956]
2025-10-27 22:26:48.427436 Epoch [033/070], Step [0003/0003], [lateral-edge: 0.7070, lateral-2: 0.5930, lateral-3: 0.7235, lateral-4: 0.8764, lateral-5: 0.6709]
2025-10-27 22:26:50.062921 Epoch [034/070], Step [0003/0003], [lateral-edge: 0.7064, lateral-2: 0.5728, lateral-3: 0.7144, lateral-4: 0.8772, lateral-5: 0.6478]
2025-10-27 22:26:51.721263 Epoch [035/070], Step [0003/0003], [lateral-edge: 0.7068, lateral-2: 0.5665, lateral-3: 0.6996, lateral-4: 0.8574, lateral-5: 0.6209]
2025-10-27 22:26:53.349825 Epoch [036/070], Step [0003/0003], [lateral-edge: 0.7050, lateral-2: 0.5396, lateral-3: 0.6776, lateral-4: 0.8403, lateral-5: 0.6092]
2025-10-27 22:26:54.977693 Epoch [037/070], Step [0003/0003], [lateral-edge: 0.7059, lateral-2: 0.4815, lateral-3: 0.6142, lateral-4: 0.7773, lateral-5: 0.5359]
2025-10-27 22:26:56.584059 Epoch [038/070], Step [0003/0003], [lateral-edge: 0.7056, lateral-2: 0.4848, lateral-3: 0.6161, lateral-4: 0.7895, lateral-5: 0.5392]
2025-10-27 22:26:58.199159 Epoch [039/070], Step [0003/0003], [lateral-edge: 0.7041, lateral-2: 0.5320, lateral-3: 0.6699, lateral-4: 0.8316, lateral-5: 0.5818]
[Saving Snapshot:] ./Snapshots/save_weights/Inf-Net_Morph_GroupNorm/dilation/batch_24/run_3/Inf-Net-40.pth
2025-10-27 22:27:00.100534 Epoch [040/070], Step [0003/0003], [lateral-edge: 0.7033, lateral-2: 0.5553, lateral-3: 0.6859, lateral-4: 0.8460, lateral-5: 0.6114]
2025-10-27 22:27:01.767115 Epoch [041/070], Step [0003/0003], [lateral-edge: 0.7030, lateral-2: 0.5321, lateral-3: 0.6505, lateral-4: 0.8011, lateral-5: 0.5884]
2025-10-27 22:27:03.382546 Epoch [042/070], Step [0003/0003], [lateral-edge: 0.7022, lateral-2: 0.5422, lateral-3: 0.6741, lateral-4: 0.8332, lateral-5: 0.5943]
2025-10-27 22:27:04.992928 Epoch [043/070], Step [0003/0003], [lateral-edge: 0.7009, lateral-2: 0.5552, lateral-3: 0.6893, lateral-4: 0.8545, lateral-5: 0.5973]
2025-10-27 22:27:06.620782 Epoch [044/070], Step [0003/0003], [lateral-edge: 0.7009, lateral-2: 0.5212, lateral-3: 0.6514, lateral-4: 0.8159, lateral-5: 0.5775]
2025-10-27 22:27:08.261083 Epoch [045/070], Step [0003/0003], [lateral-edge: 0.7007, lateral-2: 0.5110, lateral-3: 0.6643, lateral-4: 0.8341, lateral-5: 0.5685]
2025-10-27 22:27:09.881262 Epoch [046/070], Step [0003/0003], [lateral-edge: 0.6998, lateral-2: 0.5238, lateral-3: 0.6536, lateral-4: 0.8180, lateral-5: 0.5818]
2025-10-27 22:27:11.537432 Epoch [047/070], Step [0003/0003], [lateral-edge: 0.6986, lateral-2: 0.5342, lateral-3: 0.6731, lateral-4: 0.8438, lateral-5: 0.5813]
2025-10-27 22:27:13.154190 Epoch [048/070], Step [0003/0003], [lateral-edge: 0.6969, lateral-2: 0.5368, lateral-3: 0.6718, lateral-4: 0.8388, lateral-5: 0.5774]
2025-10-27 22:27:14.793496 Epoch [049/070], Step [0003/0003], [lateral-edge: 0.6979, lateral-2: 0.4501, lateral-3: 0.5679, lateral-4: 0.7419, lateral-5: 0.5104]
[Saving Snapshot:] ./Snapshots/save_weights/Inf-Net_Morph_GroupNorm/dilation/batch_24/run_3/Inf-Net-50.pth
2025-10-27 22:27:16.582471 Epoch [050/070], Step [0003/0003], [lateral-edge: 0.6954, lateral-2: 0.5354, lateral-3: 0.6799, lateral-4: 0.8555, lateral-5: 0.5819]
2025-10-27 22:27:18.211524 Epoch [051/070], Step [0003/0003], [lateral-edge: 0.6965, lateral-2: 0.4566, lateral-3: 0.5998, lateral-4: 0.7680, lateral-5: 0.5005]
2025-10-27 22:27:19.877684 Epoch [052/070], Step [0003/0003], [lateral-edge: 0.6966, lateral-2: 0.4850, lateral-3: 0.6256, lateral-4: 0.8033, lateral-5: 0.5353]
2025-10-27 22:27:21.529393 Epoch [053/070], Step [0003/0003], [lateral-edge: 0.6943, lateral-2: 0.5100, lateral-3: 0.6443, lateral-4: 0.8149, lateral-5: 0.5653]
2025-10-27 22:27:23.146919 Epoch [054/070], Step [0003/0003], [lateral-edge: 0.6967, lateral-2: 0.4966, lateral-3: 0.6279, lateral-4: 0.7963, lateral-5: 0.5555]
2025-10-27 22:27:24.800108 Epoch [055/070], Step [0003/0003], [lateral-edge: 0.6948, lateral-2: 0.5570, lateral-3: 0.6993, lateral-4: 0.8658, lateral-5: 0.6221]
2025-10-27 22:27:26.438838 Epoch [056/070], Step [0003/0003], [lateral-edge: 0.6969, lateral-2: 0.4400, lateral-3: 0.5654, lateral-4: 0.7405, lateral-5: 0.5033]
2025-10-27 22:27:28.207551 Epoch [057/070], Step [0003/0003], [lateral-edge: 0.6955, lateral-2: 0.4864, lateral-3: 0.6252, lateral-4: 0.8027, lateral-5: 0.5444]
2025-10-27 22:27:29.846406 Epoch [058/070], Step [0003/0003], [lateral-edge: 0.6945, lateral-2: 0.4971, lateral-3: 0.6452, lateral-4: 0.8148, lateral-5: 0.5507]
2025-10-27 22:27:31.504668 Epoch [059/070], Step [0003/0003], [lateral-edge: 0.6967, lateral-2: 0.4975, lateral-3: 0.6390, lateral-4: 0.8061, lateral-5: 0.5370]
[Saving Snapshot:] ./Snapshots/save_weights/Inf-Net_Morph_GroupNorm/dilation/batch_24/run_3/Inf-Net-60.pth
2025-10-27 22:27:33.308148 Epoch [060/070], Step [0003/0003], [lateral-edge: 0.6961, lateral-2: 0.4735, lateral-3: 0.6042, lateral-4: 0.7827, lateral-5: 0.5340]
2025-10-27 22:27:34.953562 Epoch [061/070], Step [0003/0003], [lateral-edge: 0.6971, lateral-2: 0.4819, lateral-3: 0.6345, lateral-4: 0.8130, lateral-5: 0.5419]
2025-10-27 22:27:36.593943 Epoch [062/070], Step [0003/0003], [lateral-edge: 0.6963, lateral-2: 0.4859, lateral-3: 0.6404, lateral-4: 0.8098, lateral-5: 0.5400]
2025-10-27 22:27:38.254703 Epoch [063/070], Step [0003/0003], [lateral-edge: 0.6957, lateral-2: 0.5007, lateral-3: 0.6386, lateral-4: 0.8101, lateral-5: 0.5496]
2025-10-27 22:27:39.901752 Epoch [064/070], Step [0003/0003], [lateral-edge: 0.6960, lateral-2: 0.5110, lateral-3: 0.6402, lateral-4: 0.7968, lateral-5: 0.5663]
2025-10-27 22:27:41.565456 Epoch [065/070], Step [0003/0003], [lateral-edge: 0.6952, lateral-2: 0.5392, lateral-3: 0.6782, lateral-4: 0.8457, lateral-5: 0.5859]
2025-10-27 22:27:43.192388 Epoch [066/070], Step [0003/0003], [lateral-edge: 0.6955, lateral-2: 0.5092, lateral-3: 0.6714, lateral-4: 0.8468, lateral-5: 0.5625]
2025-10-27 22:27:44.856297 Epoch [067/070], Step [0003/0003], [lateral-edge: 0.6970, lateral-2: 0.4455, lateral-3: 0.5899, lateral-4: 0.7674, lateral-5: 0.5000]
2025-10-27 22:27:46.517316 Epoch [068/070], Step [0003/0003], [lateral-edge: 0.6970, lateral-2: 0.4823, lateral-3: 0.6308, lateral-4: 0.8008, lateral-5: 0.5330]
2025-10-27 22:27:48.168845 Epoch [069/070], Step [0003/0003], [lateral-edge: 0.6965, lateral-2: 0.4651, lateral-3: 0.5981, lateral-4: 0.7642, lateral-5: 0.5106]
[Saving Snapshot:] ./Snapshots/save_weights/Inf-Net_Morph_GroupNorm/dilation/batch_24/run_3/Inf-Net-70.pth
2025-10-27 22:27:49.997403 Epoch [070/070], Step [0003/0003], [lateral-edge: 0.6943, lateral-2: 0.5100, lateral-3: 0.6443, lateral-4: 0.8149, lateral-5: 0.5652]
Training completed at Mon Oct 27 22:27:51 CET 2025
