Backbone loading: Res2Net50
Converting BatchNorm to GroupNorm for fair comparison with DP models
Model architecture converted to GroupNorm
Not loading weights from weights file
################################################## 
Start Training (Inf-Net-GroupNorm)
Backbone: Res2Net50
Batch Size: 64
Morphology: dilation
Architecture: GroupNorm (no DP)
Save Path: ./Snapshots/save_weights/Inf-Net_Morph_GroupNorm/dilation/batch_64/run_3
Run: 3
Namespace(epoch=70, lr=0.0001, batchsize=64, trainsize=352, clip=0.5, decay_rate=0.1, decay_epoch=50, is_thop=False, gpu_device=0, num_workers=8, net_channel=32, n_classes=1, backbone='Res2Net50', train_path='./Dataset/TrainingSet/LungInfection-Train/Doctor-label', is_semi=False, is_pseudo=False, train_save=None, run=3, enable_morphology=True, morph_operation='dilation', morph_kernel_size=3, device='cuda')
 ##################################################
2025-10-27 22:38:46.858665 Epoch [001/070], Step [0001/0001], [lateral-edge: 0.7798, lateral-2: 1.5997, lateral-3: 1.5499, lateral-4: 1.6325, lateral-5: 1.5266]
2025-10-27 22:38:48.368231 Epoch [002/070], Step [0001/0001], [lateral-edge: 0.7646, lateral-2: 1.3278, lateral-3: 1.3012, lateral-4: 1.3731, lateral-5: 1.4242]
2025-10-27 22:38:49.886759 Epoch [003/070], Step [0001/0001], [lateral-edge: 0.7670, lateral-2: 1.1542, lateral-3: 1.1889, lateral-4: 1.2624, lateral-5: 1.3141]
2025-10-27 22:38:51.389161 Epoch [004/070], Step [0001/0001], [lateral-edge: 0.7638, lateral-2: 1.0778, lateral-3: 1.1167, lateral-4: 1.1963, lateral-5: 1.2185]
2025-10-27 22:38:52.889966 Epoch [005/070], Step [0001/0001], [lateral-edge: 0.7576, lateral-2: 1.0148, lateral-3: 1.0649, lateral-4: 1.1460, lateral-5: 1.1477]
2025-10-27 22:38:54.397653 Epoch [006/070], Step [0001/0001], [lateral-edge: 0.7541, lateral-2: 0.9614, lateral-3: 1.0206, lateral-4: 1.1017, lateral-5: 1.0880]
2025-10-27 22:38:55.912679 Epoch [007/070], Step [0001/0001], [lateral-edge: 0.7533, lateral-2: 0.9315, lateral-3: 0.9980, lateral-4: 1.0774, lateral-5: 1.0384]
2025-10-27 22:38:57.399149 Epoch [008/070], Step [0001/0001], [lateral-edge: 0.7492, lateral-2: 0.8949, lateral-3: 0.9604, lateral-4: 1.0750, lateral-5: 1.0537]
2025-10-27 22:38:58.916520 Epoch [009/070], Step [0001/0001], [lateral-edge: 0.7472, lateral-2: 0.9162, lateral-3: 0.9961, lateral-4: 1.1567, lateral-5: 1.1191]
[Saving Snapshot:] ./Snapshots/save_weights/Inf-Net_Morph_GroupNorm/dilation/batch_64/run_3/Inf-Net-10.pth
2025-10-27 22:39:00.568260 Epoch [010/070], Step [0001/0001], [lateral-edge: 0.7459, lateral-2: 0.8803, lateral-3: 0.9385, lateral-4: 1.0522, lateral-5: 1.0139]
2025-10-27 22:39:02.120451 Epoch [011/070], Step [0001/0001], [lateral-edge: 0.7431, lateral-2: 0.8289, lateral-3: 0.9063, lateral-4: 1.0185, lateral-5: 0.9634]
2025-10-27 22:39:03.636010 Epoch [012/070], Step [0001/0001], [lateral-edge: 0.7417, lateral-2: 0.8292, lateral-3: 0.8956, lateral-4: 1.0104, lateral-5: 0.9497]
2025-10-27 22:39:05.169518 Epoch [013/070], Step [0001/0001], [lateral-edge: 0.7401, lateral-2: 0.7949, lateral-3: 0.8683, lateral-4: 0.9831, lateral-5: 0.9326]
2025-10-27 22:39:06.683961 Epoch [014/070], Step [0001/0001], [lateral-edge: 0.7387, lateral-2: 0.7855, lateral-3: 0.8589, lateral-4: 0.9638, lateral-5: 0.9062]
2025-10-27 22:39:08.178139 Epoch [015/070], Step [0001/0001], [lateral-edge: 0.7378, lateral-2: 0.7523, lateral-3: 0.8310, lateral-4: 0.9544, lateral-5: 0.8975]
2025-10-27 22:39:09.678859 Epoch [016/070], Step [0001/0001], [lateral-edge: 0.7364, lateral-2: 0.7390, lateral-3: 0.8202, lateral-4: 0.9342, lateral-5: 0.8661]
2025-10-27 22:39:11.174681 Epoch [017/070], Step [0001/0001], [lateral-edge: 0.7355, lateral-2: 0.7178, lateral-3: 0.8026, lateral-4: 0.9207, lateral-5: 0.8535]
2025-10-27 22:39:12.688525 Epoch [018/070], Step [0001/0001], [lateral-edge: 0.7344, lateral-2: 0.7037, lateral-3: 0.7914, lateral-4: 0.9139, lateral-5: 0.8367]
2025-10-27 22:39:14.199984 Epoch [019/070], Step [0001/0001], [lateral-edge: 0.7335, lateral-2: 0.7015, lateral-3: 0.7863, lateral-4: 0.9058, lateral-5: 0.8282]
[Saving Snapshot:] ./Snapshots/save_weights/Inf-Net_Morph_GroupNorm/dilation/batch_64/run_3/Inf-Net-20.pth
2025-10-27 22:39:15.842872 Epoch [020/070], Step [0001/0001], [lateral-edge: 0.7325, lateral-2: 0.6842, lateral-3: 0.7729, lateral-4: 0.8949, lateral-5: 0.8033]
2025-10-27 22:39:17.372673 Epoch [021/070], Step [0001/0001], [lateral-edge: 0.7316, lateral-2: 0.6988, lateral-3: 0.7897, lateral-4: 0.9269, lateral-5: 0.8371]
2025-10-27 22:39:18.859985 Epoch [022/070], Step [0001/0001], [lateral-edge: 0.7307, lateral-2: 0.7039, lateral-3: 0.7855, lateral-4: 0.8992, lateral-5: 0.8128]
2025-10-27 22:39:20.355590 Epoch [023/070], Step [0001/0001], [lateral-edge: 0.7300, lateral-2: 0.6689, lateral-3: 0.7634, lateral-4: 0.8989, lateral-5: 0.7913]
2025-10-27 22:39:21.863099 Epoch [024/070], Step [0001/0001], [lateral-edge: 0.7292, lateral-2: 0.6656, lateral-3: 0.7542, lateral-4: 0.8727, lateral-5: 0.7760]
2025-10-27 22:39:23.362129 Epoch [025/070], Step [0001/0001], [lateral-edge: 0.7285, lateral-2: 0.6536, lateral-3: 0.7479, lateral-4: 0.8758, lateral-5: 0.7731]
2025-10-27 22:39:24.863825 Epoch [026/070], Step [0001/0001], [lateral-edge: 0.7278, lateral-2: 0.6457, lateral-3: 0.7397, lateral-4: 0.8664, lateral-5: 0.7552]
2025-10-27 22:39:26.375227 Epoch [027/070], Step [0001/0001], [lateral-edge: 0.7272, lateral-2: 0.6293, lateral-3: 0.7285, lateral-4: 0.8614, lateral-5: 0.7467]
2025-10-27 22:39:27.864084 Epoch [028/070], Step [0001/0001], [lateral-edge: 0.7266, lateral-2: 0.6245, lateral-3: 0.7218, lateral-4: 0.8489, lateral-5: 0.7349]
2025-10-27 22:39:29.353154 Epoch [029/070], Step [0001/0001], [lateral-edge: 0.7259, lateral-2: 0.6124, lateral-3: 0.7139, lateral-4: 0.8481, lateral-5: 0.7253]
[Saving Snapshot:] ./Snapshots/save_weights/Inf-Net_Morph_GroupNorm/dilation/batch_64/run_3/Inf-Net-30.pth
2025-10-27 22:39:31.023412 Epoch [030/070], Step [0001/0001], [lateral-edge: 0.7253, lateral-2: 0.6059, lateral-3: 0.7083, lateral-4: 0.8399, lateral-5: 0.7154]
2025-10-27 22:39:32.516033 Epoch [031/070], Step [0001/0001], [lateral-edge: 0.7247, lateral-2: 0.6024, lateral-3: 0.7047, lateral-4: 0.8354, lateral-5: 0.7065]
2025-10-27 22:39:34.013341 Epoch [032/070], Step [0001/0001], [lateral-edge: 0.7242, lateral-2: 0.6068, lateral-3: 0.7101, lateral-4: 0.8451, lateral-5: 0.7085]
2025-10-27 22:39:35.507684 Epoch [033/070], Step [0001/0001], [lateral-edge: 0.7236, lateral-2: 0.5955, lateral-3: 0.7031, lateral-4: 0.8401, lateral-5: 0.6955]
2025-10-27 22:39:37.005740 Epoch [034/070], Step [0001/0001], [lateral-edge: 0.7231, lateral-2: 0.6002, lateral-3: 0.7038, lateral-4: 0.8381, lateral-5: 0.7009]
2025-10-27 22:39:38.519999 Epoch [035/070], Step [0001/0001], [lateral-edge: 0.7226, lateral-2: 0.5863, lateral-3: 0.6929, lateral-4: 0.8250, lateral-5: 0.6839]
2025-10-27 22:39:40.030777 Epoch [036/070], Step [0001/0001], [lateral-edge: 0.7221, lateral-2: 0.5912, lateral-3: 0.7054, lateral-4: 0.8492, lateral-5: 0.6944]
2025-10-27 22:39:41.517879 Epoch [037/070], Step [0001/0001], [lateral-edge: 0.7216, lateral-2: 0.5943, lateral-3: 0.6940, lateral-4: 0.8251, lateral-5: 0.6850]
2025-10-27 22:39:43.028960 Epoch [038/070], Step [0001/0001], [lateral-edge: 0.7211, lateral-2: 0.5763, lateral-3: 0.6888, lateral-4: 0.8284, lateral-5: 0.6754]
2025-10-27 22:39:44.517173 Epoch [039/070], Step [0001/0001], [lateral-edge: 0.7207, lateral-2: 0.5710, lateral-3: 0.6847, lateral-4: 0.8269, lateral-5: 0.6683]
[Saving Snapshot:] ./Snapshots/save_weights/Inf-Net_Morph_GroupNorm/dilation/batch_64/run_3/Inf-Net-40.pth
2025-10-27 22:39:46.165893 Epoch [040/070], Step [0001/0001], [lateral-edge: 0.7202, lateral-2: 0.5799, lateral-3: 0.6837, lateral-4: 0.8165, lateral-5: 0.6676]
2025-10-27 22:39:47.658074 Epoch [041/070], Step [0001/0001], [lateral-edge: 0.7197, lateral-2: 0.5636, lateral-3: 0.6799, lateral-4: 0.8293, lateral-5: 0.6607]
2025-10-27 22:39:49.166956 Epoch [042/070], Step [0001/0001], [lateral-edge: 0.7193, lateral-2: 0.5674, lateral-3: 0.6777, lateral-4: 0.8150, lateral-5: 0.6580]
2025-10-27 22:39:50.684915 Epoch [043/070], Step [0001/0001], [lateral-edge: 0.7188, lateral-2: 0.5539, lateral-3: 0.6687, lateral-4: 0.8146, lateral-5: 0.6454]
2025-10-27 22:39:52.186038 Epoch [044/070], Step [0001/0001], [lateral-edge: 0.7184, lateral-2: 0.5465, lateral-3: 0.6633, lateral-4: 0.8070, lateral-5: 0.6364]
2025-10-27 22:39:53.669178 Epoch [045/070], Step [0001/0001], [lateral-edge: 0.7179, lateral-2: 0.5408, lateral-3: 0.6586, lateral-4: 0.8024, lateral-5: 0.6340]
2025-10-27 22:39:55.195164 Epoch [046/070], Step [0001/0001], [lateral-edge: 0.7174, lateral-2: 0.5357, lateral-3: 0.6555, lateral-4: 0.8033, lateral-5: 0.6245]
2025-10-27 22:39:56.681191 Epoch [047/070], Step [0001/0001], [lateral-edge: 0.7169, lateral-2: 0.5406, lateral-3: 0.6586, lateral-4: 0.8035, lateral-5: 0.6290]
2025-10-27 22:39:58.171045 Epoch [048/070], Step [0001/0001], [lateral-edge: 0.7164, lateral-2: 0.5338, lateral-3: 0.6554, lateral-4: 0.8052, lateral-5: 0.6205]
2025-10-27 22:39:59.654472 Epoch [049/070], Step [0001/0001], [lateral-edge: 0.7159, lateral-2: 0.5301, lateral-3: 0.6503, lateral-4: 0.7956, lateral-5: 0.6145]
[Saving Snapshot:] ./Snapshots/save_weights/Inf-Net_Morph_GroupNorm/dilation/batch_64/run_3/Inf-Net-50.pth
2025-10-27 22:40:01.376354 Epoch [050/070], Step [0001/0001], [lateral-edge: 0.7155, lateral-2: 0.5247, lateral-3: 0.6465, lateral-4: 0.7956, lateral-5: 0.6090]
2025-10-27 22:40:02.881146 Epoch [051/070], Step [0001/0001], [lateral-edge: 0.7154, lateral-2: 0.5180, lateral-3: 0.6416, lateral-4: 0.7909, lateral-5: 0.6050]
2025-10-27 22:40:04.393366 Epoch [052/070], Step [0001/0001], [lateral-edge: 0.7154, lateral-2: 0.5172, lateral-3: 0.6410, lateral-4: 0.7903, lateral-5: 0.6045]
2025-10-27 22:40:05.885258 Epoch [053/070], Step [0001/0001], [lateral-edge: 0.7154, lateral-2: 0.5171, lateral-3: 0.6409, lateral-4: 0.7903, lateral-5: 0.6044]
2025-10-27 22:40:07.385528 Epoch [054/070], Step [0001/0001], [lateral-edge: 0.7154, lateral-2: 0.5171, lateral-3: 0.6409, lateral-4: 0.7903, lateral-5: 0.6044]
2025-10-27 22:40:08.901629 Epoch [055/070], Step [0001/0001], [lateral-edge: 0.7154, lateral-2: 0.5171, lateral-3: 0.6409, lateral-4: 0.7903, lateral-5: 0.6044]
2025-10-27 22:40:10.412920 Epoch [056/070], Step [0001/0001], [lateral-edge: 0.7154, lateral-2: 0.5171, lateral-3: 0.6409, lateral-4: 0.7903, lateral-5: 0.6044]
2025-10-27 22:40:11.938219 Epoch [057/070], Step [0001/0001], [lateral-edge: 0.7154, lateral-2: 0.5171, lateral-3: 0.6409, lateral-4: 0.7903, lateral-5: 0.6044]
2025-10-27 22:40:13.426560 Epoch [058/070], Step [0001/0001], [lateral-edge: 0.7154, lateral-2: 0.5171, lateral-3: 0.6409, lateral-4: 0.7903, lateral-5: 0.6044]
2025-10-27 22:40:14.931345 Epoch [059/070], Step [0001/0001], [lateral-edge: 0.7154, lateral-2: 0.5171, lateral-3: 0.6409, lateral-4: 0.7903, lateral-5: 0.6044]
[Saving Snapshot:] ./Snapshots/save_weights/Inf-Net_Morph_GroupNorm/dilation/batch_64/run_3/Inf-Net-60.pth
2025-10-27 22:40:16.609460 Epoch [060/070], Step [0001/0001], [lateral-edge: 0.7154, lateral-2: 0.5171, lateral-3: 0.6409, lateral-4: 0.7903, lateral-5: 0.6044]
2025-10-27 22:40:18.113318 Epoch [061/070], Step [0001/0001], [lateral-edge: 0.7154, lateral-2: 0.5171, lateral-3: 0.6409, lateral-4: 0.7903, lateral-5: 0.6044]
2025-10-27 22:40:19.608595 Epoch [062/070], Step [0001/0001], [lateral-edge: 0.7154, lateral-2: 0.5171, lateral-3: 0.6409, lateral-4: 0.7903, lateral-5: 0.6044]
2025-10-27 22:40:21.125700 Epoch [063/070], Step [0001/0001], [lateral-edge: 0.7154, lateral-2: 0.5171, lateral-3: 0.6409, lateral-4: 0.7903, lateral-5: 0.6044]
2025-10-27 22:40:22.615510 Epoch [064/070], Step [0001/0001], [lateral-edge: 0.7154, lateral-2: 0.5171, lateral-3: 0.6409, lateral-4: 0.7903, lateral-5: 0.6044]
2025-10-27 22:40:24.108754 Epoch [065/070], Step [0001/0001], [lateral-edge: 0.7154, lateral-2: 0.5171, lateral-3: 0.6409, lateral-4: 0.7903, lateral-5: 0.6044]
2025-10-27 22:40:25.596775 Epoch [066/070], Step [0001/0001], [lateral-edge: 0.7154, lateral-2: 0.5171, lateral-3: 0.6409, lateral-4: 0.7903, lateral-5: 0.6044]
2025-10-27 22:40:27.113786 Epoch [067/070], Step [0001/0001], [lateral-edge: 0.7154, lateral-2: 0.5171, lateral-3: 0.6409, lateral-4: 0.7903, lateral-5: 0.6044]
2025-10-27 22:40:28.615910 Epoch [068/070], Step [0001/0001], [lateral-edge: 0.7154, lateral-2: 0.5171, lateral-3: 0.6409, lateral-4: 0.7903, lateral-5: 0.6044]
2025-10-27 22:40:30.118743 Epoch [069/070], Step [0001/0001], [lateral-edge: 0.7154, lateral-2: 0.5171, lateral-3: 0.6409, lateral-4: 0.7903, lateral-5: 0.6044]
[Saving Snapshot:] ./Snapshots/save_weights/Inf-Net_Morph_GroupNorm/dilation/batch_64/run_3/Inf-Net-70.pth
2025-10-27 22:40:31.769049 Epoch [070/070], Step [0001/0001], [lateral-edge: 0.7154, lateral-2: 0.5171, lateral-3: 0.6409, lateral-4: 0.7903, lateral-5: 0.6044]
Training completed at Mon Oct 27 22:40:32 CET 2025
