Model loading: UNet with GroupNorm
Model is compatible with differential privacy
Not loading weights from weights file
###################################################################### 
Start Training (UNet-DP)
Network: UNet
Batch Size: 24
DP Enabled (ε=200.0, δ=1e-05, clipping=psac)
Morphology: Disabled
Architecture: GroupNorm (with DP)
Save Path: ./Snapshots/save_weights/UNet_DP/batch_24/run_3/epsilon_200/psac
Run: 3
Namespace(network='UNet', epoch=100, lr=0.0001, batchsize=24, trainsize=352, clip=0.5, decay_rate=0.1, decay_epoch=50, is_thop=False, gpu_device=0, num_workers=8, net_channel=32, init_features=32, n_classes=1, in_channels=3, backbone='Res2Net50', deep_supervision=False, train_path='./Dataset/TrainingSet/LungInfection-Train/Doctor-label', is_semi=False, is_pseudo=False, train_save=None, run=3, enable_privacy=True, epsilon=200.0, max_grad_norm=1.2, delta=1e-05, clipping_strategy='psac', enable_morphology=False, morph_operation='both', morph_kernel_size=3, device='cuda')
 ######################################################################
2025-11-09 00:47:26.494728 Epoch [001/100], Step [0003/0003], Loss: 1.5045, ε: 14.0873
2025-11-09 00:47:28.367928 Epoch [002/100], Step [0003/0003], Loss: 1.4892, ε: 19.2258
2025-11-09 00:47:29.836884 Epoch [003/100], Step [0003/0003], Loss: 1.4897, ε: 23.2690
2025-11-09 00:47:31.558382 Epoch [004/100], Step [0003/0003], Loss: 1.4727, ε: 26.7959
2025-11-09 00:47:33.373138 Epoch [005/100], Step [0003/0003], Loss: 1.4670, ε: 30.0066
2025-11-09 00:47:35.062233 Epoch [006/100], Step [0003/0003], Loss: 1.4576, ε: 32.9982
2025-11-09 00:47:36.574291 Epoch [007/100], Step [0003/0003], Loss: 1.4492, ε: 35.8264
2025-11-09 00:47:38.630936 Epoch [008/100], Step [0003/0003], Loss: 1.4433, ε: 38.5270
2025-11-09 00:47:40.240640 Epoch [009/100], Step [0003/0003], Loss: 1.4391, ε: 41.1241
[Saving Snapshot:] ./Snapshots/save_weights/UNet_DP/batch_24/run_3/epsilon_200/psac/UNet-10.pth
[Privacy Budget]: ε = 41.12 (δ = 1e-05)
2025-11-09 00:47:42.335746 Epoch [010/100], Step [0003/0003], Loss: 1.4280, ε: 43.6354
2025-11-09 00:47:43.942091 Epoch [011/100], Step [0003/0003], Loss: 1.4270, ε: 46.0737
2025-11-09 00:47:45.465671 Epoch [012/100], Step [0003/0003], Loss: 1.4138, ε: 48.4492
2025-11-09 00:47:46.973869 Epoch [013/100], Step [0003/0003], Loss: 1.4155, ε: 50.7698
2025-11-09 00:47:48.537501 Epoch [014/100], Step [0003/0003], Loss: 1.4001, ε: 53.0420
2025-11-09 00:47:50.094063 Epoch [015/100], Step [0003/0003], Loss: 1.3985, ε: 55.2708
2025-11-09 00:47:51.521507 Epoch [016/100], Step [0003/0003], Loss: 1.3983, ε: 57.4608
2025-11-09 00:47:53.027755 Epoch [017/100], Step [0003/0003], Loss: 1.3753, ε: 59.6156
2025-11-09 00:47:54.350016 Epoch [018/100], Step [0003/0003], Loss: 1.3823, ε: 61.7384
2025-11-09 00:47:56.093145 Epoch [019/100], Step [0003/0003], Loss: 1.3857, ε: 63.8317
[Saving Snapshot:] ./Snapshots/save_weights/UNet_DP/batch_24/run_3/epsilon_200/psac/UNet-20.pth
[Privacy Budget]: ε = 63.83 (δ = 1e-05)
2025-11-09 00:47:58.080804 Epoch [020/100], Step [0003/0003], Loss: 1.3737, ε: 65.8980
2025-11-09 00:47:59.652814 Epoch [021/100], Step [0003/0003], Loss: 1.3782, ε: 67.9394
2025-11-09 00:48:01.338822 Epoch [022/100], Step [0003/0003], Loss: 1.3683, ε: 69.9575
2025-11-09 00:48:02.772498 Epoch [023/100], Step [0003/0003], Loss: 1.3642, ε: 71.9540
2025-11-09 00:48:04.362917 Epoch [024/100], Step [0003/0003], Loss: 1.3497, ε: 73.9304
2025-11-09 00:48:05.984199 Epoch [025/100], Step [0003/0003], Loss: 1.3610, ε: 75.8878
2025-11-09 00:48:07.620261 Epoch [026/100], Step [0003/0003], Loss: 1.3541, ε: 77.8274
2025-11-09 00:48:09.070505 Epoch [027/100], Step [0003/0003], Loss: 1.3466, ε: 79.7503
2025-11-09 00:48:10.806040 Epoch [028/100], Step [0003/0003], Loss: 1.3493, ε: 81.6574
2025-11-09 00:48:12.298398 Epoch [029/100], Step [0003/0003], Loss: 1.3390, ε: 83.5496
[Saving Snapshot:] ./Snapshots/save_weights/UNet_DP/batch_24/run_3/epsilon_200/psac/UNet-30.pth
[Privacy Budget]: ε = 83.55 (δ = 1e-05)
2025-11-09 00:48:14.409949 Epoch [030/100], Step [0003/0003], Loss: 1.3420, ε: 85.4276
2025-11-09 00:48:15.924614 Epoch [031/100], Step [0003/0003], Loss: 1.3436, ε: 87.2921
2025-11-09 00:48:17.551275 Epoch [032/100], Step [0003/0003], Loss: 1.3428, ε: 89.1438
2025-11-09 00:48:19.187733 Epoch [033/100], Step [0003/0003], Loss: 1.3389, ε: 90.9833
2025-11-09 00:48:20.910963 Epoch [034/100], Step [0003/0003], Loss: 1.3296, ε: 92.8111
2025-11-09 00:48:22.348535 Epoch [035/100], Step [0003/0003], Loss: 1.3284, ε: 94.6278
2025-11-09 00:48:24.088250 Epoch [036/100], Step [0003/0003], Loss: 1.3334, ε: 96.4339
2025-11-09 00:48:25.868308 Epoch [037/100], Step [0003/0003], Loss: 1.3124, ε: 98.2298
2025-11-09 00:48:27.785089 Epoch [038/100], Step [0003/0003], Loss: 1.3158, ε: 100.0159
2025-11-09 00:48:29.837601 Epoch [039/100], Step [0003/0003], Loss: 1.3026, ε: 101.7925
[Saving Snapshot:] ./Snapshots/save_weights/UNet_DP/batch_24/run_3/epsilon_200/psac/UNet-40.pth
[Privacy Budget]: ε = 101.79 (δ = 1e-05)
2025-11-09 00:48:32.023244 Epoch [040/100], Step [0003/0003], Loss: 1.3154, ε: 103.5602
2025-11-09 00:48:33.753542 Epoch [041/100], Step [0003/0003], Loss: 1.3107, ε: 105.3191
2025-11-09 00:48:35.578051 Epoch [042/100], Step [0003/0003], Loss: 1.2928, ε: 107.0697
2025-11-09 00:48:37.480856 Epoch [043/100], Step [0003/0003], Loss: 1.3124, ε: 108.8121
2025-11-09 00:48:39.255108 Epoch [044/100], Step [0003/0003], Loss: 1.3006, ε: 110.5468
2025-11-09 00:48:41.376055 Epoch [045/100], Step [0003/0003], Loss: 1.3016, ε: 112.2740
2025-11-09 00:48:42.928633 Epoch [046/100], Step [0003/0003], Loss: 1.2890, ε: 113.9939
2025-11-09 00:48:45.022314 Epoch [047/100], Step [0003/0003], Loss: 1.3005, ε: 115.7067
2025-11-09 00:48:47.067045 Epoch [048/100], Step [0003/0003], Loss: 1.2626, ε: 117.4127
2025-11-09 00:48:49.081848 Epoch [049/100], Step [0003/0003], Loss: 1.2739, ε: 119.1122
[Saving Snapshot:] ./Snapshots/save_weights/UNet_DP/batch_24/run_3/epsilon_200/psac/UNet-50.pth
[Privacy Budget]: ε = 119.11 (δ = 1e-05)
2025-11-09 00:48:51.805999 Epoch [050/100], Step [0003/0003], Loss: 1.2737, ε: 120.8052
2025-11-09 00:48:53.884445 Epoch [051/100], Step [0003/0003], Loss: 1.2891, ε: 122.4920
2025-11-09 00:48:55.553694 Epoch [052/100], Step [0003/0003], Loss: 1.2751, ε: 124.1729
2025-11-09 00:48:57.659745 Epoch [053/100], Step [0003/0003], Loss: 1.2849, ε: 125.8478
2025-11-09 00:48:59.807100 Epoch [054/100], Step [0003/0003], Loss: 1.2788, ε: 127.5171
2025-11-09 00:49:01.751855 Epoch [055/100], Step [0003/0003], Loss: 1.2965, ε: 129.1809
2025-11-09 00:49:04.093524 Epoch [056/100], Step [0003/0003], Loss: 1.2767, ε: 130.8393
2025-11-09 00:49:06.066092 Epoch [057/100], Step [0003/0003], Loss: 1.2749, ε: 132.4924
2025-11-09 00:49:08.076041 Epoch [058/100], Step [0003/0003], Loss: 1.2883, ε: 134.1405
2025-11-09 00:49:10.366009 Epoch [059/100], Step [0003/0003], Loss: 1.2575, ε: 135.7836
[Saving Snapshot:] ./Snapshots/save_weights/UNet_DP/batch_24/run_3/epsilon_200/psac/UNet-60.pth
[Privacy Budget]: ε = 135.78 (δ = 1e-05)
2025-11-09 00:49:13.093321 Epoch [060/100], Step [0003/0003], Loss: 1.2943, ε: 137.4219
2025-11-09 00:49:15.442854 Epoch [061/100], Step [0003/0003], Loss: 1.2769, ε: 139.0555
2025-11-09 00:49:17.334521 Epoch [062/100], Step [0003/0003], Loss: 1.2847, ε: 140.6845
2025-11-09 00:49:19.451788 Epoch [063/100], Step [0003/0003], Loss: 1.2889, ε: 142.3090
2025-11-09 00:49:21.807818 Epoch [064/100], Step [0003/0003], Loss: 1.2822, ε: 143.9292
2025-11-09 00:49:23.850630 Epoch [065/100], Step [0003/0003], Loss: 1.2903, ε: 145.5450
2025-11-09 00:49:26.105595 Epoch [066/100], Step [0003/0003], Loss: 1.2943, ε: 147.1567
2025-11-09 00:49:28.674260 Epoch [067/100], Step [0003/0003], Loss: 1.2785, ε: 148.7644
2025-11-09 00:49:30.854072 Epoch [068/100], Step [0003/0003], Loss: 1.2661, ε: 150.3680
2025-11-09 00:49:32.695315 Epoch [069/100], Step [0003/0003], Loss: 1.2915, ε: 151.9677
[Saving Snapshot:] ./Snapshots/save_weights/UNet_DP/batch_24/run_3/epsilon_200/psac/UNet-70.pth
[Privacy Budget]: ε = 151.97 (δ = 1e-05)
2025-11-09 00:49:35.281256 Epoch [070/100], Step [0003/0003], Loss: 1.2866, ε: 153.5637
2025-11-09 00:49:37.234605 Epoch [071/100], Step [0003/0003], Loss: 1.2791, ε: 155.1558
2025-11-09 00:49:39.785719 Epoch [072/100], Step [0003/0003], Loss: 1.2667, ε: 156.7444
2025-11-09 00:49:41.618257 Epoch [073/100], Step [0003/0003], Loss: 1.2976, ε: 158.3294
2025-11-09 00:49:44.223910 Epoch [074/100], Step [0003/0003], Loss: 1.2798, ε: 159.9108
2025-11-09 00:49:45.915218 Epoch [075/100], Step [0003/0003], Loss: 1.2965, ε: 161.4889
2025-11-09 00:49:48.441932 Epoch [076/100], Step [0003/0003], Loss: 1.2949, ε: 163.0635
2025-11-09 00:49:51.080098 Epoch [077/100], Step [0003/0003], Loss: 1.2675, ε: 164.6349
2025-11-09 00:49:53.270340 Epoch [078/100], Step [0003/0003], Loss: 1.2870, ε: 166.2031
2025-11-09 00:49:55.861087 Epoch [079/100], Step [0003/0003], Loss: 1.2770, ε: 167.7680
[Saving Snapshot:] ./Snapshots/save_weights/UNet_DP/batch_24/run_3/epsilon_200/psac/UNet-80.pth
[Privacy Budget]: ε = 167.77 (δ = 1e-05)
2025-11-09 00:49:59.402250 Epoch [080/100], Step [0003/0003], Loss: 1.2859, ε: 169.3299
2025-11-09 00:50:01.896928 Epoch [081/100], Step [0003/0003], Loss: 1.2782, ε: 170.8887
2025-11-09 00:50:03.703401 Epoch [082/100], Step [0003/0003], Loss: 1.2759, ε: 172.4446
2025-11-09 00:50:06.504145 Epoch [083/100], Step [0003/0003], Loss: 1.2734, ε: 173.9974
2025-11-09 00:50:09.325074 Epoch [084/100], Step [0003/0003], Loss: 1.2749, ε: 175.5475
2025-11-09 00:50:11.976485 Epoch [085/100], Step [0003/0003], Loss: 1.2629, ε: 177.0946
2025-11-09 00:50:14.774690 Epoch [086/100], Step [0003/0003], Loss: 1.2837, ε: 178.6390
2025-11-09 00:50:17.582800 Epoch [087/100], Step [0003/0003], Loss: 1.2594, ε: 180.1807
2025-11-09 00:50:20.322389 Epoch [088/100], Step [0003/0003], Loss: 1.2928, ε: 181.7196
2025-11-09 00:50:22.537342 Epoch [089/100], Step [0003/0003], Loss: 1.2982, ε: 183.2560
[Saving Snapshot:] ./Snapshots/save_weights/UNet_DP/batch_24/run_3/epsilon_200/psac/UNet-90.pth
[Privacy Budget]: ε = 183.26 (δ = 1e-05)
2025-11-09 00:50:25.434056 Epoch [090/100], Step [0003/0003], Loss: 1.2642, ε: 184.7897
2025-11-09 00:50:28.283765 Epoch [091/100], Step [0003/0003], Loss: 1.2684, ε: 186.3209
2025-11-09 00:50:31.139073 Epoch [092/100], Step [0003/0003], Loss: 1.2857, ε: 187.8495
2025-11-09 00:50:34.334058 Epoch [093/100], Step [0003/0003], Loss: 1.2830, ε: 189.3757
2025-11-09 00:50:37.103880 Epoch [094/100], Step [0003/0003], Loss: 1.2667, ε: 190.8995
2025-11-09 00:50:39.967449 Epoch [095/100], Step [0003/0003], Loss: 1.2793, ε: 192.4208
2025-11-09 00:50:42.323115 Epoch [096/100], Step [0003/0003], Loss: 1.2787, ε: 193.9399
2025-11-09 00:50:45.389591 Epoch [097/100], Step [0003/0003], Loss: 1.2903, ε: 195.4566
2025-11-09 00:50:48.671846 Epoch [098/100], Step [0003/0003], Loss: 1.2998, ε: 196.9710
2025-11-09 00:50:51.867924 Epoch [099/100], Step [0003/0003], Loss: 1.2750, ε: 198.4832
[Saving Snapshot:] ./Snapshots/save_weights/UNet_DP/batch_24/run_3/epsilon_200/psac/UNet-100.pth
[Privacy Budget]: ε = 198.48 (δ = 1e-05)
2025-11-09 00:50:56.539878 Epoch [100/100], Step [0003/0003], Loss: 1.2860, ε: 199.9931
Training completed at Sun Nov  9 00:50:57 CET 2025
