Backbone loading: Res2Net50
Freezing unused branches for DP compatibility...
Trainable: 31,072,721 / 33,121,721 parameters
Not loading weights from weights file
Validator raised issues with model. Attempting auto-fix...
Original error: UnsupportedModuleError
Model successfully fixed for differential privacy
###################################################################### 
Start Training (Inf-Net-Res2Net50)
Backbone: Res2Net50
Batch Size: 72
Privacy: DP Enabled (ε budget, δ=1e-05)
Morphology: close
Save Path: ./Snapshots/save_weights/Inf-Net_DP_Morph/close/batch_72/run_1/noise_multiplier_0.5
Run: 1
Namespace(epoch=70, lr=0.0001, batchsize=72, trainsize=352, clip=0.5, decay_rate=0.1, decay_epoch=50, is_thop=False, gpu_device=0, num_workers=4, net_channel=32, n_classes=1, backbone='Res2Net50', train_path='./Dataset/TrainingSet/LungInfection-Train/Doctor-label', is_semi=False, is_pseudo=False, train_save=None, run=1, enable_privacy=True, noise_multiplier=0.5, max_grad_norm=1.2, delta=1e-05, enable_morphology=True, morph_operation='close', morph_kernel_size=3, device='cuda')
 ######################################################################
2025-10-27 00:44:16.621178 Epoch [001/070], Step [0001/0001], [lateral-edge: 0.7727, lateral-2: 1.6473, lateral-3: 1.6622, lateral-4: 1.6519, lateral-5: 1.5559, epsilon: 20.1358]
2025-10-27 00:44:19.290258 Epoch [002/070], Step [0001/0001], [lateral-edge: 0.7723, lateral-2: 1.5857, lateral-3: 1.5831, lateral-4: 1.5712, lateral-5: 1.5478, epsilon: 32.1878]
2025-10-27 00:44:21.983252 Epoch [003/070], Step [0001/0001], [lateral-edge: 0.7716, lateral-2: 1.5633, lateral-3: 1.5500, lateral-4: 1.5460, lateral-5: 1.5406, epsilon: 42.8474]
2025-10-27 00:44:24.850119 Epoch [004/070], Step [0001/0001], [lateral-edge: 0.7708, lateral-2: 1.5463, lateral-3: 1.5233, lateral-4: 1.5287, lateral-5: 1.5339, epsilon: 52.7822]
2025-10-27 00:44:27.596223 Epoch [005/070], Step [0001/0001], [lateral-edge: 0.7699, lateral-2: 1.5310, lateral-3: 1.5008, lateral-4: 1.5119, lateral-5: 1.5272, epsilon: 62.2524]
2025-10-27 00:44:30.374794 Epoch [006/070], Step [0001/0001], [lateral-edge: 0.7690, lateral-2: 1.5159, lateral-3: 1.4820, lateral-4: 1.4959, lateral-5: 1.5207, epsilon: 71.3920]
2025-10-27 00:44:33.204526 Epoch [007/070], Step [0001/0001], [lateral-edge: 0.7681, lateral-2: 1.5002, lateral-3: 1.4658, lateral-4: 1.4812, lateral-5: 1.5144, epsilon: 80.2807]
2025-10-27 00:44:36.081071 Epoch [008/070], Step [0001/0001], [lateral-edge: 0.7673, lateral-2: 1.4837, lateral-3: 1.4514, lateral-4: 1.4682, lateral-5: 1.5084, epsilon: 88.9705]
2025-10-27 00:44:38.900055 Epoch [009/070], Step [0001/0001], [lateral-edge: 0.7666, lateral-2: 1.4671, lateral-3: 1.4383, lateral-4: 1.4564, lateral-5: 1.5027, epsilon: 97.4977]
[Saving Snapshot:] ./Snapshots/save_weights/Inf-Net_DP_Morph/close/batch_72/run_1/noise_multiplier_0.5/Inf-Net-10.pth
[Privacy Budget]: ε = 97.50 (δ = 1e-05)
2025-10-27 00:44:42.138839 Epoch [010/070], Step [0001/0001], [lateral-edge: 0.7658, lateral-2: 1.4503, lateral-3: 1.4262, lateral-4: 1.4455, lateral-5: 1.4973, epsilon: 105.8885]
2025-10-27 00:44:44.921348 Epoch [011/070], Step [0001/0001], [lateral-edge: 0.7651, lateral-2: 1.4335, lateral-3: 1.4149, lateral-4: 1.4353, lateral-5: 1.4920, epsilon: 114.1630]
2025-10-27 00:44:47.881956 Epoch [012/070], Step [0001/0001], [lateral-edge: 0.7644, lateral-2: 1.4172, lateral-3: 1.4041, lateral-4: 1.4255, lateral-5: 1.4870, epsilon: 122.3367]
2025-10-27 00:44:50.929713 Epoch [013/070], Step [0001/0001], [lateral-edge: 0.7638, lateral-2: 1.4016, lateral-3: 1.3938, lateral-4: 1.4159, lateral-5: 1.4819, epsilon: 130.4219]
2025-10-27 00:44:53.926639 Epoch [014/070], Step [0001/0001], [lateral-edge: 0.7631, lateral-2: 1.3867, lateral-3: 1.3839, lateral-4: 1.4063, lateral-5: 1.4770, epsilon: 138.4286]
2025-10-27 00:44:56.815264 Epoch [015/070], Step [0001/0001], [lateral-edge: 0.7626, lateral-2: 1.3723, lateral-3: 1.3741, lateral-4: 1.3968, lateral-5: 1.4717, epsilon: 146.3650]
2025-10-27 00:44:59.862898 Epoch [016/070], Step [0001/0001], [lateral-edge: 0.7620, lateral-2: 1.3587, lateral-3: 1.3642, lateral-4: 1.3873, lateral-5: 1.4665, epsilon: 154.2382]
2025-10-27 00:45:02.701149 Epoch [017/070], Step [0001/0001], [lateral-edge: 0.7616, lateral-2: 1.3457, lateral-3: 1.3540, lateral-4: 1.3778, lateral-5: 1.4613, epsilon: 162.0538]
2025-10-27 00:45:05.950534 Epoch [018/070], Step [0001/0001], [lateral-edge: 0.7611, lateral-2: 1.3332, lateral-3: 1.3437, lateral-4: 1.3683, lateral-5: 1.4562, epsilon: 169.8169]
2025-10-27 00:45:08.874002 Epoch [019/070], Step [0001/0001], [lateral-edge: 0.7606, lateral-2: 1.3213, lateral-3: 1.3333, lateral-4: 1.3587, lateral-5: 1.4510, epsilon: 177.5318]
[Saving Snapshot:] ./Snapshots/save_weights/Inf-Net_DP_Morph/close/batch_72/run_1/noise_multiplier_0.5/Inf-Net-20.pth
[Privacy Budget]: ε = 177.53 (δ = 1e-05)
2025-10-27 00:45:12.553220 Epoch [020/070], Step [0001/0001], [lateral-edge: 0.7602, lateral-2: 1.3099, lateral-3: 1.3233, lateral-4: 1.3493, lateral-5: 1.4458, epsilon: 185.2022]
2025-10-27 00:45:15.806199 Epoch [021/070], Step [0001/0001], [lateral-edge: 0.7598, lateral-2: 1.2989, lateral-3: 1.3135, lateral-4: 1.3404, lateral-5: 1.4405, epsilon: 192.8315]
2025-10-27 00:45:19.198844 Epoch [022/070], Step [0001/0001], [lateral-edge: 0.7595, lateral-2: 1.2882, lateral-3: 1.3040, lateral-4: 1.3319, lateral-5: 1.4354, epsilon: 200.4226]
2025-10-27 00:45:22.530825 Epoch [023/070], Step [0001/0001], [lateral-edge: 0.7592, lateral-2: 1.2775, lateral-3: 1.2950, lateral-4: 1.3239, lateral-5: 1.4302, epsilon: 207.9779]
2025-10-27 00:45:25.540003 Epoch [024/070], Step [0001/0001], [lateral-edge: 0.7589, lateral-2: 1.2671, lateral-3: 1.2863, lateral-4: 1.3164, lateral-5: 1.4249, epsilon: 215.4999]
2025-10-27 00:45:29.009416 Epoch [025/070], Step [0001/0001], [lateral-edge: 0.7586, lateral-2: 1.2569, lateral-3: 1.2777, lateral-4: 1.3091, lateral-5: 1.4196, epsilon: 222.9906]
2025-10-27 00:45:32.576865 Epoch [026/070], Step [0001/0001], [lateral-edge: 0.7584, lateral-2: 1.2467, lateral-3: 1.2692, lateral-4: 1.3021, lateral-5: 1.4144, epsilon: 230.4518]
2025-10-27 00:45:36.190619 Epoch [027/070], Step [0001/0001], [lateral-edge: 0.7581, lateral-2: 1.2368, lateral-3: 1.2608, lateral-4: 1.2953, lateral-5: 1.4093, epsilon: 237.8852]
2025-10-27 00:45:39.784383 Epoch [028/070], Step [0001/0001], [lateral-edge: 0.7579, lateral-2: 1.2272, lateral-3: 1.2525, lateral-4: 1.2887, lateral-5: 1.4040, epsilon: 245.2923]
2025-10-27 00:45:43.437503 Epoch [029/070], Step [0001/0001], [lateral-edge: 0.7576, lateral-2: 1.2180, lateral-3: 1.2446, lateral-4: 1.2823, lateral-5: 1.3987, epsilon: 252.6746]
[Saving Snapshot:] ./Snapshots/save_weights/Inf-Net_DP_Morph/close/batch_72/run_1/noise_multiplier_0.5/Inf-Net-30.pth
[Privacy Budget]: ε = 252.67 (δ = 1e-05)
2025-10-27 00:45:48.194921 Epoch [030/070], Step [0001/0001], [lateral-edge: 0.7573, lateral-2: 1.2093, lateral-3: 1.2371, lateral-4: 1.2760, lateral-5: 1.3934, epsilon: 260.0333]
2025-10-27 00:45:51.936176 Epoch [031/070], Step [0001/0001], [lateral-edge: 0.7570, lateral-2: 1.2010, lateral-3: 1.2303, lateral-4: 1.2702, lateral-5: 1.3878, epsilon: 267.3696]
2025-10-27 00:45:55.793224 Epoch [032/070], Step [0001/0001], [lateral-edge: 0.7568, lateral-2: 1.1934, lateral-3: 1.2238, lateral-4: 1.2647, lateral-5: 1.3822, epsilon: 274.6845]
2025-10-27 00:45:59.617657 Epoch [033/070], Step [0001/0001], [lateral-edge: 0.7565, lateral-2: 1.1860, lateral-3: 1.2173, lateral-4: 1.2593, lateral-5: 1.3768, epsilon: 281.9791]
2025-10-27 00:46:03.064025 Epoch [034/070], Step [0001/0001], [lateral-edge: 0.7563, lateral-2: 1.1791, lateral-3: 1.2110, lateral-4: 1.2542, lateral-5: 1.3714, epsilon: 289.2542]
2025-10-27 00:46:06.621797 Epoch [035/070], Step [0001/0001], [lateral-edge: 0.7561, lateral-2: 1.1726, lateral-3: 1.2049, lateral-4: 1.2492, lateral-5: 1.3662, epsilon: 296.5108]
2025-10-27 00:46:10.784010 Epoch [036/070], Step [0001/0001], [lateral-edge: 0.7558, lateral-2: 1.1665, lateral-3: 1.1993, lateral-4: 1.2444, lateral-5: 1.3611, epsilon: 303.7496]
2025-10-27 00:46:14.923643 Epoch [037/070], Step [0001/0001], [lateral-edge: 0.7556, lateral-2: 1.1606, lateral-3: 1.1940, lateral-4: 1.2400, lateral-5: 1.3562, epsilon: 310.9713]
2025-10-27 00:46:19.113299 Epoch [038/070], Step [0001/0001], [lateral-edge: 0.7553, lateral-2: 1.1548, lateral-3: 1.1891, lateral-4: 1.2358, lateral-5: 1.3512, epsilon: 318.1766]
2025-10-27 00:46:23.011579 Epoch [039/070], Step [0001/0001], [lateral-edge: 0.7550, lateral-2: 1.1493, lateral-3: 1.1844, lateral-4: 1.2318, lateral-5: 1.3465, epsilon: 325.3662]
[Saving Snapshot:] ./Snapshots/save_weights/Inf-Net_DP_Morph/close/batch_72/run_1/noise_multiplier_0.5/Inf-Net-40.pth
[Privacy Budget]: ε = 325.37 (δ = 1e-05)
2025-10-27 00:46:28.660228 Epoch [040/070], Step [0001/0001], [lateral-edge: 0.7548, lateral-2: 1.1440, lateral-3: 1.1797, lateral-4: 1.2279, lateral-5: 1.3423, epsilon: 332.5406]
2025-10-27 00:46:33.040052 Epoch [041/070], Step [0001/0001], [lateral-edge: 0.7545, lateral-2: 1.1389, lateral-3: 1.1753, lateral-4: 1.2242, lateral-5: 1.3380, epsilon: 339.7005]
2025-10-27 00:46:36.784558 Epoch [042/070], Step [0001/0001], [lateral-edge: 0.7543, lateral-2: 1.1341, lateral-3: 1.1712, lateral-4: 1.2208, lateral-5: 1.3338, epsilon: 346.8464]
2025-10-27 00:46:41.249887 Epoch [043/070], Step [0001/0001], [lateral-edge: 0.7541, lateral-2: 1.1295, lateral-3: 1.1670, lateral-4: 1.2172, lateral-5: 1.3297, epsilon: 353.9787]
2025-10-27 00:46:45.741068 Epoch [044/070], Step [0001/0001], [lateral-edge: 0.7539, lateral-2: 1.1249, lateral-3: 1.1631, lateral-4: 1.2137, lateral-5: 1.3255, epsilon: 361.0979]
2025-10-27 00:46:49.457418 Epoch [045/070], Step [0001/0001], [lateral-edge: 0.7537, lateral-2: 1.1204, lateral-3: 1.1595, lateral-4: 1.2104, lateral-5: 1.3214, epsilon: 368.2045]
2025-10-27 00:46:54.165563 Epoch [046/070], Step [0001/0001], [lateral-edge: 0.7535, lateral-2: 1.1163, lateral-3: 1.1560, lateral-4: 1.2070, lateral-5: 1.3175, epsilon: 375.2989]
2025-10-27 00:46:58.814976 Epoch [047/070], Step [0001/0001], [lateral-edge: 0.7533, lateral-2: 1.1123, lateral-3: 1.1524, lateral-4: 1.2036, lateral-5: 1.3137, epsilon: 382.3815]
2025-10-27 00:47:03.580948 Epoch [048/070], Step [0001/0001], [lateral-edge: 0.7531, lateral-2: 1.1083, lateral-3: 1.1491, lateral-4: 1.2004, lateral-5: 1.3099, epsilon: 389.4526]
2025-10-27 00:47:08.002526 Epoch [049/070], Step [0001/0001], [lateral-edge: 0.7529, lateral-2: 1.1043, lateral-3: 1.1461, lateral-4: 1.1975, lateral-5: 1.3061, epsilon: 396.5127]
[Saving Snapshot:] ./Snapshots/save_weights/Inf-Net_DP_Morph/close/batch_72/run_1/noise_multiplier_0.5/Inf-Net-50.pth
[Privacy Budget]: ε = 396.51 (δ = 1e-05)
2025-10-27 00:47:13.712077 Epoch [050/070], Step [0001/0001], [lateral-edge: 0.7527, lateral-2: 1.1015, lateral-3: 1.1439, lateral-4: 1.1955, lateral-5: 1.3036, epsilon: 403.5620]
2025-10-27 00:47:18.304865 Epoch [051/070], Step [0001/0001], [lateral-edge: 0.7527, lateral-2: 1.1012, lateral-3: 1.1436, lateral-4: 1.1953, lateral-5: 1.3034, epsilon: 410.6008]
2025-10-27 00:47:23.293545 Epoch [052/070], Step [0001/0001], [lateral-edge: 0.7527, lateral-2: 1.1012, lateral-3: 1.1436, lateral-4: 1.1953, lateral-5: 1.3034, epsilon: 417.6296]
2025-10-27 00:47:28.366022 Epoch [053/070], Step [0001/0001], [lateral-edge: 0.7527, lateral-2: 1.1012, lateral-3: 1.1436, lateral-4: 1.1953, lateral-5: 1.3034, epsilon: 424.6485]
2025-10-27 00:47:32.768736 Epoch [054/070], Step [0001/0001], [lateral-edge: 0.7527, lateral-2: 1.1012, lateral-3: 1.1436, lateral-4: 1.1953, lateral-5: 1.3034, epsilon: 431.6578]
2025-10-27 00:47:38.278522 Epoch [055/070], Step [0001/0001], [lateral-edge: 0.7527, lateral-2: 1.1012, lateral-3: 1.1436, lateral-4: 1.1953, lateral-5: 1.3034, epsilon: 438.6579]
2025-10-27 00:47:42.429895 Epoch [056/070], Step [0001/0001], [lateral-edge: 0.7527, lateral-2: 1.1012, lateral-3: 1.1436, lateral-4: 1.1953, lateral-5: 1.3034, epsilon: 445.6489]
2025-10-27 00:47:47.655627 Epoch [057/070], Step [0001/0001], [lateral-edge: 0.7527, lateral-2: 1.1012, lateral-3: 1.1436, lateral-4: 1.1953, lateral-5: 1.3034, epsilon: 452.6311]
2025-10-27 00:47:52.938083 Epoch [058/070], Step [0001/0001], [lateral-edge: 0.7527, lateral-2: 1.1012, lateral-3: 1.1436, lateral-4: 1.1953, lateral-5: 1.3034, epsilon: 459.6048]
2025-10-27 00:47:57.076720 Epoch [059/070], Step [0001/0001], [lateral-edge: 0.7527, lateral-2: 1.1012, lateral-3: 1.1436, lateral-4: 1.1953, lateral-5: 1.3034, epsilon: 466.5701]
[Saving Snapshot:] ./Snapshots/save_weights/Inf-Net_DP_Morph/close/batch_72/run_1/noise_multiplier_0.5/Inf-Net-60.pth
[Privacy Budget]: ε = 466.57 (δ = 1e-05)
2025-10-27 00:48:04.103976 Epoch [060/070], Step [0001/0001], [lateral-edge: 0.7527, lateral-2: 1.1012, lateral-3: 1.1436, lateral-4: 1.1953, lateral-5: 1.3034, epsilon: 473.5272]
2025-10-27 00:48:09.672988 Epoch [061/070], Step [0001/0001], [lateral-edge: 0.7527, lateral-2: 1.1012, lateral-3: 1.1436, lateral-4: 1.1953, lateral-5: 1.3034, epsilon: 480.4765]
2025-10-27 00:48:16.250984 Epoch [062/070], Step [0001/0001], [lateral-edge: 0.7527, lateral-2: 1.1012, lateral-3: 1.1436, lateral-4: 1.1953, lateral-5: 1.3034, epsilon: 487.4179]
2025-10-27 00:48:22.791488 Epoch [063/070], Step [0001/0001], [lateral-edge: 0.7527, lateral-2: 1.1012, lateral-3: 1.1436, lateral-4: 1.1953, lateral-5: 1.3034, epsilon: 494.3519]
2025-10-27 00:48:29.218145 Epoch [064/070], Step [0001/0001], [lateral-edge: 0.7527, lateral-2: 1.1012, lateral-3: 1.1436, lateral-4: 1.1953, lateral-5: 1.3034, epsilon: 501.2784]
2025-10-27 00:48:33.909192 Epoch [065/070], Step [0001/0001], [lateral-edge: 0.7527, lateral-2: 1.1012, lateral-3: 1.1436, lateral-4: 1.1953, lateral-5: 1.3034, epsilon: 508.1978]
2025-10-27 00:48:39.873568 Epoch [066/070], Step [0001/0001], [lateral-edge: 0.7527, lateral-2: 1.1012, lateral-3: 1.1436, lateral-4: 1.1953, lateral-5: 1.3034, epsilon: 515.1101]
2025-10-27 00:48:45.838317 Epoch [067/070], Step [0001/0001], [lateral-edge: 0.7527, lateral-2: 1.1012, lateral-3: 1.1436, lateral-4: 1.1953, lateral-5: 1.3034, epsilon: 522.0155]
2025-10-27 00:48:51.858614 Epoch [068/070], Step [0001/0001], [lateral-edge: 0.7527, lateral-2: 1.1012, lateral-3: 1.1436, lateral-4: 1.1953, lateral-5: 1.3034, epsilon: 528.9142]
2025-10-27 00:48:56.358846 Epoch [069/070], Step [0001/0001], [lateral-edge: 0.7527, lateral-2: 1.1012, lateral-3: 1.1436, lateral-4: 1.1953, lateral-5: 1.3034, epsilon: 535.8063]
[Saving Snapshot:] ./Snapshots/save_weights/Inf-Net_DP_Morph/close/batch_72/run_1/noise_multiplier_0.5/Inf-Net-70.pth
[Privacy Budget]: ε = 535.81 (δ = 1e-05)
2025-10-27 00:49:04.394637 Epoch [070/070], Step [0001/0001], [lateral-edge: 0.7527, lateral-2: 1.1012, lateral-3: 1.1436, lateral-4: 1.1953, lateral-5: 1.3034, epsilon: 542.6920]
Training completed at Mon Oct 27 00:49:05 CET 2025
