Model loading: UNet with GroupNorm
Model is compatible with differential privacy
Not loading weights from weights file
###################################################################### 
Start Training (UNet-DP)
Network: UNet
Batch Size: 24
DP Enabled (ε=8.0, δ=1e-05, clipping=nsgd)
Morphology: Disabled
Architecture: GroupNorm (with DP)
Save Path: ./Snapshots/save_weights/UNet_DP/batch_24/run_3/epsilon_8/nsgd
Run: 3
Namespace(network='UNet', epoch=100, lr=0.0001, batchsize=24, trainsize=352, clip=0.5, decay_rate=0.1, decay_epoch=50, is_thop=False, gpu_device=0, num_workers=8, net_channel=32, init_features=32, n_classes=1, in_channels=3, backbone='Res2Net50', deep_supervision=False, train_path='./Dataset/TrainingSet/LungInfection-Train/Doctor-label', is_semi=False, is_pseudo=False, train_save=None, run=3, enable_privacy=True, epsilon=8.0, max_grad_norm=1.2, delta=1e-05, clipping_strategy='nsgd', enable_morphology=False, morph_operation='both', morph_kernel_size=3, device='cuda')
 ######################################################################
2025-11-09 00:46:51.760700 Epoch [001/100], Step [0003/0003], Loss: 1.6187, ε: 0.7150
2025-11-09 00:46:53.253594 Epoch [002/100], Step [0003/0003], Loss: 1.6043, ε: 0.9882
2025-11-09 00:46:54.409685 Epoch [003/100], Step [0003/0003], Loss: 1.6202, ε: 1.2032
2025-11-09 00:46:55.516632 Epoch [004/100], Step [0003/0003], Loss: 1.6029, ε: 1.3879
2025-11-09 00:46:56.792700 Epoch [005/100], Step [0003/0003], Loss: 1.5751, ε: 1.5530
2025-11-09 00:46:58.025412 Epoch [006/100], Step [0003/0003], Loss: 1.6302, ε: 1.7041
2025-11-09 00:46:59.299918 Epoch [007/100], Step [0003/0003], Loss: 1.6281, ε: 1.8446
2025-11-09 00:47:00.621534 Epoch [008/100], Step [0003/0003], Loss: 1.6183, ε: 1.9766
2025-11-09 00:47:02.002229 Epoch [009/100], Step [0003/0003], Loss: 1.6176, ε: 2.1017
[Saving Snapshot:] ./Snapshots/save_weights/UNet_DP/batch_24/run_3/epsilon_8/nsgd/UNet-10.pth
[Privacy Budget]: ε = 2.10 (δ = 1e-05)
2025-11-09 00:47:03.464434 Epoch [010/100], Step [0003/0003], Loss: 1.6116, ε: 2.2209
2025-11-09 00:47:04.790773 Epoch [011/100], Step [0003/0003], Loss: 1.6085, ε: 2.3352
2025-11-09 00:47:06.146363 Epoch [012/100], Step [0003/0003], Loss: 1.5853, ε: 2.4452
2025-11-09 00:47:07.192275 Epoch [013/100], Step [0003/0003], Loss: 1.6166, ε: 2.5514
2025-11-09 00:47:08.822881 Epoch [014/100], Step [0003/0003], Loss: 1.5981, ε: 2.6542
2025-11-09 00:47:09.950246 Epoch [015/100], Step [0003/0003], Loss: 1.6062, ε: 2.7540
2025-11-09 00:47:11.174623 Epoch [016/100], Step [0003/0003], Loss: 1.6296, ε: 2.8510
2025-11-09 00:47:12.588774 Epoch [017/100], Step [0003/0003], Loss: 1.5935, ε: 2.9456
2025-11-09 00:47:13.864197 Epoch [018/100], Step [0003/0003], Loss: 1.6124, ε: 3.0379
2025-11-09 00:47:15.130477 Epoch [019/100], Step [0003/0003], Loss: 1.5785, ε: 3.1281
[Saving Snapshot:] ./Snapshots/save_weights/UNet_DP/batch_24/run_3/epsilon_8/nsgd/UNet-20.pth
[Privacy Budget]: ε = 3.13 (δ = 1e-05)
2025-11-09 00:47:16.796245 Epoch [020/100], Step [0003/0003], Loss: 1.6038, ε: 3.2164
2025-11-09 00:47:17.923105 Epoch [021/100], Step [0003/0003], Loss: 1.5747, ε: 3.3029
2025-11-09 00:47:19.218971 Epoch [022/100], Step [0003/0003], Loss: 1.5711, ε: 3.3878
2025-11-09 00:47:20.472600 Epoch [023/100], Step [0003/0003], Loss: 1.5799, ε: 3.4711
2025-11-09 00:47:21.737990 Epoch [024/100], Step [0003/0003], Loss: 1.5990, ε: 3.5529
2025-11-09 00:47:23.117514 Epoch [025/100], Step [0003/0003], Loss: 1.6291, ε: 3.6334
2025-11-09 00:47:24.271127 Epoch [026/100], Step [0003/0003], Loss: 1.5645, ε: 3.7126
2025-11-09 00:47:25.482918 Epoch [027/100], Step [0003/0003], Loss: 1.5741, ε: 3.7905
2025-11-09 00:47:26.831977 Epoch [028/100], Step [0003/0003], Loss: 1.5814, ε: 3.8674
2025-11-09 00:47:28.012212 Epoch [029/100], Step [0003/0003], Loss: 1.5731, ε: 3.9431
[Saving Snapshot:] ./Snapshots/save_weights/UNet_DP/batch_24/run_3/epsilon_8/nsgd/UNet-30.pth
[Privacy Budget]: ε = 3.94 (δ = 1e-05)
2025-11-09 00:47:29.658896 Epoch [030/100], Step [0003/0003], Loss: 1.5909, ε: 4.0179
2025-11-09 00:47:30.897960 Epoch [031/100], Step [0003/0003], Loss: 1.6047, ε: 4.0916
2025-11-09 00:47:32.075648 Epoch [032/100], Step [0003/0003], Loss: 1.5720, ε: 4.1644
2025-11-09 00:47:33.319322 Epoch [033/100], Step [0003/0003], Loss: 1.5948, ε: 4.2363
2025-11-09 00:47:34.546550 Epoch [034/100], Step [0003/0003], Loss: 1.5875, ε: 4.3074
2025-11-09 00:47:35.846045 Epoch [035/100], Step [0003/0003], Loss: 1.5647, ε: 4.3776
2025-11-09 00:47:37.121725 Epoch [036/100], Step [0003/0003], Loss: 1.5910, ε: 4.4471
2025-11-09 00:47:38.523135 Epoch [037/100], Step [0003/0003], Loss: 1.5656, ε: 4.5158
2025-11-09 00:47:39.775143 Epoch [038/100], Step [0003/0003], Loss: 1.5672, ε: 4.5838
2025-11-09 00:47:41.035172 Epoch [039/100], Step [0003/0003], Loss: 1.5933, ε: 4.6511
[Saving Snapshot:] ./Snapshots/save_weights/UNet_DP/batch_24/run_3/epsilon_8/nsgd/UNet-40.pth
[Privacy Budget]: ε = 4.65 (δ = 1e-05)
2025-11-09 00:47:42.524711 Epoch [040/100], Step [0003/0003], Loss: 1.5384, ε: 4.7177
2025-11-09 00:47:43.885202 Epoch [041/100], Step [0003/0003], Loss: 1.5609, ε: 4.7837
2025-11-09 00:47:45.093193 Epoch [042/100], Step [0003/0003], Loss: 1.6059, ε: 4.8491
2025-11-09 00:47:46.379864 Epoch [043/100], Step [0003/0003], Loss: 1.5647, ε: 4.9139
2025-11-09 00:47:47.749642 Epoch [044/100], Step [0003/0003], Loss: 1.5727, ε: 4.9781
2025-11-09 00:47:49.172533 Epoch [045/100], Step [0003/0003], Loss: 1.5793, ε: 5.0418
2025-11-09 00:47:50.531801 Epoch [046/100], Step [0003/0003], Loss: 1.5787, ε: 5.1049
2025-11-09 00:47:51.838991 Epoch [047/100], Step [0003/0003], Loss: 1.5631, ε: 5.1675
2025-11-09 00:47:53.165414 Epoch [048/100], Step [0003/0003], Loss: 1.5614, ε: 5.2296
2025-11-09 00:47:54.458068 Epoch [049/100], Step [0003/0003], Loss: 1.5873, ε: 5.2912
[Saving Snapshot:] ./Snapshots/save_weights/UNet_DP/batch_24/run_3/epsilon_8/nsgd/UNet-50.pth
[Privacy Budget]: ε = 5.29 (δ = 1e-05)
2025-11-09 00:47:56.044042 Epoch [050/100], Step [0003/0003], Loss: 1.5616, ε: 5.3523
2025-11-09 00:47:57.297473 Epoch [051/100], Step [0003/0003], Loss: 1.5665, ε: 5.4129
2025-11-09 00:47:58.817104 Epoch [052/100], Step [0003/0003], Loss: 1.5442, ε: 5.4732
2025-11-09 00:48:00.262725 Epoch [053/100], Step [0003/0003], Loss: 1.5703, ε: 5.5329
2025-11-09 00:48:01.617585 Epoch [054/100], Step [0003/0003], Loss: 1.5712, ε: 5.5923
2025-11-09 00:48:02.804669 Epoch [055/100], Step [0003/0003], Loss: 1.5621, ε: 5.6512
2025-11-09 00:48:04.193911 Epoch [056/100], Step [0003/0003], Loss: 1.5306, ε: 5.7098
2025-11-09 00:48:05.422799 Epoch [057/100], Step [0003/0003], Loss: 1.5531, ε: 5.7679
2025-11-09 00:48:06.636268 Epoch [058/100], Step [0003/0003], Loss: 1.5508, ε: 5.8257
2025-11-09 00:48:07.982261 Epoch [059/100], Step [0003/0003], Loss: 1.5620, ε: 5.8831
[Saving Snapshot:] ./Snapshots/save_weights/UNet_DP/batch_24/run_3/epsilon_8/nsgd/UNet-60.pth
[Privacy Budget]: ε = 5.88 (δ = 1e-05)
2025-11-09 00:48:09.468060 Epoch [060/100], Step [0003/0003], Loss: 1.5763, ε: 5.9401
2025-11-09 00:48:10.813561 Epoch [061/100], Step [0003/0003], Loss: 1.5601, ε: 5.9968
2025-11-09 00:48:12.165943 Epoch [062/100], Step [0003/0003], Loss: 1.5705, ε: 6.0532
2025-11-09 00:48:13.435032 Epoch [063/100], Step [0003/0003], Loss: 1.5796, ε: 6.1092
2025-11-09 00:48:14.825472 Epoch [064/100], Step [0003/0003], Loss: 1.5493, ε: 6.1649
2025-11-09 00:48:16.099154 Epoch [065/100], Step [0003/0003], Loss: 1.5471, ε: 6.2202
2025-11-09 00:48:17.479823 Epoch [066/100], Step [0003/0003], Loss: 1.5653, ε: 6.2753
2025-11-09 00:48:18.816345 Epoch [067/100], Step [0003/0003], Loss: 1.5319, ε: 6.3300
2025-11-09 00:48:20.251299 Epoch [068/100], Step [0003/0003], Loss: 1.5610, ε: 6.3845
2025-11-09 00:48:21.567318 Epoch [069/100], Step [0003/0003], Loss: 1.5603, ε: 6.4386
[Saving Snapshot:] ./Snapshots/save_weights/UNet_DP/batch_24/run_3/epsilon_8/nsgd/UNet-70.pth
[Privacy Budget]: ε = 6.44 (δ = 1e-05)
2025-11-09 00:48:23.253898 Epoch [070/100], Step [0003/0003], Loss: 1.5604, ε: 6.4925
2025-11-09 00:48:24.518870 Epoch [071/100], Step [0003/0003], Loss: 1.5574, ε: 6.5461
2025-11-09 00:48:25.732088 Epoch [072/100], Step [0003/0003], Loss: 1.5678, ε: 6.5994
2025-11-09 00:48:27.108621 Epoch [073/100], Step [0003/0003], Loss: 1.5797, ε: 6.6524
2025-11-09 00:48:28.409072 Epoch [074/100], Step [0003/0003], Loss: 1.5552, ε: 6.7052
2025-11-09 00:48:29.679233 Epoch [075/100], Step [0003/0003], Loss: 1.5406, ε: 6.7577
2025-11-09 00:48:31.031871 Epoch [076/100], Step [0003/0003], Loss: 1.5448, ε: 6.8100
2025-11-09 00:48:32.407374 Epoch [077/100], Step [0003/0003], Loss: 1.5518, ε: 6.8620
2025-11-09 00:48:33.523559 Epoch [078/100], Step [0003/0003], Loss: 1.5769, ε: 6.9138
2025-11-09 00:48:34.897937 Epoch [079/100], Step [0003/0003], Loss: 1.5678, ε: 6.9653
[Saving Snapshot:] ./Snapshots/save_weights/UNet_DP/batch_24/run_3/epsilon_8/nsgd/UNet-80.pth
[Privacy Budget]: ε = 6.97 (δ = 1e-05)
2025-11-09 00:48:36.391093 Epoch [080/100], Step [0003/0003], Loss: 1.5641, ε: 7.0166
2025-11-09 00:48:37.717165 Epoch [081/100], Step [0003/0003], Loss: 1.5428, ε: 7.0677
2025-11-09 00:48:38.955974 Epoch [082/100], Step [0003/0003], Loss: 1.5537, ε: 7.1186
2025-11-09 00:48:40.290889 Epoch [083/100], Step [0003/0003], Loss: 1.5248, ε: 7.1692
2025-11-09 00:48:41.511345 Epoch [084/100], Step [0003/0003], Loss: 1.5503, ε: 7.2196
2025-11-09 00:48:42.689491 Epoch [085/100], Step [0003/0003], Loss: 1.5495, ε: 7.2698
2025-11-09 00:48:43.758590 Epoch [086/100], Step [0003/0003], Loss: 1.5954, ε: 7.3198
2025-11-09 00:48:45.165322 Epoch [087/100], Step [0003/0003], Loss: 1.5764, ε: 7.3695
2025-11-09 00:48:46.420453 Epoch [088/100], Step [0003/0003], Loss: 1.5651, ε: 7.4191
2025-11-09 00:48:47.711556 Epoch [089/100], Step [0003/0003], Loss: 1.5671, ε: 7.4685
[Saving Snapshot:] ./Snapshots/save_weights/UNet_DP/batch_24/run_3/epsilon_8/nsgd/UNet-90.pth
[Privacy Budget]: ε = 7.47 (δ = 1e-05)
2025-11-09 00:48:49.560899 Epoch [090/100], Step [0003/0003], Loss: 1.5614, ε: 7.5177
2025-11-09 00:48:50.706541 Epoch [091/100], Step [0003/0003], Loss: 1.5711, ε: 7.5666
2025-11-09 00:48:52.004221 Epoch [092/100], Step [0003/0003], Loss: 1.5408, ε: 7.6154
2025-11-09 00:48:53.394160 Epoch [093/100], Step [0003/0003], Loss: 1.5689, ε: 7.6640
2025-11-09 00:48:54.557730 Epoch [094/100], Step [0003/0003], Loss: 1.5945, ε: 7.7125
2025-11-09 00:48:55.903315 Epoch [095/100], Step [0003/0003], Loss: 1.5482, ε: 7.7607
2025-11-09 00:48:57.269523 Epoch [096/100], Step [0003/0003], Loss: 1.5944, ε: 7.8088
2025-11-09 00:48:58.536178 Epoch [097/100], Step [0003/0003], Loss: 1.5717, ε: 7.8566
2025-11-09 00:48:59.775344 Epoch [098/100], Step [0003/0003], Loss: 1.5790, ε: 7.9043
2025-11-09 00:49:01.158961 Epoch [099/100], Step [0003/0003], Loss: 1.5794, ε: 7.9519
[Saving Snapshot:] ./Snapshots/save_weights/UNet_DP/batch_24/run_3/epsilon_8/nsgd/UNet-100.pth
[Privacy Budget]: ε = 7.95 (δ = 1e-05)
2025-11-09 00:49:02.927557 Epoch [100/100], Step [0003/0003], Loss: 1.5754, ε: 7.9993
Training completed at Sun Nov  9 00:49:03 CET 2025
