Model loading: UNet with GroupNorm
Model is compatible with differential privacy
Not loading weights from weights file
###################################################################### 
Start Training (UNet-DP)
Network: UNet
Batch Size: 48
DP Enabled (ε=200.0, δ=1e-05, clipping=base)
Morphology: both
Architecture: GroupNorm (with DP)
Save Path: ./Snapshots/save_weights/UNet_DP_Morph/both/batch_48/run_2/epsilon_200/base
Run: 2
Namespace(network='UNet', epoch=100, lr=0.0001, batchsize=48, trainsize=352, clip=0.5, decay_rate=0.1, decay_epoch=50, is_thop=False, gpu_device=0, num_workers=8, net_channel=32, init_features=32, n_classes=1, in_channels=3, backbone='Res2Net50', deep_supervision=False, train_path='./Dataset/TrainingSet/LungInfection-Train/Doctor-label', is_semi=False, is_pseudo=False, train_save=None, run=2, enable_privacy=True, epsilon=200.0, max_grad_norm=1.2, delta=1e-05, clipping_strategy='base', enable_morphology=True, morph_operation='both', morph_kernel_size=3, device='cuda')
 ######################################################################
2025-11-09 01:07:15.484364 Epoch [001/100], Step [0002/0002], Loss: 1.4402, ε: 11.8573
2025-11-09 01:07:17.290718 Epoch [002/100], Step [0002/0002], Loss: 1.4351, ε: 17.0473
2025-11-09 01:07:19.064628 Epoch [003/100], Step [0002/0002], Loss: 1.4168, ε: 21.0900
2025-11-09 01:07:20.826138 Epoch [004/100], Step [0002/0002], Loss: 1.4219, ε: 24.6100
2025-11-09 01:07:22.617933 Epoch [005/100], Step [0002/0002], Loss: 1.4063, ε: 27.8145
2025-11-09 01:07:24.284711 Epoch [006/100], Step [0002/0002], Loss: 1.3931, ε: 30.8019
2025-11-09 01:07:26.090512 Epoch [007/100], Step [0002/0002], Loss: 1.3964, ε: 33.6283
2025-11-09 01:07:27.923064 Epoch [008/100], Step [0002/0002], Loss: 1.3861, ε: 36.3292
2025-11-09 01:07:29.670038 Epoch [009/100], Step [0002/0002], Loss: 1.3805, ε: 38.9286
[Saving Snapshot:] ./Snapshots/save_weights/UNet_DP_Morph/both/batch_48/run_2/epsilon_200/base/UNet-10.pth
[Privacy Budget]: ε = 38.93 (δ = 1e-05)
2025-11-09 01:07:31.868024 Epoch [010/100], Step [0002/0002], Loss: 1.3747, ε: 41.4440
2025-11-09 01:07:33.783337 Epoch [011/100], Step [0002/0002], Loss: 1.3676, ε: 43.8880
2025-11-09 01:07:35.493424 Epoch [012/100], Step [0002/0002], Loss: 1.3616, ε: 46.2706
2025-11-09 01:07:37.132136 Epoch [013/100], Step [0002/0002], Loss: 1.3516, ε: 48.5997
2025-11-09 01:07:38.890252 Epoch [014/100], Step [0002/0002], Loss: 1.3395, ε: 50.8815
2025-11-09 01:07:40.503727 Epoch [015/100], Step [0002/0002], Loss: 1.3398, ε: 53.1211
2025-11-09 01:07:42.284498 Epoch [016/100], Step [0002/0002], Loss: 1.3367, ε: 55.3228
2025-11-09 01:07:43.849589 Epoch [017/100], Step [0002/0002], Loss: 1.3126, ε: 57.4902
2025-11-09 01:07:45.548692 Epoch [018/100], Step [0002/0002], Loss: 1.3163, ε: 59.6264
2025-11-09 01:07:47.293535 Epoch [019/100], Step [0002/0002], Loss: 1.3039, ε: 61.7340
[Saving Snapshot:] ./Snapshots/save_weights/UNet_DP_Morph/both/batch_48/run_2/epsilon_200/base/UNet-20.pth
[Privacy Budget]: ε = 61.73 (δ = 1e-05)
2025-11-09 01:07:49.703571 Epoch [020/100], Step [0002/0002], Loss: 1.3154, ε: 63.8153
2025-11-09 01:07:51.768986 Epoch [021/100], Step [0002/0002], Loss: 1.2944, ε: 65.8722
2025-11-09 01:07:53.474575 Epoch [022/100], Step [0002/0002], Loss: 1.2895, ε: 67.9066
2025-11-09 01:07:55.142461 Epoch [023/100], Step [0002/0002], Loss: 1.2921, ε: 69.9200
2025-11-09 01:07:56.869571 Epoch [024/100], Step [0002/0002], Loss: 1.2935, ε: 71.9138
2025-11-09 01:07:58.627925 Epoch [025/100], Step [0002/0002], Loss: 1.2913, ε: 73.8891
2025-11-09 01:08:00.457329 Epoch [026/100], Step [0002/0002], Loss: 1.2698, ε: 75.8472
2025-11-09 01:08:02.413757 Epoch [027/100], Step [0002/0002], Loss: 1.2638, ε: 77.7891
2025-11-09 01:08:04.189481 Epoch [028/100], Step [0002/0002], Loss: 1.2449, ε: 79.7155
2025-11-09 01:08:05.860356 Epoch [029/100], Step [0002/0002], Loss: 1.2538, ε: 81.6275
[Saving Snapshot:] ./Snapshots/save_weights/UNet_DP_Morph/both/batch_48/run_2/epsilon_200/base/UNet-30.pth
[Privacy Budget]: ε = 81.63 (δ = 1e-05)
2025-11-09 01:08:08.433206 Epoch [030/100], Step [0002/0002], Loss: 1.2346, ε: 83.5256
2025-11-09 01:08:10.133829 Epoch [031/100], Step [0002/0002], Loss: 1.2545, ε: 85.4107
2025-11-09 01:08:12.073990 Epoch [032/100], Step [0002/0002], Loss: 1.2432, ε: 87.2834
2025-11-09 01:08:13.923902 Epoch [033/100], Step [0002/0002], Loss: 1.2314, ε: 89.1441
2025-11-09 01:08:15.682157 Epoch [034/100], Step [0002/0002], Loss: 1.2308, ε: 90.9936
2025-11-09 01:08:17.733027 Epoch [035/100], Step [0002/0002], Loss: 1.2341, ε: 92.8323
2025-11-09 01:08:19.433501 Epoch [036/100], Step [0002/0002], Loss: 1.2171, ε: 94.6606
2025-11-09 01:08:21.413263 Epoch [037/100], Step [0002/0002], Loss: 1.2314, ε: 96.4790
2025-11-09 01:08:23.407702 Epoch [038/100], Step [0002/0002], Loss: 1.2106, ε: 98.2879
2025-11-09 01:08:25.494843 Epoch [039/100], Step [0002/0002], Loss: 1.2053, ε: 100.0877
[Saving Snapshot:] ./Snapshots/save_weights/UNet_DP_Morph/both/batch_48/run_2/epsilon_200/base/UNet-40.pth
[Privacy Budget]: ε = 100.09 (δ = 1e-05)
2025-11-09 01:08:28.302221 Epoch [040/100], Step [0002/0002], Loss: 1.1955, ε: 101.8787
2025-11-09 01:08:30.177135 Epoch [041/100], Step [0002/0002], Loss: 1.1954, ε: 103.6613
2025-11-09 01:08:32.155494 Epoch [042/100], Step [0002/0002], Loss: 1.1954, ε: 105.4357
2025-11-09 01:08:33.824608 Epoch [043/100], Step [0002/0002], Loss: 1.1821, ε: 107.2023
2025-11-09 01:08:35.809647 Epoch [044/100], Step [0002/0002], Loss: 1.2018, ε: 108.9613
2025-11-09 01:08:38.105818 Epoch [045/100], Step [0002/0002], Loss: 1.1886, ε: 110.7130
2025-11-09 01:08:40.241241 Epoch [046/100], Step [0002/0002], Loss: 1.1780, ε: 112.4576
2025-11-09 01:08:42.337640 Epoch [047/100], Step [0002/0002], Loss: 1.1785, ε: 114.1955
2025-11-09 01:08:44.279400 Epoch [048/100], Step [0002/0002], Loss: 1.1828, ε: 115.9267
2025-11-09 01:08:46.576568 Epoch [049/100], Step [0002/0002], Loss: 1.1601, ε: 117.6515
[Saving Snapshot:] ./Snapshots/save_weights/UNet_DP_Morph/both/batch_48/run_2/epsilon_200/base/UNet-50.pth
[Privacy Budget]: ε = 117.65 (δ = 1e-05)
2025-11-09 01:08:49.851585 Epoch [050/100], Step [0002/0002], Loss: 1.1771, ε: 119.3701
2025-11-09 01:08:52.063139 Epoch [051/100], Step [0002/0002], Loss: 1.1830, ε: 121.0826
2025-11-09 01:08:54.421435 Epoch [052/100], Step [0002/0002], Loss: 1.1794, ε: 122.7894
2025-11-09 01:08:56.675599 Epoch [053/100], Step [0002/0002], Loss: 1.1852, ε: 124.4904
2025-11-09 01:08:58.618470 Epoch [054/100], Step [0002/0002], Loss: 1.1546, ε: 126.1860
2025-11-09 01:09:01.022498 Epoch [055/100], Step [0002/0002], Loss: 1.1562, ε: 127.8762
2025-11-09 01:09:03.253141 Epoch [056/100], Step [0002/0002], Loss: 1.1688, ε: 129.5612
2025-11-09 01:09:04.999857 Epoch [057/100], Step [0002/0002], Loss: 1.1643, ε: 131.2411
2025-11-09 01:09:06.975494 Epoch [058/100], Step [0002/0002], Loss: 1.1867, ε: 132.9160
2025-11-09 01:09:09.206378 Epoch [059/100], Step [0002/0002], Loss: 1.1668, ε: 134.5862
[Saving Snapshot:] ./Snapshots/save_weights/UNet_DP_Morph/both/batch_48/run_2/epsilon_200/base/UNet-60.pth
[Privacy Budget]: ε = 134.59 (δ = 1e-05)
2025-11-09 01:09:12.895993 Epoch [060/100], Step [0002/0002], Loss: 1.1816, ε: 136.2517
2025-11-09 01:09:15.284338 Epoch [061/100], Step [0002/0002], Loss: 1.1772, ε: 137.9126
2025-11-09 01:09:17.392599 Epoch [062/100], Step [0002/0002], Loss: 1.1702, ε: 139.5690
2025-11-09 01:09:19.849562 Epoch [063/100], Step [0002/0002], Loss: 1.1654, ε: 141.2211
2025-11-09 01:09:22.240304 Epoch [064/100], Step [0002/0002], Loss: 1.1757, ε: 142.8690
2025-11-09 01:09:24.804159 Epoch [065/100], Step [0002/0002], Loss: 1.1716, ε: 144.5127
2025-11-09 01:09:27.217035 Epoch [066/100], Step [0002/0002], Loss: 1.1611, ε: 146.1524
2025-11-09 01:09:29.759026 Epoch [067/100], Step [0002/0002], Loss: 1.1612, ε: 147.7881
2025-11-09 01:09:32.379391 Epoch [068/100], Step [0002/0002], Loss: 1.1518, ε: 149.4199
2025-11-09 01:09:34.811802 Epoch [069/100], Step [0002/0002], Loss: 1.1886, ε: 151.0480
[Saving Snapshot:] ./Snapshots/save_weights/UNet_DP_Morph/both/batch_48/run_2/epsilon_200/base/UNet-70.pth
[Privacy Budget]: ε = 151.05 (δ = 1e-05)
2025-11-09 01:09:38.416682 Epoch [070/100], Step [0002/0002], Loss: 1.1808, ε: 152.6724
2025-11-09 01:09:40.645703 Epoch [071/100], Step [0002/0002], Loss: 1.1954, ε: 154.2931
2025-11-09 01:09:43.285100 Epoch [072/100], Step [0002/0002], Loss: 1.1710, ε: 155.9103
2025-11-09 01:09:45.852485 Epoch [073/100], Step [0002/0002], Loss: 1.1776, ε: 157.5241
2025-11-09 01:09:48.412660 Epoch [074/100], Step [0002/0002], Loss: 1.1552, ε: 159.1344
2025-11-09 01:09:51.177526 Epoch [075/100], Step [0002/0002], Loss: 1.1571, ε: 160.7414
2025-11-09 01:09:53.489667 Epoch [076/100], Step [0002/0002], Loss: 1.1726, ε: 162.3452
2025-11-09 01:09:56.308009 Epoch [077/100], Step [0002/0002], Loss: 1.1795, ε: 163.9458
2025-11-09 01:09:58.696926 Epoch [078/100], Step [0002/0002], Loss: 1.1608, ε: 165.5432
2025-11-09 01:10:01.498923 Epoch [079/100], Step [0002/0002], Loss: 1.1446, ε: 167.1375
[Saving Snapshot:] ./Snapshots/save_weights/UNet_DP_Morph/both/batch_48/run_2/epsilon_200/base/UNet-80.pth
[Privacy Budget]: ε = 167.14 (δ = 1e-05)
2025-11-09 01:10:05.063312 Epoch [080/100], Step [0002/0002], Loss: 1.1874, ε: 168.7289
2025-11-09 01:10:07.802845 Epoch [081/100], Step [0002/0002], Loss: 1.1694, ε: 170.3173
2025-11-09 01:10:10.565514 Epoch [082/100], Step [0002/0002], Loss: 1.1829, ε: 171.9027
2025-11-09 01:10:13.435471 Epoch [083/100], Step [0002/0002], Loss: 1.1891, ε: 173.4854
2025-11-09 01:10:15.915555 Epoch [084/100], Step [0002/0002], Loss: 1.1595, ε: 175.0652
2025-11-09 01:10:18.770337 Epoch [085/100], Step [0002/0002], Loss: 1.1645, ε: 176.6423
2025-11-09 01:10:21.741434 Epoch [086/100], Step [0002/0002], Loss: 1.1774, ε: 178.2166
2025-11-09 01:10:24.527817 Epoch [087/100], Step [0002/0002], Loss: 1.1508, ε: 179.7884
2025-11-09 01:10:27.041243 Epoch [088/100], Step [0002/0002], Loss: 1.1600, ε: 181.3575
2025-11-09 01:10:29.905603 Epoch [089/100], Step [0002/0002], Loss: 1.1695, ε: 182.9241
[Saving Snapshot:] ./Snapshots/save_weights/UNet_DP_Morph/both/batch_48/run_2/epsilon_200/base/UNet-90.pth
[Privacy Budget]: ε = 182.92 (δ = 1e-05)
2025-11-09 01:10:34.362235 Epoch [090/100], Step [0002/0002], Loss: 1.1737, ε: 184.4881
2025-11-09 01:10:37.369273 Epoch [091/100], Step [0002/0002], Loss: 1.1699, ε: 186.0497
2025-11-09 01:10:40.332739 Epoch [092/100], Step [0002/0002], Loss: 1.1837, ε: 187.6088
2025-11-09 01:10:43.062556 Epoch [093/100], Step [0002/0002], Loss: 1.1867, ε: 189.1655
2025-11-09 01:10:46.190088 Epoch [094/100], Step [0002/0002], Loss: 1.1585, ε: 190.7199
2025-11-09 01:10:48.416304 Epoch [095/100], Step [0002/0002], Loss: 1.1696, ε: 192.2720
2025-11-09 01:10:51.588346 Epoch [096/100], Step [0002/0002], Loss: 1.1593, ε: 193.8217
2025-11-09 01:10:54.761817 Epoch [097/100], Step [0002/0002], Loss: 1.1598, ε: 195.3693
2025-11-09 01:10:57.677407 Epoch [098/100], Step [0002/0002], Loss: 1.1683, ε: 196.9146
2025-11-09 01:11:00.829269 Epoch [099/100], Step [0002/0002], Loss: 1.1719, ε: 198.4577
[Saving Snapshot:] ./Snapshots/save_weights/UNet_DP_Morph/both/batch_48/run_2/epsilon_200/base/UNet-100.pth
[Privacy Budget]: ε = 198.46 (δ = 1e-05)
2025-11-09 01:11:05.440276 Epoch [100/100], Step [0002/0002], Loss: 1.1386, ε: 199.9987
Training completed at Sun Nov  9 01:11:06 CET 2025
