Backbone loading: Res2Net50
Not loading weights from weights file
################################################## 
Start Training (Inf-Net-Res2Net50)
Backbone: Res2Net50
Batch Size: 24
Morphology: close
Save Path: ./Snapshots/save_weights/Inf-Net_Morph/close/batch_24/run_1
Run: 1
Namespace(epoch=70, lr=0.0001, batchsize=24, trainsize=352, clip=0.5, decay_rate=0.1, decay_epoch=50, is_thop=False, gpu_device=0, num_workers=8, net_channel=32, n_classes=1, backbone='Res2Net50', train_path='./Dataset/TrainingSet/LungInfection-Train/Doctor-label', is_semi=False, is_pseudo=False, train_save=None, run=1, enable_morphology=True, morph_operation='close', morph_kernel_size=3, device='cuda')
 ##################################################
2025-10-27 01:01:39.117548 Epoch [001/070], Step [0003/0003], [lateral-edge: 0.7583, lateral-2: 1.4773, lateral-3: 1.4953, lateral-4: 1.5560, lateral-5: 1.5470]
2025-10-27 01:01:40.840255 Epoch [002/070], Step [0003/0003], [lateral-edge: 0.7483, lateral-2: 1.3963, lateral-3: 1.4181, lateral-4: 1.5231, lateral-5: 1.5330]
2025-10-27 01:01:42.605569 Epoch [003/070], Step [0003/0003], [lateral-edge: 0.7409, lateral-2: 1.2824, lateral-3: 1.3427, lateral-4: 1.4254, lateral-5: 1.5094]
2025-10-27 01:01:44.350448 Epoch [004/070], Step [0003/0003], [lateral-edge: 0.7400, lateral-2: 1.2921, lateral-3: 1.3247, lateral-4: 1.4019, lateral-5: 1.5092]
2025-10-27 01:01:46.092779 Epoch [005/070], Step [0003/0003], [lateral-edge: 0.7332, lateral-2: 1.2539, lateral-3: 1.3043, lateral-4: 1.3922, lateral-5: 1.4836]
2025-10-27 01:01:47.831465 Epoch [006/070], Step [0003/0003], [lateral-edge: 0.7368, lateral-2: 1.1809, lateral-3: 1.2261, lateral-4: 1.3620, lateral-5: 1.5280]
2025-10-27 01:01:49.587483 Epoch [007/070], Step [0003/0003], [lateral-edge: 0.7306, lateral-2: 1.0730, lateral-3: 1.1239, lateral-4: 1.2427, lateral-5: 1.5976]
2025-10-27 01:01:51.361526 Epoch [008/070], Step [0003/0003], [lateral-edge: 0.7281, lateral-2: 1.1334, lateral-3: 1.1441, lateral-4: 1.2366, lateral-5: 1.7151]
2025-10-27 01:01:53.113108 Epoch [009/070], Step [0003/0003], [lateral-edge: 0.7256, lateral-2: 1.0905, lateral-3: 1.1206, lateral-4: 1.2240, lateral-5: 1.7149]
[Saving Snapshot:] ./Snapshots/save_weights/Inf-Net_Morph/close/batch_24/run_1/Inf-Net-10.pth
2025-10-27 01:01:55.116706 Epoch [010/070], Step [0003/0003], [lateral-edge: 0.7214, lateral-2: 0.9999, lateral-3: 1.0602, lateral-4: 1.1833, lateral-5: 1.6276]
2025-10-27 01:01:56.865065 Epoch [011/070], Step [0003/0003], [lateral-edge: 0.7208, lateral-2: 0.9518, lateral-3: 1.0112, lateral-4: 1.1300, lateral-5: 1.5998]
2025-10-27 01:01:58.645539 Epoch [012/070], Step [0003/0003], [lateral-edge: 0.7188, lateral-2: 0.9713, lateral-3: 1.0378, lateral-4: 1.1636, lateral-5: 1.6562]
2025-10-27 01:02:00.396666 Epoch [013/070], Step [0003/0003], [lateral-edge: 0.7150, lateral-2: 0.9253, lateral-3: 1.0159, lateral-4: 1.1622, lateral-5: 1.5894]
2025-10-27 01:02:02.159326 Epoch [014/070], Step [0003/0003], [lateral-edge: 0.7145, lateral-2: 0.9158, lateral-3: 1.0037, lateral-4: 1.1503, lateral-5: 1.5262]
2025-10-27 01:02:03.886265 Epoch [015/070], Step [0003/0003], [lateral-edge: 0.7112, lateral-2: 0.9014, lateral-3: 0.9919, lateral-4: 1.1251, lateral-5: 1.5599]
2025-10-27 01:02:05.655540 Epoch [016/070], Step [0003/0003], [lateral-edge: 0.7113, lateral-2: 0.9369, lateral-3: 0.9919, lateral-4: 1.1002, lateral-5: 1.5907]
2025-10-27 01:02:07.404431 Epoch [017/070], Step [0003/0003], [lateral-edge: 0.7082, lateral-2: 0.9104, lateral-3: 0.9859, lateral-4: 1.1192, lateral-5: 1.5168]
2025-10-27 01:02:09.147718 Epoch [018/070], Step [0003/0003], [lateral-edge: 0.7085, lateral-2: 0.9879, lateral-3: 1.0571, lateral-4: 1.1604, lateral-5: 1.3970]
2025-10-27 01:02:10.882635 Epoch [019/070], Step [0003/0003], [lateral-edge: 0.7071, lateral-2: 0.9089, lateral-3: 0.9751, lateral-4: 1.0954, lateral-5: 1.5262]
[Saving Snapshot:] ./Snapshots/save_weights/Inf-Net_Morph/close/batch_24/run_1/Inf-Net-20.pth
2025-10-27 01:02:12.955947 Epoch [020/070], Step [0003/0003], [lateral-edge: 0.7062, lateral-2: 0.8443, lateral-3: 0.9361, lateral-4: 1.0765, lateral-5: 1.5546]
2025-10-27 01:02:14.705917 Epoch [021/070], Step [0003/0003], [lateral-edge: 0.7041, lateral-2: 0.8281, lateral-3: 0.9148, lateral-4: 1.0511, lateral-5: 1.4440]
2025-10-27 01:02:16.448291 Epoch [022/070], Step [0003/0003], [lateral-edge: 0.7026, lateral-2: 0.8506, lateral-3: 0.9392, lateral-4: 1.0829, lateral-5: 1.4276]
2025-10-27 01:02:18.179132 Epoch [023/070], Step [0003/0003], [lateral-edge: 0.7037, lateral-2: 0.8529, lateral-3: 0.9109, lateral-4: 1.0173, lateral-5: 1.4749]
2025-10-27 01:02:19.917535 Epoch [024/070], Step [0003/0003], [lateral-edge: 0.7019, lateral-2: 0.8272, lateral-3: 0.9041, lateral-4: 1.0324, lateral-5: 1.4700]
2025-10-27 01:02:21.666058 Epoch [025/070], Step [0003/0003], [lateral-edge: 0.7011, lateral-2: 0.8111, lateral-3: 0.8997, lateral-4: 1.0387, lateral-5: 1.4855]
2025-10-27 01:02:23.421893 Epoch [026/070], Step [0003/0003], [lateral-edge: 0.7000, lateral-2: 0.7795, lateral-3: 0.8682, lateral-4: 1.0064, lateral-5: 1.4007]
2025-10-27 01:02:25.208978 Epoch [027/070], Step [0003/0003], [lateral-edge: 0.6986, lateral-2: 0.8960, lateral-3: 0.9740, lateral-4: 1.1062, lateral-5: 1.3683]
2025-10-27 01:02:27.003550 Epoch [028/070], Step [0003/0003], [lateral-edge: 0.6974, lateral-2: 0.8942, lateral-3: 0.9704, lateral-4: 1.0814, lateral-5: 1.3266]
2025-10-27 01:02:28.903300 Epoch [029/070], Step [0003/0003], [lateral-edge: 0.6981, lateral-2: 0.9829, lateral-3: 1.0555, lateral-4: 1.1683, lateral-5: 1.4261]
[Saving Snapshot:] ./Snapshots/save_weights/Inf-Net_Morph/close/batch_24/run_1/Inf-Net-30.pth
2025-10-27 01:02:30.978348 Epoch [030/070], Step [0003/0003], [lateral-edge: 0.6970, lateral-2: 0.9071, lateral-3: 0.9715, lateral-4: 1.0845, lateral-5: 1.4180]
2025-10-27 01:02:32.740734 Epoch [031/070], Step [0003/0003], [lateral-edge: 0.6976, lateral-2: 0.8419, lateral-3: 0.9219, lateral-4: 1.0497, lateral-5: 1.3576]
2025-10-27 01:02:34.505051 Epoch [032/070], Step [0003/0003], [lateral-edge: 0.6959, lateral-2: 0.8008, lateral-3: 0.8830, lateral-4: 1.0064, lateral-5: 1.3879]
2025-10-27 01:02:36.261198 Epoch [033/070], Step [0003/0003], [lateral-edge: 0.6955, lateral-2: 0.7938, lateral-3: 0.8780, lateral-4: 1.0145, lateral-5: 1.5196]
2025-10-27 01:02:38.020429 Epoch [034/070], Step [0003/0003], [lateral-edge: 0.6941, lateral-2: 0.8000, lateral-3: 0.8990, lateral-4: 1.0402, lateral-5: 1.4461]
2025-10-27 01:02:39.779637 Epoch [035/070], Step [0003/0003], [lateral-edge: 0.6942, lateral-2: 0.7666, lateral-3: 0.8645, lateral-4: 0.9834, lateral-5: 1.3347]
2025-10-27 01:02:41.531644 Epoch [036/070], Step [0003/0003], [lateral-edge: 0.6937, lateral-2: 0.7716, lateral-3: 0.8465, lateral-4: 0.9627, lateral-5: 1.3424]
2025-10-27 01:02:43.292478 Epoch [037/070], Step [0003/0003], [lateral-edge: 0.6925, lateral-2: 0.7899, lateral-3: 0.8786, lateral-4: 1.0053, lateral-5: 1.3796]
2025-10-27 01:02:45.076254 Epoch [038/070], Step [0003/0003], [lateral-edge: 0.6927, lateral-2: 0.7859, lateral-3: 0.8768, lateral-4: 1.0107, lateral-5: 1.4655]
2025-10-27 01:02:46.851674 Epoch [039/070], Step [0003/0003], [lateral-edge: 0.6919, lateral-2: 0.8787, lateral-3: 0.9593, lateral-4: 1.0839, lateral-5: 1.3765]
[Saving Snapshot:] ./Snapshots/save_weights/Inf-Net_Morph/close/batch_24/run_1/Inf-Net-40.pth
2025-10-27 01:02:48.953005 Epoch [040/070], Step [0003/0003], [lateral-edge: 0.6919, lateral-2: 0.9242, lateral-3: 0.9918, lateral-4: 1.0961, lateral-5: 1.4179]
2025-10-27 01:02:50.705256 Epoch [041/070], Step [0003/0003], [lateral-edge: 0.6911, lateral-2: 0.8060, lateral-3: 0.8863, lateral-4: 1.0166, lateral-5: 1.4054]
2025-10-27 01:02:52.480969 Epoch [042/070], Step [0003/0003], [lateral-edge: 0.6906, lateral-2: 0.8354, lateral-3: 0.9114, lateral-4: 1.0214, lateral-5: 1.4451]
2025-10-27 01:02:54.224256 Epoch [043/070], Step [0003/0003], [lateral-edge: 0.6900, lateral-2: 0.8085, lateral-3: 0.9027, lateral-4: 1.0482, lateral-5: 1.3185]
2025-10-27 01:02:55.987541 Epoch [044/070], Step [0003/0003], [lateral-edge: 0.6896, lateral-2: 0.7792, lateral-3: 0.8729, lateral-4: 1.0040, lateral-5: 1.2905]
2025-10-27 01:02:57.762851 Epoch [045/070], Step [0003/0003], [lateral-edge: 0.6889, lateral-2: 0.8733, lateral-3: 0.9514, lateral-4: 1.0708, lateral-5: 1.3104]
2025-10-27 01:02:59.516172 Epoch [046/070], Step [0003/0003], [lateral-edge: 0.6882, lateral-2: 0.7961, lateral-3: 0.8878, lateral-4: 1.0054, lateral-5: 1.3206]
2025-10-27 01:03:01.277497 Epoch [047/070], Step [0003/0003], [lateral-edge: 0.6875, lateral-2: 0.8289, lateral-3: 0.9060, lateral-4: 1.0468, lateral-5: 1.2898]
2025-10-27 01:03:03.042589 Epoch [048/070], Step [0003/0003], [lateral-edge: 0.6873, lateral-2: 0.7630, lateral-3: 0.8482, lateral-4: 0.9715, lateral-5: 1.2188]
2025-10-27 01:03:04.801972 Epoch [049/070], Step [0003/0003], [lateral-edge: 0.6866, lateral-2: 0.7622, lateral-3: 0.8529, lateral-4: 0.9728, lateral-5: 1.2475]
[Saving Snapshot:] ./Snapshots/save_weights/Inf-Net_Morph/close/batch_24/run_1/Inf-Net-50.pth
2025-10-27 01:03:06.836343 Epoch [050/070], Step [0003/0003], [lateral-edge: 0.6860, lateral-2: 0.7364, lateral-3: 0.8227, lateral-4: 0.9465, lateral-5: 1.2990]
2025-10-27 01:03:08.598726 Epoch [051/070], Step [0003/0003], [lateral-edge: 0.6861, lateral-2: 0.7206, lateral-3: 0.8311, lateral-4: 0.9742, lateral-5: 1.2822]
2025-10-27 01:03:10.350144 Epoch [052/070], Step [0003/0003], [lateral-edge: 0.6860, lateral-2: 0.7466, lateral-3: 0.8407, lateral-4: 0.9724, lateral-5: 1.2331]
2025-10-27 01:03:12.107095 Epoch [053/070], Step [0003/0003], [lateral-edge: 0.6853, lateral-2: 0.7392, lateral-3: 0.8531, lateral-4: 0.9895, lateral-5: 1.3347]
2025-10-27 01:03:13.855183 Epoch [054/070], Step [0003/0003], [lateral-edge: 0.6862, lateral-2: 0.7450, lateral-3: 0.8303, lateral-4: 0.9469, lateral-5: 1.2806]
2025-10-27 01:03:15.608873 Epoch [055/070], Step [0003/0003], [lateral-edge: 0.6859, lateral-2: 0.7214, lateral-3: 0.8119, lateral-4: 0.9382, lateral-5: 1.3075]
2025-10-27 01:03:17.359581 Epoch [056/070], Step [0003/0003], [lateral-edge: 0.6855, lateral-2: 0.7136, lateral-3: 0.8145, lateral-4: 0.9500, lateral-5: 1.2475]
2025-10-27 01:03:19.108165 Epoch [057/070], Step [0003/0003], [lateral-edge: 0.6860, lateral-2: 0.7754, lateral-3: 0.8719, lateral-4: 1.0022, lateral-5: 1.4375]
2025-10-27 01:03:20.854512 Epoch [058/070], Step [0003/0003], [lateral-edge: 0.6855, lateral-2: 0.7242, lateral-3: 0.8319, lateral-4: 0.9687, lateral-5: 1.3183]
2025-10-27 01:03:22.628309 Epoch [059/070], Step [0003/0003], [lateral-edge: 0.6851, lateral-2: 0.7540, lateral-3: 0.8443, lateral-4: 0.9776, lateral-5: 1.2659]
[Saving Snapshot:] ./Snapshots/save_weights/Inf-Net_Morph/close/batch_24/run_1/Inf-Net-60.pth
2025-10-27 01:03:24.676733 Epoch [060/070], Step [0003/0003], [lateral-edge: 0.6865, lateral-2: 0.7238, lateral-3: 0.8298, lateral-4: 0.9773, lateral-5: 1.2322]
2025-10-27 01:03:26.429627 Epoch [061/070], Step [0003/0003], [lateral-edge: 0.6860, lateral-2: 0.6926, lateral-3: 0.7990, lateral-4: 0.9345, lateral-5: 1.2244]
2025-10-27 01:03:28.176761 Epoch [062/070], Step [0003/0003], [lateral-edge: 0.6865, lateral-2: 0.7453, lateral-3: 0.8255, lateral-4: 0.9406, lateral-5: 1.3495]
2025-10-27 01:03:29.954237 Epoch [063/070], Step [0003/0003], [lateral-edge: 0.6863, lateral-2: 0.7093, lateral-3: 0.8007, lateral-4: 0.9409, lateral-5: 1.2167]
2025-10-27 01:03:31.714517 Epoch [064/070], Step [0003/0003], [lateral-edge: 0.6862, lateral-2: 0.7354, lateral-3: 0.8374, lateral-4: 0.9670, lateral-5: 1.3853]
2025-10-27 01:03:33.458477 Epoch [065/070], Step [0003/0003], [lateral-edge: 0.6862, lateral-2: 0.7873, lateral-3: 0.8590, lateral-4: 0.9682, lateral-5: 1.4296]
2025-10-27 01:03:35.202720 Epoch [066/070], Step [0003/0003], [lateral-edge: 0.6866, lateral-2: 0.7207, lateral-3: 0.8102, lateral-4: 0.9420, lateral-5: 1.3286]
2025-10-27 01:03:36.969514 Epoch [067/070], Step [0003/0003], [lateral-edge: 0.6858, lateral-2: 0.7196, lateral-3: 0.8319, lateral-4: 0.9758, lateral-5: 1.3025]
2025-10-27 01:03:38.727781 Epoch [068/070], Step [0003/0003], [lateral-edge: 0.6862, lateral-2: 0.7878, lateral-3: 0.8753, lateral-4: 1.0014, lateral-5: 1.4443]
2025-10-27 01:03:40.468522 Epoch [069/070], Step [0003/0003], [lateral-edge: 0.6862, lateral-2: 0.7422, lateral-3: 0.8272, lateral-4: 0.9524, lateral-5: 1.3652]
[Saving Snapshot:] ./Snapshots/save_weights/Inf-Net_Morph/close/batch_24/run_1/Inf-Net-70.pth
2025-10-27 01:03:42.511396 Epoch [070/070], Step [0003/0003], [lateral-edge: 0.6861, lateral-2: 0.7566, lateral-3: 0.8544, lateral-4: 0.9854, lateral-5: 1.4047]
Training completed at Mon Oct 27 01:03:43 CET 2025
