Model loading: UNet with GroupNorm
Model is compatible with differential privacy
Not loading weights from weights file
###################################################################### 
Start Training (UNet-DP)
Network: UNet
Batch Size: 48
DP Enabled (ε=200.0, δ=1e-05, clipping=base)
Morphology: Disabled
Architecture: GroupNorm (with DP)
Save Path: ./Snapshots/save_weights/UNet_DP/batch_48/run_3/epsilon_200/base
Run: 3
Namespace(network='UNet', epoch=100, lr=0.0001, batchsize=48, trainsize=352, clip=0.5, decay_rate=0.1, decay_epoch=50, is_thop=False, gpu_device=0, num_workers=8, net_channel=32, init_features=32, n_classes=1, in_channels=3, backbone='Res2Net50', deep_supervision=False, train_path='./Dataset/TrainingSet/LungInfection-Train/Doctor-label', is_semi=False, is_pseudo=False, train_save=None, run=3, enable_privacy=True, epsilon=200.0, max_grad_norm=1.2, delta=1e-05, clipping_strategy='base', enable_morphology=False, morph_operation='both', morph_kernel_size=3, device='cuda')
 ######################################################################
2025-11-09 00:47:42.290692 Epoch [001/100], Step [0002/0002], Loss: 1.5041, ε: 11.8573
2025-11-09 00:47:43.604867 Epoch [002/100], Step [0002/0002], Loss: 1.5037, ε: 17.0473
2025-11-09 00:47:45.057821 Epoch [003/100], Step [0002/0002], Loss: 1.4822, ε: 21.0900
2025-11-09 00:47:46.680081 Epoch [004/100], Step [0002/0002], Loss: 1.4790, ε: 24.6100
2025-11-09 00:47:48.076893 Epoch [005/100], Step [0002/0002], Loss: 1.4511, ε: 27.8145
2025-11-09 00:47:49.737989 Epoch [006/100], Step [0002/0002], Loss: 1.4432, ε: 30.8019
2025-11-09 00:47:51.084576 Epoch [007/100], Step [0002/0002], Loss: 1.4344, ε: 33.6283
2025-11-09 00:47:52.502563 Epoch [008/100], Step [0002/0002], Loss: 1.4563, ε: 36.3292
2025-11-09 00:47:53.822383 Epoch [009/100], Step [0002/0002], Loss: 1.4445, ε: 38.9286
[Saving Snapshot:] ./Snapshots/save_weights/UNet_DP/batch_48/run_3/epsilon_200/base/UNet-10.pth
[Privacy Budget]: ε = 38.93 (δ = 1e-05)
2025-11-09 00:47:55.554940 Epoch [010/100], Step [0002/0002], Loss: 1.4344, ε: 41.4440
2025-11-09 00:47:57.256366 Epoch [011/100], Step [0002/0002], Loss: 1.4369, ε: 43.8880
2025-11-09 00:47:58.678637 Epoch [012/100], Step [0002/0002], Loss: 1.4246, ε: 46.2706
2025-11-09 00:48:00.222407 Epoch [013/100], Step [0002/0002], Loss: 1.4305, ε: 48.5997
2025-11-09 00:48:01.645390 Epoch [014/100], Step [0002/0002], Loss: 1.4241, ε: 50.8815
2025-11-09 00:48:02.801234 Epoch [015/100], Step [0002/0002], Loss: 1.4049, ε: 53.1211
2025-11-09 00:48:04.258308 Epoch [016/100], Step [0002/0002], Loss: 1.3914, ε: 55.3228
2025-11-09 00:48:05.579779 Epoch [017/100], Step [0002/0002], Loss: 1.4022, ε: 57.4902
2025-11-09 00:48:06.885637 Epoch [018/100], Step [0002/0002], Loss: 1.3811, ε: 59.6264
2025-11-09 00:48:08.314872 Epoch [019/100], Step [0002/0002], Loss: 1.3937, ε: 61.7340
[Saving Snapshot:] ./Snapshots/save_weights/UNet_DP/batch_48/run_3/epsilon_200/base/UNet-20.pth
[Privacy Budget]: ε = 61.73 (δ = 1e-05)
2025-11-09 00:48:10.127485 Epoch [020/100], Step [0002/0002], Loss: 1.3945, ε: 63.8153
2025-11-09 00:48:11.557174 Epoch [021/100], Step [0002/0002], Loss: 1.3892, ε: 65.8722
Training completed at Sun Nov  9 00:48:13 CET 2025
