Model loading: UNet with GroupNorm
Model is compatible with differential privacy
Not loading weights from weights file
###################################################################### 
Start Training (UNet-DP)
Network: UNet
Batch Size: 64
DP Enabled (ε=8.0, δ=1e-05, clipping=automatic)
Morphology: both
Architecture: GroupNorm (with DP)
Save Path: ./Snapshots/save_weights/UNet_DP_Morph/both/batch_64/run_2/epsilon_8/automatic
Run: 2
Namespace(network='UNet', epoch=100, lr=0.0001, batchsize=64, trainsize=352, clip=0.5, decay_rate=0.1, decay_epoch=50, is_thop=False, gpu_device=0, num_workers=8, net_channel=32, init_features=32, n_classes=1, in_channels=3, backbone='Res2Net50', deep_supervision=False, train_path='./Dataset/TrainingSet/LungInfection-Train/Doctor-label', is_semi=False, is_pseudo=False, train_save=None, run=2, enable_privacy=True, epsilon=8.0, max_grad_norm=1.2, delta=1e-05, clipping_strategy='automatic', enable_morphology=True, morph_operation='both', morph_kernel_size=3, device='cuda')
 ######################################################################
2025-11-09 01:07:49.123239 Epoch [001/100], Step [0001/0001], Loss: 1.5340, ε: 0.6034
2025-11-09 01:07:50.339187 Epoch [002/100], Step [0001/0001], Loss: 1.5330, ε: 0.8768
2025-11-09 01:07:51.930306 Epoch [003/100], Step [0001/0001], Loss: 1.5319, ε: 1.0928
2025-11-09 01:07:53.507924 Epoch [004/100], Step [0001/0001], Loss: 1.5308, ε: 1.2787
2025-11-09 01:07:55.110105 Epoch [005/100], Step [0001/0001], Loss: 1.5297, ε: 1.4451
2025-11-09 01:07:56.679699 Epoch [006/100], Step [0001/0001], Loss: 1.5286, ε: 1.5975
2025-11-09 01:07:58.242176 Epoch [007/100], Step [0001/0001], Loss: 1.5275, ε: 1.7394
2025-11-09 01:07:59.805334 Epoch [008/100], Step [0001/0001], Loss: 1.5264, ε: 1.8728
2025-11-09 01:08:01.381757 Epoch [009/100], Step [0001/0001], Loss: 1.5253, ε: 1.9992
[Saving Snapshot:] ./Snapshots/save_weights/UNet_DP_Morph/both/batch_64/run_2/epsilon_8/automatic/UNet-10.pth
[Privacy Budget]: ε = 2.00 (δ = 1e-05)
2025-11-09 01:08:03.026275 Epoch [010/100], Step [0001/0001], Loss: 1.5242, ε: 2.1199
2025-11-09 01:08:04.627534 Epoch [011/100], Step [0001/0001], Loss: 1.5231, ε: 2.2355
2025-11-09 01:08:06.215266 Epoch [012/100], Step [0001/0001], Loss: 1.5220, ε: 2.3469
2025-11-09 01:08:07.785246 Epoch [013/100], Step [0001/0001], Loss: 1.5209, ε: 2.4544
2025-11-09 01:08:09.363457 Epoch [014/100], Step [0001/0001], Loss: 1.5198, ε: 2.5585
2025-11-09 01:08:10.943081 Epoch [015/100], Step [0001/0001], Loss: 1.5187, ε: 2.6596
2025-11-09 01:08:12.500163 Epoch [016/100], Step [0001/0001], Loss: 1.5177, ε: 2.7580
2025-11-09 01:08:14.092998 Epoch [017/100], Step [0001/0001], Loss: 1.5165, ε: 2.8538
2025-11-09 01:08:15.684737 Epoch [018/100], Step [0001/0001], Loss: 1.5154, ε: 2.9474
2025-11-09 01:08:17.286772 Epoch [019/100], Step [0001/0001], Loss: 1.5143, ε: 3.0389
[Saving Snapshot:] ./Snapshots/save_weights/UNet_DP_Morph/both/batch_64/run_2/epsilon_8/automatic/UNet-20.pth
[Privacy Budget]: ε = 3.04 (δ = 1e-05)
2025-11-09 01:08:18.968125 Epoch [020/100], Step [0001/0001], Loss: 1.5131, ε: 3.1285
2025-11-09 01:08:20.529197 Epoch [021/100], Step [0001/0001], Loss: 1.5120, ε: 3.2162
2025-11-09 01:08:22.243017 Epoch [022/100], Step [0001/0001], Loss: 1.5108, ε: 3.3023
2025-11-09 01:08:23.671263 Epoch [023/100], Step [0001/0001], Loss: 1.5097, ε: 3.3869
2025-11-09 01:08:25.242550 Epoch [024/100], Step [0001/0001], Loss: 1.5085, ε: 3.4699
2025-11-09 01:08:26.821527 Epoch [025/100], Step [0001/0001], Loss: 1.5074, ε: 3.5516
2025-11-09 01:08:28.408692 Epoch [026/100], Step [0001/0001], Loss: 1.5062, ε: 3.6320
2025-11-09 01:08:30.003950 Epoch [027/100], Step [0001/0001], Loss: 1.5050, ε: 3.7112
2025-11-09 01:08:31.566065 Epoch [028/100], Step [0001/0001], Loss: 1.5039, ε: 3.7893
2025-11-09 01:08:33.171208 Epoch [029/100], Step [0001/0001], Loss: 1.5027, ε: 3.8662
[Saving Snapshot:] ./Snapshots/save_weights/UNet_DP_Morph/both/batch_64/run_2/epsilon_8/automatic/UNet-30.pth
[Privacy Budget]: ε = 3.87 (δ = 1e-05)
2025-11-09 01:08:34.862458 Epoch [030/100], Step [0001/0001], Loss: 1.5015, ε: 3.9421
2025-11-09 01:08:36.460366 Epoch [031/100], Step [0001/0001], Loss: 1.5003, ε: 4.0171
2025-11-09 01:08:38.022904 Epoch [032/100], Step [0001/0001], Loss: 1.4991, ε: 4.0910
2025-11-09 01:08:39.582032 Epoch [033/100], Step [0001/0001], Loss: 1.4980, ε: 4.1641
2025-11-09 01:08:41.161853 Epoch [034/100], Step [0001/0001], Loss: 1.4968, ε: 4.2363
2025-11-09 01:08:42.759035 Epoch [035/100], Step [0001/0001], Loss: 1.4955, ε: 4.3077
2025-11-09 01:08:44.336546 Epoch [036/100], Step [0001/0001], Loss: 1.4943, ε: 4.3784
2025-11-09 01:08:45.924320 Epoch [037/100], Step [0001/0001], Loss: 1.4931, ε: 4.4482
2025-11-09 01:08:47.541373 Epoch [038/100], Step [0001/0001], Loss: 1.4919, ε: 4.5174
2025-11-09 01:08:49.150626 Epoch [039/100], Step [0001/0001], Loss: 1.4907, ε: 4.5858
[Saving Snapshot:] ./Snapshots/save_weights/UNet_DP_Morph/both/batch_64/run_2/epsilon_8/automatic/UNet-40.pth
[Privacy Budget]: ε = 4.59 (δ = 1e-05)
2025-11-09 01:08:50.895405 Epoch [040/100], Step [0001/0001], Loss: 1.4895, ε: 4.6536
2025-11-09 01:08:52.491980 Epoch [041/100], Step [0001/0001], Loss: 1.4883, ε: 4.7207
2025-11-09 01:08:54.099675 Epoch [042/100], Step [0001/0001], Loss: 1.4871, ε: 4.7872
2025-11-09 01:08:55.681231 Epoch [043/100], Step [0001/0001], Loss: 1.4859, ε: 4.8531
2025-11-09 01:08:57.243449 Epoch [044/100], Step [0001/0001], Loss: 1.4847, ε: 4.9184
2025-11-09 01:08:58.811240 Epoch [045/100], Step [0001/0001], Loss: 1.4835, ε: 4.9832
2025-11-09 01:09:00.420295 Epoch [046/100], Step [0001/0001], Loss: 1.4823, ε: 5.0474
2025-11-09 01:09:02.001813 Epoch [047/100], Step [0001/0001], Loss: 1.4811, ε: 5.1111
2025-11-09 01:09:03.573328 Epoch [048/100], Step [0001/0001], Loss: 1.4800, ε: 5.1743
2025-11-09 01:09:05.138979 Epoch [049/100], Step [0001/0001], Loss: 1.4788, ε: 5.2369
[Saving Snapshot:] ./Snapshots/save_weights/UNet_DP_Morph/both/batch_64/run_2/epsilon_8/automatic/UNet-50.pth
[Privacy Budget]: ε = 5.24 (δ = 1e-05)
2025-11-09 01:09:06.806079 Epoch [050/100], Step [0001/0001], Loss: 1.4776, ε: 5.2992
2025-11-09 01:09:08.393758 Epoch [051/100], Step [0001/0001], Loss: 1.4775, ε: 5.3609
2025-11-09 01:09:10.000051 Epoch [052/100], Step [0001/0001], Loss: 1.4775, ε: 5.4222
2025-11-09 01:09:11.580026 Epoch [053/100], Step [0001/0001], Loss: 1.4775, ε: 5.4830
2025-11-09 01:09:13.131506 Epoch [054/100], Step [0001/0001], Loss: 1.4775, ε: 5.5435
2025-11-09 01:09:14.710188 Epoch [055/100], Step [0001/0001], Loss: 1.4775, ε: 5.6035
2025-11-09 01:09:16.291227 Epoch [056/100], Step [0001/0001], Loss: 1.4775, ε: 5.6631
2025-11-09 01:09:17.845862 Epoch [057/100], Step [0001/0001], Loss: 1.4775, ε: 5.7223
2025-11-09 01:09:19.450505 Epoch [058/100], Step [0001/0001], Loss: 1.4775, ε: 5.7811
2025-11-09 01:09:21.033497 Epoch [059/100], Step [0001/0001], Loss: 1.4775, ε: 5.8396
[Saving Snapshot:] ./Snapshots/save_weights/UNet_DP_Morph/both/batch_64/run_2/epsilon_8/automatic/UNet-60.pth
[Privacy Budget]: ε = 5.84 (δ = 1e-05)
2025-11-09 01:09:22.750425 Epoch [060/100], Step [0001/0001], Loss: 1.4775, ε: 5.8977
2025-11-09 01:09:24.368153 Epoch [061/100], Step [0001/0001], Loss: 1.4775, ε: 5.9554
2025-11-09 01:09:25.947128 Epoch [062/100], Step [0001/0001], Loss: 1.4775, ε: 6.0128
2025-11-09 01:09:27.501385 Epoch [063/100], Step [0001/0001], Loss: 1.4775, ε: 6.0699
2025-11-09 01:09:29.033761 Epoch [064/100], Step [0001/0001], Loss: 1.4775, ε: 6.1266
2025-11-09 01:09:30.624578 Epoch [065/100], Step [0001/0001], Loss: 1.4775, ε: 6.1830
2025-11-09 01:09:32.202209 Epoch [066/100], Step [0001/0001], Loss: 1.4775, ε: 6.2391
2025-11-09 01:09:33.776513 Epoch [067/100], Step [0001/0001], Loss: 1.4775, ε: 6.2948
2025-11-09 01:09:35.344853 Epoch [068/100], Step [0001/0001], Loss: 1.4775, ε: 6.3503
2025-11-09 01:09:36.918832 Epoch [069/100], Step [0001/0001], Loss: 1.4775, ε: 6.4055
[Saving Snapshot:] ./Snapshots/save_weights/UNet_DP_Morph/both/batch_64/run_2/epsilon_8/automatic/UNet-70.pth
[Privacy Budget]: ε = 6.41 (δ = 1e-05)
2025-11-09 01:09:38.610744 Epoch [070/100], Step [0001/0001], Loss: 1.4775, ε: 6.4604
2025-11-09 01:09:40.185151 Epoch [071/100], Step [0001/0001], Loss: 1.4775, ε: 6.5150
2025-11-09 01:09:41.764111 Epoch [072/100], Step [0001/0001], Loss: 1.4775, ε: 6.5693
2025-11-09 01:09:43.342606 Epoch [073/100], Step [0001/0001], Loss: 1.4775, ε: 6.6234
2025-11-09 01:09:44.942394 Epoch [074/100], Step [0001/0001], Loss: 1.4775, ε: 6.6772
2025-11-09 01:09:46.545479 Epoch [075/100], Step [0001/0001], Loss: 1.4775, ε: 6.7307
2025-11-09 01:09:48.106808 Epoch [076/100], Step [0001/0001], Loss: 1.4775, ε: 6.7840
2025-11-09 01:09:49.657325 Epoch [077/100], Step [0001/0001], Loss: 1.4775, ε: 6.8370
2025-11-09 01:09:51.264038 Epoch [078/100], Step [0001/0001], Loss: 1.4775, ε: 6.8898
2025-11-09 01:09:52.828956 Epoch [079/100], Step [0001/0001], Loss: 1.4775, ε: 6.9423
[Saving Snapshot:] ./Snapshots/save_weights/UNet_DP_Morph/both/batch_64/run_2/epsilon_8/automatic/UNet-80.pth
[Privacy Budget]: ε = 6.94 (δ = 1e-05)
2025-11-09 01:09:54.493336 Epoch [080/100], Step [0001/0001], Loss: 1.4775, ε: 6.9946
2025-11-09 01:09:56.105875 Epoch [081/100], Step [0001/0001], Loss: 1.4775, ε: 7.0467
2025-11-09 01:09:57.701080 Epoch [082/100], Step [0001/0001], Loss: 1.4775, ε: 7.0985
2025-11-09 01:09:59.279024 Epoch [083/100], Step [0001/0001], Loss: 1.4775, ε: 7.1501
2025-11-09 01:10:00.861595 Epoch [084/100], Step [0001/0001], Loss: 1.4775, ε: 7.2015
2025-11-09 01:10:02.456300 Epoch [085/100], Step [0001/0001], Loss: 1.4775, ε: 7.2527
2025-11-09 01:10:04.046205 Epoch [086/100], Step [0001/0001], Loss: 1.4775, ε: 7.3037
2025-11-09 01:10:05.610112 Epoch [087/100], Step [0001/0001], Loss: 1.4775, ε: 7.3544
2025-11-09 01:10:07.219677 Epoch [088/100], Step [0001/0001], Loss: 1.4775, ε: 7.4050
2025-11-09 01:10:08.799555 Epoch [089/100], Step [0001/0001], Loss: 1.4775, ε: 7.4554
[Saving Snapshot:] ./Snapshots/save_weights/UNet_DP_Morph/both/batch_64/run_2/epsilon_8/automatic/UNet-90.pth
[Privacy Budget]: ε = 7.46 (δ = 1e-05)
2025-11-09 01:10:10.518077 Epoch [090/100], Step [0001/0001], Loss: 1.4775, ε: 7.5055
2025-11-09 01:10:12.092070 Epoch [091/100], Step [0001/0001], Loss: 1.4775, ε: 7.5555
2025-11-09 01:10:13.669450 Epoch [092/100], Step [0001/0001], Loss: 1.4775, ε: 7.6052
2025-11-09 01:10:15.293437 Epoch [093/100], Step [0001/0001], Loss: 1.4775, ε: 7.6548
2025-11-09 01:10:16.860205 Epoch [094/100], Step [0001/0001], Loss: 1.4775, ε: 7.7042
2025-11-09 01:10:18.448966 Epoch [095/100], Step [0001/0001], Loss: 1.4775, ε: 7.7534
2025-11-09 01:10:20.027797 Epoch [096/100], Step [0001/0001], Loss: 1.4775, ε: 7.8024
2025-11-09 01:10:21.649449 Epoch [097/100], Step [0001/0001], Loss: 1.4775, ε: 7.8513
2025-11-09 01:10:23.240161 Epoch [098/100], Step [0001/0001], Loss: 1.4775, ε: 7.9000
2025-11-09 01:10:24.862149 Epoch [099/100], Step [0001/0001], Loss: 1.4775, ε: 7.9485
[Saving Snapshot:] ./Snapshots/save_weights/UNet_DP_Morph/both/batch_64/run_2/epsilon_8/automatic/UNet-100.pth
[Privacy Budget]: ε = 7.95 (δ = 1e-05)
2025-11-09 01:10:26.628656 Epoch [100/100], Step [0001/0001], Loss: 1.4775, ε: 7.9968
Training completed at Sun Nov  9 01:10:28 CET 2025
