Backbone loading: Res2Net50
Freezing unused branches for DP compatibility...
Trainable: 31,072,721 / 33,121,721 parameters
Not loading weights from weights file
Validator raised issues with model. Attempting auto-fix...
Original error: UnsupportedModuleError
Model successfully fixed for differential privacy
###################################################################### 
Start Training (Inf-Net-Res2Net50)
Backbone: Res2Net50
Batch Size: 64
Privacy: DP Enabled (ε budget, δ=1e-05)
Morphology: close
Save Path: ./Snapshots/save_weights/Inf-Net_DP_Morph/close/batch_64/run_3/noise_multiplier_0.7
Run: 3
Namespace(epoch=70, lr=0.0001, batchsize=64, trainsize=352, clip=0.5, decay_rate=0.1, decay_epoch=50, is_thop=False, gpu_device=0, num_workers=4, net_channel=32, n_classes=1, backbone='Res2Net50', train_path='./Dataset/TrainingSet/LungInfection-Train/Doctor-label', is_semi=False, is_pseudo=False, train_save=None, run=3, enable_privacy=True, noise_multiplier=0.7, max_grad_norm=1.2, delta=1e-05, enable_morphology=True, morph_operation='close', morph_kernel_size=3, device='cuda')
 ######################################################################
2025-10-27 00:22:37.254502 Epoch [001/070], Step [0001/0001], [lateral-edge: 0.7741, lateral-2: 1.9030, lateral-3: 1.7478, lateral-4: 1.6301, lateral-5: 1.5717, epsilon: 13.0463]
2025-10-27 00:22:39.919354 Epoch [002/070], Step [0001/0001], [lateral-edge: 0.7739, lateral-2: 1.7929, lateral-3: 1.6775, lateral-4: 1.5906, lateral-5: 1.5682, epsilon: 20.4062]
2025-10-27 00:22:42.624316 Epoch [003/070], Step [0001/0001], [lateral-edge: 0.7738, lateral-2: 1.7324, lateral-3: 1.6396, lateral-4: 1.5715, lateral-5: 1.5653, epsilon: 26.7813]
2025-10-27 00:22:45.454889 Epoch [004/070], Step [0001/0001], [lateral-edge: 0.7735, lateral-2: 1.6824, lateral-3: 1.6099, lateral-4: 1.5572, lateral-5: 1.5628, epsilon: 32.6429]
2025-10-27 00:22:48.201152 Epoch [005/070], Step [0001/0001], [lateral-edge: 0.7731, lateral-2: 1.6452, lateral-3: 1.5880, lateral-4: 1.5452, lateral-5: 1.5606, epsilon: 38.1752]
2025-10-27 00:22:50.909052 Epoch [006/070], Step [0001/0001], [lateral-edge: 0.7728, lateral-2: 1.6203, lateral-3: 1.5732, lateral-4: 1.5355, lateral-5: 1.5584, epsilon: 43.4728]
2025-10-27 00:22:53.657656 Epoch [007/070], Step [0001/0001], [lateral-edge: 0.7724, lateral-2: 1.6019, lateral-3: 1.5625, lateral-4: 1.5278, lateral-5: 1.5562, epsilon: 48.5922]
2025-10-27 00:22:56.504671 Epoch [008/070], Step [0001/0001], [lateral-edge: 0.7721, lateral-2: 1.5862, lateral-3: 1.5532, lateral-4: 1.5215, lateral-5: 1.5539, epsilon: 53.5703]
2025-10-27 00:22:59.207802 Epoch [009/070], Step [0001/0001], [lateral-edge: 0.7718, lateral-2: 1.5716, lateral-3: 1.5437, lateral-4: 1.5157, lateral-5: 1.5514, epsilon: 58.4329]
[Saving Snapshot:] ./Snapshots/save_weights/Inf-Net_DP_Morph/close/batch_64/run_3/noise_multiplier_0.7/Inf-Net-10.pth
[Privacy Budget]: ε = 58.43 (δ = 1e-05)
2025-10-27 00:23:02.216965 Epoch [010/070], Step [0001/0001], [lateral-edge: 0.7715, lateral-2: 1.5579, lateral-3: 1.5341, lateral-4: 1.5104, lateral-5: 1.5486, epsilon: 63.1985]
2025-10-27 00:23:04.994419 Epoch [011/070], Step [0001/0001], [lateral-edge: 0.7712, lateral-2: 1.5453, lateral-3: 1.5248, lateral-4: 1.5055, lateral-5: 1.5455, epsilon: 67.8815]
2025-10-27 00:23:07.818269 Epoch [012/070], Step [0001/0001], [lateral-edge: 0.7709, lateral-2: 1.5335, lateral-3: 1.5159, lateral-4: 1.5007, lateral-5: 1.5422, epsilon: 72.4927]
2025-10-27 00:23:10.779179 Epoch [013/070], Step [0001/0001], [lateral-edge: 0.7706, lateral-2: 1.5224, lateral-3: 1.5077, lateral-4: 1.4958, lateral-5: 1.5387, epsilon: 77.0409]
2025-10-27 00:23:13.635132 Epoch [014/070], Step [0001/0001], [lateral-edge: 0.7703, lateral-2: 1.5118, lateral-3: 1.4997, lateral-4: 1.4910, lateral-5: 1.5350, epsilon: 81.5333]
2025-10-27 00:23:16.572465 Epoch [015/070], Step [0001/0001], [lateral-edge: 0.7700, lateral-2: 1.5015, lateral-3: 1.4920, lateral-4: 1.4858, lateral-5: 1.5312, epsilon: 85.9757]
2025-10-27 00:23:19.335603 Epoch [016/070], Step [0001/0001], [lateral-edge: 0.7697, lateral-2: 1.4918, lateral-3: 1.4849, lateral-4: 1.4804, lateral-5: 1.5274, epsilon: 90.3730]
2025-10-27 00:23:22.280002 Epoch [017/070], Step [0001/0001], [lateral-edge: 0.7694, lateral-2: 1.4822, lateral-3: 1.4780, lateral-4: 1.4748, lateral-5: 1.5236, epsilon: 94.7294]
2025-10-27 00:23:25.324460 Epoch [018/070], Step [0001/0001], [lateral-edge: 0.7691, lateral-2: 1.4729, lateral-3: 1.4711, lateral-4: 1.4694, lateral-5: 1.5198, epsilon: 99.0484]
2025-10-27 00:23:28.088092 Epoch [019/070], Step [0001/0001], [lateral-edge: 0.7688, lateral-2: 1.4636, lateral-3: 1.4642, lateral-4: 1.4638, lateral-5: 1.5159, epsilon: 103.3331]
[Saving Snapshot:] ./Snapshots/save_weights/Inf-Net_DP_Morph/close/batch_64/run_3/noise_multiplier_0.7/Inf-Net-20.pth
[Privacy Budget]: ε = 103.33 (δ = 1e-05)
2025-10-27 00:23:31.365187 Epoch [020/070], Step [0001/0001], [lateral-edge: 0.7685, lateral-2: 1.4544, lateral-3: 1.4573, lateral-4: 1.4583, lateral-5: 1.5121, epsilon: 107.5861]
2025-10-27 00:23:34.349477 Epoch [021/070], Step [0001/0001], [lateral-edge: 0.7683, lateral-2: 1.4455, lateral-3: 1.4502, lateral-4: 1.4527, lateral-5: 1.5085, epsilon: 111.8098]
2025-10-27 00:23:37.307509 Epoch [022/070], Step [0001/0001], [lateral-edge: 0.7679, lateral-2: 1.4368, lateral-3: 1.4433, lateral-4: 1.4471, lateral-5: 1.5046, epsilon: 116.0063]
2025-10-27 00:23:40.363627 Epoch [023/070], Step [0001/0001], [lateral-edge: 0.7676, lateral-2: 1.4280, lateral-3: 1.4365, lateral-4: 1.4412, lateral-5: 1.5008, epsilon: 120.1773]
2025-10-27 00:23:43.528813 Epoch [024/070], Step [0001/0001], [lateral-edge: 0.7673, lateral-2: 1.4197, lateral-3: 1.4297, lateral-4: 1.4352, lateral-5: 1.4969, epsilon: 124.3245]
2025-10-27 00:23:46.677303 Epoch [025/070], Step [0001/0001], [lateral-edge: 0.7669, lateral-2: 1.4113, lateral-3: 1.4227, lateral-4: 1.4291, lateral-5: 1.4930, epsilon: 128.4495]
2025-10-27 00:23:49.590233 Epoch [026/070], Step [0001/0001], [lateral-edge: 0.7667, lateral-2: 1.4031, lateral-3: 1.4161, lateral-4: 1.4231, lateral-5: 1.4893, epsilon: 132.5534]
2025-10-27 00:23:52.895679 Epoch [027/070], Step [0001/0001], [lateral-edge: 0.7664, lateral-2: 1.3950, lateral-3: 1.4092, lateral-4: 1.4172, lateral-5: 1.4854, epsilon: 136.6376]
2025-10-27 00:23:56.092807 Epoch [028/070], Step [0001/0001], [lateral-edge: 0.7661, lateral-2: 1.3869, lateral-3: 1.4022, lateral-4: 1.4116, lateral-5: 1.4816, epsilon: 140.7030]
2025-10-27 00:23:59.416554 Epoch [029/070], Step [0001/0001], [lateral-edge: 0.7658, lateral-2: 1.3789, lateral-3: 1.3953, lateral-4: 1.4058, lateral-5: 1.4777, epsilon: 144.7507]
[Saving Snapshot:] ./Snapshots/save_weights/Inf-Net_DP_Morph/close/batch_64/run_3/noise_multiplier_0.7/Inf-Net-30.pth
[Privacy Budget]: ε = 144.75 (δ = 1e-05)
2025-10-27 00:24:03.394536 Epoch [030/070], Step [0001/0001], [lateral-edge: 0.7654, lateral-2: 1.3710, lateral-3: 1.3885, lateral-4: 1.4001, lateral-5: 1.4738, epsilon: 148.7816]
2025-10-27 00:24:06.723047 Epoch [031/070], Step [0001/0001], [lateral-edge: 0.7651, lateral-2: 1.3633, lateral-3: 1.3818, lateral-4: 1.3945, lateral-5: 1.4699, epsilon: 152.7965]
2025-10-27 00:24:10.225343 Epoch [032/070], Step [0001/0001], [lateral-edge: 0.7648, lateral-2: 1.3557, lateral-3: 1.3750, lateral-4: 1.3889, lateral-5: 1.4660, epsilon: 156.7963]
2025-10-27 00:24:13.530696 Epoch [033/070], Step [0001/0001], [lateral-edge: 0.7645, lateral-2: 1.3482, lateral-3: 1.3682, lateral-4: 1.3835, lateral-5: 1.4621, epsilon: 160.7815]
2025-10-27 00:24:16.649076 Epoch [034/070], Step [0001/0001], [lateral-edge: 0.7642, lateral-2: 1.3406, lateral-3: 1.3617, lateral-4: 1.3778, lateral-5: 1.4581, epsilon: 164.7528]
2025-10-27 00:24:19.688897 Epoch [035/070], Step [0001/0001], [lateral-edge: 0.7638, lateral-2: 1.3330, lateral-3: 1.3552, lateral-4: 1.3721, lateral-5: 1.4541, epsilon: 168.7109]
2025-10-27 00:24:23.352398 Epoch [036/070], Step [0001/0001], [lateral-edge: 0.7635, lateral-2: 1.3258, lateral-3: 1.3487, lateral-4: 1.3666, lateral-5: 1.4502, epsilon: 172.6563]
2025-10-27 00:24:26.413430 Epoch [037/070], Step [0001/0001], [lateral-edge: 0.7632, lateral-2: 1.3186, lateral-3: 1.3424, lateral-4: 1.3611, lateral-5: 1.4462, epsilon: 176.5895]
2025-10-27 00:24:30.088267 Epoch [038/070], Step [0001/0001], [lateral-edge: 0.7629, lateral-2: 1.3115, lateral-3: 1.3361, lateral-4: 1.3556, lateral-5: 1.4423, epsilon: 180.5111]
2025-10-27 00:24:33.772524 Epoch [039/070], Step [0001/0001], [lateral-edge: 0.7625, lateral-2: 1.3045, lateral-3: 1.3298, lateral-4: 1.3500, lateral-5: 1.4385, epsilon: 184.4215]
[Saving Snapshot:] ./Snapshots/save_weights/Inf-Net_DP_Morph/close/batch_64/run_3/noise_multiplier_0.7/Inf-Net-40.pth
[Privacy Budget]: ε = 184.42 (δ = 1e-05)
2025-10-27 00:24:37.903201 Epoch [040/070], Step [0001/0001], [lateral-edge: 0.7622, lateral-2: 1.2975, lateral-3: 1.3234, lateral-4: 1.3447, lateral-5: 1.4347, epsilon: 188.3210]
2025-10-27 00:24:41.811112 Epoch [041/070], Step [0001/0001], [lateral-edge: 0.7619, lateral-2: 1.2908, lateral-3: 1.3172, lateral-4: 1.3394, lateral-5: 1.4309, epsilon: 192.2102]
2025-10-27 00:24:45.680539 Epoch [042/070], Step [0001/0001], [lateral-edge: 0.7616, lateral-2: 1.2842, lateral-3: 1.3110, lateral-4: 1.3342, lateral-5: 1.4271, epsilon: 196.0894]
2025-10-27 00:24:49.414707 Epoch [043/070], Step [0001/0001], [lateral-edge: 0.7612, lateral-2: 1.2778, lateral-3: 1.3049, lateral-4: 1.3292, lateral-5: 1.4234, epsilon: 199.9589]
2025-10-27 00:24:52.943407 Epoch [044/070], Step [0001/0001], [lateral-edge: 0.7609, lateral-2: 1.2717, lateral-3: 1.2991, lateral-4: 1.3243, lateral-5: 1.4196, epsilon: 203.8190]
2025-10-27 00:24:56.742735 Epoch [045/070], Step [0001/0001], [lateral-edge: 0.7606, lateral-2: 1.2656, lateral-3: 1.2935, lateral-4: 1.3196, lateral-5: 1.4158, epsilon: 207.6702]
2025-10-27 00:25:00.657096 Epoch [046/070], Step [0001/0001], [lateral-edge: 0.7603, lateral-2: 1.2595, lateral-3: 1.2879, lateral-4: 1.3148, lateral-5: 1.4122, epsilon: 211.5127]
2025-10-27 00:25:04.525580 Epoch [047/070], Step [0001/0001], [lateral-edge: 0.7600, lateral-2: 1.2536, lateral-3: 1.2822, lateral-4: 1.3101, lateral-5: 1.4086, epsilon: 215.3467]
2025-10-27 00:25:07.866889 Epoch [048/070], Step [0001/0001], [lateral-edge: 0.7597, lateral-2: 1.2476, lateral-3: 1.2764, lateral-4: 1.3053, lateral-5: 1.4052, epsilon: 219.1726]
2025-10-27 00:25:11.799744 Epoch [049/070], Step [0001/0001], [lateral-edge: 0.7595, lateral-2: 1.2419, lateral-3: 1.2709, lateral-4: 1.3006, lateral-5: 1.4019, epsilon: 222.9906]
[Saving Snapshot:] ./Snapshots/save_weights/Inf-Net_DP_Morph/close/batch_64/run_3/noise_multiplier_0.7/Inf-Net-50.pth
[Privacy Budget]: ε = 222.99 (δ = 1e-05)
2025-10-27 00:25:17.171975 Epoch [050/070], Step [0001/0001], [lateral-edge: 0.7593, lateral-2: 1.2381, lateral-3: 1.2670, lateral-4: 1.2974, lateral-5: 1.3997, epsilon: 226.8009]
2025-10-27 00:25:21.243124 Epoch [051/070], Step [0001/0001], [lateral-edge: 0.7593, lateral-2: 1.2377, lateral-3: 1.2666, lateral-4: 1.2971, lateral-5: 1.3995, epsilon: 230.6037]
2025-10-27 00:25:25.361015 Epoch [052/070], Step [0001/0001], [lateral-edge: 0.7593, lateral-2: 1.2377, lateral-3: 1.2666, lateral-4: 1.2971, lateral-5: 1.3994, epsilon: 234.3994]
2025-10-27 00:25:29.011872 Epoch [053/070], Step [0001/0001], [lateral-edge: 0.7593, lateral-2: 1.2377, lateral-3: 1.2665, lateral-4: 1.2970, lateral-5: 1.3994, epsilon: 238.1880]
2025-10-27 00:25:33.268544 Epoch [054/070], Step [0001/0001], [lateral-edge: 0.7593, lateral-2: 1.2377, lateral-3: 1.2665, lateral-4: 1.2970, lateral-5: 1.3994, epsilon: 241.9698]
2025-10-27 00:25:37.619839 Epoch [055/070], Step [0001/0001], [lateral-edge: 0.7593, lateral-2: 1.2377, lateral-3: 1.2665, lateral-4: 1.2971, lateral-5: 1.3994, epsilon: 245.7450]
2025-10-27 00:25:41.217414 Epoch [056/070], Step [0001/0001], [lateral-edge: 0.7593, lateral-2: 1.2377, lateral-3: 1.2665, lateral-4: 1.2970, lateral-5: 1.3994, epsilon: 249.5137]
2025-10-27 00:25:45.006423 Epoch [057/070], Step [0001/0001], [lateral-edge: 0.7593, lateral-2: 1.2377, lateral-3: 1.2665, lateral-4: 1.2970, lateral-5: 1.3994, epsilon: 253.2762]
2025-10-27 00:25:49.265446 Epoch [058/070], Step [0001/0001], [lateral-edge: 0.7593, lateral-2: 1.2377, lateral-3: 1.2665, lateral-4: 1.2970, lateral-5: 1.3994, epsilon: 257.0325]
2025-10-27 00:25:53.782669 Epoch [059/070], Step [0001/0001], [lateral-edge: 0.7593, lateral-2: 1.2377, lateral-3: 1.2665, lateral-4: 1.2970, lateral-5: 1.3994, epsilon: 260.7829]
[Saving Snapshot:] ./Snapshots/save_weights/Inf-Net_DP_Morph/close/batch_64/run_3/noise_multiplier_0.7/Inf-Net-60.pth
[Privacy Budget]: ε = 260.78 (δ = 1e-05)
2025-10-27 00:26:00.789070 Epoch [060/070], Step [0001/0001], [lateral-edge: 0.7593, lateral-2: 1.2377, lateral-3: 1.2665, lateral-4: 1.2970, lateral-5: 1.3994, epsilon: 264.5275]
2025-10-27 00:26:04.796595 Epoch [061/070], Step [0001/0001], [lateral-edge: 0.7593, lateral-2: 1.2377, lateral-3: 1.2665, lateral-4: 1.2970, lateral-5: 1.3994, epsilon: 268.2664]
2025-10-27 00:26:09.494512 Epoch [062/070], Step [0001/0001], [lateral-edge: 0.7593, lateral-2: 1.2377, lateral-3: 1.2665, lateral-4: 1.2970, lateral-5: 1.3994, epsilon: 271.9998]
2025-10-27 00:26:14.153570 Epoch [063/070], Step [0001/0001], [lateral-edge: 0.7593, lateral-2: 1.2377, lateral-3: 1.2665, lateral-4: 1.2970, lateral-5: 1.3994, epsilon: 275.7278]
2025-10-27 00:26:18.716741 Epoch [064/070], Step [0001/0001], [lateral-edge: 0.7593, lateral-2: 1.2377, lateral-3: 1.2665, lateral-4: 1.2970, lateral-5: 1.3994, epsilon: 279.4506]
2025-10-27 00:26:23.298386 Epoch [065/070], Step [0001/0001], [lateral-edge: 0.7593, lateral-2: 1.2377, lateral-3: 1.2665, lateral-4: 1.2970, lateral-5: 1.3994, epsilon: 283.1682]
2025-10-27 00:26:27.909410 Epoch [066/070], Step [0001/0001], [lateral-edge: 0.7593, lateral-2: 1.2377, lateral-3: 1.2665, lateral-4: 1.2970, lateral-5: 1.3994, epsilon: 286.8808]
2025-10-27 00:26:32.581461 Epoch [067/070], Step [0001/0001], [lateral-edge: 0.7593, lateral-2: 1.2377, lateral-3: 1.2665, lateral-4: 1.2970, lateral-5: 1.3994, epsilon: 290.5885]
2025-10-27 00:26:37.112117 Epoch [068/070], Step [0001/0001], [lateral-edge: 0.7593, lateral-2: 1.2377, lateral-3: 1.2665, lateral-4: 1.2970, lateral-5: 1.3994, epsilon: 294.2913]
2025-10-27 00:26:41.823465 Epoch [069/070], Step [0001/0001], [lateral-edge: 0.7593, lateral-2: 1.2377, lateral-3: 1.2665, lateral-4: 1.2970, lateral-5: 1.3994, epsilon: 297.9895]
[Saving Snapshot:] ./Snapshots/save_weights/Inf-Net_DP_Morph/close/batch_64/run_3/noise_multiplier_0.7/Inf-Net-70.pth
[Privacy Budget]: ε = 297.99 (δ = 1e-05)
2025-10-27 00:26:48.248943 Epoch [070/070], Step [0001/0001], [lateral-edge: 0.7593, lateral-2: 1.2377, lateral-3: 1.2665, lateral-4: 1.2970, lateral-5: 1.3994, epsilon: 301.6831]
Training completed at Mon Oct 27 00:26:49 CET 2025
