Backbone loading: Res2Net50
Freezing unused branches for DP compatibility...
Trainable: 31,072,721 / 33,121,721 parameters
Not loading weights from weights file
Validator raised issues with model. Attempting auto-fix...
Original error: UnsupportedModuleError
Model successfully fixed for differential privacy
###################################################################### 
Start Training (Inf-Net-Res2Net50)
Backbone: Res2Net50
Batch Size: 72
Privacy: DP Enabled (ε budget, δ=1e-05)
Morphology: open
Save Path: ./Snapshots/save_weights/Inf-Net_DP_Morph/open/batch_72/run_2/noise_multiplier_0.5
Run: 2
Namespace(epoch=70, lr=0.0001, batchsize=72, trainsize=352, clip=0.5, decay_rate=0.1, decay_epoch=50, is_thop=False, gpu_device=0, num_workers=4, net_channel=32, n_classes=1, backbone='Res2Net50', train_path='./Dataset/TrainingSet/LungInfection-Train/Doctor-label', is_semi=False, is_pseudo=False, train_save=None, run=2, enable_privacy=True, noise_multiplier=0.5, max_grad_norm=1.2, delta=1e-05, enable_morphology=True, morph_operation='open', morph_kernel_size=3, device='cuda')
 ######################################################################
2025-10-27 00:40:08.350886 Epoch [001/070], Step [0001/0001], [lateral-edge: 0.7720, lateral-2: 1.6549, lateral-3: 1.5983, lateral-4: 1.5446, lateral-5: 1.5204, epsilon: 20.1358]
2025-10-27 00:40:11.037560 Epoch [002/070], Step [0001/0001], [lateral-edge: 0.7716, lateral-2: 1.6051, lateral-3: 1.5591, lateral-4: 1.5128, lateral-5: 1.5145, epsilon: 32.1878]
2025-10-27 00:40:13.701836 Epoch [003/070], Step [0001/0001], [lateral-edge: 0.7711, lateral-2: 1.5748, lateral-3: 1.5336, lateral-4: 1.4984, lateral-5: 1.5100, epsilon: 42.8474]
2025-10-27 00:40:16.527612 Epoch [004/070], Step [0001/0001], [lateral-edge: 0.7706, lateral-2: 1.5521, lateral-3: 1.5106, lateral-4: 1.4872, lateral-5: 1.5062, epsilon: 52.7822]
2025-10-27 00:40:19.234762 Epoch [005/070], Step [0001/0001], [lateral-edge: 0.7701, lateral-2: 1.5350, lateral-3: 1.4907, lateral-4: 1.4768, lateral-5: 1.5027, epsilon: 62.2524]
2025-10-27 00:40:22.000380 Epoch [006/070], Step [0001/0001], [lateral-edge: 0.7696, lateral-2: 1.5218, lateral-3: 1.4747, lateral-4: 1.4673, lateral-5: 1.4990, epsilon: 71.3920]
2025-10-27 00:40:24.781330 Epoch [007/070], Step [0001/0001], [lateral-edge: 0.7690, lateral-2: 1.5110, lateral-3: 1.4620, lateral-4: 1.4588, lateral-5: 1.4950, epsilon: 80.2807]
2025-10-27 00:40:27.639599 Epoch [008/070], Step [0001/0001], [lateral-edge: 0.7685, lateral-2: 1.5011, lateral-3: 1.4516, lateral-4: 1.4510, lateral-5: 1.4905, epsilon: 88.9705]
2025-10-27 00:40:30.472859 Epoch [009/070], Step [0001/0001], [lateral-edge: 0.7679, lateral-2: 1.4910, lateral-3: 1.4422, lateral-4: 1.4438, lateral-5: 1.4858, epsilon: 97.4977]
[Saving Snapshot:] ./Snapshots/save_weights/Inf-Net_DP_Morph/open/batch_72/run_2/noise_multiplier_0.5/Inf-Net-10.pth
[Privacy Budget]: ε = 97.50 (δ = 1e-05)
2025-10-27 00:40:33.621340 Epoch [010/070], Step [0001/0001], [lateral-edge: 0.7674, lateral-2: 1.4805, lateral-3: 1.4335, lateral-4: 1.4369, lateral-5: 1.4810, epsilon: 105.8885]
2025-10-27 00:40:36.400176 Epoch [011/070], Step [0001/0001], [lateral-edge: 0.7669, lateral-2: 1.4695, lateral-3: 1.4253, lateral-4: 1.4305, lateral-5: 1.4763, epsilon: 114.1630]
2025-10-27 00:40:39.399344 Epoch [012/070], Step [0001/0001], [lateral-edge: 0.7663, lateral-2: 1.4584, lateral-3: 1.4172, lateral-4: 1.4242, lateral-5: 1.4717, epsilon: 122.3367]
2025-10-27 00:40:42.484850 Epoch [013/070], Step [0001/0001], [lateral-edge: 0.7658, lateral-2: 1.4473, lateral-3: 1.4093, lateral-4: 1.4181, lateral-5: 1.4672, epsilon: 130.4219]
2025-10-27 00:40:45.542700 Epoch [014/070], Step [0001/0001], [lateral-edge: 0.7653, lateral-2: 1.4364, lateral-3: 1.4015, lateral-4: 1.4119, lateral-5: 1.4628, epsilon: 138.4286]
2025-10-27 00:40:48.369200 Epoch [015/070], Step [0001/0001], [lateral-edge: 0.7648, lateral-2: 1.4256, lateral-3: 1.3936, lateral-4: 1.4058, lateral-5: 1.4587, epsilon: 146.3650]
2025-10-27 00:40:51.425445 Epoch [016/070], Step [0001/0001], [lateral-edge: 0.7643, lateral-2: 1.4147, lateral-3: 1.3856, lateral-4: 1.3993, lateral-5: 1.4546, epsilon: 154.2382]
2025-10-27 00:40:54.284677 Epoch [017/070], Step [0001/0001], [lateral-edge: 0.7639, lateral-2: 1.4042, lateral-3: 1.3777, lateral-4: 1.3929, lateral-5: 1.4506, epsilon: 162.0538]
2025-10-27 00:40:57.532411 Epoch [018/070], Step [0001/0001], [lateral-edge: 0.7634, lateral-2: 1.3938, lateral-3: 1.3696, lateral-4: 1.3863, lateral-5: 1.4466, epsilon: 169.8169]
2025-10-27 00:41:00.437672 Epoch [019/070], Step [0001/0001], [lateral-edge: 0.7630, lateral-2: 1.3835, lateral-3: 1.3614, lateral-4: 1.3795, lateral-5: 1.4427, epsilon: 177.5318]
[Saving Snapshot:] ./Snapshots/save_weights/Inf-Net_DP_Morph/open/batch_72/run_2/noise_multiplier_0.5/Inf-Net-20.pth
[Privacy Budget]: ε = 177.53 (δ = 1e-05)
2025-10-27 00:41:04.043786 Epoch [020/070], Step [0001/0001], [lateral-edge: 0.7626, lateral-2: 1.3733, lateral-3: 1.3533, lateral-4: 1.3726, lateral-5: 1.4390, epsilon: 185.2022]
2025-10-27 00:41:07.316804 Epoch [021/070], Step [0001/0001], [lateral-edge: 0.7622, lateral-2: 1.3632, lateral-3: 1.3452, lateral-4: 1.3656, lateral-5: 1.4355, epsilon: 192.8315]
2025-10-27 00:41:10.739709 Epoch [022/070], Step [0001/0001], [lateral-edge: 0.7618, lateral-2: 1.3534, lateral-3: 1.3371, lateral-4: 1.3587, lateral-5: 1.4323, epsilon: 200.4226]
2025-10-27 00:41:14.112151 Epoch [023/070], Step [0001/0001], [lateral-edge: 0.7614, lateral-2: 1.3438, lateral-3: 1.3292, lateral-4: 1.3519, lateral-5: 1.4290, epsilon: 207.9779]
2025-10-27 00:41:17.135647 Epoch [024/070], Step [0001/0001], [lateral-edge: 0.7611, lateral-2: 1.3344, lateral-3: 1.3213, lateral-4: 1.3452, lateral-5: 1.4257, epsilon: 215.4999]
2025-10-27 00:41:20.598752 Epoch [025/070], Step [0001/0001], [lateral-edge: 0.7607, lateral-2: 1.3251, lateral-3: 1.3133, lateral-4: 1.3384, lateral-5: 1.4223, epsilon: 222.9906]
2025-10-27 00:41:24.161814 Epoch [026/070], Step [0001/0001], [lateral-edge: 0.7604, lateral-2: 1.3161, lateral-3: 1.3056, lateral-4: 1.3322, lateral-5: 1.4188, epsilon: 230.4518]
2025-10-27 00:41:27.798963 Epoch [027/070], Step [0001/0001], [lateral-edge: 0.7600, lateral-2: 1.3075, lateral-3: 1.2980, lateral-4: 1.3263, lateral-5: 1.4153, epsilon: 237.8852]
2025-10-27 00:41:31.455000 Epoch [028/070], Step [0001/0001], [lateral-edge: 0.7597, lateral-2: 1.2994, lateral-3: 1.2907, lateral-4: 1.3208, lateral-5: 1.4118, epsilon: 245.2923]
2025-10-27 00:41:35.163589 Epoch [029/070], Step [0001/0001], [lateral-edge: 0.7594, lateral-2: 1.2912, lateral-3: 1.2836, lateral-4: 1.3152, lateral-5: 1.4085, epsilon: 252.6746]
[Saving Snapshot:] ./Snapshots/save_weights/Inf-Net_DP_Morph/open/batch_72/run_2/noise_multiplier_0.5/Inf-Net-30.pth
[Privacy Budget]: ε = 252.67 (δ = 1e-05)
2025-10-27 00:41:39.886801 Epoch [030/070], Step [0001/0001], [lateral-edge: 0.7592, lateral-2: 1.2834, lateral-3: 1.2767, lateral-4: 1.3097, lateral-5: 1.4051, epsilon: 260.0333]
2025-10-27 00:41:43.676101 Epoch [031/070], Step [0001/0001], [lateral-edge: 0.7589, lateral-2: 1.2756, lateral-3: 1.2698, lateral-4: 1.3044, lateral-5: 1.4017, epsilon: 267.3696]
2025-10-27 00:41:47.620698 Epoch [032/070], Step [0001/0001], [lateral-edge: 0.7586, lateral-2: 1.2679, lateral-3: 1.2629, lateral-4: 1.2990, lateral-5: 1.3985, epsilon: 274.6845]
2025-10-27 00:41:51.531350 Epoch [033/070], Step [0001/0001], [lateral-edge: 0.7583, lateral-2: 1.2602, lateral-3: 1.2562, lateral-4: 1.2935, lateral-5: 1.3953, epsilon: 281.9791]
2025-10-27 00:41:54.999454 Epoch [034/070], Step [0001/0001], [lateral-edge: 0.7580, lateral-2: 1.2525, lateral-3: 1.2497, lateral-4: 1.2881, lateral-5: 1.3922, epsilon: 289.2542]
2025-10-27 00:41:58.598675 Epoch [035/070], Step [0001/0001], [lateral-edge: 0.7577, lateral-2: 1.2452, lateral-3: 1.2435, lateral-4: 1.2832, lateral-5: 1.3890, epsilon: 296.5108]
2025-10-27 00:42:02.803268 Epoch [036/070], Step [0001/0001], [lateral-edge: 0.7574, lateral-2: 1.2381, lateral-3: 1.2374, lateral-4: 1.2785, lateral-5: 1.3857, epsilon: 303.7496]
2025-10-27 00:42:06.990654 Epoch [037/070], Step [0001/0001], [lateral-edge: 0.7572, lateral-2: 1.2313, lateral-3: 1.2314, lateral-4: 1.2743, lateral-5: 1.3825, epsilon: 310.9713]
2025-10-27 00:42:11.376270 Epoch [038/070], Step [0001/0001], [lateral-edge: 0.7570, lateral-2: 1.2246, lateral-3: 1.2254, lateral-4: 1.2700, lateral-5: 1.3794, epsilon: 318.1766]
2025-10-27 00:42:15.554624 Epoch [039/070], Step [0001/0001], [lateral-edge: 0.7567, lateral-2: 1.2182, lateral-3: 1.2199, lateral-4: 1.2658, lateral-5: 1.3765, epsilon: 325.3662]
[Saving Snapshot:] ./Snapshots/save_weights/Inf-Net_DP_Morph/open/batch_72/run_2/noise_multiplier_0.5/Inf-Net-40.pth
[Privacy Budget]: ε = 325.37 (δ = 1e-05)
2025-10-27 00:42:21.299116 Epoch [040/070], Step [0001/0001], [lateral-edge: 0.7565, lateral-2: 1.2119, lateral-3: 1.2145, lateral-4: 1.2618, lateral-5: 1.3735, epsilon: 332.5406]
2025-10-27 00:42:25.776026 Epoch [041/070], Step [0001/0001], [lateral-edge: 0.7563, lateral-2: 1.2057, lateral-3: 1.2091, lateral-4: 1.2581, lateral-5: 1.3705, epsilon: 339.7005]
2025-10-27 00:42:29.673003 Epoch [042/070], Step [0001/0001], [lateral-edge: 0.7562, lateral-2: 1.1998, lateral-3: 1.2040, lateral-4: 1.2548, lateral-5: 1.3676, epsilon: 346.8464]
2025-10-27 00:42:34.402452 Epoch [043/070], Step [0001/0001], [lateral-edge: 0.7560, lateral-2: 1.1942, lateral-3: 1.1990, lateral-4: 1.2514, lateral-5: 1.3646, epsilon: 353.9787]
2025-10-27 00:42:39.102888 Epoch [044/070], Step [0001/0001], [lateral-edge: 0.7558, lateral-2: 1.1887, lateral-3: 1.1943, lateral-4: 1.2480, lateral-5: 1.3616, epsilon: 361.0979]
2025-10-27 00:42:43.006931 Epoch [045/070], Step [0001/0001], [lateral-edge: 0.7556, lateral-2: 1.1833, lateral-3: 1.1897, lateral-4: 1.2444, lateral-5: 1.3588, epsilon: 368.2045]
2025-10-27 00:42:48.028563 Epoch [046/070], Step [0001/0001], [lateral-edge: 0.7554, lateral-2: 1.1783, lateral-3: 1.1852, lateral-4: 1.2409, lateral-5: 1.3559, epsilon: 375.2989]
2025-10-27 00:42:52.983973 Epoch [047/070], Step [0001/0001], [lateral-edge: 0.7551, lateral-2: 1.1737, lateral-3: 1.1808, lateral-4: 1.2376, lateral-5: 1.3530, epsilon: 382.3815]
2025-10-27 00:42:58.040312 Epoch [048/070], Step [0001/0001], [lateral-edge: 0.7549, lateral-2: 1.1691, lateral-3: 1.1767, lateral-4: 1.2345, lateral-5: 1.3502, epsilon: 389.4526]
2025-10-27 00:43:02.783738 Epoch [049/070], Step [0001/0001], [lateral-edge: 0.7547, lateral-2: 1.1645, lateral-3: 1.1726, lateral-4: 1.2314, lateral-5: 1.3474, epsilon: 396.5127]
[Saving Snapshot:] ./Snapshots/save_weights/Inf-Net_DP_Morph/open/batch_72/run_2/noise_multiplier_0.5/Inf-Net-50.pth
[Privacy Budget]: ε = 396.51 (δ = 1e-05)
2025-10-27 00:43:08.773482 Epoch [050/070], Step [0001/0001], [lateral-edge: 0.7545, lateral-2: 1.1611, lateral-3: 1.1697, lateral-4: 1.2291, lateral-5: 1.3454, epsilon: 403.5620]
2025-10-27 00:43:14.106620 Epoch [051/070], Step [0001/0001], [lateral-edge: 0.7545, lateral-2: 1.1608, lateral-3: 1.1695, lateral-4: 1.2289, lateral-5: 1.3452, epsilon: 410.6008]
2025-10-27 00:43:19.546055 Epoch [052/070], Step [0001/0001], [lateral-edge: 0.7545, lateral-2: 1.1608, lateral-3: 1.1695, lateral-4: 1.2289, lateral-5: 1.3452, epsilon: 417.6296]
2025-10-27 00:43:24.909414 Epoch [053/070], Step [0001/0001], [lateral-edge: 0.7545, lateral-2: 1.1608, lateral-3: 1.1694, lateral-4: 1.2288, lateral-5: 1.3452, epsilon: 424.6485]
2025-10-27 00:43:29.757365 Epoch [054/070], Step [0001/0001], [lateral-edge: 0.7545, lateral-2: 1.1608, lateral-3: 1.1694, lateral-4: 1.2288, lateral-5: 1.3452, epsilon: 431.6578]
2025-10-27 00:43:35.819747 Epoch [055/070], Step [0001/0001], [lateral-edge: 0.7545, lateral-2: 1.1608, lateral-3: 1.1694, lateral-4: 1.2289, lateral-5: 1.3452, epsilon: 438.6579]
2025-10-27 00:43:40.329109 Epoch [056/070], Step [0001/0001], [lateral-edge: 0.7545, lateral-2: 1.1608, lateral-3: 1.1695, lateral-4: 1.2289, lateral-5: 1.3452, epsilon: 445.6489]
2025-10-27 00:43:45.948209 Epoch [057/070], Step [0001/0001], [lateral-edge: 0.7545, lateral-2: 1.1608, lateral-3: 1.1695, lateral-4: 1.2289, lateral-5: 1.3452, epsilon: 452.6311]
2025-10-27 00:43:51.632475 Epoch [058/070], Step [0001/0001], [lateral-edge: 0.7545, lateral-2: 1.1608, lateral-3: 1.1695, lateral-4: 1.2289, lateral-5: 1.3452, epsilon: 459.6048]
2025-10-27 00:43:55.941922 Epoch [059/070], Step [0001/0001], [lateral-edge: 0.7545, lateral-2: 1.1608, lateral-3: 1.1695, lateral-4: 1.2289, lateral-5: 1.3452, epsilon: 466.5701]
[Saving Snapshot:] ./Snapshots/save_weights/Inf-Net_DP_Morph/open/batch_72/run_2/noise_multiplier_0.5/Inf-Net-60.pth
[Privacy Budget]: ε = 466.57 (δ = 1e-05)
2025-10-27 00:44:03.782465 Epoch [060/070], Step [0001/0001], [lateral-edge: 0.7545, lateral-2: 1.1608, lateral-3: 1.1695, lateral-4: 1.2289, lateral-5: 1.3452, epsilon: 473.5272]
2025-10-27 00:44:10.162146 Epoch [061/070], Step [0001/0001], [lateral-edge: 0.7545, lateral-2: 1.1608, lateral-3: 1.1695, lateral-4: 1.2289, lateral-5: 1.3452, epsilon: 480.4765]
2025-10-27 00:44:18.464015 Epoch [062/070], Step [0001/0001], [lateral-edge: 0.7545, lateral-2: 1.1608, lateral-3: 1.1695, lateral-4: 1.2289, lateral-5: 1.3452, epsilon: 487.4179]
2025-10-27 00:44:26.862720 Epoch [063/070], Step [0001/0001], [lateral-edge: 0.7545, lateral-2: 1.1608, lateral-3: 1.1695, lateral-4: 1.2289, lateral-5: 1.3452, epsilon: 494.3519]
2025-10-27 00:44:34.799437 Epoch [064/070], Step [0001/0001], [lateral-edge: 0.7545, lateral-2: 1.1608, lateral-3: 1.1695, lateral-4: 1.2289, lateral-5: 1.3452, epsilon: 501.2784]
2025-10-27 00:44:40.048183 Epoch [065/070], Step [0001/0001], [lateral-edge: 0.7545, lateral-2: 1.1608, lateral-3: 1.1695, lateral-4: 1.2289, lateral-5: 1.3452, epsilon: 508.1978]
2025-10-27 00:44:46.678044 Epoch [066/070], Step [0001/0001], [lateral-edge: 0.7545, lateral-2: 1.1608, lateral-3: 1.1695, lateral-4: 1.2289, lateral-5: 1.3452, epsilon: 515.1101]
2025-10-27 00:44:53.542847 Epoch [067/070], Step [0001/0001], [lateral-edge: 0.7545, lateral-2: 1.1608, lateral-3: 1.1695, lateral-4: 1.2289, lateral-5: 1.3452, epsilon: 522.0155]
2025-10-27 00:45:00.325439 Epoch [068/070], Step [0001/0001], [lateral-edge: 0.7545, lateral-2: 1.1608, lateral-3: 1.1695, lateral-4: 1.2289, lateral-5: 1.3452, epsilon: 528.9142]
2025-10-27 00:45:05.181212 Epoch [069/070], Step [0001/0001], [lateral-edge: 0.7545, lateral-2: 1.1608, lateral-3: 1.1695, lateral-4: 1.2289, lateral-5: 1.3452, epsilon: 535.8063]
[Saving Snapshot:] ./Snapshots/save_weights/Inf-Net_DP_Morph/open/batch_72/run_2/noise_multiplier_0.5/Inf-Net-70.pth
[Privacy Budget]: ε = 535.81 (δ = 1e-05)
2025-10-27 00:45:13.740015 Epoch [070/070], Step [0001/0001], [lateral-edge: 0.7545, lateral-2: 1.1608, lateral-3: 1.1695, lateral-4: 1.2289, lateral-5: 1.3452, epsilon: 542.6920]
Training completed at Mon Oct 27 00:45:14 CET 2025
