Model loading: UNet with GroupNorm
Model is compatible with differential privacy
Not loading weights from weights file
###################################################################### 
Start Training (UNet-DP)
Network: UNet
Batch Size: 48
DP Enabled (ε=200.0, δ=1e-05, clipping=automatic)
Morphology: Disabled
Architecture: GroupNorm (with DP)
Save Path: ./Snapshots/save_weights/UNet_DP/batch_48/run_3/epsilon_200/automatic
Run: 3
Namespace(network='UNet', epoch=100, lr=0.0001, batchsize=48, trainsize=352, clip=0.5, decay_rate=0.1, decay_epoch=50, is_thop=False, gpu_device=0, num_workers=8, net_channel=32, init_features=32, n_classes=1, in_channels=3, backbone='Res2Net50', deep_supervision=False, train_path='./Dataset/TrainingSet/LungInfection-Train/Doctor-label', is_semi=False, is_pseudo=False, train_save=None, run=3, enable_privacy=True, epsilon=200.0, max_grad_norm=1.2, delta=1e-05, clipping_strategy='automatic', enable_morphology=False, morph_operation='both', morph_kernel_size=3, device='cuda')
 ######################################################################
2025-11-09 00:47:48.505768 Epoch [001/100], Step [0002/0002], Loss: 1.4807, ε: 11.8573
2025-11-09 00:47:49.871406 Epoch [002/100], Step [0002/0002], Loss: 1.4731, ε: 17.0473
2025-11-09 00:47:51.393267 Epoch [003/100], Step [0002/0002], Loss: 1.4656, ε: 21.0900
2025-11-09 00:47:52.795929 Epoch [004/100], Step [0002/0002], Loss: 1.4624, ε: 24.6100
2025-11-09 00:47:54.102404 Epoch [005/100], Step [0002/0002], Loss: 1.4381, ε: 27.8145
2025-11-09 00:47:55.590853 Epoch [006/100], Step [0002/0002], Loss: 1.4450, ε: 30.8019
2025-11-09 00:47:56.941140 Epoch [007/100], Step [0002/0002], Loss: 1.4356, ε: 33.6283
Training completed at Sun Nov  9 00:47:58 CET 2025
