Backbone loading: Res2Net50
Freezing unused branches for DP compatibility...
Trainable: 31,072,721 / 33,121,721 parameters
Not loading weights from weights file
Validator raised issues with model. Attempting auto-fix...
Original error: UnsupportedModuleError
Model successfully fixed for differential privacy
###################################################################### 
Start Training (Inf-Net-Res2Net50)
Backbone: Res2Net50
Batch Size: 24
Privacy: DP Enabled (ε budget, δ=1e-05)
Morphology: open
Save Path: ./Snapshots/save_weights/Inf-Net_DP_Morph/open/batch_24/run_3/noise_multiplier_0.5
Run: 3
Namespace(epoch=70, lr=0.0001, batchsize=24, trainsize=352, clip=0.5, decay_rate=0.1, decay_epoch=50, is_thop=False, gpu_device=0, num_workers=4, net_channel=32, n_classes=1, backbone='Res2Net50', train_path='./Dataset/TrainingSet/LungInfection-Train/Doctor-label', is_semi=False, is_pseudo=False, train_save=None, run=3, enable_privacy=True, noise_multiplier=0.5, max_grad_norm=1.2, delta=1e-05, enable_morphology=True, morph_operation='open', morph_kernel_size=3, device='cuda')
 ######################################################################
2025-10-26 22:45:01.130202 Epoch [001/070], Step [0003/0003], [lateral-edge: 0.7935, lateral-2: 1.7413, lateral-3: 1.7108, lateral-4: 1.6310, lateral-5: 1.5322, epsilon: 23.3810]
2025-10-26 22:45:06.025795 Epoch [002/070], Step [0003/0003], [lateral-edge: 0.7931, lateral-2: 1.6162, lateral-3: 1.5999, lateral-4: 1.5378, lateral-5: 1.5218, epsilon: 33.1636]
2025-10-26 22:45:11.372521 Epoch [003/070], Step [0003/0003], [lateral-edge: 0.7942, lateral-2: 1.5555, lateral-3: 1.5506, lateral-4: 1.5130, lateral-5: 1.5087, epsilon: 41.3352]
2025-10-26 22:45:16.262775 Epoch [004/070], Step [0003/0003], [lateral-edge: 0.7914, lateral-2: 1.5256, lateral-3: 1.5277, lateral-4: 1.4976, lateral-5: 1.5044, epsilon: 48.7019]
2025-10-26 22:45:21.310236 Epoch [005/070], Step [0003/0003], [lateral-edge: 0.7888, lateral-2: 1.5190, lateral-3: 1.5257, lateral-4: 1.4946, lateral-5: 1.5069, epsilon: 55.5628]
2025-10-26 22:45:25.928159 Epoch [006/070], Step [0003/0003], [lateral-edge: 0.7865, lateral-2: 1.4879, lateral-3: 1.4969, lateral-4: 1.4729, lateral-5: 1.4912, epsilon: 62.0679]
2025-10-26 22:45:31.661171 Epoch [007/070], Step [0003/0003], [lateral-edge: 0.7817, lateral-2: 1.4724, lateral-3: 1.4918, lateral-4: 1.4674, lateral-5: 1.4852, epsilon: 68.3052]
2025-10-26 22:45:36.760122 Epoch [008/070], Step [0003/0003], [lateral-edge: 0.7800, lateral-2: 1.4559, lateral-3: 1.4755, lateral-4: 1.4550, lateral-5: 1.4778, epsilon: 74.3315]
2025-10-26 22:45:41.762078 Epoch [009/070], Step [0003/0003], [lateral-edge: 0.7765, lateral-2: 1.4334, lateral-3: 1.4614, lateral-4: 1.4453, lateral-5: 1.4737, epsilon: 80.1860]
[Saving Snapshot:] ./Snapshots/save_weights/Inf-Net_DP_Morph/open/batch_24/run_3/noise_multiplier_0.5/Inf-Net-10.pth
[Privacy Budget]: ε = 80.19 (δ = 1e-05)
2025-10-26 22:45:48.052942 Epoch [010/070], Step [0003/0003], [lateral-edge: 0.7712, lateral-2: 1.4283, lateral-3: 1.4593, lateral-4: 1.4485, lateral-5: 1.4745, epsilon: 85.8970]
2025-10-26 22:45:52.757555 Epoch [011/070], Step [0003/0003], [lateral-edge: 0.7692, lateral-2: 1.4255, lateral-3: 1.4607, lateral-4: 1.4575, lateral-5: 1.4743, epsilon: 91.4860]
2025-10-26 22:45:57.871575 Epoch [012/070], Step [0003/0003], [lateral-edge: 0.7664, lateral-2: 1.3628, lateral-3: 1.4151, lateral-4: 1.4086, lateral-5: 1.4468, epsilon: 96.9693]
2025-10-26 22:46:02.390113 Epoch [013/070], Step [0003/0003], [lateral-edge: 0.7660, lateral-2: 1.3872, lateral-3: 1.4197, lateral-4: 1.4170, lateral-5: 1.4527, epsilon: 102.3603]
2025-10-26 22:46:07.391027 Epoch [014/070], Step [0003/0003], [lateral-edge: 0.7632, lateral-2: 1.3757, lateral-3: 1.4163, lateral-4: 1.4137, lateral-5: 1.4526, epsilon: 107.6693]
2025-10-26 22:46:12.602334 Epoch [015/070], Step [0003/0003], [lateral-edge: 0.7622, lateral-2: 1.3612, lateral-3: 1.4019, lateral-4: 1.3999, lateral-5: 1.4414, epsilon: 112.9052]
2025-10-26 22:46:17.479840 Epoch [016/070], Step [0003/0003], [lateral-edge: 0.7606, lateral-2: 1.3454, lateral-3: 1.3885, lateral-4: 1.3927, lateral-5: 1.4351, epsilon: 118.0753]
2025-10-26 22:46:22.620159 Epoch [017/070], Step [0003/0003], [lateral-edge: 0.7593, lateral-2: 1.3635, lateral-3: 1.4026, lateral-4: 1.4133, lateral-5: 1.4442, epsilon: 123.1855]
2025-10-26 22:46:28.181207 Epoch [018/070], Step [0003/0003], [lateral-edge: 0.7593, lateral-2: 1.3367, lateral-3: 1.3802, lateral-4: 1.3877, lateral-5: 1.4326, epsilon: 128.2414]
2025-10-26 22:46:33.448176 Epoch [019/070], Step [0003/0003], [lateral-edge: 0.7589, lateral-2: 1.3162, lateral-3: 1.3615, lateral-4: 1.3686, lateral-5: 1.4228, epsilon: 133.2472]
[Saving Snapshot:] ./Snapshots/save_weights/Inf-Net_DP_Morph/open/batch_24/run_3/noise_multiplier_0.5/Inf-Net-20.pth
[Privacy Budget]: ε = 133.25 (δ = 1e-05)
2025-10-26 22:46:39.888609 Epoch [020/070], Step [0003/0003], [lateral-edge: 0.7592, lateral-2: 1.3288, lateral-3: 1.3647, lateral-4: 1.3768, lateral-5: 1.4259, epsilon: 138.2070]
2025-10-26 22:46:45.128179 Epoch [021/070], Step [0003/0003], [lateral-edge: 0.7581, lateral-2: 1.2808, lateral-3: 1.3311, lateral-4: 1.3298, lateral-5: 1.4005, epsilon: 143.1242]
2025-10-26 22:46:50.170876 Epoch [022/070], Step [0003/0003], [lateral-edge: 0.7573, lateral-2: 1.3070, lateral-3: 1.3506, lateral-4: 1.3451, lateral-5: 1.4053, epsilon: 148.0018]
2025-10-26 22:46:55.703974 Epoch [023/070], Step [0003/0003], [lateral-edge: 0.7562, lateral-2: 1.3174, lateral-3: 1.3671, lateral-4: 1.3762, lateral-5: 1.4220, epsilon: 152.8425]
2025-10-26 22:47:01.319461 Epoch [024/070], Step [0003/0003], [lateral-edge: 0.7564, lateral-2: 1.2795, lateral-3: 1.3315, lateral-4: 1.3388, lateral-5: 1.3980, epsilon: 157.6487]
2025-10-26 22:47:07.074496 Epoch [025/070], Step [0003/0003], [lateral-edge: 0.7559, lateral-2: 1.2612, lateral-3: 1.3177, lateral-4: 1.3249, lateral-5: 1.3882, epsilon: 162.4226]
2025-10-26 22:47:12.665454 Epoch [026/070], Step [0003/0003], [lateral-edge: 0.7553, lateral-2: 1.3027, lateral-3: 1.3480, lateral-4: 1.3645, lateral-5: 1.4096, epsilon: 167.1661]
2025-10-26 22:47:18.351459 Epoch [027/070], Step [0003/0003], [lateral-edge: 0.7562, lateral-2: 1.2679, lateral-3: 1.3084, lateral-4: 1.3174, lateral-5: 1.3855, epsilon: 171.8809]
2025-10-26 22:47:24.115509 Epoch [028/070], Step [0003/0003], [lateral-edge: 0.7545, lateral-2: 1.2609, lateral-3: 1.3125, lateral-4: 1.3259, lateral-5: 1.3871, epsilon: 176.5687]
2025-10-26 22:47:30.063251 Epoch [029/070], Step [0003/0003], [lateral-edge: 0.7528, lateral-2: 1.2456, lateral-3: 1.2967, lateral-4: 1.3166, lateral-5: 1.3755, epsilon: 181.2308]
[Saving Snapshot:] ./Snapshots/save_weights/Inf-Net_DP_Morph/open/batch_24/run_3/noise_multiplier_0.5/Inf-Net-30.pth
[Privacy Budget]: ε = 181.23 (δ = 1e-05)
2025-10-26 22:47:37.273562 Epoch [030/070], Step [0003/0003], [lateral-edge: 0.7530, lateral-2: 1.2437, lateral-3: 1.2919, lateral-4: 1.3056, lateral-5: 1.3711, epsilon: 185.8686]
2025-10-26 22:47:43.059533 Epoch [031/070], Step [0003/0003], [lateral-edge: 0.7540, lateral-2: 1.2422, lateral-3: 1.2912, lateral-4: 1.3169, lateral-5: 1.3789, epsilon: 190.4833]
2025-10-26 22:47:49.299378 Epoch [032/070], Step [0003/0003], [lateral-edge: 0.7537, lateral-2: 1.2319, lateral-3: 1.2765, lateral-4: 1.2975, lateral-5: 1.3661, epsilon: 195.0760]
2025-10-26 22:47:55.460243 Epoch [033/070], Step [0003/0003], [lateral-edge: 0.7519, lateral-2: 1.2351, lateral-3: 1.2792, lateral-4: 1.2974, lateral-5: 1.3655, epsilon: 199.6478]
2025-10-26 22:48:01.668611 Epoch [034/070], Step [0003/0003], [lateral-edge: 0.7506, lateral-2: 1.2216, lateral-3: 1.2691, lateral-4: 1.2884, lateral-5: 1.3557, epsilon: 204.1996]
2025-10-26 22:48:08.295622 Epoch [035/070], Step [0003/0003], [lateral-edge: 0.7516, lateral-2: 1.2125, lateral-3: 1.2552, lateral-4: 1.2761, lateral-5: 1.3517, epsilon: 208.7322]
2025-10-26 22:48:14.617012 Epoch [036/070], Step [0003/0003], [lateral-edge: 0.7521, lateral-2: 1.1896, lateral-3: 1.2280, lateral-4: 1.2374, lateral-5: 1.3296, epsilon: 213.2465]
2025-10-26 22:48:20.904911 Epoch [037/070], Step [0003/0003], [lateral-edge: 0.7493, lateral-2: 1.2012, lateral-3: 1.2513, lateral-4: 1.2636, lateral-5: 1.3421, epsilon: 217.7433]
2025-10-26 22:48:27.232947 Epoch [038/070], Step [0003/0003], [lateral-edge: 0.7506, lateral-2: 1.2169, lateral-3: 1.2542, lateral-4: 1.2644, lateral-5: 1.3455, epsilon: 222.2233]
2025-10-26 22:48:34.071689 Epoch [039/070], Step [0003/0003], [lateral-edge: 0.7507, lateral-2: 1.1973, lateral-3: 1.2401, lateral-4: 1.2507, lateral-5: 1.3320, epsilon: 226.6870]
[Saving Snapshot:] ./Snapshots/save_weights/Inf-Net_DP_Morph/open/batch_24/run_3/noise_multiplier_0.5/Inf-Net-40.pth
[Privacy Budget]: ε = 226.69 (δ = 1e-05)
2025-10-26 22:48:42.997106 Epoch [040/070], Step [0003/0003], [lateral-edge: 0.7501, lateral-2: 1.2036, lateral-3: 1.2427, lateral-4: 1.2556, lateral-5: 1.3375, epsilon: 231.1353]
2025-10-26 22:48:49.642616 Epoch [041/070], Step [0003/0003], [lateral-edge: 0.7479, lateral-2: 1.1737, lateral-3: 1.2261, lateral-4: 1.2446, lateral-5: 1.3255, epsilon: 235.5685]
2025-10-26 22:48:56.189543 Epoch [042/070], Step [0003/0003], [lateral-edge: 0.7478, lateral-2: 1.1762, lateral-3: 1.2241, lateral-4: 1.2339, lateral-5: 1.3181, epsilon: 239.9873]
2025-10-26 22:49:03.023898 Epoch [043/070], Step [0003/0003], [lateral-edge: 0.7487, lateral-2: 1.1582, lateral-3: 1.2117, lateral-4: 1.2303, lateral-5: 1.3171, epsilon: 244.3923]
2025-10-26 22:49:09.588282 Epoch [044/070], Step [0003/0003], [lateral-edge: 0.7477, lateral-2: 1.1369, lateral-3: 1.1995, lateral-4: 1.2194, lateral-5: 1.3002, epsilon: 248.7837]
2025-10-26 22:49:16.670702 Epoch [045/070], Step [0003/0003], [lateral-edge: 0.7481, lateral-2: 1.1601, lateral-3: 1.2065, lateral-4: 1.2314, lateral-5: 1.3074, epsilon: 253.1623]
2025-10-26 22:49:23.320522 Epoch [046/070], Step [0003/0003], [lateral-edge: 0.7466, lateral-2: 1.1557, lateral-3: 1.2065, lateral-4: 1.2338, lateral-5: 1.3048, epsilon: 257.5282]
2025-10-26 22:49:29.856356 Epoch [047/070], Step [0003/0003], [lateral-edge: 0.7468, lateral-2: 1.1476, lateral-3: 1.1929, lateral-4: 1.2147, lateral-5: 1.2995, epsilon: 261.8821]
2025-10-26 22:49:37.190605 Epoch [048/070], Step [0003/0003], [lateral-edge: 0.7474, lateral-2: 1.1439, lateral-3: 1.1823, lateral-4: 1.1966, lateral-5: 1.2871, epsilon: 266.2242]
2025-10-26 22:49:44.374051 Epoch [049/070], Step [0003/0003], [lateral-edge: 0.7463, lateral-2: 1.1402, lateral-3: 1.1973, lateral-4: 1.2177, lateral-5: 1.3007, epsilon: 270.5549]
[Saving Snapshot:] ./Snapshots/save_weights/Inf-Net_DP_Morph/open/batch_24/run_3/noise_multiplier_0.5/Inf-Net-50.pth
[Privacy Budget]: ε = 270.55 (δ = 1e-05)
2025-10-26 22:49:54.976363 Epoch [050/070], Step [0003/0003], [lateral-edge: 0.7459, lateral-2: 1.1362, lateral-3: 1.1868, lateral-4: 1.2052, lateral-5: 1.2929, epsilon: 274.8746]
2025-10-26 22:50:02.945065 Epoch [051/070], Step [0003/0003], [lateral-edge: 0.7460, lateral-2: 1.1307, lateral-3: 1.1772, lateral-4: 1.1981, lateral-5: 1.2814, epsilon: 279.1836]
2025-10-26 22:50:10.523276 Epoch [052/070], Step [0003/0003], [lateral-edge: 0.7453, lateral-2: 1.1316, lateral-3: 1.1829, lateral-4: 1.2093, lateral-5: 1.2917, epsilon: 283.4823]
2025-10-26 22:50:19.003800 Epoch [053/070], Step [0003/0003], [lateral-edge: 0.7444, lateral-2: 1.1307, lateral-3: 1.1820, lateral-4: 1.2038, lateral-5: 1.2873, epsilon: 287.7708]
2025-10-26 22:50:26.568450 Epoch [054/070], Step [0003/0003], [lateral-edge: 0.7458, lateral-2: 1.1146, lateral-3: 1.1663, lateral-4: 1.1885, lateral-5: 1.2817, epsilon: 292.0495]
2025-10-26 22:50:34.010687 Epoch [055/070], Step [0003/0003], [lateral-edge: 0.7457, lateral-2: 1.1044, lateral-3: 1.1730, lateral-4: 1.2000, lateral-5: 1.2882, epsilon: 296.3187]
2025-10-26 22:50:41.734003 Epoch [056/070], Step [0003/0003], [lateral-edge: 0.7459, lateral-2: 1.1272, lateral-3: 1.1788, lateral-4: 1.2062, lateral-5: 1.2920, epsilon: 300.5786]
2025-10-26 22:50:50.191864 Epoch [057/070], Step [0003/0003], [lateral-edge: 0.7454, lateral-2: 1.1168, lateral-3: 1.1729, lateral-4: 1.1983, lateral-5: 1.2909, epsilon: 304.8296]
2025-10-26 22:50:58.334666 Epoch [058/070], Step [0003/0003], [lateral-edge: 0.7455, lateral-2: 1.1417, lateral-3: 1.1887, lateral-4: 1.2151, lateral-5: 1.2972, epsilon: 309.0717]
2025-10-26 22:51:06.159921 Epoch [059/070], Step [0003/0003], [lateral-edge: 0.7460, lateral-2: 1.1486, lateral-3: 1.1860, lateral-4: 1.2113, lateral-5: 1.2957, epsilon: 313.3052]
[Saving Snapshot:] ./Snapshots/save_weights/Inf-Net_DP_Morph/open/batch_24/run_3/noise_multiplier_0.5/Inf-Net-60.pth
[Privacy Budget]: ε = 313.31 (δ = 1e-05)
2025-10-26 22:51:17.630896 Epoch [060/070], Step [0003/0003], [lateral-edge: 0.7460, lateral-2: 1.1344, lateral-3: 1.1803, lateral-4: 1.2064, lateral-5: 1.2920, epsilon: 317.5305]
2025-10-26 22:51:25.784427 Epoch [061/070], Step [0003/0003], [lateral-edge: 0.7459, lateral-2: 1.1275, lateral-3: 1.1830, lateral-4: 1.2054, lateral-5: 1.2903, epsilon: 321.7476]
2025-10-26 22:51:33.821916 Epoch [062/070], Step [0003/0003], [lateral-edge: 0.7455, lateral-2: 1.1365, lateral-3: 1.1841, lateral-4: 1.2007, lateral-5: 1.2856, epsilon: 325.9567]
2025-10-26 22:51:42.174264 Epoch [063/070], Step [0003/0003], [lateral-edge: 0.7454, lateral-2: 1.1385, lateral-3: 1.1860, lateral-4: 1.2102, lateral-5: 1.2973, epsilon: 330.1581]
2025-10-26 22:51:51.254072 Epoch [064/070], Step [0003/0003], [lateral-edge: 0.7464, lateral-2: 1.1504, lateral-3: 1.1925, lateral-4: 1.2158, lateral-5: 1.3006, epsilon: 334.3520]
2025-10-26 22:51:59.503741 Epoch [065/070], Step [0003/0003], [lateral-edge: 0.7439, lateral-2: 1.1360, lateral-3: 1.1888, lateral-4: 1.2159, lateral-5: 1.3000, epsilon: 338.5385]
2025-10-26 22:52:08.848771 Epoch [066/070], Step [0003/0003], [lateral-edge: 0.7456, lateral-2: 1.1159, lateral-3: 1.1709, lateral-4: 1.1979, lateral-5: 1.2828, epsilon: 342.7177]
2025-10-26 22:52:17.406166 Epoch [067/070], Step [0003/0003], [lateral-edge: 0.7455, lateral-2: 1.1183, lateral-3: 1.1706, lateral-4: 1.1886, lateral-5: 1.2813, epsilon: 346.8900]
2025-10-26 22:52:25.839460 Epoch [068/070], Step [0003/0003], [lateral-edge: 0.7452, lateral-2: 1.1455, lateral-3: 1.1883, lateral-4: 1.2048, lateral-5: 1.2947, epsilon: 351.0553]
2025-10-26 22:52:33.694491 Epoch [069/070], Step [0003/0003], [lateral-edge: 0.7460, lateral-2: 1.1317, lateral-3: 1.1856, lateral-4: 1.2085, lateral-5: 1.2927, epsilon: 355.2139]
[Saving Snapshot:] ./Snapshots/save_weights/Inf-Net_DP_Morph/open/batch_24/run_3/noise_multiplier_0.5/Inf-Net-70.pth
[Privacy Budget]: ε = 355.21 (δ = 1e-05)
2025-10-26 22:52:46.256870 Epoch [070/070], Step [0003/0003], [lateral-edge: 0.7460, lateral-2: 1.1378, lateral-3: 1.1803, lateral-4: 1.2045, lateral-5: 1.2860, epsilon: 359.3659]
Training completed at Sun Oct 26 22:52:47 CET 2025
