Backbone loading: Res2Net50
Freezing unused branches for DP compatibility...
Trainable: 31,072,721 / 33,121,721 parameters
Not loading weights from weights file
Validator raised issues with model. Attempting auto-fix...
Original error: UnsupportedModuleError
Model successfully fixed for differential privacy
###################################################################### 
Start Training (Inf-Net-Res2Net50)
Backbone: Res2Net50
Batch Size: 64
Privacy: DP Enabled (ε budget, δ=1e-05)
Morphology: Disabled
Save Path: ./Snapshots/save_weights/Inf-Net_DP/batch_64/run_3/noise_multiplier_0.7
Run: 3
Namespace(epoch=70, lr=0.0001, batchsize=64, trainsize=352, clip=0.5, decay_rate=0.1, decay_epoch=50, is_thop=False, gpu_device=0, num_workers=4, net_channel=32, n_classes=1, backbone='Res2Net50', train_path='./Dataset/TrainingSet/LungInfection-Train/Doctor-label', is_semi=False, is_pseudo=False, train_save=None, run=3, enable_privacy=True, noise_multiplier=0.7, max_grad_norm=1.2, delta=1e-05, enable_morphology=False, morph_operation='close', morph_kernel_size=3, device='cuda')
 ######################################################################
2025-10-26 22:20:32.848421 Epoch [001/070], Step [0001/0001], [lateral-edge: 0.7712, lateral-2: 1.6903, lateral-3: 1.6395, lateral-4: 1.6097, lateral-5: 1.5231, epsilon: 13.0463]
2025-10-26 22:20:35.443355 Epoch [002/070], Step [0001/0001], [lateral-edge: 0.7705, lateral-2: 1.6158, lateral-3: 1.5706, lateral-4: 1.5510, lateral-5: 1.5165, epsilon: 20.4062]
2025-10-26 22:20:38.073369 Epoch [003/070], Step [0001/0001], [lateral-edge: 0.7700, lateral-2: 1.5752, lateral-3: 1.5371, lateral-4: 1.5177, lateral-5: 1.5104, epsilon: 26.7813]
2025-10-26 22:20:40.893201 Epoch [004/070], Step [0001/0001], [lateral-edge: 0.7694, lateral-2: 1.5511, lateral-3: 1.5180, lateral-4: 1.5008, lateral-5: 1.5051, epsilon: 32.6429]
2025-10-26 22:20:43.559965 Epoch [005/070], Step [0001/0001], [lateral-edge: 0.7689, lateral-2: 1.5333, lateral-3: 1.5025, lateral-4: 1.4882, lateral-5: 1.5003, epsilon: 38.1752]
2025-10-26 22:20:46.189488 Epoch [006/070], Step [0001/0001], [lateral-edge: 0.7683, lateral-2: 1.5187, lateral-3: 1.4887, lateral-4: 1.4776, lateral-5: 1.4959, epsilon: 43.4728]
2025-10-26 22:20:48.895524 Epoch [007/070], Step [0001/0001], [lateral-edge: 0.7678, lateral-2: 1.5064, lateral-3: 1.4764, lateral-4: 1.4685, lateral-5: 1.4920, epsilon: 48.5922]
2025-10-26 22:20:51.678923 Epoch [008/070], Step [0001/0001], [lateral-edge: 0.7672, lateral-2: 1.4954, lateral-3: 1.4654, lateral-4: 1.4609, lateral-5: 1.4883, epsilon: 53.5703]
2025-10-26 22:20:54.328637 Epoch [009/070], Step [0001/0001], [lateral-edge: 0.7666, lateral-2: 1.4855, lateral-3: 1.4555, lateral-4: 1.4542, lateral-5: 1.4849, epsilon: 58.4329]
[Saving Snapshot:] ./Snapshots/save_weights/Inf-Net_DP/batch_64/run_3/noise_multiplier_0.7/Inf-Net-10.pth
[Privacy Budget]: ε = 58.43 (δ = 1e-05)
2025-10-26 22:20:57.338078 Epoch [010/070], Step [0001/0001], [lateral-edge: 0.7660, lateral-2: 1.4759, lateral-3: 1.4467, lateral-4: 1.4481, lateral-5: 1.4818, epsilon: 63.1985]
2025-10-26 22:21:00.078521 Epoch [011/070], Step [0001/0001], [lateral-edge: 0.7654, lateral-2: 1.4663, lateral-3: 1.4387, lateral-4: 1.4425, lateral-5: 1.4788, epsilon: 67.8815]
2025-10-26 22:21:02.852116 Epoch [012/070], Step [0001/0001], [lateral-edge: 0.7649, lateral-2: 1.4567, lateral-3: 1.4318, lateral-4: 1.4370, lateral-5: 1.4757, epsilon: 72.4927]
2025-10-26 22:21:05.690350 Epoch [013/070], Step [0001/0001], [lateral-edge: 0.7644, lateral-2: 1.4474, lateral-3: 1.4255, lateral-4: 1.4315, lateral-5: 1.4728, epsilon: 77.0409]
2025-10-26 22:21:08.459769 Epoch [014/070], Step [0001/0001], [lateral-edge: 0.7639, lateral-2: 1.4381, lateral-3: 1.4194, lateral-4: 1.4258, lateral-5: 1.4698, epsilon: 81.5333]
2025-10-26 22:21:11.240280 Epoch [015/070], Step [0001/0001], [lateral-edge: 0.7635, lateral-2: 1.4288, lateral-3: 1.4137, lateral-4: 1.4200, lateral-5: 1.4668, epsilon: 85.9757]
2025-10-26 22:21:13.911533 Epoch [016/070], Step [0001/0001], [lateral-edge: 0.7631, lateral-2: 1.4197, lateral-3: 1.4081, lateral-4: 1.4142, lateral-5: 1.4639, epsilon: 90.3730]
2025-10-26 22:21:16.779538 Epoch [017/070], Step [0001/0001], [lateral-edge: 0.7627, lateral-2: 1.4105, lateral-3: 1.4027, lateral-4: 1.4084, lateral-5: 1.4610, epsilon: 94.7294]
2025-10-26 22:21:19.768687 Epoch [018/070], Step [0001/0001], [lateral-edge: 0.7624, lateral-2: 1.4014, lateral-3: 1.3972, lateral-4: 1.4027, lateral-5: 1.4583, epsilon: 99.0484]
2025-10-26 22:21:22.545311 Epoch [019/070], Step [0001/0001], [lateral-edge: 0.7621, lateral-2: 1.3924, lateral-3: 1.3916, lateral-4: 1.3972, lateral-5: 1.4556, epsilon: 103.3331]
[Saving Snapshot:] ./Snapshots/save_weights/Inf-Net_DP/batch_64/run_3/noise_multiplier_0.7/Inf-Net-20.pth
[Privacy Budget]: ε = 103.33 (δ = 1e-05)
2025-10-26 22:21:25.825523 Epoch [020/070], Step [0001/0001], [lateral-edge: 0.7617, lateral-2: 1.3837, lateral-3: 1.3863, lateral-4: 1.3918, lateral-5: 1.4532, epsilon: 107.5861]
2025-10-26 22:21:28.743342 Epoch [021/070], Step [0001/0001], [lateral-edge: 0.7614, lateral-2: 1.3750, lateral-3: 1.3809, lateral-4: 1.3862, lateral-5: 1.4508, epsilon: 111.8098]
2025-10-26 22:21:31.683069 Epoch [022/070], Step [0001/0001], [lateral-edge: 0.7611, lateral-2: 1.3666, lateral-3: 1.3755, lateral-4: 1.3808, lateral-5: 1.4486, epsilon: 116.0063]
2025-10-26 22:21:34.676753 Epoch [023/070], Step [0001/0001], [lateral-edge: 0.7608, lateral-2: 1.3581, lateral-3: 1.3700, lateral-4: 1.3756, lateral-5: 1.4464, epsilon: 120.1773]
2025-10-26 22:21:37.684567 Epoch [024/070], Step [0001/0001], [lateral-edge: 0.7605, lateral-2: 1.3497, lateral-3: 1.3645, lateral-4: 1.3705, lateral-5: 1.4443, epsilon: 124.3245]
2025-10-26 22:21:40.710735 Epoch [025/070], Step [0001/0001], [lateral-edge: 0.7603, lateral-2: 1.3414, lateral-3: 1.3593, lateral-4: 1.3654, lateral-5: 1.4422, epsilon: 128.4495]
2025-10-26 22:21:43.659739 Epoch [026/070], Step [0001/0001], [lateral-edge: 0.7601, lateral-2: 1.3335, lateral-3: 1.3541, lateral-4: 1.3604, lateral-5: 1.4401, epsilon: 132.5534]
2025-10-26 22:21:46.791830 Epoch [027/070], Step [0001/0001], [lateral-edge: 0.7599, lateral-2: 1.3259, lateral-3: 1.3492, lateral-4: 1.3551, lateral-5: 1.4380, epsilon: 136.6376]
2025-10-26 22:21:49.901849 Epoch [028/070], Step [0001/0001], [lateral-edge: 0.7597, lateral-2: 1.3183, lateral-3: 1.3441, lateral-4: 1.3499, lateral-5: 1.4357, epsilon: 140.7030]
2025-10-26 22:21:53.081355 Epoch [029/070], Step [0001/0001], [lateral-edge: 0.7594, lateral-2: 1.3107, lateral-3: 1.3390, lateral-4: 1.3448, lateral-5: 1.4335, epsilon: 144.7507]
[Saving Snapshot:] ./Snapshots/save_weights/Inf-Net_DP/batch_64/run_3/noise_multiplier_0.7/Inf-Net-30.pth
[Privacy Budget]: ε = 144.75 (δ = 1e-05)
2025-10-26 22:21:56.906994 Epoch [030/070], Step [0001/0001], [lateral-edge: 0.7592, lateral-2: 1.3036, lateral-3: 1.3339, lateral-4: 1.3402, lateral-5: 1.4313, epsilon: 148.7816]
2025-10-26 22:22:00.193089 Epoch [031/070], Step [0001/0001], [lateral-edge: 0.7589, lateral-2: 1.2968, lateral-3: 1.3289, lateral-4: 1.3357, lateral-5: 1.4292, epsilon: 152.7965]
2025-10-26 22:22:03.489505 Epoch [032/070], Step [0001/0001], [lateral-edge: 0.7587, lateral-2: 1.2906, lateral-3: 1.3242, lateral-4: 1.3315, lateral-5: 1.4272, epsilon: 156.7963]
2025-10-26 22:22:06.766014 Epoch [033/070], Step [0001/0001], [lateral-edge: 0.7585, lateral-2: 1.2846, lateral-3: 1.3195, lateral-4: 1.3276, lateral-5: 1.4251, epsilon: 160.7815]
2025-10-26 22:22:09.834699 Epoch [034/070], Step [0001/0001], [lateral-edge: 0.7583, lateral-2: 1.2784, lateral-3: 1.3144, lateral-4: 1.3240, lateral-5: 1.4229, epsilon: 164.7528]
2025-10-26 22:22:12.829665 Epoch [035/070], Step [0001/0001], [lateral-edge: 0.7581, lateral-2: 1.2723, lateral-3: 1.3095, lateral-4: 1.3205, lateral-5: 1.4208, epsilon: 168.7109]
2025-10-26 22:22:16.403598 Epoch [036/070], Step [0001/0001], [lateral-edge: 0.7580, lateral-2: 1.2665, lateral-3: 1.3047, lateral-4: 1.3172, lateral-5: 1.4185, epsilon: 172.6563]
2025-10-26 22:22:19.386263 Epoch [037/070], Step [0001/0001], [lateral-edge: 0.7578, lateral-2: 1.2608, lateral-3: 1.3001, lateral-4: 1.3138, lateral-5: 1.4161, epsilon: 176.5895]
2025-10-26 22:22:22.905284 Epoch [038/070], Step [0001/0001], [lateral-edge: 0.7577, lateral-2: 1.2550, lateral-3: 1.2952, lateral-4: 1.3101, lateral-5: 1.4139, epsilon: 180.5111]
2025-10-26 22:22:26.460275 Epoch [039/070], Step [0001/0001], [lateral-edge: 0.7575, lateral-2: 1.2494, lateral-3: 1.2907, lateral-4: 1.3060, lateral-5: 1.4116, epsilon: 184.4215]
[Saving Snapshot:] ./Snapshots/save_weights/Inf-Net_DP/batch_64/run_3/noise_multiplier_0.7/Inf-Net-40.pth
[Privacy Budget]: ε = 184.42 (δ = 1e-05)
2025-10-26 22:22:30.517034 Epoch [040/070], Step [0001/0001], [lateral-edge: 0.7574, lateral-2: 1.2442, lateral-3: 1.2864, lateral-4: 1.3021, lateral-5: 1.4093, epsilon: 188.3210]
2025-10-26 22:22:34.140378 Epoch [041/070], Step [0001/0001], [lateral-edge: 0.7572, lateral-2: 1.2390, lateral-3: 1.2820, lateral-4: 1.2983, lateral-5: 1.4070, epsilon: 192.2102]
2025-10-26 22:22:37.761232 Epoch [042/070], Step [0001/0001], [lateral-edge: 0.7571, lateral-2: 1.2340, lateral-3: 1.2776, lateral-4: 1.2947, lateral-5: 1.4046, epsilon: 196.0894]
2025-10-26 22:22:41.377412 Epoch [043/070], Step [0001/0001], [lateral-edge: 0.7569, lateral-2: 1.2292, lateral-3: 1.2733, lateral-4: 1.2916, lateral-5: 1.4026, epsilon: 199.9589]
2025-10-26 22:22:44.718093 Epoch [044/070], Step [0001/0001], [lateral-edge: 0.7567, lateral-2: 1.2244, lateral-3: 1.2691, lateral-4: 1.2884, lateral-5: 1.4005, epsilon: 203.8190]
2025-10-26 22:22:48.487168 Epoch [045/070], Step [0001/0001], [lateral-edge: 0.7565, lateral-2: 1.2197, lateral-3: 1.2652, lateral-4: 1.2851, lateral-5: 1.3985, epsilon: 207.6702]
2025-10-26 22:22:52.219306 Epoch [046/070], Step [0001/0001], [lateral-edge: 0.7563, lateral-2: 1.2152, lateral-3: 1.2615, lateral-4: 1.2819, lateral-5: 1.3965, epsilon: 211.5127]
2025-10-26 22:22:56.060411 Epoch [047/070], Step [0001/0001], [lateral-edge: 0.7561, lateral-2: 1.2108, lateral-3: 1.2577, lateral-4: 1.2786, lateral-5: 1.3943, epsilon: 215.3467]
2025-10-26 22:22:59.331190 Epoch [048/070], Step [0001/0001], [lateral-edge: 0.7559, lateral-2: 1.2065, lateral-3: 1.2537, lateral-4: 1.2758, lateral-5: 1.3922, epsilon: 219.1726]
2025-10-26 22:23:03.170210 Epoch [049/070], Step [0001/0001], [lateral-edge: 0.7557, lateral-2: 1.2022, lateral-3: 1.2497, lateral-4: 1.2730, lateral-5: 1.3901, epsilon: 222.9906]
[Saving Snapshot:] ./Snapshots/save_weights/Inf-Net_DP/batch_64/run_3/noise_multiplier_0.7/Inf-Net-50.pth
[Privacy Budget]: ε = 222.99 (δ = 1e-05)
2025-10-26 22:23:08.401801 Epoch [050/070], Step [0001/0001], [lateral-edge: 0.7555, lateral-2: 1.1991, lateral-3: 1.2467, lateral-4: 1.2709, lateral-5: 1.3887, epsilon: 226.8009]
2025-10-26 22:23:12.372821 Epoch [051/070], Step [0001/0001], [lateral-edge: 0.7555, lateral-2: 1.1988, lateral-3: 1.2464, lateral-4: 1.2707, lateral-5: 1.3886, epsilon: 230.6037]
2025-10-26 22:23:16.329557 Epoch [052/070], Step [0001/0001], [lateral-edge: 0.7555, lateral-2: 1.1988, lateral-3: 1.2463, lateral-4: 1.2707, lateral-5: 1.3885, epsilon: 234.3994]
2025-10-26 22:23:19.802816 Epoch [053/070], Step [0001/0001], [lateral-edge: 0.7555, lateral-2: 1.1988, lateral-3: 1.2463, lateral-4: 1.2707, lateral-5: 1.3885, epsilon: 238.1880]
2025-10-26 22:23:23.829118 Epoch [054/070], Step [0001/0001], [lateral-edge: 0.7555, lateral-2: 1.1988, lateral-3: 1.2463, lateral-4: 1.2707, lateral-5: 1.3885, epsilon: 241.9698]
2025-10-26 22:23:27.850066 Epoch [055/070], Step [0001/0001], [lateral-edge: 0.7555, lateral-2: 1.1988, lateral-3: 1.2463, lateral-4: 1.2707, lateral-5: 1.3885, epsilon: 245.7450]
2025-10-26 22:23:31.222799 Epoch [056/070], Step [0001/0001], [lateral-edge: 0.7555, lateral-2: 1.1988, lateral-3: 1.2463, lateral-4: 1.2707, lateral-5: 1.3885, epsilon: 249.5137]
2025-10-26 22:23:34.964685 Epoch [057/070], Step [0001/0001], [lateral-edge: 0.7555, lateral-2: 1.1988, lateral-3: 1.2463, lateral-4: 1.2707, lateral-5: 1.3885, epsilon: 253.2762]
2025-10-26 22:23:39.101340 Epoch [058/070], Step [0001/0001], [lateral-edge: 0.7555, lateral-2: 1.1988, lateral-3: 1.2463, lateral-4: 1.2707, lateral-5: 1.3885, epsilon: 257.0325]
2025-10-26 22:23:43.825629 Epoch [059/070], Step [0001/0001], [lateral-edge: 0.7555, lateral-2: 1.1988, lateral-3: 1.2463, lateral-4: 1.2707, lateral-5: 1.3885, epsilon: 260.7829]
[Saving Snapshot:] ./Snapshots/save_weights/Inf-Net_DP/batch_64/run_3/noise_multiplier_0.7/Inf-Net-60.pth
[Privacy Budget]: ε = 260.78 (δ = 1e-05)
2025-10-26 22:23:50.187572 Epoch [060/070], Step [0001/0001], [lateral-edge: 0.7555, lateral-2: 1.1988, lateral-3: 1.2463, lateral-4: 1.2707, lateral-5: 1.3885, epsilon: 264.5275]
2025-10-26 22:23:53.987295 Epoch [061/070], Step [0001/0001], [lateral-edge: 0.7555, lateral-2: 1.1988, lateral-3: 1.2463, lateral-4: 1.2707, lateral-5: 1.3885, epsilon: 268.2664]
2025-10-26 22:23:58.348480 Epoch [062/070], Step [0001/0001], [lateral-edge: 0.7555, lateral-2: 1.1988, lateral-3: 1.2463, lateral-4: 1.2707, lateral-5: 1.3885, epsilon: 271.9998]
2025-10-26 22:24:02.728387 Epoch [063/070], Step [0001/0001], [lateral-edge: 0.7555, lateral-2: 1.1988, lateral-3: 1.2463, lateral-4: 1.2707, lateral-5: 1.3885, epsilon: 275.7278]
2025-10-26 22:24:07.199782 Epoch [064/070], Step [0001/0001], [lateral-edge: 0.7555, lateral-2: 1.1988, lateral-3: 1.2463, lateral-4: 1.2707, lateral-5: 1.3885, epsilon: 279.4506]
2025-10-26 22:24:11.848209 Epoch [065/070], Step [0001/0001], [lateral-edge: 0.7555, lateral-2: 1.1988, lateral-3: 1.2463, lateral-4: 1.2707, lateral-5: 1.3885, epsilon: 283.1682]
2025-10-26 22:24:16.278180 Epoch [066/070], Step [0001/0001], [lateral-edge: 0.7555, lateral-2: 1.1988, lateral-3: 1.2463, lateral-4: 1.2707, lateral-5: 1.3885, epsilon: 286.8808]
2025-10-26 22:24:20.803396 Epoch [067/070], Step [0001/0001], [lateral-edge: 0.7555, lateral-2: 1.1988, lateral-3: 1.2463, lateral-4: 1.2707, lateral-5: 1.3885, epsilon: 290.5885]
2025-10-26 22:24:25.286225 Epoch [068/070], Step [0001/0001], [lateral-edge: 0.7555, lateral-2: 1.1988, lateral-3: 1.2463, lateral-4: 1.2707, lateral-5: 1.3885, epsilon: 294.2913]
2025-10-26 22:24:29.895994 Epoch [069/070], Step [0001/0001], [lateral-edge: 0.7555, lateral-2: 1.1988, lateral-3: 1.2463, lateral-4: 1.2707, lateral-5: 1.3885, epsilon: 297.9895]
[Saving Snapshot:] ./Snapshots/save_weights/Inf-Net_DP/batch_64/run_3/noise_multiplier_0.7/Inf-Net-70.pth
[Privacy Budget]: ε = 297.99 (δ = 1e-05)
2025-10-26 22:24:36.241103 Epoch [070/070], Step [0001/0001], [lateral-edge: 0.7555, lateral-2: 1.1988, lateral-3: 1.2463, lateral-4: 1.2707, lateral-5: 1.3885, epsilon: 301.6831]
Training completed at Sun Oct 26 22:24:37 CET 2025
