Model loading: UNet with GroupNorm
Model is compatible with differential privacy
Not loading weights from weights file
###################################################################### 
Start Training (UNet-DP)
Network: UNet
Batch Size: 24
DP Enabled (ε=8.0, δ=1e-05, clipping=nsgd)
Morphology: both
Architecture: GroupNorm (with DP)
Save Path: ./Snapshots/save_weights/UNet_DP_Morph/both/batch_24/run_2/epsilon_8/nsgd
Run: 2
Namespace(network='UNet', epoch=100, lr=0.0001, batchsize=24, trainsize=352, clip=0.5, decay_rate=0.1, decay_epoch=50, is_thop=False, gpu_device=0, num_workers=8, net_channel=32, init_features=32, n_classes=1, in_channels=3, backbone='Res2Net50', deep_supervision=False, train_path='./Dataset/TrainingSet/LungInfection-Train/Doctor-label', is_semi=False, is_pseudo=False, train_save=None, run=2, enable_privacy=True, epsilon=8.0, max_grad_norm=1.2, delta=1e-05, clipping_strategy='nsgd', enable_morphology=True, morph_operation='both', morph_kernel_size=3, device='cuda')
 ######################################################################
2025-11-09 01:05:36.431675 Epoch [001/100], Step [0003/0003], Loss: 1.4897, ε: 0.7150
2025-11-09 01:05:37.995411 Epoch [002/100], Step [0003/0003], Loss: 1.4994, ε: 0.9882
2025-11-09 01:05:39.530839 Epoch [003/100], Step [0003/0003], Loss: 1.4756, ε: 1.2032
2025-11-09 01:05:41.113043 Epoch [004/100], Step [0003/0003], Loss: 1.4821, ε: 1.3879
2025-11-09 01:05:43.046702 Epoch [005/100], Step [0003/0003], Loss: 1.4836, ε: 1.5530
2025-11-09 01:05:44.724960 Epoch [006/100], Step [0003/0003], Loss: 1.4828, ε: 1.7041
2025-11-09 01:05:46.296473 Epoch [007/100], Step [0003/0003], Loss: 1.4628, ε: 1.8446
2025-11-09 01:05:47.794840 Epoch [008/100], Step [0003/0003], Loss: 1.4786, ε: 1.9766
2025-11-09 01:05:49.585555 Epoch [009/100], Step [0003/0003], Loss: 1.4711, ε: 2.1017
[Saving Snapshot:] ./Snapshots/save_weights/UNet_DP_Morph/both/batch_24/run_2/epsilon_8/nsgd/UNet-10.pth
[Privacy Budget]: ε = 2.10 (δ = 1e-05)
2025-11-09 01:05:51.488656 Epoch [010/100], Step [0003/0003], Loss: 1.4746, ε: 2.2209
2025-11-09 01:05:53.295770 Epoch [011/100], Step [0003/0003], Loss: 1.4767, ε: 2.3352
2025-11-09 01:05:54.927097 Epoch [012/100], Step [0003/0003], Loss: 1.4782, ε: 2.4452
2025-11-09 01:05:56.553746 Epoch [013/100], Step [0003/0003], Loss: 1.4965, ε: 2.5514
2025-11-09 01:05:58.230365 Epoch [014/100], Step [0003/0003], Loss: 1.4773, ε: 2.6542
2025-11-09 01:05:59.957585 Epoch [015/100], Step [0003/0003], Loss: 1.4742, ε: 2.7540
2025-11-09 01:06:01.526871 Epoch [016/100], Step [0003/0003], Loss: 1.4756, ε: 2.8510
2025-11-09 01:06:03.271248 Epoch [017/100], Step [0003/0003], Loss: 1.4739, ε: 2.9456
2025-11-09 01:06:04.890443 Epoch [018/100], Step [0003/0003], Loss: 1.4881, ε: 3.0379
2025-11-09 01:06:06.599881 Epoch [019/100], Step [0003/0003], Loss: 1.4848, ε: 3.1281
[Saving Snapshot:] ./Snapshots/save_weights/UNet_DP_Morph/both/batch_24/run_2/epsilon_8/nsgd/UNet-20.pth
[Privacy Budget]: ε = 3.13 (δ = 1e-05)
2025-11-09 01:06:08.848709 Epoch [020/100], Step [0003/0003], Loss: 1.4744, ε: 3.2164
2025-11-09 01:06:10.442629 Epoch [021/100], Step [0003/0003], Loss: 1.4654, ε: 3.3029
2025-11-09 01:06:12.145900 Epoch [022/100], Step [0003/0003], Loss: 1.4626, ε: 3.3878
2025-11-09 01:06:13.853635 Epoch [023/100], Step [0003/0003], Loss: 1.4568, ε: 3.4711
2025-11-09 01:06:15.477943 Epoch [024/100], Step [0003/0003], Loss: 1.4563, ε: 3.5529
2025-11-09 01:06:17.166328 Epoch [025/100], Step [0003/0003], Loss: 1.4741, ε: 3.6334
2025-11-09 01:06:18.721527 Epoch [026/100], Step [0003/0003], Loss: 1.4717, ε: 3.7126
2025-11-09 01:06:20.260735 Epoch [027/100], Step [0003/0003], Loss: 1.4606, ε: 3.7905
2025-11-09 01:06:21.948513 Epoch [028/100], Step [0003/0003], Loss: 1.4628, ε: 3.8674
2025-11-09 01:06:23.575231 Epoch [029/100], Step [0003/0003], Loss: 1.4676, ε: 3.9431
[Saving Snapshot:] ./Snapshots/save_weights/UNet_DP_Morph/both/batch_24/run_2/epsilon_8/nsgd/UNet-30.pth
[Privacy Budget]: ε = 3.94 (δ = 1e-05)
2025-11-09 01:06:25.698144 Epoch [030/100], Step [0003/0003], Loss: 1.4770, ε: 4.0179
2025-11-09 01:06:27.333006 Epoch [031/100], Step [0003/0003], Loss: 1.4492, ε: 4.0916
2025-11-09 01:06:28.896377 Epoch [032/100], Step [0003/0003], Loss: 1.4538, ε: 4.1644
2025-11-09 01:06:30.569672 Epoch [033/100], Step [0003/0003], Loss: 1.4643, ε: 4.2363
2025-11-09 01:06:32.468504 Epoch [034/100], Step [0003/0003], Loss: 1.4472, ε: 4.3074
2025-11-09 01:06:34.076600 Epoch [035/100], Step [0003/0003], Loss: 1.4544, ε: 4.3776
2025-11-09 01:06:35.762304 Epoch [036/100], Step [0003/0003], Loss: 1.4601, ε: 4.4471
2025-11-09 01:06:37.485088 Epoch [037/100], Step [0003/0003], Loss: 1.4554, ε: 4.5158
2025-11-09 01:06:39.206714 Epoch [038/100], Step [0003/0003], Loss: 1.4503, ε: 4.5838
2025-11-09 01:06:40.756187 Epoch [039/100], Step [0003/0003], Loss: 1.4419, ε: 4.6511
[Saving Snapshot:] ./Snapshots/save_weights/UNet_DP_Morph/both/batch_24/run_2/epsilon_8/nsgd/UNet-40.pth
[Privacy Budget]: ε = 4.65 (δ = 1e-05)
2025-11-09 01:06:42.848168 Epoch [040/100], Step [0003/0003], Loss: 1.4670, ε: 4.7177
2025-11-09 01:06:44.591104 Epoch [041/100], Step [0003/0003], Loss: 1.4627, ε: 4.7837
2025-11-09 01:06:46.148442 Epoch [042/100], Step [0003/0003], Loss: 1.4523, ε: 4.8491
2025-11-09 01:06:47.734462 Epoch [043/100], Step [0003/0003], Loss: 1.4534, ε: 4.9139
2025-11-09 01:06:49.374106 Epoch [044/100], Step [0003/0003], Loss: 1.4478, ε: 4.9781
2025-11-09 01:06:51.013477 Epoch [045/100], Step [0003/0003], Loss: 1.4415, ε: 5.0418
2025-11-09 01:06:52.617224 Epoch [046/100], Step [0003/0003], Loss: 1.4386, ε: 5.1049
2025-11-09 01:06:54.212933 Epoch [047/100], Step [0003/0003], Loss: 1.4519, ε: 5.1675
2025-11-09 01:06:55.974129 Epoch [048/100], Step [0003/0003], Loss: 1.4425, ε: 5.2296
2025-11-09 01:06:57.747549 Epoch [049/100], Step [0003/0003], Loss: 1.4337, ε: 5.2912
[Saving Snapshot:] ./Snapshots/save_weights/UNet_DP_Morph/both/batch_24/run_2/epsilon_8/nsgd/UNet-50.pth
[Privacy Budget]: ε = 5.29 (δ = 1e-05)
2025-11-09 01:06:59.952532 Epoch [050/100], Step [0003/0003], Loss: 1.4483, ε: 5.3523
2025-11-09 01:07:01.625415 Epoch [051/100], Step [0003/0003], Loss: 1.4286, ε: 5.4129
2025-11-09 01:07:03.255511 Epoch [052/100], Step [0003/0003], Loss: 1.4469, ε: 5.4732
2025-11-09 01:07:04.974617 Epoch [053/100], Step [0003/0003], Loss: 1.4340, ε: 5.5329
2025-11-09 01:07:06.632537 Epoch [054/100], Step [0003/0003], Loss: 1.4321, ε: 5.5923
2025-11-09 01:07:08.210853 Epoch [055/100], Step [0003/0003], Loss: 1.4406, ε: 5.6512
2025-11-09 01:07:09.943619 Epoch [056/100], Step [0003/0003], Loss: 1.4429, ε: 5.7098
2025-11-09 01:07:11.588080 Epoch [057/100], Step [0003/0003], Loss: 1.4428, ε: 5.7679
2025-11-09 01:07:13.331778 Epoch [058/100], Step [0003/0003], Loss: 1.4504, ε: 5.8257
2025-11-09 01:07:15.121963 Epoch [059/100], Step [0003/0003], Loss: 1.4356, ε: 5.8831
[Saving Snapshot:] ./Snapshots/save_weights/UNet_DP_Morph/both/batch_24/run_2/epsilon_8/nsgd/UNet-60.pth
[Privacy Budget]: ε = 5.88 (δ = 1e-05)
2025-11-09 01:07:17.313272 Epoch [060/100], Step [0003/0003], Loss: 1.4440, ε: 5.9401
2025-11-09 01:07:19.124991 Epoch [061/100], Step [0003/0003], Loss: 1.4589, ε: 5.9968
2025-11-09 01:07:20.711327 Epoch [062/100], Step [0003/0003], Loss: 1.4247, ε: 6.0532
2025-11-09 01:07:22.351313 Epoch [063/100], Step [0003/0003], Loss: 1.4361, ε: 6.1092
2025-11-09 01:07:24.142950 Epoch [064/100], Step [0003/0003], Loss: 1.4534, ε: 6.1649
2025-11-09 01:07:26.330566 Epoch [065/100], Step [0003/0003], Loss: 1.4329, ε: 6.2202
2025-11-09 01:07:28.046216 Epoch [066/100], Step [0003/0003], Loss: 1.4562, ε: 6.2753
2025-11-09 01:07:29.840642 Epoch [067/100], Step [0003/0003], Loss: 1.4312, ε: 6.3300
2025-11-09 01:07:31.526797 Epoch [068/100], Step [0003/0003], Loss: 1.4435, ε: 6.3845
2025-11-09 01:07:33.059036 Epoch [069/100], Step [0003/0003], Loss: 1.4583, ε: 6.4386
[Saving Snapshot:] ./Snapshots/save_weights/UNet_DP_Morph/both/batch_24/run_2/epsilon_8/nsgd/UNet-70.pth
[Privacy Budget]: ε = 6.44 (δ = 1e-05)
2025-11-09 01:07:35.138206 Epoch [070/100], Step [0003/0003], Loss: 1.4406, ε: 6.4925
2025-11-09 01:07:36.829299 Epoch [071/100], Step [0003/0003], Loss: 1.4399, ε: 6.5461
2025-11-09 01:07:38.528283 Epoch [072/100], Step [0003/0003], Loss: 1.4439, ε: 6.5994
2025-11-09 01:07:40.123660 Epoch [073/100], Step [0003/0003], Loss: 1.4468, ε: 6.6524
2025-11-09 01:07:41.686535 Epoch [074/100], Step [0003/0003], Loss: 1.4463, ε: 6.7052
2025-11-09 01:07:43.371484 Epoch [075/100], Step [0003/0003], Loss: 1.4459, ε: 6.7577
2025-11-09 01:07:44.861508 Epoch [076/100], Step [0003/0003], Loss: 1.4671, ε: 6.8100
2025-11-09 01:07:46.469389 Epoch [077/100], Step [0003/0003], Loss: 1.4370, ε: 6.8620
2025-11-09 01:07:48.069550 Epoch [078/100], Step [0003/0003], Loss: 1.4441, ε: 6.9138
2025-11-09 01:07:49.780061 Epoch [079/100], Step [0003/0003], Loss: 1.4364, ε: 6.9653
[Saving Snapshot:] ./Snapshots/save_weights/UNet_DP_Morph/both/batch_24/run_2/epsilon_8/nsgd/UNet-80.pth
[Privacy Budget]: ε = 6.97 (δ = 1e-05)
2025-11-09 01:07:51.861137 Epoch [080/100], Step [0003/0003], Loss: 1.4470, ε: 7.0166
2025-11-09 01:07:53.474811 Epoch [081/100], Step [0003/0003], Loss: 1.4293, ε: 7.0677
2025-11-09 01:07:55.222538 Epoch [082/100], Step [0003/0003], Loss: 1.4472, ε: 7.1186
2025-11-09 01:07:56.784665 Epoch [083/100], Step [0003/0003], Loss: 1.4479, ε: 7.1692
2025-11-09 01:07:58.424026 Epoch [084/100], Step [0003/0003], Loss: 1.4354, ε: 7.2196
2025-11-09 01:08:00.160782 Epoch [085/100], Step [0003/0003], Loss: 1.4404, ε: 7.2698
2025-11-09 01:08:01.844714 Epoch [086/100], Step [0003/0003], Loss: 1.4408, ε: 7.3198
2025-11-09 01:08:03.445640 Epoch [087/100], Step [0003/0003], Loss: 1.4346, ε: 7.3695
2025-11-09 01:08:05.151159 Epoch [088/100], Step [0003/0003], Loss: 1.4567, ε: 7.4191
2025-11-09 01:08:06.770843 Epoch [089/100], Step [0003/0003], Loss: 1.4433, ε: 7.4685
[Saving Snapshot:] ./Snapshots/save_weights/UNet_DP_Morph/both/batch_24/run_2/epsilon_8/nsgd/UNet-90.pth
[Privacy Budget]: ε = 7.47 (δ = 1e-05)
2025-11-09 01:08:08.784048 Epoch [090/100], Step [0003/0003], Loss: 1.4267, ε: 7.5177
2025-11-09 01:08:10.521763 Epoch [091/100], Step [0003/0003], Loss: 1.4528, ε: 7.5666
2025-11-09 01:08:12.253222 Epoch [092/100], Step [0003/0003], Loss: 1.4434, ε: 7.6154
2025-11-09 01:08:14.132090 Epoch [093/100], Step [0003/0003], Loss: 1.4474, ε: 7.6640
2025-11-09 01:08:15.811519 Epoch [094/100], Step [0003/0003], Loss: 1.4383, ε: 7.7125
2025-11-09 01:08:17.498205 Epoch [095/100], Step [0003/0003], Loss: 1.4451, ε: 7.7607
2025-11-09 01:08:19.215054 Epoch [096/100], Step [0003/0003], Loss: 1.4352, ε: 7.8088
2025-11-09 01:08:20.913196 Epoch [097/100], Step [0003/0003], Loss: 1.4251, ε: 7.8566
2025-11-09 01:08:22.609820 Epoch [098/100], Step [0003/0003], Loss: 1.4452, ε: 7.9043
2025-11-09 01:08:24.249963 Epoch [099/100], Step [0003/0003], Loss: 1.4324, ε: 7.9519
[Saving Snapshot:] ./Snapshots/save_weights/UNet_DP_Morph/both/batch_24/run_2/epsilon_8/nsgd/UNet-100.pth
[Privacy Budget]: ε = 7.95 (δ = 1e-05)
2025-11-09 01:08:26.463062 Epoch [100/100], Step [0003/0003], Loss: 1.4426, ε: 7.9993
Training completed at Sun Nov  9 01:08:27 CET 2025
