Model loading: UNet with GroupNorm
Model is compatible with differential privacy
Not loading weights from weights file
###################################################################### 
Start Training (UNet-DP)
Network: UNet
Batch Size: 64
DP Enabled (ε=200.0, δ=1e-05, clipping=nsgd)
Morphology: Disabled
Architecture: GroupNorm (with DP)
Save Path: ./Snapshots/save_weights/UNet_DP/batch_64/run_2/epsilon_200/nsgd
Run: 2
Namespace(network='UNet', epoch=100, lr=0.0001, batchsize=64, trainsize=352, clip=0.5, decay_rate=0.1, decay_epoch=50, is_thop=False, gpu_device=0, num_workers=8, net_channel=32, init_features=32, n_classes=1, in_channels=3, backbone='Res2Net50', deep_supervision=False, train_path='./Dataset/TrainingSet/LungInfection-Train/Doctor-label', is_semi=False, is_pseudo=False, train_save=None, run=2, enable_privacy=True, epsilon=200.0, max_grad_norm=1.2, delta=1e-05, clipping_strategy='nsgd', enable_morphology=False, morph_operation='both', morph_kernel_size=3, device='cuda')
 ######################################################################
2025-11-09 01:04:46.244248 Epoch [001/100], Step [0001/0001], Loss: 1.5729, ε: 7.7601
2025-11-09 01:04:47.720799 Epoch [002/100], Step [0001/0001], Loss: 1.5689, ε: 11.8691
2025-11-09 01:04:49.474481 Epoch [003/100], Step [0001/0001], Loss: 1.5649, ε: 15.3422
2025-11-09 01:04:51.237994 Epoch [004/100], Step [0001/0001], Loss: 1.5608, ε: 18.4832
2025-11-09 01:04:52.991546 Epoch [005/100], Step [0001/0001], Loss: 1.5568, ε: 21.4108
2025-11-09 01:04:54.749630 Epoch [006/100], Step [0001/0001], Loss: 1.5529, ε: 24.1863
2025-11-09 01:04:56.470459 Epoch [007/100], Step [0001/0001], Loss: 1.5493, ε: 26.8462
2025-11-09 01:04:58.161845 Epoch [008/100], Step [0001/0001], Loss: 1.5457, ε: 29.4143
2025-11-09 01:04:59.834457 Epoch [009/100], Step [0001/0001], Loss: 1.5423, ε: 31.9073
[Saving Snapshot:] ./Snapshots/save_weights/UNet_DP/batch_64/run_2/epsilon_200/nsgd/UNet-10.pth
[Privacy Budget]: ε = 31.91 (δ = 1e-05)
2025-11-09 01:05:01.597069 Epoch [010/100], Step [0001/0001], Loss: 1.5390, ε: 34.3373
2025-11-09 01:05:03.262180 Epoch [011/100], Step [0001/0001], Loss: 1.5359, ε: 36.7135
2025-11-09 01:05:04.905016 Epoch [012/100], Step [0001/0001], Loss: 1.5329, ε: 39.0431
2025-11-09 01:05:06.518239 Epoch [013/100], Step [0001/0001], Loss: 1.5300, ε: 41.3317
2025-11-09 01:05:08.128007 Epoch [014/100], Step [0001/0001], Loss: 1.5271, ε: 43.5839
2025-11-09 01:05:09.692059 Epoch [015/100], Step [0001/0001], Loss: 1.5244, ε: 45.8036
2025-11-09 01:05:11.223186 Epoch [016/100], Step [0001/0001], Loss: 1.5217, ε: 47.9939
2025-11-09 01:05:12.750087 Epoch [017/100], Step [0001/0001], Loss: 1.5192, ε: 50.1575
2025-11-09 01:05:14.295182 Epoch [018/100], Step [0001/0001], Loss: 1.5167, ε: 52.2968
2025-11-09 01:05:15.850040 Epoch [019/100], Step [0001/0001], Loss: 1.5143, ε: 54.4137
[Saving Snapshot:] ./Snapshots/save_weights/UNet_DP/batch_64/run_2/epsilon_200/nsgd/UNet-20.pth
[Privacy Budget]: ε = 54.41 (δ = 1e-05)
2025-11-09 01:05:17.531256 Epoch [020/100], Step [0001/0001], Loss: 1.5119, ε: 56.5100
2025-11-09 01:05:19.001597 Epoch [021/100], Step [0001/0001], Loss: 1.5096, ε: 58.5871
2025-11-09 01:05:20.785061 Epoch [022/100], Step [0001/0001], Loss: 1.5074, ε: 60.6465
2025-11-09 01:05:22.192020 Epoch [023/100], Step [0001/0001], Loss: 1.5052, ε: 62.6893
2025-11-09 01:05:23.764158 Epoch [024/100], Step [0001/0001], Loss: 1.5030, ε: 64.7166
2025-11-09 01:05:25.327302 Epoch [025/100], Step [0001/0001], Loss: 1.5009, ε: 66.7293
2025-11-09 01:05:26.903168 Epoch [026/100], Step [0001/0001], Loss: 1.4988, ε: 68.7283
2025-11-09 01:05:28.458856 Epoch [027/100], Step [0001/0001], Loss: 1.4968, ε: 70.7144
2025-11-09 01:05:30.037413 Epoch [028/100], Step [0001/0001], Loss: 1.4947, ε: 72.6884
2025-11-09 01:05:31.631438 Epoch [029/100], Step [0001/0001], Loss: 1.4928, ε: 74.6507
[Saving Snapshot:] ./Snapshots/save_weights/UNet_DP/batch_64/run_2/epsilon_200/nsgd/UNet-30.pth
[Privacy Budget]: ε = 74.65 (δ = 1e-05)
2025-11-09 01:05:33.367376 Epoch [030/100], Step [0001/0001], Loss: 1.4908, ε: 76.6021
2025-11-09 01:05:34.934499 Epoch [031/100], Step [0001/0001], Loss: 1.4889, ε: 78.5430
2025-11-09 01:05:36.412480 Epoch [032/100], Step [0001/0001], Loss: 1.4870, ε: 80.4740
2025-11-09 01:05:38.031789 Epoch [033/100], Step [0001/0001], Loss: 1.4852, ε: 82.3955
2025-11-09 01:05:39.715971 Epoch [034/100], Step [0001/0001], Loss: 1.4834, ε: 84.3080
2025-11-09 01:05:41.322518 Epoch [035/100], Step [0001/0001], Loss: 1.4815, ε: 86.2118
2025-11-09 01:05:42.885418 Epoch [036/100], Step [0001/0001], Loss: 1.4798, ε: 88.1073
2025-11-09 01:05:44.438368 Epoch [037/100], Step [0001/0001], Loss: 1.4780, ε: 89.9949
2025-11-09 01:05:45.927531 Epoch [038/100], Step [0001/0001], Loss: 1.4763, ε: 91.8749
2025-11-09 01:05:47.648015 Epoch [039/100], Step [0001/0001], Loss: 1.4746, ε: 93.7475
[Saving Snapshot:] ./Snapshots/save_weights/UNet_DP/batch_64/run_2/epsilon_200/nsgd/UNet-40.pth
[Privacy Budget]: ε = 93.75 (δ = 1e-05)
2025-11-09 01:05:49.469289 Epoch [040/100], Step [0001/0001], Loss: 1.4729, ε: 95.6131
2025-11-09 01:05:51.099850 Epoch [041/100], Step [0001/0001], Loss: 1.4713, ε: 97.4719
2025-11-09 01:05:52.681606 Epoch [042/100], Step [0001/0001], Loss: 1.4697, ε: 99.3242
2025-11-09 01:05:54.238185 Epoch [043/100], Step [0001/0001], Loss: 1.4681, ε: 101.1701
2025-11-09 01:05:55.944276 Epoch [044/100], Step [0001/0001], Loss: 1.4666, ε: 103.0100
2025-11-09 01:05:57.578230 Epoch [045/100], Step [0001/0001], Loss: 1.4650, ε: 104.8439
2025-11-09 01:05:59.183171 Epoch [046/100], Step [0001/0001], Loss: 1.4635, ε: 106.6722
2025-11-09 01:06:00.807794 Epoch [047/100], Step [0001/0001], Loss: 1.4620, ε: 108.4950
2025-11-09 01:06:02.413242 Epoch [048/100], Step [0001/0001], Loss: 1.4605, ε: 110.3124
2025-11-09 01:06:04.052858 Epoch [049/100], Step [0001/0001], Loss: 1.4590, ε: 112.1247
[Saving Snapshot:] ./Snapshots/save_weights/UNet_DP/batch_64/run_2/epsilon_200/nsgd/UNet-50.pth
[Privacy Budget]: ε = 112.12 (δ = 1e-05)
2025-11-09 01:06:06.086220 Epoch [050/100], Step [0001/0001], Loss: 1.4576, ε: 113.9319
2025-11-09 01:06:07.740595 Epoch [051/100], Step [0001/0001], Loss: 1.4574, ε: 115.7343
2025-11-09 01:06:09.215033 Epoch [052/100], Step [0001/0001], Loss: 1.4574, ε: 117.5320
2025-11-09 01:06:10.851860 Epoch [053/100], Step [0001/0001], Loss: 1.4574, ε: 119.3251
2025-11-09 01:06:12.704335 Epoch [054/100], Step [0001/0001], Loss: 1.4574, ε: 121.1137
2025-11-09 01:06:14.375275 Epoch [055/100], Step [0001/0001], Loss: 1.4574, ε: 122.8980
2025-11-09 01:06:15.884006 Epoch [056/100], Step [0001/0001], Loss: 1.4574, ε: 124.6781
2025-11-09 01:06:17.535164 Epoch [057/100], Step [0001/0001], Loss: 1.4574, ε: 126.4540
2025-11-09 01:06:19.405265 Epoch [058/100], Step [0001/0001], Loss: 1.4574, ε: 128.2260
2025-11-09 01:06:21.130679 Epoch [059/100], Step [0001/0001], Loss: 1.4574, ε: 129.9941
[Saving Snapshot:] ./Snapshots/save_weights/UNet_DP/batch_64/run_2/epsilon_200/nsgd/UNet-60.pth
[Privacy Budget]: ε = 129.99 (δ = 1e-05)
2025-11-09 01:06:23.319830 Epoch [060/100], Step [0001/0001], Loss: 1.4574, ε: 131.7584
2025-11-09 01:06:25.095807 Epoch [061/100], Step [0001/0001], Loss: 1.4574, ε: 133.5190
2025-11-09 01:06:26.862514 Epoch [062/100], Step [0001/0001], Loss: 1.4574, ε: 135.2759
2025-11-09 01:06:28.662912 Epoch [063/100], Step [0001/0001], Loss: 1.4574, ε: 137.0294
2025-11-09 01:06:30.461977 Epoch [064/100], Step [0001/0001], Loss: 1.4574, ε: 138.7794
2025-11-09 01:06:32.298947 Epoch [065/100], Step [0001/0001], Loss: 1.4574, ε: 140.5260
2025-11-09 01:06:34.145091 Epoch [066/100], Step [0001/0001], Loss: 1.4574, ε: 142.2694
2025-11-09 01:06:35.847984 Epoch [067/100], Step [0001/0001], Loss: 1.4574, ε: 144.0096
2025-11-09 01:06:37.519913 Epoch [068/100], Step [0001/0001], Loss: 1.4574, ε: 145.7466
2025-11-09 01:06:39.391082 Epoch [069/100], Step [0001/0001], Loss: 1.4574, ε: 147.4805
[Saving Snapshot:] ./Snapshots/save_weights/UNet_DP/batch_64/run_2/epsilon_200/nsgd/UNet-70.pth
[Privacy Budget]: ε = 147.48 (δ = 1e-05)
2025-11-09 01:06:41.710063 Epoch [070/100], Step [0001/0001], Loss: 1.4574, ε: 149.2115
2025-11-09 01:06:43.561624 Epoch [071/100], Step [0001/0001], Loss: 1.4574, ε: 150.9395
2025-11-09 01:06:45.203117 Epoch [072/100], Step [0001/0001], Loss: 1.4574, ε: 152.6646
2025-11-09 01:06:46.895766 Epoch [073/100], Step [0001/0001], Loss: 1.4574, ε: 154.3869
2025-11-09 01:06:48.786178 Epoch [074/100], Step [0001/0001], Loss: 1.4574, ε: 156.1064
2025-11-09 01:06:50.426875 Epoch [075/100], Step [0001/0001], Loss: 1.4574, ε: 157.8233
2025-11-09 01:06:52.393667 Epoch [076/100], Step [0001/0001], Loss: 1.4574, ε: 159.5375
2025-11-09 01:06:54.373814 Epoch [077/100], Step [0001/0001], Loss: 1.4574, ε: 161.2490
2025-11-09 01:06:56.360054 Epoch [078/100], Step [0001/0001], Loss: 1.4574, ε: 162.9581
2025-11-09 01:06:58.151161 Epoch [079/100], Step [0001/0001], Loss: 1.4574, ε: 164.6646
[Saving Snapshot:] ./Snapshots/save_weights/UNet_DP/batch_64/run_2/epsilon_200/nsgd/UNet-80.pth
[Privacy Budget]: ε = 164.66 (δ = 1e-05)
2025-11-09 01:07:00.559313 Epoch [080/100], Step [0001/0001], Loss: 1.4574, ε: 166.3687
2025-11-09 01:07:02.493927 Epoch [081/100], Step [0001/0001], Loss: 1.4574, ε: 168.0704
2025-11-09 01:07:04.518672 Epoch [082/100], Step [0001/0001], Loss: 1.4574, ε: 169.7697
2025-11-09 01:07:06.228205 Epoch [083/100], Step [0001/0001], Loss: 1.4574, ε: 171.4667
2025-11-09 01:07:08.327365 Epoch [084/100], Step [0001/0001], Loss: 1.4574, ε: 173.1614
2025-11-09 01:07:10.345375 Epoch [085/100], Step [0001/0001], Loss: 1.4574, ε: 174.8539
2025-11-09 01:07:12.183499 Epoch [086/100], Step [0001/0001], Loss: 1.4574, ε: 176.5442
2025-11-09 01:07:14.384250 Epoch [087/100], Step [0001/0001], Loss: 1.4574, ε: 178.2323
2025-11-09 01:07:16.186905 Epoch [088/100], Step [0001/0001], Loss: 1.4574, ε: 179.9183
2025-11-09 01:07:17.904068 Epoch [089/100], Step [0001/0001], Loss: 1.4574, ε: 181.6022
[Saving Snapshot:] ./Snapshots/save_weights/UNet_DP/batch_64/run_2/epsilon_200/nsgd/UNet-90.pth
[Privacy Budget]: ε = 181.60 (δ = 1e-05)
2025-11-09 01:07:20.322949 Epoch [090/100], Step [0001/0001], Loss: 1.4574, ε: 183.2840
2025-11-09 01:07:22.478313 Epoch [091/100], Step [0001/0001], Loss: 1.4574, ε: 184.9639
2025-11-09 01:07:24.654500 Epoch [092/100], Step [0001/0001], Loss: 1.4574, ε: 186.6417
2025-11-09 01:07:26.532426 Epoch [093/100], Step [0001/0001], Loss: 1.4574, ε: 188.3176
2025-11-09 01:07:28.327069 Epoch [094/100], Step [0001/0001], Loss: 1.4574, ε: 189.9916
2025-11-09 01:07:30.035230 Epoch [095/100], Step [0001/0001], Loss: 1.4574, ε: 191.6637
2025-11-09 01:07:32.195187 Epoch [096/100], Step [0001/0001], Loss: 1.4574, ε: 193.3339
2025-11-09 01:07:34.383964 Epoch [097/100], Step [0001/0001], Loss: 1.4574, ε: 195.0023
2025-11-09 01:07:36.194421 Epoch [098/100], Step [0001/0001], Loss: 1.4574, ε: 196.6689
2025-11-09 01:07:38.391879 Epoch [099/100], Step [0001/0001], Loss: 1.4574, ε: 198.3337
[Saving Snapshot:] ./Snapshots/save_weights/UNet_DP/batch_64/run_2/epsilon_200/nsgd/UNet-100.pth
[Privacy Budget]: ε = 198.33 (δ = 1e-05)
2025-11-09 01:07:41.379702 Epoch [100/100], Step [0001/0001], Loss: 1.4574, ε: 199.9968
Training completed at Sun Nov  9 01:07:42 CET 2025
