Backbone loading: Res2Net50
Trainable: 31,072,721 / 33,121,721 parameters
Validator raised issues with model. Attempting auto-fix...
Original error: UnsupportedModuleError
Model successfully fixed for differential privacy
Not loading weights from weights file
###################################################################### 
Start Training (Inf_Net-DP)
Network: Inf_Net
Batch Size: 48
DP Enabled (ε=200.0, δ=1e-05, clipping=nsgd)
Morphology: both
Architecture: GroupNorm (with DP)
Save Path: ./Snapshots/save_weights/Inf-Net_DP_Morph/both/batch_48/run_3/epsilon_200/nsgd
Run: 3
Namespace(network='Inf_Net', epoch=100, lr=0.0001, batchsize=48, trainsize=352, clip=0.5, decay_rate=0.1, decay_epoch=50, is_thop=False, gpu_device=0, num_workers=8, net_channel=32, init_features=32, n_classes=1, in_channels=3, backbone='Res2Net50', deep_supervision=False, train_path='./Dataset/TrainingSet/LungInfection-Train/Doctor-label', is_semi=False, is_pseudo=False, train_save=None, run=3, enable_privacy=True, epsilon=200.0, max_grad_norm=1.2, delta=1e-05, clipping_strategy='nsgd', enable_morphology=True, morph_operation='both', morph_kernel_size=3, device='cuda')
 ######################################################################
2025-11-09 00:43:49.719426 Epoch [001/100], Step [0002/0002], [lateral-edge: 0.7824, lateral-2: 1.5985, lateral-3: 1.5535, lateral-4: 1.5665, lateral-5: 1.5311, epsilon: 21.0900]
2025-11-09 00:43:53.190111 Epoch [002/100], Step [0002/0002], [lateral-edge: 0.7820, lateral-2: 1.5397, lateral-3: 1.4963, lateral-4: 1.5136, lateral-5: 1.5143, epsilon: 30.8019]
2025-11-09 00:43:56.540318 Epoch [003/100], Step [0002/0002], [lateral-edge: 0.7833, lateral-2: 1.5155, lateral-3: 1.4862, lateral-4: 1.5064, lateral-5: 1.5165, epsilon: 38.9286]
2025-11-09 00:44:00.115173 Epoch [004/100], Step [0002/0002], [lateral-edge: 0.7816, lateral-2: 1.5108, lateral-3: 1.4711, lateral-4: 1.4873, lateral-5: 1.5088, epsilon: 46.2706]
2025-11-09 00:44:03.285733 Epoch [005/100], Step [0002/0002], [lateral-edge: 0.7817, lateral-2: 1.4816, lateral-3: 1.4351, lateral-4: 1.4551, lateral-5: 1.4936, epsilon: 53.1211]
2025-11-09 00:44:06.558878 Epoch [006/100], Step [0002/0002], [lateral-edge: 0.7808, lateral-2: 1.4830, lateral-3: 1.4487, lateral-4: 1.4623, lateral-5: 1.4971, epsilon: 59.6264]
2025-11-09 00:44:10.159738 Epoch [007/100], Step [0002/0002], [lateral-edge: 0.7804, lateral-2: 1.4636, lateral-3: 1.4378, lateral-4: 1.4503, lateral-5: 1.4892, epsilon: 65.8722]
2025-11-09 00:44:13.212424 Epoch [008/100], Step [0002/0002], [lateral-edge: 0.7805, lateral-2: 1.4835, lateral-3: 1.4303, lateral-4: 1.4474, lateral-5: 1.4859, epsilon: 71.9138]
2025-11-09 00:44:16.644388 Epoch [009/100], Step [0002/0002], [lateral-edge: 0.7799, lateral-2: 1.4536, lateral-3: 1.4196, lateral-4: 1.4348, lateral-5: 1.4826, epsilon: 77.7891]
[Saving Snapshot:] ./Snapshots/save_weights/Inf-Net_DP_Morph/both/batch_48/run_3/epsilon_200/nsgd/Inf-Net-10.pth
[Privacy Budget]: ε = 77.79 (δ = 1e-05)
2025-11-09 00:44:20.596145 Epoch [010/100], Step [0002/0002], [lateral-edge: 0.7788, lateral-2: 1.4401, lateral-3: 1.4105, lateral-4: 1.4336, lateral-5: 1.4761, epsilon: 83.5256]
2025-11-09 00:44:24.133920 Epoch [011/100], Step [0002/0002], [lateral-edge: 0.7783, lateral-2: 1.4277, lateral-3: 1.4016, lateral-4: 1.4259, lateral-5: 1.4692, epsilon: 89.1441]
2025-11-09 00:44:27.331441 Epoch [012/100], Step [0002/0002], [lateral-edge: 0.7771, lateral-2: 1.4332, lateral-3: 1.4062, lateral-4: 1.4290, lateral-5: 1.4755, epsilon: 94.6606]
2025-11-09 00:44:31.078895 Epoch [013/100], Step [0002/0002], [lateral-edge: 0.7773, lateral-2: 1.4129, lateral-3: 1.3949, lateral-4: 1.4113, lateral-5: 1.4593, epsilon: 100.0877]
2025-11-09 00:44:34.582254 Epoch [014/100], Step [0002/0002], [lateral-edge: 0.7780, lateral-2: 1.3967, lateral-3: 1.3771, lateral-4: 1.4062, lateral-5: 1.4548, epsilon: 105.4357]
2025-11-09 00:44:38.302382 Epoch [015/100], Step [0002/0002], [lateral-edge: 0.7765, lateral-2: 1.3926, lateral-3: 1.3804, lateral-4: 1.4076, lateral-5: 1.4535, epsilon: 110.7130]
2025-11-09 00:44:41.460316 Epoch [016/100], Step [0002/0002], [lateral-edge: 0.7758, lateral-2: 1.3872, lateral-3: 1.3821, lateral-4: 1.4051, lateral-5: 1.4530, epsilon: 115.9267]
2025-11-09 00:44:45.761001 Epoch [017/100], Step [0002/0002], [lateral-edge: 0.7755, lateral-2: 1.3704, lateral-3: 1.3650, lateral-4: 1.3906, lateral-5: 1.4436, epsilon: 121.0826]
2025-11-09 00:44:49.392596 Epoch [018/100], Step [0002/0002], [lateral-edge: 0.7755, lateral-2: 1.3506, lateral-3: 1.3466, lateral-4: 1.3698, lateral-5: 1.4311, epsilon: 126.1860]
2025-11-09 00:44:52.616524 Epoch [019/100], Step [0002/0002], [lateral-edge: 0.7754, lateral-2: 1.3256, lateral-3: 1.3179, lateral-4: 1.3463, lateral-5: 1.4219, epsilon: 131.2411]
[Saving Snapshot:] ./Snapshots/save_weights/Inf-Net_DP_Morph/both/batch_48/run_3/epsilon_200/nsgd/Inf-Net-20.pth
[Privacy Budget]: ε = 131.24 (δ = 1e-05)
2025-11-09 00:44:56.907412 Epoch [020/100], Step [0002/0002], [lateral-edge: 0.7751, lateral-2: 1.3131, lateral-3: 1.3030, lateral-4: 1.3388, lateral-5: 1.4103, epsilon: 136.2517]
2025-11-09 00:45:00.491463 Epoch [021/100], Step [0002/0002], [lateral-edge: 0.7734, lateral-2: 1.3388, lateral-3: 1.3366, lateral-4: 1.3627, lateral-5: 1.4244, epsilon: 141.2211]
2025-11-09 00:45:04.584315 Epoch [022/100], Step [0002/0002], [lateral-edge: 0.7737, lateral-2: 1.3313, lateral-3: 1.3356, lateral-4: 1.3640, lateral-5: 1.4166, epsilon: 146.1524]
2025-11-09 00:45:08.536325 Epoch [023/100], Step [0002/0002], [lateral-edge: 0.7725, lateral-2: 1.3155, lateral-3: 1.3250, lateral-4: 1.3545, lateral-5: 1.4192, epsilon: 151.0480]
2025-11-09 00:45:12.307859 Epoch [024/100], Step [0002/0002], [lateral-edge: 0.7722, lateral-2: 1.2853, lateral-3: 1.2965, lateral-4: 1.3270, lateral-5: 1.4004, epsilon: 155.9103]
2025-11-09 00:45:16.599553 Epoch [025/100], Step [0002/0002], [lateral-edge: 0.7729, lateral-2: 1.3023, lateral-3: 1.3089, lateral-4: 1.3507, lateral-5: 1.4002, epsilon: 160.7414]
2025-11-09 00:45:20.456172 Epoch [026/100], Step [0002/0002], [lateral-edge: 0.7723, lateral-2: 1.2909, lateral-3: 1.3008, lateral-4: 1.3304, lateral-5: 1.3981, epsilon: 165.5432]
2025-11-09 00:45:24.621234 Epoch [027/100], Step [0002/0002], [lateral-edge: 0.7714, lateral-2: 1.2740, lateral-3: 1.2849, lateral-4: 1.3210, lateral-5: 1.3935, epsilon: 170.3173]
2025-11-09 00:45:28.248115 Epoch [028/100], Step [0002/0002], [lateral-edge: 0.7707, lateral-2: 1.2481, lateral-3: 1.2683, lateral-4: 1.3060, lateral-5: 1.3876, epsilon: 175.0652]
2025-11-09 00:45:32.375068 Epoch [029/100], Step [0002/0002], [lateral-edge: 0.7681, lateral-2: 1.2674, lateral-3: 1.2959, lateral-4: 1.3225, lateral-5: 1.3914, epsilon: 179.7884]
[Saving Snapshot:] ./Snapshots/save_weights/Inf-Net_DP_Morph/both/batch_48/run_3/epsilon_200/nsgd/Inf-Net-30.pth
[Privacy Budget]: ε = 179.79 (δ = 1e-05)
2025-11-09 00:45:37.881950 Epoch [030/100], Step [0002/0002], [lateral-edge: 0.7689, lateral-2: 1.2470, lateral-3: 1.2677, lateral-4: 1.3027, lateral-5: 1.3839, epsilon: 184.4881]
2025-11-09 00:45:41.939279 Epoch [031/100], Step [0002/0002], [lateral-edge: 0.7684, lateral-2: 1.2642, lateral-3: 1.2741, lateral-4: 1.3141, lateral-5: 1.3839, epsilon: 189.1655]
2025-11-09 00:45:46.457110 Epoch [032/100], Step [0002/0002], [lateral-edge: 0.7677, lateral-2: 1.2482, lateral-3: 1.2688, lateral-4: 1.3051, lateral-5: 1.3850, epsilon: 193.8217]
2025-11-09 00:45:50.933472 Epoch [033/100], Step [0002/0002], [lateral-edge: 0.7681, lateral-2: 1.2364, lateral-3: 1.2563, lateral-4: 1.2980, lateral-5: 1.3718, epsilon: 198.4577]
2025-11-09 00:45:55.022401 Epoch [034/100], Step [0002/0002], [lateral-edge: 0.7678, lateral-2: 1.2395, lateral-3: 1.2650, lateral-4: 1.2969, lateral-5: 1.3772, epsilon: 203.0744]
2025-11-09 00:45:58.690238 Epoch [035/100], Step [0002/0002], [lateral-edge: 0.7656, lateral-2: 1.2359, lateral-3: 1.2613, lateral-4: 1.2936, lateral-5: 1.3741, epsilon: 207.6726]
2025-11-09 00:46:03.437564 Epoch [036/100], Step [0002/0002], [lateral-edge: 0.7657, lateral-2: 1.2170, lateral-3: 1.2422, lateral-4: 1.2824, lateral-5: 1.3619, epsilon: 212.2532]
2025-11-09 00:46:08.393628 Epoch [037/100], Step [0002/0002], [lateral-edge: 0.7659, lateral-2: 1.2070, lateral-3: 1.2346, lateral-4: 1.2741, lateral-5: 1.3569, epsilon: 216.8168]
2025-11-09 00:46:13.667160 Epoch [038/100], Step [0002/0002], [lateral-edge: 0.7650, lateral-2: 1.2278, lateral-3: 1.2527, lateral-4: 1.2925, lateral-5: 1.3659, epsilon: 221.3641]
2025-11-09 00:46:19.201374 Epoch [039/100], Step [0002/0002], [lateral-edge: 0.7638, lateral-2: 1.2082, lateral-3: 1.2336, lateral-4: 1.2721, lateral-5: 1.3494, epsilon: 225.8959]
[Saving Snapshot:] ./Snapshots/save_weights/Inf-Net_DP_Morph/both/batch_48/run_3/epsilon_200/nsgd/Inf-Net-40.pth
[Privacy Budget]: ε = 225.90 (δ = 1e-05)
2025-11-09 00:46:25.469760 Epoch [040/100], Step [0002/0002], [lateral-edge: 0.7646, lateral-2: 1.2047, lateral-3: 1.2224, lateral-4: 1.2695, lateral-5: 1.3411, epsilon: 230.4126]
2025-11-09 00:46:30.909463 Epoch [041/100], Step [0002/0002], [lateral-edge: 0.7630, lateral-2: 1.1979, lateral-3: 1.2202, lateral-4: 1.2610, lateral-5: 1.3497, epsilon: 234.9149]
2025-11-09 00:46:36.084562 Epoch [042/100], Step [0002/0002], [lateral-edge: 0.7627, lateral-2: 1.1918, lateral-3: 1.2202, lateral-4: 1.2604, lateral-5: 1.3362, epsilon: 239.4033]
2025-11-09 00:46:41.066351 Epoch [043/100], Step [0002/0002], [lateral-edge: 0.7616, lateral-2: 1.1760, lateral-3: 1.2065, lateral-4: 1.2543, lateral-5: 1.3335, epsilon: 243.8782]
2025-11-09 00:46:45.180383 Epoch [044/100], Step [0002/0002], [lateral-edge: 0.7619, lateral-2: 1.1828, lateral-3: 1.2117, lateral-4: 1.2502, lateral-5: 1.3342, epsilon: 248.3402]
2025-11-09 00:46:49.253553 Epoch [045/100], Step [0002/0002], [lateral-edge: 0.7597, lateral-2: 1.1990, lateral-3: 1.2379, lateral-4: 1.2731, lateral-5: 1.3475, epsilon: 252.7896]
2025-11-09 00:46:53.811100 Epoch [046/100], Step [0002/0002], [lateral-edge: 0.7607, lateral-2: 1.1744, lateral-3: 1.2065, lateral-4: 1.2492, lateral-5: 1.3291, epsilon: 257.2270]
2025-11-09 00:46:57.424968 Epoch [047/100], Step [0002/0002], [lateral-edge: 0.7602, lateral-2: 1.1664, lateral-3: 1.2044, lateral-4: 1.2448, lateral-5: 1.3361, epsilon: 261.6526]
2025-11-09 00:47:01.906829 Epoch [048/100], Step [0002/0002], [lateral-edge: 0.7590, lateral-2: 1.1604, lateral-3: 1.1958, lateral-4: 1.2371, lateral-5: 1.3219, epsilon: 266.0670]
2025-11-09 00:47:07.439027 Epoch [049/100], Step [0002/0002], [lateral-edge: 0.7589, lateral-2: 1.1533, lateral-3: 1.1901, lateral-4: 1.2376, lateral-5: 1.3139, epsilon: 270.4703]
[Saving Snapshot:] ./Snapshots/save_weights/Inf-Net_DP_Morph/both/batch_48/run_3/epsilon_200/nsgd/Inf-Net-50.pth
[Privacy Budget]: ε = 270.47 (δ = 1e-05)
2025-11-09 00:47:15.242478 Epoch [050/100], Step [0002/0002], [lateral-edge: 0.7596, lateral-2: 1.1607, lateral-3: 1.1970, lateral-4: 1.2470, lateral-5: 1.3244, epsilon: 274.8630]
2025-11-09 00:47:20.199554 Epoch [051/100], Step [0002/0002], [lateral-edge: 0.7601, lateral-2: 1.1551, lateral-3: 1.1875, lateral-4: 1.2375, lateral-5: 1.3134, epsilon: 279.2453]
2025-11-09 00:47:24.418280 Epoch [052/100], Step [0002/0002], [lateral-edge: 0.7600, lateral-2: 1.1549, lateral-3: 1.1864, lateral-4: 1.2334, lateral-5: 1.3174, epsilon: 283.6177]
2025-11-09 00:47:29.846270 Epoch [053/100], Step [0002/0002], [lateral-edge: 0.7586, lateral-2: 1.1792, lateral-3: 1.2072, lateral-4: 1.2487, lateral-5: 1.3226, epsilon: 287.9803]
2025-11-09 00:47:35.361327 Epoch [054/100], Step [0002/0002], [lateral-edge: 0.7604, lateral-2: 1.1563, lateral-3: 1.1890, lateral-4: 1.2378, lateral-5: 1.3216, epsilon: 292.3335]
2025-11-09 00:47:40.965676 Epoch [055/100], Step [0002/0002], [lateral-edge: 0.7589, lateral-2: 1.1515, lateral-3: 1.1821, lateral-4: 1.2218, lateral-5: 1.3129, epsilon: 296.6774]
2025-11-09 00:47:46.728211 Epoch [056/100], Step [0002/0002], [lateral-edge: 0.7596, lateral-2: 1.1671, lateral-3: 1.2012, lateral-4: 1.2480, lateral-5: 1.3206, epsilon: 301.0124]
2025-11-09 00:47:52.500234 Epoch [057/100], Step [0002/0002], [lateral-edge: 0.7609, lateral-2: 1.1728, lateral-3: 1.1910, lateral-4: 1.2433, lateral-5: 1.3138, epsilon: 305.3387]
2025-11-09 00:47:57.342476 Epoch [058/100], Step [0002/0002], [lateral-edge: 0.7592, lateral-2: 1.1697, lateral-3: 1.2000, lateral-4: 1.2437, lateral-5: 1.3224, epsilon: 309.6566]
2025-11-09 00:48:02.299585 Epoch [059/100], Step [0002/0002], [lateral-edge: 0.7591, lateral-2: 1.1458, lateral-3: 1.1873, lateral-4: 1.2407, lateral-5: 1.3207, epsilon: 313.9661]
[Saving Snapshot:] ./Snapshots/save_weights/Inf-Net_DP_Morph/both/batch_48/run_3/epsilon_200/nsgd/Inf-Net-60.pth
[Privacy Budget]: ε = 313.97 (δ = 1e-05)
2025-11-09 00:48:10.048434 Epoch [060/100], Step [0002/0002], [lateral-edge: 0.7599, lateral-2: 1.1548, lateral-3: 1.1850, lateral-4: 1.2341, lateral-5: 1.3171, epsilon: 318.2676]
2025-11-09 00:48:16.170636 Epoch [061/100], Step [0002/0002], [lateral-edge: 0.7592, lateral-2: 1.1425, lateral-3: 1.1826, lateral-4: 1.2331, lateral-5: 1.3110, epsilon: 322.5613]
2025-11-09 00:48:22.478189 Epoch [062/100], Step [0002/0002], [lateral-edge: 0.7607, lateral-2: 1.1768, lateral-3: 1.2046, lateral-4: 1.2466, lateral-5: 1.3254, epsilon: 326.8473]
2025-11-09 00:48:28.510873 Epoch [063/100], Step [0002/0002], [lateral-edge: 0.7599, lateral-2: 1.1711, lateral-3: 1.2027, lateral-4: 1.2444, lateral-5: 1.3253, epsilon: 331.1259]
2025-11-09 00:48:34.764866 Epoch [064/100], Step [0002/0002], [lateral-edge: 0.7584, lateral-2: 1.1417, lateral-3: 1.1792, lateral-4: 1.2222, lateral-5: 1.3106, epsilon: 335.3971]
2025-11-09 00:48:40.857671 Epoch [065/100], Step [0002/0002], [lateral-edge: 0.7575, lateral-2: 1.1429, lateral-3: 1.1829, lateral-4: 1.2253, lateral-5: 1.3117, epsilon: 339.6612]
2025-11-09 00:48:47.375542 Epoch [066/100], Step [0002/0002], [lateral-edge: 0.7588, lateral-2: 1.1626, lateral-3: 1.1943, lateral-4: 1.2379, lateral-5: 1.3253, epsilon: 343.9184]
2025-11-09 00:48:53.962784 Epoch [067/100], Step [0002/0002], [lateral-edge: 0.7592, lateral-2: 1.1659, lateral-3: 1.1991, lateral-4: 1.2445, lateral-5: 1.3271, epsilon: 348.1688]
2025-11-09 00:49:00.938350 Epoch [068/100], Step [0002/0002], [lateral-edge: 0.7594, lateral-2: 1.1577, lateral-3: 1.1939, lateral-4: 1.2381, lateral-5: 1.3248, epsilon: 352.4125]
2025-11-09 00:49:05.759969 Epoch [069/100], Step [0002/0002], [lateral-edge: 0.7602, lateral-2: 1.1528, lateral-3: 1.1861, lateral-4: 1.2391, lateral-5: 1.3145, epsilon: 356.6497]
[Saving Snapshot:] ./Snapshots/save_weights/Inf-Net_DP_Morph/both/batch_48/run_3/epsilon_200/nsgd/Inf-Net-70.pth
[Privacy Budget]: ε = 356.65 (δ = 1e-05)
2025-11-09 00:49:13.793513 Epoch [070/100], Step [0002/0002], [lateral-edge: 0.7579, lateral-2: 1.1555, lateral-3: 1.1883, lateral-4: 1.2344, lateral-5: 1.3163, epsilon: 360.8806]
2025-11-09 00:49:20.466568 Epoch [071/100], Step [0002/0002], [lateral-edge: 0.7593, lateral-2: 1.1690, lateral-3: 1.2018, lateral-4: 1.2404, lateral-5: 1.3255, epsilon: 365.1052]
2025-11-09 00:49:27.306882 Epoch [072/100], Step [0002/0002], [lateral-edge: 0.7584, lateral-2: 1.1632, lateral-3: 1.2008, lateral-4: 1.2425, lateral-5: 1.3230, epsilon: 369.3238]
2025-11-09 00:49:34.212087 Epoch [073/100], Step [0002/0002], [lateral-edge: 0.7595, lateral-2: 1.1357, lateral-3: 1.1714, lateral-4: 1.2188, lateral-5: 1.3092, epsilon: 373.5364]
2025-11-09 00:49:41.432674 Epoch [074/100], Step [0002/0002], [lateral-edge: 0.7584, lateral-2: 1.1659, lateral-3: 1.2010, lateral-4: 1.2418, lateral-5: 1.3227, epsilon: 377.7431]
2025-11-09 00:49:50.231832 Epoch [075/100], Step [0002/0002], [lateral-edge: 0.7593, lateral-2: 1.1560, lateral-3: 1.1915, lateral-4: 1.2343, lateral-5: 1.3206, epsilon: 381.9441]
2025-11-09 00:49:57.665162 Epoch [076/100], Step [0002/0002], [lateral-edge: 0.7607, lateral-2: 1.1519, lateral-3: 1.1828, lateral-4: 1.2299, lateral-5: 1.3168, epsilon: 386.1395]
2025-11-09 00:50:05.313559 Epoch [077/100], Step [0002/0002], [lateral-edge: 0.7591, lateral-2: 1.1438, lateral-3: 1.1789, lateral-4: 1.2281, lateral-5: 1.3078, epsilon: 390.3294]
2025-11-09 00:50:12.990023 Epoch [078/100], Step [0002/0002], [lateral-edge: 0.7602, lateral-2: 1.1667, lateral-3: 1.1903, lateral-4: 1.2375, lateral-5: 1.3186, epsilon: 394.5139]
2025-11-09 00:50:22.530332 Epoch [079/100], Step [0002/0002], [lateral-edge: 0.7592, lateral-2: 1.1751, lateral-3: 1.2067, lateral-4: 1.2503, lateral-5: 1.3348, epsilon: 398.6931]
[Saving Snapshot:] ./Snapshots/save_weights/Inf-Net_DP_Morph/both/batch_48/run_3/epsilon_200/nsgd/Inf-Net-80.pth
[Privacy Budget]: ε = 398.69 (δ = 1e-05)
2025-11-09 00:50:36.301348 Epoch [080/100], Step [0002/0002], [lateral-edge: 0.7591, lateral-2: 1.1624, lateral-3: 1.1976, lateral-4: 1.2417, lateral-5: 1.3218, epsilon: 402.8671]
2025-11-09 00:50:43.844380 Epoch [081/100], Step [0002/0002], [lateral-edge: 0.7586, lateral-2: 1.1548, lateral-3: 1.1955, lateral-4: 1.2355, lateral-5: 1.3204, epsilon: 407.0361]
2025-11-09 00:50:51.929494 Epoch [082/100], Step [0002/0002], [lateral-edge: 0.7580, lateral-2: 1.1625, lateral-3: 1.1966, lateral-4: 1.2333, lateral-5: 1.3269, epsilon: 411.2000]
2025-11-09 00:50:59.418333 Epoch [083/100], Step [0002/0002], [lateral-edge: 0.7602, lateral-2: 1.1490, lateral-3: 1.1850, lateral-4: 1.2322, lateral-5: 1.3160, epsilon: 415.3590]
2025-11-09 00:51:06.839385 Epoch [084/100], Step [0002/0002], [lateral-edge: 0.7588, lateral-2: 1.1542, lateral-3: 1.1917, lateral-4: 1.2413, lateral-5: 1.3239, epsilon: 419.5133]
2025-11-09 00:51:13.342924 Epoch [085/100], Step [0002/0002], [lateral-edge: 0.7588, lateral-2: 1.1605, lateral-3: 1.1982, lateral-4: 1.2388, lateral-5: 1.3198, epsilon: 423.6627]
2025-11-09 00:51:21.315803 Epoch [086/100], Step [0002/0002], [lateral-edge: 0.7592, lateral-2: 1.1527, lateral-3: 1.1901, lateral-4: 1.2399, lateral-5: 1.3188, epsilon: 427.8076]
2025-11-09 00:51:28.894980 Epoch [087/100], Step [0002/0002], [lateral-edge: 0.7591, lateral-2: 1.1593, lateral-3: 1.1963, lateral-4: 1.2413, lateral-5: 1.3184, epsilon: 431.9478]
2025-11-09 00:51:36.779975 Epoch [088/100], Step [0002/0002], [lateral-edge: 0.7600, lateral-2: 1.1664, lateral-3: 1.1962, lateral-4: 1.2457, lateral-5: 1.3212, epsilon: 436.0836]
2025-11-09 00:51:44.730754 Epoch [089/100], Step [0002/0002], [lateral-edge: 0.7600, lateral-2: 1.1775, lateral-3: 1.2048, lateral-4: 1.2441, lateral-5: 1.3269, epsilon: 440.2150]
[Saving Snapshot:] ./Snapshots/save_weights/Inf-Net_DP_Morph/both/batch_48/run_3/epsilon_200/nsgd/Inf-Net-90.pth
[Privacy Budget]: ε = 440.21 (δ = 1e-05)
2025-11-09 00:51:56.461228 Epoch [090/100], Step [0002/0002], [lateral-edge: 0.7591, lateral-2: 1.1449, lateral-3: 1.1818, lateral-4: 1.2247, lateral-5: 1.3177, epsilon: 444.3420]
2025-11-09 00:52:04.767726 Epoch [091/100], Step [0002/0002], [lateral-edge: 0.7600, lateral-2: 1.1507, lateral-3: 1.1891, lateral-4: 1.2404, lateral-5: 1.3199, epsilon: 448.4648]
2025-11-09 00:52:13.403534 Epoch [092/100], Step [0002/0002], [lateral-edge: 0.7585, lateral-2: 1.1454, lateral-3: 1.1778, lateral-4: 1.2275, lateral-5: 1.3039, epsilon: 452.5833]
2025-11-09 00:52:19.595152 Epoch [093/100], Step [0002/0002], [lateral-edge: 0.7596, lateral-2: 1.1582, lateral-3: 1.1921, lateral-4: 1.2374, lateral-5: 1.3176, epsilon: 456.6978]
2025-11-09 00:52:30.964171 Epoch [094/100], Step [0002/0002], [lateral-edge: 0.7588, lateral-2: 1.1546, lateral-3: 1.1873, lateral-4: 1.2338, lateral-5: 1.3199, epsilon: 460.8081]
2025-11-09 00:52:36.299450 Epoch [095/100], Step [0002/0002], [lateral-edge: 0.7595, lateral-2: 1.1526, lateral-3: 1.1858, lateral-4: 1.2348, lateral-5: 1.3155, epsilon: 464.9145]
2025-11-09 00:52:42.083909 Epoch [096/100], Step [0002/0002], [lateral-edge: 0.7580, lateral-2: 1.1543, lateral-3: 1.1945, lateral-4: 1.2311, lateral-5: 1.3227, epsilon: 469.0170]
2025-11-09 00:52:54.093774 Epoch [097/100], Step [0002/0002], [lateral-edge: 0.7589, lateral-2: 1.1530, lateral-3: 1.1955, lateral-4: 1.2421, lateral-5: 1.3218, epsilon: 473.1155]
2025-11-09 00:53:02.845549 Epoch [098/100], Step [0002/0002], [lateral-edge: 0.7583, lateral-2: 1.1632, lateral-3: 1.2003, lateral-4: 1.2471, lateral-5: 1.3300, epsilon: 477.2103]
2025-11-09 00:53:16.276401 Epoch [099/100], Step [0002/0002], [lateral-edge: 0.7595, lateral-2: 1.1610, lateral-3: 1.1992, lateral-4: 1.2436, lateral-5: 1.3235, epsilon: 481.3013]
[Saving Snapshot:] ./Snapshots/save_weights/Inf-Net_DP_Morph/both/batch_48/run_3/epsilon_200/nsgd/Inf-Net-100.pth
[Privacy Budget]: ε = 481.30 (δ = 1e-05)
2025-11-09 00:53:33.609022 Epoch [100/100], Step [0002/0002], [lateral-edge: 0.7599, lateral-2: 1.1519, lateral-3: 1.1830, lateral-4: 1.2256, lateral-5: 1.3160, epsilon: 485.3886]
Training completed at Sun Nov  9 00:53:35 CET 2025
