Backbone loading: Res2Net50
Freezing unused branches for DP compatibility...
Trainable: 31,072,721 / 33,121,721 parameters
Not loading weights from weights file
Validator raised issues with model. Attempting auto-fix...
Original error: UnsupportedModuleError
Model successfully fixed for differential privacy
###################################################################### 
Start Training (Inf-Net-Res2Net50)
Backbone: Res2Net50
Batch Size: 24
Privacy: DP Enabled (ε budget, δ=1e-05)
Morphology: both
Save Path: ./Snapshots/save_weights/Inf-Net_DP_Morph/both/batch_24/run_2/noise_multiplier_0.7
Run: 2
Namespace(epoch=70, lr=0.0001, batchsize=24, trainsize=352, clip=0.5, decay_rate=0.1, decay_epoch=50, is_thop=False, gpu_device=0, num_workers=4, net_channel=32, n_classes=1, backbone='Res2Net50', train_path='./Dataset/TrainingSet/LungInfection-Train/Doctor-label', is_semi=False, is_pseudo=False, train_save=None, run=2, enable_privacy=True, noise_multiplier=0.7, max_grad_norm=1.2, delta=1e-05, enable_morphology=True, morph_operation='both', morph_kernel_size=3, device='cuda')
 ######################################################################
2025-10-26 23:09:09.224463 Epoch [001/070], Step [0003/0003], [lateral-edge: 0.7762, lateral-2: 1.5829, lateral-3: 1.5812, lateral-4: 1.5498, lateral-5: 1.5260, epsilon: 13.0161]
2025-10-26 23:09:15.172894 Epoch [002/070], Step [0003/0003], [lateral-edge: 0.7777, lateral-2: 1.5499, lateral-3: 1.5383, lateral-4: 1.5178, lateral-5: 1.5220, epsilon: 18.1087]
2025-10-26 23:09:20.335604 Epoch [003/070], Step [0003/0003], [lateral-edge: 0.7768, lateral-2: 1.5199, lateral-3: 1.5182, lateral-4: 1.5051, lateral-5: 1.5163, epsilon: 22.3086]
2025-10-26 23:09:24.908790 Epoch [004/070], Step [0003/0003], [lateral-edge: 0.7733, lateral-2: 1.4735, lateral-3: 1.4717, lateral-4: 1.4469, lateral-5: 1.4860, epsilon: 26.0579]
2025-10-26 23:09:29.543910 Epoch [005/070], Step [0003/0003], [lateral-edge: 0.7717, lateral-2: 1.4636, lateral-3: 1.4794, lateral-4: 1.4637, lateral-5: 1.4976, epsilon: 29.5225]
2025-10-26 23:09:34.701102 Epoch [006/070], Step [0003/0003], [lateral-edge: 0.7718, lateral-2: 1.4419, lateral-3: 1.4608, lateral-4: 1.4367, lateral-5: 1.4843, epsilon: 32.7861]
2025-10-26 23:09:39.806413 Epoch [007/070], Step [0003/0003], [lateral-edge: 0.7707, lateral-2: 1.4357, lateral-3: 1.4592, lateral-4: 1.4423, lateral-5: 1.4828, epsilon: 35.8981]
2025-10-26 23:09:44.257204 Epoch [008/070], Step [0003/0003], [lateral-edge: 0.7692, lateral-2: 1.4316, lateral-3: 1.4548, lateral-4: 1.4417, lateral-5: 1.4816, epsilon: 38.8904]
2025-10-26 23:09:49.644684 Epoch [009/070], Step [0003/0003], [lateral-edge: 0.7678, lateral-2: 1.4075, lateral-3: 1.4387, lateral-4: 1.4169, lateral-5: 1.4708, epsilon: 41.7851]
[Saving Snapshot:] ./Snapshots/save_weights/Inf-Net_DP_Morph/both/batch_24/run_2/noise_multiplier_0.7/Inf-Net-10.pth
[Privacy Budget]: ε = 41.79 (δ = 1e-05)
2025-10-26 23:09:55.652763 Epoch [010/070], Step [0003/0003], [lateral-edge: 0.7679, lateral-2: 1.3890, lateral-3: 1.4293, lateral-4: 1.4164, lateral-5: 1.4615, epsilon: 44.5982]
2025-10-26 23:10:00.237078 Epoch [011/070], Step [0003/0003], [lateral-edge: 0.7671, lateral-2: 1.4198, lateral-3: 1.4372, lateral-4: 1.4385, lateral-5: 1.4737, epsilon: 47.3417]
2025-10-26 23:10:05.146156 Epoch [012/070], Step [0003/0003], [lateral-edge: 0.7669, lateral-2: 1.3648, lateral-3: 1.4092, lateral-4: 1.3936, lateral-5: 1.4522, epsilon: 50.0252]
2025-10-26 23:10:10.298282 Epoch [013/070], Step [0003/0003], [lateral-edge: 0.7649, lateral-2: 1.3724, lateral-3: 1.4104, lateral-4: 1.4028, lateral-5: 1.4576, epsilon: 52.6558]
2025-10-26 23:10:15.137812 Epoch [014/070], Step [0003/0003], [lateral-edge: 0.7659, lateral-2: 1.3696, lateral-3: 1.4048, lateral-4: 1.4101, lateral-5: 1.4579, epsilon: 55.2398]
2025-10-26 23:10:20.606385 Epoch [015/070], Step [0003/0003], [lateral-edge: 0.7659, lateral-2: 1.4114, lateral-3: 1.4248, lateral-4: 1.4402, lateral-5: 1.4750, epsilon: 57.7820]
2025-10-26 23:10:25.257857 Epoch [016/070], Step [0003/0003], [lateral-edge: 0.7634, lateral-2: 1.3513, lateral-3: 1.3901, lateral-4: 1.3926, lateral-5: 1.4527, epsilon: 60.2865]
2025-10-26 23:10:30.308983 Epoch [017/070], Step [0003/0003], [lateral-edge: 0.7634, lateral-2: 1.3530, lateral-3: 1.3868, lateral-4: 1.3927, lateral-5: 1.4511, epsilon: 62.7569]
2025-10-26 23:10:35.874769 Epoch [018/070], Step [0003/0003], [lateral-edge: 0.7621, lateral-2: 1.3466, lateral-3: 1.3792, lateral-4: 1.3803, lateral-5: 1.4467, epsilon: 65.1962]
2025-10-26 23:10:40.562072 Epoch [019/070], Step [0003/0003], [lateral-edge: 0.7613, lateral-2: 1.3281, lateral-3: 1.3779, lateral-4: 1.3808, lateral-5: 1.4464, epsilon: 67.6068]
[Saving Snapshot:] ./Snapshots/save_weights/Inf-Net_DP_Morph/both/batch_24/run_2/noise_multiplier_0.7/Inf-Net-20.pth
[Privacy Budget]: ε = 67.61 (δ = 1e-05)
2025-10-26 23:10:46.546494 Epoch [020/070], Step [0003/0003], [lateral-edge: 0.7594, lateral-2: 1.3094, lateral-3: 1.3562, lateral-4: 1.3491, lateral-5: 1.4319, epsilon: 69.9911]
2025-10-26 23:10:51.926925 Epoch [021/070], Step [0003/0003], [lateral-edge: 0.7586, lateral-2: 1.3099, lateral-3: 1.3478, lateral-4: 1.3622, lateral-5: 1.4345, epsilon: 72.3510]
2025-10-26 23:10:57.348123 Epoch [022/070], Step [0003/0003], [lateral-edge: 0.7581, lateral-2: 1.3044, lateral-3: 1.3493, lateral-4: 1.3410, lateral-5: 1.4249, epsilon: 74.6883]
2025-10-26 23:11:02.518764 Epoch [023/070], Step [0003/0003], [lateral-edge: 0.7572, lateral-2: 1.3034, lateral-3: 1.3468, lateral-4: 1.3522, lateral-5: 1.4300, epsilon: 77.0044]
2025-10-26 23:11:07.425173 Epoch [024/070], Step [0003/0003], [lateral-edge: 0.7573, lateral-2: 1.2827, lateral-3: 1.3316, lateral-4: 1.3394, lateral-5: 1.4229, epsilon: 79.3008]
2025-10-26 23:11:12.461450 Epoch [025/070], Step [0003/0003], [lateral-edge: 0.7570, lateral-2: 1.3075, lateral-3: 1.3445, lateral-4: 1.3554, lateral-5: 1.4334, epsilon: 81.5786]
2025-10-26 23:11:17.602780 Epoch [026/070], Step [0003/0003], [lateral-edge: 0.7548, lateral-2: 1.2664, lateral-3: 1.3110, lateral-4: 1.3114, lateral-5: 1.4047, epsilon: 83.8390]
2025-10-26 23:11:23.018871 Epoch [027/070], Step [0003/0003], [lateral-edge: 0.7546, lateral-2: 1.2716, lateral-3: 1.3115, lateral-4: 1.3156, lateral-5: 1.4090, epsilon: 86.0830]
2025-10-26 23:11:28.018179 Epoch [028/070], Step [0003/0003], [lateral-edge: 0.7543, lateral-2: 1.2844, lateral-3: 1.3188, lateral-4: 1.3286, lateral-5: 1.4140, epsilon: 88.3114]
2025-10-26 23:11:33.492751 Epoch [029/070], Step [0003/0003], [lateral-edge: 0.7540, lateral-2: 1.2545, lateral-3: 1.2986, lateral-4: 1.3144, lateral-5: 1.4061, epsilon: 90.5251]
[Saving Snapshot:] ./Snapshots/save_weights/Inf-Net_DP_Morph/both/batch_24/run_2/noise_multiplier_0.7/Inf-Net-30.pth
[Privacy Budget]: ε = 90.53 (δ = 1e-05)
2025-10-26 23:11:39.972118 Epoch [030/070], Step [0003/0003], [lateral-edge: 0.7534, lateral-2: 1.2813, lateral-3: 1.3031, lateral-4: 1.3165, lateral-5: 1.4083, epsilon: 92.7249]
2025-10-26 23:11:44.801893 Epoch [031/070], Step [0003/0003], [lateral-edge: 0.7539, lateral-2: 1.2543, lateral-3: 1.2953, lateral-4: 1.3162, lateral-5: 1.4031, epsilon: 94.9115]
2025-10-26 23:11:49.782639 Epoch [032/070], Step [0003/0003], [lateral-edge: 0.7527, lateral-2: 1.2541, lateral-3: 1.2876, lateral-4: 1.3124, lateral-5: 1.4008, epsilon: 97.0854]
2025-10-26 23:11:55.169539 Epoch [033/070], Step [0003/0003], [lateral-edge: 0.7531, lateral-2: 1.2373, lateral-3: 1.2860, lateral-4: 1.3041, lateral-5: 1.3955, epsilon: 99.2473]
2025-10-26 23:12:00.010177 Epoch [034/070], Step [0003/0003], [lateral-edge: 0.7525, lateral-2: 1.2603, lateral-3: 1.2915, lateral-4: 1.3023, lateral-5: 1.3979, epsilon: 101.3977]
2025-10-26 23:12:05.225064 Epoch [035/070], Step [0003/0003], [lateral-edge: 0.7523, lateral-2: 1.2319, lateral-3: 1.2768, lateral-4: 1.2956, lateral-5: 1.3911, epsilon: 103.5372]
2025-10-26 23:12:10.974010 Epoch [036/070], Step [0003/0003], [lateral-edge: 0.7529, lateral-2: 1.2482, lateral-3: 1.2849, lateral-4: 1.3045, lateral-5: 1.3938, epsilon: 105.6661]
2025-10-26 23:12:16.252426 Epoch [037/070], Step [0003/0003], [lateral-edge: 0.7503, lateral-2: 1.2121, lateral-3: 1.2561, lateral-4: 1.2700, lateral-5: 1.3753, epsilon: 107.7849]
2025-10-26 23:12:21.667541 Epoch [038/070], Step [0003/0003], [lateral-edge: 0.7515, lateral-2: 1.2051, lateral-3: 1.2527, lateral-4: 1.2751, lateral-5: 1.3794, epsilon: 109.8941]
2025-10-26 23:12:27.083640 Epoch [039/070], Step [0003/0003], [lateral-edge: 0.7492, lateral-2: 1.2018, lateral-3: 1.2635, lateral-4: 1.2807, lateral-5: 1.3809, epsilon: 111.9940]
[Saving Snapshot:] ./Snapshots/save_weights/Inf-Net_DP_Morph/both/batch_24/run_2/noise_multiplier_0.7/Inf-Net-40.pth
[Privacy Budget]: ε = 111.99 (δ = 1e-05)
2025-10-26 23:12:33.566600 Epoch [040/070], Step [0003/0003], [lateral-edge: 0.7493, lateral-2: 1.1784, lateral-3: 1.2402, lateral-4: 1.2592, lateral-5: 1.3620, epsilon: 114.0850]
2025-10-26 23:12:38.578163 Epoch [041/070], Step [0003/0003], [lateral-edge: 0.7500, lateral-2: 1.2125, lateral-3: 1.2524, lateral-4: 1.2725, lateral-5: 1.3718, epsilon: 116.1673]
2025-10-26 23:12:44.310476 Epoch [042/070], Step [0003/0003], [lateral-edge: 0.7507, lateral-2: 1.2221, lateral-3: 1.2468, lateral-4: 1.2687, lateral-5: 1.3707, epsilon: 118.2414]
2025-10-26 23:12:49.935052 Epoch [043/070], Step [0003/0003], [lateral-edge: 0.7509, lateral-2: 1.2124, lateral-3: 1.2440, lateral-4: 1.2649, lateral-5: 1.3663, epsilon: 120.3075]
2025-10-26 23:12:55.489822 Epoch [044/070], Step [0003/0003], [lateral-edge: 0.7502, lateral-2: 1.1781, lateral-3: 1.2233, lateral-4: 1.2451, lateral-5: 1.3524, epsilon: 122.3658]
2025-10-26 23:13:01.490612 Epoch [045/070], Step [0003/0003], [lateral-edge: 0.7493, lateral-2: 1.1933, lateral-3: 1.2323, lateral-4: 1.2647, lateral-5: 1.3653, epsilon: 124.4167]
2025-10-26 23:13:07.378018 Epoch [046/070], Step [0003/0003], [lateral-edge: 0.7491, lateral-2: 1.2081, lateral-3: 1.2320, lateral-4: 1.2544, lateral-5: 1.3601, epsilon: 126.4605]
2025-10-26 23:13:12.854109 Epoch [047/070], Step [0003/0003], [lateral-edge: 0.7477, lateral-2: 1.1781, lateral-3: 1.2122, lateral-4: 1.2487, lateral-5: 1.3540, epsilon: 128.4972]
2025-10-26 23:13:18.882420 Epoch [048/070], Step [0003/0003], [lateral-edge: 0.7470, lateral-2: 1.1588, lateral-3: 1.2148, lateral-4: 1.2438, lateral-5: 1.3523, epsilon: 130.5272]
2025-10-26 23:13:24.308141 Epoch [049/070], Step [0003/0003], [lateral-edge: 0.7457, lateral-2: 1.1580, lateral-3: 1.2160, lateral-4: 1.2469, lateral-5: 1.3552, epsilon: 132.5506]
[Saving Snapshot:] ./Snapshots/save_weights/Inf-Net_DP_Morph/both/batch_24/run_2/noise_multiplier_0.7/Inf-Net-50.pth
[Privacy Budget]: ε = 132.55 (δ = 1e-05)
2025-10-26 23:13:31.265490 Epoch [050/070], Step [0003/0003], [lateral-edge: 0.7463, lateral-2: 1.1835, lateral-3: 1.2331, lateral-4: 1.2548, lateral-5: 1.3557, epsilon: 134.5677]
2025-10-26 23:13:37.517828 Epoch [051/070], Step [0003/0003], [lateral-edge: 0.7465, lateral-2: 1.1697, lateral-3: 1.2176, lateral-4: 1.2524, lateral-5: 1.3514, epsilon: 136.5787]
2025-10-26 23:13:42.872297 Epoch [052/070], Step [0003/0003], [lateral-edge: 0.7466, lateral-2: 1.1683, lateral-3: 1.2083, lateral-4: 1.2395, lateral-5: 1.3516, epsilon: 138.5836]
2025-10-26 23:13:49.010134 Epoch [053/070], Step [0003/0003], [lateral-edge: 0.7481, lateral-2: 1.1922, lateral-3: 1.2185, lateral-4: 1.2522, lateral-5: 1.3561, epsilon: 140.5828]
2025-10-26 23:13:55.276110 Epoch [054/070], Step [0003/0003], [lateral-edge: 0.7472, lateral-2: 1.1839, lateral-3: 1.2276, lateral-4: 1.2559, lateral-5: 1.3554, epsilon: 142.5763]
2025-10-26 23:14:01.339883 Epoch [055/070], Step [0003/0003], [lateral-edge: 0.7474, lateral-2: 1.1690, lateral-3: 1.2035, lateral-4: 1.2419, lateral-5: 1.3468, epsilon: 144.5644]
2025-10-26 23:14:06.653365 Epoch [056/070], Step [0003/0003], [lateral-edge: 0.7461, lateral-2: 1.1656, lateral-3: 1.2138, lateral-4: 1.2449, lateral-5: 1.3532, epsilon: 146.5471]
2025-10-26 23:14:12.878524 Epoch [057/070], Step [0003/0003], [lateral-edge: 0.7455, lateral-2: 1.1681, lateral-3: 1.2109, lateral-4: 1.2387, lateral-5: 1.3514, epsilon: 148.5247]
2025-10-26 23:14:19.003554 Epoch [058/070], Step [0003/0003], [lateral-edge: 0.7457, lateral-2: 1.1897, lateral-3: 1.2288, lateral-4: 1.2532, lateral-5: 1.3528, epsilon: 150.4971]
2025-10-26 23:14:25.374657 Epoch [059/070], Step [0003/0003], [lateral-edge: 0.7476, lateral-2: 1.1810, lateral-3: 1.2198, lateral-4: 1.2487, lateral-5: 1.3578, epsilon: 152.4647]
[Saving Snapshot:] ./Snapshots/save_weights/Inf-Net_DP_Morph/both/batch_24/run_2/noise_multiplier_0.7/Inf-Net-60.pth
[Privacy Budget]: ε = 152.46 (δ = 1e-05)
2025-10-26 23:14:33.834683 Epoch [060/070], Step [0003/0003], [lateral-edge: 0.7466, lateral-2: 1.1708, lateral-3: 1.2092, lateral-4: 1.2418, lateral-5: 1.3498, epsilon: 154.4275]
2025-10-26 23:14:40.700091 Epoch [061/070], Step [0003/0003], [lateral-edge: 0.7451, lateral-2: 1.1596, lateral-3: 1.1988, lateral-4: 1.2315, lateral-5: 1.3401, epsilon: 156.3855]
2025-10-26 23:14:46.319089 Epoch [062/070], Step [0003/0003], [lateral-edge: 0.7472, lateral-2: 1.1830, lateral-3: 1.2075, lateral-4: 1.2437, lateral-5: 1.3484, epsilon: 158.3391]
2025-10-26 23:14:51.888813 Epoch [063/070], Step [0003/0003], [lateral-edge: 0.7454, lateral-2: 1.1461, lateral-3: 1.1945, lateral-4: 1.2318, lateral-5: 1.3464, epsilon: 160.2881]
2025-10-26 23:14:57.415677 Epoch [064/070], Step [0003/0003], [lateral-edge: 0.7473, lateral-2: 1.1718, lateral-3: 1.2227, lateral-4: 1.2462, lateral-5: 1.3598, epsilon: 162.2328]
2025-10-26 23:15:03.960193 Epoch [065/070], Step [0003/0003], [lateral-edge: 0.7466, lateral-2: 1.1646, lateral-3: 1.2075, lateral-4: 1.2402, lateral-5: 1.3477, epsilon: 164.1733]
2025-10-26 23:15:10.232099 Epoch [066/070], Step [0003/0003], [lateral-edge: 0.7469, lateral-2: 1.1738, lateral-3: 1.2165, lateral-4: 1.2556, lateral-5: 1.3593, epsilon: 166.1096]
2025-10-26 23:15:16.826551 Epoch [067/070], Step [0003/0003], [lateral-edge: 0.7466, lateral-2: 1.1502, lateral-3: 1.1967, lateral-4: 1.2323, lateral-5: 1.3462, epsilon: 168.0419]
2025-10-26 23:15:23.364149 Epoch [068/070], Step [0003/0003], [lateral-edge: 0.7466, lateral-2: 1.1766, lateral-3: 1.2089, lateral-4: 1.2436, lateral-5: 1.3502, epsilon: 169.9702]
2025-10-26 23:15:29.342388 Epoch [069/070], Step [0003/0003], [lateral-edge: 0.7459, lateral-2: 1.1847, lateral-3: 1.2242, lateral-4: 1.2538, lateral-5: 1.3505, epsilon: 171.8946]
[Saving Snapshot:] ./Snapshots/save_weights/Inf-Net_DP_Morph/both/batch_24/run_2/noise_multiplier_0.7/Inf-Net-70.pth
[Privacy Budget]: ε = 171.89 (δ = 1e-05)
2025-10-26 23:15:37.915549 Epoch [070/070], Step [0003/0003], [lateral-edge: 0.7459, lateral-2: 1.1618, lateral-3: 1.2169, lateral-4: 1.2459, lateral-5: 1.3525, epsilon: 173.8152]
Training completed at Sun Oct 26 23:15:39 CET 2025
