Backbone loading: Res2Net50
Freezing unused branches for DP compatibility...
Trainable: 31,072,721 / 33,121,721 parameters
Not loading weights from weights file
Validator raised issues with model. Attempting auto-fix...
Original error: UnsupportedModuleError
Model successfully fixed for differential privacy
###################################################################### 
Start Training (Inf-Net-Res2Net50)
Backbone: Res2Net50
Batch Size: 64
Privacy: DP Enabled (ε budget, δ=1e-05)
Morphology: both
Save Path: ./Snapshots/save_weights/Inf-Net_DP_Morph/both/batch_64/run_1/noise_multiplier_0.5
Run: 1
Namespace(epoch=70, lr=0.0001, batchsize=64, trainsize=352, clip=0.5, decay_rate=0.1, decay_epoch=50, is_thop=False, gpu_device=0, num_workers=4, net_channel=32, n_classes=1, backbone='Res2Net50', train_path='./Dataset/TrainingSet/LungInfection-Train/Doctor-label', is_semi=False, is_pseudo=False, train_save=None, run=1, enable_privacy=True, noise_multiplier=0.5, max_grad_norm=1.2, delta=1e-05, enable_morphology=True, morph_operation='both', morph_kernel_size=3, device='cuda')
 ######################################################################
2025-10-27 00:14:57.081262 Epoch [001/070], Step [0001/0001], [lateral-edge: 0.7715, lateral-2: 1.7433, lateral-3: 1.5946, lateral-4: 1.5592, lateral-5: 1.5600, epsilon: 20.1358]
2025-10-27 00:14:59.853440 Epoch [002/070], Step [0001/0001], [lateral-edge: 0.7713, lateral-2: 1.6531, lateral-3: 1.5476, lateral-4: 1.5254, lateral-5: 1.5490, epsilon: 32.1878]
2025-10-27 00:15:02.674727 Epoch [003/070], Step [0001/0001], [lateral-edge: 0.7710, lateral-2: 1.6048, lateral-3: 1.5224, lateral-4: 1.5046, lateral-5: 1.5393, epsilon: 42.8474]
2025-10-27 00:15:05.647147 Epoch [004/070], Step [0001/0001], [lateral-edge: 0.7707, lateral-2: 1.5661, lateral-3: 1.5016, lateral-4: 1.4861, lateral-5: 1.5310, epsilon: 52.7822]
2025-10-27 00:15:08.492277 Epoch [005/070], Step [0001/0001], [lateral-edge: 0.7705, lateral-2: 1.5354, lateral-3: 1.4853, lateral-4: 1.4710, lateral-5: 1.5235, epsilon: 62.2524]
2025-10-27 00:15:11.347677 Epoch [006/070], Step [0001/0001], [lateral-edge: 0.7702, lateral-2: 1.5088, lateral-3: 1.4716, lateral-4: 1.4594, lateral-5: 1.5162, epsilon: 71.3920]
2025-10-27 00:15:14.204020 Epoch [007/070], Step [0001/0001], [lateral-edge: 0.7699, lateral-2: 1.4840, lateral-3: 1.4589, lateral-4: 1.4496, lateral-5: 1.5090, epsilon: 80.2807]
2025-10-27 00:15:17.143468 Epoch [008/070], Step [0001/0001], [lateral-edge: 0.7696, lateral-2: 1.4609, lateral-3: 1.4466, lateral-4: 1.4407, lateral-5: 1.5020, epsilon: 88.9705]
2025-10-27 00:15:20.033360 Epoch [009/070], Step [0001/0001], [lateral-edge: 0.7692, lateral-2: 1.4403, lateral-3: 1.4346, lateral-4: 1.4327, lateral-5: 1.4954, epsilon: 97.4977]
[Saving Snapshot:] ./Snapshots/save_weights/Inf-Net_DP_Morph/both/batch_64/run_1/noise_multiplier_0.5/Inf-Net-10.pth
[Privacy Budget]: ε = 97.50 (δ = 1e-05)
2025-10-27 00:15:23.426163 Epoch [010/070], Step [0001/0001], [lateral-edge: 0.7690, lateral-2: 1.4218, lateral-3: 1.4232, lateral-4: 1.4255, lateral-5: 1.4890, epsilon: 105.8885]
2025-10-27 00:15:26.283239 Epoch [011/070], Step [0001/0001], [lateral-edge: 0.7687, lateral-2: 1.4051, lateral-3: 1.4122, lateral-4: 1.4182, lateral-5: 1.4829, epsilon: 114.1630]
2025-10-27 00:15:29.290695 Epoch [012/070], Step [0001/0001], [lateral-edge: 0.7684, lateral-2: 1.3899, lateral-3: 1.4014, lateral-4: 1.4109, lateral-5: 1.4769, epsilon: 122.3367]
2025-10-27 00:15:32.408511 Epoch [013/070], Step [0001/0001], [lateral-edge: 0.7681, lateral-2: 1.3754, lateral-3: 1.3910, lateral-4: 1.4035, lateral-5: 1.4711, epsilon: 130.4219]
2025-10-27 00:15:35.480290 Epoch [014/070], Step [0001/0001], [lateral-edge: 0.7679, lateral-2: 1.3621, lateral-3: 1.3807, lateral-4: 1.3959, lateral-5: 1.4655, epsilon: 138.4286]
2025-10-27 00:15:38.395942 Epoch [015/070], Step [0001/0001], [lateral-edge: 0.7676, lateral-2: 1.3493, lateral-3: 1.3707, lateral-4: 1.3883, lateral-5: 1.4599, epsilon: 146.3650]
2025-10-27 00:15:41.552405 Epoch [016/070], Step [0001/0001], [lateral-edge: 0.7674, lateral-2: 1.3372, lateral-3: 1.3610, lateral-4: 1.3807, lateral-5: 1.4546, epsilon: 154.2382]
2025-10-27 00:15:44.448763 Epoch [017/070], Step [0001/0001], [lateral-edge: 0.7671, lateral-2: 1.3254, lateral-3: 1.3516, lateral-4: 1.3731, lateral-5: 1.4496, epsilon: 162.0538]
2025-10-27 00:15:47.763694 Epoch [018/070], Step [0001/0001], [lateral-edge: 0.7669, lateral-2: 1.3141, lateral-3: 1.3421, lateral-4: 1.3653, lateral-5: 1.4445, epsilon: 169.8169]
2025-10-27 00:15:50.766850 Epoch [019/070], Step [0001/0001], [lateral-edge: 0.7666, lateral-2: 1.3035, lateral-3: 1.3329, lateral-4: 1.3576, lateral-5: 1.4392, epsilon: 177.5318]
[Saving Snapshot:] ./Snapshots/save_weights/Inf-Net_DP_Morph/both/batch_64/run_1/noise_multiplier_0.5/Inf-Net-20.pth
[Privacy Budget]: ε = 177.53 (δ = 1e-05)
2025-10-27 00:15:54.599593 Epoch [020/070], Step [0001/0001], [lateral-edge: 0.7663, lateral-2: 1.2934, lateral-3: 1.3238, lateral-4: 1.3500, lateral-5: 1.4338, epsilon: 185.2022]
2025-10-27 00:15:57.923334 Epoch [021/070], Step [0001/0001], [lateral-edge: 0.7661, lateral-2: 1.2839, lateral-3: 1.3150, lateral-4: 1.3423, lateral-5: 1.4285, epsilon: 192.8315]
2025-10-27 00:16:01.409972 Epoch [022/070], Step [0001/0001], [lateral-edge: 0.7658, lateral-2: 1.2750, lateral-3: 1.3061, lateral-4: 1.3351, lateral-5: 1.4234, epsilon: 200.4226]
2025-10-27 00:16:04.830076 Epoch [023/070], Step [0001/0001], [lateral-edge: 0.7655, lateral-2: 1.2665, lateral-3: 1.2976, lateral-4: 1.3281, lateral-5: 1.4184, epsilon: 207.9779]
2025-10-27 00:16:07.905964 Epoch [024/070], Step [0001/0001], [lateral-edge: 0.7652, lateral-2: 1.2582, lateral-3: 1.2892, lateral-4: 1.3212, lateral-5: 1.4134, epsilon: 215.4999]
2025-10-27 00:16:11.405974 Epoch [025/070], Step [0001/0001], [lateral-edge: 0.7649, lateral-2: 1.2500, lateral-3: 1.2810, lateral-4: 1.3146, lateral-5: 1.4086, epsilon: 222.9906]
2025-10-27 00:16:15.079570 Epoch [026/070], Step [0001/0001], [lateral-edge: 0.7645, lateral-2: 1.2421, lateral-3: 1.2732, lateral-4: 1.3082, lateral-5: 1.4036, epsilon: 230.4518]
2025-10-27 00:16:18.802754 Epoch [027/070], Step [0001/0001], [lateral-edge: 0.7643, lateral-2: 1.2344, lateral-3: 1.2659, lateral-4: 1.3018, lateral-5: 1.3986, epsilon: 237.8852]
2025-10-27 00:16:22.495838 Epoch [028/070], Step [0001/0001], [lateral-edge: 0.7640, lateral-2: 1.2269, lateral-3: 1.2588, lateral-4: 1.2954, lateral-5: 1.3938, epsilon: 245.2923]
2025-10-27 00:16:26.252579 Epoch [029/070], Step [0001/0001], [lateral-edge: 0.7637, lateral-2: 1.2196, lateral-3: 1.2520, lateral-4: 1.2893, lateral-5: 1.3891, epsilon: 252.6746]
[Saving Snapshot:] ./Snapshots/save_weights/Inf-Net_DP_Morph/both/batch_64/run_1/noise_multiplier_0.5/Inf-Net-30.pth
[Privacy Budget]: ε = 252.67 (δ = 1e-05)
2025-10-27 00:16:31.038367 Epoch [030/070], Step [0001/0001], [lateral-edge: 0.7634, lateral-2: 1.2126, lateral-3: 1.2451, lateral-4: 1.2834, lateral-5: 1.3845, epsilon: 260.0333]
2025-10-27 00:16:34.894229 Epoch [031/070], Step [0001/0001], [lateral-edge: 0.7632, lateral-2: 1.2059, lateral-3: 1.2384, lateral-4: 1.2779, lateral-5: 1.3798, epsilon: 267.3696]
2025-10-27 00:16:38.836325 Epoch [032/070], Step [0001/0001], [lateral-edge: 0.7629, lateral-2: 1.1992, lateral-3: 1.2319, lateral-4: 1.2726, lateral-5: 1.3750, epsilon: 274.6845]
2025-10-27 00:16:42.788180 Epoch [033/070], Step [0001/0001], [lateral-edge: 0.7627, lateral-2: 1.1929, lateral-3: 1.2258, lateral-4: 1.2674, lateral-5: 1.3705, epsilon: 281.9791]
2025-10-27 00:16:46.328748 Epoch [034/070], Step [0001/0001], [lateral-edge: 0.7624, lateral-2: 1.1867, lateral-3: 1.2198, lateral-4: 1.2621, lateral-5: 1.3661, epsilon: 289.2542]
2025-10-27 00:16:49.996466 Epoch [035/070], Step [0001/0001], [lateral-edge: 0.7622, lateral-2: 1.1809, lateral-3: 1.2141, lateral-4: 1.2570, lateral-5: 1.3617, epsilon: 296.5108]
2025-10-27 00:16:54.318088 Epoch [036/070], Step [0001/0001], [lateral-edge: 0.7620, lateral-2: 1.1753, lateral-3: 1.2084, lateral-4: 1.2520, lateral-5: 1.3573, epsilon: 303.7496]
2025-10-27 00:16:58.594433 Epoch [037/070], Step [0001/0001], [lateral-edge: 0.7617, lateral-2: 1.1698, lateral-3: 1.2028, lateral-4: 1.2469, lateral-5: 1.3529, epsilon: 310.9713]
2025-10-27 00:17:02.910560 Epoch [038/070], Step [0001/0001], [lateral-edge: 0.7615, lateral-2: 1.1645, lateral-3: 1.1975, lateral-4: 1.2419, lateral-5: 1.3483, epsilon: 318.1766]
2025-10-27 00:17:06.924473 Epoch [039/070], Step [0001/0001], [lateral-edge: 0.7613, lateral-2: 1.1594, lateral-3: 1.1925, lateral-4: 1.2372, lateral-5: 1.3440, epsilon: 325.3662]
[Saving Snapshot:] ./Snapshots/save_weights/Inf-Net_DP_Morph/both/batch_64/run_1/noise_multiplier_0.5/Inf-Net-40.pth
[Privacy Budget]: ε = 325.37 (δ = 1e-05)
2025-10-27 00:17:12.803475 Epoch [040/070], Step [0001/0001], [lateral-edge: 0.7611, lateral-2: 1.1548, lateral-3: 1.1876, lateral-4: 1.2327, lateral-5: 1.3399, epsilon: 332.5406]
2025-10-27 00:17:17.371887 Epoch [041/070], Step [0001/0001], [lateral-edge: 0.7609, lateral-2: 1.1503, lateral-3: 1.1829, lateral-4: 1.2285, lateral-5: 1.3359, epsilon: 339.7005]
2025-10-27 00:17:21.246744 Epoch [042/070], Step [0001/0001], [lateral-edge: 0.7607, lateral-2: 1.1459, lateral-3: 1.1783, lateral-4: 1.2245, lateral-5: 1.3319, epsilon: 346.8464]
2025-10-27 00:17:25.882519 Epoch [043/070], Step [0001/0001], [lateral-edge: 0.7605, lateral-2: 1.1416, lateral-3: 1.1737, lateral-4: 1.2207, lateral-5: 1.3281, epsilon: 353.9787]
2025-10-27 00:17:30.556694 Epoch [044/070], Step [0001/0001], [lateral-edge: 0.7603, lateral-2: 1.1374, lateral-3: 1.1694, lateral-4: 1.2169, lateral-5: 1.3246, epsilon: 361.0979]
2025-10-27 00:17:34.433818 Epoch [045/070], Step [0001/0001], [lateral-edge: 0.7601, lateral-2: 1.1334, lateral-3: 1.1651, lateral-4: 1.2133, lateral-5: 1.3212, epsilon: 368.2045]
2025-10-27 00:17:39.254104 Epoch [046/070], Step [0001/0001], [lateral-edge: 0.7598, lateral-2: 1.1293, lateral-3: 1.1608, lateral-4: 1.2099, lateral-5: 1.3178, epsilon: 375.2989]
2025-10-27 00:17:44.006564 Epoch [047/070], Step [0001/0001], [lateral-edge: 0.7596, lateral-2: 1.1252, lateral-3: 1.1567, lateral-4: 1.2066, lateral-5: 1.3143, epsilon: 382.3815]
2025-10-27 00:17:48.923390 Epoch [048/070], Step [0001/0001], [lateral-edge: 0.7593, lateral-2: 1.1211, lateral-3: 1.1528, lateral-4: 1.2033, lateral-5: 1.3109, epsilon: 389.4526]
2025-10-27 00:17:53.513589 Epoch [049/070], Step [0001/0001], [lateral-edge: 0.7591, lateral-2: 1.1171, lateral-3: 1.1491, lateral-4: 1.2000, lateral-5: 1.3076, epsilon: 396.5127]
[Saving Snapshot:] ./Snapshots/save_weights/Inf-Net_DP_Morph/both/batch_64/run_1/noise_multiplier_0.5/Inf-Net-50.pth
[Privacy Budget]: ε = 396.51 (δ = 1e-05)
2025-10-27 00:17:59.605607 Epoch [050/070], Step [0001/0001], [lateral-edge: 0.7590, lateral-2: 1.1142, lateral-3: 1.1465, lateral-4: 1.1977, lateral-5: 1.3052, epsilon: 403.5620]
2025-10-27 00:18:04.427081 Epoch [051/070], Step [0001/0001], [lateral-edge: 0.7589, lateral-2: 1.1139, lateral-3: 1.1462, lateral-4: 1.1975, lateral-5: 1.3049, epsilon: 410.6008]
2025-10-27 00:18:09.578574 Epoch [052/070], Step [0001/0001], [lateral-edge: 0.7589, lateral-2: 1.1139, lateral-3: 1.1461, lateral-4: 1.1975, lateral-5: 1.3049, epsilon: 417.6296]
2025-10-27 00:18:14.777950 Epoch [053/070], Step [0001/0001], [lateral-edge: 0.7589, lateral-2: 1.1139, lateral-3: 1.1461, lateral-4: 1.1975, lateral-5: 1.3049, epsilon: 424.6485]
2025-10-27 00:18:19.421395 Epoch [054/070], Step [0001/0001], [lateral-edge: 0.7589, lateral-2: 1.1139, lateral-3: 1.1461, lateral-4: 1.1975, lateral-5: 1.3049, epsilon: 431.6578]
2025-10-27 00:18:25.285723 Epoch [055/070], Step [0001/0001], [lateral-edge: 0.7589, lateral-2: 1.1139, lateral-3: 1.1461, lateral-4: 1.1974, lateral-5: 1.3049, epsilon: 438.6579]
2025-10-27 00:18:29.572076 Epoch [056/070], Step [0001/0001], [lateral-edge: 0.7589, lateral-2: 1.1139, lateral-3: 1.1461, lateral-4: 1.1975, lateral-5: 1.3049, epsilon: 445.6489]
2025-10-27 00:18:35.042873 Epoch [057/070], Step [0001/0001], [lateral-edge: 0.7589, lateral-2: 1.1139, lateral-3: 1.1461, lateral-4: 1.1975, lateral-5: 1.3049, epsilon: 452.6311]
2025-10-27 00:18:40.442857 Epoch [058/070], Step [0001/0001], [lateral-edge: 0.7589, lateral-2: 1.1139, lateral-3: 1.1461, lateral-4: 1.1975, lateral-5: 1.3049, epsilon: 459.6048]
2025-10-27 00:18:44.738907 Epoch [059/070], Step [0001/0001], [lateral-edge: 0.7589, lateral-2: 1.1139, lateral-3: 1.1461, lateral-4: 1.1975, lateral-5: 1.3049, epsilon: 466.5701]
[Saving Snapshot:] ./Snapshots/save_weights/Inf-Net_DP_Morph/both/batch_64/run_1/noise_multiplier_0.5/Inf-Net-60.pth
[Privacy Budget]: ε = 466.57 (δ = 1e-05)
2025-10-27 00:18:52.007337 Epoch [060/070], Step [0001/0001], [lateral-edge: 0.7589, lateral-2: 1.1139, lateral-3: 1.1461, lateral-4: 1.1975, lateral-5: 1.3049, epsilon: 473.5272]
2025-10-27 00:18:57.934047 Epoch [061/070], Step [0001/0001], [lateral-edge: 0.7589, lateral-2: 1.1139, lateral-3: 1.1461, lateral-4: 1.1975, lateral-5: 1.3049, epsilon: 480.4765]
2025-10-27 00:19:05.348795 Epoch [062/070], Step [0001/0001], [lateral-edge: 0.7589, lateral-2: 1.1139, lateral-3: 1.1461, lateral-4: 1.1975, lateral-5: 1.3049, epsilon: 487.4179]
2025-10-27 00:19:12.074189 Epoch [063/070], Step [0001/0001], [lateral-edge: 0.7589, lateral-2: 1.1139, lateral-3: 1.1461, lateral-4: 1.1975, lateral-5: 1.3049, epsilon: 494.3519]
2025-10-27 00:19:18.759635 Epoch [064/070], Step [0001/0001], [lateral-edge: 0.7589, lateral-2: 1.1139, lateral-3: 1.1461, lateral-4: 1.1975, lateral-5: 1.3049, epsilon: 501.2784]
2025-10-27 00:19:23.546659 Epoch [065/070], Step [0001/0001], [lateral-edge: 0.7589, lateral-2: 1.1139, lateral-3: 1.1461, lateral-4: 1.1975, lateral-5: 1.3049, epsilon: 508.1978]
2025-10-27 00:19:29.691170 Epoch [066/070], Step [0001/0001], [lateral-edge: 0.7589, lateral-2: 1.1139, lateral-3: 1.1461, lateral-4: 1.1975, lateral-5: 1.3049, epsilon: 515.1101]
2025-10-27 00:19:35.786665 Epoch [067/070], Step [0001/0001], [lateral-edge: 0.7589, lateral-2: 1.1139, lateral-3: 1.1461, lateral-4: 1.1975, lateral-5: 1.3049, epsilon: 522.0155]
2025-10-27 00:19:42.026634 Epoch [068/070], Step [0001/0001], [lateral-edge: 0.7589, lateral-2: 1.1139, lateral-3: 1.1461, lateral-4: 1.1975, lateral-5: 1.3049, epsilon: 528.9142]
2025-10-27 00:19:46.737248 Epoch [069/070], Step [0001/0001], [lateral-edge: 0.7589, lateral-2: 1.1139, lateral-3: 1.1461, lateral-4: 1.1975, lateral-5: 1.3049, epsilon: 535.8063]
[Saving Snapshot:] ./Snapshots/save_weights/Inf-Net_DP_Morph/both/batch_64/run_1/noise_multiplier_0.5/Inf-Net-70.pth
[Privacy Budget]: ε = 535.81 (δ = 1e-05)
2025-10-27 00:19:54.877731 Epoch [070/070], Step [0001/0001], [lateral-edge: 0.7589, lateral-2: 1.1139, lateral-3: 1.1461, lateral-4: 1.1975, lateral-5: 1.3049, epsilon: 542.6920]
Training completed at Mon Oct 27 00:19:56 CET 2025
