Model loading: UNet with GroupNorm
Model is compatible with differential privacy
Not loading weights from weights file
###################################################################### 
Start Training (UNet-DP)
Network: UNet
Batch Size: 48
DP Enabled (ε=8.0, δ=1e-05, clipping=automatic)
Morphology: Disabled
Architecture: GroupNorm (with DP)
Save Path: ./Snapshots/save_weights/UNet_DP/batch_48/run_3/epsilon_8/automatic
Run: 3
Namespace(network='UNet', epoch=100, lr=0.0001, batchsize=48, trainsize=352, clip=0.5, decay_rate=0.1, decay_epoch=50, is_thop=False, gpu_device=0, num_workers=8, net_channel=32, init_features=32, n_classes=1, in_channels=3, backbone='Res2Net50', deep_supervision=False, train_path='./Dataset/TrainingSet/LungInfection-Train/Doctor-label', is_semi=False, is_pseudo=False, train_save=None, run=3, enable_privacy=True, epsilon=8.0, max_grad_norm=1.2, delta=1e-05, clipping_strategy='automatic', enable_morphology=False, morph_operation='both', morph_kernel_size=3, device='cuda')
 ######################################################################
2025-11-09 00:47:10.362622 Epoch [001/100], Step [0002/0002], Loss: 1.5671, ε: 0.6824
2025-11-09 00:47:12.012271 Epoch [002/100], Step [0002/0002], Loss: 1.5431, ε: 0.9567
2025-11-09 00:47:13.521684 Epoch [003/100], Step [0002/0002], Loss: 1.5551, ε: 1.1725
2025-11-09 00:47:15.013193 Epoch [004/100], Step [0002/0002], Loss: 1.5475, ε: 1.3577
2025-11-09 00:47:16.416948 Epoch [005/100], Step [0002/0002], Loss: 1.5314, ε: 1.5233
2025-11-09 00:47:17.793338 Epoch [006/100], Step [0002/0002], Loss: 1.5239, ε: 1.6749
2025-11-09 00:47:19.602110 Epoch [007/100], Step [0002/0002], Loss: 1.5275, ε: 1.8158
2025-11-09 00:47:21.150264 Epoch [008/100], Step [0002/0002], Loss: 1.5460, ε: 1.9482
2025-11-09 00:47:22.835215 Epoch [009/100], Step [0002/0002], Loss: 1.5442, ε: 2.0737
[Saving Snapshot:] ./Snapshots/save_weights/UNet_DP/batch_48/run_3/epsilon_8/automatic/UNet-10.pth
[Privacy Budget]: ε = 2.07 (δ = 1e-05)
2025-11-09 00:47:24.966540 Epoch [010/100], Step [0002/0002], Loss: 1.5331, ε: 2.1934
2025-11-09 00:47:26.517599 Epoch [011/100], Step [0002/0002], Loss: 1.5362, ε: 2.3081
2025-11-09 00:47:28.205643 Epoch [012/100], Step [0002/0002], Loss: 1.5372, ε: 2.4184
2025-11-09 00:47:29.802960 Epoch [013/100], Step [0002/0002], Loss: 1.5361, ε: 2.5249
2025-11-09 00:47:31.372435 Epoch [014/100], Step [0002/0002], Loss: 1.5315, ε: 2.6281
2025-11-09 00:47:32.826367 Epoch [015/100], Step [0002/0002], Loss: 1.5324, ε: 2.7282
2025-11-09 00:47:34.299314 Epoch [016/100], Step [0002/0002], Loss: 1.5273, ε: 2.8256
2025-11-09 00:47:35.860067 Epoch [017/100], Step [0002/0002], Loss: 1.5236, ε: 2.9205
2025-11-09 00:47:37.402138 Epoch [018/100], Step [0002/0002], Loss: 1.5292, ε: 3.0131
2025-11-09 00:47:38.929414 Epoch [019/100], Step [0002/0002], Loss: 1.5266, ε: 3.1036
[Saving Snapshot:] ./Snapshots/save_weights/UNet_DP/batch_48/run_3/epsilon_8/automatic/UNet-20.pth
[Privacy Budget]: ε = 3.10 (δ = 1e-05)
2025-11-09 00:47:40.935991 Epoch [020/100], Step [0002/0002], Loss: 1.5033, ε: 3.1922
2025-11-09 00:47:42.420206 Epoch [021/100], Step [0002/0002], Loss: 1.5466, ε: 3.2790
2025-11-09 00:47:43.986466 Epoch [022/100], Step [0002/0002], Loss: 1.5281, ε: 3.3642
2025-11-09 00:47:45.473605 Epoch [023/100], Step [0002/0002], Loss: 1.5283, ε: 3.4477
2025-11-09 00:47:46.930875 Epoch [024/100], Step [0002/0002], Loss: 1.5229, ε: 3.5299
2025-11-09 00:47:48.543932 Epoch [025/100], Step [0002/0002], Loss: 1.5244, ε: 3.6106
2025-11-09 00:47:50.126210 Epoch [026/100], Step [0002/0002], Loss: 1.5293, ε: 3.6901
2025-11-09 00:47:51.576647 Epoch [027/100], Step [0002/0002], Loss: 1.5247, ε: 3.7684
2025-11-09 00:47:53.105658 Epoch [028/100], Step [0002/0002], Loss: 1.5124, ε: 3.8455
2025-11-09 00:47:54.547472 Epoch [029/100], Step [0002/0002], Loss: 1.5141, ε: 3.9216
[Saving Snapshot:] ./Snapshots/save_weights/UNet_DP/batch_48/run_3/epsilon_8/automatic/UNet-30.pth
[Privacy Budget]: ε = 3.92 (δ = 1e-05)
2025-11-09 00:47:56.754920 Epoch [030/100], Step [0002/0002], Loss: 1.5098, ε: 3.9966
2025-11-09 00:47:58.275694 Epoch [031/100], Step [0002/0002], Loss: 1.5190, ε: 4.0706
2025-11-09 00:47:59.765021 Epoch [032/100], Step [0002/0002], Loss: 1.4988, ε: 4.1437
2025-11-09 00:48:01.300644 Epoch [033/100], Step [0002/0002], Loss: 1.5000, ε: 4.2158
2025-11-09 00:48:02.907494 Epoch [034/100], Step [0002/0002], Loss: 1.5257, ε: 4.2872
2025-11-09 00:48:04.465398 Epoch [035/100], Step [0002/0002], Loss: 1.5121, ε: 4.3577
2025-11-09 00:48:05.986058 Epoch [036/100], Step [0002/0002], Loss: 1.4862, ε: 4.4274
2025-11-09 00:48:07.375833 Epoch [037/100], Step [0002/0002], Loss: 1.5013, ε: 4.4964
2025-11-09 00:48:08.982442 Epoch [038/100], Step [0002/0002], Loss: 1.5065, ε: 4.5647
2025-11-09 00:48:10.463760 Epoch [039/100], Step [0002/0002], Loss: 1.4982, ε: 4.6322
[Saving Snapshot:] ./Snapshots/save_weights/UNet_DP/batch_48/run_3/epsilon_8/automatic/UNet-40.pth
[Privacy Budget]: ε = 4.63 (δ = 1e-05)
2025-11-09 00:48:12.538883 Epoch [040/100], Step [0002/0002], Loss: 1.5199, ε: 4.6991
2025-11-09 00:48:14.089245 Epoch [041/100], Step [0002/0002], Loss: 1.5080, ε: 4.7654
2025-11-09 00:48:15.639122 Epoch [042/100], Step [0002/0002], Loss: 1.4953, ε: 4.8310
2025-11-09 00:48:17.337997 Epoch [043/100], Step [0002/0002], Loss: 1.5062, ε: 4.8961
2025-11-09 00:48:18.848915 Epoch [044/100], Step [0002/0002], Loss: 1.4987, ε: 4.9606
2025-11-09 00:48:20.439917 Epoch [045/100], Step [0002/0002], Loss: 1.4931, ε: 5.0245
2025-11-09 00:48:21.897594 Epoch [046/100], Step [0002/0002], Loss: 1.5000, ε: 5.0878
2025-11-09 00:48:23.294663 Epoch [047/100], Step [0002/0002], Loss: 1.4987, ε: 5.1507
2025-11-09 00:48:24.652631 Epoch [048/100], Step [0002/0002], Loss: 1.5133, ε: 5.2130
2025-11-09 00:48:26.170110 Epoch [049/100], Step [0002/0002], Loss: 1.5110, ε: 5.2749
[Saving Snapshot:] ./Snapshots/save_weights/UNet_DP/batch_48/run_3/epsilon_8/automatic/UNet-50.pth
[Privacy Budget]: ε = 5.27 (δ = 1e-05)
2025-11-09 00:48:28.290591 Epoch [050/100], Step [0002/0002], Loss: 1.5048, ε: 5.3362
2025-11-09 00:48:29.550712 Epoch [051/100], Step [0002/0002], Loss: 1.5002, ε: 5.3971
2025-11-09 00:48:31.028129 Epoch [052/100], Step [0002/0002], Loss: 1.4982, ε: 5.4576
2025-11-09 00:48:32.586232 Epoch [053/100], Step [0002/0002], Loss: 1.4935, ε: 5.5176
2025-11-09 00:48:34.120504 Epoch [054/100], Step [0002/0002], Loss: 1.4892, ε: 5.5772
2025-11-09 00:48:35.737345 Epoch [055/100], Step [0002/0002], Loss: 1.4869, ε: 5.6364
2025-11-09 00:48:37.240934 Epoch [056/100], Step [0002/0002], Loss: 1.4922, ε: 5.6952
2025-11-09 00:48:38.685336 Epoch [057/100], Step [0002/0002], Loss: 1.5094, ε: 5.7536
2025-11-09 00:48:40.119650 Epoch [058/100], Step [0002/0002], Loss: 1.4897, ε: 5.8116
2025-11-09 00:48:41.603394 Epoch [059/100], Step [0002/0002], Loss: 1.5028, ε: 5.8693
[Saving Snapshot:] ./Snapshots/save_weights/UNet_DP/batch_48/run_3/epsilon_8/automatic/UNet-60.pth
[Privacy Budget]: ε = 5.87 (δ = 1e-05)
2025-11-09 00:48:43.454872 Epoch [060/100], Step [0002/0002], Loss: 1.5051, ε: 5.9266
2025-11-09 00:48:44.930181 Epoch [061/100], Step [0002/0002], Loss: 1.4918, ε: 5.9835
2025-11-09 00:48:46.266828 Epoch [062/100], Step [0002/0002], Loss: 1.5040, ε: 6.0401
2025-11-09 00:48:47.683381 Epoch [063/100], Step [0002/0002], Loss: 1.4968, ε: 6.0963
2025-11-09 00:48:49.186533 Epoch [064/100], Step [0002/0002], Loss: 1.5060, ε: 6.1522
2025-11-09 00:48:50.694394 Epoch [065/100], Step [0002/0002], Loss: 1.4931, ε: 6.2078
2025-11-09 00:48:52.192745 Epoch [066/100], Step [0002/0002], Loss: 1.4989, ε: 6.2631
2025-11-09 00:48:53.708253 Epoch [067/100], Step [0002/0002], Loss: 1.5013, ε: 6.3181
2025-11-09 00:48:55.149355 Epoch [068/100], Step [0002/0002], Loss: 1.4718, ε: 6.3728
2025-11-09 00:48:56.696909 Epoch [069/100], Step [0002/0002], Loss: 1.4810, ε: 6.4272
[Saving Snapshot:] ./Snapshots/save_weights/UNet_DP/batch_48/run_3/epsilon_8/automatic/UNet-70.pth
[Privacy Budget]: ε = 6.43 (δ = 1e-05)
2025-11-09 00:48:58.753810 Epoch [070/100], Step [0002/0002], Loss: 1.5022, ε: 6.4813
2025-11-09 00:49:00.425132 Epoch [071/100], Step [0002/0002], Loss: 1.5180, ε: 6.5351
2025-11-09 00:49:01.900158 Epoch [072/100], Step [0002/0002], Loss: 1.5045, ε: 6.5886
2025-11-09 00:49:03.517552 Epoch [073/100], Step [0002/0002], Loss: 1.5096, ε: 6.6419
2025-11-09 00:49:05.038048 Epoch [074/100], Step [0002/0002], Loss: 1.4756, ε: 6.6949
2025-11-09 00:49:06.495317 Epoch [075/100], Step [0002/0002], Loss: 1.4808, ε: 6.7477
2025-11-09 00:49:08.105418 Epoch [076/100], Step [0002/0002], Loss: 1.5072, ε: 6.8002
2025-11-09 00:49:09.750610 Epoch [077/100], Step [0002/0002], Loss: 1.4891, ε: 6.8524
2025-11-09 00:49:11.273553 Epoch [078/100], Step [0002/0002], Loss: 1.4949, ε: 6.9044
2025-11-09 00:49:12.727604 Epoch [079/100], Step [0002/0002], Loss: 1.4908, ε: 6.9562
[Saving Snapshot:] ./Snapshots/save_weights/UNet_DP/batch_48/run_3/epsilon_8/automatic/UNet-80.pth
[Privacy Budget]: ε = 6.96 (δ = 1e-05)
2025-11-09 00:49:14.786611 Epoch [080/100], Step [0002/0002], Loss: 1.4955, ε: 7.0077
2025-11-09 00:49:16.654597 Epoch [081/100], Step [0002/0002], Loss: 1.4901, ε: 7.0590
2025-11-09 00:49:18.187280 Epoch [082/100], Step [0002/0002], Loss: 1.5010, ε: 7.1101
2025-11-09 00:49:19.697842 Epoch [083/100], Step [0002/0002], Loss: 1.4884, ε: 7.1609
2025-11-09 00:49:21.202149 Epoch [084/100], Step [0002/0002], Loss: 1.4848, ε: 7.2116
2025-11-09 00:49:22.695985 Epoch [085/100], Step [0002/0002], Loss: 1.4859, ε: 7.2620
2025-11-09 00:49:24.207300 Epoch [086/100], Step [0002/0002], Loss: 1.4920, ε: 7.3122
2025-11-09 00:49:25.797536 Epoch [087/100], Step [0002/0002], Loss: 1.5270, ε: 7.3622
2025-11-09 00:49:27.309894 Epoch [088/100], Step [0002/0002], Loss: 1.4988, ε: 7.4120
2025-11-09 00:49:28.789781 Epoch [089/100], Step [0002/0002], Loss: 1.4933, ε: 7.4616
[Saving Snapshot:] ./Snapshots/save_weights/UNet_DP/batch_48/run_3/epsilon_8/automatic/UNet-90.pth
[Privacy Budget]: ε = 7.46 (δ = 1e-05)
2025-11-09 00:49:30.884812 Epoch [090/100], Step [0002/0002], Loss: 1.5057, ε: 7.5110
2025-11-09 00:49:32.517737 Epoch [091/100], Step [0002/0002], Loss: 1.4991, ε: 7.5602
2025-11-09 00:49:34.097119 Epoch [092/100], Step [0002/0002], Loss: 1.4954, ε: 7.6092
2025-11-09 00:49:35.489351 Epoch [093/100], Step [0002/0002], Loss: 1.5018, ε: 7.6580
2025-11-09 00:49:36.928857 Epoch [094/100], Step [0002/0002], Loss: 1.4959, ε: 7.7067
2025-11-09 00:49:38.515668 Epoch [095/100], Step [0002/0002], Loss: 1.5011, ε: 7.7551
2025-11-09 00:49:40.031542 Epoch [096/100], Step [0002/0002], Loss: 1.4921, ε: 7.8034
2025-11-09 00:49:41.470374 Epoch [097/100], Step [0002/0002], Loss: 1.5079, ε: 7.8515
2025-11-09 00:49:42.951091 Epoch [098/100], Step [0002/0002], Loss: 1.4804, ε: 7.8994
2025-11-09 00:49:44.567260 Epoch [099/100], Step [0002/0002], Loss: 1.5055, ε: 7.9472
[Saving Snapshot:] ./Snapshots/save_weights/UNet_DP/batch_48/run_3/epsilon_8/automatic/UNet-100.pth
[Privacy Budget]: ε = 7.95 (δ = 1e-05)
2025-11-09 00:49:46.618949 Epoch [100/100], Step [0002/0002], Loss: 1.4772, ε: 7.9948
Training completed at Sun Nov  9 00:49:47 CET 2025
