Backbone loading: Res2Net50
Trainable: 31,072,721 / 33,121,721 parameters
Validator raised issues with model. Attempting auto-fix...
Original error: UnsupportedModuleError
Model successfully fixed for differential privacy
Not loading weights from weights file
###################################################################### 
Start Training (Inf_Net-DP)
Network: Inf_Net
Batch Size: 24
DP Enabled (ε=8.0, δ=1e-05, clipping=nsgd)
Morphology: both
Architecture: GroupNorm (with DP)
Save Path: ./Snapshots/save_weights/Inf-Net_DP_Morph/both/batch_24/run_2/epsilon_8/nsgd
Run: 2
Namespace(network='Inf_Net', epoch=100, lr=0.0001, batchsize=24, trainsize=352, clip=0.5, decay_rate=0.1, decay_epoch=50, is_thop=False, gpu_device=0, num_workers=8, net_channel=32, init_features=32, n_classes=1, in_channels=3, backbone='Res2Net50', deep_supervision=False, train_path='./Dataset/TrainingSet/LungInfection-Train/Doctor-label', is_semi=False, is_pseudo=False, train_save=None, run=2, enable_privacy=True, epsilon=8.0, max_grad_norm=1.2, delta=1e-05, clipping_strategy='nsgd', enable_morphology=True, morph_operation='both', morph_kernel_size=3, device='cuda')
 ######################################################################
2025-11-09 00:44:10.538308 Epoch [001/100], Step [0003/0003], [lateral-edge: 0.7698, lateral-2: 1.6700, lateral-3: 1.6403, lateral-4: 1.6564, lateral-5: 1.5404, epsilon: 1.2032]
2025-11-09 00:44:16.249172 Epoch [002/100], Step [0003/0003], [lateral-edge: 0.7704, lateral-2: 1.6692, lateral-3: 1.6403, lateral-4: 1.6506, lateral-5: 1.5474, epsilon: 1.7041]
2025-11-09 00:44:22.640154 Epoch [003/100], Step [0003/0003], [lateral-edge: 0.7708, lateral-2: 1.6406, lateral-3: 1.6216, lateral-4: 1.6360, lateral-5: 1.5496, epsilon: 2.1017]
2025-11-09 00:44:27.378857 Epoch [004/100], Step [0003/0003], [lateral-edge: 0.7711, lateral-2: 1.6387, lateral-3: 1.6125, lateral-4: 1.6237, lateral-5: 1.5503, epsilon: 2.4452]
2025-11-09 00:44:33.393667 Epoch [005/100], Step [0003/0003], [lateral-edge: 0.7708, lateral-2: 1.6018, lateral-3: 1.5813, lateral-4: 1.5943, lateral-5: 1.5441, epsilon: 2.7540]
2025-11-09 00:44:38.634997 Epoch [006/100], Step [0003/0003], [lateral-edge: 0.7695, lateral-2: 1.5913, lateral-3: 1.5679, lateral-4: 1.5805, lateral-5: 1.5374, epsilon: 3.0379]
2025-11-09 00:44:43.459852 Epoch [007/100], Step [0003/0003], [lateral-edge: 0.7730, lateral-2: 1.5910, lateral-3: 1.5645, lateral-4: 1.5794, lateral-5: 1.5507, epsilon: 3.3029]
2025-11-09 00:44:48.013910 Epoch [008/100], Step [0003/0003], [lateral-edge: 0.7701, lateral-2: 1.5821, lateral-3: 1.5603, lateral-4: 1.5672, lateral-5: 1.5472, epsilon: 3.5529]
2025-11-09 00:44:52.787374 Epoch [009/100], Step [0003/0003], [lateral-edge: 0.7715, lateral-2: 1.5465, lateral-3: 1.5240, lateral-4: 1.5316, lateral-5: 1.5249, epsilon: 3.7905]
[Saving Snapshot:] ./Snapshots/save_weights/Inf-Net_DP_Morph/both/batch_24/run_2/epsilon_8/nsgd/Inf-Net-10.pth
[Privacy Budget]: ε = 3.79 (δ = 1e-05)
2025-11-09 00:44:58.379028 Epoch [010/100], Step [0003/0003], [lateral-edge: 0.7714, lateral-2: 1.5768, lateral-3: 1.5459, lateral-4: 1.5576, lateral-5: 1.5408, epsilon: 4.0179]
2025-11-09 00:45:04.189492 Epoch [011/100], Step [0003/0003], [lateral-edge: 0.7719, lateral-2: 1.5682, lateral-3: 1.5393, lateral-4: 1.5459, lateral-5: 1.5399, epsilon: 4.2363]
2025-11-09 00:45:09.035421 Epoch [012/100], Step [0003/0003], [lateral-edge: 0.7718, lateral-2: 1.5357, lateral-3: 1.5160, lateral-4: 1.5278, lateral-5: 1.5301, epsilon: 4.4471]
2025-11-09 00:45:13.822285 Epoch [013/100], Step [0003/0003], [lateral-edge: 0.7712, lateral-2: 1.5147, lateral-3: 1.4922, lateral-4: 1.5080, lateral-5: 1.5161, epsilon: 4.6511]
2025-11-09 00:45:18.617630 Epoch [014/100], Step [0003/0003], [lateral-edge: 0.7719, lateral-2: 1.5850, lateral-3: 1.5566, lateral-4: 1.5540, lateral-5: 1.5517, epsilon: 4.8491]
2025-11-09 00:45:23.443505 Epoch [015/100], Step [0003/0003], [lateral-edge: 0.7723, lateral-2: 1.5778, lateral-3: 1.5525, lateral-4: 1.5548, lateral-5: 1.5582, epsilon: 5.0418]
2025-11-09 00:45:28.242570 Epoch [016/100], Step [0003/0003], [lateral-edge: 0.7712, lateral-2: 1.5650, lateral-3: 1.5407, lateral-4: 1.5429, lateral-5: 1.5553, epsilon: 5.2296]
2025-11-09 00:45:33.447965 Epoch [017/100], Step [0003/0003], [lateral-edge: 0.7705, lateral-2: 1.5352, lateral-3: 1.5166, lateral-4: 1.5255, lateral-5: 1.5388, epsilon: 5.4129]
2025-11-09 00:45:38.569007 Epoch [018/100], Step [0003/0003], [lateral-edge: 0.7705, lateral-2: 1.5297, lateral-3: 1.5130, lateral-4: 1.5153, lateral-5: 1.5342, epsilon: 5.5923]
2025-11-09 00:45:43.508233 Epoch [019/100], Step [0003/0003], [lateral-edge: 0.7698, lateral-2: 1.5124, lateral-3: 1.5016, lateral-4: 1.5077, lateral-5: 1.5252, epsilon: 5.7679]
[Saving Snapshot:] ./Snapshots/save_weights/Inf-Net_DP_Morph/both/batch_24/run_2/epsilon_8/nsgd/Inf-Net-20.pth
[Privacy Budget]: ε = 5.77 (δ = 1e-05)
2025-11-09 00:45:48.673673 Epoch [020/100], Step [0003/0003], [lateral-edge: 0.7691, lateral-2: 1.5368, lateral-3: 1.5217, lateral-4: 1.5252, lateral-5: 1.5415, epsilon: 5.9401]
2025-11-09 00:45:53.444786 Epoch [021/100], Step [0003/0003], [lateral-edge: 0.7701, lateral-2: 1.5223, lateral-3: 1.5086, lateral-4: 1.5157, lateral-5: 1.5320, epsilon: 6.1092]
2025-11-09 00:45:58.340756 Epoch [022/100], Step [0003/0003], [lateral-edge: 0.7694, lateral-2: 1.5351, lateral-3: 1.5138, lateral-4: 1.5164, lateral-5: 1.5375, epsilon: 6.2753]
2025-11-09 00:46:03.073602 Epoch [023/100], Step [0003/0003], [lateral-edge: 0.7695, lateral-2: 1.5105, lateral-3: 1.5028, lateral-4: 1.5062, lateral-5: 1.5243, epsilon: 6.4386]
2025-11-09 00:46:08.401872 Epoch [024/100], Step [0003/0003], [lateral-edge: 0.7700, lateral-2: 1.5336, lateral-3: 1.5198, lateral-4: 1.5253, lateral-5: 1.5419, epsilon: 6.5994]
2025-11-09 00:46:13.344190 Epoch [025/100], Step [0003/0003], [lateral-edge: 0.7679, lateral-2: 1.4814, lateral-3: 1.4742, lateral-4: 1.4906, lateral-5: 1.5049, epsilon: 6.7577]
2025-11-09 00:46:18.484769 Epoch [026/100], Step [0003/0003], [lateral-edge: 0.7684, lateral-2: 1.4776, lateral-3: 1.4721, lateral-4: 1.4877, lateral-5: 1.5132, epsilon: 6.9138]
2025-11-09 00:46:23.372925 Epoch [027/100], Step [0003/0003], [lateral-edge: 0.7706, lateral-2: 1.4890, lateral-3: 1.4768, lateral-4: 1.4932, lateral-5: 1.5214, epsilon: 7.0677]
2025-11-09 00:46:28.559760 Epoch [028/100], Step [0003/0003], [lateral-edge: 0.7700, lateral-2: 1.5137, lateral-3: 1.5057, lateral-4: 1.5108, lateral-5: 1.5334, epsilon: 7.2196]
2025-11-09 00:46:33.075974 Epoch [029/100], Step [0003/0003], [lateral-edge: 0.7699, lateral-2: 1.4838, lateral-3: 1.4755, lateral-4: 1.4976, lateral-5: 1.5177, epsilon: 7.3695]
[Saving Snapshot:] ./Snapshots/save_weights/Inf-Net_DP_Morph/both/batch_24/run_2/epsilon_8/nsgd/Inf-Net-30.pth
[Privacy Budget]: ε = 7.37 (δ = 1e-05)
2025-11-09 00:46:38.403725 Epoch [030/100], Step [0003/0003], [lateral-edge: 0.7688, lateral-2: 1.4589, lateral-3: 1.4488, lateral-4: 1.4715, lateral-5: 1.5003, epsilon: 7.5177]
2025-11-09 00:46:43.406877 Epoch [031/100], Step [0003/0003], [lateral-edge: 0.7690, lateral-2: 1.4920, lateral-3: 1.4836, lateral-4: 1.5011, lateral-5: 1.5247, epsilon: 7.6640]
2025-11-09 00:46:48.111482 Epoch [032/100], Step [0003/0003], [lateral-edge: 0.7696, lateral-2: 1.4837, lateral-3: 1.4768, lateral-4: 1.4932, lateral-5: 1.5239, epsilon: 7.8088]
2025-11-09 00:46:53.069485 Epoch [033/100], Step [0003/0003], [lateral-edge: 0.7671, lateral-2: 1.4544, lateral-3: 1.4516, lateral-4: 1.4754, lateral-5: 1.4988, epsilon: 7.9519]
2025-11-09 00:46:57.978299 Epoch [034/100], Step [0003/0003], [lateral-edge: 0.7686, lateral-2: 1.4731, lateral-3: 1.4637, lateral-4: 1.4881, lateral-5: 1.5017, epsilon: 8.0935]
2025-11-09 00:47:02.851923 Epoch [035/100], Step [0003/0003], [lateral-edge: 0.7689, lateral-2: 1.4868, lateral-3: 1.4784, lateral-4: 1.5011, lateral-5: 1.5167, epsilon: 8.2337]
2025-11-09 00:47:07.763143 Epoch [036/100], Step [0003/0003], [lateral-edge: 0.7692, lateral-2: 1.4850, lateral-3: 1.4814, lateral-4: 1.4930, lateral-5: 1.5198, epsilon: 8.3725]
2025-11-09 00:47:12.328221 Epoch [037/100], Step [0003/0003], [lateral-edge: 0.7698, lateral-2: 1.4777, lateral-3: 1.4697, lateral-4: 1.4885, lateral-5: 1.5087, epsilon: 8.5099]
2025-11-09 00:47:16.943320 Epoch [038/100], Step [0003/0003], [lateral-edge: 0.7686, lateral-2: 1.4675, lateral-3: 1.4702, lateral-4: 1.4832, lateral-5: 1.5193, epsilon: 8.6461]
2025-11-09 00:47:21.770631 Epoch [039/100], Step [0003/0003], [lateral-edge: 0.7707, lateral-2: 1.4661, lateral-3: 1.4654, lateral-4: 1.4769, lateral-5: 1.5113, epsilon: 8.7811]
[Saving Snapshot:] ./Snapshots/save_weights/Inf-Net_DP_Morph/both/batch_24/run_2/epsilon_8/nsgd/Inf-Net-40.pth
[Privacy Budget]: ε = 8.78 (δ = 1e-05)
2025-11-09 00:47:27.111781 Epoch [040/100], Step [0003/0003], [lateral-edge: 0.7714, lateral-2: 1.4777, lateral-3: 1.4786, lateral-4: 1.4842, lateral-5: 1.5194, epsilon: 8.9149]
2025-11-09 00:47:31.919340 Epoch [041/100], Step [0003/0003], [lateral-edge: 0.7709, lateral-2: 1.5000, lateral-3: 1.4893, lateral-4: 1.4991, lateral-5: 1.5214, epsilon: 9.0475]
2025-11-09 00:47:36.889101 Epoch [042/100], Step [0003/0003], [lateral-edge: 0.7705, lateral-2: 1.4953, lateral-3: 1.4894, lateral-4: 1.4981, lateral-5: 1.5294, epsilon: 9.1791]
2025-11-09 00:47:41.849903 Epoch [043/100], Step [0003/0003], [lateral-edge: 0.7699, lateral-2: 1.4671, lateral-3: 1.4599, lateral-4: 1.4676, lateral-5: 1.5045, epsilon: 9.3095]
2025-11-09 00:47:46.851551 Epoch [044/100], Step [0003/0003], [lateral-edge: 0.7701, lateral-2: 1.4735, lateral-3: 1.4669, lateral-4: 1.4794, lateral-5: 1.5114, epsilon: 9.4390]
2025-11-09 00:47:51.621688 Epoch [045/100], Step [0003/0003], [lateral-edge: 0.7706, lateral-2: 1.4623, lateral-3: 1.4693, lateral-4: 1.4800, lateral-5: 1.5106, epsilon: 9.5675]
2025-11-09 00:47:56.553468 Epoch [046/100], Step [0003/0003], [lateral-edge: 0.7688, lateral-2: 1.4649, lateral-3: 1.4626, lateral-4: 1.4776, lateral-5: 1.5100, epsilon: 9.6950]
2025-11-09 00:48:01.528925 Epoch [047/100], Step [0003/0003], [lateral-edge: 0.7690, lateral-2: 1.4755, lateral-3: 1.4664, lateral-4: 1.4828, lateral-5: 1.5100, epsilon: 9.8216]
2025-11-09 00:48:06.572523 Epoch [048/100], Step [0003/0003], [lateral-edge: 0.7688, lateral-2: 1.4997, lateral-3: 1.4892, lateral-4: 1.4992, lateral-5: 1.5169, epsilon: 9.9473]
2025-11-09 00:48:11.426150 Epoch [049/100], Step [0003/0003], [lateral-edge: 0.7688, lateral-2: 1.4480, lateral-3: 1.4486, lateral-4: 1.4653, lateral-5: 1.4941, epsilon: 10.0721]
[Saving Snapshot:] ./Snapshots/save_weights/Inf-Net_DP_Morph/both/batch_24/run_2/epsilon_8/nsgd/Inf-Net-50.pth
[Privacy Budget]: ε = 10.07 (δ = 1e-05)
2025-11-09 00:48:17.040893 Epoch [050/100], Step [0003/0003], [lateral-edge: 0.7682, lateral-2: 1.4410, lateral-3: 1.4440, lateral-4: 1.4629, lateral-5: 1.5000, epsilon: 10.1961]
2025-11-09 00:48:22.033540 Epoch [051/100], Step [0003/0003], [lateral-edge: 0.7705, lateral-2: 1.4587, lateral-3: 1.4516, lateral-4: 1.4726, lateral-5: 1.5033, epsilon: 10.3193]
2025-11-09 00:48:27.013449 Epoch [052/100], Step [0003/0003], [lateral-edge: 0.7692, lateral-2: 1.4829, lateral-3: 1.4807, lateral-4: 1.4953, lateral-5: 1.5153, epsilon: 10.4417]
2025-11-09 00:48:31.772522 Epoch [053/100], Step [0003/0003], [lateral-edge: 0.7685, lateral-2: 1.4631, lateral-3: 1.4554, lateral-4: 1.4728, lateral-5: 1.4983, epsilon: 10.5633]
2025-11-09 00:48:36.802053 Epoch [054/100], Step [0003/0003], [lateral-edge: 0.7698, lateral-2: 1.4763, lateral-3: 1.4664, lateral-4: 1.4806, lateral-5: 1.5013, epsilon: 10.6841]
2025-11-09 00:48:41.440220 Epoch [055/100], Step [0003/0003], [lateral-edge: 0.7691, lateral-2: 1.4679, lateral-3: 1.4646, lateral-4: 1.4764, lateral-5: 1.5115, epsilon: 10.8043]
2025-11-09 00:48:46.261597 Epoch [056/100], Step [0003/0003], [lateral-edge: 0.7687, lateral-2: 1.4550, lateral-3: 1.4610, lateral-4: 1.4769, lateral-5: 1.5056, epsilon: 10.9237]
2025-11-09 00:48:51.174722 Epoch [057/100], Step [0003/0003], [lateral-edge: 0.7682, lateral-2: 1.4387, lateral-3: 1.4342, lateral-4: 1.4577, lateral-5: 1.4945, epsilon: 11.0424]
2025-11-09 00:48:56.179411 Epoch [058/100], Step [0003/0003], [lateral-edge: 0.7692, lateral-2: 1.4668, lateral-3: 1.4601, lateral-4: 1.4706, lateral-5: 1.5056, epsilon: 11.1605]
2025-11-09 00:49:01.257016 Epoch [059/100], Step [0003/0003], [lateral-edge: 0.7699, lateral-2: 1.4611, lateral-3: 1.4572, lateral-4: 1.4719, lateral-5: 1.5038, epsilon: 11.2779]
[Saving Snapshot:] ./Snapshots/save_weights/Inf-Net_DP_Morph/both/batch_24/run_2/epsilon_8/nsgd/Inf-Net-60.pth
[Privacy Budget]: ε = 11.28 (δ = 1e-05)
2025-11-09 00:49:06.642076 Epoch [060/100], Step [0003/0003], [lateral-edge: 0.7690, lateral-2: 1.4674, lateral-3: 1.4672, lateral-4: 1.4743, lateral-5: 1.5110, epsilon: 11.3946]
2025-11-09 00:49:11.425169 Epoch [061/100], Step [0003/0003], [lateral-edge: 0.7703, lateral-2: 1.4739, lateral-3: 1.4745, lateral-4: 1.4868, lateral-5: 1.5141, epsilon: 11.5107]
2025-11-09 00:49:16.600071 Epoch [062/100], Step [0003/0003], [lateral-edge: 0.7697, lateral-2: 1.4810, lateral-3: 1.4712, lateral-4: 1.4896, lateral-5: 1.5139, epsilon: 11.6263]
2025-11-09 00:49:21.731668 Epoch [063/100], Step [0003/0003], [lateral-edge: 0.7697, lateral-2: 1.4803, lateral-3: 1.4725, lateral-4: 1.4887, lateral-5: 1.5141, epsilon: 11.7412]
2025-11-09 00:49:26.586158 Epoch [064/100], Step [0003/0003], [lateral-edge: 0.7689, lateral-2: 1.4658, lateral-3: 1.4642, lateral-4: 1.4774, lateral-5: 1.5070, epsilon: 11.8556]
2025-11-09 00:49:31.630817 Epoch [065/100], Step [0003/0003], [lateral-edge: 0.7684, lateral-2: 1.4463, lateral-3: 1.4443, lateral-4: 1.4643, lateral-5: 1.4934, epsilon: 11.9693]
2025-11-09 00:49:36.321758 Epoch [066/100], Step [0003/0003], [lateral-edge: 0.7705, lateral-2: 1.4646, lateral-3: 1.4615, lateral-4: 1.4812, lateral-5: 1.5049, epsilon: 12.0826]
2025-11-09 00:49:41.389603 Epoch [067/100], Step [0003/0003], [lateral-edge: 0.7694, lateral-2: 1.4615, lateral-3: 1.4554, lateral-4: 1.4726, lateral-5: 1.5005, epsilon: 12.1953]
2025-11-09 00:49:46.447773 Epoch [068/100], Step [0003/0003], [lateral-edge: 0.7681, lateral-2: 1.4764, lateral-3: 1.4774, lateral-4: 1.4878, lateral-5: 1.5157, epsilon: 12.3074]
2025-11-09 00:49:51.319886 Epoch [069/100], Step [0003/0003], [lateral-edge: 0.7690, lateral-2: 1.4466, lateral-3: 1.4443, lateral-4: 1.4575, lateral-5: 1.4937, epsilon: 12.4190]
[Saving Snapshot:] ./Snapshots/save_weights/Inf-Net_DP_Morph/both/batch_24/run_2/epsilon_8/nsgd/Inf-Net-70.pth
[Privacy Budget]: ε = 12.42 (δ = 1e-05)
2025-11-09 00:49:56.808101 Epoch [070/100], Step [0003/0003], [lateral-edge: 0.7686, lateral-2: 1.4660, lateral-3: 1.4596, lateral-4: 1.4797, lateral-5: 1.5051, epsilon: 12.5302]
2025-11-09 00:50:01.866255 Epoch [071/100], Step [0003/0003], [lateral-edge: 0.7683, lateral-2: 1.4453, lateral-3: 1.4457, lateral-4: 1.4684, lateral-5: 1.4962, epsilon: 12.6408]
2025-11-09 00:50:06.576922 Epoch [072/100], Step [0003/0003], [lateral-edge: 0.7666, lateral-2: 1.4654, lateral-3: 1.4629, lateral-4: 1.4781, lateral-5: 1.5056, epsilon: 12.7510]
2025-11-09 00:50:11.360899 Epoch [073/100], Step [0003/0003], [lateral-edge: 0.7690, lateral-2: 1.4517, lateral-3: 1.4516, lateral-4: 1.4691, lateral-5: 1.5028, epsilon: 12.8606]
2025-11-09 00:50:16.315654 Epoch [074/100], Step [0003/0003], [lateral-edge: 0.7678, lateral-2: 1.4450, lateral-3: 1.4457, lateral-4: 1.4614, lateral-5: 1.4965, epsilon: 12.9698]
2025-11-09 00:50:21.156163 Epoch [075/100], Step [0003/0003], [lateral-edge: 0.7699, lateral-2: 1.4689, lateral-3: 1.4704, lateral-4: 1.4840, lateral-5: 1.5121, epsilon: 13.0786]
2025-11-09 00:50:25.982205 Epoch [076/100], Step [0003/0003], [lateral-edge: 0.7688, lateral-2: 1.4421, lateral-3: 1.4410, lateral-4: 1.4562, lateral-5: 1.4848, epsilon: 13.1869]
2025-11-09 00:50:31.321354 Epoch [077/100], Step [0003/0003], [lateral-edge: 0.7684, lateral-2: 1.4472, lateral-3: 1.4452, lateral-4: 1.4642, lateral-5: 1.4953, epsilon: 13.2947]
2025-11-09 00:50:36.590617 Epoch [078/100], Step [0003/0003], [lateral-edge: 0.7698, lateral-2: 1.4326, lateral-3: 1.4358, lateral-4: 1.4500, lateral-5: 1.4973, epsilon: 13.4022]
2025-11-09 00:50:41.802459 Epoch [079/100], Step [0003/0003], [lateral-edge: 0.7689, lateral-2: 1.4829, lateral-3: 1.4824, lateral-4: 1.4947, lateral-5: 1.5191, epsilon: 13.5092]
[Saving Snapshot:] ./Snapshots/save_weights/Inf-Net_DP_Morph/both/batch_24/run_2/epsilon_8/nsgd/Inf-Net-80.pth
[Privacy Budget]: ε = 13.51 (δ = 1e-05)
2025-11-09 00:50:47.304596 Epoch [080/100], Step [0003/0003], [lateral-edge: 0.7688, lateral-2: 1.4900, lateral-3: 1.4878, lateral-4: 1.4986, lateral-5: 1.5201, epsilon: 13.6158]
2025-11-09 00:50:52.500545 Epoch [081/100], Step [0003/0003], [lateral-edge: 0.7698, lateral-2: 1.4872, lateral-3: 1.4805, lateral-4: 1.4962, lateral-5: 1.5216, epsilon: 13.7219]
2025-11-09 00:50:57.499495 Epoch [082/100], Step [0003/0003], [lateral-edge: 0.7688, lateral-2: 1.4709, lateral-3: 1.4738, lateral-4: 1.4852, lateral-5: 1.5118, epsilon: 13.8277]
2025-11-09 00:51:02.414353 Epoch [083/100], Step [0003/0003], [lateral-edge: 0.7690, lateral-2: 1.4555, lateral-3: 1.4512, lateral-4: 1.4686, lateral-5: 1.4966, epsilon: 13.9331]
2025-11-09 00:51:07.550498 Epoch [084/100], Step [0003/0003], [lateral-edge: 0.7678, lateral-2: 1.4584, lateral-3: 1.4594, lateral-4: 1.4758, lateral-5: 1.5077, epsilon: 14.0381]
2025-11-09 00:51:13.674848 Epoch [085/100], Step [0003/0003], [lateral-edge: 0.7683, lateral-2: 1.4562, lateral-3: 1.4534, lateral-4: 1.4698, lateral-5: 1.5004, epsilon: 14.1428]
2025-11-09 00:51:18.553376 Epoch [086/100], Step [0003/0003], [lateral-edge: 0.7694, lateral-2: 1.4765, lateral-3: 1.4715, lateral-4: 1.4851, lateral-5: 1.5150, epsilon: 14.2470]
2025-11-09 00:51:23.524547 Epoch [087/100], Step [0003/0003], [lateral-edge: 0.7687, lateral-2: 1.4662, lateral-3: 1.4588, lateral-4: 1.4702, lateral-5: 1.5006, epsilon: 14.3509]
2025-11-09 00:51:28.676646 Epoch [088/100], Step [0003/0003], [lateral-edge: 0.7700, lateral-2: 1.4657, lateral-3: 1.4691, lateral-4: 1.4798, lateral-5: 1.5152, epsilon: 14.4544]
2025-11-09 00:51:33.421307 Epoch [089/100], Step [0003/0003], [lateral-edge: 0.7695, lateral-2: 1.4764, lateral-3: 1.4747, lateral-4: 1.4981, lateral-5: 1.5096, epsilon: 14.5576]
[Saving Snapshot:] ./Snapshots/save_weights/Inf-Net_DP_Morph/both/batch_24/run_2/epsilon_8/nsgd/Inf-Net-90.pth
[Privacy Budget]: ε = 14.56 (δ = 1e-05)
2025-11-09 00:51:38.945110 Epoch [090/100], Step [0003/0003], [lateral-edge: 0.7685, lateral-2: 1.4528, lateral-3: 1.4537, lateral-4: 1.4753, lateral-5: 1.4976, epsilon: 14.6604]
2025-11-09 00:51:43.952330 Epoch [091/100], Step [0003/0003], [lateral-edge: 0.7695, lateral-2: 1.4563, lateral-3: 1.4489, lateral-4: 1.4705, lateral-5: 1.4991, epsilon: 14.7629]
2025-11-09 00:51:49.316713 Epoch [092/100], Step [0003/0003], [lateral-edge: 0.7702, lateral-2: 1.4939, lateral-3: 1.4873, lateral-4: 1.5007, lateral-5: 1.5231, epsilon: 14.8650]
2025-11-09 00:51:54.161201 Epoch [093/100], Step [0003/0003], [lateral-edge: 0.7676, lateral-2: 1.4545, lateral-3: 1.4599, lateral-4: 1.4715, lateral-5: 1.4990, epsilon: 14.9669]
2025-11-09 00:51:58.961225 Epoch [094/100], Step [0003/0003], [lateral-edge: 0.7687, lateral-2: 1.4655, lateral-3: 1.4583, lateral-4: 1.4799, lateral-5: 1.4992, epsilon: 15.0683]
2025-11-09 00:52:04.056853 Epoch [095/100], Step [0003/0003], [lateral-edge: 0.7698, lateral-2: 1.4829, lateral-3: 1.4760, lateral-4: 1.4923, lateral-5: 1.5172, epsilon: 15.1695]
2025-11-09 00:52:09.095890 Epoch [096/100], Step [0003/0003], [lateral-edge: 0.7678, lateral-2: 1.4451, lateral-3: 1.4498, lateral-4: 1.4669, lateral-5: 1.4938, epsilon: 15.2704]
2025-11-09 00:52:14.255446 Epoch [097/100], Step [0003/0003], [lateral-edge: 0.7680, lateral-2: 1.4678, lateral-3: 1.4660, lateral-4: 1.4774, lateral-5: 1.5079, epsilon: 15.3709]
2025-11-09 00:52:19.339192 Epoch [098/100], Step [0003/0003], [lateral-edge: 0.7694, lateral-2: 1.4296, lateral-3: 1.4272, lateral-4: 1.4502, lateral-5: 1.4876, epsilon: 15.4711]
2025-11-09 00:52:24.180419 Epoch [099/100], Step [0003/0003], [lateral-edge: 0.7681, lateral-2: 1.4472, lateral-3: 1.4453, lateral-4: 1.4618, lateral-5: 1.4952, epsilon: 15.5711]
[Saving Snapshot:] ./Snapshots/save_weights/Inf-Net_DP_Morph/both/batch_24/run_2/epsilon_8/nsgd/Inf-Net-100.pth
[Privacy Budget]: ε = 15.57 (δ = 1e-05)
2025-11-09 00:52:30.012989 Epoch [100/100], Step [0003/0003], [lateral-edge: 0.7682, lateral-2: 1.4844, lateral-3: 1.4835, lateral-4: 1.4990, lateral-5: 1.5196, epsilon: 15.6707]
Training completed at Sun Nov  9 00:52:31 CET 2025
