Model loading: UNet with GroupNorm
Model is compatible with differential privacy
Not loading weights from weights file
###################################################################### 
Start Training (UNet-DP)
Network: UNet
Batch Size: 48
DP Enabled (ε=8.0, δ=1e-05, clipping=base)
Morphology: Disabled
Architecture: GroupNorm (with DP)
Save Path: ./Snapshots/save_weights/UNet_DP/batch_48/run_2/epsilon_8/base
Run: 2
Namespace(network='UNet', epoch=100, lr=0.0001, batchsize=48, trainsize=352, clip=0.5, decay_rate=0.1, decay_epoch=50, is_thop=False, gpu_device=0, num_workers=8, net_channel=32, init_features=32, n_classes=1, in_channels=3, backbone='Res2Net50', deep_supervision=False, train_path='./Dataset/TrainingSet/LungInfection-Train/Doctor-label', is_semi=False, is_pseudo=False, train_save=None, run=2, enable_privacy=True, epsilon=8.0, max_grad_norm=1.2, delta=1e-05, clipping_strategy='base', enable_morphology=False, morph_operation='both', morph_kernel_size=3, device='cuda')
 ######################################################################
2025-11-09 01:00:41.804357 Epoch [001/100], Step [0002/0002], Loss: 1.5871, ε: 0.6824
2025-11-09 01:00:43.891392 Epoch [002/100], Step [0002/0002], Loss: 1.5808, ε: 0.9567
2025-11-09 01:00:45.805995 Epoch [003/100], Step [0002/0002], Loss: 1.5722, ε: 1.1725
2025-11-09 01:00:47.653356 Epoch [004/100], Step [0002/0002], Loss: 1.5821, ε: 1.3577
2025-11-09 01:00:49.579857 Epoch [005/100], Step [0002/0002], Loss: 1.5885, ε: 1.5233
2025-11-09 01:00:51.544317 Epoch [006/100], Step [0002/0002], Loss: 1.5895, ε: 1.6749
2025-11-09 01:00:53.583714 Epoch [007/100], Step [0002/0002], Loss: 1.5778, ε: 1.8158
2025-11-09 01:00:55.665037 Epoch [008/100], Step [0002/0002], Loss: 1.5655, ε: 1.9482
2025-11-09 01:00:57.703688 Epoch [009/100], Step [0002/0002], Loss: 1.5687, ε: 2.0737
[Saving Snapshot:] ./Snapshots/save_weights/UNet_DP/batch_48/run_2/epsilon_8/base/UNet-10.pth
[Privacy Budget]: ε = 2.07 (δ = 1e-05)
2025-11-09 01:01:00.630397 Epoch [010/100], Step [0002/0002], Loss: 1.5732, ε: 2.1934
2025-11-09 01:01:02.714039 Epoch [011/100], Step [0002/0002], Loss: 1.5573, ε: 2.3081
2025-11-09 01:01:04.724653 Epoch [012/100], Step [0002/0002], Loss: 1.5689, ε: 2.4184
2025-11-09 01:01:06.523232 Epoch [013/100], Step [0002/0002], Loss: 1.5634, ε: 2.5249
2025-11-09 01:01:08.441867 Epoch [014/100], Step [0002/0002], Loss: 1.5877, ε: 2.6281
2025-11-09 01:01:10.403493 Epoch [015/100], Step [0002/0002], Loss: 1.5544, ε: 2.7282
2025-11-09 01:01:12.473986 Epoch [016/100], Step [0002/0002], Loss: 1.5773, ε: 2.8256
2025-11-09 01:01:14.442494 Epoch [017/100], Step [0002/0002], Loss: 1.5754, ε: 2.9205
2025-11-09 01:01:16.535351 Epoch [018/100], Step [0002/0002], Loss: 1.5587, ε: 3.0131
2025-11-09 01:01:18.497149 Epoch [019/100], Step [0002/0002], Loss: 1.5665, ε: 3.1036
[Saving Snapshot:] ./Snapshots/save_weights/UNet_DP/batch_48/run_2/epsilon_8/base/UNet-20.pth
[Privacy Budget]: ε = 3.10 (δ = 1e-05)
2025-11-09 01:01:21.401569 Epoch [020/100], Step [0002/0002], Loss: 1.5541, ε: 3.1922
2025-11-09 01:01:23.395826 Epoch [021/100], Step [0002/0002], Loss: 1.5594, ε: 3.2790
2025-11-09 01:01:25.277215 Epoch [022/100], Step [0002/0002], Loss: 1.5359, ε: 3.3642
2025-11-09 01:01:27.309446 Epoch [023/100], Step [0002/0002], Loss: 1.5528, ε: 3.4477
2025-11-09 01:01:29.313098 Epoch [024/100], Step [0002/0002], Loss: 1.5319, ε: 3.5299
2025-11-09 01:01:31.223458 Epoch [025/100], Step [0002/0002], Loss: 1.5569, ε: 3.6106
2025-11-09 01:01:33.190445 Epoch [026/100], Step [0002/0002], Loss: 1.5230, ε: 3.6901
2025-11-09 01:01:35.274303 Epoch [027/100], Step [0002/0002], Loss: 1.5526, ε: 3.7684
2025-11-09 01:01:37.155812 Epoch [028/100], Step [0002/0002], Loss: 1.5507, ε: 3.8455
2025-11-09 01:01:39.172734 Epoch [029/100], Step [0002/0002], Loss: 1.5492, ε: 3.9216
[Saving Snapshot:] ./Snapshots/save_weights/UNet_DP/batch_48/run_2/epsilon_8/base/UNet-30.pth
[Privacy Budget]: ε = 3.92 (δ = 1e-05)
2025-11-09 01:01:42.245861 Epoch [030/100], Step [0002/0002], Loss: 1.5406, ε: 3.9966
2025-11-09 01:01:44.337522 Epoch [031/100], Step [0002/0002], Loss: 1.5485, ε: 4.0706
2025-11-09 01:01:46.338559 Epoch [032/100], Step [0002/0002], Loss: 1.5508, ε: 4.1437
2025-11-09 01:01:48.255606 Epoch [033/100], Step [0002/0002], Loss: 1.5591, ε: 4.2158
2025-11-09 01:01:50.140378 Epoch [034/100], Step [0002/0002], Loss: 1.5321, ε: 4.2872
2025-11-09 01:01:52.074905 Epoch [035/100], Step [0002/0002], Loss: 1.5238, ε: 4.3577
2025-11-09 01:01:53.915381 Epoch [036/100], Step [0002/0002], Loss: 1.5389, ε: 4.4274
2025-11-09 01:01:55.896901 Epoch [037/100], Step [0002/0002], Loss: 1.5590, ε: 4.4964
2025-11-09 01:01:57.796668 Epoch [038/100], Step [0002/0002], Loss: 1.5391, ε: 4.5647
2025-11-09 01:01:59.660001 Epoch [039/100], Step [0002/0002], Loss: 1.5401, ε: 4.6322
[Saving Snapshot:] ./Snapshots/save_weights/UNet_DP/batch_48/run_2/epsilon_8/base/UNet-40.pth
[Privacy Budget]: ε = 4.63 (δ = 1e-05)
2025-11-09 01:02:02.384085 Epoch [040/100], Step [0002/0002], Loss: 1.5256, ε: 4.6991
2025-11-09 01:02:04.207275 Epoch [041/100], Step [0002/0002], Loss: 1.5235, ε: 4.7654
2025-11-09 01:02:05.972182 Epoch [042/100], Step [0002/0002], Loss: 1.5389, ε: 4.8310
2025-11-09 01:02:07.808874 Epoch [043/100], Step [0002/0002], Loss: 1.5436, ε: 4.8961
2025-11-09 01:02:09.767598 Epoch [044/100], Step [0002/0002], Loss: 1.5285, ε: 4.9606
2025-11-09 01:02:11.745801 Epoch [045/100], Step [0002/0002], Loss: 1.5252, ε: 5.0245
2025-11-09 01:02:13.589643 Epoch [046/100], Step [0002/0002], Loss: 1.5196, ε: 5.0878
2025-11-09 01:02:15.399317 Epoch [047/100], Step [0002/0002], Loss: 1.5261, ε: 5.1507
2025-11-09 01:02:17.376364 Epoch [048/100], Step [0002/0002], Loss: 1.5283, ε: 5.2130
2025-11-09 01:02:19.346910 Epoch [049/100], Step [0002/0002], Loss: 1.5105, ε: 5.2749
[Saving Snapshot:] ./Snapshots/save_weights/UNet_DP/batch_48/run_2/epsilon_8/base/UNet-50.pth
[Privacy Budget]: ε = 5.27 (δ = 1e-05)
2025-11-09 01:02:22.316890 Epoch [050/100], Step [0002/0002], Loss: 1.5191, ε: 5.3362
2025-11-09 01:02:24.253358 Epoch [051/100], Step [0002/0002], Loss: 1.5406, ε: 5.3971
2025-11-09 01:02:26.274326 Epoch [052/100], Step [0002/0002], Loss: 1.5290, ε: 5.4576
2025-11-09 01:02:28.204169 Epoch [053/100], Step [0002/0002], Loss: 1.5274, ε: 5.5176
2025-11-09 01:02:30.081391 Epoch [054/100], Step [0002/0002], Loss: 1.5239, ε: 5.5772
2025-11-09 01:02:32.031575 Epoch [055/100], Step [0002/0002], Loss: 1.5133, ε: 5.6364
2025-11-09 01:02:33.996182 Epoch [056/100], Step [0002/0002], Loss: 1.5224, ε: 5.6952
2025-11-09 01:02:35.876804 Epoch [057/100], Step [0002/0002], Loss: 1.5426, ε: 5.7536
2025-11-09 01:02:37.800756 Epoch [058/100], Step [0002/0002], Loss: 1.5161, ε: 5.8116
2025-11-09 01:02:39.810606 Epoch [059/100], Step [0002/0002], Loss: 1.5202, ε: 5.8693
[Saving Snapshot:] ./Snapshots/save_weights/UNet_DP/batch_48/run_2/epsilon_8/base/UNet-60.pth
[Privacy Budget]: ε = 5.87 (δ = 1e-05)
2025-11-09 01:02:42.654730 Epoch [060/100], Step [0002/0002], Loss: 1.5118, ε: 5.9266
2025-11-09 01:02:44.658998 Epoch [061/100], Step [0002/0002], Loss: 1.5081, ε: 5.9835
2025-11-09 01:02:46.691369 Epoch [062/100], Step [0002/0002], Loss: 1.5366, ε: 6.0401
2025-11-09 01:02:48.574750 Epoch [063/100], Step [0002/0002], Loss: 1.5192, ε: 6.0963
2025-11-09 01:02:50.584884 Epoch [064/100], Step [0002/0002], Loss: 1.5131, ε: 6.1522
2025-11-09 01:02:52.596670 Epoch [065/100], Step [0002/0002], Loss: 1.5350, ε: 6.2078
2025-11-09 01:02:54.518888 Epoch [066/100], Step [0002/0002], Loss: 1.5452, ε: 6.2631
2025-11-09 01:02:56.406821 Epoch [067/100], Step [0002/0002], Loss: 1.5086, ε: 6.3181
2025-11-09 01:02:58.422434 Epoch [068/100], Step [0002/0002], Loss: 1.5401, ε: 6.3728
2025-11-09 01:03:00.356014 Epoch [069/100], Step [0002/0002], Loss: 1.5216, ε: 6.4272
[Saving Snapshot:] ./Snapshots/save_weights/UNet_DP/batch_48/run_2/epsilon_8/base/UNet-70.pth
[Privacy Budget]: ε = 6.43 (δ = 1e-05)
2025-11-09 01:03:03.207220 Epoch [070/100], Step [0002/0002], Loss: 1.5212, ε: 6.4813
2025-11-09 01:03:05.120457 Epoch [071/100], Step [0002/0002], Loss: 1.5213, ε: 6.5351
2025-11-09 01:03:07.045300 Epoch [072/100], Step [0002/0002], Loss: 1.5273, ε: 6.5886
2025-11-09 01:03:08.943492 Epoch [073/100], Step [0002/0002], Loss: 1.5372, ε: 6.6419
2025-11-09 01:03:10.839727 Epoch [074/100], Step [0002/0002], Loss: 1.5032, ε: 6.6949
2025-11-09 01:03:12.784396 Epoch [075/100], Step [0002/0002], Loss: 1.5057, ε: 6.7477
2025-11-09 01:03:14.761132 Epoch [076/100], Step [0002/0002], Loss: 1.5221, ε: 6.8002
2025-11-09 01:03:16.741152 Epoch [077/100], Step [0002/0002], Loss: 1.5308, ε: 6.8524
2025-11-09 01:03:18.661274 Epoch [078/100], Step [0002/0002], Loss: 1.5151, ε: 6.9044
2025-11-09 01:03:20.712576 Epoch [079/100], Step [0002/0002], Loss: 1.5334, ε: 6.9562
[Saving Snapshot:] ./Snapshots/save_weights/UNet_DP/batch_48/run_2/epsilon_8/base/UNet-80.pth
[Privacy Budget]: ε = 6.96 (δ = 1e-05)
2025-11-09 01:03:23.624349 Epoch [080/100], Step [0002/0002], Loss: 1.5282, ε: 7.0077
2025-11-09 01:03:25.563195 Epoch [081/100], Step [0002/0002], Loss: 1.5363, ε: 7.0590
2025-11-09 01:03:27.544975 Epoch [082/100], Step [0002/0002], Loss: 1.5212, ε: 7.1101
2025-11-09 01:03:29.573441 Epoch [083/100], Step [0002/0002], Loss: 1.5253, ε: 7.1609
2025-11-09 01:03:31.471594 Epoch [084/100], Step [0002/0002], Loss: 1.5202, ε: 7.2116
2025-11-09 01:03:33.298888 Epoch [085/100], Step [0002/0002], Loss: 1.5086, ε: 7.2620
2025-11-09 01:03:35.177955 Epoch [086/100], Step [0002/0002], Loss: 1.5086, ε: 7.3122
2025-11-09 01:03:36.986619 Epoch [087/100], Step [0002/0002], Loss: 1.5386, ε: 7.3622
2025-11-09 01:03:39.053503 Epoch [088/100], Step [0002/0002], Loss: 1.5149, ε: 7.4120
2025-11-09 01:03:41.086606 Epoch [089/100], Step [0002/0002], Loss: 1.5234, ε: 7.4616
[Saving Snapshot:] ./Snapshots/save_weights/UNet_DP/batch_48/run_2/epsilon_8/base/UNet-90.pth
[Privacy Budget]: ε = 7.46 (δ = 1e-05)
2025-11-09 01:03:44.039331 Epoch [090/100], Step [0002/0002], Loss: 1.5326, ε: 7.5110
2025-11-09 01:03:45.931277 Epoch [091/100], Step [0002/0002], Loss: 1.5060, ε: 7.5602
2025-11-09 01:03:47.897732 Epoch [092/100], Step [0002/0002], Loss: 1.5090, ε: 7.6092
2025-11-09 01:03:49.649457 Epoch [093/100], Step [0002/0002], Loss: 1.5297, ε: 7.6580
2025-11-09 01:03:51.585372 Epoch [094/100], Step [0002/0002], Loss: 1.5293, ε: 7.7067
2025-11-09 01:03:53.525284 Epoch [095/100], Step [0002/0002], Loss: 1.5218, ε: 7.7551
2025-11-09 01:03:55.406036 Epoch [096/100], Step [0002/0002], Loss: 1.5134, ε: 7.8034
2025-11-09 01:03:57.369857 Epoch [097/100], Step [0002/0002], Loss: 1.5083, ε: 7.8515
2025-11-09 01:03:59.342512 Epoch [098/100], Step [0002/0002], Loss: 1.5311, ε: 7.8994
2025-11-09 01:04:01.281435 Epoch [099/100], Step [0002/0002], Loss: 1.5279, ε: 7.9472
[Saving Snapshot:] ./Snapshots/save_weights/UNet_DP/batch_48/run_2/epsilon_8/base/UNet-100.pth
[Privacy Budget]: ε = 7.95 (δ = 1e-05)
2025-11-09 01:04:04.092012 Epoch [100/100], Step [0002/0002], Loss: 1.5445, ε: 7.9948
Training completed at Sun Nov  9 01:04:05 CET 2025
