Backbone loading: Res2Net50
Trainable: 31,072,721 / 33,121,721 parameters
Validator raised issues with model. Attempting auto-fix...
Original error: UnsupportedModuleError
Model successfully fixed for differential privacy
Not loading weights from weights file
###################################################################### 
Start Training (Inf_Net-DP)
Network: Inf_Net
Batch Size: 24
DP Enabled (ε=8.0, δ=1e-05, clipping=psac)
Morphology: both
Architecture: GroupNorm (with DP)
Save Path: ./Snapshots/save_weights/Inf-Net_DP_Morph/both/batch_24/run_2/epsilon_8/psac
Run: 2
Namespace(network='Inf_Net', epoch=100, lr=0.0001, batchsize=24, trainsize=352, clip=0.5, decay_rate=0.1, decay_epoch=50, is_thop=False, gpu_device=0, num_workers=8, net_channel=32, init_features=32, n_classes=1, in_channels=3, backbone='Res2Net50', deep_supervision=False, train_path='./Dataset/TrainingSet/LungInfection-Train/Doctor-label', is_semi=False, is_pseudo=False, train_save=None, run=2, enable_privacy=True, epsilon=8.0, max_grad_norm=1.2, delta=1e-05, clipping_strategy='psac', enable_morphology=True, morph_operation='both', morph_kernel_size=3, device='cuda')
 ######################################################################
2025-11-09 00:44:06.248858 Epoch [001/100], Step [0003/0003], [lateral-edge: 0.7703, lateral-2: 1.6155, lateral-3: 1.5560, lateral-4: 1.5168, lateral-5: 1.5129, epsilon: 1.2032]
2025-11-09 00:44:11.841508 Epoch [002/100], Step [0003/0003], [lateral-edge: 0.7697, lateral-2: 1.6281, lateral-3: 1.5723, lateral-4: 1.5357, lateral-5: 1.5229, epsilon: 1.7041]
2025-11-09 00:44:17.642519 Epoch [003/100], Step [0003/0003], [lateral-edge: 0.7704, lateral-2: 1.6034, lateral-3: 1.5491, lateral-4: 1.5188, lateral-5: 1.5146, epsilon: 2.1017]
2025-11-09 00:44:22.518284 Epoch [004/100], Step [0003/0003], [lateral-edge: 0.7716, lateral-2: 1.6042, lateral-3: 1.5532, lateral-4: 1.5319, lateral-5: 1.5230, epsilon: 2.4452]
2025-11-09 00:44:27.232494 Epoch [005/100], Step [0003/0003], [lateral-edge: 0.7711, lateral-2: 1.5959, lateral-3: 1.5463, lateral-4: 1.5254, lateral-5: 1.5274, epsilon: 2.7540]
2025-11-09 00:44:32.959864 Epoch [006/100], Step [0003/0003], [lateral-edge: 0.7704, lateral-2: 1.5756, lateral-3: 1.5251, lateral-4: 1.5119, lateral-5: 1.5126, epsilon: 3.0379]
2025-11-09 00:44:38.630154 Epoch [007/100], Step [0003/0003], [lateral-edge: 0.7710, lateral-2: 1.5887, lateral-3: 1.5374, lateral-4: 1.5123, lateral-5: 1.5256, epsilon: 3.3029]
2025-11-09 00:44:43.393018 Epoch [008/100], Step [0003/0003], [lateral-edge: 0.7708, lateral-2: 1.5915, lateral-3: 1.5441, lateral-4: 1.5166, lateral-5: 1.5357, epsilon: 3.5529]
2025-11-09 00:44:48.192044 Epoch [009/100], Step [0003/0003], [lateral-edge: 0.7700, lateral-2: 1.5628, lateral-3: 1.5182, lateral-4: 1.5006, lateral-5: 1.5109, epsilon: 3.7905]
[Saving Snapshot:] ./Snapshots/save_weights/Inf-Net_DP_Morph/both/batch_24/run_2/epsilon_8/psac/Inf-Net-10.pth
[Privacy Budget]: ε = 3.79 (δ = 1e-05)
2025-11-09 00:44:53.479401 Epoch [010/100], Step [0003/0003], [lateral-edge: 0.7703, lateral-2: 1.5447, lateral-3: 1.5090, lateral-4: 1.4901, lateral-5: 1.5053, epsilon: 4.0179]
2025-11-09 00:44:58.081627 Epoch [011/100], Step [0003/0003], [lateral-edge: 0.7698, lateral-2: 1.5123, lateral-3: 1.4745, lateral-4: 1.4631, lateral-5: 1.4943, epsilon: 4.2363]
2025-11-09 00:45:02.940862 Epoch [012/100], Step [0003/0003], [lateral-edge: 0.7699, lateral-2: 1.5724, lateral-3: 1.5281, lateral-4: 1.5017, lateral-5: 1.5209, epsilon: 4.4471]
2025-11-09 00:45:07.896216 Epoch [013/100], Step [0003/0003], [lateral-edge: 0.7708, lateral-2: 1.5592, lateral-3: 1.5217, lateral-4: 1.5024, lateral-5: 1.5226, epsilon: 4.6511]
2025-11-09 00:45:12.823222 Epoch [014/100], Step [0003/0003], [lateral-edge: 0.7709, lateral-2: 1.5398, lateral-3: 1.4991, lateral-4: 1.4785, lateral-5: 1.5038, epsilon: 4.8491]
2025-11-09 00:45:17.897524 Epoch [015/100], Step [0003/0003], [lateral-edge: 0.7715, lateral-2: 1.5595, lateral-3: 1.5170, lateral-4: 1.4985, lateral-5: 1.5141, epsilon: 5.0418]
2025-11-09 00:45:22.558582 Epoch [016/100], Step [0003/0003], [lateral-edge: 0.7711, lateral-2: 1.5344, lateral-3: 1.4982, lateral-4: 1.4838, lateral-5: 1.5073, epsilon: 5.2296]
2025-11-09 00:45:27.936720 Epoch [017/100], Step [0003/0003], [lateral-edge: 0.7705, lateral-2: 1.5422, lateral-3: 1.4988, lateral-4: 1.4830, lateral-5: 1.5071, epsilon: 5.4129]
2025-11-09 00:45:32.917531 Epoch [018/100], Step [0003/0003], [lateral-edge: 0.7706, lateral-2: 1.5455, lateral-3: 1.5013, lateral-4: 1.4829, lateral-5: 1.5124, epsilon: 5.5923]
2025-11-09 00:45:37.987834 Epoch [019/100], Step [0003/0003], [lateral-edge: 0.7710, lateral-2: 1.5597, lateral-3: 1.5135, lateral-4: 1.4968, lateral-5: 1.5189, epsilon: 5.7679]
[Saving Snapshot:] ./Snapshots/save_weights/Inf-Net_DP_Morph/both/batch_24/run_2/epsilon_8/psac/Inf-Net-20.pth
[Privacy Budget]: ε = 5.77 (δ = 1e-05)
2025-11-09 00:45:43.383959 Epoch [020/100], Step [0003/0003], [lateral-edge: 0.7719, lateral-2: 1.5118, lateral-3: 1.4745, lateral-4: 1.4688, lateral-5: 1.4990, epsilon: 5.9401]
2025-11-09 00:45:48.849013 Epoch [021/100], Step [0003/0003], [lateral-edge: 0.7715, lateral-2: 1.4950, lateral-3: 1.4572, lateral-4: 1.4553, lateral-5: 1.4865, epsilon: 6.1092]
2025-11-09 00:45:53.701857 Epoch [022/100], Step [0003/0003], [lateral-edge: 0.7713, lateral-2: 1.5200, lateral-3: 1.4855, lateral-4: 1.4719, lateral-5: 1.5059, epsilon: 6.2753]
2025-11-09 00:45:58.582974 Epoch [023/100], Step [0003/0003], [lateral-edge: 0.7710, lateral-2: 1.5431, lateral-3: 1.5051, lateral-4: 1.4930, lateral-5: 1.5192, epsilon: 6.4386]
2025-11-09 00:46:03.440547 Epoch [024/100], Step [0003/0003], [lateral-edge: 0.7709, lateral-2: 1.5053, lateral-3: 1.4737, lateral-4: 1.4671, lateral-5: 1.4975, epsilon: 6.5994]
2025-11-09 00:46:08.148179 Epoch [025/100], Step [0003/0003], [lateral-edge: 0.7704, lateral-2: 1.5234, lateral-3: 1.4853, lateral-4: 1.4764, lateral-5: 1.5076, epsilon: 6.7577]
2025-11-09 00:46:12.801599 Epoch [026/100], Step [0003/0003], [lateral-edge: 0.7717, lateral-2: 1.5356, lateral-3: 1.4951, lateral-4: 1.4908, lateral-5: 1.5143, epsilon: 6.9138]
2025-11-09 00:46:17.652551 Epoch [027/100], Step [0003/0003], [lateral-edge: 0.7710, lateral-2: 1.4986, lateral-3: 1.4653, lateral-4: 1.4502, lateral-5: 1.4843, epsilon: 7.0677]
2025-11-09 00:46:23.063924 Epoch [028/100], Step [0003/0003], [lateral-edge: 0.7704, lateral-2: 1.5176, lateral-3: 1.4799, lateral-4: 1.4687, lateral-5: 1.5052, epsilon: 7.2196]
2025-11-09 00:46:28.532015 Epoch [029/100], Step [0003/0003], [lateral-edge: 0.7710, lateral-2: 1.5018, lateral-3: 1.4706, lateral-4: 1.4613, lateral-5: 1.4906, epsilon: 7.3695]
[Saving Snapshot:] ./Snapshots/save_weights/Inf-Net_DP_Morph/both/batch_24/run_2/epsilon_8/psac/Inf-Net-30.pth
[Privacy Budget]: ε = 7.37 (δ = 1e-05)
2025-11-09 00:46:34.032732 Epoch [030/100], Step [0003/0003], [lateral-edge: 0.7712, lateral-2: 1.5277, lateral-3: 1.4912, lateral-4: 1.4767, lateral-5: 1.5106, epsilon: 7.5177]
2025-11-09 00:46:38.688503 Epoch [031/100], Step [0003/0003], [lateral-edge: 0.7707, lateral-2: 1.4968, lateral-3: 1.4639, lateral-4: 1.4618, lateral-5: 1.4924, epsilon: 7.6640]
2025-11-09 00:46:43.686237 Epoch [032/100], Step [0003/0003], [lateral-edge: 0.7710, lateral-2: 1.5097, lateral-3: 1.4810, lateral-4: 1.4729, lateral-5: 1.5061, epsilon: 7.8088]
2025-11-09 00:46:48.905771 Epoch [033/100], Step [0003/0003], [lateral-edge: 0.7715, lateral-2: 1.5024, lateral-3: 1.4707, lateral-4: 1.4716, lateral-5: 1.4984, epsilon: 7.9519]
2025-11-09 00:46:53.544684 Epoch [034/100], Step [0003/0003], [lateral-edge: 0.7703, lateral-2: 1.4828, lateral-3: 1.4585, lateral-4: 1.4536, lateral-5: 1.4893, epsilon: 8.0935]
2025-11-09 00:46:58.756980 Epoch [035/100], Step [0003/0003], [lateral-edge: 0.7704, lateral-2: 1.5242, lateral-3: 1.4923, lateral-4: 1.4826, lateral-5: 1.5098, epsilon: 8.2337]
2025-11-09 00:47:03.650737 Epoch [036/100], Step [0003/0003], [lateral-edge: 0.7698, lateral-2: 1.5099, lateral-3: 1.4818, lateral-4: 1.4733, lateral-5: 1.5024, epsilon: 8.3725]
2025-11-09 00:47:08.389562 Epoch [037/100], Step [0003/0003], [lateral-edge: 0.7705, lateral-2: 1.5130, lateral-3: 1.4858, lateral-4: 1.4787, lateral-5: 1.4989, epsilon: 8.5099]
2025-11-09 00:47:13.288537 Epoch [038/100], Step [0003/0003], [lateral-edge: 0.7700, lateral-2: 1.5135, lateral-3: 1.4844, lateral-4: 1.4722, lateral-5: 1.5058, epsilon: 8.6461]
2025-11-09 00:47:18.040631 Epoch [039/100], Step [0003/0003], [lateral-edge: 0.7700, lateral-2: 1.4996, lateral-3: 1.4721, lateral-4: 1.4620, lateral-5: 1.5018, epsilon: 8.7811]
[Saving Snapshot:] ./Snapshots/save_weights/Inf-Net_DP_Morph/both/batch_24/run_2/epsilon_8/psac/Inf-Net-40.pth
[Privacy Budget]: ε = 8.78 (δ = 1e-05)
2025-11-09 00:47:23.483567 Epoch [040/100], Step [0003/0003], [lateral-edge: 0.7702, lateral-2: 1.4962, lateral-3: 1.4660, lateral-4: 1.4645, lateral-5: 1.4937, epsilon: 8.9149]
2025-11-09 00:47:28.188638 Epoch [041/100], Step [0003/0003], [lateral-edge: 0.7704, lateral-2: 1.5071, lateral-3: 1.4781, lateral-4: 1.4744, lateral-5: 1.5007, epsilon: 9.0475]
2025-11-09 00:47:32.901481 Epoch [042/100], Step [0003/0003], [lateral-edge: 0.7705, lateral-2: 1.4697, lateral-3: 1.4501, lateral-4: 1.4542, lateral-5: 1.4771, epsilon: 9.1791]
2025-11-09 00:47:37.639687 Epoch [043/100], Step [0003/0003], [lateral-edge: 0.7701, lateral-2: 1.5068, lateral-3: 1.4864, lateral-4: 1.4835, lateral-5: 1.5018, epsilon: 9.3095]
2025-11-09 00:47:42.667127 Epoch [044/100], Step [0003/0003], [lateral-edge: 0.7693, lateral-2: 1.4714, lateral-3: 1.4546, lateral-4: 1.4578, lateral-5: 1.4851, epsilon: 9.4390]
2025-11-09 00:47:47.357936 Epoch [045/100], Step [0003/0003], [lateral-edge: 0.7709, lateral-2: 1.4939, lateral-3: 1.4734, lateral-4: 1.4711, lateral-5: 1.4949, epsilon: 9.5675]
2025-11-09 00:47:52.124111 Epoch [046/100], Step [0003/0003], [lateral-edge: 0.7709, lateral-2: 1.4914, lateral-3: 1.4709, lateral-4: 1.4731, lateral-5: 1.4893, epsilon: 9.6950]
2025-11-09 00:47:56.989479 Epoch [047/100], Step [0003/0003], [lateral-edge: 0.7696, lateral-2: 1.4927, lateral-3: 1.4714, lateral-4: 1.4694, lateral-5: 1.4927, epsilon: 9.8216]
2025-11-09 00:48:01.767022 Epoch [048/100], Step [0003/0003], [lateral-edge: 0.7712, lateral-2: 1.4788, lateral-3: 1.4647, lateral-4: 1.4664, lateral-5: 1.4852, epsilon: 9.9473]
2025-11-09 00:48:06.704684 Epoch [049/100], Step [0003/0003], [lateral-edge: 0.7699, lateral-2: 1.4855, lateral-3: 1.4704, lateral-4: 1.4686, lateral-5: 1.4940, epsilon: 10.0721]
[Saving Snapshot:] ./Snapshots/save_weights/Inf-Net_DP_Morph/both/batch_24/run_2/epsilon_8/psac/Inf-Net-50.pth
[Privacy Budget]: ε = 10.07 (δ = 1e-05)
2025-11-09 00:48:12.297965 Epoch [050/100], Step [0003/0003], [lateral-edge: 0.7697, lateral-2: 1.4756, lateral-3: 1.4600, lateral-4: 1.4537, lateral-5: 1.4884, epsilon: 10.1961]
2025-11-09 00:48:17.265019 Epoch [051/100], Step [0003/0003], [lateral-edge: 0.7703, lateral-2: 1.4822, lateral-3: 1.4643, lateral-4: 1.4655, lateral-5: 1.4893, epsilon: 10.3193]
2025-11-09 00:48:22.069801 Epoch [052/100], Step [0003/0003], [lateral-edge: 0.7703, lateral-2: 1.4595, lateral-3: 1.4453, lateral-4: 1.4488, lateral-5: 1.4788, epsilon: 10.4417]
2025-11-09 00:48:26.992713 Epoch [053/100], Step [0003/0003], [lateral-edge: 0.7703, lateral-2: 1.4655, lateral-3: 1.4448, lateral-4: 1.4491, lateral-5: 1.4831, epsilon: 10.5633]
2025-11-09 00:48:31.879962 Epoch [054/100], Step [0003/0003], [lateral-edge: 0.7707, lateral-2: 1.4624, lateral-3: 1.4453, lateral-4: 1.4499, lateral-5: 1.4779, epsilon: 10.6841]
2025-11-09 00:48:36.879587 Epoch [055/100], Step [0003/0003], [lateral-edge: 0.7699, lateral-2: 1.4746, lateral-3: 1.4606, lateral-4: 1.4618, lateral-5: 1.4911, epsilon: 10.8043]
2025-11-09 00:48:41.755981 Epoch [056/100], Step [0003/0003], [lateral-edge: 0.7703, lateral-2: 1.4722, lateral-3: 1.4567, lateral-4: 1.4630, lateral-5: 1.4864, epsilon: 10.9237]
2025-11-09 00:48:46.958607 Epoch [057/100], Step [0003/0003], [lateral-edge: 0.7699, lateral-2: 1.4728, lateral-3: 1.4534, lateral-4: 1.4542, lateral-5: 1.4904, epsilon: 11.0424]
2025-11-09 00:48:51.874425 Epoch [058/100], Step [0003/0003], [lateral-edge: 0.7692, lateral-2: 1.4697, lateral-3: 1.4510, lateral-4: 1.4570, lateral-5: 1.4849, epsilon: 11.1605]
2025-11-09 00:48:57.128797 Epoch [059/100], Step [0003/0003], [lateral-edge: 0.7709, lateral-2: 1.4618, lateral-3: 1.4455, lateral-4: 1.4480, lateral-5: 1.4747, epsilon: 11.2779]
[Saving Snapshot:] ./Snapshots/save_weights/Inf-Net_DP_Morph/both/batch_24/run_2/epsilon_8/psac/Inf-Net-60.pth
[Privacy Budget]: ε = 11.28 (δ = 1e-05)
2025-11-09 00:49:02.928820 Epoch [060/100], Step [0003/0003], [lateral-edge: 0.7701, lateral-2: 1.4785, lateral-3: 1.4611, lateral-4: 1.4639, lateral-5: 1.4901, epsilon: 11.3946]
2025-11-09 00:49:08.057160 Epoch [061/100], Step [0003/0003], [lateral-edge: 0.7694, lateral-2: 1.4700, lateral-3: 1.4545, lateral-4: 1.4570, lateral-5: 1.4888, epsilon: 11.5107]
2025-11-09 00:49:13.004846 Epoch [062/100], Step [0003/0003], [lateral-edge: 0.7706, lateral-2: 1.4579, lateral-3: 1.4374, lateral-4: 1.4417, lateral-5: 1.4788, epsilon: 11.6263]
2025-11-09 00:49:17.801448 Epoch [063/100], Step [0003/0003], [lateral-edge: 0.7697, lateral-2: 1.4648, lateral-3: 1.4496, lateral-4: 1.4528, lateral-5: 1.4879, epsilon: 11.7412]
2025-11-09 00:49:22.693742 Epoch [064/100], Step [0003/0003], [lateral-edge: 0.7695, lateral-2: 1.4707, lateral-3: 1.4597, lateral-4: 1.4632, lateral-5: 1.4945, epsilon: 11.8556]
2025-11-09 00:49:27.917892 Epoch [065/100], Step [0003/0003], [lateral-edge: 0.7698, lateral-2: 1.4882, lateral-3: 1.4734, lateral-4: 1.4703, lateral-5: 1.4999, epsilon: 11.9693]
2025-11-09 00:49:32.716440 Epoch [066/100], Step [0003/0003], [lateral-edge: 0.7698, lateral-2: 1.4803, lateral-3: 1.4620, lateral-4: 1.4683, lateral-5: 1.4866, epsilon: 12.0826]
2025-11-09 00:49:37.527668 Epoch [067/100], Step [0003/0003], [lateral-edge: 0.7706, lateral-2: 1.4953, lateral-3: 1.4762, lateral-4: 1.4764, lateral-5: 1.4943, epsilon: 12.1953]
2025-11-09 00:49:42.620448 Epoch [068/100], Step [0003/0003], [lateral-edge: 0.7698, lateral-2: 1.4913, lateral-3: 1.4760, lateral-4: 1.4747, lateral-5: 1.5013, epsilon: 12.3074]
2025-11-09 00:49:47.254788 Epoch [069/100], Step [0003/0003], [lateral-edge: 0.7694, lateral-2: 1.4607, lateral-3: 1.4475, lateral-4: 1.4470, lateral-5: 1.4866, epsilon: 12.4190]
[Saving Snapshot:] ./Snapshots/save_weights/Inf-Net_DP_Morph/both/batch_24/run_2/epsilon_8/psac/Inf-Net-70.pth
[Privacy Budget]: ε = 12.42 (δ = 1e-05)
2025-11-09 00:49:53.321302 Epoch [070/100], Step [0003/0003], [lateral-edge: 0.7695, lateral-2: 1.4604, lateral-3: 1.4428, lateral-4: 1.4428, lateral-5: 1.4821, epsilon: 12.5302]
2025-11-09 00:49:58.123769 Epoch [071/100], Step [0003/0003], [lateral-edge: 0.7704, lateral-2: 1.4776, lateral-3: 1.4620, lateral-4: 1.4641, lateral-5: 1.4929, epsilon: 12.6408]
2025-11-09 00:50:03.179956 Epoch [072/100], Step [0003/0003], [lateral-edge: 0.7702, lateral-2: 1.4521, lateral-3: 1.4328, lateral-4: 1.4377, lateral-5: 1.4681, epsilon: 12.7510]
2025-11-09 00:50:08.880453 Epoch [073/100], Step [0003/0003], [lateral-edge: 0.7697, lateral-2: 1.4638, lateral-3: 1.4474, lateral-4: 1.4468, lateral-5: 1.4840, epsilon: 12.8606]
2025-11-09 00:50:13.721405 Epoch [074/100], Step [0003/0003], [lateral-edge: 0.7695, lateral-2: 1.4549, lateral-3: 1.4379, lateral-4: 1.4359, lateral-5: 1.4711, epsilon: 12.9698]
2025-11-09 00:50:18.783787 Epoch [075/100], Step [0003/0003], [lateral-edge: 0.7703, lateral-2: 1.4596, lateral-3: 1.4425, lateral-4: 1.4485, lateral-5: 1.4741, epsilon: 13.0786]
2025-11-09 00:50:24.031052 Epoch [076/100], Step [0003/0003], [lateral-edge: 0.7700, lateral-2: 1.4762, lateral-3: 1.4570, lateral-4: 1.4547, lateral-5: 1.4875, epsilon: 13.1869]
2025-11-09 00:50:28.937958 Epoch [077/100], Step [0003/0003], [lateral-edge: 0.7707, lateral-2: 1.4833, lateral-3: 1.4618, lateral-4: 1.4642, lateral-5: 1.4938, epsilon: 13.2947]
2025-11-09 00:50:33.886086 Epoch [078/100], Step [0003/0003], [lateral-edge: 0.7701, lateral-2: 1.4589, lateral-3: 1.4418, lateral-4: 1.4451, lateral-5: 1.4797, epsilon: 13.4022]
2025-11-09 00:50:38.874944 Epoch [079/100], Step [0003/0003], [lateral-edge: 0.7695, lateral-2: 1.4716, lateral-3: 1.4536, lateral-4: 1.4582, lateral-5: 1.4887, epsilon: 13.5092]
[Saving Snapshot:] ./Snapshots/save_weights/Inf-Net_DP_Morph/both/batch_24/run_2/epsilon_8/psac/Inf-Net-80.pth
[Privacy Budget]: ε = 13.51 (δ = 1e-05)
2025-11-09 00:50:44.452579 Epoch [080/100], Step [0003/0003], [lateral-edge: 0.7698, lateral-2: 1.4700, lateral-3: 1.4533, lateral-4: 1.4618, lateral-5: 1.4880, epsilon: 13.6158]
2025-11-09 00:50:49.139086 Epoch [081/100], Step [0003/0003], [lateral-edge: 0.7698, lateral-2: 1.4878, lateral-3: 1.4664, lateral-4: 1.4599, lateral-5: 1.4966, epsilon: 13.7219]
2025-11-09 00:50:54.180694 Epoch [082/100], Step [0003/0003], [lateral-edge: 0.7688, lateral-2: 1.4454, lateral-3: 1.4281, lateral-4: 1.4319, lateral-5: 1.4739, epsilon: 13.8277]
2025-11-09 00:50:59.234562 Epoch [083/100], Step [0003/0003], [lateral-edge: 0.7701, lateral-2: 1.4937, lateral-3: 1.4760, lateral-4: 1.4721, lateral-5: 1.5055, epsilon: 13.9331]
2025-11-09 00:51:03.997611 Epoch [084/100], Step [0003/0003], [lateral-edge: 0.7700, lateral-2: 1.4945, lateral-3: 1.4785, lateral-4: 1.4735, lateral-5: 1.5019, epsilon: 14.0381]
2025-11-09 00:51:09.083155 Epoch [085/100], Step [0003/0003], [lateral-edge: 0.7702, lateral-2: 1.4706, lateral-3: 1.4483, lateral-4: 1.4543, lateral-5: 1.4872, epsilon: 14.1428]
2025-11-09 00:51:14.008380 Epoch [086/100], Step [0003/0003], [lateral-edge: 0.7709, lateral-2: 1.4844, lateral-3: 1.4595, lateral-4: 1.4678, lateral-5: 1.4883, epsilon: 14.2470]
2025-11-09 00:51:19.054853 Epoch [087/100], Step [0003/0003], [lateral-edge: 0.7705, lateral-2: 1.4941, lateral-3: 1.4772, lateral-4: 1.4682, lateral-5: 1.5058, epsilon: 14.3509]
2025-11-09 00:51:24.248653 Epoch [088/100], Step [0003/0003], [lateral-edge: 0.7695, lateral-2: 1.4747, lateral-3: 1.4592, lateral-4: 1.4554, lateral-5: 1.4973, epsilon: 14.4544]
2025-11-09 00:51:29.416419 Epoch [089/100], Step [0003/0003], [lateral-edge: 0.7700, lateral-2: 1.4803, lateral-3: 1.4651, lateral-4: 1.4674, lateral-5: 1.4925, epsilon: 14.5576]
[Saving Snapshot:] ./Snapshots/save_weights/Inf-Net_DP_Morph/both/batch_24/run_2/epsilon_8/psac/Inf-Net-90.pth
[Privacy Budget]: ε = 14.56 (δ = 1e-05)
2025-11-09 00:51:35.143766 Epoch [090/100], Step [0003/0003], [lateral-edge: 0.7700, lateral-2: 1.4855, lateral-3: 1.4711, lateral-4: 1.4648, lateral-5: 1.5010, epsilon: 14.6604]
2025-11-09 00:51:40.193231 Epoch [091/100], Step [0003/0003], [lateral-edge: 0.7693, lateral-2: 1.4603, lateral-3: 1.4446, lateral-4: 1.4474, lateral-5: 1.4798, epsilon: 14.7629]
2025-11-09 00:51:45.350583 Epoch [092/100], Step [0003/0003], [lateral-edge: 0.7698, lateral-2: 1.4399, lateral-3: 1.4241, lateral-4: 1.4334, lateral-5: 1.4685, epsilon: 14.8650]
2025-11-09 00:51:50.440562 Epoch [093/100], Step [0003/0003], [lateral-edge: 0.7695, lateral-2: 1.4582, lateral-3: 1.4483, lateral-4: 1.4516, lateral-5: 1.4850, epsilon: 14.9669]
2025-11-09 00:51:55.423228 Epoch [094/100], Step [0003/0003], [lateral-edge: 0.7698, lateral-2: 1.4872, lateral-3: 1.4687, lateral-4: 1.4736, lateral-5: 1.4954, epsilon: 15.0683]
2025-11-09 00:52:00.808127 Epoch [095/100], Step [0003/0003], [lateral-edge: 0.7710, lateral-2: 1.5038, lateral-3: 1.4824, lateral-4: 1.4823, lateral-5: 1.4997, epsilon: 15.1695]
2025-11-09 00:52:05.900414 Epoch [096/100], Step [0003/0003], [lateral-edge: 0.7704, lateral-2: 1.4558, lateral-3: 1.4363, lateral-4: 1.4421, lateral-5: 1.4712, epsilon: 15.2704]
2025-11-09 00:52:11.015839 Epoch [097/100], Step [0003/0003], [lateral-edge: 0.7698, lateral-2: 1.4900, lateral-3: 1.4704, lateral-4: 1.4735, lateral-5: 1.4931, epsilon: 15.3709]
2025-11-09 00:52:15.823595 Epoch [098/100], Step [0003/0003], [lateral-edge: 0.7708, lateral-2: 1.4525, lateral-3: 1.4407, lateral-4: 1.4496, lateral-5: 1.4784, epsilon: 15.4711]
2025-11-09 00:52:20.665251 Epoch [099/100], Step [0003/0003], [lateral-edge: 0.7698, lateral-2: 1.4595, lateral-3: 1.4429, lateral-4: 1.4444, lateral-5: 1.4784, epsilon: 15.5711]
[Saving Snapshot:] ./Snapshots/save_weights/Inf-Net_DP_Morph/both/batch_24/run_2/epsilon_8/psac/Inf-Net-100.pth
[Privacy Budget]: ε = 15.57 (δ = 1e-05)
2025-11-09 00:52:26.394813 Epoch [100/100], Step [0003/0003], [lateral-edge: 0.7704, lateral-2: 1.4624, lateral-3: 1.4456, lateral-4: 1.4522, lateral-5: 1.4844, epsilon: 15.6707]
Training completed at Sun Nov  9 00:52:27 CET 2025
