Backbone loading: Res2Net50
Trainable: 31,072,721 / 33,121,721 parameters
Validator raised issues with model. Attempting auto-fix...
Original error: UnsupportedModuleError
Model successfully fixed for differential privacy
Not loading weights from weights file
###################################################################### 
Start Training (Inf_Net-DP)
Network: Inf_Net
Batch Size: 24
DP Enabled (ε=200.0, δ=1e-05, clipping=automatic)
Morphology: both
Architecture: GroupNorm (with DP)
Save Path: ./Snapshots/save_weights/Inf-Net_DP_Morph/both/batch_24/run_3/epsilon_200/automatic
Run: 3
Namespace(network='Inf_Net', epoch=100, lr=0.0001, batchsize=24, trainsize=352, clip=0.5, decay_rate=0.1, decay_epoch=50, is_thop=False, gpu_device=0, num_workers=8, net_channel=32, init_features=32, n_classes=1, in_channels=3, backbone='Res2Net50', deep_supervision=False, train_path='./Dataset/TrainingSet/LungInfection-Train/Doctor-label', is_semi=False, is_pseudo=False, train_save=None, run=3, enable_privacy=True, epsilon=200.0, max_grad_norm=1.2, delta=1e-05, clipping_strategy='automatic', enable_morphology=True, morph_operation='both', morph_kernel_size=3, device='cuda')
 ######################################################################
2025-11-09 00:41:49.751669 Epoch [001/100], Step [0003/0003], [lateral-edge: 0.7800, lateral-2: 1.6869, lateral-3: 1.6159, lateral-4: 1.6495, lateral-5: 1.5696, epsilon: 23.2690]
2025-11-09 00:41:54.271720 Epoch [002/100], Step [0003/0003], [lateral-edge: 0.7769, lateral-2: 1.6027, lateral-3: 1.5472, lateral-4: 1.5710, lateral-5: 1.5413, epsilon: 32.9982]
2025-11-09 00:41:58.503703 Epoch [003/100], Step [0003/0003], [lateral-edge: 0.7748, lateral-2: 1.5895, lateral-3: 1.5381, lateral-4: 1.5540, lateral-5: 1.5432, epsilon: 41.1241]
2025-11-09 00:42:02.649200 Epoch [004/100], Step [0003/0003], [lateral-edge: 0.7754, lateral-2: 1.5427, lateral-3: 1.5098, lateral-4: 1.5349, lateral-5: 1.5291, epsilon: 48.4492]
2025-11-09 00:42:06.717660 Epoch [005/100], Step [0003/0003], [lateral-edge: 0.7732, lateral-2: 1.5268, lateral-3: 1.4956, lateral-4: 1.5171, lateral-5: 1.5258, epsilon: 55.2708]
2025-11-09 00:42:10.516149 Epoch [006/100], Step [0003/0003], [lateral-edge: 0.7700, lateral-2: 1.5158, lateral-3: 1.4846, lateral-4: 1.5078, lateral-5: 1.5156, epsilon: 61.7384]
2025-11-09 00:42:14.907163 Epoch [007/100], Step [0003/0003], [lateral-edge: 0.7738, lateral-2: 1.5105, lateral-3: 1.4854, lateral-4: 1.5055, lateral-5: 1.5196, epsilon: 67.9394]
2025-11-09 00:42:19.130831 Epoch [008/100], Step [0003/0003], [lateral-edge: 0.7720, lateral-2: 1.4666, lateral-3: 1.4505, lateral-4: 1.4755, lateral-5: 1.5050, epsilon: 73.9304]
2025-11-09 00:42:23.013585 Epoch [009/100], Step [0003/0003], [lateral-edge: 0.7708, lateral-2: 1.4660, lateral-3: 1.4527, lateral-4: 1.4772, lateral-5: 1.4995, epsilon: 79.7503]
[Saving Snapshot:] ./Snapshots/save_weights/Inf-Net_DP_Morph/both/batch_24/run_3/epsilon_200/automatic/Inf-Net-10.pth
[Privacy Budget]: ε = 79.75 (δ = 1e-05)
2025-11-09 00:42:27.128616 Epoch [010/100], Step [0003/0003], [lateral-edge: 0.7702, lateral-2: 1.4277, lateral-3: 1.4228, lateral-4: 1.4447, lateral-5: 1.4828, epsilon: 85.4276]
2025-11-09 00:42:31.134425 Epoch [011/100], Step [0003/0003], [lateral-edge: 0.7704, lateral-2: 1.4133, lateral-3: 1.4164, lateral-4: 1.4440, lateral-5: 1.4810, epsilon: 90.9833]
2025-11-09 00:42:35.135499 Epoch [012/100], Step [0003/0003], [lateral-edge: 0.7701, lateral-2: 1.3884, lateral-3: 1.3916, lateral-4: 1.4203, lateral-5: 1.4686, epsilon: 96.4339]
2025-11-09 00:42:38.846537 Epoch [013/100], Step [0003/0003], [lateral-edge: 0.7669, lateral-2: 1.4051, lateral-3: 1.4038, lateral-4: 1.4372, lateral-5: 1.4725, epsilon: 101.7925]
2025-11-09 00:42:42.733220 Epoch [014/100], Step [0003/0003], [lateral-edge: 0.7692, lateral-2: 1.3725, lateral-3: 1.3813, lateral-4: 1.4068, lateral-5: 1.4622, epsilon: 107.0697]
2025-11-09 00:42:47.066490 Epoch [015/100], Step [0003/0003], [lateral-edge: 0.7702, lateral-2: 1.4049, lateral-3: 1.4168, lateral-4: 1.4364, lateral-5: 1.4819, epsilon: 112.2740]
2025-11-09 00:42:51.292375 Epoch [016/100], Step [0003/0003], [lateral-edge: 0.7689, lateral-2: 1.3643, lateral-3: 1.3716, lateral-4: 1.3956, lateral-5: 1.4585, epsilon: 117.4127]
2025-11-09 00:42:55.107407 Epoch [017/100], Step [0003/0003], [lateral-edge: 0.7671, lateral-2: 1.3191, lateral-3: 1.3267, lateral-4: 1.3596, lateral-5: 1.4384, epsilon: 122.4920]
2025-11-09 00:42:59.492441 Epoch [018/100], Step [0003/0003], [lateral-edge: 0.7682, lateral-2: 1.3516, lateral-3: 1.3545, lateral-4: 1.3750, lateral-5: 1.4445, epsilon: 127.5171]
2025-11-09 00:43:03.180542 Epoch [019/100], Step [0003/0003], [lateral-edge: 0.7649, lateral-2: 1.3442, lateral-3: 1.3507, lateral-4: 1.3747, lateral-5: 1.4429, epsilon: 132.4924]
[Saving Snapshot:] ./Snapshots/save_weights/Inf-Net_DP_Morph/both/batch_24/run_3/epsilon_200/automatic/Inf-Net-20.pth
[Privacy Budget]: ε = 132.49 (δ = 1e-05)
2025-11-09 00:43:07.403686 Epoch [020/100], Step [0003/0003], [lateral-edge: 0.7662, lateral-2: 1.3198, lateral-3: 1.3452, lateral-4: 1.3748, lateral-5: 1.4367, epsilon: 137.4219]
2025-11-09 00:43:11.830654 Epoch [021/100], Step [0003/0003], [lateral-edge: 0.7664, lateral-2: 1.2849, lateral-3: 1.3118, lateral-4: 1.3416, lateral-5: 1.4232, epsilon: 142.3090]
2025-11-09 00:43:16.222445 Epoch [022/100], Step [0003/0003], [lateral-edge: 0.7654, lateral-2: 1.2611, lateral-3: 1.2972, lateral-4: 1.3292, lateral-5: 1.4152, epsilon: 147.1567]
2025-11-09 00:43:20.195086 Epoch [023/100], Step [0003/0003], [lateral-edge: 0.7662, lateral-2: 1.3079, lateral-3: 1.3358, lateral-4: 1.3584, lateral-5: 1.4283, epsilon: 151.9677]
2025-11-09 00:43:24.803087 Epoch [024/100], Step [0003/0003], [lateral-edge: 0.7647, lateral-2: 1.2688, lateral-3: 1.3053, lateral-4: 1.3380, lateral-5: 1.4174, epsilon: 156.7444]
2025-11-09 00:43:28.808452 Epoch [025/100], Step [0003/0003], [lateral-edge: 0.7667, lateral-2: 1.2885, lateral-3: 1.3127, lateral-4: 1.3392, lateral-5: 1.4103, epsilon: 161.4889]
2025-11-09 00:43:33.035255 Epoch [026/100], Step [0003/0003], [lateral-edge: 0.7642, lateral-2: 1.2562, lateral-3: 1.2829, lateral-4: 1.3132, lateral-5: 1.3974, epsilon: 166.2031]
2025-11-09 00:43:37.997765 Epoch [027/100], Step [0003/0003], [lateral-edge: 0.7629, lateral-2: 1.2626, lateral-3: 1.2826, lateral-4: 1.3113, lateral-5: 1.3983, epsilon: 170.8887]
2025-11-09 00:43:42.793105 Epoch [028/100], Step [0003/0003], [lateral-edge: 0.7631, lateral-2: 1.2166, lateral-3: 1.2568, lateral-4: 1.2925, lateral-5: 1.3892, epsilon: 175.5475]
2025-11-09 00:43:47.673037 Epoch [029/100], Step [0003/0003], [lateral-edge: 0.7611, lateral-2: 1.2378, lateral-3: 1.2668, lateral-4: 1.2978, lateral-5: 1.3866, epsilon: 180.1807]
[Saving Snapshot:] ./Snapshots/save_weights/Inf-Net_DP_Morph/both/batch_24/run_3/epsilon_200/automatic/Inf-Net-30.pth
[Privacy Budget]: ε = 180.18 (δ = 1e-05)
2025-11-09 00:43:53.778426 Epoch [030/100], Step [0003/0003], [lateral-edge: 0.7618, lateral-2: 1.2053, lateral-3: 1.2454, lateral-4: 1.2830, lateral-5: 1.3762, epsilon: 184.7897]
2025-11-09 00:43:58.820600 Epoch [031/100], Step [0003/0003], [lateral-edge: 0.7619, lateral-2: 1.2018, lateral-3: 1.2425, lateral-4: 1.2774, lateral-5: 1.3685, epsilon: 189.3757]
2025-11-09 00:44:02.680638 Epoch [032/100], Step [0003/0003], [lateral-edge: 0.7618, lateral-2: 1.2221, lateral-3: 1.2443, lateral-4: 1.2781, lateral-5: 1.3735, epsilon: 193.9399]
2025-11-09 00:44:07.511656 Epoch [033/100], Step [0003/0003], [lateral-edge: 0.7619, lateral-2: 1.1508, lateral-3: 1.2085, lateral-4: 1.2552, lateral-5: 1.3603, epsilon: 198.4832]
2025-11-09 00:44:12.107367 Epoch [034/100], Step [0003/0003], [lateral-edge: 0.7628, lateral-2: 1.1795, lateral-3: 1.2032, lateral-4: 1.2435, lateral-5: 1.3529, epsilon: 203.0065]
2025-11-09 00:44:17.508310 Epoch [035/100], Step [0003/0003], [lateral-edge: 0.7615, lateral-2: 1.1668, lateral-3: 1.2187, lateral-4: 1.2603, lateral-5: 1.3557, epsilon: 207.5109]
2025-11-09 00:44:23.057459 Epoch [036/100], Step [0003/0003], [lateral-edge: 0.7622, lateral-2: 1.1555, lateral-3: 1.2033, lateral-4: 1.2428, lateral-5: 1.3461, epsilon: 211.9970]
2025-11-09 00:44:27.762891 Epoch [037/100], Step [0003/0003], [lateral-edge: 0.7579, lateral-2: 1.1535, lateral-3: 1.2013, lateral-4: 1.2430, lateral-5: 1.3388, epsilon: 216.4657]
2025-11-09 00:44:32.071265 Epoch [038/100], Step [0003/0003], [lateral-edge: 0.7608, lateral-2: 1.1457, lateral-3: 1.1923, lateral-4: 1.2427, lateral-5: 1.3392, epsilon: 220.9176]
2025-11-09 00:44:38.026469 Epoch [039/100], Step [0003/0003], [lateral-edge: 0.7560, lateral-2: 1.1531, lateral-3: 1.2028, lateral-4: 1.2525, lateral-5: 1.3419, epsilon: 225.3534]
[Saving Snapshot:] ./Snapshots/save_weights/Inf-Net_DP_Morph/both/batch_24/run_3/epsilon_200/automatic/Inf-Net-40.pth
[Privacy Budget]: ε = 225.35 (δ = 1e-05)
2025-11-09 00:44:45.679813 Epoch [040/100], Step [0003/0003], [lateral-edge: 0.7591, lateral-2: 1.1500, lateral-3: 1.1926, lateral-4: 1.2369, lateral-5: 1.3386, epsilon: 229.7737]
2025-11-09 00:44:51.578375 Epoch [041/100], Step [0003/0003], [lateral-edge: 0.7600, lateral-2: 1.1715, lateral-3: 1.2101, lateral-4: 1.2473, lateral-5: 1.3325, epsilon: 234.1791]
2025-11-09 00:44:56.007425 Epoch [042/100], Step [0003/0003], [lateral-edge: 0.7560, lateral-2: 1.1530, lateral-3: 1.2031, lateral-4: 1.2544, lateral-5: 1.3444, epsilon: 238.5701]
2025-11-09 00:45:01.858549 Epoch [043/100], Step [0003/0003], [lateral-edge: 0.7591, lateral-2: 1.1303, lateral-3: 1.1734, lateral-4: 1.2228, lateral-5: 1.3207, epsilon: 242.9474]
2025-11-09 00:45:06.388251 Epoch [044/100], Step [0003/0003], [lateral-edge: 0.7586, lateral-2: 1.1361, lateral-3: 1.1862, lateral-4: 1.2285, lateral-5: 1.3214, epsilon: 247.3112]
2025-11-09 00:45:12.598077 Epoch [045/100], Step [0003/0003], [lateral-edge: 0.7590, lateral-2: 1.1328, lateral-3: 1.1707, lateral-4: 1.2205, lateral-5: 1.3171, epsilon: 251.6621]
2025-11-09 00:45:17.739695 Epoch [046/100], Step [0003/0003], [lateral-edge: 0.7582, lateral-2: 1.1228, lateral-3: 1.1695, lateral-4: 1.2177, lateral-5: 1.3117, epsilon: 256.0006]
2025-11-09 00:45:23.911392 Epoch [047/100], Step [0003/0003], [lateral-edge: 0.7572, lateral-2: 1.1291, lateral-3: 1.1631, lateral-4: 1.2067, lateral-5: 1.2985, epsilon: 260.3270]
2025-11-09 00:45:30.098491 Epoch [048/100], Step [0003/0003], [lateral-edge: 0.7546, lateral-2: 1.0965, lateral-3: 1.1511, lateral-4: 1.2158, lateral-5: 1.3115, epsilon: 264.6417]
2025-11-09 00:45:37.860041 Epoch [049/100], Step [0003/0003], [lateral-edge: 0.7553, lateral-2: 1.0935, lateral-3: 1.1476, lateral-4: 1.1998, lateral-5: 1.2977, epsilon: 268.9451]
[Saving Snapshot:] ./Snapshots/save_weights/Inf-Net_DP_Morph/both/batch_24/run_3/epsilon_200/automatic/Inf-Net-50.pth
[Privacy Budget]: ε = 268.95 (δ = 1e-05)
2025-11-09 00:45:48.074360 Epoch [050/100], Step [0003/0003], [lateral-edge: 0.7568, lateral-2: 1.1165, lateral-3: 1.1699, lateral-4: 1.2256, lateral-5: 1.3217, epsilon: 273.2375]
2025-11-09 00:45:53.504901 Epoch [051/100], Step [0003/0003], [lateral-edge: 0.7565, lateral-2: 1.1027, lateral-3: 1.1448, lateral-4: 1.1873, lateral-5: 1.2884, epsilon: 277.5192]
2025-11-09 00:45:58.349236 Epoch [052/100], Step [0003/0003], [lateral-edge: 0.7582, lateral-2: 1.1314, lateral-3: 1.1594, lateral-4: 1.1952, lateral-5: 1.2848, epsilon: 281.7906]
2025-11-09 00:46:04.885121 Epoch [053/100], Step [0003/0003], [lateral-edge: 0.7579, lateral-2: 1.1097, lateral-3: 1.1617, lateral-4: 1.2034, lateral-5: 1.3009, epsilon: 286.0520]
2025-11-09 00:46:11.669964 Epoch [054/100], Step [0003/0003], [lateral-edge: 0.7545, lateral-2: 1.1065, lateral-3: 1.1351, lateral-4: 1.1833, lateral-5: 1.2814, epsilon: 290.3036]
2025-11-09 00:46:18.427714 Epoch [055/100], Step [0003/0003], [lateral-edge: 0.7550, lateral-2: 1.0973, lateral-3: 1.1527, lateral-4: 1.2019, lateral-5: 1.2936, epsilon: 294.5457]
2025-11-09 00:46:24.267146 Epoch [056/100], Step [0003/0003], [lateral-edge: 0.7552, lateral-2: 1.1136, lateral-3: 1.1515, lateral-4: 1.2032, lateral-5: 1.2994, epsilon: 298.7786]
2025-11-09 00:46:31.496806 Epoch [057/100], Step [0003/0003], [lateral-edge: 0.7566, lateral-2: 1.0946, lateral-3: 1.1381, lateral-4: 1.1861, lateral-5: 1.2879, epsilon: 303.0025]
2025-11-09 00:46:38.454726 Epoch [058/100], Step [0003/0003], [lateral-edge: 0.7551, lateral-2: 1.0810, lateral-3: 1.1269, lateral-4: 1.1814, lateral-5: 1.2884, epsilon: 307.2177]
2025-11-09 00:46:45.643345 Epoch [059/100], Step [0003/0003], [lateral-edge: 0.7572, lateral-2: 1.0952, lateral-3: 1.1515, lateral-4: 1.1971, lateral-5: 1.2970, epsilon: 311.4244]
[Saving Snapshot:] ./Snapshots/save_weights/Inf-Net_DP_Morph/both/batch_24/run_3/epsilon_200/automatic/Inf-Net-60.pth
[Privacy Budget]: ε = 311.42 (δ = 1e-05)
2025-11-09 00:46:54.142081 Epoch [060/100], Step [0003/0003], [lateral-edge: 0.7571, lateral-2: 1.0901, lateral-3: 1.1354, lateral-4: 1.1772, lateral-5: 1.2759, epsilon: 315.6227]
2025-11-09 00:47:01.335667 Epoch [061/100], Step [0003/0003], [lateral-edge: 0.7573, lateral-2: 1.1077, lateral-3: 1.1497, lateral-4: 1.1963, lateral-5: 1.2925, epsilon: 319.8130]
2025-11-09 00:47:10.392159 Epoch [062/100], Step [0003/0003], [lateral-edge: 0.7545, lateral-2: 1.1184, lateral-3: 1.1629, lateral-4: 1.2105, lateral-5: 1.2992, epsilon: 323.9954]
2025-11-09 00:47:17.542888 Epoch [063/100], Step [0003/0003], [lateral-edge: 0.7569, lateral-2: 1.1154, lateral-3: 1.1639, lateral-4: 1.2106, lateral-5: 1.3044, epsilon: 328.1700]
2025-11-09 00:47:27.506930 Epoch [064/100], Step [0003/0003], [lateral-edge: 0.7542, lateral-2: 1.1029, lateral-3: 1.1506, lateral-4: 1.2033, lateral-5: 1.3027, epsilon: 332.3372]
2025-11-09 00:47:35.135240 Epoch [065/100], Step [0003/0003], [lateral-edge: 0.7579, lateral-2: 1.0897, lateral-3: 1.1446, lateral-4: 1.1897, lateral-5: 1.2845, epsilon: 336.4970]
2025-11-09 00:47:40.843907 Epoch [066/100], Step [0003/0003], [lateral-edge: 0.7560, lateral-2: 1.1059, lateral-3: 1.1479, lateral-4: 1.1933, lateral-5: 1.2932, epsilon: 340.6496]
2025-11-09 00:47:46.170201 Epoch [067/100], Step [0003/0003], [lateral-edge: 0.7553, lateral-2: 1.0999, lateral-3: 1.1490, lateral-4: 1.1876, lateral-5: 1.2790, epsilon: 344.7952]
2025-11-09 00:47:53.300480 Epoch [068/100], Step [0003/0003], [lateral-edge: 0.7540, lateral-2: 1.0966, lateral-3: 1.1431, lateral-4: 1.1969, lateral-5: 1.2973, epsilon: 348.9339]
2025-11-09 00:48:01.592036 Epoch [069/100], Step [0003/0003], [lateral-edge: 0.7565, lateral-2: 1.1074, lateral-3: 1.1515, lateral-4: 1.2010, lateral-5: 1.2972, epsilon: 353.0660]
[Saving Snapshot:] ./Snapshots/save_weights/Inf-Net_DP_Morph/both/batch_24/run_3/epsilon_200/automatic/Inf-Net-70.pth
[Privacy Budget]: ε = 353.07 (δ = 1e-05)
2025-11-09 00:48:13.054124 Epoch [070/100], Step [0003/0003], [lateral-edge: 0.7560, lateral-2: 1.1027, lateral-3: 1.1572, lateral-4: 1.2049, lateral-5: 1.2996, epsilon: 357.1914]
2025-11-09 00:48:21.479468 Epoch [071/100], Step [0003/0003], [lateral-edge: 0.7565, lateral-2: 1.0825, lateral-3: 1.1408, lateral-4: 1.1962, lateral-5: 1.2922, epsilon: 361.3105]
2025-11-09 00:48:29.610718 Epoch [072/100], Step [0003/0003], [lateral-edge: 0.7561, lateral-2: 1.0960, lateral-3: 1.1525, lateral-4: 1.1923, lateral-5: 1.2825, epsilon: 365.4233]
2025-11-09 00:48:37.903398 Epoch [073/100], Step [0003/0003], [lateral-edge: 0.7581, lateral-2: 1.1026, lateral-3: 1.1517, lateral-4: 1.2020, lateral-5: 1.2960, epsilon: 369.5299]
2025-11-09 00:48:44.288388 Epoch [074/100], Step [0003/0003], [lateral-edge: 0.7550, lateral-2: 1.1121, lateral-3: 1.1534, lateral-4: 1.2037, lateral-5: 1.2998, epsilon: 373.6305]
2025-11-09 00:48:52.269485 Epoch [075/100], Step [0003/0003], [lateral-edge: 0.7562, lateral-2: 1.0994, lateral-3: 1.1379, lateral-4: 1.1859, lateral-5: 1.2862, epsilon: 377.7252]
2025-11-09 00:49:01.099374 Epoch [076/100], Step [0003/0003], [lateral-edge: 0.7571, lateral-2: 1.0700, lateral-3: 1.1340, lateral-4: 1.1907, lateral-5: 1.2905, epsilon: 381.8140]
2025-11-09 00:49:09.268285 Epoch [077/100], Step [0003/0003], [lateral-edge: 0.7551, lateral-2: 1.0633, lateral-3: 1.1325, lateral-4: 1.1941, lateral-5: 1.3038, epsilon: 385.8973]
2025-11-09 00:49:15.655796 Epoch [078/100], Step [0003/0003], [lateral-edge: 0.7554, lateral-2: 1.1035, lateral-3: 1.1577, lateral-4: 1.2076, lateral-5: 1.3028, epsilon: 389.9749]
2025-11-09 00:49:24.873006 Epoch [079/100], Step [0003/0003], [lateral-edge: 0.7562, lateral-2: 1.1045, lateral-3: 1.1527, lateral-4: 1.2045, lateral-5: 1.2991, epsilon: 394.0471]
[Saving Snapshot:] ./Snapshots/save_weights/Inf-Net_DP_Morph/both/batch_24/run_3/epsilon_200/automatic/Inf-Net-80.pth
[Privacy Budget]: ε = 394.05 (δ = 1e-05)
2025-11-09 00:49:39.669813 Epoch [080/100], Step [0003/0003], [lateral-edge: 0.7574, lateral-2: 1.0930, lateral-3: 1.1463, lateral-4: 1.1982, lateral-5: 1.3020, epsilon: 398.1140]
2025-11-09 00:49:48.388204 Epoch [081/100], Step [0003/0003], [lateral-edge: 0.7586, lateral-2: 1.1147, lateral-3: 1.1472, lateral-4: 1.1909, lateral-5: 1.2840, epsilon: 402.1756]
2025-11-09 00:49:57.910807 Epoch [082/100], Step [0003/0003], [lateral-edge: 0.7558, lateral-2: 1.1000, lateral-3: 1.1514, lateral-4: 1.1953, lateral-5: 1.2893, epsilon: 406.2320]
2025-11-09 00:50:11.696801 Epoch [083/100], Step [0003/0003], [lateral-edge: 0.7564, lateral-2: 1.1013, lateral-3: 1.1581, lateral-4: 1.2044, lateral-5: 1.2989, epsilon: 410.2834]
2025-11-09 00:50:20.823755 Epoch [084/100], Step [0003/0003], [lateral-edge: 0.7533, lateral-2: 1.1193, lateral-3: 1.1658, lateral-4: 1.2186, lateral-5: 1.3092, epsilon: 414.3298]
2025-11-09 00:50:28.619770 Epoch [085/100], Step [0003/0003], [lateral-edge: 0.7558, lateral-2: 1.0931, lateral-3: 1.1452, lateral-4: 1.1875, lateral-5: 1.2807, epsilon: 418.3713]
2025-11-09 00:50:37.634979 Epoch [086/100], Step [0003/0003], [lateral-edge: 0.7552, lateral-2: 1.1218, lateral-3: 1.1753, lateral-4: 1.2229, lateral-5: 1.3132, epsilon: 422.4081]
2025-11-09 00:50:47.686656 Epoch [087/100], Step [0003/0003], [lateral-edge: 0.7579, lateral-2: 1.0931, lateral-3: 1.1449, lateral-4: 1.1921, lateral-5: 1.2880, epsilon: 426.4401]
2025-11-09 00:50:56.460952 Epoch [088/100], Step [0003/0003], [lateral-edge: 0.7562, lateral-2: 1.0977, lateral-3: 1.1425, lateral-4: 1.1912, lateral-5: 1.2886, epsilon: 430.4675]
2025-11-09 00:51:06.359434 Epoch [089/100], Step [0003/0003], [lateral-edge: 0.7566, lateral-2: 1.0718, lateral-3: 1.1304, lateral-4: 1.1894, lateral-5: 1.2997, epsilon: 434.4903]
[Saving Snapshot:] ./Snapshots/save_weights/Inf-Net_DP_Morph/both/batch_24/run_3/epsilon_200/automatic/Inf-Net-90.pth
[Privacy Budget]: ε = 434.49 (δ = 1e-05)
2025-11-09 00:51:21.427190 Epoch [090/100], Step [0003/0003], [lateral-edge: 0.7575, lateral-2: 1.1022, lateral-3: 1.1568, lateral-4: 1.2067, lateral-5: 1.3044, epsilon: 438.5087]
2025-11-09 00:51:31.606977 Epoch [091/100], Step [0003/0003], [lateral-edge: 0.7572, lateral-2: 1.1121, lateral-3: 1.1634, lateral-4: 1.2099, lateral-5: 1.3034, epsilon: 442.5227]
2025-11-09 00:51:41.807397 Epoch [092/100], Step [0003/0003], [lateral-edge: 0.7558, lateral-2: 1.1040, lateral-3: 1.1500, lateral-4: 1.1940, lateral-5: 1.2889, epsilon: 446.5323]
2025-11-09 00:51:54.776453 Epoch [093/100], Step [0003/0003], [lateral-edge: 0.7555, lateral-2: 1.0972, lateral-3: 1.1560, lateral-4: 1.2017, lateral-5: 1.2934, epsilon: 450.5377]
2025-11-09 00:52:04.727604 Epoch [094/100], Step [0003/0003], [lateral-edge: 0.7572, lateral-2: 1.1314, lateral-3: 1.1749, lateral-4: 1.2175, lateral-5: 1.3086, epsilon: 454.5389]
2025-11-09 00:52:15.016080 Epoch [095/100], Step [0003/0003], [lateral-edge: 0.7571, lateral-2: 1.1113, lateral-3: 1.1549, lateral-4: 1.1965, lateral-5: 1.2905, epsilon: 458.5359]
2025-11-09 00:52:23.955056 Epoch [096/100], Step [0003/0003], [lateral-edge: 0.7560, lateral-2: 1.0775, lateral-3: 1.1284, lateral-4: 1.1906, lateral-5: 1.2982, epsilon: 462.5289]
2025-11-09 00:52:35.912230 Epoch [097/100], Step [0003/0003], [lateral-edge: 0.7568, lateral-2: 1.0949, lateral-3: 1.1372, lateral-4: 1.1850, lateral-5: 1.2846, epsilon: 466.5179]
2025-11-09 00:52:46.008486 Epoch [098/100], Step [0003/0003], [lateral-edge: 0.7558, lateral-2: 1.0954, lateral-3: 1.1437, lateral-4: 1.1953, lateral-5: 1.2945, epsilon: 470.5030]
2025-11-09 00:52:56.710112 Epoch [099/100], Step [0003/0003], [lateral-edge: 0.7567, lateral-2: 1.0924, lateral-3: 1.1543, lateral-4: 1.1968, lateral-5: 1.2879, epsilon: 474.4842]
[Saving Snapshot:] ./Snapshots/save_weights/Inf-Net_DP_Morph/both/batch_24/run_3/epsilon_200/automatic/Inf-Net-100.pth
[Privacy Budget]: ε = 474.48 (δ = 1e-05)
2025-11-09 00:53:13.578636 Epoch [100/100], Step [0003/0003], [lateral-edge: 0.7569, lateral-2: 1.0827, lateral-3: 1.1366, lateral-4: 1.1860, lateral-5: 1.2878, epsilon: 478.4616]
Training completed at Sun Nov  9 00:53:15 CET 2025
