Backbone loading: Res2Net50
Freezing unused branches for DP compatibility...
Trainable: 31,072,721 / 33,121,721 parameters
Not loading weights from weights file
Validator raised issues with model. Attempting auto-fix...
Original error: UnsupportedModuleError
Model successfully fixed for differential privacy
###################################################################### 
Start Training (Inf-Net-Res2Net50)
Backbone: Res2Net50
Batch Size: 48
Privacy: DP Enabled (ε budget, δ=1e-05)
Morphology: close
Save Path: ./Snapshots/save_weights/Inf-Net_DP_Morph/close/batch_48/run_2/noise_multiplier_0.3
Run: 2
Namespace(epoch=70, lr=0.0001, batchsize=48, trainsize=352, clip=0.5, decay_rate=0.1, decay_epoch=50, is_thop=False, gpu_device=0, num_workers=4, net_channel=32, n_classes=1, backbone='Res2Net50', train_path='./Dataset/TrainingSet/LungInfection-Train/Doctor-label', is_semi=False, is_pseudo=False, train_save=None, run=2, enable_privacy=True, noise_multiplier=0.3, max_grad_norm=1.2, delta=1e-05, enable_morphology=True, morph_operation='close', morph_kernel_size=3, device='cuda')
 ######################################################################
2025-10-26 23:19:23.174850 Epoch [001/070], Step [0002/0002], [lateral-edge: 0.7758, lateral-2: 1.6385, lateral-3: 1.5639, lateral-4: 1.5607, lateral-5: 1.5263, epsilon: 54.8910]
2025-10-26 23:19:27.132839 Epoch [002/070], Step [0002/0002], [lateral-edge: 0.7739, lateral-2: 1.5599, lateral-3: 1.5150, lateral-4: 1.5077, lateral-5: 1.5120, epsilon: 84.8094]
2025-10-26 23:19:30.977753 Epoch [003/070], Step [0002/0002], [lateral-edge: 0.7726, lateral-2: 1.5189, lateral-3: 1.4939, lateral-4: 1.4913, lateral-5: 1.5048, epsilon: 110.4391]
2025-10-26 23:19:34.786565 Epoch [004/070], Step [0002/0002], [lateral-edge: 0.7710, lateral-2: 1.4681, lateral-3: 1.4534, lateral-4: 1.4568, lateral-5: 1.4905, epsilon: 133.9877]
2025-10-26 23:19:38.882009 Epoch [005/070], Step [0002/0002], [lateral-edge: 0.7707, lateral-2: 1.4746, lateral-3: 1.4542, lateral-4: 1.4551, lateral-5: 1.4941, epsilon: 156.2438]
2025-10-26 23:19:43.109799 Epoch [006/070], Step [0002/0002], [lateral-edge: 0.7696, lateral-2: 1.4479, lateral-3: 1.4410, lateral-4: 1.4504, lateral-5: 1.4831, epsilon: 177.5980]
2025-10-26 23:19:47.363611 Epoch [007/070], Step [0002/0002], [lateral-edge: 0.7674, lateral-2: 1.4155, lateral-3: 1.4203, lateral-4: 1.4413, lateral-5: 1.4747, epsilon: 198.2751]
2025-10-26 23:19:51.725046 Epoch [008/070], Step [0002/0002], [lateral-edge: 0.7665, lateral-2: 1.3799, lateral-3: 1.3858, lateral-4: 1.4004, lateral-5: 1.4600, epsilon: 218.4212]
2025-10-26 23:19:56.636249 Epoch [009/070], Step [0002/0002], [lateral-edge: 0.7676, lateral-2: 1.3795, lateral-3: 1.3865, lateral-4: 1.4045, lateral-5: 1.4542, epsilon: 238.1356]
[Saving Snapshot:] ./Snapshots/save_weights/Inf-Net_DP_Morph/close/batch_48/run_2/noise_multiplier_0.3/Inf-Net-10.pth
[Privacy Budget]: ε = 238.14 (δ = 1e-05)
2025-10-26 23:20:01.794468 Epoch [010/070], Step [0002/0002], [lateral-edge: 0.7651, lateral-2: 1.3449, lateral-3: 1.3589, lateral-4: 1.3713, lateral-5: 1.4381, epsilon: 257.4901]
2025-10-26 23:20:06.194069 Epoch [011/070], Step [0002/0002], [lateral-edge: 0.7636, lateral-2: 1.3326, lateral-3: 1.3573, lateral-4: 1.3779, lateral-5: 1.4373, epsilon: 276.5388]
2025-10-26 23:20:10.003157 Epoch [012/070], Step [0002/0002], [lateral-edge: 0.7623, lateral-2: 1.3165, lateral-3: 1.3351, lateral-4: 1.3581, lateral-5: 1.4268, epsilon: 295.3234]
2025-10-26 23:20:13.891696 Epoch [013/070], Step [0002/0002], [lateral-edge: 0.7638, lateral-2: 1.2932, lateral-3: 1.3210, lateral-4: 1.3494, lateral-5: 1.4216, epsilon: 313.8771]
2025-10-26 23:20:19.148255 Epoch [014/070], Step [0002/0002], [lateral-edge: 0.7624, lateral-2: 1.2931, lateral-3: 1.3199, lateral-4: 1.3524, lateral-5: 1.4171, epsilon: 332.2264]
2025-10-26 23:20:23.476295 Epoch [015/070], Step [0002/0002], [lateral-edge: 0.7631, lateral-2: 1.2663, lateral-3: 1.2963, lateral-4: 1.3379, lateral-5: 1.4080, epsilon: 350.3931]
2025-10-26 23:20:29.042946 Epoch [016/070], Step [0002/0002], [lateral-edge: 0.7615, lateral-2: 1.2375, lateral-3: 1.2732, lateral-4: 1.3139, lateral-5: 1.3949, epsilon: 368.3956]
2025-10-26 23:20:34.752992 Epoch [017/070], Step [0002/0002], [lateral-edge: 0.7594, lateral-2: 1.2228, lateral-3: 1.2648, lateral-4: 1.3005, lateral-5: 1.3863, epsilon: 386.2490]
2025-10-26 23:20:40.264304 Epoch [018/070], Step [0002/0002], [lateral-edge: 0.7606, lateral-2: 1.2218, lateral-3: 1.2532, lateral-4: 1.2992, lateral-5: 1.3796, epsilon: 403.9671]
2025-10-26 23:20:46.442212 Epoch [019/070], Step [0002/0002], [lateral-edge: 0.7592, lateral-2: 1.1993, lateral-3: 1.2418, lateral-4: 1.2891, lateral-5: 1.3748, epsilon: 421.5605]
[Saving Snapshot:] ./Snapshots/save_weights/Inf-Net_DP_Morph/close/batch_48/run_2/noise_multiplier_0.3/Inf-Net-20.pth
[Privacy Budget]: ε = 421.56 (δ = 1e-05)
2025-10-26 23:20:55.796350 Epoch [020/070], Step [0002/0002], [lateral-edge: 0.7588, lateral-2: 1.1790, lateral-3: 1.2230, lateral-4: 1.2727, lateral-5: 1.3671, epsilon: 439.0394]
2025-10-26 23:21:01.749360 Epoch [021/070], Step [0002/0002], [lateral-edge: 0.7583, lateral-2: 1.1913, lateral-3: 1.2290, lateral-4: 1.2654, lateral-5: 1.3614, epsilon: 456.4119]
2025-10-26 23:21:08.681364 Epoch [022/070], Step [0002/0002], [lateral-edge: 0.7563, lateral-2: 1.1680, lateral-3: 1.2114, lateral-4: 1.2623, lateral-5: 1.3600, epsilon: 473.6866]
2025-10-26 23:21:15.300608 Epoch [023/070], Step [0002/0002], [lateral-edge: 0.7563, lateral-2: 1.1660, lateral-3: 1.2071, lateral-4: 1.2517, lateral-5: 1.3492, epsilon: 490.8692]
2025-10-26 23:21:21.446919 Epoch [024/070], Step [0002/0002], [lateral-edge: 0.7568, lateral-2: 1.1323, lateral-3: 1.1829, lateral-4: 1.2410, lateral-5: 1.3361, epsilon: 507.9661]
2025-10-26 23:21:28.050403 Epoch [025/070], Step [0002/0002], [lateral-edge: 0.7551, lateral-2: 1.1367, lateral-3: 1.1826, lateral-4: 1.2354, lateral-5: 1.3391, epsilon: 524.9827]
2025-10-26 23:21:33.328504 Epoch [026/070], Step [0002/0002], [lateral-edge: 0.7555, lateral-2: 1.1201, lateral-3: 1.1660, lateral-4: 1.2267, lateral-5: 1.3317, epsilon: 541.9237]
2025-10-26 23:21:41.481672 Epoch [027/070], Step [0002/0002], [lateral-edge: 0.7545, lateral-2: 1.1123, lateral-3: 1.1688, lateral-4: 1.2225, lateral-5: 1.3236, epsilon: 558.7934]
2025-10-26 23:21:48.288201 Epoch [028/070], Step [0002/0002], [lateral-edge: 0.7562, lateral-2: 1.0695, lateral-3: 1.1219, lateral-4: 1.1951, lateral-5: 1.3039, epsilon: 575.5961]
2025-10-26 23:21:56.346235 Epoch [029/070], Step [0002/0002], [lateral-edge: 0.7540, lateral-2: 1.1095, lateral-3: 1.1506, lateral-4: 1.2085, lateral-5: 1.3107, epsilon: 592.3350]
[Saving Snapshot:] ./Snapshots/save_weights/Inf-Net_DP_Morph/close/batch_48/run_2/noise_multiplier_0.3/Inf-Net-30.pth
[Privacy Budget]: ε = 592.33 (δ = 1e-05)
2025-10-26 23:22:11.147498 Epoch [030/070], Step [0002/0002], [lateral-edge: 0.7524, lateral-2: 1.0823, lateral-3: 1.1380, lateral-4: 1.2034, lateral-5: 1.3142, epsilon: 609.0136]
2025-10-26 23:22:18.591218 Epoch [031/070], Step [0002/0002], [lateral-edge: 0.7525, lateral-2: 1.0878, lateral-3: 1.1306, lateral-4: 1.1900, lateral-5: 1.3048, epsilon: 625.6347]
2025-10-26 23:22:25.767195 Epoch [032/070], Step [0002/0002], [lateral-edge: 0.7525, lateral-2: 1.0734, lateral-3: 1.1274, lateral-4: 1.1929, lateral-5: 1.3012, epsilon: 642.2014]
2025-10-26 23:22:33.367089 Epoch [033/070], Step [0002/0002], [lateral-edge: 0.7510, lateral-2: 1.0849, lateral-3: 1.1329, lateral-4: 1.1971, lateral-5: 1.2962, epsilon: 658.7160]
2025-10-26 23:22:41.300677 Epoch [034/070], Step [0002/0002], [lateral-edge: 0.7518, lateral-2: 1.0545, lateral-3: 1.1085, lateral-4: 1.1769, lateral-5: 1.2877, epsilon: 675.1813]
2025-10-26 23:22:49.288982 Epoch [035/070], Step [0002/0002], [lateral-edge: 0.7518, lateral-2: 1.0717, lateral-3: 1.1137, lateral-4: 1.1703, lateral-5: 1.2805, epsilon: 691.5986]
2025-10-26 23:22:59.762145 Epoch [036/070], Step [0002/0002], [lateral-edge: 0.7498, lateral-2: 1.0562, lateral-3: 1.1158, lateral-4: 1.1906, lateral-5: 1.2899, epsilon: 707.9710]
2025-10-26 23:23:08.001361 Epoch [037/070], Step [0002/0002], [lateral-edge: 0.7490, lateral-2: 1.0549, lateral-3: 1.1146, lateral-4: 1.1754, lateral-5: 1.2908, epsilon: inf]
2025-10-26 23:23:17.044684 Epoch [038/070], Step [0002/0002], [lateral-edge: 0.7496, lateral-2: 1.0592, lateral-3: 1.1082, lateral-4: 1.1652, lateral-5: 1.2748, epsilon: inf]
2025-10-26 23:23:26.144127 Epoch [039/070], Step [0002/0002], [lateral-edge: 0.7483, lateral-2: 1.0634, lateral-3: 1.1174, lateral-4: 1.1757, lateral-5: 1.2852, epsilon: inf]
[Saving Snapshot:] ./Snapshots/save_weights/Inf-Net_DP_Morph/close/batch_48/run_2/noise_multiplier_0.3/Inf-Net-40.pth
[Privacy Budget]: ε = inf (δ = 1e-05)
2025-10-26 23:23:40.969722 Epoch [040/070], Step [0002/0002], [lateral-edge: 0.7487, lateral-2: 1.0546, lateral-3: 1.1053, lateral-4: 1.1688, lateral-5: 1.2735, epsilon: inf]
2025-10-26 23:23:50.286635 Epoch [041/070], Step [0002/0002], [lateral-edge: 0.7480, lateral-2: 1.0429, lateral-3: 1.0914, lateral-4: 1.1553, lateral-5: 1.2594, epsilon: inf]
2025-10-26 23:23:59.851833 Epoch [042/070], Step [0002/0002], [lateral-edge: 0.7485, lateral-2: 1.0302, lateral-3: 1.0774, lateral-4: 1.1498, lateral-5: 1.2560, epsilon: inf]
2025-10-26 23:24:09.347140 Epoch [043/070], Step [0002/0002], [lateral-edge: 0.7471, lateral-2: 1.0415, lateral-3: 1.0968, lateral-4: 1.1619, lateral-5: 1.2617, epsilon: inf]
2025-10-26 23:24:17.423233 Epoch [044/070], Step [0002/0002], [lateral-edge: 0.7461, lateral-2: 1.0575, lateral-3: 1.1066, lateral-4: 1.1640, lateral-5: 1.2669, epsilon: inf]
2025-10-26 23:24:27.396562 Epoch [045/070], Step [0002/0002], [lateral-edge: 0.7464, lateral-2: 1.0143, lateral-3: 1.0588, lateral-4: 1.1198, lateral-5: 1.2316, epsilon: inf]
2025-10-26 23:24:38.448282 Epoch [046/070], Step [0002/0002], [lateral-edge: 0.7462, lateral-2: 1.0472, lateral-3: 1.0935, lateral-4: 1.1444, lateral-5: 1.2481, epsilon: inf]
2025-10-26 23:24:48.492948 Epoch [047/070], Step [0002/0002], [lateral-edge: 0.7452, lateral-2: 1.0261, lateral-3: 1.0839, lateral-4: 1.1511, lateral-5: 1.2431, epsilon: inf]
2025-10-26 23:24:58.996694 Epoch [048/070], Step [0002/0002], [lateral-edge: 0.7444, lateral-2: 1.0169, lateral-3: 1.0686, lateral-4: 1.1253, lateral-5: 1.2291, epsilon: inf]
2025-10-26 23:25:06.776270 Epoch [049/070], Step [0002/0002], [lateral-edge: 0.7446, lateral-2: 1.0082, lateral-3: 1.0593, lateral-4: 1.1311, lateral-5: 1.2364, epsilon: inf]
[Saving Snapshot:] ./Snapshots/save_weights/Inf-Net_DP_Morph/close/batch_48/run_2/noise_multiplier_0.3/Inf-Net-50.pth
[Privacy Budget]: ε = inf (δ = 1e-05)
2025-10-26 23:25:22.225132 Epoch [050/070], Step [0002/0002], [lateral-edge: 0.7452, lateral-2: 1.0039, lateral-3: 1.0527, lateral-4: 1.1244, lateral-5: 1.2173, epsilon: inf]
2025-10-26 23:25:33.592887 Epoch [051/070], Step [0002/0002], [lateral-edge: 0.7448, lateral-2: 1.0107, lateral-3: 1.0558, lateral-4: 1.1170, lateral-5: 1.2218, epsilon: inf]
2025-10-26 23:25:45.312341 Epoch [052/070], Step [0002/0002], [lateral-edge: 0.7450, lateral-2: 0.9953, lateral-3: 1.0510, lateral-4: 1.1222, lateral-5: 1.2178, epsilon: inf]
2025-10-26 23:25:56.980183 Epoch [053/070], Step [0002/0002], [lateral-edge: 0.7450, lateral-2: 1.0063, lateral-3: 1.0511, lateral-4: 1.1229, lateral-5: 1.2259, epsilon: inf]
2025-10-26 23:26:09.575955 Epoch [054/070], Step [0002/0002], [lateral-edge: 0.7450, lateral-2: 0.9780, lateral-3: 1.0378, lateral-4: 1.1145, lateral-5: 1.2163, epsilon: inf]
2025-10-26 23:26:21.453658 Epoch [055/070], Step [0002/0002], [lateral-edge: 0.7435, lateral-2: 1.0175, lateral-3: 1.0795, lateral-4: 1.1452, lateral-5: 1.2457, epsilon: inf]
2025-10-26 23:26:34.366818 Epoch [056/070], Step [0002/0002], [lateral-edge: 0.7447, lateral-2: 1.0013, lateral-3: 1.0608, lateral-4: 1.1274, lateral-5: 1.2266, epsilon: inf]
2025-10-26 23:26:52.524708 Epoch [057/070], Step [0002/0002], [lateral-edge: 0.7438, lateral-2: 1.0144, lateral-3: 1.0768, lateral-4: 1.1484, lateral-5: 1.2471, epsilon: inf]
2025-10-26 23:27:05.474018 Epoch [058/070], Step [0002/0002], [lateral-edge: 0.7441, lateral-2: 0.9932, lateral-3: 1.0527, lateral-4: 1.1286, lateral-5: 1.2258, epsilon: inf]
2025-10-26 23:27:19.261471 Epoch [059/070], Step [0002/0002], [lateral-edge: 0.7451, lateral-2: 0.9973, lateral-3: 1.0560, lateral-4: 1.1276, lateral-5: 1.2302, epsilon: inf]
[Saving Snapshot:] ./Snapshots/save_weights/Inf-Net_DP_Morph/close/batch_48/run_2/noise_multiplier_0.3/Inf-Net-60.pth
[Privacy Budget]: ε = inf (δ = 1e-05)
2025-10-26 23:27:41.276006 Epoch [060/070], Step [0002/0002], [lateral-edge: 0.7449, lateral-2: 0.9994, lateral-3: 1.0542, lateral-4: 1.1211, lateral-5: 1.2236, epsilon: inf]
2025-10-26 23:27:50.337782 Epoch [061/070], Step [0002/0002], [lateral-edge: 0.7446, lateral-2: 0.9925, lateral-3: 1.0385, lateral-4: 1.1098, lateral-5: 1.2168, epsilon: inf]
2025-10-26 23:27:59.728307 Epoch [062/070], Step [0002/0002], [lateral-edge: 0.7453, lateral-2: 0.9996, lateral-3: 1.0600, lateral-4: 1.1282, lateral-5: 1.2317, epsilon: inf]
2025-10-26 23:28:13.595029 Epoch [063/070], Step [0002/0002], [lateral-edge: 0.7458, lateral-2: 1.0126, lateral-3: 1.0720, lateral-4: 1.1409, lateral-5: 1.2416, epsilon: inf]
2025-10-26 23:28:27.699197 Epoch [064/070], Step [0002/0002], [lateral-edge: 0.7453, lateral-2: 1.0085, lateral-3: 1.0549, lateral-4: 1.1200, lateral-5: 1.2263, epsilon: inf]
2025-10-26 23:28:37.640731 Epoch [065/070], Step [0002/0002], [lateral-edge: 0.7452, lateral-2: 0.9791, lateral-3: 1.0442, lateral-4: 1.1171, lateral-5: 1.2169, epsilon: inf]
2025-10-26 23:28:51.877623 Epoch [066/070], Step [0002/0002], [lateral-edge: 0.7454, lateral-2: 1.0203, lateral-3: 1.0785, lateral-4: 1.1469, lateral-5: 1.2466, epsilon: inf]
2025-10-26 23:29:06.824015 Epoch [067/070], Step [0002/0002], [lateral-edge: 0.7458, lateral-2: 0.9852, lateral-3: 1.0368, lateral-4: 1.1135, lateral-5: 1.2137, epsilon: inf]
2025-10-26 23:29:17.070881 Epoch [068/070], Step [0002/0002], [lateral-edge: 0.7444, lateral-2: 1.0080, lateral-3: 1.0629, lateral-4: 1.1317, lateral-5: 1.2380, epsilon: inf]
2025-10-26 23:29:45.406093 Epoch [069/070], Step [0002/0002], [lateral-edge: 0.7451, lateral-2: 1.0057, lateral-3: 1.0605, lateral-4: 1.1234, lateral-5: 1.2288, epsilon: inf]
[Saving Snapshot:] ./Snapshots/save_weights/Inf-Net_DP_Morph/close/batch_48/run_2/noise_multiplier_0.3/Inf-Net-70.pth
[Privacy Budget]: ε = inf (δ = 1e-05)
2025-10-26 23:30:26.336659 Epoch [070/070], Step [0002/0002], [lateral-edge: 0.7443, lateral-2: 1.0334, lateral-3: 1.0798, lateral-4: 1.1398, lateral-5: 1.2394, epsilon: inf]
Training completed at Sun Oct 26 23:30:28 CET 2025
