Model loading: UNet with GroupNorm
Model is compatible with differential privacy
Not loading weights from weights file
###################################################################### 
Start Training (UNet-DP)
Network: UNet
Batch Size: 24
DP Enabled (ε=8.0, δ=1e-05, clipping=base)
Morphology: Disabled
Architecture: GroupNorm (with DP)
Save Path: ./Snapshots/save_weights/UNet_DP/batch_24/run_3/epsilon_8/base
Run: 3
Namespace(network='UNet', epoch=100, lr=0.0001, batchsize=24, trainsize=352, clip=0.5, decay_rate=0.1, decay_epoch=50, is_thop=False, gpu_device=0, num_workers=8, net_channel=32, init_features=32, n_classes=1, in_channels=3, backbone='Res2Net50', deep_supervision=False, train_path='./Dataset/TrainingSet/LungInfection-Train/Doctor-label', is_semi=False, is_pseudo=False, train_save=None, run=3, enable_privacy=True, epsilon=8.0, max_grad_norm=1.2, delta=1e-05, clipping_strategy='base', enable_morphology=False, morph_operation='both', morph_kernel_size=3, device='cuda')
 ######################################################################
2025-11-09 00:45:31.939566 Epoch [001/100], Step [0003/0003], Loss: 1.4665, ε: 0.7150
2025-11-09 00:45:33.104673 Epoch [002/100], Step [0003/0003], Loss: 1.4606, ε: 0.9882
2025-11-09 00:45:34.325980 Epoch [003/100], Step [0003/0003], Loss: 1.4702, ε: 1.2032
2025-11-09 00:45:35.433241 Epoch [004/100], Step [0003/0003], Loss: 1.4694, ε: 1.3879
2025-11-09 00:45:36.809316 Epoch [005/100], Step [0003/0003], Loss: 1.4622, ε: 1.5530
2025-11-09 00:45:38.165976 Epoch [006/100], Step [0003/0003], Loss: 1.4568, ε: 1.7041
2025-11-09 00:45:39.676403 Epoch [007/100], Step [0003/0003], Loss: 1.4534, ε: 1.8446
2025-11-09 00:45:40.997394 Epoch [008/100], Step [0003/0003], Loss: 1.4600, ε: 1.9766
2025-11-09 00:45:42.304226 Epoch [009/100], Step [0003/0003], Loss: 1.4599, ε: 2.1017
[Saving Snapshot:] ./Snapshots/save_weights/UNet_DP/batch_24/run_3/epsilon_8/base/UNet-10.pth
[Privacy Budget]: ε = 2.10 (δ = 1e-05)
2025-11-09 00:45:43.884431 Epoch [010/100], Step [0003/0003], Loss: 1.4542, ε: 2.2209
2025-11-09 00:45:45.335376 Epoch [011/100], Step [0003/0003], Loss: 1.4544, ε: 2.3352
2025-11-09 00:45:46.745335 Epoch [012/100], Step [0003/0003], Loss: 1.4567, ε: 2.4452
2025-11-09 00:45:48.064559 Epoch [013/100], Step [0003/0003], Loss: 1.4519, ε: 2.5514
2025-11-09 00:45:49.369424 Epoch [014/100], Step [0003/0003], Loss: 1.4516, ε: 2.6542
2025-11-09 00:45:50.519385 Epoch [015/100], Step [0003/0003], Loss: 1.4490, ε: 2.7540
2025-11-09 00:45:51.792412 Epoch [016/100], Step [0003/0003], Loss: 1.4432, ε: 2.8510
2025-11-09 00:45:52.941534 Epoch [017/100], Step [0003/0003], Loss: 1.4417, ε: 2.9456
2025-11-09 00:45:54.112921 Epoch [018/100], Step [0003/0003], Loss: 1.4414, ε: 3.0379
2025-11-09 00:45:55.266712 Epoch [019/100], Step [0003/0003], Loss: 1.4415, ε: 3.1281
[Saving Snapshot:] ./Snapshots/save_weights/UNet_DP/batch_24/run_3/epsilon_8/base/UNet-20.pth
[Privacy Budget]: ε = 3.13 (δ = 1e-05)
2025-11-09 00:45:56.817871 Epoch [020/100], Step [0003/0003], Loss: 1.4441, ε: 3.2164
2025-11-09 00:45:58.047080 Epoch [021/100], Step [0003/0003], Loss: 1.4453, ε: 3.3029
2025-11-09 00:45:59.225382 Epoch [022/100], Step [0003/0003], Loss: 1.4323, ε: 3.3878
2025-11-09 00:46:00.557959 Epoch [023/100], Step [0003/0003], Loss: 1.4465, ε: 3.4711
2025-11-09 00:46:01.821538 Epoch [024/100], Step [0003/0003], Loss: 1.4323, ε: 3.5529
2025-11-09 00:46:03.234878 Epoch [025/100], Step [0003/0003], Loss: 1.4381, ε: 3.6334
2025-11-09 00:46:04.602478 Epoch [026/100], Step [0003/0003], Loss: 1.4348, ε: 3.7126
2025-11-09 00:46:05.856126 Epoch [027/100], Step [0003/0003], Loss: 1.4319, ε: 3.7905
2025-11-09 00:46:07.271593 Epoch [028/100], Step [0003/0003], Loss: 1.4217, ε: 3.8674
2025-11-09 00:46:08.596868 Epoch [029/100], Step [0003/0003], Loss: 1.4336, ε: 3.9431
[Saving Snapshot:] ./Snapshots/save_weights/UNet_DP/batch_24/run_3/epsilon_8/base/UNet-30.pth
[Privacy Budget]: ε = 3.94 (δ = 1e-05)
2025-11-09 00:46:10.220066 Epoch [030/100], Step [0003/0003], Loss: 1.4280, ε: 4.0179
2025-11-09 00:46:11.564144 Epoch [031/100], Step [0003/0003], Loss: 1.4337, ε: 4.0916
2025-11-09 00:46:12.845299 Epoch [032/100], Step [0003/0003], Loss: 1.4204, ε: 4.1644
2025-11-09 00:46:14.167324 Epoch [033/100], Step [0003/0003], Loss: 1.4308, ε: 4.2363
2025-11-09 00:46:15.613161 Epoch [034/100], Step [0003/0003], Loss: 1.4231, ε: 4.3074
2025-11-09 00:46:16.847170 Epoch [035/100], Step [0003/0003], Loss: 1.4164, ε: 4.3776
2025-11-09 00:46:18.113993 Epoch [036/100], Step [0003/0003], Loss: 1.4166, ε: 4.4471
2025-11-09 00:46:19.437811 Epoch [037/100], Step [0003/0003], Loss: 1.4133, ε: 4.5158
2025-11-09 00:46:20.620250 Epoch [038/100], Step [0003/0003], Loss: 1.4134, ε: 4.5838
2025-11-09 00:46:21.952214 Epoch [039/100], Step [0003/0003], Loss: 1.4172, ε: 4.6511
[Saving Snapshot:] ./Snapshots/save_weights/UNet_DP/batch_24/run_3/epsilon_8/base/UNet-40.pth
[Privacy Budget]: ε = 4.65 (δ = 1e-05)
2025-11-09 00:46:23.672025 Epoch [040/100], Step [0003/0003], Loss: 1.4155, ε: 4.7177
2025-11-09 00:46:24.990222 Epoch [041/100], Step [0003/0003], Loss: 1.4106, ε: 4.7837
2025-11-09 00:46:26.305862 Epoch [042/100], Step [0003/0003], Loss: 1.4075, ε: 4.8491
2025-11-09 00:46:27.724090 Epoch [043/100], Step [0003/0003], Loss: 1.4075, ε: 4.9139
2025-11-09 00:46:29.090111 Epoch [044/100], Step [0003/0003], Loss: 1.4097, ε: 4.9781
2025-11-09 00:46:30.591537 Epoch [045/100], Step [0003/0003], Loss: 1.4133, ε: 5.0418
2025-11-09 00:46:31.842594 Epoch [046/100], Step [0003/0003], Loss: 1.4044, ε: 5.1049
2025-11-09 00:46:33.129014 Epoch [047/100], Step [0003/0003], Loss: 1.4029, ε: 5.1675
2025-11-09 00:46:34.316739 Epoch [048/100], Step [0003/0003], Loss: 1.3905, ε: 5.2296
2025-11-09 00:46:35.724087 Epoch [049/100], Step [0003/0003], Loss: 1.3934, ε: 5.2912
[Saving Snapshot:] ./Snapshots/save_weights/UNet_DP/batch_24/run_3/epsilon_8/base/UNet-50.pth
[Privacy Budget]: ε = 5.29 (δ = 1e-05)
2025-11-09 00:46:37.365595 Epoch [050/100], Step [0003/0003], Loss: 1.3917, ε: 5.3523
2025-11-09 00:46:38.760779 Epoch [051/100], Step [0003/0003], Loss: 1.4001, ε: 5.4129
2025-11-09 00:46:40.063383 Epoch [052/100], Step [0003/0003], Loss: 1.3925, ε: 5.4732
2025-11-09 00:46:41.264099 Epoch [053/100], Step [0003/0003], Loss: 1.3921, ε: 5.5329
2025-11-09 00:46:42.607395 Epoch [054/100], Step [0003/0003], Loss: 1.4008, ε: 5.5923
2025-11-09 00:46:43.896940 Epoch [055/100], Step [0003/0003], Loss: 1.4010, ε: 5.6512
2025-11-09 00:46:45.293085 Epoch [056/100], Step [0003/0003], Loss: 1.4051, ε: 5.7098
2025-11-09 00:46:46.656338 Epoch [057/100], Step [0003/0003], Loss: 1.3989, ε: 5.7679
2025-11-09 00:46:47.953533 Epoch [058/100], Step [0003/0003], Loss: 1.3907, ε: 5.8257
2025-11-09 00:46:49.243694 Epoch [059/100], Step [0003/0003], Loss: 1.4073, ε: 5.8831
[Saving Snapshot:] ./Snapshots/save_weights/UNet_DP/batch_24/run_3/epsilon_8/base/UNet-60.pth
[Privacy Budget]: ε = 5.88 (δ = 1e-05)
2025-11-09 00:46:50.782985 Epoch [060/100], Step [0003/0003], Loss: 1.4019, ε: 5.9401
2025-11-09 00:46:51.956600 Epoch [061/100], Step [0003/0003], Loss: 1.4088, ε: 5.9968
2025-11-09 00:46:53.235037 Epoch [062/100], Step [0003/0003], Loss: 1.3905, ε: 6.0532
2025-11-09 00:46:54.533936 Epoch [063/100], Step [0003/0003], Loss: 1.4005, ε: 6.1092
2025-11-09 00:46:55.887969 Epoch [064/100], Step [0003/0003], Loss: 1.3988, ε: 6.1649
2025-11-09 00:46:57.064089 Epoch [065/100], Step [0003/0003], Loss: 1.3928, ε: 6.2202
2025-11-09 00:46:58.588854 Epoch [066/100], Step [0003/0003], Loss: 1.4033, ε: 6.2753
2025-11-09 00:46:59.982190 Epoch [067/100], Step [0003/0003], Loss: 1.3995, ε: 6.3300
2025-11-09 00:47:01.267577 Epoch [068/100], Step [0003/0003], Loss: 1.3855, ε: 6.3845
2025-11-09 00:47:02.510774 Epoch [069/100], Step [0003/0003], Loss: 1.4129, ε: 6.4386
[Saving Snapshot:] ./Snapshots/save_weights/UNet_DP/batch_24/run_3/epsilon_8/base/UNet-70.pth
[Privacy Budget]: ε = 6.44 (δ = 1e-05)
2025-11-09 00:47:03.978028 Epoch [070/100], Step [0003/0003], Loss: 1.3901, ε: 6.4925
2025-11-09 00:47:05.594145 Epoch [071/100], Step [0003/0003], Loss: 1.4066, ε: 6.5461
2025-11-09 00:47:06.723135 Epoch [072/100], Step [0003/0003], Loss: 1.3973, ε: 6.5994
2025-11-09 00:47:08.041337 Epoch [073/100], Step [0003/0003], Loss: 1.3953, ε: 6.6524
2025-11-09 00:47:09.242106 Epoch [074/100], Step [0003/0003], Loss: 1.4001, ε: 6.7052
2025-11-09 00:47:10.649453 Epoch [075/100], Step [0003/0003], Loss: 1.3916, ε: 6.7577
2025-11-09 00:47:11.903741 Epoch [076/100], Step [0003/0003], Loss: 1.3977, ε: 6.8100
2025-11-09 00:47:13.115750 Epoch [077/100], Step [0003/0003], Loss: 1.3908, ε: 6.8620
2025-11-09 00:47:14.343897 Epoch [078/100], Step [0003/0003], Loss: 1.4017, ε: 6.9138
2025-11-09 00:47:15.808811 Epoch [079/100], Step [0003/0003], Loss: 1.3983, ε: 6.9653
[Saving Snapshot:] ./Snapshots/save_weights/UNet_DP/batch_24/run_3/epsilon_8/base/UNet-80.pth
[Privacy Budget]: ε = 6.97 (δ = 1e-05)
2025-11-09 00:47:17.640458 Epoch [080/100], Step [0003/0003], Loss: 1.4019, ε: 7.0166
2025-11-09 00:47:18.903755 Epoch [081/100], Step [0003/0003], Loss: 1.3973, ε: 7.0677
2025-11-09 00:47:20.136731 Epoch [082/100], Step [0003/0003], Loss: 1.4084, ε: 7.1186
2025-11-09 00:47:21.520175 Epoch [083/100], Step [0003/0003], Loss: 1.3994, ε: 7.1692
2025-11-09 00:47:22.899902 Epoch [084/100], Step [0003/0003], Loss: 1.4027, ε: 7.2196
2025-11-09 00:47:24.286162 Epoch [085/100], Step [0003/0003], Loss: 1.4085, ε: 7.2698
2025-11-09 00:47:25.646848 Epoch [086/100], Step [0003/0003], Loss: 1.3946, ε: 7.3198
2025-11-09 00:47:27.000471 Epoch [087/100], Step [0003/0003], Loss: 1.4100, ε: 7.3695
2025-11-09 00:47:28.354448 Epoch [088/100], Step [0003/0003], Loss: 1.4031, ε: 7.4191
2025-11-09 00:47:29.579844 Epoch [089/100], Step [0003/0003], Loss: 1.3951, ε: 7.4685
[Saving Snapshot:] ./Snapshots/save_weights/UNet_DP/batch_24/run_3/epsilon_8/base/UNet-90.pth
[Privacy Budget]: ε = 7.47 (δ = 1e-05)
2025-11-09 00:47:31.106581 Epoch [090/100], Step [0003/0003], Loss: 1.4061, ε: 7.5177
2025-11-09 00:47:32.523524 Epoch [091/100], Step [0003/0003], Loss: 1.4002, ε: 7.5666
2025-11-09 00:47:33.926240 Epoch [092/100], Step [0003/0003], Loss: 1.4011, ε: 7.6154
2025-11-09 00:47:35.094611 Epoch [093/100], Step [0003/0003], Loss: 1.4047, ε: 7.6640
2025-11-09 00:47:36.351026 Epoch [094/100], Step [0003/0003], Loss: 1.4035, ε: 7.7125
2025-11-09 00:47:37.682853 Epoch [095/100], Step [0003/0003], Loss: 1.3949, ε: 7.7607
2025-11-09 00:47:38.928991 Epoch [096/100], Step [0003/0003], Loss: 1.4069, ε: 7.8088
2025-11-09 00:47:40.164663 Epoch [097/100], Step [0003/0003], Loss: 1.3901, ε: 7.8566
2025-11-09 00:47:41.447817 Epoch [098/100], Step [0003/0003], Loss: 1.3939, ε: 7.9043
2025-11-09 00:47:42.730162 Epoch [099/100], Step [0003/0003], Loss: 1.3943, ε: 7.9519
[Saving Snapshot:] ./Snapshots/save_weights/UNet_DP/batch_24/run_3/epsilon_8/base/UNet-100.pth
[Privacy Budget]: ε = 7.95 (δ = 1e-05)
2025-11-09 00:47:44.393931 Epoch [100/100], Step [0003/0003], Loss: 1.3877, ε: 7.9993
Training completed at Sun Nov  9 00:47:45 CET 2025
