Backbone loading: Res2Net50
Freezing unused branches for DP compatibility...
Trainable: 31,072,721 / 33,121,721 parameters
Not loading weights from weights file
Validator raised issues with model. Attempting auto-fix...
Original error: UnsupportedModuleError
Model successfully fixed for differential privacy
###################################################################### 
Start Training (Inf-Net-Res2Net50)
Backbone: Res2Net50
Batch Size: 64
Privacy: DP Enabled (ε budget, δ=1e-05)
Morphology: open
Save Path: ./Snapshots/save_weights/Inf-Net_DP_Morph/open/batch_64/run_3/noise_multiplier_0.3
Run: 3
Namespace(epoch=70, lr=0.0001, batchsize=64, trainsize=352, clip=0.5, decay_rate=0.1, decay_epoch=50, is_thop=False, gpu_device=0, num_workers=4, net_channel=32, n_classes=1, backbone='Res2Net50', train_path='./Dataset/TrainingSet/LungInfection-Train/Doctor-label', is_semi=False, is_pseudo=False, train_save=None, run=3, enable_privacy=True, noise_multiplier=0.3, max_grad_norm=1.2, delta=1e-05, enable_morphology=True, morph_operation='open', morph_kernel_size=3, device='cuda')
 ######################################################################
2025-10-26 23:58:13.268053 Epoch [001/070], Step [0001/0001], [lateral-edge: 0.7906, lateral-2: 1.7276, lateral-3: 1.6169, lateral-4: 1.5833, lateral-5: 1.5562, epsilon: 40.5547]
2025-10-26 23:58:16.007038 Epoch [002/070], Step [0001/0001], [lateral-edge: 0.7889, lateral-2: 1.6547, lateral-3: 1.5621, lateral-4: 1.5493, lateral-5: 1.5433, epsilon: 67.3649]
2025-10-26 23:58:18.773445 Epoch [003/070], Step [0001/0001], [lateral-edge: 0.7870, lateral-2: 1.6059, lateral-3: 1.5317, lateral-4: 1.5362, lateral-5: 1.5319, epsilon: 91.8295]
2025-10-26 23:58:21.640656 Epoch [004/070], Step [0001/0001], [lateral-edge: 0.7848, lateral-2: 1.5631, lateral-3: 1.5066, lateral-4: 1.5228, lateral-5: 1.5218, epsilon: 115.0760]
2025-10-26 23:58:24.557042 Epoch [005/070], Step [0001/0001], [lateral-edge: 0.7824, lateral-2: 1.5240, lateral-3: 1.4836, lateral-4: 1.5065, lateral-5: 1.5128, epsilon: 137.5426]
2025-10-26 23:58:27.447357 Epoch [006/070], Step [0001/0001], [lateral-edge: 0.7799, lateral-2: 1.4884, lateral-3: 1.4622, lateral-4: 1.4879, lateral-5: 1.5042, epsilon: 159.4546]
2025-10-26 23:58:30.376214 Epoch [007/070], Step [0001/0001], [lateral-edge: 0.7773, lateral-2: 1.4565, lateral-3: 1.4429, lateral-4: 1.4695, lateral-5: 1.4958, epsilon: 180.9461]
2025-10-26 23:58:33.495601 Epoch [008/070], Step [0001/0001], [lateral-edge: 0.7747, lateral-2: 1.4282, lateral-3: 1.4256, lateral-4: 1.4522, lateral-5: 1.4872, epsilon: 202.1045]
2025-10-26 23:58:36.351682 Epoch [009/070], Step [0001/0001], [lateral-edge: 0.7722, lateral-2: 1.4024, lateral-3: 1.4092, lateral-4: 1.4355, lateral-5: 1.4785, epsilon: 222.9906]
[Saving Snapshot:] ./Snapshots/save_weights/Inf-Net_DP_Morph/open/batch_64/run_3/noise_multiplier_0.3/Inf-Net-10.pth
[Privacy Budget]: ε = 222.99 (δ = 1e-05)
2025-10-26 23:58:39.991062 Epoch [010/070], Step [0001/0001], [lateral-edge: 0.7700, lateral-2: 1.3788, lateral-3: 1.3937, lateral-4: 1.4196, lateral-5: 1.4694, epsilon: 243.6485]
2025-10-26 23:58:42.913704 Epoch [011/070], Step [0001/0001], [lateral-edge: 0.7681, lateral-2: 1.3566, lateral-3: 1.3783, lateral-4: 1.4043, lateral-5: 1.4600, epsilon: 264.1117]
2025-10-26 23:58:46.236690 Epoch [012/070], Step [0001/0001], [lateral-edge: 0.7666, lateral-2: 1.3350, lateral-3: 1.3622, lateral-4: 1.3888, lateral-5: 1.4502, epsilon: 284.4063]
2025-10-26 23:58:49.732624 Epoch [013/070], Step [0001/0001], [lateral-edge: 0.7654, lateral-2: 1.3142, lateral-3: 1.3462, lateral-4: 1.3739, lateral-5: 1.4402, epsilon: 304.5528]
2025-10-26 23:58:53.220990 Epoch [014/070], Step [0001/0001], [lateral-edge: 0.7643, lateral-2: 1.2943, lateral-3: 1.3304, lateral-4: 1.3598, lateral-5: 1.4301, epsilon: 324.5681]
2025-10-26 23:58:56.809015 Epoch [015/070], Step [0001/0001], [lateral-edge: 0.7634, lateral-2: 1.2753, lateral-3: 1.3150, lateral-4: 1.3459, lateral-5: 1.4201, epsilon: 344.4660]
2025-10-26 23:59:00.439680 Epoch [016/070], Step [0001/0001], [lateral-edge: 0.7626, lateral-2: 1.2572, lateral-3: 1.3002, lateral-4: 1.3320, lateral-5: 1.4103, epsilon: 364.2579]
2025-10-26 23:59:03.489459 Epoch [017/070], Step [0001/0001], [lateral-edge: 0.7620, lateral-2: 1.2401, lateral-3: 1.2861, lateral-4: 1.3184, lateral-5: 1.4008, epsilon: 383.9538]
2025-10-26 23:59:06.697185 Epoch [018/070], Step [0001/0001], [lateral-edge: 0.7613, lateral-2: 1.2241, lateral-3: 1.2725, lateral-4: 1.3056, lateral-5: 1.3917, epsilon: 403.5620]
2025-10-26 23:59:10.596219 Epoch [019/070], Step [0001/0001], [lateral-edge: 0.7608, lateral-2: 1.2092, lateral-3: 1.2595, lateral-4: 1.2939, lateral-5: 1.3832, epsilon: 423.0896]
[Saving Snapshot:] ./Snapshots/save_weights/Inf-Net_DP_Morph/open/batch_64/run_3/noise_multiplier_0.3/Inf-Net-20.pth
[Privacy Budget]: ε = 423.09 (δ = 1e-05)
2025-10-26 23:59:15.908486 Epoch [020/070], Step [0001/0001], [lateral-edge: 0.7603, lateral-2: 1.1949, lateral-3: 1.2467, lateral-4: 1.2835, lateral-5: 1.3752, epsilon: 442.5429]
2025-10-26 23:59:20.030163 Epoch [021/070], Step [0001/0001], [lateral-edge: 0.7599, lateral-2: 1.1815, lateral-3: 1.2344, lateral-4: 1.2740, lateral-5: 1.3677, epsilon: 461.9275]
2025-10-26 23:59:23.700520 Epoch [022/070], Step [0001/0001], [lateral-edge: 0.7595, lateral-2: 1.1689, lateral-3: 1.2231, lateral-4: 1.2647, lateral-5: 1.3608, epsilon: 481.2481]
2025-10-26 23:59:27.184958 Epoch [023/070], Step [0001/0001], [lateral-edge: 0.7591, lateral-2: 1.1570, lateral-3: 1.2128, lateral-4: 1.2553, lateral-5: 1.3541, epsilon: 500.5092]
2025-10-26 23:59:31.013098 Epoch [024/070], Step [0001/0001], [lateral-edge: 0.7588, lateral-2: 1.1462, lateral-3: 1.2031, lateral-4: 1.2463, lateral-5: 1.3476, epsilon: 519.7144]
2025-10-26 23:59:36.272874 Epoch [025/070], Step [0001/0001], [lateral-edge: 0.7585, lateral-2: 1.1359, lateral-3: 1.1937, lateral-4: 1.2384, lateral-5: 1.3416, epsilon: 538.8674]
2025-10-26 23:59:40.897476 Epoch [026/070], Step [0001/0001], [lateral-edge: 0.7582, lateral-2: 1.1263, lateral-3: 1.1846, lateral-4: 1.2313, lateral-5: 1.3357, epsilon: 557.9712]
2025-10-26 23:59:44.606288 Epoch [027/070], Step [0001/0001], [lateral-edge: 0.7579, lateral-2: 1.1176, lateral-3: 1.1759, lateral-4: 1.2245, lateral-5: 1.3296, epsilon: 577.0286]
2025-10-26 23:59:49.511578 Epoch [028/070], Step [0001/0001], [lateral-edge: 0.7576, lateral-2: 1.1097, lateral-3: 1.1677, lateral-4: 1.2176, lateral-5: 1.3236, epsilon: 596.0421]
2025-10-26 23:59:54.587269 Epoch [029/070], Step [0001/0001], [lateral-edge: 0.7573, lateral-2: 1.1022, lateral-3: 1.1602, lateral-4: 1.2109, lateral-5: 1.3180, epsilon: 615.0142]
[Saving Snapshot:] ./Snapshots/save_weights/Inf-Net_DP_Morph/open/batch_64/run_3/noise_multiplier_0.3/Inf-Net-30.pth
[Privacy Budget]: ε = 615.01 (δ = 1e-05)
2025-10-27 00:00:01.756147 Epoch [030/070], Step [0001/0001], [lateral-edge: 0.7570, lateral-2: 1.0949, lateral-3: 1.1534, lateral-4: 1.2049, lateral-5: 1.3125, epsilon: 633.9468]
2025-10-27 00:00:06.878480 Epoch [031/070], Step [0001/0001], [lateral-edge: 0.7567, lateral-2: 1.0880, lateral-3: 1.1466, lateral-4: 1.1993, lateral-5: 1.3070, epsilon: 652.8420]
2025-10-27 00:00:12.394000 Epoch [032/070], Step [0001/0001], [lateral-edge: 0.7565, lateral-2: 1.0817, lateral-3: 1.1401, lateral-4: 1.1938, lateral-5: 1.3015, epsilon: 671.7016]
2025-10-27 00:00:17.840986 Epoch [033/070], Step [0001/0001], [lateral-edge: 0.7563, lateral-2: 1.0758, lateral-3: 1.1340, lateral-4: 1.1886, lateral-5: 1.2961, epsilon: 690.5272]
2025-10-27 00:00:23.607916 Epoch [034/070], Step [0001/0001], [lateral-edge: 0.7560, lateral-2: 1.0698, lateral-3: 1.1283, lateral-4: 1.1834, lateral-5: 1.2908, epsilon: 709.3204]
2025-10-27 00:00:29.584693 Epoch [035/070], Step [0001/0001], [lateral-edge: 0.7558, lateral-2: 1.0644, lateral-3: 1.1229, lateral-4: 1.1784, lateral-5: 1.2855, epsilon: inf]
2025-10-27 00:00:36.969864 Epoch [036/070], Step [0001/0001], [lateral-edge: 0.7555, lateral-2: 1.0589, lateral-3: 1.1176, lateral-4: 1.1738, lateral-5: 1.2804, epsilon: inf]
2025-10-27 00:00:43.665304 Epoch [037/070], Step [0001/0001], [lateral-edge: 0.7553, lateral-2: 1.0537, lateral-3: 1.1124, lateral-4: 1.1694, lateral-5: 1.2755, epsilon: inf]
2025-10-27 00:00:50.010218 Epoch [038/070], Step [0001/0001], [lateral-edge: 0.7550, lateral-2: 1.0488, lateral-3: 1.1074, lateral-4: 1.1651, lateral-5: 1.2706, epsilon: inf]
2025-10-27 00:00:56.708315 Epoch [039/070], Step [0001/0001], [lateral-edge: 0.7547, lateral-2: 1.0442, lateral-3: 1.1024, lateral-4: 1.1606, lateral-5: 1.2660, epsilon: inf]
[Saving Snapshot:] ./Snapshots/save_weights/Inf-Net_DP_Morph/open/batch_64/run_3/noise_multiplier_0.3/Inf-Net-40.pth
[Privacy Budget]: ε = inf (δ = 1e-05)
2025-10-27 00:01:07.171398 Epoch [040/070], Step [0001/0001], [lateral-edge: 0.7545, lateral-2: 1.0398, lateral-3: 1.0977, lateral-4: 1.1561, lateral-5: 1.2615, epsilon: inf]
2025-10-27 00:01:14.153780 Epoch [041/070], Step [0001/0001], [lateral-edge: 0.7542, lateral-2: 1.0354, lateral-3: 1.0932, lateral-4: 1.1521, lateral-5: 1.2573, epsilon: inf]
2025-10-27 00:01:21.486605 Epoch [042/070], Step [0001/0001], [lateral-edge: 0.7540, lateral-2: 1.0311, lateral-3: 1.0890, lateral-4: 1.1483, lateral-5: 1.2528, epsilon: inf]
2025-10-27 00:01:28.752141 Epoch [043/070], Step [0001/0001], [lateral-edge: 0.7537, lateral-2: 1.0269, lateral-3: 1.0849, lateral-4: 1.1442, lateral-5: 1.2484, epsilon: inf]
2025-10-27 00:01:36.113844 Epoch [044/070], Step [0001/0001], [lateral-edge: 0.7535, lateral-2: 1.0230, lateral-3: 1.0810, lateral-4: 1.1402, lateral-5: 1.2440, epsilon: inf]
2025-10-27 00:01:41.770815 Epoch [045/070], Step [0001/0001], [lateral-edge: 0.7533, lateral-2: 1.0191, lateral-3: 1.0772, lateral-4: 1.1364, lateral-5: 1.2396, epsilon: inf]
2025-10-27 00:01:49.739075 Epoch [046/070], Step [0001/0001], [lateral-edge: 0.7530, lateral-2: 1.0153, lateral-3: 1.0736, lateral-4: 1.1329, lateral-5: 1.2352, epsilon: inf]
2025-10-27 00:01:57.531876 Epoch [047/070], Step [0001/0001], [lateral-edge: 0.7528, lateral-2: 1.0116, lateral-3: 1.0698, lateral-4: 1.1293, lateral-5: 1.2304, epsilon: inf]
2025-10-27 00:02:05.444798 Epoch [048/070], Step [0001/0001], [lateral-edge: 0.7526, lateral-2: 1.0077, lateral-3: 1.0660, lateral-4: 1.1259, lateral-5: 1.2258, epsilon: inf]
2025-10-27 00:02:13.462835 Epoch [049/070], Step [0001/0001], [lateral-edge: 0.7524, lateral-2: 1.0040, lateral-3: 1.0623, lateral-4: 1.1223, lateral-5: 1.2212, epsilon: inf]
[Saving Snapshot:] ./Snapshots/save_weights/Inf-Net_DP_Morph/open/batch_64/run_3/noise_multiplier_0.3/Inf-Net-50.pth
[Privacy Budget]: ε = inf (δ = 1e-05)
2025-10-27 00:02:23.943627 Epoch [050/070], Step [0001/0001], [lateral-edge: 0.7522, lateral-2: 1.0015, lateral-3: 1.0598, lateral-4: 1.1198, lateral-5: 1.2181, epsilon: inf]
2025-10-27 00:02:32.923974 Epoch [051/070], Step [0001/0001], [lateral-edge: 0.7522, lateral-2: 1.0012, lateral-3: 1.0595, lateral-4: 1.1195, lateral-5: 1.2179, epsilon: inf]
2025-10-27 00:02:42.233845 Epoch [052/070], Step [0001/0001], [lateral-edge: 0.7522, lateral-2: 1.0012, lateral-3: 1.0595, lateral-4: 1.1195, lateral-5: 1.2178, epsilon: inf]
2025-10-27 00:02:51.045603 Epoch [053/070], Step [0001/0001], [lateral-edge: 0.7522, lateral-2: 1.0012, lateral-3: 1.0595, lateral-4: 1.1195, lateral-5: 1.2178, epsilon: inf]
2025-10-27 00:03:00.399788 Epoch [054/070], Step [0001/0001], [lateral-edge: 0.7522, lateral-2: 1.0012, lateral-3: 1.0595, lateral-4: 1.1195, lateral-5: 1.2178, epsilon: inf]
2025-10-27 00:03:09.668675 Epoch [055/070], Step [0001/0001], [lateral-edge: 0.7522, lateral-2: 1.0012, lateral-3: 1.0595, lateral-4: 1.1195, lateral-5: 1.2178, epsilon: inf]
2025-10-27 00:03:22.643768 Epoch [056/070], Step [0001/0001], [lateral-edge: 0.7522, lateral-2: 1.0012, lateral-3: 1.0595, lateral-4: 1.1195, lateral-5: 1.2178, epsilon: inf]
2025-10-27 00:03:32.457524 Epoch [057/070], Step [0001/0001], [lateral-edge: 0.7522, lateral-2: 1.0012, lateral-3: 1.0595, lateral-4: 1.1195, lateral-5: 1.2178, epsilon: inf]
2025-10-27 00:03:42.153873 Epoch [058/070], Step [0001/0001], [lateral-edge: 0.7522, lateral-2: 1.0012, lateral-3: 1.0595, lateral-4: 1.1195, lateral-5: 1.2178, epsilon: inf]
2025-10-27 00:03:53.158485 Epoch [059/070], Step [0001/0001], [lateral-edge: 0.7522, lateral-2: 1.0012, lateral-3: 1.0595, lateral-4: 1.1195, lateral-5: 1.2178, epsilon: inf]
[Saving Snapshot:] ./Snapshots/save_weights/Inf-Net_DP_Morph/open/batch_64/run_3/noise_multiplier_0.3/Inf-Net-60.pth
[Privacy Budget]: ε = inf (δ = 1e-05)
2025-10-27 00:04:19.698561 Epoch [060/070], Step [0001/0001], [lateral-edge: 0.7522, lateral-2: 1.0012, lateral-3: 1.0595, lateral-4: 1.1195, lateral-5: 1.2178, epsilon: inf]
2025-10-27 00:04:30.353582 Epoch [061/070], Step [0001/0001], [lateral-edge: 0.7522, lateral-2: 1.0012, lateral-3: 1.0595, lateral-4: 1.1195, lateral-5: 1.2178, epsilon: inf]
2025-10-27 00:04:40.943051 Epoch [062/070], Step [0001/0001], [lateral-edge: 0.7522, lateral-2: 1.0012, lateral-3: 1.0595, lateral-4: 1.1195, lateral-5: 1.2178, epsilon: inf]
2025-10-27 00:04:51.830323 Epoch [063/070], Step [0001/0001], [lateral-edge: 0.7522, lateral-2: 1.0012, lateral-3: 1.0595, lateral-4: 1.1195, lateral-5: 1.2178, epsilon: inf]
2025-10-27 00:05:03.499452 Epoch [064/070], Step [0001/0001], [lateral-edge: 0.7522, lateral-2: 1.0012, lateral-3: 1.0595, lateral-4: 1.1195, lateral-5: 1.2178, epsilon: inf]
2025-10-27 00:05:14.986004 Epoch [065/070], Step [0001/0001], [lateral-edge: 0.7522, lateral-2: 1.0012, lateral-3: 1.0595, lateral-4: 1.1195, lateral-5: 1.2178, epsilon: inf]
2025-10-27 00:05:26.693907 Epoch [066/070], Step [0001/0001], [lateral-edge: 0.7522, lateral-2: 1.0012, lateral-3: 1.0595, lateral-4: 1.1195, lateral-5: 1.2178, epsilon: inf]
2025-10-27 00:05:38.532744 Epoch [067/070], Step [0001/0001], [lateral-edge: 0.7522, lateral-2: 1.0012, lateral-3: 1.0595, lateral-4: 1.1195, lateral-5: 1.2178, epsilon: inf]
2025-10-27 00:05:49.233265 Epoch [068/070], Step [0001/0001], [lateral-edge: 0.7522, lateral-2: 1.0012, lateral-3: 1.0595, lateral-4: 1.1195, lateral-5: 1.2178, epsilon: inf]
2025-10-27 00:05:57.826897 Epoch [069/070], Step [0001/0001], [lateral-edge: 0.7522, lateral-2: 1.0012, lateral-3: 1.0595, lateral-4: 1.1195, lateral-5: 1.2178, epsilon: inf]
[Saving Snapshot:] ./Snapshots/save_weights/Inf-Net_DP_Morph/open/batch_64/run_3/noise_multiplier_0.3/Inf-Net-70.pth
[Privacy Budget]: ε = inf (δ = 1e-05)
2025-10-27 00:06:13.528769 Epoch [070/070], Step [0001/0001], [lateral-edge: 0.7522, lateral-2: 1.0012, lateral-3: 1.0595, lateral-4: 1.1195, lateral-5: 1.2178, epsilon: inf]
Training completed at Mon Oct 27 00:06:15 CET 2025
