Model loading: UNet with GroupNorm
Model is compatible with differential privacy
Not loading weights from weights file
###################################################################### 
Start Training (UNet-DP)
Network: UNet
Batch Size: 48
DP Enabled (ε=8.0, δ=1e-05, clipping=psac)
Morphology: both
Architecture: GroupNorm (with DP)
Save Path: ./Snapshots/save_weights/UNet_DP_Morph/both/batch_48/run_2/epsilon_8/psac
Run: 2
Namespace(network='UNet', epoch=100, lr=0.0001, batchsize=48, trainsize=352, clip=0.5, decay_rate=0.1, decay_epoch=50, is_thop=False, gpu_device=0, num_workers=8, net_channel=32, init_features=32, n_classes=1, in_channels=3, backbone='Res2Net50', deep_supervision=False, train_path='./Dataset/TrainingSet/LungInfection-Train/Doctor-label', is_semi=False, is_pseudo=False, train_save=None, run=2, enable_privacy=True, epsilon=8.0, max_grad_norm=1.2, delta=1e-05, clipping_strategy='psac', enable_morphology=True, morph_operation='both', morph_kernel_size=3, device='cuda')
 ######################################################################
2025-11-09 01:06:27.523608 Epoch [001/100], Step [0002/0002], Loss: 1.4426, ε: 0.6824
2025-11-09 01:06:29.630873 Epoch [002/100], Step [0002/0002], Loss: 1.4358, ε: 0.9567
2025-11-09 01:06:31.649037 Epoch [003/100], Step [0002/0002], Loss: 1.4254, ε: 1.1725
2025-11-09 01:06:33.854917 Epoch [004/100], Step [0002/0002], Loss: 1.4294, ε: 1.3577
2025-11-09 01:06:36.107093 Epoch [005/100], Step [0002/0002], Loss: 1.4390, ε: 1.5233
2025-11-09 01:06:38.270079 Epoch [006/100], Step [0002/0002], Loss: 1.4332, ε: 1.6749
2025-11-09 01:06:40.637472 Epoch [007/100], Step [0002/0002], Loss: 1.4376, ε: 1.8158
2025-11-09 01:06:43.662228 Epoch [008/100], Step [0002/0002], Loss: 1.4397, ε: 1.9482
2025-11-09 01:06:46.068715 Epoch [009/100], Step [0002/0002], Loss: 1.4378, ε: 2.0737
[Saving Snapshot:] ./Snapshots/save_weights/UNet_DP_Morph/both/batch_48/run_2/epsilon_8/psac/UNet-10.pth
[Privacy Budget]: ε = 2.07 (δ = 1e-05)
2025-11-09 01:06:49.136399 Epoch [010/100], Step [0002/0002], Loss: 1.4362, ε: 2.1934
2025-11-09 01:06:51.450182 Epoch [011/100], Step [0002/0002], Loss: 1.4260, ε: 2.3081
2025-11-09 01:06:53.700597 Epoch [012/100], Step [0002/0002], Loss: 1.4350, ε: 2.4184
2025-11-09 01:06:55.908832 Epoch [013/100], Step [0002/0002], Loss: 1.4281, ε: 2.5249
2025-11-09 01:06:58.270659 Epoch [014/100], Step [0002/0002], Loss: 1.4338, ε: 2.6281
2025-11-09 01:07:00.577018 Epoch [015/100], Step [0002/0002], Loss: 1.4297, ε: 2.7282
2025-11-09 01:07:02.853235 Epoch [016/100], Step [0002/0002], Loss: 1.4275, ε: 2.8256
2025-11-09 01:07:05.171987 Epoch [017/100], Step [0002/0002], Loss: 1.4221, ε: 2.9205
2025-11-09 01:07:07.248656 Epoch [018/100], Step [0002/0002], Loss: 1.4296, ε: 3.0131
2025-11-09 01:07:09.472516 Epoch [019/100], Step [0002/0002], Loss: 1.4193, ε: 3.1036
[Saving Snapshot:] ./Snapshots/save_weights/UNet_DP_Morph/both/batch_48/run_2/epsilon_8/psac/UNet-20.pth
[Privacy Budget]: ε = 3.10 (δ = 1e-05)
2025-11-09 01:07:12.782019 Epoch [020/100], Step [0002/0002], Loss: 1.4296, ε: 3.1922
2025-11-09 01:07:15.092516 Epoch [021/100], Step [0002/0002], Loss: 1.4304, ε: 3.2790
2025-11-09 01:07:17.337525 Epoch [022/100], Step [0002/0002], Loss: 1.4287, ε: 3.3642
2025-11-09 01:07:19.686311 Epoch [023/100], Step [0002/0002], Loss: 1.4262, ε: 3.4477
2025-11-09 01:07:21.986297 Epoch [024/100], Step [0002/0002], Loss: 1.4260, ε: 3.5299
2025-11-09 01:07:24.405209 Epoch [025/100], Step [0002/0002], Loss: 1.4181, ε: 3.6106
2025-11-09 01:07:26.772235 Epoch [026/100], Step [0002/0002], Loss: 1.4224, ε: 3.6901
2025-11-09 01:07:28.811774 Epoch [027/100], Step [0002/0002], Loss: 1.4330, ε: 3.7684
2025-11-09 01:07:31.087193 Epoch [028/100], Step [0002/0002], Loss: 1.4184, ε: 3.8455
2025-11-09 01:07:33.451316 Epoch [029/100], Step [0002/0002], Loss: 1.4214, ε: 3.9216
[Saving Snapshot:] ./Snapshots/save_weights/UNet_DP_Morph/both/batch_48/run_2/epsilon_8/psac/UNet-30.pth
[Privacy Budget]: ε = 3.92 (δ = 1e-05)
2025-11-09 01:07:36.595177 Epoch [030/100], Step [0002/0002], Loss: 1.4184, ε: 3.9966
2025-11-09 01:07:38.753602 Epoch [031/100], Step [0002/0002], Loss: 1.4235, ε: 4.0706
2025-11-09 01:07:41.142989 Epoch [032/100], Step [0002/0002], Loss: 1.4154, ε: 4.1437
2025-11-09 01:07:43.442069 Epoch [033/100], Step [0002/0002], Loss: 1.4152, ε: 4.2158
2025-11-09 01:07:45.831832 Epoch [034/100], Step [0002/0002], Loss: 1.4177, ε: 4.2872
2025-11-09 01:07:48.305647 Epoch [035/100], Step [0002/0002], Loss: 1.4061, ε: 4.3577
2025-11-09 01:07:50.455969 Epoch [036/100], Step [0002/0002], Loss: 1.4068, ε: 4.4274
2025-11-09 01:07:52.683079 Epoch [037/100], Step [0002/0002], Loss: 1.4155, ε: 4.4964
2025-11-09 01:07:54.867652 Epoch [038/100], Step [0002/0002], Loss: 1.4091, ε: 4.5647
2025-11-09 01:07:56.988200 Epoch [039/100], Step [0002/0002], Loss: 1.4097, ε: 4.6322
[Saving Snapshot:] ./Snapshots/save_weights/UNet_DP_Morph/both/batch_48/run_2/epsilon_8/psac/UNet-40.pth
[Privacy Budget]: ε = 4.63 (δ = 1e-05)
2025-11-09 01:08:00.186525 Epoch [040/100], Step [0002/0002], Loss: 1.4117, ε: 4.6991
2025-11-09 01:08:02.576218 Epoch [041/100], Step [0002/0002], Loss: 1.4122, ε: 4.7654
2025-11-09 01:08:04.800467 Epoch [042/100], Step [0002/0002], Loss: 1.4104, ε: 4.8310
2025-11-09 01:08:07.160109 Epoch [043/100], Step [0002/0002], Loss: 1.4069, ε: 4.8961
2025-11-09 01:08:09.390460 Epoch [044/100], Step [0002/0002], Loss: 1.3996, ε: 4.9606
2025-11-09 01:08:11.639017 Epoch [045/100], Step [0002/0002], Loss: 1.3994, ε: 5.0245
2025-11-09 01:08:13.956542 Epoch [046/100], Step [0002/0002], Loss: 1.4055, ε: 5.0878
2025-11-09 01:08:16.377174 Epoch [047/100], Step [0002/0002], Loss: 1.4049, ε: 5.1507
2025-11-09 01:08:18.502098 Epoch [048/100], Step [0002/0002], Loss: 1.4142, ε: 5.2130
2025-11-09 01:08:20.858257 Epoch [049/100], Step [0002/0002], Loss: 1.4052, ε: 5.2749
[Saving Snapshot:] ./Snapshots/save_weights/UNet_DP_Morph/both/batch_48/run_2/epsilon_8/psac/UNet-50.pth
[Privacy Budget]: ε = 5.27 (δ = 1e-05)
2025-11-09 01:08:24.141754 Epoch [050/100], Step [0002/0002], Loss: 1.3995, ε: 5.3362
2025-11-09 01:08:26.586945 Epoch [051/100], Step [0002/0002], Loss: 1.4079, ε: 5.3971
2025-11-09 01:08:28.640017 Epoch [052/100], Step [0002/0002], Loss: 1.4118, ε: 5.4576
2025-11-09 01:08:30.919026 Epoch [053/100], Step [0002/0002], Loss: 1.4062, ε: 5.5176
2025-11-09 01:08:33.009988 Epoch [054/100], Step [0002/0002], Loss: 1.3986, ε: 5.5772
2025-11-09 01:08:35.452901 Epoch [055/100], Step [0002/0002], Loss: 1.4004, ε: 5.6364
2025-11-09 01:08:37.768782 Epoch [056/100], Step [0002/0002], Loss: 1.4105, ε: 5.6952
2025-11-09 01:08:40.044210 Epoch [057/100], Step [0002/0002], Loss: 1.4078, ε: 5.7536
2025-11-09 01:08:42.462018 Epoch [058/100], Step [0002/0002], Loss: 1.4032, ε: 5.8116
2025-11-09 01:08:44.718172 Epoch [059/100], Step [0002/0002], Loss: 1.4022, ε: 5.8693
[Saving Snapshot:] ./Snapshots/save_weights/UNet_DP_Morph/both/batch_48/run_2/epsilon_8/psac/UNet-60.pth
[Privacy Budget]: ε = 5.87 (δ = 1e-05)
2025-11-09 01:08:47.842500 Epoch [060/100], Step [0002/0002], Loss: 1.4036, ε: 5.9266
2025-11-09 01:08:50.324857 Epoch [061/100], Step [0002/0002], Loss: 1.4042, ε: 5.9835
2025-11-09 01:08:52.884206 Epoch [062/100], Step [0002/0002], Loss: 1.4054, ε: 6.0401
2025-11-09 01:08:55.212667 Epoch [063/100], Step [0002/0002], Loss: 1.4044, ε: 6.0963
2025-11-09 01:08:57.553922 Epoch [064/100], Step [0002/0002], Loss: 1.4048, ε: 6.1522
2025-11-09 01:09:00.038681 Epoch [065/100], Step [0002/0002], Loss: 1.3974, ε: 6.2078
2025-11-09 01:09:02.248624 Epoch [066/100], Step [0002/0002], Loss: 1.4094, ε: 6.2631
2025-11-09 01:09:04.585239 Epoch [067/100], Step [0002/0002], Loss: 1.4013, ε: 6.3181
2025-11-09 01:09:07.021887 Epoch [068/100], Step [0002/0002], Loss: 1.4084, ε: 6.3728
2025-11-09 01:09:09.245813 Epoch [069/100], Step [0002/0002], Loss: 1.4077, ε: 6.4272
[Saving Snapshot:] ./Snapshots/save_weights/UNet_DP_Morph/both/batch_48/run_2/epsilon_8/psac/UNet-70.pth
[Privacy Budget]: ε = 6.43 (δ = 1e-05)
2025-11-09 01:09:12.378754 Epoch [070/100], Step [0002/0002], Loss: 1.4083, ε: 6.4813
2025-11-09 01:09:14.745309 Epoch [071/100], Step [0002/0002], Loss: 1.3982, ε: 6.5351
2025-11-09 01:09:17.061661 Epoch [072/100], Step [0002/0002], Loss: 1.3977, ε: 6.5886
2025-11-09 01:09:19.319251 Epoch [073/100], Step [0002/0002], Loss: 1.4058, ε: 6.6419
2025-11-09 01:09:21.560990 Epoch [074/100], Step [0002/0002], Loss: 1.3990, ε: 6.6949
2025-11-09 01:09:23.884466 Epoch [075/100], Step [0002/0002], Loss: 1.4041, ε: 6.7477
2025-11-09 01:09:26.208113 Epoch [076/100], Step [0002/0002], Loss: 1.4190, ε: 6.8002
2025-11-09 01:09:28.408503 Epoch [077/100], Step [0002/0002], Loss: 1.4118, ε: 6.8524
2025-11-09 01:09:30.535544 Epoch [078/100], Step [0002/0002], Loss: 1.4033, ε: 6.9044
2025-11-09 01:09:32.881263 Epoch [079/100], Step [0002/0002], Loss: 1.4127, ε: 6.9562
[Saving Snapshot:] ./Snapshots/save_weights/UNet_DP_Morph/both/batch_48/run_2/epsilon_8/psac/UNet-80.pth
[Privacy Budget]: ε = 6.96 (δ = 1e-05)
2025-11-09 01:09:35.981074 Epoch [080/100], Step [0002/0002], Loss: 1.4115, ε: 7.0077
2025-11-09 01:09:38.362759 Epoch [081/100], Step [0002/0002], Loss: 1.4036, ε: 7.0590
2025-11-09 01:09:40.595704 Epoch [082/100], Step [0002/0002], Loss: 1.4038, ε: 7.1101
2025-11-09 01:09:42.880184 Epoch [083/100], Step [0002/0002], Loss: 1.4049, ε: 7.1609
2025-11-09 01:09:45.117846 Epoch [084/100], Step [0002/0002], Loss: 1.4006, ε: 7.2116
2025-11-09 01:09:47.422737 Epoch [085/100], Step [0002/0002], Loss: 1.4050, ε: 7.2620
2025-11-09 01:09:49.519293 Epoch [086/100], Step [0002/0002], Loss: 1.4048, ε: 7.3122
2025-11-09 01:09:51.838384 Epoch [087/100], Step [0002/0002], Loss: 1.4091, ε: 7.3622
2025-11-09 01:09:54.243173 Epoch [088/100], Step [0002/0002], Loss: 1.4086, ε: 7.4120
2025-11-09 01:09:56.754463 Epoch [089/100], Step [0002/0002], Loss: 1.3977, ε: 7.4616
[Saving Snapshot:] ./Snapshots/save_weights/UNet_DP_Morph/both/batch_48/run_2/epsilon_8/psac/UNet-90.pth
[Privacy Budget]: ε = 7.46 (δ = 1e-05)
2025-11-09 01:09:59.783140 Epoch [090/100], Step [0002/0002], Loss: 1.4026, ε: 7.5110
2025-11-09 01:10:02.171950 Epoch [091/100], Step [0002/0002], Loss: 1.4082, ε: 7.5602
2025-11-09 01:10:04.332711 Epoch [092/100], Step [0002/0002], Loss: 1.4083, ε: 7.6092
2025-11-09 01:10:06.600570 Epoch [093/100], Step [0002/0002], Loss: 1.4061, ε: 7.6580
2025-11-09 01:10:08.715219 Epoch [094/100], Step [0002/0002], Loss: 1.3991, ε: 7.7067
2025-11-09 01:10:10.862634 Epoch [095/100], Step [0002/0002], Loss: 1.3999, ε: 7.7551
2025-11-09 01:10:13.245171 Epoch [096/100], Step [0002/0002], Loss: 1.4053, ε: 7.8034
2025-11-09 01:10:15.472769 Epoch [097/100], Step [0002/0002], Loss: 1.4110, ε: 7.8515
2025-11-09 01:10:17.654879 Epoch [098/100], Step [0002/0002], Loss: 1.4099, ε: 7.8994
2025-11-09 01:10:20.041217 Epoch [099/100], Step [0002/0002], Loss: 1.4014, ε: 7.9472
[Saving Snapshot:] ./Snapshots/save_weights/UNet_DP_Morph/both/batch_48/run_2/epsilon_8/psac/UNet-100.pth
[Privacy Budget]: ε = 7.95 (δ = 1e-05)
2025-11-09 01:10:23.255557 Epoch [100/100], Step [0002/0002], Loss: 1.4117, ε: 7.9948
Training completed at Sun Nov  9 01:10:24 CET 2025
