Backbone loading: Res2Net50
Trainable: 31,072,721 / 33,121,721 parameters
Validator raised issues with model. Attempting auto-fix...
Original error: UnsupportedModuleError
Model successfully fixed for differential privacy
Not loading weights from weights file
###################################################################### 
Start Training (Inf_Net-DP)
Network: Inf_Net
Batch Size: 48
DP Enabled (ε=8.0, δ=1e-05, clipping=base)
Morphology: Disabled
Architecture: GroupNorm (with DP)
Save Path: ./Snapshots/save_weights/Inf-Net_DP/batch_48/run_3/epsilon_8/base
Run: 3
Namespace(network='Inf_Net', epoch=100, lr=0.0001, batchsize=48, trainsize=352, clip=0.5, decay_rate=0.1, decay_epoch=50, is_thop=False, gpu_device=0, num_workers=8, net_channel=32, init_features=32, n_classes=1, in_channels=3, backbone='Res2Net50', deep_supervision=False, train_path='./Dataset/TrainingSet/LungInfection-Train/Doctor-label', is_semi=False, is_pseudo=False, train_save=None, run=3, enable_privacy=True, epsilon=8.0, max_grad_norm=1.2, delta=1e-05, clipping_strategy='base', enable_morphology=False, morph_operation='both', morph_kernel_size=3, device='cuda')
 ######################################################################
2025-11-09 00:35:37.371069 Epoch [001/100], Step [0002/0002], [lateral-edge: 0.7689, lateral-2: 1.6014, lateral-3: 1.5620, lateral-4: 1.6170, lateral-5: 1.5320, epsilon: 1.1725]
2025-11-09 00:35:40.783699 Epoch [002/100], Step [0002/0002], [lateral-edge: 0.7675, lateral-2: 1.5942, lateral-3: 1.5654, lateral-4: 1.6075, lateral-5: 1.5336, epsilon: 1.6749]
2025-11-09 00:35:44.100000 Epoch [003/100], Step [0002/0002], [lateral-edge: 0.7684, lateral-2: 1.5737, lateral-3: 1.5380, lateral-4: 1.5865, lateral-5: 1.5237, epsilon: 2.0737]
2025-11-09 00:35:47.265005 Epoch [004/100], Step [0002/0002], [lateral-edge: 0.7685, lateral-2: 1.5826, lateral-3: 1.5454, lateral-4: 1.5862, lateral-5: 1.5340, epsilon: 2.4184]
2025-11-09 00:35:50.850241 Epoch [005/100], Step [0002/0002], [lateral-edge: 0.7690, lateral-2: 1.5659, lateral-3: 1.5291, lateral-4: 1.5720, lateral-5: 1.5251, epsilon: 2.7282]
2025-11-09 00:35:54.554214 Epoch [006/100], Step [0002/0002], [lateral-edge: 0.7677, lateral-2: 1.5718, lateral-3: 1.5432, lateral-4: 1.5816, lateral-5: 1.5384, epsilon: 3.0131]
2025-11-09 00:35:57.970375 Epoch [007/100], Step [0002/0002], [lateral-edge: 0.7678, lateral-2: 1.5603, lateral-3: 1.5296, lateral-4: 1.5576, lateral-5: 1.5210, epsilon: 3.2790]
2025-11-09 00:36:01.181692 Epoch [008/100], Step [0002/0002], [lateral-edge: 0.7671, lateral-2: 1.5610, lateral-3: 1.5331, lateral-4: 1.5686, lateral-5: 1.5325, epsilon: 3.5299]
2025-11-09 00:36:04.335464 Epoch [009/100], Step [0002/0002], [lateral-edge: 0.7670, lateral-2: 1.5483, lateral-3: 1.5113, lateral-4: 1.5464, lateral-5: 1.5176, epsilon: 3.7684]
[Saving Snapshot:] ./Snapshots/save_weights/Inf-Net_DP/batch_48/run_3/epsilon_8/base/Inf-Net-10.pth
[Privacy Budget]: ε = 3.77 (δ = 1e-05)
2025-11-09 00:36:08.174987 Epoch [010/100], Step [0002/0002], [lateral-edge: 0.7672, lateral-2: 1.5573, lateral-3: 1.5361, lateral-4: 1.5667, lateral-5: 1.5394, epsilon: 3.9966]
2025-11-09 00:36:11.240545 Epoch [011/100], Step [0002/0002], [lateral-edge: 0.7675, lateral-2: 1.5420, lateral-3: 1.5034, lateral-4: 1.5328, lateral-5: 1.5183, epsilon: 4.2158]
2025-11-09 00:36:14.443402 Epoch [012/100], Step [0002/0002], [lateral-edge: 0.7664, lateral-2: 1.5254, lateral-3: 1.4872, lateral-4: 1.5163, lateral-5: 1.5022, epsilon: 4.4274]
2025-11-09 00:36:17.984649 Epoch [013/100], Step [0002/0002], [lateral-edge: 0.7674, lateral-2: 1.5423, lateral-3: 1.5154, lateral-4: 1.5442, lateral-5: 1.5268, epsilon: 4.6322]
2025-11-09 00:36:20.956286 Epoch [014/100], Step [0002/0002], [lateral-edge: 0.7674, lateral-2: 1.5452, lateral-3: 1.5077, lateral-4: 1.5333, lateral-5: 1.5264, epsilon: 4.8310]
2025-11-09 00:36:24.029607 Epoch [015/100], Step [0002/0002], [lateral-edge: 0.7680, lateral-2: 1.5534, lateral-3: 1.5243, lateral-4: 1.5449, lateral-5: 1.5318, epsilon: 5.0245]
2025-11-09 00:36:26.971292 Epoch [016/100], Step [0002/0002], [lateral-edge: 0.7676, lateral-2: 1.5258, lateral-3: 1.4973, lateral-4: 1.5121, lateral-5: 1.5120, epsilon: 5.2130]
2025-11-09 00:36:30.111610 Epoch [017/100], Step [0002/0002], [lateral-edge: 0.7671, lateral-2: 1.5440, lateral-3: 1.5145, lateral-4: 1.5325, lateral-5: 1.5289, epsilon: 5.3971]
2025-11-09 00:36:32.997146 Epoch [018/100], Step [0002/0002], [lateral-edge: 0.7662, lateral-2: 1.5393, lateral-3: 1.5136, lateral-4: 1.5303, lateral-5: 1.5227, epsilon: 5.5772]
2025-11-09 00:36:36.168758 Epoch [019/100], Step [0002/0002], [lateral-edge: 0.7669, lateral-2: 1.5324, lateral-3: 1.5002, lateral-4: 1.5251, lateral-5: 1.5204, epsilon: 5.7536]
[Saving Snapshot:] ./Snapshots/save_weights/Inf-Net_DP/batch_48/run_3/epsilon_8/base/Inf-Net-20.pth
[Privacy Budget]: ε = 5.75 (δ = 1e-05)
2025-11-09 00:36:39.773996 Epoch [020/100], Step [0002/0002], [lateral-edge: 0.7674, lateral-2: 1.5517, lateral-3: 1.5330, lateral-4: 1.5499, lateral-5: 1.5397, epsilon: 5.9266]
2025-11-09 00:36:42.802123 Epoch [021/100], Step [0002/0002], [lateral-edge: 0.7667, lateral-2: 1.5280, lateral-3: 1.4903, lateral-4: 1.5154, lateral-5: 1.5167, epsilon: 6.0963]
2025-11-09 00:36:45.963095 Epoch [022/100], Step [0002/0002], [lateral-edge: 0.7662, lateral-2: 1.5094, lateral-3: 1.4738, lateral-4: 1.4951, lateral-5: 1.4988, epsilon: 6.2631]
2025-11-09 00:36:49.137298 Epoch [023/100], Step [0002/0002], [lateral-edge: 0.7661, lateral-2: 1.5155, lateral-3: 1.4810, lateral-4: 1.5011, lateral-5: 1.5054, epsilon: 6.4272]
2025-11-09 00:36:52.393848 Epoch [024/100], Step [0002/0002], [lateral-edge: 0.7665, lateral-2: 1.5218, lateral-3: 1.4942, lateral-4: 1.5128, lateral-5: 1.5155, epsilon: 6.5886]
2025-11-09 00:36:55.654698 Epoch [025/100], Step [0002/0002], [lateral-edge: 0.7667, lateral-2: 1.5142, lateral-3: 1.4896, lateral-4: 1.5080, lateral-5: 1.5134, epsilon: 6.7477]
2025-11-09 00:36:58.581460 Epoch [026/100], Step [0002/0002], [lateral-edge: 0.7659, lateral-2: 1.5176, lateral-3: 1.4906, lateral-4: 1.5159, lateral-5: 1.5158, epsilon: 6.9044]
2025-11-09 00:37:01.863860 Epoch [027/100], Step [0002/0002], [lateral-edge: 0.7662, lateral-2: 1.4988, lateral-3: 1.4624, lateral-4: 1.4908, lateral-5: 1.5013, epsilon: 7.0590]
2025-11-09 00:37:05.110080 Epoch [028/100], Step [0002/0002], [lateral-edge: 0.7669, lateral-2: 1.5152, lateral-3: 1.4923, lateral-4: 1.5151, lateral-5: 1.5182, epsilon: 7.2116]
2025-11-09 00:37:08.136447 Epoch [029/100], Step [0002/0002], [lateral-edge: 0.7661, lateral-2: 1.5041, lateral-3: 1.4834, lateral-4: 1.4994, lateral-5: 1.5101, epsilon: 7.3622]
[Saving Snapshot:] ./Snapshots/save_weights/Inf-Net_DP/batch_48/run_3/epsilon_8/base/Inf-Net-30.pth
[Privacy Budget]: ε = 7.36 (δ = 1e-05)
2025-11-09 00:37:12.231206 Epoch [030/100], Step [0002/0002], [lateral-edge: 0.7658, lateral-2: 1.4981, lateral-3: 1.4721, lateral-4: 1.4901, lateral-5: 1.5049, epsilon: 7.5110]
2025-11-09 00:37:15.270586 Epoch [031/100], Step [0002/0002], [lateral-edge: 0.7653, lateral-2: 1.5036, lateral-3: 1.4711, lateral-4: 1.4942, lateral-5: 1.5030, epsilon: 7.6580]
2025-11-09 00:37:18.499332 Epoch [032/100], Step [0002/0002], [lateral-edge: 0.7655, lateral-2: 1.4964, lateral-3: 1.4811, lateral-4: 1.4948, lateral-5: 1.5052, epsilon: 7.8034]
2025-11-09 00:37:21.595058 Epoch [033/100], Step [0002/0002], [lateral-edge: 0.7653, lateral-2: 1.4932, lateral-3: 1.4727, lateral-4: 1.4856, lateral-5: 1.5015, epsilon: 7.9472]
2025-11-09 00:37:25.026838 Epoch [034/100], Step [0002/0002], [lateral-edge: 0.7654, lateral-2: 1.4893, lateral-3: 1.4681, lateral-4: 1.4844, lateral-5: 1.4989, epsilon: 8.0895]
2025-11-09 00:37:27.991702 Epoch [035/100], Step [0002/0002], [lateral-edge: 0.7649, lateral-2: 1.4897, lateral-3: 1.4558, lateral-4: 1.4828, lateral-5: 1.5001, epsilon: 8.2303]
2025-11-09 00:37:30.894392 Epoch [036/100], Step [0002/0002], [lateral-edge: 0.7641, lateral-2: 1.4757, lateral-3: 1.4457, lateral-4: 1.4607, lateral-5: 1.4900, epsilon: 8.3697]
2025-11-09 00:37:33.788477 Epoch [037/100], Step [0002/0002], [lateral-edge: 0.7647, lateral-2: 1.4971, lateral-3: 1.4721, lateral-4: 1.4908, lateral-5: 1.5078, epsilon: 8.5078]
2025-11-09 00:37:36.866497 Epoch [038/100], Step [0002/0002], [lateral-edge: 0.7650, lateral-2: 1.4908, lateral-3: 1.4670, lateral-4: 1.4913, lateral-5: 1.5040, epsilon: 8.6447]
2025-11-09 00:37:40.197154 Epoch [039/100], Step [0002/0002], [lateral-edge: 0.7644, lateral-2: 1.4856, lateral-3: 1.4590, lateral-4: 1.4802, lateral-5: 1.5002, epsilon: 8.7803]
[Saving Snapshot:] ./Snapshots/save_weights/Inf-Net_DP/batch_48/run_3/epsilon_8/base/Inf-Net-40.pth
[Privacy Budget]: ε = 8.78 (δ = 1e-05)
2025-11-09 00:37:43.776442 Epoch [040/100], Step [0002/0002], [lateral-edge: 0.7646, lateral-2: 1.4771, lateral-3: 1.4503, lateral-4: 1.4727, lateral-5: 1.4922, epsilon: 8.9147]
2025-11-09 00:37:47.088289 Epoch [041/100], Step [0002/0002], [lateral-edge: 0.7650, lateral-2: 1.4792, lateral-3: 1.4579, lateral-4: 1.4825, lateral-5: 1.5060, epsilon: 9.0480]
2025-11-09 00:37:50.494471 Epoch [042/100], Step [0002/0002], [lateral-edge: 0.7637, lateral-2: 1.4778, lateral-3: 1.4516, lateral-4: 1.4714, lateral-5: 1.4973, epsilon: 9.1801]
2025-11-09 00:37:54.101996 Epoch [043/100], Step [0002/0002], [lateral-edge: 0.7647, lateral-2: 1.4793, lateral-3: 1.4638, lateral-4: 1.4787, lateral-5: 1.5051, epsilon: 9.3112]
2025-11-09 00:37:57.534443 Epoch [044/100], Step [0002/0002], [lateral-edge: 0.7646, lateral-2: 1.4677, lateral-3: 1.4362, lateral-4: 1.4639, lateral-5: 1.4909, epsilon: 9.4413]
2025-11-09 00:38:00.601162 Epoch [045/100], Step [0002/0002], [lateral-edge: 0.7633, lateral-2: 1.4714, lateral-3: 1.4465, lateral-4: 1.4703, lateral-5: 1.4959, epsilon: 9.5704]
2025-11-09 00:38:03.760539 Epoch [046/100], Step [0002/0002], [lateral-edge: 0.7635, lateral-2: 1.4868, lateral-3: 1.4769, lateral-4: 1.4985, lateral-5: 1.5119, epsilon: 9.6986]
2025-11-09 00:38:06.835721 Epoch [047/100], Step [0002/0002], [lateral-edge: 0.7637, lateral-2: 1.4786, lateral-3: 1.4593, lateral-4: 1.4887, lateral-5: 1.5069, epsilon: 9.8258]
2025-11-09 00:38:10.197790 Epoch [048/100], Step [0002/0002], [lateral-edge: 0.7632, lateral-2: 1.4764, lateral-3: 1.4507, lateral-4: 1.4806, lateral-5: 1.5001, epsilon: 9.9521]
2025-11-09 00:38:13.450009 Epoch [049/100], Step [0002/0002], [lateral-edge: 0.7632, lateral-2: 1.4550, lateral-3: 1.4253, lateral-4: 1.4536, lateral-5: 1.4839, epsilon: 10.0775]
[Saving Snapshot:] ./Snapshots/save_weights/Inf-Net_DP/batch_48/run_3/epsilon_8/base/Inf-Net-50.pth
[Privacy Budget]: ε = 10.08 (δ = 1e-05)
2025-11-09 00:38:17.757206 Epoch [050/100], Step [0002/0002], [lateral-edge: 0.7634, lateral-2: 1.4708, lateral-3: 1.4612, lateral-4: 1.4800, lateral-5: 1.5032, epsilon: 10.2021]
2025-11-09 00:38:20.699246 Epoch [051/100], Step [0002/0002], [lateral-edge: 0.7630, lateral-2: 1.4747, lateral-3: 1.4577, lateral-4: 1.4836, lateral-5: 1.5023, epsilon: 10.3259]
2025-11-09 00:38:23.955573 Epoch [052/100], Step [0002/0002], [lateral-edge: 0.7635, lateral-2: 1.4479, lateral-3: 1.4229, lateral-4: 1.4453, lateral-5: 1.4814, epsilon: 10.4489]
2025-11-09 00:38:27.141351 Epoch [053/100], Step [0002/0002], [lateral-edge: 0.7632, lateral-2: 1.4537, lateral-3: 1.4354, lateral-4: 1.4555, lateral-5: 1.4851, epsilon: 10.5711]
2025-11-09 00:38:30.276246 Epoch [054/100], Step [0002/0002], [lateral-edge: 0.7631, lateral-2: 1.4595, lateral-3: 1.4401, lateral-4: 1.4620, lateral-5: 1.4871, epsilon: 10.6926]
2025-11-09 00:38:33.246873 Epoch [055/100], Step [0002/0002], [lateral-edge: 0.7634, lateral-2: 1.4692, lateral-3: 1.4475, lateral-4: 1.4755, lateral-5: 1.4958, epsilon: 10.8133]
2025-11-09 00:38:36.515027 Epoch [056/100], Step [0002/0002], [lateral-edge: 0.7632, lateral-2: 1.4691, lateral-3: 1.4428, lateral-4: 1.4752, lateral-5: 1.4922, epsilon: 10.9333]
2025-11-09 00:38:39.516138 Epoch [057/100], Step [0002/0002], [lateral-edge: 0.7637, lateral-2: 1.4768, lateral-3: 1.4607, lateral-4: 1.4817, lateral-5: 1.4989, epsilon: 11.0527]
2025-11-09 00:38:42.678933 Epoch [058/100], Step [0002/0002], [lateral-edge: 0.7621, lateral-2: 1.4614, lateral-3: 1.4280, lateral-4: 1.4557, lateral-5: 1.4815, epsilon: 11.1713]
2025-11-09 00:38:46.459577 Epoch [059/100], Step [0002/0002], [lateral-edge: 0.7631, lateral-2: 1.4737, lateral-3: 1.4527, lateral-4: 1.4769, lateral-5: 1.4958, epsilon: 11.2893]
[Saving Snapshot:] ./Snapshots/save_weights/Inf-Net_DP/batch_48/run_3/epsilon_8/base/Inf-Net-60.pth
[Privacy Budget]: ε = 11.29 (δ = 1e-05)
2025-11-09 00:38:50.569290 Epoch [060/100], Step [0002/0002], [lateral-edge: 0.7637, lateral-2: 1.4763, lateral-3: 1.4615, lateral-4: 1.4825, lateral-5: 1.5081, epsilon: 11.4066]
2025-11-09 00:38:53.824999 Epoch [061/100], Step [0002/0002], [lateral-edge: 0.7637, lateral-2: 1.4638, lateral-3: 1.4501, lateral-4: 1.4691, lateral-5: 1.4965, epsilon: 11.5234]
2025-11-09 00:38:57.815106 Epoch [062/100], Step [0002/0002], [lateral-edge: 0.7633, lateral-2: 1.4588, lateral-3: 1.4320, lateral-4: 1.4594, lateral-5: 1.4863, epsilon: 11.6395]
2025-11-09 00:39:00.968520 Epoch [063/100], Step [0002/0002], [lateral-edge: 0.7633, lateral-2: 1.4731, lateral-3: 1.4568, lateral-4: 1.4758, lateral-5: 1.4973, epsilon: 11.7550]
2025-11-09 00:39:04.171932 Epoch [064/100], Step [0002/0002], [lateral-edge: 0.7625, lateral-2: 1.4613, lateral-3: 1.4333, lateral-4: 1.4589, lateral-5: 1.4891, epsilon: 11.8699]
2025-11-09 00:39:07.132320 Epoch [065/100], Step [0002/0002], [lateral-edge: 0.7631, lateral-2: 1.4792, lateral-3: 1.4691, lateral-4: 1.4850, lateral-5: 1.5065, epsilon: 11.9843]
2025-11-09 00:39:10.362198 Epoch [066/100], Step [0002/0002], [lateral-edge: 0.7635, lateral-2: 1.4707, lateral-3: 1.4423, lateral-4: 1.4723, lateral-5: 1.4944, epsilon: 12.0981]
2025-11-09 00:39:13.974122 Epoch [067/100], Step [0002/0002], [lateral-edge: 0.7629, lateral-2: 1.4788, lateral-3: 1.4683, lateral-4: 1.4909, lateral-5: 1.5053, epsilon: 12.2114]
2025-11-09 00:39:16.959273 Epoch [068/100], Step [0002/0002], [lateral-edge: 0.7625, lateral-2: 1.4489, lateral-3: 1.4207, lateral-4: 1.4538, lateral-5: 1.4744, epsilon: 12.3241]
2025-11-09 00:39:20.230362 Epoch [069/100], Step [0002/0002], [lateral-edge: 0.7640, lateral-2: 1.4734, lateral-3: 1.4593, lateral-4: 1.4846, lateral-5: 1.5032, epsilon: 12.4363]
[Saving Snapshot:] ./Snapshots/save_weights/Inf-Net_DP/batch_48/run_3/epsilon_8/base/Inf-Net-70.pth
[Privacy Budget]: ε = 12.44 (δ = 1e-05)
2025-11-09 00:39:24.037002 Epoch [070/100], Step [0002/0002], [lateral-edge: 0.7634, lateral-2: 1.4682, lateral-3: 1.4529, lateral-4: 1.4706, lateral-5: 1.4949, epsilon: 12.5481]
2025-11-09 00:39:27.266080 Epoch [071/100], Step [0002/0002], [lateral-edge: 0.7625, lateral-2: 1.4906, lateral-3: 1.4807, lateral-4: 1.5006, lateral-5: 1.5114, epsilon: 12.6593]
2025-11-09 00:39:30.418551 Epoch [072/100], Step [0002/0002], [lateral-edge: 0.7637, lateral-2: 1.4766, lateral-3: 1.4642, lateral-4: 1.4822, lateral-5: 1.5034, epsilon: 12.7700]
2025-11-09 00:39:33.528124 Epoch [073/100], Step [0002/0002], [lateral-edge: 0.7632, lateral-2: 1.4676, lateral-3: 1.4397, lateral-4: 1.4656, lateral-5: 1.4917, epsilon: 12.8802]
2025-11-09 00:39:36.913316 Epoch [074/100], Step [0002/0002], [lateral-edge: 0.7632, lateral-2: 1.4758, lateral-3: 1.4647, lateral-4: 1.4869, lateral-5: 1.5007, epsilon: 12.9900]
2025-11-09 00:39:40.278159 Epoch [075/100], Step [0002/0002], [lateral-edge: 0.7629, lateral-2: 1.4709, lateral-3: 1.4565, lateral-4: 1.4760, lateral-5: 1.4978, epsilon: 13.0993]
2025-11-09 00:39:43.588403 Epoch [076/100], Step [0002/0002], [lateral-edge: 0.7631, lateral-2: 1.4626, lateral-3: 1.4253, lateral-4: 1.4569, lateral-5: 1.4813, epsilon: 13.2082]
2025-11-09 00:39:46.612570 Epoch [077/100], Step [0002/0002], [lateral-edge: 0.7635, lateral-2: 1.4759, lateral-3: 1.4542, lateral-4: 1.4745, lateral-5: 1.5029, epsilon: 13.3166]
2025-11-09 00:39:49.817522 Epoch [078/100], Step [0002/0002], [lateral-edge: 0.7643, lateral-2: 1.4748, lateral-3: 1.4713, lateral-4: 1.4911, lateral-5: 1.5119, epsilon: 13.4246]
2025-11-09 00:39:53.199321 Epoch [079/100], Step [0002/0002], [lateral-edge: 0.7633, lateral-2: 1.4641, lateral-3: 1.4460, lateral-4: 1.4666, lateral-5: 1.4955, epsilon: 13.5322]
[Saving Snapshot:] ./Snapshots/save_weights/Inf-Net_DP/batch_48/run_3/epsilon_8/base/Inf-Net-80.pth
[Privacy Budget]: ε = 13.53 (δ = 1e-05)
2025-11-09 00:39:56.964690 Epoch [080/100], Step [0002/0002], [lateral-edge: 0.7627, lateral-2: 1.4432, lateral-3: 1.4107, lateral-4: 1.4356, lateral-5: 1.4722, epsilon: 13.6394]
2025-11-09 00:39:59.881072 Epoch [081/100], Step [0002/0002], [lateral-edge: 0.7631, lateral-2: 1.4696, lateral-3: 1.4542, lateral-4: 1.4807, lateral-5: 1.5009, epsilon: 13.7461]
2025-11-09 00:40:03.284337 Epoch [082/100], Step [0002/0002], [lateral-edge: 0.7631, lateral-2: 1.4689, lateral-3: 1.4395, lateral-4: 1.4662, lateral-5: 1.4906, epsilon: 13.8525]
2025-11-09 00:40:06.556854 Epoch [083/100], Step [0002/0002], [lateral-edge: 0.7626, lateral-2: 1.4653, lateral-3: 1.4377, lateral-4: 1.4639, lateral-5: 1.4843, epsilon: 13.9584]
2025-11-09 00:40:10.112121 Epoch [084/100], Step [0002/0002], [lateral-edge: 0.7631, lateral-2: 1.4702, lateral-3: 1.4582, lateral-4: 1.4742, lateral-5: 1.4959, epsilon: 14.0640]
2025-11-09 00:40:13.524669 Epoch [085/100], Step [0002/0002], [lateral-edge: 0.7628, lateral-2: 1.4550, lateral-3: 1.4259, lateral-4: 1.4494, lateral-5: 1.4817, epsilon: 14.1692]
2025-11-09 00:40:17.001341 Epoch [086/100], Step [0002/0002], [lateral-edge: 0.7628, lateral-2: 1.4812, lateral-3: 1.4661, lateral-4: 1.4874, lateral-5: 1.5050, epsilon: 14.2740]
2025-11-09 00:40:20.291306 Epoch [087/100], Step [0002/0002], [lateral-edge: 0.7639, lateral-2: 1.4692, lateral-3: 1.4485, lateral-4: 1.4745, lateral-5: 1.4948, epsilon: 14.3784]
2025-11-09 00:40:23.582983 Epoch [088/100], Step [0002/0002], [lateral-edge: 0.7629, lateral-2: 1.4702, lateral-3: 1.4571, lateral-4: 1.4766, lateral-5: 1.4965, epsilon: 14.4825]
2025-11-09 00:40:26.976828 Epoch [089/100], Step [0002/0002], [lateral-edge: 0.7628, lateral-2: 1.4739, lateral-3: 1.4545, lateral-4: 1.4800, lateral-5: 1.4982, epsilon: 14.5862]
[Saving Snapshot:] ./Snapshots/save_weights/Inf-Net_DP/batch_48/run_3/epsilon_8/base/Inf-Net-90.pth
[Privacy Budget]: ε = 14.59 (δ = 1e-05)
2025-11-09 00:40:30.876417 Epoch [090/100], Step [0002/0002], [lateral-edge: 0.7628, lateral-2: 1.4697, lateral-3: 1.4470, lateral-4: 1.4644, lateral-5: 1.4939, epsilon: 14.6896]
2025-11-09 00:40:34.180529 Epoch [091/100], Step [0002/0002], [lateral-edge: 0.7639, lateral-2: 1.4820, lateral-3: 1.4641, lateral-4: 1.4884, lateral-5: 1.5084, epsilon: 14.7927]
2025-11-09 00:40:37.374087 Epoch [092/100], Step [0002/0002], [lateral-edge: 0.7640, lateral-2: 1.4612, lateral-3: 1.4385, lateral-4: 1.4605, lateral-5: 1.4944, epsilon: 14.8954]
2025-11-09 00:40:40.799616 Epoch [093/100], Step [0002/0002], [lateral-edge: 0.7638, lateral-2: 1.4567, lateral-3: 1.4360, lateral-4: 1.4593, lateral-5: 1.4863, epsilon: 14.9977]
2025-11-09 00:40:44.245962 Epoch [094/100], Step [0002/0002], [lateral-edge: 0.7629, lateral-2: 1.4682, lateral-3: 1.4416, lateral-4: 1.4643, lateral-5: 1.4904, epsilon: 15.0998]
2025-11-09 00:40:47.358877 Epoch [095/100], Step [0002/0002], [lateral-edge: 0.7633, lateral-2: 1.4624, lateral-3: 1.4359, lateral-4: 1.4608, lateral-5: 1.4917, epsilon: 15.2015]
2025-11-09 00:40:50.801850 Epoch [096/100], Step [0002/0002], [lateral-edge: 0.7632, lateral-2: 1.4751, lateral-3: 1.4548, lateral-4: 1.4766, lateral-5: 1.5007, epsilon: 15.3029]
2025-11-09 00:40:54.177645 Epoch [097/100], Step [0002/0002], [lateral-edge: 0.7630, lateral-2: 1.4771, lateral-3: 1.4615, lateral-4: 1.4834, lateral-5: 1.5013, epsilon: 15.4040]
2025-11-09 00:40:57.373094 Epoch [098/100], Step [0002/0002], [lateral-edge: 0.7627, lateral-2: 1.4565, lateral-3: 1.4273, lateral-4: 1.4539, lateral-5: 1.4811, epsilon: 15.5048]
2025-11-09 00:41:00.521561 Epoch [099/100], Step [0002/0002], [lateral-edge: 0.7629, lateral-2: 1.4755, lateral-3: 1.4686, lateral-4: 1.4775, lateral-5: 1.5045, epsilon: 15.6053]
[Saving Snapshot:] ./Snapshots/save_weights/Inf-Net_DP/batch_48/run_3/epsilon_8/base/Inf-Net-100.pth
[Privacy Budget]: ε = 15.61 (δ = 1e-05)
2025-11-09 00:41:04.529903 Epoch [100/100], Step [0002/0002], [lateral-edge: 0.7631, lateral-2: 1.4672, lateral-3: 1.4507, lateral-4: 1.4715, lateral-5: 1.4995, epsilon: 15.7055]
Training completed at Sun Nov  9 00:41:07 CET 2025
