Backbone loading: Res2Net50
Trainable: 31,072,721 / 33,121,721 parameters
Validator raised issues with model. Attempting auto-fix...
Original error: UnsupportedModuleError
Model successfully fixed for differential privacy
Not loading weights from weights file
###################################################################### 
Start Training (Inf_Net-DP)
Network: Inf_Net
Batch Size: 48
DP Enabled (ε=200.0, δ=1e-05, clipping=psac)
Morphology: Disabled
Architecture: GroupNorm (with DP)
Save Path: ./Snapshots/save_weights/Inf-Net_DP/batch_48/run_3/epsilon_200/psac
Run: 3
Namespace(network='Inf_Net', epoch=100, lr=0.0001, batchsize=48, trainsize=352, clip=0.5, decay_rate=0.1, decay_epoch=50, is_thop=False, gpu_device=0, num_workers=8, net_channel=32, init_features=32, n_classes=1, in_channels=3, backbone='Res2Net50', deep_supervision=False, train_path='./Dataset/TrainingSet/LungInfection-Train/Doctor-label', is_semi=False, is_pseudo=False, train_save=None, run=3, enable_privacy=True, epsilon=200.0, max_grad_norm=1.2, delta=1e-05, clipping_strategy='psac', enable_morphology=False, morph_operation='both', morph_kernel_size=3, device='cuda')
 ######################################################################
2025-11-09 00:35:58.053785 Epoch [001/100], Step [0002/0002], [lateral-edge: 0.7749, lateral-2: 1.7671, lateral-3: 1.6429, lateral-4: 1.5900, lateral-5: 1.5505, epsilon: 21.0900]
2025-11-09 00:36:01.596412 Epoch [002/100], Step [0002/0002], [lateral-edge: 0.7768, lateral-2: 1.7229, lateral-3: 1.6027, lateral-4: 1.5450, lateral-5: 1.5347, epsilon: 30.8019]
2025-11-09 00:36:04.758017 Epoch [003/100], Step [0002/0002], [lateral-edge: 0.7756, lateral-2: 1.6494, lateral-3: 1.5533, lateral-4: 1.5100, lateral-5: 1.5217, epsilon: 38.9286]
2025-11-09 00:36:07.967604 Epoch [004/100], Step [0002/0002], [lateral-edge: 0.7732, lateral-2: 1.6779, lateral-3: 1.5854, lateral-4: 1.5425, lateral-5: 1.5407, epsilon: 46.2706]
2025-11-09 00:36:10.965282 Epoch [005/100], Step [0002/0002], [lateral-edge: 0.7739, lateral-2: 1.6106, lateral-3: 1.5397, lateral-4: 1.5040, lateral-5: 1.5158, epsilon: 53.1211]
2025-11-09 00:36:14.616167 Epoch [006/100], Step [0002/0002], [lateral-edge: 0.7736, lateral-2: 1.5730, lateral-3: 1.5109, lateral-4: 1.4782, lateral-5: 1.5075, epsilon: 59.6264]
2025-11-09 00:36:17.989510 Epoch [007/100], Step [0002/0002], [lateral-edge: 0.7713, lateral-2: 1.5860, lateral-3: 1.5288, lateral-4: 1.4940, lateral-5: 1.5191, epsilon: 65.8722]
2025-11-09 00:36:21.103296 Epoch [008/100], Step [0002/0002], [lateral-edge: 0.7703, lateral-2: 1.5727, lateral-3: 1.5216, lateral-4: 1.4814, lateral-5: 1.5173, epsilon: 71.9138]
2025-11-09 00:36:24.714500 Epoch [009/100], Step [0002/0002], [lateral-edge: 0.7693, lateral-2: 1.5820, lateral-3: 1.5326, lateral-4: 1.4966, lateral-5: 1.5247, epsilon: 77.7891]
[Saving Snapshot:] ./Snapshots/save_weights/Inf-Net_DP/batch_48/run_3/epsilon_200/psac/Inf-Net-10.pth
[Privacy Budget]: ε = 77.79 (δ = 1e-05)
2025-11-09 00:36:28.608212 Epoch [010/100], Step [0002/0002], [lateral-edge: 0.7689, lateral-2: 1.5267, lateral-3: 1.4948, lateral-4: 1.4693, lateral-5: 1.4974, epsilon: 83.5256]
2025-11-09 00:36:32.024439 Epoch [011/100], Step [0002/0002], [lateral-edge: 0.7679, lateral-2: 1.5424, lateral-3: 1.4994, lateral-4: 1.4743, lateral-5: 1.5082, epsilon: 89.1441]
2025-11-09 00:36:35.454716 Epoch [012/100], Step [0002/0002], [lateral-edge: 0.7663, lateral-2: 1.4951, lateral-3: 1.4732, lateral-4: 1.4474, lateral-5: 1.4864, epsilon: 94.6606]
2025-11-09 00:36:38.761999 Epoch [013/100], Step [0002/0002], [lateral-edge: 0.7657, lateral-2: 1.4922, lateral-3: 1.4733, lateral-4: 1.4523, lateral-5: 1.4872, epsilon: 100.0877]
2025-11-09 00:36:42.331965 Epoch [014/100], Step [0002/0002], [lateral-edge: 0.7653, lateral-2: 1.4880, lateral-3: 1.4782, lateral-4: 1.4547, lateral-5: 1.4913, epsilon: 105.4357]
2025-11-09 00:36:45.665259 Epoch [015/100], Step [0002/0002], [lateral-edge: 0.7643, lateral-2: 1.4630, lateral-3: 1.4546, lateral-4: 1.4305, lateral-5: 1.4774, epsilon: 110.7130]
2025-11-09 00:36:48.708462 Epoch [016/100], Step [0002/0002], [lateral-edge: 0.7639, lateral-2: 1.4246, lateral-3: 1.4356, lateral-4: 1.4168, lateral-5: 1.4636, epsilon: 115.9267]
2025-11-09 00:36:52.272600 Epoch [017/100], Step [0002/0002], [lateral-edge: 0.7637, lateral-2: 1.4293, lateral-3: 1.4344, lateral-4: 1.4208, lateral-5: 1.4720, epsilon: 121.0826]
2025-11-09 00:36:55.365545 Epoch [018/100], Step [0002/0002], [lateral-edge: 0.7623, lateral-2: 1.4337, lateral-3: 1.4283, lateral-4: 1.4213, lateral-5: 1.4663, epsilon: 126.1860]
2025-11-09 00:36:58.535826 Epoch [019/100], Step [0002/0002], [lateral-edge: 0.7611, lateral-2: 1.4258, lateral-3: 1.4346, lateral-4: 1.4202, lateral-5: 1.4635, epsilon: 131.2411]
[Saving Snapshot:] ./Snapshots/save_weights/Inf-Net_DP/batch_48/run_3/epsilon_200/psac/Inf-Net-20.pth
[Privacy Budget]: ε = 131.24 (δ = 1e-05)
2025-11-09 00:37:02.584054 Epoch [020/100], Step [0002/0002], [lateral-edge: 0.7609, lateral-2: 1.4167, lateral-3: 1.4299, lateral-4: 1.4234, lateral-5: 1.4606, epsilon: 136.2517]
2025-11-09 00:37:06.068974 Epoch [021/100], Step [0002/0002], [lateral-edge: 0.7607, lateral-2: 1.3872, lateral-3: 1.4053, lateral-4: 1.3910, lateral-5: 1.4478, epsilon: 141.2211]
2025-11-09 00:37:09.540087 Epoch [022/100], Step [0002/0002], [lateral-edge: 0.7600, lateral-2: 1.3911, lateral-3: 1.4068, lateral-4: 1.4050, lateral-5: 1.4489, epsilon: 146.1524]
2025-11-09 00:37:13.315540 Epoch [023/100], Step [0002/0002], [lateral-edge: 0.7588, lateral-2: 1.3621, lateral-3: 1.3820, lateral-4: 1.3807, lateral-5: 1.4337, epsilon: 151.0480]
2025-11-09 00:37:16.753645 Epoch [024/100], Step [0002/0002], [lateral-edge: 0.7590, lateral-2: 1.3625, lateral-3: 1.3813, lateral-4: 1.3797, lateral-5: 1.4321, epsilon: 155.9103]
2025-11-09 00:37:20.499406 Epoch [025/100], Step [0002/0002], [lateral-edge: 0.7593, lateral-2: 1.3395, lateral-3: 1.3612, lateral-4: 1.3663, lateral-5: 1.4243, epsilon: 160.7414]
2025-11-09 00:37:23.938659 Epoch [026/100], Step [0002/0002], [lateral-edge: 0.7583, lateral-2: 1.3339, lateral-3: 1.3609, lateral-4: 1.3617, lateral-5: 1.4183, epsilon: 165.5432]
2025-11-09 00:37:27.806276 Epoch [027/100], Step [0002/0002], [lateral-edge: 0.7579, lateral-2: 1.3264, lateral-3: 1.3482, lateral-4: 1.3640, lateral-5: 1.4153, epsilon: 170.3173]
2025-11-09 00:37:31.183410 Epoch [028/100], Step [0002/0002], [lateral-edge: 0.7583, lateral-2: 1.3204, lateral-3: 1.3423, lateral-4: 1.3520, lateral-5: 1.4116, epsilon: 175.0652]
2025-11-09 00:37:35.232904 Epoch [029/100], Step [0002/0002], [lateral-edge: 0.7577, lateral-2: 1.2965, lateral-3: 1.3295, lateral-4: 1.3346, lateral-5: 1.4042, epsilon: 179.7884]
[Saving Snapshot:] ./Snapshots/save_weights/Inf-Net_DP/batch_48/run_3/epsilon_200/psac/Inf-Net-30.pth
[Privacy Budget]: ε = 179.79 (δ = 1e-05)
2025-11-09 00:37:40.492986 Epoch [030/100], Step [0002/0002], [lateral-edge: 0.7571, lateral-2: 1.3197, lateral-3: 1.3367, lateral-4: 1.3520, lateral-5: 1.4057, epsilon: 184.4881]
2025-11-09 00:37:43.959120 Epoch [031/100], Step [0002/0002], [lateral-edge: 0.7572, lateral-2: 1.2953, lateral-3: 1.3215, lateral-4: 1.3431, lateral-5: 1.3975, epsilon: 189.1655]
2025-11-09 00:37:48.211484 Epoch [032/100], Step [0002/0002], [lateral-edge: 0.7559, lateral-2: 1.2686, lateral-3: 1.2956, lateral-4: 1.3193, lateral-5: 1.3825, epsilon: 193.8217]
2025-11-09 00:37:52.320908 Epoch [033/100], Step [0002/0002], [lateral-edge: 0.7568, lateral-2: 1.2767, lateral-3: 1.3095, lateral-4: 1.3280, lateral-5: 1.3842, epsilon: 198.4577]
2025-11-09 00:37:55.832736 Epoch [034/100], Step [0002/0002], [lateral-edge: 0.7568, lateral-2: 1.2838, lateral-3: 1.3066, lateral-4: 1.3258, lateral-5: 1.3838, epsilon: 203.0744]
2025-11-09 00:37:59.264793 Epoch [035/100], Step [0002/0002], [lateral-edge: 0.7567, lateral-2: 1.2644, lateral-3: 1.2901, lateral-4: 1.3186, lateral-5: 1.3786, epsilon: 207.6726]
2025-11-09 00:38:03.736984 Epoch [036/100], Step [0002/0002], [lateral-edge: 0.7558, lateral-2: 1.2541, lateral-3: 1.2792, lateral-4: 1.3087, lateral-5: 1.3704, epsilon: 212.2532]
2025-11-09 00:38:08.038040 Epoch [037/100], Step [0002/0002], [lateral-edge: 0.7559, lateral-2: 1.2365, lateral-3: 1.2758, lateral-4: 1.2963, lateral-5: 1.3689, epsilon: 216.8168]
2025-11-09 00:38:12.446877 Epoch [038/100], Step [0002/0002], [lateral-edge: 0.7553, lateral-2: 1.2474, lateral-3: 1.2727, lateral-4: 1.2984, lateral-5: 1.3675, epsilon: 221.3641]
2025-11-09 00:38:17.199195 Epoch [039/100], Step [0002/0002], [lateral-edge: 0.7546, lateral-2: 1.2389, lateral-3: 1.2738, lateral-4: 1.3002, lateral-5: 1.3605, epsilon: 225.8959]
[Saving Snapshot:] ./Snapshots/save_weights/Inf-Net_DP/batch_48/run_3/epsilon_200/psac/Inf-Net-40.pth
[Privacy Budget]: ε = 225.90 (δ = 1e-05)
2025-11-09 00:38:23.305832 Epoch [040/100], Step [0002/0002], [lateral-edge: 0.7543, lateral-2: 1.2254, lateral-3: 1.2582, lateral-4: 1.2867, lateral-5: 1.3595, epsilon: 230.4126]
2025-11-09 00:38:27.861274 Epoch [041/100], Step [0002/0002], [lateral-edge: 0.7550, lateral-2: 1.2213, lateral-3: 1.2519, lateral-4: 1.2684, lateral-5: 1.3488, epsilon: 234.9149]
2025-11-09 00:38:32.466072 Epoch [042/100], Step [0002/0002], [lateral-edge: 0.7532, lateral-2: 1.2165, lateral-3: 1.2478, lateral-4: 1.2775, lateral-5: 1.3461, epsilon: 239.4033]
2025-11-09 00:38:36.950511 Epoch [043/100], Step [0002/0002], [lateral-edge: 0.7546, lateral-2: 1.1975, lateral-3: 1.2372, lateral-4: 1.2640, lateral-5: 1.3430, epsilon: 243.8782]
2025-11-09 00:38:40.880139 Epoch [044/100], Step [0002/0002], [lateral-edge: 0.7539, lateral-2: 1.2010, lateral-3: 1.2346, lateral-4: 1.2637, lateral-5: 1.3404, epsilon: 248.3402]
2025-11-09 00:38:44.731164 Epoch [045/100], Step [0002/0002], [lateral-edge: 0.7543, lateral-2: 1.1933, lateral-3: 1.2285, lateral-4: 1.2531, lateral-5: 1.3351, epsilon: 252.7896]
2025-11-09 00:38:49.062588 Epoch [046/100], Step [0002/0002], [lateral-edge: 0.7544, lateral-2: 1.1734, lateral-3: 1.2129, lateral-4: 1.2436, lateral-5: 1.3322, epsilon: 257.2270]
2025-11-09 00:38:53.149760 Epoch [047/100], Step [0002/0002], [lateral-edge: 0.7535, lateral-2: 1.1894, lateral-3: 1.2274, lateral-4: 1.2517, lateral-5: 1.3330, epsilon: 261.6526]
2025-11-09 00:38:56.866191 Epoch [048/100], Step [0002/0002], [lateral-edge: 0.7541, lateral-2: 1.1867, lateral-3: 1.2143, lateral-4: 1.2425, lateral-5: 1.3253, epsilon: 266.0670]
2025-11-09 00:39:02.047028 Epoch [049/100], Step [0002/0002], [lateral-edge: 0.7527, lateral-2: 1.1521, lateral-3: 1.1928, lateral-4: 1.2289, lateral-5: 1.3107, epsilon: 270.4703]
[Saving Snapshot:] ./Snapshots/save_weights/Inf-Net_DP/batch_48/run_3/epsilon_200/psac/Inf-Net-50.pth
[Privacy Budget]: ε = 270.47 (δ = 1e-05)
2025-11-09 00:39:09.062349 Epoch [050/100], Step [0002/0002], [lateral-edge: 0.7531, lateral-2: 1.1571, lateral-3: 1.1984, lateral-4: 1.2310, lateral-5: 1.3129, epsilon: 274.8630]
2025-11-09 00:39:13.351870 Epoch [051/100], Step [0002/0002], [lateral-edge: 0.7539, lateral-2: 1.1692, lateral-3: 1.2076, lateral-4: 1.2311, lateral-5: 1.3177, epsilon: 279.2453]
2025-11-09 00:39:17.181171 Epoch [052/100], Step [0002/0002], [lateral-edge: 0.7532, lateral-2: 1.1813, lateral-3: 1.2173, lateral-4: 1.2442, lateral-5: 1.3271, epsilon: 283.6177]
2025-11-09 00:39:22.520488 Epoch [053/100], Step [0002/0002], [lateral-edge: 0.7531, lateral-2: 1.1664, lateral-3: 1.1984, lateral-4: 1.2282, lateral-5: 1.3127, epsilon: 287.9803]
2025-11-09 00:39:27.719436 Epoch [054/100], Step [0002/0002], [lateral-edge: 0.7535, lateral-2: 1.1831, lateral-3: 1.2098, lateral-4: 1.2438, lateral-5: 1.3215, epsilon: 292.3335]
2025-11-09 00:39:32.905965 Epoch [055/100], Step [0002/0002], [lateral-edge: 0.7531, lateral-2: 1.1822, lateral-3: 1.2071, lateral-4: 1.2412, lateral-5: 1.3136, epsilon: 296.6774]
2025-11-09 00:39:38.409092 Epoch [056/100], Step [0002/0002], [lateral-edge: 0.7517, lateral-2: 1.1740, lateral-3: 1.2105, lateral-4: 1.2406, lateral-5: 1.3202, epsilon: 301.0124]
2025-11-09 00:39:43.641462 Epoch [057/100], Step [0002/0002], [lateral-edge: 0.7527, lateral-2: 1.1756, lateral-3: 1.2075, lateral-4: 1.2401, lateral-5: 1.3181, epsilon: 305.3387]
2025-11-09 00:39:48.074502 Epoch [058/100], Step [0002/0002], [lateral-edge: 0.7534, lateral-2: 1.1761, lateral-3: 1.2068, lateral-4: 1.2437, lateral-5: 1.3220, epsilon: 309.6566]
2025-11-09 00:39:52.396693 Epoch [059/100], Step [0002/0002], [lateral-edge: 0.7534, lateral-2: 1.1612, lateral-3: 1.1986, lateral-4: 1.2225, lateral-5: 1.3203, epsilon: 313.9661]
[Saving Snapshot:] ./Snapshots/save_weights/Inf-Net_DP/batch_48/run_3/epsilon_200/psac/Inf-Net-60.pth
[Privacy Budget]: ε = 313.97 (δ = 1e-05)
2025-11-09 00:40:00.211277 Epoch [060/100], Step [0002/0002], [lateral-edge: 0.7526, lateral-2: 1.1718, lateral-3: 1.2119, lateral-4: 1.2403, lateral-5: 1.3248, epsilon: 318.2676]
2025-11-09 00:40:05.735886 Epoch [061/100], Step [0002/0002], [lateral-edge: 0.7528, lateral-2: 1.1844, lateral-3: 1.2176, lateral-4: 1.2439, lateral-5: 1.3253, epsilon: 322.5613]
2025-11-09 00:40:11.422193 Epoch [062/100], Step [0002/0002], [lateral-edge: 0.7535, lateral-2: 1.1769, lateral-3: 1.2115, lateral-4: 1.2456, lateral-5: 1.3169, epsilon: 326.8473]
2025-11-09 00:40:17.143691 Epoch [063/100], Step [0002/0002], [lateral-edge: 0.7533, lateral-2: 1.1707, lateral-3: 1.2116, lateral-4: 1.2439, lateral-5: 1.3220, epsilon: 331.1259]
2025-11-09 00:40:23.082205 Epoch [064/100], Step [0002/0002], [lateral-edge: 0.7522, lateral-2: 1.1772, lateral-3: 1.2127, lateral-4: 1.2415, lateral-5: 1.3242, epsilon: 335.3971]
2025-11-09 00:40:29.254653 Epoch [065/100], Step [0002/0002], [lateral-edge: 0.7528, lateral-2: 1.1848, lateral-3: 1.2110, lateral-4: 1.2424, lateral-5: 1.3167, epsilon: 339.6612]
2025-11-09 00:40:35.438180 Epoch [066/100], Step [0002/0002], [lateral-edge: 0.7533, lateral-2: 1.1796, lateral-3: 1.2128, lateral-4: 1.2433, lateral-5: 1.3207, epsilon: 343.9184]
2025-11-09 00:40:41.683367 Epoch [067/100], Step [0002/0002], [lateral-edge: 0.7535, lateral-2: 1.1704, lateral-3: 1.2039, lateral-4: 1.2348, lateral-5: 1.3230, epsilon: 348.1688]
2025-11-09 00:40:48.001918 Epoch [068/100], Step [0002/0002], [lateral-edge: 0.7532, lateral-2: 1.1863, lateral-3: 1.2161, lateral-4: 1.2408, lateral-5: 1.3227, epsilon: 352.4125]
2025-11-09 00:40:52.857192 Epoch [069/100], Step [0002/0002], [lateral-edge: 0.7528, lateral-2: 1.1721, lateral-3: 1.2041, lateral-4: 1.2378, lateral-5: 1.3203, epsilon: 356.6497]
[Saving Snapshot:] ./Snapshots/save_weights/Inf-Net_DP/batch_48/run_3/epsilon_200/psac/Inf-Net-70.pth
[Privacy Budget]: ε = 356.65 (δ = 1e-05)
2025-11-09 00:41:00.505308 Epoch [070/100], Step [0002/0002], [lateral-edge: 0.7540, lateral-2: 1.1770, lateral-3: 1.2108, lateral-4: 1.2391, lateral-5: 1.3196, epsilon: 360.8806]
2025-11-09 00:41:06.886458 Epoch [071/100], Step [0002/0002], [lateral-edge: 0.7526, lateral-2: 1.1696, lateral-3: 1.2093, lateral-4: 1.2388, lateral-5: 1.3159, epsilon: 365.1052]
2025-11-09 00:41:13.470160 Epoch [072/100], Step [0002/0002], [lateral-edge: 0.7530, lateral-2: 1.1739, lateral-3: 1.2110, lateral-4: 1.2428, lateral-5: 1.3256, epsilon: 369.3238]
2025-11-09 00:41:19.640625 Epoch [073/100], Step [0002/0002], [lateral-edge: 0.7530, lateral-2: 1.1983, lateral-3: 1.2301, lateral-4: 1.2573, lateral-5: 1.3281, epsilon: 373.5364]
2025-11-09 00:41:26.040845 Epoch [074/100], Step [0002/0002], [lateral-edge: 0.7523, lateral-2: 1.1868, lateral-3: 1.2153, lateral-4: 1.2448, lateral-5: 1.3213, epsilon: 377.7431]
2025-11-09 00:41:33.839551 Epoch [075/100], Step [0002/0002], [lateral-edge: 0.7525, lateral-2: 1.1643, lateral-3: 1.2101, lateral-4: 1.2360, lateral-5: 1.3206, epsilon: 381.9441]
2025-11-09 00:41:40.835772 Epoch [076/100], Step [0002/0002], [lateral-edge: 0.7526, lateral-2: 1.1762, lateral-3: 1.2103, lateral-4: 1.2382, lateral-5: 1.3224, epsilon: 386.1395]
2025-11-09 00:41:47.735118 Epoch [077/100], Step [0002/0002], [lateral-edge: 0.7525, lateral-2: 1.1705, lateral-3: 1.2130, lateral-4: 1.2376, lateral-5: 1.3177, epsilon: 390.3294]
2025-11-09 00:41:55.002163 Epoch [078/100], Step [0002/0002], [lateral-edge: 0.7531, lateral-2: 1.1700, lateral-3: 1.2159, lateral-4: 1.2437, lateral-5: 1.3287, epsilon: 394.5139]
2025-11-09 00:42:03.300212 Epoch [079/100], Step [0002/0002], [lateral-edge: 0.7531, lateral-2: 1.1800, lateral-3: 1.2112, lateral-4: 1.2419, lateral-5: 1.3260, epsilon: 398.6931]
[Saving Snapshot:] ./Snapshots/save_weights/Inf-Net_DP/batch_48/run_3/epsilon_200/psac/Inf-Net-80.pth
[Privacy Budget]: ε = 398.69 (δ = 1e-05)
2025-11-09 00:42:15.711812 Epoch [080/100], Step [0002/0002], [lateral-edge: 0.7528, lateral-2: 1.1523, lateral-3: 1.1979, lateral-4: 1.2277, lateral-5: 1.3200, epsilon: 402.8671]
2025-11-09 00:42:22.711305 Epoch [081/100], Step [0002/0002], [lateral-edge: 0.7526, lateral-2: 1.1842, lateral-3: 1.2193, lateral-4: 1.2458, lateral-5: 1.3226, epsilon: 407.0361]
2025-11-09 00:42:29.484734 Epoch [082/100], Step [0002/0002], [lateral-edge: 0.7531, lateral-2: 1.1874, lateral-3: 1.2121, lateral-4: 1.2453, lateral-5: 1.3209, epsilon: 411.2000]
2025-11-09 00:42:36.377612 Epoch [083/100], Step [0002/0002], [lateral-edge: 0.7529, lateral-2: 1.1561, lateral-3: 1.2038, lateral-4: 1.2325, lateral-5: 1.3196, epsilon: 415.3590]
2025-11-09 00:42:43.741134 Epoch [084/100], Step [0002/0002], [lateral-edge: 0.7530, lateral-2: 1.1595, lateral-3: 1.1996, lateral-4: 1.2335, lateral-5: 1.3138, epsilon: 419.5133]
2025-11-09 00:42:49.416150 Epoch [085/100], Step [0002/0002], [lateral-edge: 0.7523, lateral-2: 1.1713, lateral-3: 1.2027, lateral-4: 1.2312, lateral-5: 1.3162, epsilon: 423.6627]
2025-11-09 00:42:57.055248 Epoch [086/100], Step [0002/0002], [lateral-edge: 0.7535, lateral-2: 1.1818, lateral-3: 1.2129, lateral-4: 1.2365, lateral-5: 1.3248, epsilon: 427.8076]
2025-11-09 00:43:04.951908 Epoch [087/100], Step [0002/0002], [lateral-edge: 0.7536, lateral-2: 1.1755, lateral-3: 1.2073, lateral-4: 1.2381, lateral-5: 1.3195, epsilon: 431.9478]
2025-11-09 00:43:12.244071 Epoch [088/100], Step [0002/0002], [lateral-edge: 0.7536, lateral-2: 1.1685, lateral-3: 1.2000, lateral-4: 1.2367, lateral-5: 1.3205, epsilon: 436.0836]
2025-11-09 00:43:19.784404 Epoch [089/100], Step [0002/0002], [lateral-edge: 0.7529, lateral-2: 1.1842, lateral-3: 1.2148, lateral-4: 1.2422, lateral-5: 1.3158, epsilon: 440.2150]
[Saving Snapshot:] ./Snapshots/save_weights/Inf-Net_DP/batch_48/run_3/epsilon_200/psac/Inf-Net-90.pth
[Privacy Budget]: ε = 440.21 (δ = 1e-05)
2025-11-09 00:43:30.889102 Epoch [090/100], Step [0002/0002], [lateral-edge: 0.7538, lateral-2: 1.1811, lateral-3: 1.2118, lateral-4: 1.2456, lateral-5: 1.3188, epsilon: 444.3420]
2025-11-09 00:43:39.016441 Epoch [091/100], Step [0002/0002], [lateral-edge: 0.7537, lateral-2: 1.1878, lateral-3: 1.2174, lateral-4: 1.2481, lateral-5: 1.3235, epsilon: 448.4648]
2025-11-09 00:43:46.736628 Epoch [092/100], Step [0002/0002], [lateral-edge: 0.7543, lateral-2: 1.1838, lateral-3: 1.2139, lateral-4: 1.2441, lateral-5: 1.3227, epsilon: 452.5833]
2025-11-09 00:43:52.173522 Epoch [093/100], Step [0002/0002], [lateral-edge: 0.7531, lateral-2: 1.1777, lateral-3: 1.2119, lateral-4: 1.2354, lateral-5: 1.3239, epsilon: 456.6978]
2025-11-09 00:44:02.272457 Epoch [094/100], Step [0002/0002], [lateral-edge: 0.7529, lateral-2: 1.1760, lateral-3: 1.2169, lateral-4: 1.2457, lateral-5: 1.3191, epsilon: 460.8081]
2025-11-09 00:44:07.339654 Epoch [095/100], Step [0002/0002], [lateral-edge: 0.7539, lateral-2: 1.1655, lateral-3: 1.1967, lateral-4: 1.2256, lateral-5: 1.3167, epsilon: 464.9145]
2025-11-09 00:44:12.730054 Epoch [096/100], Step [0002/0002], [lateral-edge: 0.7533, lateral-2: 1.1795, lateral-3: 1.2225, lateral-4: 1.2515, lateral-5: 1.3246, epsilon: 469.0170]
2025-11-09 00:44:23.802513 Epoch [097/100], Step [0002/0002], [lateral-edge: 0.7527, lateral-2: 1.1862, lateral-3: 1.2197, lateral-4: 1.2484, lateral-5: 1.3233, epsilon: 473.1155]
2025-11-09 00:44:31.949651 Epoch [098/100], Step [0002/0002], [lateral-edge: 0.7525, lateral-2: 1.1751, lateral-3: 1.2115, lateral-4: 1.2420, lateral-5: 1.3235, epsilon: 477.2103]
2025-11-09 00:44:43.408533 Epoch [099/100], Step [0002/0002], [lateral-edge: 0.7532, lateral-2: 1.1667, lateral-3: 1.2044, lateral-4: 1.2395, lateral-5: 1.3174, epsilon: 481.3013]
[Saving Snapshot:] ./Snapshots/save_weights/Inf-Net_DP/batch_48/run_3/epsilon_200/psac/Inf-Net-100.pth
[Privacy Budget]: ε = 481.30 (δ = 1e-05)
2025-11-09 00:45:01.993201 Epoch [100/100], Step [0002/0002], [lateral-edge: 0.7527, lateral-2: 1.1825, lateral-3: 1.2224, lateral-4: 1.2539, lateral-5: 1.3287, epsilon: 485.3886]
Training completed at Sun Nov  9 00:45:03 CET 2025
