Backbone loading: Res2Net50
Freezing unused branches for DP compatibility...
Trainable: 31,072,721 / 33,121,721 parameters
Not loading weights from weights file
Validator raised issues with model. Attempting auto-fix...
Original error: UnsupportedModuleError
Model successfully fixed for differential privacy
###################################################################### 
Start Training (Inf-Net-Res2Net50)
Backbone: Res2Net50
Batch Size: 48
Privacy: DP Enabled (ε budget, δ=1e-05)
Morphology: dilation
Save Path: ./Snapshots/save_weights/Inf-Net_DP_Morph/dilation/batch_48/run_2/noise_multiplier_0.7
Run: 2
Namespace(epoch=70, lr=0.0001, batchsize=48, trainsize=352, clip=0.5, decay_rate=0.1, decay_epoch=50, is_thop=False, gpu_device=0, num_workers=4, net_channel=32, n_classes=1, backbone='Res2Net50', train_path='./Dataset/TrainingSet/LungInfection-Train/Doctor-label', is_semi=False, is_pseudo=False, train_save=None, run=2, enable_privacy=True, noise_multiplier=0.7, max_grad_norm=1.2, delta=1e-05, enable_morphology=True, morph_operation='dilation', morph_kernel_size=3, device='cuda')
 ######################################################################
2025-10-26 23:54:25.223125 Epoch [001/070], Step [0002/0002], [lateral-edge: 0.7814, lateral-2: 1.6257, lateral-3: 1.6084, lateral-4: 1.5550, lateral-5: 1.5607, epsilon: 13.9265]
2025-10-26 23:54:29.551759 Epoch [002/070], Step [0002/0002], [lateral-edge: 0.7798, lateral-2: 1.6133, lateral-3: 1.5778, lateral-4: 1.5332, lateral-5: 1.5573, epsilon: 19.9996]
2025-10-26 23:54:33.879185 Epoch [003/070], Step [0002/0002], [lateral-edge: 0.7783, lateral-2: 1.5789, lateral-3: 1.5492, lateral-4: 1.5067, lateral-5: 1.5485, epsilon: 25.0333]
2025-10-26 23:54:38.436781 Epoch [004/070], Step [0002/0002], [lateral-edge: 0.7773, lateral-2: 1.5391, lateral-3: 1.5189, lateral-4: 1.4866, lateral-5: 1.5291, epsilon: 29.5471]
2025-10-26 23:54:42.860130 Epoch [005/070], Step [0002/0002], [lateral-edge: 0.7760, lateral-2: 1.5360, lateral-3: 1.5095, lateral-4: 1.4778, lateral-5: 1.5197, epsilon: 33.7336]
2025-10-26 23:54:46.659376 Epoch [006/070], Step [0002/0002], [lateral-edge: 0.7752, lateral-2: 1.5317, lateral-3: 1.5059, lateral-4: 1.4768, lateral-5: 1.5197, epsilon: 37.6898]
2025-10-26 23:54:51.193001 Epoch [007/070], Step [0002/0002], [lateral-edge: 0.7732, lateral-2: 1.5202, lateral-3: 1.4962, lateral-4: 1.4715, lateral-5: 1.5136, epsilon: 41.4724]
2025-10-26 23:54:54.896799 Epoch [008/070], Step [0002/0002], [lateral-edge: 0.7713, lateral-2: 1.5068, lateral-3: 1.4856, lateral-4: 1.4606, lateral-5: 1.5101, epsilon: 45.1182]
2025-10-26 23:54:58.703100 Epoch [009/070], Step [0002/0002], [lateral-edge: 0.7706, lateral-2: 1.5245, lateral-3: 1.4964, lateral-4: 1.4810, lateral-5: 1.5150, epsilon: 48.6524]
[Saving Snapshot:] ./Snapshots/save_weights/Inf-Net_DP_Morph/dilation/batch_48/run_2/noise_multiplier_0.7/Inf-Net-10.pth
[Privacy Budget]: ε = 48.65 (δ = 1e-05)
2025-10-26 23:55:03.116785 Epoch [010/070], Step [0002/0002], [lateral-edge: 0.7696, lateral-2: 1.4991, lateral-3: 1.4785, lateral-4: 1.4597, lateral-5: 1.5033, epsilon: 52.0934]
2025-10-26 23:55:07.253321 Epoch [011/070], Step [0002/0002], [lateral-edge: 0.7683, lateral-2: 1.4726, lateral-3: 1.4648, lateral-4: 1.4526, lateral-5: 1.4965, epsilon: 55.4551]
2025-10-26 23:55:11.282475 Epoch [012/070], Step [0002/0002], [lateral-edge: 0.7671, lateral-2: 1.4670, lateral-3: 1.4475, lateral-4: 1.4331, lateral-5: 1.4837, epsilon: 58.7482]
2025-10-26 23:55:15.696458 Epoch [013/070], Step [0002/0002], [lateral-edge: 0.7663, lateral-2: 1.4544, lateral-3: 1.4448, lateral-4: 1.4415, lateral-5: 1.4784, epsilon: 61.9812]
2025-10-26 23:55:19.689820 Epoch [014/070], Step [0002/0002], [lateral-edge: 0.7651, lateral-2: 1.4287, lateral-3: 1.4290, lateral-4: 1.4220, lateral-5: 1.4705, epsilon: 65.1609]
2025-10-26 23:55:23.534877 Epoch [015/070], Step [0002/0002], [lateral-edge: 0.7645, lateral-2: 1.4117, lateral-3: 1.4141, lateral-4: 1.4047, lateral-5: 1.4567, epsilon: 68.2930]
2025-10-26 23:55:27.577362 Epoch [016/070], Step [0002/0002], [lateral-edge: 0.7643, lateral-2: 1.4207, lateral-3: 1.4163, lateral-4: 1.4132, lateral-5: 1.4614, epsilon: 71.3823]
2025-10-26 23:55:32.121251 Epoch [017/070], Step [0002/0002], [lateral-edge: 0.7627, lateral-2: 1.3996, lateral-3: 1.4034, lateral-4: 1.3992, lateral-5: 1.4529, epsilon: 74.4326]
2025-10-26 23:55:36.169820 Epoch [018/070], Step [0002/0002], [lateral-edge: 0.7624, lateral-2: 1.3682, lateral-3: 1.3797, lateral-4: 1.3727, lateral-5: 1.4394, epsilon: 77.4475]
2025-10-26 23:55:39.987320 Epoch [019/070], Step [0002/0002], [lateral-edge: 0.7616, lateral-2: 1.3751, lateral-3: 1.3836, lateral-4: 1.3856, lateral-5: 1.4363, epsilon: 80.4298]
[Saving Snapshot:] ./Snapshots/save_weights/Inf-Net_DP_Morph/dilation/batch_48/run_2/noise_multiplier_0.7/Inf-Net-20.pth
[Privacy Budget]: ε = 80.43 (δ = 1e-05)
2025-10-26 23:55:45.132767 Epoch [020/070], Step [0002/0002], [lateral-edge: 0.7609, lateral-2: 1.3530, lateral-3: 1.3672, lateral-4: 1.3604, lateral-5: 1.4298, epsilon: 83.3821]
2025-10-26 23:55:49.005799 Epoch [021/070], Step [0002/0002], [lateral-edge: 0.7612, lateral-2: 1.3528, lateral-3: 1.3639, lateral-4: 1.3589, lateral-5: 1.4277, epsilon: 86.3066]
2025-10-26 23:55:53.284815 Epoch [022/070], Step [0002/0002], [lateral-edge: 0.7618, lateral-2: 1.3743, lateral-3: 1.3760, lateral-4: 1.3850, lateral-5: 1.4334, epsilon: 89.2054]
2025-10-26 23:55:57.317814 Epoch [023/070], Step [0002/0002], [lateral-edge: 0.7606, lateral-2: 1.3363, lateral-3: 1.3524, lateral-4: 1.3528, lateral-5: 1.4151, epsilon: 92.0801]
2025-10-26 23:56:01.567742 Epoch [024/070], Step [0002/0002], [lateral-edge: 0.7594, lateral-2: 1.3130, lateral-3: 1.3327, lateral-4: 1.3412, lateral-5: 1.4073, epsilon: 94.9324]
2025-10-26 23:56:05.694844 Epoch [025/070], Step [0002/0002], [lateral-edge: 0.7601, lateral-2: 1.3227, lateral-3: 1.3393, lateral-4: 1.3456, lateral-5: 1.4082, epsilon: 97.7635]
2025-10-26 23:56:09.815915 Epoch [026/070], Step [0002/0002], [lateral-edge: 0.7594, lateral-2: 1.3265, lateral-3: 1.3432, lateral-4: 1.3493, lateral-5: 1.4104, epsilon: 100.5748]
2025-10-26 23:56:13.991383 Epoch [027/070], Step [0002/0002], [lateral-edge: 0.7584, lateral-2: 1.2896, lateral-3: 1.3183, lateral-4: 1.3167, lateral-5: 1.3959, epsilon: 103.3675]
2025-10-26 23:56:18.109245 Epoch [028/070], Step [0002/0002], [lateral-edge: 0.7578, lateral-2: 1.2763, lateral-3: 1.3100, lateral-4: 1.3136, lateral-5: 1.3861, epsilon: 106.1424]
2025-10-26 23:56:22.443786 Epoch [029/070], Step [0002/0002], [lateral-edge: 0.7568, lateral-2: 1.2749, lateral-3: 1.3024, lateral-4: 1.3096, lateral-5: 1.3823, epsilon: 108.9007]
[Saving Snapshot:] ./Snapshots/save_weights/Inf-Net_DP_Morph/dilation/batch_48/run_2/noise_multiplier_0.7/Inf-Net-30.pth
[Privacy Budget]: ε = 108.90 (δ = 1e-05)
2025-10-26 23:56:27.763653 Epoch [030/070], Step [0002/0002], [lateral-edge: 0.7571, lateral-2: 1.2641, lateral-3: 1.2960, lateral-4: 1.2979, lateral-5: 1.3738, epsilon: 111.6431]
2025-10-26 23:56:32.409465 Epoch [031/070], Step [0002/0002], [lateral-edge: 0.7566, lateral-2: 1.2562, lateral-3: 1.2909, lateral-4: 1.2899, lateral-5: 1.3732, epsilon: 114.3704]
2025-10-26 23:56:36.772481 Epoch [032/070], Step [0002/0002], [lateral-edge: 0.7572, lateral-2: 1.2684, lateral-3: 1.2943, lateral-4: 1.3030, lateral-5: 1.3759, epsilon: 117.0834]
2025-10-26 23:56:41.090370 Epoch [033/070], Step [0002/0002], [lateral-edge: 0.7563, lateral-2: 1.2698, lateral-3: 1.2939, lateral-4: 1.2975, lateral-5: 1.3710, epsilon: 119.7827]
2025-10-26 23:56:45.703637 Epoch [034/070], Step [0002/0002], [lateral-edge: 0.7573, lateral-2: 1.2731, lateral-3: 1.2886, lateral-4: 1.3002, lateral-5: 1.3657, epsilon: 122.4689]
2025-10-26 23:56:50.382497 Epoch [035/070], Step [0002/0002], [lateral-edge: 0.7560, lateral-2: 1.2426, lateral-3: 1.2781, lateral-4: 1.2853, lateral-5: 1.3623, epsilon: 125.1427]
2025-10-26 23:56:55.111106 Epoch [036/070], Step [0002/0002], [lateral-edge: 0.7554, lateral-2: 1.2351, lateral-3: 1.2736, lateral-4: 1.2887, lateral-5: 1.3596, epsilon: 127.8045]
2025-10-26 23:56:59.252068 Epoch [037/070], Step [0002/0002], [lateral-edge: 0.7546, lateral-2: 1.2258, lateral-3: 1.2652, lateral-4: 1.2796, lateral-5: 1.3543, epsilon: 130.4549]
2025-10-26 23:57:04.008927 Epoch [038/070], Step [0002/0002], [lateral-edge: 0.7549, lateral-2: 1.2058, lateral-3: 1.2563, lateral-4: 1.2604, lateral-5: 1.3484, epsilon: 133.0943]
2025-10-26 23:57:08.175733 Epoch [039/070], Step [0002/0002], [lateral-edge: 0.7546, lateral-2: 1.2376, lateral-3: 1.2674, lateral-4: 1.2742, lateral-5: 1.3536, epsilon: 135.7231]
[Saving Snapshot:] ./Snapshots/save_weights/Inf-Net_DP_Morph/dilation/batch_48/run_2/noise_multiplier_0.7/Inf-Net-40.pth
[Privacy Budget]: ε = 135.72 (δ = 1e-05)
2025-10-26 23:57:13.920036 Epoch [040/070], Step [0002/0002], [lateral-edge: 0.7543, lateral-2: 1.1956, lateral-3: 1.2439, lateral-4: 1.2519, lateral-5: 1.3374, epsilon: 138.3418]
2025-10-26 23:57:18.970696 Epoch [041/070], Step [0002/0002], [lateral-edge: 0.7536, lateral-2: 1.2125, lateral-3: 1.2560, lateral-4: 1.2630, lateral-5: 1.3478, epsilon: 140.9507]
2025-10-26 23:57:23.709756 Epoch [042/070], Step [0002/0002], [lateral-edge: 0.7541, lateral-2: 1.1958, lateral-3: 1.2293, lateral-4: 1.2409, lateral-5: 1.3249, epsilon: 143.5501]
2025-10-26 23:57:28.972309 Epoch [043/070], Step [0002/0002], [lateral-edge: 0.7551, lateral-2: 1.2110, lateral-3: 1.2348, lateral-4: 1.2520, lateral-5: 1.3305, epsilon: 146.1405]
2025-10-26 23:57:34.034011 Epoch [044/070], Step [0002/0002], [lateral-edge: 0.7538, lateral-2: 1.1901, lateral-3: 1.2217, lateral-4: 1.2369, lateral-5: 1.3207, epsilon: 148.7221]
2025-10-26 23:57:38.848680 Epoch [045/070], Step [0002/0002], [lateral-edge: 0.7528, lateral-2: 1.1910, lateral-3: 1.2329, lateral-4: 1.2477, lateral-5: 1.3335, epsilon: 151.2953]
2025-10-26 23:57:43.236607 Epoch [046/070], Step [0002/0002], [lateral-edge: 0.7530, lateral-2: 1.1720, lateral-3: 1.2173, lateral-4: 1.2333, lateral-5: 1.3207, epsilon: 153.8603]
2025-10-26 23:57:48.128567 Epoch [047/070], Step [0002/0002], [lateral-edge: 0.7517, lateral-2: 1.1736, lateral-3: 1.2219, lateral-4: 1.2359, lateral-5: 1.3221, epsilon: 156.4173]
2025-10-26 23:57:53.119398 Epoch [048/070], Step [0002/0002], [lateral-edge: 0.7515, lateral-2: 1.1606, lateral-3: 1.2044, lateral-4: 1.2184, lateral-5: 1.3016, epsilon: 158.9667]
2025-10-26 23:57:57.176169 Epoch [049/070], Step [0002/0002], [lateral-edge: 0.7510, lateral-2: 1.1790, lateral-3: 1.2273, lateral-4: 1.2335, lateral-5: 1.3222, epsilon: 161.5086]
[Saving Snapshot:] ./Snapshots/save_weights/Inf-Net_DP_Morph/dilation/batch_48/run_2/noise_multiplier_0.7/Inf-Net-50.pth
[Privacy Budget]: ε = 161.51 (δ = 1e-05)
2025-10-26 23:58:03.378441 Epoch [050/070], Step [0002/0002], [lateral-edge: 0.7523, lateral-2: 1.1828, lateral-3: 1.2081, lateral-4: 1.2198, lateral-5: 1.2979, epsilon: 164.0434]
2025-10-26 23:58:07.812014 Epoch [051/070], Step [0002/0002], [lateral-edge: 0.7513, lateral-2: 1.1760, lateral-3: 1.2219, lateral-4: 1.2353, lateral-5: 1.3204, epsilon: 166.5711]
2025-10-26 23:58:13.060990 Epoch [052/070], Step [0002/0002], [lateral-edge: 0.7509, lateral-2: 1.1708, lateral-3: 1.2169, lateral-4: 1.2327, lateral-5: 1.3123, epsilon: 169.0921]
2025-10-26 23:58:18.096334 Epoch [053/070], Step [0002/0002], [lateral-edge: 0.7516, lateral-2: 1.1614, lateral-3: 1.2035, lateral-4: 1.2186, lateral-5: 1.3076, epsilon: 171.6064]
2025-10-26 23:58:23.415325 Epoch [054/070], Step [0002/0002], [lateral-edge: 0.7522, lateral-2: 1.1714, lateral-3: 1.2079, lateral-4: 1.2275, lateral-5: 1.3064, epsilon: 174.1144]
2025-10-26 23:58:28.662427 Epoch [055/070], Step [0002/0002], [lateral-edge: 0.7510, lateral-2: 1.1875, lateral-3: 1.2261, lateral-4: 1.2363, lateral-5: 1.3192, epsilon: 176.6162]
2025-10-26 23:58:33.845864 Epoch [056/070], Step [0002/0002], [lateral-edge: 0.7518, lateral-2: 1.1593, lateral-3: 1.2078, lateral-4: 1.2201, lateral-5: 1.3105, epsilon: 179.1118]
2025-10-26 23:58:39.283258 Epoch [057/070], Step [0002/0002], [lateral-edge: 0.7510, lateral-2: 1.1533, lateral-3: 1.2001, lateral-4: 1.2118, lateral-5: 1.3008, epsilon: 181.6016]
2025-10-26 23:58:44.567055 Epoch [058/070], Step [0002/0002], [lateral-edge: 0.7526, lateral-2: 1.1802, lateral-3: 1.2200, lateral-4: 1.2318, lateral-5: 1.3200, epsilon: 184.0857]
2025-10-26 23:58:49.626575 Epoch [059/070], Step [0002/0002], [lateral-edge: 0.7521, lateral-2: 1.1718, lateral-3: 1.2059, lateral-4: 1.2179, lateral-5: 1.3003, epsilon: 186.5642]
[Saving Snapshot:] ./Snapshots/save_weights/Inf-Net_DP_Morph/dilation/batch_48/run_2/noise_multiplier_0.7/Inf-Net-60.pth
[Privacy Budget]: ε = 186.56 (δ = 1e-05)
2025-10-26 23:58:56.202400 Epoch [060/070], Step [0002/0002], [lateral-edge: 0.7528, lateral-2: 1.1519, lateral-3: 1.2003, lateral-4: 1.2121, lateral-5: 1.3062, epsilon: 189.0372]
2025-10-26 23:59:01.590797 Epoch [061/070], Step [0002/0002], [lateral-edge: 0.7519, lateral-2: 1.1768, lateral-3: 1.2163, lateral-4: 1.2271, lateral-5: 1.3128, epsilon: 191.5049]
2025-10-26 23:59:06.884218 Epoch [062/070], Step [0002/0002], [lateral-edge: 0.7515, lateral-2: 1.1668, lateral-3: 1.2092, lateral-4: 1.2260, lateral-5: 1.3109, epsilon: 193.9674]
2025-10-26 23:59:12.296624 Epoch [063/070], Step [0002/0002], [lateral-edge: 0.7520, lateral-2: 1.1618, lateral-3: 1.2138, lateral-4: 1.2209, lateral-5: 1.3165, epsilon: 196.4248]
2025-10-26 23:59:18.023410 Epoch [064/070], Step [0002/0002], [lateral-edge: 0.7518, lateral-2: 1.1731, lateral-3: 1.2206, lateral-4: 1.2299, lateral-5: 1.3177, epsilon: 198.8773]
2025-10-26 23:59:23.600469 Epoch [065/070], Step [0002/0002], [lateral-edge: 0.7516, lateral-2: 1.1662, lateral-3: 1.2027, lateral-4: 1.2197, lateral-5: 1.3048, epsilon: 201.3250]
2025-10-26 23:59:29.672933 Epoch [066/070], Step [0002/0002], [lateral-edge: 0.7514, lateral-2: 1.1614, lateral-3: 1.2044, lateral-4: 1.2144, lateral-5: 1.2996, epsilon: 203.7680]
2025-10-26 23:59:35.321977 Epoch [067/070], Step [0002/0002], [lateral-edge: 0.7517, lateral-2: 1.1758, lateral-3: 1.2131, lateral-4: 1.2270, lateral-5: 1.3076, epsilon: 206.2064]
2025-10-26 23:59:41.359459 Epoch [068/070], Step [0002/0002], [lateral-edge: 0.7515, lateral-2: 1.1684, lateral-3: 1.2124, lateral-4: 1.2291, lateral-5: 1.3115, epsilon: 208.6403]
2025-10-26 23:59:47.249590 Epoch [069/070], Step [0002/0002], [lateral-edge: 0.7512, lateral-2: 1.1623, lateral-3: 1.2070, lateral-4: 1.2164, lateral-5: 1.3074, epsilon: 211.0697]
[Saving Snapshot:] ./Snapshots/save_weights/Inf-Net_DP_Morph/dilation/batch_48/run_2/noise_multiplier_0.7/Inf-Net-70.pth
[Privacy Budget]: ε = 211.07 (δ = 1e-05)
2025-10-26 23:59:55.390294 Epoch [070/070], Step [0002/0002], [lateral-edge: 0.7529, lateral-2: 1.1777, lateral-3: 1.2064, lateral-4: 1.2189, lateral-5: 1.3031, epsilon: 213.4949]
Training completed at Sun Oct 26 23:59:56 CET 2025
