Model loading: UNet with GroupNorm
Model is compatible with differential privacy
Not loading weights from weights file
###################################################################### 
Start Training (UNet-DP)
Network: UNet
Batch Size: 48
DP Enabled (ε=8.0, δ=1e-05, clipping=psac)
Morphology: Disabled
Architecture: GroupNorm (with DP)
Save Path: ./Snapshots/save_weights/UNet_DP/batch_48/run_2/epsilon_8/psac
Run: 2
Namespace(network='UNet', epoch=100, lr=0.0001, batchsize=48, trainsize=352, clip=0.5, decay_rate=0.1, decay_epoch=50, is_thop=False, gpu_device=0, num_workers=8, net_channel=32, init_features=32, n_classes=1, in_channels=3, backbone='Res2Net50', deep_supervision=False, train_path='./Dataset/TrainingSet/LungInfection-Train/Doctor-label', is_semi=False, is_pseudo=False, train_save=None, run=2, enable_privacy=True, epsilon=8.0, max_grad_norm=1.2, delta=1e-05, clipping_strategy='psac', enable_morphology=False, morph_operation='both', morph_kernel_size=3, device='cuda')
 ######################################################################
2025-11-09 01:01:54.322811 Epoch [001/100], Step [0002/0002], Loss: 1.5160, ε: 0.6824
2025-11-09 01:01:56.641002 Epoch [002/100], Step [0002/0002], Loss: 1.5095, ε: 0.9567
2025-11-09 01:01:58.776121 Epoch [003/100], Step [0002/0002], Loss: 1.5041, ε: 1.1725
2025-11-09 01:02:00.941093 Epoch [004/100], Step [0002/0002], Loss: 1.5060, ε: 1.3577
2025-11-09 01:02:02.892629 Epoch [005/100], Step [0002/0002], Loss: 1.5014, ε: 1.5233
2025-11-09 01:02:04.902884 Epoch [006/100], Step [0002/0002], Loss: 1.4955, ε: 1.6749
2025-11-09 01:02:07.015146 Epoch [007/100], Step [0002/0002], Loss: 1.4997, ε: 1.8158
2025-11-09 01:02:09.201043 Epoch [008/100], Step [0002/0002], Loss: 1.5058, ε: 1.9482
2025-11-09 01:02:12.086290 Epoch [009/100], Step [0002/0002], Loss: 1.5122, ε: 2.0737
[Saving Snapshot:] ./Snapshots/save_weights/UNet_DP/batch_48/run_2/epsilon_8/psac/UNet-10.pth
[Privacy Budget]: ε = 2.07 (δ = 1e-05)
2025-11-09 01:02:15.103387 Epoch [010/100], Step [0002/0002], Loss: 1.4915, ε: 2.1934
2025-11-09 01:02:17.328742 Epoch [011/100], Step [0002/0002], Loss: 1.4959, ε: 2.3081
2025-11-09 01:02:19.638679 Epoch [012/100], Step [0002/0002], Loss: 1.4961, ε: 2.4184
2025-11-09 01:02:21.822574 Epoch [013/100], Step [0002/0002], Loss: 1.5015, ε: 2.5249
2025-11-09 01:02:23.778599 Epoch [014/100], Step [0002/0002], Loss: 1.4886, ε: 2.6281
2025-11-09 01:02:26.043761 Epoch [015/100], Step [0002/0002], Loss: 1.4898, ε: 2.7282
2025-11-09 01:02:28.347125 Epoch [016/100], Step [0002/0002], Loss: 1.4877, ε: 2.8256
2025-11-09 01:02:30.440153 Epoch [017/100], Step [0002/0002], Loss: 1.4891, ε: 2.9205
2025-11-09 01:02:32.679798 Epoch [018/100], Step [0002/0002], Loss: 1.5002, ε: 3.0131
2025-11-09 01:02:34.911721 Epoch [019/100], Step [0002/0002], Loss: 1.4978, ε: 3.1036
[Saving Snapshot:] ./Snapshots/save_weights/UNet_DP/batch_48/run_2/epsilon_8/psac/UNet-20.pth
[Privacy Budget]: ε = 3.10 (δ = 1e-05)
2025-11-09 01:02:38.026355 Epoch [020/100], Step [0002/0002], Loss: 1.4835, ε: 3.1922
2025-11-09 01:02:40.216689 Epoch [021/100], Step [0002/0002], Loss: 1.4892, ε: 3.2790
2025-11-09 01:02:42.503101 Epoch [022/100], Step [0002/0002], Loss: 1.4839, ε: 3.3642
2025-11-09 01:02:44.619541 Epoch [023/100], Step [0002/0002], Loss: 1.4912, ε: 3.4477
2025-11-09 01:02:46.730276 Epoch [024/100], Step [0002/0002], Loss: 1.4857, ε: 3.5299
2025-11-09 01:02:48.917284 Epoch [025/100], Step [0002/0002], Loss: 1.4909, ε: 3.6106
2025-11-09 01:02:51.025971 Epoch [026/100], Step [0002/0002], Loss: 1.4726, ε: 3.6901
2025-11-09 01:02:53.083869 Epoch [027/100], Step [0002/0002], Loss: 1.4789, ε: 3.7684
2025-11-09 01:02:55.288465 Epoch [028/100], Step [0002/0002], Loss: 1.4882, ε: 3.8455
2025-11-09 01:02:57.396369 Epoch [029/100], Step [0002/0002], Loss: 1.4679, ε: 3.9216
[Saving Snapshot:] ./Snapshots/save_weights/UNet_DP/batch_48/run_2/epsilon_8/psac/UNet-30.pth
[Privacy Budget]: ε = 3.92 (δ = 1e-05)
2025-11-09 01:03:00.322331 Epoch [030/100], Step [0002/0002], Loss: 1.4814, ε: 3.9966
2025-11-09 01:03:02.479460 Epoch [031/100], Step [0002/0002], Loss: 1.4831, ε: 4.0706
2025-11-09 01:03:04.705036 Epoch [032/100], Step [0002/0002], Loss: 1.4821, ε: 4.1437
2025-11-09 01:03:06.943775 Epoch [033/100], Step [0002/0002], Loss: 1.4803, ε: 4.2158
2025-11-09 01:03:09.251776 Epoch [034/100], Step [0002/0002], Loss: 1.4693, ε: 4.2872
2025-11-09 01:03:11.448861 Epoch [035/100], Step [0002/0002], Loss: 1.4791, ε: 4.3577
2025-11-09 01:03:13.807123 Epoch [036/100], Step [0002/0002], Loss: 1.4704, ε: 4.4274
2025-11-09 01:03:15.994434 Epoch [037/100], Step [0002/0002], Loss: 1.4744, ε: 4.4964
2025-11-09 01:03:18.029858 Epoch [038/100], Step [0002/0002], Loss: 1.4694, ε: 4.5647
2025-11-09 01:03:20.069224 Epoch [039/100], Step [0002/0002], Loss: 1.4658, ε: 4.6322
[Saving Snapshot:] ./Snapshots/save_weights/UNet_DP/batch_48/run_2/epsilon_8/psac/UNet-40.pth
[Privacy Budget]: ε = 4.63 (δ = 1e-05)
2025-11-09 01:03:23.275784 Epoch [040/100], Step [0002/0002], Loss: 1.4623, ε: 4.6991
2025-11-09 01:03:25.173769 Epoch [041/100], Step [0002/0002], Loss: 1.4723, ε: 4.7654
2025-11-09 01:03:27.351955 Epoch [042/100], Step [0002/0002], Loss: 1.4587, ε: 4.8310
2025-11-09 01:03:29.508428 Epoch [043/100], Step [0002/0002], Loss: 1.4726, ε: 4.8961
2025-11-09 01:03:31.488438 Epoch [044/100], Step [0002/0002], Loss: 1.4789, ε: 4.9606
2025-11-09 01:03:33.700333 Epoch [045/100], Step [0002/0002], Loss: 1.4622, ε: 5.0245
2025-11-09 01:03:35.947253 Epoch [046/100], Step [0002/0002], Loss: 1.4540, ε: 5.0878
2025-11-09 01:03:38.035252 Epoch [047/100], Step [0002/0002], Loss: 1.4642, ε: 5.1507
2025-11-09 01:03:40.372736 Epoch [048/100], Step [0002/0002], Loss: 1.4582, ε: 5.2130
2025-11-09 01:03:42.571935 Epoch [049/100], Step [0002/0002], Loss: 1.4602, ε: 5.2749
[Saving Snapshot:] ./Snapshots/save_weights/UNet_DP/batch_48/run_2/epsilon_8/psac/UNet-50.pth
[Privacy Budget]: ε = 5.27 (δ = 1e-05)
2025-11-09 01:03:45.711668 Epoch [050/100], Step [0002/0002], Loss: 1.4552, ε: 5.3362
2025-11-09 01:03:47.724327 Epoch [051/100], Step [0002/0002], Loss: 1.4692, ε: 5.3971
2025-11-09 01:03:50.040503 Epoch [052/100], Step [0002/0002], Loss: 1.4691, ε: 5.4576
2025-11-09 01:03:52.079795 Epoch [053/100], Step [0002/0002], Loss: 1.4643, ε: 5.5176
2025-11-09 01:03:54.941724 Epoch [054/100], Step [0002/0002], Loss: 1.4719, ε: 5.5772
2025-11-09 01:03:57.092821 Epoch [055/100], Step [0002/0002], Loss: 1.4559, ε: 5.6364
2025-11-09 01:03:59.160924 Epoch [056/100], Step [0002/0002], Loss: 1.4523, ε: 5.6952
2025-11-09 01:04:01.457953 Epoch [057/100], Step [0002/0002], Loss: 1.4611, ε: 5.7536
2025-11-09 01:04:03.387096 Epoch [058/100], Step [0002/0002], Loss: 1.4643, ε: 5.8116
2025-11-09 01:04:05.696419 Epoch [059/100], Step [0002/0002], Loss: 1.4671, ε: 5.8693
[Saving Snapshot:] ./Snapshots/save_weights/UNet_DP/batch_48/run_2/epsilon_8/psac/UNet-60.pth
[Privacy Budget]: ε = 5.87 (δ = 1e-05)
2025-11-09 01:04:08.714666 Epoch [060/100], Step [0002/0002], Loss: 1.4520, ε: 5.9266
2025-11-09 01:04:10.989823 Epoch [061/100], Step [0002/0002], Loss: 1.4606, ε: 5.9835
2025-11-09 01:04:13.349150 Epoch [062/100], Step [0002/0002], Loss: 1.4647, ε: 6.0401
2025-11-09 01:04:15.483219 Epoch [063/100], Step [0002/0002], Loss: 1.4550, ε: 6.0963
2025-11-09 01:04:17.544831 Epoch [064/100], Step [0002/0002], Loss: 1.4598, ε: 6.1522
2025-11-09 01:04:19.721069 Epoch [065/100], Step [0002/0002], Loss: 1.4639, ε: 6.2078
2025-11-09 01:04:21.912016 Epoch [066/100], Step [0002/0002], Loss: 1.4599, ε: 6.2631
2025-11-09 01:04:24.026201 Epoch [067/100], Step [0002/0002], Loss: 1.4444, ε: 6.3181
2025-11-09 01:04:26.176711 Epoch [068/100], Step [0002/0002], Loss: 1.4618, ε: 6.3728
2025-11-09 01:04:28.337195 Epoch [069/100], Step [0002/0002], Loss: 1.4668, ε: 6.4272
[Saving Snapshot:] ./Snapshots/save_weights/UNet_DP/batch_48/run_2/epsilon_8/psac/UNet-70.pth
[Privacy Budget]: ε = 6.43 (δ = 1e-05)
2025-11-09 01:04:31.560870 Epoch [070/100], Step [0002/0002], Loss: 1.4640, ε: 6.4813
2025-11-09 01:04:33.855241 Epoch [071/100], Step [0002/0002], Loss: 1.4666, ε: 6.5351
2025-11-09 01:04:35.847946 Epoch [072/100], Step [0002/0002], Loss: 1.4695, ε: 6.5886
2025-11-09 01:04:37.987657 Epoch [073/100], Step [0002/0002], Loss: 1.4562, ε: 6.6419
2025-11-09 01:04:40.091804 Epoch [074/100], Step [0002/0002], Loss: 1.4670, ε: 6.6949
2025-11-09 01:04:42.187084 Epoch [075/100], Step [0002/0002], Loss: 1.4554, ε: 6.7477
2025-11-09 01:04:44.428784 Epoch [076/100], Step [0002/0002], Loss: 1.4658, ε: 6.8002
2025-11-09 01:04:46.538275 Epoch [077/100], Step [0002/0002], Loss: 1.4645, ε: 6.8524
2025-11-09 01:04:48.675536 Epoch [078/100], Step [0002/0002], Loss: 1.4683, ε: 6.9044
2025-11-09 01:04:50.712983 Epoch [079/100], Step [0002/0002], Loss: 1.4469, ε: 6.9562
[Saving Snapshot:] ./Snapshots/save_weights/UNet_DP/batch_48/run_2/epsilon_8/psac/UNet-80.pth
[Privacy Budget]: ε = 6.96 (δ = 1e-05)
2025-11-09 01:04:53.919363 Epoch [080/100], Step [0002/0002], Loss: 1.4519, ε: 7.0077
2025-11-09 01:04:56.140665 Epoch [081/100], Step [0002/0002], Loss: 1.4593, ε: 7.0590
2025-11-09 01:04:58.348637 Epoch [082/100], Step [0002/0002], Loss: 1.4533, ε: 7.1101
2025-11-09 01:05:00.418217 Epoch [083/100], Step [0002/0002], Loss: 1.4495, ε: 7.1609
2025-11-09 01:05:02.724935 Epoch [084/100], Step [0002/0002], Loss: 1.4620, ε: 7.2116
2025-11-09 01:05:04.814891 Epoch [085/100], Step [0002/0002], Loss: 1.4568, ε: 7.2620
2025-11-09 01:05:06.970706 Epoch [086/100], Step [0002/0002], Loss: 1.4479, ε: 7.3122
2025-11-09 01:05:09.353634 Epoch [087/100], Step [0002/0002], Loss: 1.4583, ε: 7.3622
2025-11-09 01:05:11.533118 Epoch [088/100], Step [0002/0002], Loss: 1.4513, ε: 7.4120
2025-11-09 01:05:13.740928 Epoch [089/100], Step [0002/0002], Loss: 1.4471, ε: 7.4616
[Saving Snapshot:] ./Snapshots/save_weights/UNet_DP/batch_48/run_2/epsilon_8/psac/UNet-90.pth
[Privacy Budget]: ε = 7.46 (δ = 1e-05)
2025-11-09 01:05:16.693971 Epoch [090/100], Step [0002/0002], Loss: 1.4579, ε: 7.5110
2025-11-09 01:05:18.967627 Epoch [091/100], Step [0002/0002], Loss: 1.4708, ε: 7.5602
2025-11-09 01:05:21.142633 Epoch [092/100], Step [0002/0002], Loss: 1.4561, ε: 7.6092
2025-11-09 01:05:23.286486 Epoch [093/100], Step [0002/0002], Loss: 1.4550, ε: 7.6580
2025-11-09 01:05:25.371723 Epoch [094/100], Step [0002/0002], Loss: 1.4585, ε: 7.7067
2025-11-09 01:05:27.465318 Epoch [095/100], Step [0002/0002], Loss: 1.4519, ε: 7.7551
2025-11-09 01:05:29.607487 Epoch [096/100], Step [0002/0002], Loss: 1.4716, ε: 7.8034
2025-11-09 01:05:31.812399 Epoch [097/100], Step [0002/0002], Loss: 1.4584, ε: 7.8515
2025-11-09 01:05:34.060602 Epoch [098/100], Step [0002/0002], Loss: 1.4581, ε: 7.8994
2025-11-09 01:05:36.141830 Epoch [099/100], Step [0002/0002], Loss: 1.4555, ε: 7.9472
[Saving Snapshot:] ./Snapshots/save_weights/UNet_DP/batch_48/run_2/epsilon_8/psac/UNet-100.pth
[Privacy Budget]: ε = 7.95 (δ = 1e-05)
2025-11-09 01:05:39.327867 Epoch [100/100], Step [0002/0002], Loss: 1.4559, ε: 7.9948
Training completed at Sun Nov  9 01:05:40 CET 2025
