Backbone loading: Res2Net50
Trainable: 31,072,721 / 33,121,721 parameters
Validator raised issues with model. Attempting auto-fix...
Original error: UnsupportedModuleError
Model successfully fixed for differential privacy
Not loading weights from weights file
###################################################################### 
Start Training (Inf_Net-DP)
Network: Inf_Net
Batch Size: 64
DP Enabled (ε=8.0, δ=1e-05, clipping=nsgd)
Morphology: both
Architecture: GroupNorm (with DP)
Save Path: ./Snapshots/save_weights/Inf-Net_DP_Morph/both/batch_64/run_2/epsilon_8/nsgd
Run: 2
Namespace(network='Inf_Net', epoch=100, lr=0.0001, batchsize=64, trainsize=352, clip=0.5, decay_rate=0.1, decay_epoch=50, is_thop=False, gpu_device=0, num_workers=8, net_channel=32, init_features=32, n_classes=1, in_channels=3, backbone='Res2Net50', deep_supervision=False, train_path='./Dataset/TrainingSet/LungInfection-Train/Doctor-label', is_semi=False, is_pseudo=False, train_save=None, run=2, enable_privacy=True, epsilon=8.0, max_grad_norm=1.2, delta=1e-05, clipping_strategy='nsgd', enable_morphology=True, morph_operation='both', morph_kernel_size=3, device='cuda')
 ######################################################################
2025-11-09 00:52:42.609552 Epoch [001/100], Step [0001/0001], [lateral-edge: 0.7809, lateral-2: 1.7728, lateral-3: 1.6615, lateral-4: 1.6325, lateral-5: 1.5563, epsilon: 1.0928]
2025-11-09 00:52:45.643995 Epoch [002/100], Step [0001/0001], [lateral-edge: 0.7808, lateral-2: 1.7581, lateral-3: 1.6492, lateral-4: 1.6236, lateral-5: 1.5557, epsilon: 1.5975]
2025-11-09 00:52:48.834962 Epoch [003/100], Step [0001/0001], [lateral-edge: 0.7807, lateral-2: 1.7446, lateral-3: 1.6379, lateral-4: 1.6133, lateral-5: 1.5550, epsilon: 1.9992]
2025-11-09 00:52:51.910072 Epoch [004/100], Step [0001/0001], [lateral-edge: 0.7806, lateral-2: 1.7314, lateral-3: 1.6267, lateral-4: 1.6024, lateral-5: 1.5542, epsilon: 2.3469]
2025-11-09 00:52:54.991450 Epoch [005/100], Step [0001/0001], [lateral-edge: 0.7805, lateral-2: 1.7192, lateral-3: 1.6170, lateral-4: 1.5920, lateral-5: 1.5534, epsilon: 2.6596]
2025-11-09 00:52:58.060699 Epoch [006/100], Step [0001/0001], [lateral-edge: 0.7804, lateral-2: 1.7075, lateral-3: 1.6077, lateral-4: 1.5821, lateral-5: 1.5528, epsilon: 2.9474]
2025-11-09 00:53:01.150514 Epoch [007/100], Step [0001/0001], [lateral-edge: 0.7804, lateral-2: 1.6971, lateral-3: 1.5998, lateral-4: 1.5736, lateral-5: 1.5523, epsilon: 3.2162]
2025-11-09 00:53:04.365742 Epoch [008/100], Step [0001/0001], [lateral-edge: 0.7802, lateral-2: 1.6877, lateral-3: 1.5931, lateral-4: 1.5664, lateral-5: 1.5518, epsilon: 3.4699]
2025-11-09 00:53:07.441841 Epoch [009/100], Step [0001/0001], [lateral-edge: 0.7801, lateral-2: 1.6793, lateral-3: 1.5870, lateral-4: 1.5601, lateral-5: 1.5513, epsilon: 3.7112]
[Saving Snapshot:] ./Snapshots/save_weights/Inf-Net_DP_Morph/both/batch_64/run_2/epsilon_8/nsgd/Inf-Net-10.pth
[Privacy Budget]: ε = 3.71 (δ = 1e-05)
2025-11-09 00:53:10.731643 Epoch [010/100], Step [0001/0001], [lateral-edge: 0.7801, lateral-2: 1.6729, lateral-3: 1.5824, lateral-4: 1.5553, lateral-5: 1.5505, epsilon: 3.9421]
2025-11-09 00:53:13.814823 Epoch [011/100], Step [0001/0001], [lateral-edge: 0.7800, lateral-2: 1.6675, lateral-3: 1.5782, lateral-4: 1.5516, lateral-5: 1.5497, epsilon: 4.1641]
2025-11-09 00:53:16.991419 Epoch [012/100], Step [0001/0001], [lateral-edge: 0.7800, lateral-2: 1.6629, lateral-3: 1.5748, lateral-4: 1.5484, lateral-5: 1.5490, epsilon: 4.3784]
2025-11-09 00:53:20.089631 Epoch [013/100], Step [0001/0001], [lateral-edge: 0.7799, lateral-2: 1.6586, lateral-3: 1.5717, lateral-4: 1.5459, lateral-5: 1.5483, epsilon: 4.5858]
2025-11-09 00:53:23.190678 Epoch [014/100], Step [0001/0001], [lateral-edge: 0.7798, lateral-2: 1.6551, lateral-3: 1.5693, lateral-4: 1.5437, lateral-5: 1.5478, epsilon: 4.7872]
2025-11-09 00:53:26.246725 Epoch [015/100], Step [0001/0001], [lateral-edge: 0.7798, lateral-2: 1.6519, lateral-3: 1.5670, lateral-4: 1.5417, lateral-5: 1.5472, epsilon: 4.9832]
2025-11-09 00:53:29.374124 Epoch [016/100], Step [0001/0001], [lateral-edge: 0.7797, lateral-2: 1.6486, lateral-3: 1.5647, lateral-4: 1.5400, lateral-5: 1.5468, epsilon: 5.1743]
2025-11-09 00:53:32.611732 Epoch [017/100], Step [0001/0001], [lateral-edge: 0.7797, lateral-2: 1.6455, lateral-3: 1.5625, lateral-4: 1.5383, lateral-5: 1.5463, epsilon: 5.3609]
2025-11-09 00:53:35.733999 Epoch [018/100], Step [0001/0001], [lateral-edge: 0.7797, lateral-2: 1.6424, lateral-3: 1.5603, lateral-4: 1.5368, lateral-5: 1.5458, epsilon: 5.5435]
2025-11-09 00:53:38.804922 Epoch [019/100], Step [0001/0001], [lateral-edge: 0.7796, lateral-2: 1.6399, lateral-3: 1.5587, lateral-4: 1.5352, lateral-5: 1.5452, epsilon: 5.7223]
[Saving Snapshot:] ./Snapshots/save_weights/Inf-Net_DP_Morph/both/batch_64/run_2/epsilon_8/nsgd/Inf-Net-20.pth
[Privacy Budget]: ε = 5.72 (δ = 1e-05)
2025-11-09 00:53:42.096429 Epoch [020/100], Step [0001/0001], [lateral-edge: 0.7795, lateral-2: 1.6374, lateral-3: 1.5569, lateral-4: 1.5340, lateral-5: 1.5446, epsilon: 5.8977]
2025-11-09 00:53:45.236658 Epoch [021/100], Step [0001/0001], [lateral-edge: 0.7794, lateral-2: 1.6350, lateral-3: 1.5550, lateral-4: 1.5330, lateral-5: 1.5443, epsilon: 6.0699]
2025-11-09 00:53:48.406847 Epoch [022/100], Step [0001/0001], [lateral-edge: 0.7794, lateral-2: 1.6326, lateral-3: 1.5534, lateral-4: 1.5322, lateral-5: 1.5438, epsilon: 6.2391]
2025-11-09 00:53:51.494806 Epoch [023/100], Step [0001/0001], [lateral-edge: 0.7793, lateral-2: 1.6304, lateral-3: 1.5518, lateral-4: 1.5314, lateral-5: 1.5432, epsilon: 6.4055]
2025-11-09 00:53:54.634669 Epoch [024/100], Step [0001/0001], [lateral-edge: 0.7792, lateral-2: 1.6281, lateral-3: 1.5500, lateral-4: 1.5307, lateral-5: 1.5425, epsilon: 6.5693]
2025-11-09 00:53:57.724491 Epoch [025/100], Step [0001/0001], [lateral-edge: 0.7793, lateral-2: 1.6260, lateral-3: 1.5483, lateral-4: 1.5299, lateral-5: 1.5418, epsilon: 6.7307]
2025-11-09 00:54:00.823852 Epoch [026/100], Step [0001/0001], [lateral-edge: 0.7793, lateral-2: 1.6240, lateral-3: 1.5465, lateral-4: 1.5288, lateral-5: 1.5410, epsilon: 6.8898]
2025-11-09 00:54:04.028022 Epoch [027/100], Step [0001/0001], [lateral-edge: 0.7792, lateral-2: 1.6222, lateral-3: 1.5450, lateral-4: 1.5283, lateral-5: 1.5404, epsilon: 7.0467]
2025-11-09 00:54:07.114171 Epoch [028/100], Step [0001/0001], [lateral-edge: 0.7792, lateral-2: 1.6205, lateral-3: 1.5435, lateral-4: 1.5276, lateral-5: 1.5398, epsilon: 7.2015]
2025-11-09 00:54:10.195412 Epoch [029/100], Step [0001/0001], [lateral-edge: 0.7791, lateral-2: 1.6185, lateral-3: 1.5419, lateral-4: 1.5271, lateral-5: 1.5393, epsilon: 7.3544]
[Saving Snapshot:] ./Snapshots/save_weights/Inf-Net_DP_Morph/both/batch_64/run_2/epsilon_8/nsgd/Inf-Net-30.pth
[Privacy Budget]: ε = 7.35 (δ = 1e-05)
2025-11-09 00:54:13.533457 Epoch [030/100], Step [0001/0001], [lateral-edge: 0.7790, lateral-2: 1.6167, lateral-3: 1.5402, lateral-4: 1.5268, lateral-5: 1.5389, epsilon: 7.5055]
2025-11-09 00:54:16.688318 Epoch [031/100], Step [0001/0001], [lateral-edge: 0.7789, lateral-2: 1.6146, lateral-3: 1.5382, lateral-4: 1.5268, lateral-5: 1.5385, epsilon: 7.6548]
2025-11-09 00:54:19.747441 Epoch [032/100], Step [0001/0001], [lateral-edge: 0.7788, lateral-2: 1.6125, lateral-3: 1.5364, lateral-4: 1.5263, lateral-5: 1.5379, epsilon: 7.8024]
2025-11-09 00:54:22.899014 Epoch [033/100], Step [0001/0001], [lateral-edge: 0.7788, lateral-2: 1.6104, lateral-3: 1.5346, lateral-4: 1.5252, lateral-5: 1.5374, epsilon: 7.9485]
2025-11-09 00:54:26.027344 Epoch [034/100], Step [0001/0001], [lateral-edge: 0.7787, lateral-2: 1.6087, lateral-3: 1.5331, lateral-4: 1.5237, lateral-5: 1.5369, epsilon: 8.0930]
2025-11-09 00:54:29.107395 Epoch [035/100], Step [0001/0001], [lateral-edge: 0.7787, lateral-2: 1.6067, lateral-3: 1.5314, lateral-4: 1.5226, lateral-5: 1.5364, epsilon: 8.2360]
2025-11-09 00:54:32.277427 Epoch [036/100], Step [0001/0001], [lateral-edge: 0.7787, lateral-2: 1.6046, lateral-3: 1.5296, lateral-4: 1.5215, lateral-5: 1.5359, epsilon: 8.3776]
2025-11-09 00:54:35.375143 Epoch [037/100], Step [0001/0001], [lateral-edge: 0.7787, lateral-2: 1.6024, lateral-3: 1.5280, lateral-4: 1.5205, lateral-5: 1.5355, epsilon: 8.5179]
2025-11-09 00:54:38.499542 Epoch [038/100], Step [0001/0001], [lateral-edge: 0.7787, lateral-2: 1.6006, lateral-3: 1.5264, lateral-4: 1.5201, lateral-5: 1.5351, epsilon: 8.6569]
2025-11-09 00:54:41.635230 Epoch [039/100], Step [0001/0001], [lateral-edge: 0.7787, lateral-2: 1.5986, lateral-3: 1.5251, lateral-4: 1.5194, lateral-5: 1.5347, epsilon: 8.7947]
[Saving Snapshot:] ./Snapshots/save_weights/Inf-Net_DP_Morph/both/batch_64/run_2/epsilon_8/nsgd/Inf-Net-40.pth
[Privacy Budget]: ε = 8.79 (δ = 1e-05)
2025-11-09 00:54:44.902213 Epoch [040/100], Step [0001/0001], [lateral-edge: 0.7787, lateral-2: 1.5964, lateral-3: 1.5235, lateral-4: 1.5189, lateral-5: 1.5343, epsilon: 8.9313]
2025-11-09 00:54:47.990102 Epoch [041/100], Step [0001/0001], [lateral-edge: 0.7786, lateral-2: 1.5942, lateral-3: 1.5221, lateral-4: 1.5187, lateral-5: 1.5338, epsilon: 9.0667]
2025-11-09 00:54:51.069773 Epoch [042/100], Step [0001/0001], [lateral-edge: 0.7786, lateral-2: 1.5923, lateral-3: 1.5212, lateral-4: 1.5183, lateral-5: 1.5334, epsilon: 9.2010]
2025-11-09 00:54:54.222248 Epoch [043/100], Step [0001/0001], [lateral-edge: 0.7786, lateral-2: 1.5903, lateral-3: 1.5202, lateral-4: 1.5177, lateral-5: 1.5330, epsilon: 9.3343]
2025-11-09 00:54:57.299602 Epoch [044/100], Step [0001/0001], [lateral-edge: 0.7787, lateral-2: 1.5885, lateral-3: 1.5190, lateral-4: 1.5168, lateral-5: 1.5325, epsilon: 9.4665]
2025-11-09 00:55:00.513372 Epoch [045/100], Step [0001/0001], [lateral-edge: 0.7788, lateral-2: 1.5870, lateral-3: 1.5179, lateral-4: 1.5159, lateral-5: 1.5321, epsilon: 9.5977]
2025-11-09 00:55:03.585101 Epoch [046/100], Step [0001/0001], [lateral-edge: 0.7789, lateral-2: 1.5855, lateral-3: 1.5167, lateral-4: 1.5152, lateral-5: 1.5315, epsilon: 9.7280]
2025-11-09 00:55:06.691203 Epoch [047/100], Step [0001/0001], [lateral-edge: 0.7790, lateral-2: 1.5840, lateral-3: 1.5155, lateral-4: 1.5144, lateral-5: 1.5309, epsilon: 9.8573]
2025-11-09 00:55:09.861158 Epoch [048/100], Step [0001/0001], [lateral-edge: 0.7790, lateral-2: 1.5825, lateral-3: 1.5144, lateral-4: 1.5133, lateral-5: 1.5303, epsilon: 9.9857]
2025-11-09 00:55:12.981731 Epoch [049/100], Step [0001/0001], [lateral-edge: 0.7791, lateral-2: 1.5810, lateral-3: 1.5133, lateral-4: 1.5119, lateral-5: 1.5297, epsilon: 10.1132]
[Saving Snapshot:] ./Snapshots/save_weights/Inf-Net_DP_Morph/both/batch_64/run_2/epsilon_8/nsgd/Inf-Net-50.pth
[Privacy Budget]: ε = 10.11 (δ = 1e-05)
2025-11-09 00:55:16.449983 Epoch [050/100], Step [0001/0001], [lateral-edge: 0.7791, lateral-2: 1.5797, lateral-3: 1.5124, lateral-4: 1.5109, lateral-5: 1.5292, epsilon: 10.2399]
2025-11-09 00:55:19.570367 Epoch [051/100], Step [0001/0001], [lateral-edge: 0.7791, lateral-2: 1.5796, lateral-3: 1.5123, lateral-4: 1.5108, lateral-5: 1.5292, epsilon: 10.3658]
2025-11-09 00:55:22.765124 Epoch [052/100], Step [0001/0001], [lateral-edge: 0.7791, lateral-2: 1.5796, lateral-3: 1.5123, lateral-4: 1.5108, lateral-5: 1.5292, epsilon: 10.4909]
2025-11-09 00:55:25.890774 Epoch [053/100], Step [0001/0001], [lateral-edge: 0.7791, lateral-2: 1.5796, lateral-3: 1.5123, lateral-4: 1.5108, lateral-5: 1.5292, epsilon: 10.6151]
2025-11-09 00:55:29.078066 Epoch [054/100], Step [0001/0001], [lateral-edge: 0.7791, lateral-2: 1.5796, lateral-3: 1.5123, lateral-4: 1.5108, lateral-5: 1.5292, epsilon: 10.7386]
2025-11-09 00:55:32.338045 Epoch [055/100], Step [0001/0001], [lateral-edge: 0.7791, lateral-2: 1.5796, lateral-3: 1.5123, lateral-4: 1.5108, lateral-5: 1.5292, epsilon: 10.8614]
2025-11-09 00:55:35.473776 Epoch [056/100], Step [0001/0001], [lateral-edge: 0.7791, lateral-2: 1.5796, lateral-3: 1.5123, lateral-4: 1.5107, lateral-5: 1.5292, epsilon: 10.9835]
2025-11-09 00:55:38.658876 Epoch [057/100], Step [0001/0001], [lateral-edge: 0.7791, lateral-2: 1.5796, lateral-3: 1.5123, lateral-4: 1.5107, lateral-5: 1.5292, epsilon: 11.1049]
2025-11-09 00:55:41.798738 Epoch [058/100], Step [0001/0001], [lateral-edge: 0.7791, lateral-2: 1.5796, lateral-3: 1.5123, lateral-4: 1.5107, lateral-5: 1.5292, epsilon: 11.2255]
2025-11-09 00:55:44.947272 Epoch [059/100], Step [0001/0001], [lateral-edge: 0.7791, lateral-2: 1.5796, lateral-3: 1.5123, lateral-4: 1.5107, lateral-5: 1.5292, epsilon: 11.3456]
[Saving Snapshot:] ./Snapshots/save_weights/Inf-Net_DP_Morph/both/batch_64/run_2/epsilon_8/nsgd/Inf-Net-60.pth
[Privacy Budget]: ε = 11.35 (δ = 1e-05)
2025-11-09 00:55:48.413432 Epoch [060/100], Step [0001/0001], [lateral-edge: 0.7791, lateral-2: 1.5796, lateral-3: 1.5123, lateral-4: 1.5107, lateral-5: 1.5292, epsilon: 11.4649]
2025-11-09 00:55:51.573516 Epoch [061/100], Step [0001/0001], [lateral-edge: 0.7791, lateral-2: 1.5796, lateral-3: 1.5123, lateral-4: 1.5107, lateral-5: 1.5292, epsilon: 11.5837]
2025-11-09 00:55:54.703881 Epoch [062/100], Step [0001/0001], [lateral-edge: 0.7791, lateral-2: 1.5796, lateral-3: 1.5123, lateral-4: 1.5107, lateral-5: 1.5292, epsilon: 11.7018]
2025-11-09 00:55:57.851461 Epoch [063/100], Step [0001/0001], [lateral-edge: 0.7791, lateral-2: 1.5796, lateral-3: 1.5123, lateral-4: 1.5107, lateral-5: 1.5292, epsilon: 11.8193]
2025-11-09 00:56:01.061908 Epoch [064/100], Step [0001/0001], [lateral-edge: 0.7791, lateral-2: 1.5796, lateral-3: 1.5123, lateral-4: 1.5107, lateral-5: 1.5292, epsilon: 11.9363]
2025-11-09 00:56:04.191067 Epoch [065/100], Step [0001/0001], [lateral-edge: 0.7791, lateral-2: 1.5796, lateral-3: 1.5123, lateral-4: 1.5107, lateral-5: 1.5292, epsilon: 12.0527]
2025-11-09 00:56:07.410566 Epoch [066/100], Step [0001/0001], [lateral-edge: 0.7791, lateral-2: 1.5796, lateral-3: 1.5123, lateral-4: 1.5107, lateral-5: 1.5292, epsilon: 12.1685]
2025-11-09 00:56:10.575903 Epoch [067/100], Step [0001/0001], [lateral-edge: 0.7791, lateral-2: 1.5796, lateral-3: 1.5123, lateral-4: 1.5107, lateral-5: 1.5292, epsilon: 12.2837]
2025-11-09 00:56:13.781268 Epoch [068/100], Step [0001/0001], [lateral-edge: 0.7791, lateral-2: 1.5796, lateral-3: 1.5123, lateral-4: 1.5107, lateral-5: 1.5292, epsilon: 12.3985]
2025-11-09 00:56:17.026408 Epoch [069/100], Step [0001/0001], [lateral-edge: 0.7791, lateral-2: 1.5796, lateral-3: 1.5123, lateral-4: 1.5107, lateral-5: 1.5292, epsilon: 12.5127]
[Saving Snapshot:] ./Snapshots/save_weights/Inf-Net_DP_Morph/both/batch_64/run_2/epsilon_8/nsgd/Inf-Net-70.pth
[Privacy Budget]: ε = 12.51 (δ = 1e-05)
2025-11-09 00:56:20.438303 Epoch [070/100], Step [0001/0001], [lateral-edge: 0.7791, lateral-2: 1.5796, lateral-3: 1.5123, lateral-4: 1.5107, lateral-5: 1.5292, epsilon: 12.6263]
2025-11-09 00:56:23.594550 Epoch [071/100], Step [0001/0001], [lateral-edge: 0.7791, lateral-2: 1.5796, lateral-3: 1.5123, lateral-4: 1.5107, lateral-5: 1.5292, epsilon: 12.7395]
2025-11-09 00:56:26.784707 Epoch [072/100], Step [0001/0001], [lateral-edge: 0.7791, lateral-2: 1.5796, lateral-3: 1.5123, lateral-4: 1.5107, lateral-5: 1.5292, epsilon: 12.8522]
2025-11-09 00:56:29.879948 Epoch [073/100], Step [0001/0001], [lateral-edge: 0.7791, lateral-2: 1.5796, lateral-3: 1.5123, lateral-4: 1.5107, lateral-5: 1.5292, epsilon: 12.9644]
2025-11-09 00:56:33.220129 Epoch [074/100], Step [0001/0001], [lateral-edge: 0.7791, lateral-2: 1.5796, lateral-3: 1.5123, lateral-4: 1.5107, lateral-5: 1.5292, epsilon: 13.0762]
2025-11-09 00:56:36.352541 Epoch [075/100], Step [0001/0001], [lateral-edge: 0.7791, lateral-2: 1.5796, lateral-3: 1.5123, lateral-4: 1.5107, lateral-5: 1.5292, epsilon: 13.1874]
2025-11-09 00:56:39.520992 Epoch [076/100], Step [0001/0001], [lateral-edge: 0.7791, lateral-2: 1.5796, lateral-3: 1.5123, lateral-4: 1.5107, lateral-5: 1.5292, epsilon: 13.2983]
2025-11-09 00:56:42.659023 Epoch [077/100], Step [0001/0001], [lateral-edge: 0.7791, lateral-2: 1.5796, lateral-3: 1.5123, lateral-4: 1.5107, lateral-5: 1.5292, epsilon: 13.4087]
2025-11-09 00:56:45.912915 Epoch [078/100], Step [0001/0001], [lateral-edge: 0.7791, lateral-2: 1.5796, lateral-3: 1.5123, lateral-4: 1.5107, lateral-5: 1.5292, epsilon: 13.5186]
2025-11-09 00:56:49.071880 Epoch [079/100], Step [0001/0001], [lateral-edge: 0.7791, lateral-2: 1.5796, lateral-3: 1.5123, lateral-4: 1.5107, lateral-5: 1.5292, epsilon: 13.6281]
[Saving Snapshot:] ./Snapshots/save_weights/Inf-Net_DP_Morph/both/batch_64/run_2/epsilon_8/nsgd/Inf-Net-80.pth
[Privacy Budget]: ε = 13.63 (δ = 1e-05)
2025-11-09 00:56:52.461874 Epoch [080/100], Step [0001/0001], [lateral-edge: 0.7791, lateral-2: 1.5796, lateral-3: 1.5123, lateral-4: 1.5107, lateral-5: 1.5292, epsilon: 13.7372]
2025-11-09 00:56:55.631481 Epoch [081/100], Step [0001/0001], [lateral-edge: 0.7791, lateral-2: 1.5796, lateral-3: 1.5123, lateral-4: 1.5107, lateral-5: 1.5292, epsilon: 13.8459]
2025-11-09 00:56:58.771828 Epoch [082/100], Step [0001/0001], [lateral-edge: 0.7791, lateral-2: 1.5796, lateral-3: 1.5123, lateral-4: 1.5107, lateral-5: 1.5292, epsilon: 13.9542]
2025-11-09 00:57:02.120106 Epoch [083/100], Step [0001/0001], [lateral-edge: 0.7791, lateral-2: 1.5796, lateral-3: 1.5123, lateral-4: 1.5107, lateral-5: 1.5292, epsilon: 14.0621]
2025-11-09 00:57:05.300333 Epoch [084/100], Step [0001/0001], [lateral-edge: 0.7791, lateral-2: 1.5796, lateral-3: 1.5123, lateral-4: 1.5107, lateral-5: 1.5292, epsilon: 14.1695]
2025-11-09 00:57:08.489687 Epoch [085/100], Step [0001/0001], [lateral-edge: 0.7791, lateral-2: 1.5796, lateral-3: 1.5123, lateral-4: 1.5107, lateral-5: 1.5292, epsilon: 14.2767]
2025-11-09 00:57:11.698249 Epoch [086/100], Step [0001/0001], [lateral-edge: 0.7791, lateral-2: 1.5796, lateral-3: 1.5123, lateral-4: 1.5107, lateral-5: 1.5292, epsilon: 14.3834]
2025-11-09 00:57:14.858753 Epoch [087/100], Step [0001/0001], [lateral-edge: 0.7791, lateral-2: 1.5796, lateral-3: 1.5123, lateral-4: 1.5107, lateral-5: 1.5292, epsilon: 14.4898]
2025-11-09 00:57:18.097407 Epoch [088/100], Step [0001/0001], [lateral-edge: 0.7791, lateral-2: 1.5796, lateral-3: 1.5123, lateral-4: 1.5107, lateral-5: 1.5292, epsilon: 14.5957]
2025-11-09 00:57:21.275468 Epoch [089/100], Step [0001/0001], [lateral-edge: 0.7791, lateral-2: 1.5796, lateral-3: 1.5123, lateral-4: 1.5107, lateral-5: 1.5292, epsilon: 14.7014]
[Saving Snapshot:] ./Snapshots/save_weights/Inf-Net_DP_Morph/both/batch_64/run_2/epsilon_8/nsgd/Inf-Net-90.pth
[Privacy Budget]: ε = 14.70 (δ = 1e-05)
2025-11-09 00:57:24.654277 Epoch [090/100], Step [0001/0001], [lateral-edge: 0.7791, lateral-2: 1.5796, lateral-3: 1.5123, lateral-4: 1.5107, lateral-5: 1.5292, epsilon: 14.8067]
2025-11-09 00:57:27.812845 Epoch [091/100], Step [0001/0001], [lateral-edge: 0.7791, lateral-2: 1.5796, lateral-3: 1.5123, lateral-4: 1.5107, lateral-5: 1.5292, epsilon: 14.9116]
2025-11-09 00:57:31.124017 Epoch [092/100], Step [0001/0001], [lateral-edge: 0.7791, lateral-2: 1.5796, lateral-3: 1.5123, lateral-4: 1.5107, lateral-5: 1.5292, epsilon: 15.0162]
2025-11-09 00:57:34.329653 Epoch [093/100], Step [0001/0001], [lateral-edge: 0.7791, lateral-2: 1.5796, lateral-3: 1.5123, lateral-4: 1.5107, lateral-5: 1.5292, epsilon: 15.1205]
2025-11-09 00:57:37.526681 Epoch [094/100], Step [0001/0001], [lateral-edge: 0.7791, lateral-2: 1.5796, lateral-3: 1.5123, lateral-4: 1.5107, lateral-5: 1.5292, epsilon: 15.2244]
2025-11-09 00:57:40.692943 Epoch [095/100], Step [0001/0001], [lateral-edge: 0.7791, lateral-2: 1.5796, lateral-3: 1.5123, lateral-4: 1.5107, lateral-5: 1.5292, epsilon: 15.3280]
2025-11-09 00:57:43.864136 Epoch [096/100], Step [0001/0001], [lateral-edge: 0.7791, lateral-2: 1.5796, lateral-3: 1.5123, lateral-4: 1.5107, lateral-5: 1.5292, epsilon: 15.4313]
2025-11-09 00:57:47.239725 Epoch [097/100], Step [0001/0001], [lateral-edge: 0.7791, lateral-2: 1.5796, lateral-3: 1.5123, lateral-4: 1.5107, lateral-5: 1.5292, epsilon: 15.5343]
2025-11-09 00:57:50.406155 Epoch [098/100], Step [0001/0001], [lateral-edge: 0.7791, lateral-2: 1.5796, lateral-3: 1.5123, lateral-4: 1.5107, lateral-5: 1.5292, epsilon: 15.6370]
2025-11-09 00:57:53.596476 Epoch [099/100], Step [0001/0001], [lateral-edge: 0.7791, lateral-2: 1.5796, lateral-3: 1.5123, lateral-4: 1.5107, lateral-5: 1.5292, epsilon: 15.7393]
[Saving Snapshot:] ./Snapshots/save_weights/Inf-Net_DP_Morph/both/batch_64/run_2/epsilon_8/nsgd/Inf-Net-100.pth
[Privacy Budget]: ε = 15.74 (δ = 1e-05)
2025-11-09 00:57:57.112901 Epoch [100/100], Step [0001/0001], [lateral-edge: 0.7791, lateral-2: 1.5796, lateral-3: 1.5123, lateral-4: 1.5107, lateral-5: 1.5292, epsilon: 15.8414]
Training completed at Sun Nov  9 00:57:58 CET 2025
