Model loading: UNet with GroupNorm
Model is compatible with differential privacy
Not loading weights from weights file
###################################################################### 
Start Training (UNet-DP)
Network: UNet
Batch Size: 48
DP Enabled (ε=8.0, δ=1e-05, clipping=base)
Morphology: both
Architecture: GroupNorm (with DP)
Save Path: ./Snapshots/save_weights/UNet_DP_Morph/both/batch_48/run_2/epsilon_8/base
Run: 2
Namespace(network='UNet', epoch=100, lr=0.0001, batchsize=48, trainsize=352, clip=0.5, decay_rate=0.1, decay_epoch=50, is_thop=False, gpu_device=0, num_workers=8, net_channel=32, init_features=32, n_classes=1, in_channels=3, backbone='Res2Net50', deep_supervision=False, train_path='./Dataset/TrainingSet/LungInfection-Train/Doctor-label', is_semi=False, is_pseudo=False, train_save=None, run=2, enable_privacy=True, epsilon=8.0, max_grad_norm=1.2, delta=1e-05, clipping_strategy='base', enable_morphology=True, morph_operation='both', morph_kernel_size=3, device='cuda')
 ######################################################################
2025-11-09 01:06:04.700454 Epoch [001/100], Step [0002/0002], Loss: 1.5671, ε: 0.6824
2025-11-09 01:06:06.909326 Epoch [002/100], Step [0002/0002], Loss: 1.5551, ε: 0.9567
2025-11-09 01:06:08.850393 Epoch [003/100], Step [0002/0002], Loss: 1.5688, ε: 1.1725
2025-11-09 01:06:10.915935 Epoch [004/100], Step [0002/0002], Loss: 1.5699, ε: 1.3577
2025-11-09 01:06:12.920501 Epoch [005/100], Step [0002/0002], Loss: 1.5721, ε: 1.5233
2025-11-09 01:06:14.965926 Epoch [006/100], Step [0002/0002], Loss: 1.5522, ε: 1.6749
2025-11-09 01:06:16.947021 Epoch [007/100], Step [0002/0002], Loss: 1.5662, ε: 1.8158
2025-11-09 01:06:19.051527 Epoch [008/100], Step [0002/0002], Loss: 1.5489, ε: 1.9482
2025-11-09 01:06:21.216082 Epoch [009/100], Step [0002/0002], Loss: 1.5639, ε: 2.0737
[Saving Snapshot:] ./Snapshots/save_weights/UNet_DP_Morph/both/batch_48/run_2/epsilon_8/base/UNet-10.pth
[Privacy Budget]: ε = 2.07 (δ = 1e-05)
2025-11-09 01:06:24.168450 Epoch [010/100], Step [0002/0002], Loss: 1.5542, ε: 2.1934
2025-11-09 01:06:26.447608 Epoch [011/100], Step [0002/0002], Loss: 1.5604, ε: 2.3081
2025-11-09 01:06:28.599224 Epoch [012/100], Step [0002/0002], Loss: 1.5550, ε: 2.4184
2025-11-09 01:06:30.565223 Epoch [013/100], Step [0002/0002], Loss: 1.5395, ε: 2.5249
2025-11-09 01:06:32.591917 Epoch [014/100], Step [0002/0002], Loss: 1.5549, ε: 2.6281
2025-11-09 01:06:34.608173 Epoch [015/100], Step [0002/0002], Loss: 1.5585, ε: 2.7282
2025-11-09 01:06:36.717824 Epoch [016/100], Step [0002/0002], Loss: 1.5390, ε: 2.8256
2025-11-09 01:06:38.710990 Epoch [017/100], Step [0002/0002], Loss: 1.5670, ε: 2.9205
2025-11-09 01:06:40.764058 Epoch [018/100], Step [0002/0002], Loss: 1.5482, ε: 3.0131
2025-11-09 01:06:42.628185 Epoch [019/100], Step [0002/0002], Loss: 1.5482, ε: 3.1036
[Saving Snapshot:] ./Snapshots/save_weights/UNet_DP_Morph/both/batch_48/run_2/epsilon_8/base/UNet-20.pth
[Privacy Budget]: ε = 3.10 (δ = 1e-05)
2025-11-09 01:06:45.529215 Epoch [020/100], Step [0002/0002], Loss: 1.5407, ε: 3.1922
2025-11-09 01:06:47.787133 Epoch [021/100], Step [0002/0002], Loss: 1.5446, ε: 3.2790
2025-11-09 01:06:49.923387 Epoch [022/100], Step [0002/0002], Loss: 1.5485, ε: 3.3642
2025-11-09 01:06:51.994796 Epoch [023/100], Step [0002/0002], Loss: 1.5461, ε: 3.4477
2025-11-09 01:06:53.971521 Epoch [024/100], Step [0002/0002], Loss: 1.5366, ε: 3.5299
2025-11-09 01:06:55.815400 Epoch [025/100], Step [0002/0002], Loss: 1.5464, ε: 3.6106
2025-11-09 01:06:57.795545 Epoch [026/100], Step [0002/0002], Loss: 1.5487, ε: 3.6901
2025-11-09 01:06:59.777603 Epoch [027/100], Step [0002/0002], Loss: 1.5404, ε: 3.7684
2025-11-09 01:07:01.729658 Epoch [028/100], Step [0002/0002], Loss: 1.5205, ε: 3.8455
2025-11-09 01:07:03.821789 Epoch [029/100], Step [0002/0002], Loss: 1.5422, ε: 3.9216
[Saving Snapshot:] ./Snapshots/save_weights/UNet_DP_Morph/both/batch_48/run_2/epsilon_8/base/UNet-30.pth
[Privacy Budget]: ε = 3.92 (δ = 1e-05)
2025-11-09 01:07:06.640049 Epoch [030/100], Step [0002/0002], Loss: 1.5357, ε: 3.9966
2025-11-09 01:07:08.750399 Epoch [031/100], Step [0002/0002], Loss: 1.5321, ε: 4.0706
2025-11-09 01:07:10.848606 Epoch [032/100], Step [0002/0002], Loss: 1.5352, ε: 4.1437
2025-11-09 01:07:12.847444 Epoch [033/100], Step [0002/0002], Loss: 1.5261, ε: 4.2158
2025-11-09 01:07:14.933778 Epoch [034/100], Step [0002/0002], Loss: 1.5284, ε: 4.2872
2025-11-09 01:07:16.953395 Epoch [035/100], Step [0002/0002], Loss: 1.5232, ε: 4.3577
2025-11-09 01:07:19.050719 Epoch [036/100], Step [0002/0002], Loss: 1.5144, ε: 4.4274
2025-11-09 01:07:21.136620 Epoch [037/100], Step [0002/0002], Loss: 1.5372, ε: 4.4964
2025-11-09 01:07:23.219942 Epoch [038/100], Step [0002/0002], Loss: 1.5255, ε: 4.5647
2025-11-09 01:07:25.157587 Epoch [039/100], Step [0002/0002], Loss: 1.5144, ε: 4.6322
[Saving Snapshot:] ./Snapshots/save_weights/UNet_DP_Morph/both/batch_48/run_2/epsilon_8/base/UNet-40.pth
[Privacy Budget]: ε = 4.63 (δ = 1e-05)
2025-11-09 01:07:28.190088 Epoch [040/100], Step [0002/0002], Loss: 1.5168, ε: 4.6991
2025-11-09 01:07:30.078843 Epoch [041/100], Step [0002/0002], Loss: 1.5304, ε: 4.7654
2025-11-09 01:07:32.135500 Epoch [042/100], Step [0002/0002], Loss: 1.5280, ε: 4.8310
2025-11-09 01:07:33.957813 Epoch [043/100], Step [0002/0002], Loss: 1.5441, ε: 4.8961
2025-11-09 01:07:35.919634 Epoch [044/100], Step [0002/0002], Loss: 1.5143, ε: 4.9606
2025-11-09 01:07:37.830464 Epoch [045/100], Step [0002/0002], Loss: 1.5364, ε: 5.0245
2025-11-09 01:07:39.849324 Epoch [046/100], Step [0002/0002], Loss: 1.5207, ε: 5.0878
2025-11-09 01:07:41.884032 Epoch [047/100], Step [0002/0002], Loss: 1.5196, ε: 5.1507
2025-11-09 01:07:43.785986 Epoch [048/100], Step [0002/0002], Loss: 1.5136, ε: 5.2130
2025-11-09 01:07:45.683893 Epoch [049/100], Step [0002/0002], Loss: 1.5246, ε: 5.2749
[Saving Snapshot:] ./Snapshots/save_weights/UNet_DP_Morph/both/batch_48/run_2/epsilon_8/base/UNet-50.pth
[Privacy Budget]: ε = 5.27 (δ = 1e-05)
2025-11-09 01:07:48.542719 Epoch [050/100], Step [0002/0002], Loss: 1.5250, ε: 5.3362
2025-11-09 01:07:50.653866 Epoch [051/100], Step [0002/0002], Loss: 1.5146, ε: 5.3971
2025-11-09 01:07:52.504155 Epoch [052/100], Step [0002/0002], Loss: 1.5125, ε: 5.4576
2025-11-09 01:07:54.536744 Epoch [053/100], Step [0002/0002], Loss: 1.5140, ε: 5.5176
2025-11-09 01:07:56.439691 Epoch [054/100], Step [0002/0002], Loss: 1.5379, ε: 5.5772
2025-11-09 01:07:58.320270 Epoch [055/100], Step [0002/0002], Loss: 1.5280, ε: 5.6364
2025-11-09 01:08:00.351037 Epoch [056/100], Step [0002/0002], Loss: 1.4969, ε: 5.6952
2025-11-09 01:08:02.294111 Epoch [057/100], Step [0002/0002], Loss: 1.5098, ε: 5.7536
2025-11-09 01:08:04.342786 Epoch [058/100], Step [0002/0002], Loss: 1.5170, ε: 5.8116
2025-11-09 01:08:06.323391 Epoch [059/100], Step [0002/0002], Loss: 1.5164, ε: 5.8693
[Saving Snapshot:] ./Snapshots/save_weights/UNet_DP_Morph/both/batch_48/run_2/epsilon_8/base/UNet-60.pth
[Privacy Budget]: ε = 5.87 (δ = 1e-05)
2025-11-09 01:08:09.228797 Epoch [060/100], Step [0002/0002], Loss: 1.5186, ε: 5.9266
2025-11-09 01:08:11.349246 Epoch [061/100], Step [0002/0002], Loss: 1.5195, ε: 5.9835
2025-11-09 01:08:13.302311 Epoch [062/100], Step [0002/0002], Loss: 1.5250, ε: 6.0401
2025-11-09 01:08:15.355490 Epoch [063/100], Step [0002/0002], Loss: 1.5260, ε: 6.0963
2025-11-09 01:08:17.403705 Epoch [064/100], Step [0002/0002], Loss: 1.5248, ε: 6.1522
2025-11-09 01:08:19.375365 Epoch [065/100], Step [0002/0002], Loss: 1.5143, ε: 6.2078
2025-11-09 01:08:21.412449 Epoch [066/100], Step [0002/0002], Loss: 1.5086, ε: 6.2631
2025-11-09 01:08:23.427772 Epoch [067/100], Step [0002/0002], Loss: 1.5138, ε: 6.3181
2025-11-09 01:08:25.402338 Epoch [068/100], Step [0002/0002], Loss: 1.5239, ε: 6.3728
2025-11-09 01:08:27.394305 Epoch [069/100], Step [0002/0002], Loss: 1.5271, ε: 6.4272
[Saving Snapshot:] ./Snapshots/save_weights/UNet_DP_Morph/both/batch_48/run_2/epsilon_8/base/UNet-70.pth
[Privacy Budget]: ε = 6.43 (δ = 1e-05)
2025-11-09 01:08:30.313939 Epoch [070/100], Step [0002/0002], Loss: 1.5038, ε: 6.4813
2025-11-09 01:08:32.370556 Epoch [071/100], Step [0002/0002], Loss: 1.5223, ε: 6.5351
2025-11-09 01:08:34.274681 Epoch [072/100], Step [0002/0002], Loss: 1.5100, ε: 6.5886
2025-11-09 01:08:36.426371 Epoch [073/100], Step [0002/0002], Loss: 1.5195, ε: 6.6419
2025-11-09 01:08:38.279853 Epoch [074/100], Step [0002/0002], Loss: 1.5204, ε: 6.6949
2025-11-09 01:08:40.160443 Epoch [075/100], Step [0002/0002], Loss: 1.5109, ε: 6.7477
2025-11-09 01:08:42.082104 Epoch [076/100], Step [0002/0002], Loss: 1.5305, ε: 6.8002
2025-11-09 01:08:44.125584 Epoch [077/100], Step [0002/0002], Loss: 1.5160, ε: 6.8524
2025-11-09 01:08:46.198383 Epoch [078/100], Step [0002/0002], Loss: 1.5368, ε: 6.9044
2025-11-09 01:08:48.088534 Epoch [079/100], Step [0002/0002], Loss: 1.5187, ε: 6.9562
[Saving Snapshot:] ./Snapshots/save_weights/UNet_DP_Morph/both/batch_48/run_2/epsilon_8/base/UNet-80.pth
[Privacy Budget]: ε = 6.96 (δ = 1e-05)
2025-11-09 01:08:50.899098 Epoch [080/100], Step [0002/0002], Loss: 1.5129, ε: 7.0077
2025-11-09 01:08:52.817513 Epoch [081/100], Step [0002/0002], Loss: 1.5167, ε: 7.0590
2025-11-09 01:08:54.809276 Epoch [082/100], Step [0002/0002], Loss: 1.5220, ε: 7.1101
2025-11-09 01:08:56.915174 Epoch [083/100], Step [0002/0002], Loss: 1.5225, ε: 7.1609
2025-11-09 01:08:59.139574 Epoch [084/100], Step [0002/0002], Loss: 1.5424, ε: 7.2116
2025-11-09 01:09:00.930060 Epoch [085/100], Step [0002/0002], Loss: 1.4986, ε: 7.2620
2025-11-09 01:09:02.951503 Epoch [086/100], Step [0002/0002], Loss: 1.5067, ε: 7.3122
2025-11-09 01:09:04.926928 Epoch [087/100], Step [0002/0002], Loss: 1.5379, ε: 7.3622
2025-11-09 01:09:06.937412 Epoch [088/100], Step [0002/0002], Loss: 1.5070, ε: 7.4120
2025-11-09 01:09:09.021652 Epoch [089/100], Step [0002/0002], Loss: 1.5178, ε: 7.4616
[Saving Snapshot:] ./Snapshots/save_weights/UNet_DP_Morph/both/batch_48/run_2/epsilon_8/base/UNet-90.pth
[Privacy Budget]: ε = 7.46 (δ = 1e-05)
2025-11-09 01:09:11.952681 Epoch [090/100], Step [0002/0002], Loss: 1.5123, ε: 7.5110
2025-11-09 01:09:13.958492 Epoch [091/100], Step [0002/0002], Loss: 1.5178, ε: 7.5602
2025-11-09 01:09:15.954718 Epoch [092/100], Step [0002/0002], Loss: 1.5275, ε: 7.6092
2025-11-09 01:09:18.008636 Epoch [093/100], Step [0002/0002], Loss: 1.5017, ε: 7.6580
2025-11-09 01:09:19.956775 Epoch [094/100], Step [0002/0002], Loss: 1.5100, ε: 7.7067
2025-11-09 01:09:21.988224 Epoch [095/100], Step [0002/0002], Loss: 1.5256, ε: 7.7551
2025-11-09 01:09:24.017899 Epoch [096/100], Step [0002/0002], Loss: 1.5221, ε: 7.8034
2025-11-09 01:09:25.921284 Epoch [097/100], Step [0002/0002], Loss: 1.5029, ε: 7.8515
2025-11-09 01:09:27.770689 Epoch [098/100], Step [0002/0002], Loss: 1.5437, ε: 7.8994
2025-11-09 01:09:29.744065 Epoch [099/100], Step [0002/0002], Loss: 1.5192, ε: 7.9472
[Saving Snapshot:] ./Snapshots/save_weights/UNet_DP_Morph/both/batch_48/run_2/epsilon_8/base/UNet-100.pth
[Privacy Budget]: ε = 7.95 (δ = 1e-05)
2025-11-09 01:09:32.686358 Epoch [100/100], Step [0002/0002], Loss: 1.5248, ε: 7.9948
Training completed at Sun Nov  9 01:09:33 CET 2025
