Backbone loading: Res2Net50
Freezing unused branches for DP compatibility...
Trainable: 31,072,721 / 33,121,721 parameters
Not loading weights from weights file
Validator raised issues with model. Attempting auto-fix...
Original error: UnsupportedModuleError
Model successfully fixed for differential privacy
###################################################################### 
Start Training (Inf-Net-Res2Net50)
Backbone: Res2Net50
Batch Size: 72
Privacy: DP Enabled (ε budget, δ=1e-05)
Morphology: both
Save Path: ./Snapshots/save_weights/Inf-Net_DP_Morph/both/batch_72/run_3/noise_multiplier_0.3
Run: 3
Namespace(epoch=70, lr=0.0001, batchsize=72, trainsize=352, clip=0.5, decay_rate=0.1, decay_epoch=50, is_thop=False, gpu_device=0, num_workers=4, net_channel=32, n_classes=1, backbone='Res2Net50', train_path='./Dataset/TrainingSet/LungInfection-Train/Doctor-label', is_semi=False, is_pseudo=False, train_save=None, run=3, enable_privacy=True, noise_multiplier=0.3, max_grad_norm=1.2, delta=1e-05, enable_morphology=True, morph_operation='both', morph_kernel_size=3, device='cuda')
 ######################################################################
2025-10-27 00:31:20.986148 Epoch [001/070], Step [0001/0001], [lateral-edge: 0.7738, lateral-2: 1.7009, lateral-3: 1.6670, lateral-4: 1.6241, lateral-5: 1.5576, epsilon: 40.5547]
2025-10-27 00:31:23.769513 Epoch [002/070], Step [0001/0001], [lateral-edge: 0.7734, lateral-2: 1.5910, lateral-3: 1.5626, lateral-4: 1.5523, lateral-5: 1.5425, epsilon: 67.3649]
2025-10-27 00:31:26.594284 Epoch [003/070], Step [0001/0001], [lateral-edge: 0.7729, lateral-2: 1.5523, lateral-3: 1.5292, lateral-4: 1.5322, lateral-5: 1.5304, epsilon: 91.8295]
2025-10-27 00:31:29.468487 Epoch [004/070], Step [0001/0001], [lateral-edge: 0.7723, lateral-2: 1.5215, lateral-3: 1.5037, lateral-4: 1.5114, lateral-5: 1.5191, epsilon: 115.0760]
2025-10-27 00:31:32.414778 Epoch [005/070], Step [0001/0001], [lateral-edge: 0.7717, lateral-2: 1.4957, lateral-3: 1.4818, lateral-4: 1.4887, lateral-5: 1.5081, epsilon: 137.5426]
2025-10-27 00:31:35.367310 Epoch [006/070], Step [0001/0001], [lateral-edge: 0.7710, lateral-2: 1.4721, lateral-3: 1.4626, lateral-4: 1.4674, lateral-5: 1.4975, epsilon: 159.4546]
2025-10-27 00:31:38.373798 Epoch [007/070], Step [0001/0001], [lateral-edge: 0.7704, lateral-2: 1.4486, lateral-3: 1.4447, lateral-4: 1.4485, lateral-5: 1.4867, epsilon: 180.9461]
2025-10-27 00:31:41.546789 Epoch [008/070], Step [0001/0001], [lateral-edge: 0.7698, lateral-2: 1.4250, lateral-3: 1.4273, lateral-4: 1.4323, lateral-5: 1.4760, epsilon: 202.1045]
2025-10-27 00:31:44.509618 Epoch [009/070], Step [0001/0001], [lateral-edge: 0.7691, lateral-2: 1.4012, lateral-3: 1.4098, lateral-4: 1.4169, lateral-5: 1.4651, epsilon: 222.9906]
[Saving Snapshot:] ./Snapshots/save_weights/Inf-Net_DP_Morph/both/batch_72/run_3/noise_multiplier_0.3/Inf-Net-10.pth
[Privacy Budget]: ε = 222.99 (δ = 1e-05)
2025-10-27 00:31:48.077661 Epoch [010/070], Step [0001/0001], [lateral-edge: 0.7686, lateral-2: 1.3771, lateral-3: 1.3921, lateral-4: 1.4019, lateral-5: 1.4538, epsilon: 243.6485]
2025-10-27 00:31:51.026692 Epoch [011/070], Step [0001/0001], [lateral-edge: 0.7680, lateral-2: 1.3535, lateral-3: 1.3745, lateral-4: 1.3874, lateral-5: 1.4424, epsilon: 264.1117]
2025-10-27 00:31:54.395416 Epoch [012/070], Step [0001/0001], [lateral-edge: 0.7675, lateral-2: 1.3306, lateral-3: 1.3573, lateral-4: 1.3734, lateral-5: 1.4313, epsilon: 284.4063]
2025-10-27 00:31:58.010851 Epoch [013/070], Step [0001/0001], [lateral-edge: 0.7670, lateral-2: 1.3091, lateral-3: 1.3406, lateral-4: 1.3598, lateral-5: 1.4208, epsilon: 304.5528]
2025-10-27 00:32:01.593897 Epoch [014/070], Step [0001/0001], [lateral-edge: 0.7665, lateral-2: 1.2890, lateral-3: 1.3244, lateral-4: 1.3460, lateral-5: 1.4108, epsilon: 324.5681]
2025-10-27 00:32:05.450750 Epoch [015/070], Step [0001/0001], [lateral-edge: 0.7659, lateral-2: 1.2705, lateral-3: 1.3087, lateral-4: 1.3317, lateral-5: 1.4014, epsilon: 344.4660]
2025-10-27 00:32:09.269068 Epoch [016/070], Step [0001/0001], [lateral-edge: 0.7655, lateral-2: 1.2534, lateral-3: 1.2937, lateral-4: 1.3172, lateral-5: 1.3925, epsilon: 364.2579]
2025-10-27 00:32:12.422568 Epoch [017/070], Step [0001/0001], [lateral-edge: 0.7650, lateral-2: 1.2375, lateral-3: 1.2796, lateral-4: 1.3032, lateral-5: 1.3841, epsilon: 383.9538]
2025-10-27 00:32:15.758942 Epoch [018/070], Step [0001/0001], [lateral-edge: 0.7646, lateral-2: 1.2230, lateral-3: 1.2666, lateral-4: 1.2898, lateral-5: 1.3761, epsilon: 403.5620]
2025-10-27 00:32:19.698659 Epoch [019/070], Step [0001/0001], [lateral-edge: 0.7641, lateral-2: 1.2095, lateral-3: 1.2540, lateral-4: 1.2777, lateral-5: 1.3682, epsilon: 423.0896]
[Saving Snapshot:] ./Snapshots/save_weights/Inf-Net_DP_Morph/both/batch_72/run_3/noise_multiplier_0.3/Inf-Net-20.pth
[Privacy Budget]: ε = 423.09 (δ = 1e-05)
2025-10-27 00:32:25.097406 Epoch [020/070], Step [0001/0001], [lateral-edge: 0.7638, lateral-2: 1.1967, lateral-3: 1.2421, lateral-4: 1.2670, lateral-5: 1.3605, epsilon: 442.5429]
2025-10-27 00:32:29.418501 Epoch [021/070], Step [0001/0001], [lateral-edge: 0.7634, lateral-2: 1.1850, lateral-3: 1.2308, lateral-4: 1.2576, lateral-5: 1.3528, epsilon: 461.9275]
2025-10-27 00:32:33.157960 Epoch [022/070], Step [0001/0001], [lateral-edge: 0.7630, lateral-2: 1.1743, lateral-3: 1.2204, lateral-4: 1.2486, lateral-5: 1.3454, epsilon: 481.2481]
2025-10-27 00:32:36.702677 Epoch [023/070], Step [0001/0001], [lateral-edge: 0.7627, lateral-2: 1.1646, lateral-3: 1.2106, lateral-4: 1.2402, lateral-5: 1.3383, epsilon: 500.5092]
2025-10-27 00:32:40.772533 Epoch [024/070], Step [0001/0001], [lateral-edge: 0.7624, lateral-2: 1.1556, lateral-3: 1.2013, lateral-4: 1.2322, lateral-5: 1.3317, epsilon: 519.7144]
2025-10-27 00:32:46.365820 Epoch [025/070], Step [0001/0001], [lateral-edge: 0.7620, lateral-2: 1.1471, lateral-3: 1.1926, lateral-4: 1.2248, lateral-5: 1.3253, epsilon: 538.8674]
2025-10-27 00:32:51.280471 Epoch [026/070], Step [0001/0001], [lateral-edge: 0.7616, lateral-2: 1.1390, lateral-3: 1.1845, lateral-4: 1.2181, lateral-5: 1.3193, epsilon: 557.9712]
2025-10-27 00:32:55.196848 Epoch [027/070], Step [0001/0001], [lateral-edge: 0.7612, lateral-2: 1.1314, lateral-3: 1.1770, lateral-4: 1.2120, lateral-5: 1.3137, epsilon: 577.0286]
2025-10-27 00:33:00.295166 Epoch [028/070], Step [0001/0001], [lateral-edge: 0.7609, lateral-2: 1.1244, lateral-3: 1.1700, lateral-4: 1.2061, lateral-5: 1.3085, epsilon: 596.0421]
2025-10-27 00:33:05.521946 Epoch [029/070], Step [0001/0001], [lateral-edge: 0.7606, lateral-2: 1.1178, lateral-3: 1.1632, lateral-4: 1.2007, lateral-5: 1.3037, epsilon: 615.0142]
[Saving Snapshot:] ./Snapshots/save_weights/Inf-Net_DP_Morph/both/batch_72/run_3/noise_multiplier_0.3/Inf-Net-30.pth
[Privacy Budget]: ε = 615.01 (δ = 1e-05)
2025-10-27 00:33:13.483963 Epoch [030/070], Step [0001/0001], [lateral-edge: 0.7603, lateral-2: 1.1115, lateral-3: 1.1569, lateral-4: 1.1958, lateral-5: 1.2990, epsilon: 633.9468]
2025-10-27 00:33:19.452253 Epoch [031/070], Step [0001/0001], [lateral-edge: 0.7600, lateral-2: 1.1057, lateral-3: 1.1510, lateral-4: 1.1910, lateral-5: 1.2942, epsilon: 652.8420]
2025-10-27 00:33:25.278174 Epoch [032/070], Step [0001/0001], [lateral-edge: 0.7597, lateral-2: 1.1002, lateral-3: 1.1454, lateral-4: 1.1862, lateral-5: 1.2898, epsilon: 671.7016]
2025-10-27 00:33:31.063043 Epoch [033/070], Step [0001/0001], [lateral-edge: 0.7595, lateral-2: 1.0950, lateral-3: 1.1401, lateral-4: 1.1815, lateral-5: 1.2855, epsilon: 690.5272]
2025-10-27 00:33:37.355396 Epoch [034/070], Step [0001/0001], [lateral-edge: 0.7592, lateral-2: 1.0902, lateral-3: 1.1353, lateral-4: 1.1769, lateral-5: 1.2812, epsilon: 709.3204]
2025-10-27 00:33:44.098374 Epoch [035/070], Step [0001/0001], [lateral-edge: 0.7590, lateral-2: 1.0855, lateral-3: 1.1305, lateral-4: 1.1728, lateral-5: 1.2770, epsilon: inf]
2025-10-27 00:33:52.845491 Epoch [036/070], Step [0001/0001], [lateral-edge: 0.7587, lateral-2: 1.0809, lateral-3: 1.1260, lateral-4: 1.1692, lateral-5: 1.2729, epsilon: inf]
2025-10-27 00:33:59.925541 Epoch [037/070], Step [0001/0001], [lateral-edge: 0.7584, lateral-2: 1.0765, lateral-3: 1.1216, lateral-4: 1.1655, lateral-5: 1.2690, epsilon: inf]
2025-10-27 00:34:06.504232 Epoch [038/070], Step [0001/0001], [lateral-edge: 0.7581, lateral-2: 1.0723, lateral-3: 1.1173, lateral-4: 1.1619, lateral-5: 1.2652, epsilon: inf]
2025-10-27 00:34:13.758632 Epoch [039/070], Step [0001/0001], [lateral-edge: 0.7579, lateral-2: 1.0683, lateral-3: 1.1132, lateral-4: 1.1585, lateral-5: 1.2615, epsilon: inf]
[Saving Snapshot:] ./Snapshots/save_weights/Inf-Net_DP_Morph/both/batch_72/run_3/noise_multiplier_0.3/Inf-Net-40.pth
[Privacy Budget]: ε = inf (δ = 1e-05)
2025-10-27 00:34:25.357113 Epoch [040/070], Step [0001/0001], [lateral-edge: 0.7576, lateral-2: 1.0646, lateral-3: 1.1093, lateral-4: 1.1553, lateral-5: 1.2580, epsilon: inf]
2025-10-27 00:34:32.777458 Epoch [041/070], Step [0001/0001], [lateral-edge: 0.7574, lateral-2: 1.0610, lateral-3: 1.1057, lateral-4: 1.1516, lateral-5: 1.2545, epsilon: inf]
2025-10-27 00:34:40.514774 Epoch [042/070], Step [0001/0001], [lateral-edge: 0.7572, lateral-2: 1.0575, lateral-3: 1.1023, lateral-4: 1.1484, lateral-5: 1.2510, epsilon: inf]
2025-10-27 00:34:48.219797 Epoch [043/070], Step [0001/0001], [lateral-edge: 0.7569, lateral-2: 1.0538, lateral-3: 1.0986, lateral-4: 1.1455, lateral-5: 1.2476, epsilon: inf]
2025-10-27 00:34:56.065974 Epoch [044/070], Step [0001/0001], [lateral-edge: 0.7567, lateral-2: 1.0502, lateral-3: 1.0951, lateral-4: 1.1425, lateral-5: 1.2442, epsilon: inf]
2025-10-27 00:35:02.015918 Epoch [045/070], Step [0001/0001], [lateral-edge: 0.7564, lateral-2: 1.0467, lateral-3: 1.0915, lateral-4: 1.1392, lateral-5: 1.2407, epsilon: inf]
2025-10-27 00:35:10.514757 Epoch [046/070], Step [0001/0001], [lateral-edge: 0.7561, lateral-2: 1.0434, lateral-3: 1.0882, lateral-4: 1.1359, lateral-5: 1.2374, epsilon: inf]
2025-10-27 00:35:18.967187 Epoch [047/070], Step [0001/0001], [lateral-edge: 0.7558, lateral-2: 1.0400, lateral-3: 1.0848, lateral-4: 1.1330, lateral-5: 1.2341, epsilon: inf]
2025-10-27 00:35:27.619174 Epoch [048/070], Step [0001/0001], [lateral-edge: 0.7556, lateral-2: 1.0366, lateral-3: 1.0816, lateral-4: 1.1302, lateral-5: 1.2308, epsilon: inf]
2025-10-27 00:35:36.424517 Epoch [049/070], Step [0001/0001], [lateral-edge: 0.7553, lateral-2: 1.0335, lateral-3: 1.0785, lateral-4: 1.1274, lateral-5: 1.2275, epsilon: inf]
[Saving Snapshot:] ./Snapshots/save_weights/Inf-Net_DP_Morph/both/batch_72/run_3/noise_multiplier_0.3/Inf-Net-50.pth
[Privacy Budget]: ε = inf (δ = 1e-05)
2025-10-27 00:35:47.609234 Epoch [050/070], Step [0001/0001], [lateral-edge: 0.7551, lateral-2: 1.0312, lateral-3: 1.0762, lateral-4: 1.1252, lateral-5: 1.2252, epsilon: inf]
2025-10-27 00:35:57.368171 Epoch [051/070], Step [0001/0001], [lateral-edge: 0.7551, lateral-2: 1.0310, lateral-3: 1.0760, lateral-4: 1.1250, lateral-5: 1.2250, epsilon: inf]
2025-10-27 00:36:07.319552 Epoch [052/070], Step [0001/0001], [lateral-edge: 0.7551, lateral-2: 1.0310, lateral-3: 1.0760, lateral-4: 1.1250, lateral-5: 1.2250, epsilon: inf]
2025-10-27 00:36:16.968519 Epoch [053/070], Step [0001/0001], [lateral-edge: 0.7551, lateral-2: 1.0310, lateral-3: 1.0760, lateral-4: 1.1250, lateral-5: 1.2249, epsilon: inf]
2025-10-27 00:36:27.139211 Epoch [054/070], Step [0001/0001], [lateral-edge: 0.7551, lateral-2: 1.0310, lateral-3: 1.0760, lateral-4: 1.1250, lateral-5: 1.2250, epsilon: inf]
2025-10-27 00:36:37.508262 Epoch [055/070], Step [0001/0001], [lateral-edge: 0.7551, lateral-2: 1.0310, lateral-3: 1.0760, lateral-4: 1.1250, lateral-5: 1.2250, epsilon: inf]
2025-10-27 00:36:52.039619 Epoch [056/070], Step [0001/0001], [lateral-edge: 0.7551, lateral-2: 1.0310, lateral-3: 1.0760, lateral-4: 1.1250, lateral-5: 1.2250, epsilon: inf]
2025-10-27 00:37:02.702350 Epoch [057/070], Step [0001/0001], [lateral-edge: 0.7551, lateral-2: 1.0310, lateral-3: 1.0760, lateral-4: 1.1250, lateral-5: 1.2250, epsilon: inf]
2025-10-27 00:37:13.327125 Epoch [058/070], Step [0001/0001], [lateral-edge: 0.7551, lateral-2: 1.0310, lateral-3: 1.0760, lateral-4: 1.1250, lateral-5: 1.2250, epsilon: inf]
2025-10-27 00:37:25.173896 Epoch [059/070], Step [0001/0001], [lateral-edge: 0.7551, lateral-2: 1.0310, lateral-3: 1.0760, lateral-4: 1.1250, lateral-5: 1.2250, epsilon: inf]
[Saving Snapshot:] ./Snapshots/save_weights/Inf-Net_DP_Morph/both/batch_72/run_3/noise_multiplier_0.3/Inf-Net-60.pth
[Privacy Budget]: ε = inf (δ = 1e-05)
2025-10-27 00:37:55.552690 Epoch [060/070], Step [0001/0001], [lateral-edge: 0.7551, lateral-2: 1.0310, lateral-3: 1.0760, lateral-4: 1.1250, lateral-5: 1.2250, epsilon: inf]
2025-10-27 00:38:06.920180 Epoch [061/070], Step [0001/0001], [lateral-edge: 0.7551, lateral-2: 1.0310, lateral-3: 1.0760, lateral-4: 1.1250, lateral-5: 1.2250, epsilon: inf]
2025-10-27 00:38:18.653245 Epoch [062/070], Step [0001/0001], [lateral-edge: 0.7551, lateral-2: 1.0310, lateral-3: 1.0760, lateral-4: 1.1250, lateral-5: 1.2250, epsilon: inf]
2025-10-27 00:38:30.434720 Epoch [063/070], Step [0001/0001], [lateral-edge: 0.7551, lateral-2: 1.0310, lateral-3: 1.0760, lateral-4: 1.1250, lateral-5: 1.2250, epsilon: inf]
2025-10-27 00:38:43.075233 Epoch [064/070], Step [0001/0001], [lateral-edge: 0.7551, lateral-2: 1.0310, lateral-3: 1.0760, lateral-4: 1.1250, lateral-5: 1.2250, epsilon: inf]
2025-10-27 00:38:55.145839 Epoch [065/070], Step [0001/0001], [lateral-edge: 0.7551, lateral-2: 1.0310, lateral-3: 1.0760, lateral-4: 1.1250, lateral-5: 1.2250, epsilon: inf]
2025-10-27 00:39:07.820697 Epoch [066/070], Step [0001/0001], [lateral-edge: 0.7551, lateral-2: 1.0310, lateral-3: 1.0760, lateral-4: 1.1250, lateral-5: 1.2250, epsilon: inf]
2025-10-27 00:39:20.437411 Epoch [067/070], Step [0001/0001], [lateral-edge: 0.7551, lateral-2: 1.0310, lateral-3: 1.0760, lateral-4: 1.1250, lateral-5: 1.2250, epsilon: inf]
2025-10-27 00:39:32.359960 Epoch [068/070], Step [0001/0001], [lateral-edge: 0.7551, lateral-2: 1.0310, lateral-3: 1.0760, lateral-4: 1.1250, lateral-5: 1.2250, epsilon: inf]
2025-10-27 00:39:41.369804 Epoch [069/070], Step [0001/0001], [lateral-edge: 0.7551, lateral-2: 1.0310, lateral-3: 1.0760, lateral-4: 1.1250, lateral-5: 1.2250, epsilon: inf]
[Saving Snapshot:] ./Snapshots/save_weights/Inf-Net_DP_Morph/both/batch_72/run_3/noise_multiplier_0.3/Inf-Net-70.pth
[Privacy Budget]: ε = inf (δ = 1e-05)
2025-10-27 00:39:57.675242 Epoch [070/070], Step [0001/0001], [lateral-edge: 0.7551, lateral-2: 1.0310, lateral-3: 1.0760, lateral-4: 1.1250, lateral-5: 1.2250, epsilon: inf]
Training completed at Mon Oct 27 00:39:59 CET 2025
