Backbone loading: Res2Net50
Freezing unused branches for DP compatibility...
Trainable: 31,072,721 / 33,121,721 parameters
Not loading weights from weights file
Validator raised issues with model. Attempting auto-fix...
Original error: UnsupportedModuleError
Model successfully fixed for differential privacy
###################################################################### 
Start Training (Inf-Net-Res2Net50)
Backbone: Res2Net50
Batch Size: 48
Privacy: DP Enabled (ε budget, δ=1e-05)
Morphology: open
Save Path: ./Snapshots/save_weights/Inf-Net_DP_Morph/open/batch_48/run_1/noise_multiplier_0.5
Run: 1
Namespace(epoch=70, lr=0.0001, batchsize=48, trainsize=352, clip=0.5, decay_rate=0.1, decay_epoch=50, is_thop=False, gpu_device=0, num_workers=4, net_channel=32, n_classes=1, backbone='Res2Net50', train_path='./Dataset/TrainingSet/LungInfection-Train/Doctor-label', is_semi=False, is_pseudo=False, train_save=None, run=1, enable_privacy=True, noise_multiplier=0.5, max_grad_norm=1.2, delta=1e-05, enable_morphology=True, morph_operation='open', morph_kernel_size=3, device='cuda')
 ######################################################################
2025-10-26 23:32:07.077865 Epoch [001/070], Step [0002/0002], [lateral-edge: 0.7956, lateral-2: 1.6082, lateral-3: 1.5813, lateral-4: 1.6129, lateral-5: 1.5517, epsilon: 23.6965]
2025-10-26 23:32:11.185141 Epoch [002/070], Step [0002/0002], [lateral-edge: 0.7953, lateral-2: 1.5818, lateral-3: 1.5579, lateral-4: 1.5751, lateral-5: 1.5453, epsilon: 34.8076]
2025-10-26 23:32:15.879759 Epoch [003/070], Step [0002/0002], [lateral-edge: 0.7937, lateral-2: 1.5468, lateral-3: 1.5235, lateral-4: 1.5488, lateral-5: 1.5349, epsilon: 44.1317]
2025-10-26 23:32:20.036947 Epoch [004/070], Step [0002/0002], [lateral-edge: 0.7945, lateral-2: 1.5258, lateral-3: 1.5083, lateral-4: 1.5265, lateral-5: 1.5285, epsilon: 52.5733]
2025-10-26 23:32:24.157404 Epoch [005/070], Step [0002/0002], [lateral-edge: 0.7925, lateral-2: 1.4959, lateral-3: 1.4835, lateral-4: 1.5018, lateral-5: 1.5195, epsilon: 60.4629]
2025-10-26 23:32:28.612658 Epoch [006/070], Step [0002/0002], [lateral-edge: 0.7919, lateral-2: 1.4659, lateral-3: 1.4631, lateral-4: 1.4893, lateral-5: 1.5137, epsilon: 67.9652]
2025-10-26 23:32:32.480217 Epoch [007/070], Step [0002/0002], [lateral-edge: 0.7917, lateral-2: 1.4440, lateral-3: 1.4502, lateral-4: 1.4679, lateral-5: 1.5027, epsilon: 75.1764]
2025-10-26 23:32:36.556552 Epoch [008/070], Step [0002/0002], [lateral-edge: 0.7906, lateral-2: 1.4361, lateral-3: 1.4450, lateral-4: 1.4556, lateral-5: 1.4972, epsilon: 82.1586]
2025-10-26 23:32:40.933308 Epoch [009/070], Step [0002/0002], [lateral-edge: 0.7900, lateral-2: 1.4317, lateral-3: 1.4514, lateral-4: 1.4625, lateral-5: 1.4950, epsilon: 88.9544]
[Saving Snapshot:] ./Snapshots/save_weights/Inf-Net_DP_Morph/open/batch_48/run_1/noise_multiplier_0.5/Inf-Net-10.pth
[Privacy Budget]: ε = 88.95 (δ = 1e-05)
2025-10-26 23:32:45.894112 Epoch [010/070], Step [0002/0002], [lateral-edge: 0.7887, lateral-2: 1.4009, lateral-3: 1.4201, lateral-4: 1.4366, lateral-5: 1.4877, epsilon: 95.5947]
2025-10-26 23:32:49.618356 Epoch [011/070], Step [0002/0002], [lateral-edge: 0.7883, lateral-2: 1.3699, lateral-3: 1.3975, lateral-4: 1.4121, lateral-5: 1.4744, epsilon: 102.1027]
2025-10-26 23:32:53.269827 Epoch [012/070], Step [0002/0002], [lateral-edge: 0.7867, lateral-2: 1.3902, lateral-3: 1.4117, lateral-4: 1.4239, lateral-5: 1.4866, epsilon: 108.4964]
2025-10-26 23:32:57.347257 Epoch [013/070], Step [0002/0002], [lateral-edge: 0.7872, lateral-2: 1.3585, lateral-3: 1.3850, lateral-4: 1.4028, lateral-5: 1.4670, epsilon: 114.7899]
2025-10-26 23:33:01.735060 Epoch [014/070], Step [0002/0002], [lateral-edge: 0.7855, lateral-2: 1.3614, lateral-3: 1.3943, lateral-4: 1.4137, lateral-5: 1.4762, epsilon: 120.9949]
2025-10-26 23:33:06.406087 Epoch [015/070], Step [0002/0002], [lateral-edge: 0.7843, lateral-2: 1.3751, lateral-3: 1.4072, lateral-4: 1.4189, lateral-5: 1.4772, epsilon: 127.1207]
2025-10-26 23:33:10.278260 Epoch [016/070], Step [0002/0002], [lateral-edge: 0.7834, lateral-2: 1.3426, lateral-3: 1.3802, lateral-4: 1.3992, lateral-5: 1.4698, epsilon: 133.1752]
2025-10-26 23:33:14.545849 Epoch [017/070], Step [0002/0002], [lateral-edge: 0.7837, lateral-2: 1.2973, lateral-3: 1.3444, lateral-4: 1.3670, lateral-5: 1.4544, epsilon: 139.1652]
2025-10-26 23:33:18.932173 Epoch [018/070], Step [0002/0002], [lateral-edge: 0.7817, lateral-2: 1.3079, lateral-3: 1.3483, lateral-4: 1.3686, lateral-5: 1.4528, epsilon: 145.0962]
2025-10-26 23:33:23.192240 Epoch [019/070], Step [0002/0002], [lateral-edge: 0.7813, lateral-2: 1.2739, lateral-3: 1.3183, lateral-4: 1.3469, lateral-5: 1.4423, epsilon: 150.9731]
[Saving Snapshot:] ./Snapshots/save_weights/Inf-Net_DP_Morph/open/batch_48/run_1/noise_multiplier_0.5/Inf-Net-20.pth
[Privacy Budget]: ε = 150.97 (δ = 1e-05)
2025-10-26 23:33:29.038014 Epoch [020/070], Step [0002/0002], [lateral-edge: 0.7800, lateral-2: 1.2967, lateral-3: 1.3288, lateral-4: 1.3576, lateral-5: 1.4493, epsilon: 156.8003]
2025-10-26 23:33:33.355225 Epoch [021/070], Step [0002/0002], [lateral-edge: 0.7797, lateral-2: 1.2755, lateral-3: 1.3258, lateral-4: 1.3470, lateral-5: 1.4376, epsilon: 162.5814]
2025-10-26 23:33:37.841010 Epoch [022/070], Step [0002/0002], [lateral-edge: 0.7779, lateral-2: 1.2762, lateral-3: 1.3136, lateral-4: 1.3469, lateral-5: 1.4358, epsilon: 168.3197]
2025-10-26 23:33:42.384309 Epoch [023/070], Step [0002/0002], [lateral-edge: 0.7770, lateral-2: 1.2642, lateral-3: 1.3071, lateral-4: 1.3353, lateral-5: 1.4249, epsilon: 174.0182]
2025-10-26 23:33:46.921166 Epoch [024/070], Step [0002/0002], [lateral-edge: 0.7763, lateral-2: 1.2539, lateral-3: 1.2909, lateral-4: 1.3142, lateral-5: 1.4216, epsilon: 179.6794]
2025-10-26 23:33:51.247942 Epoch [025/070], Step [0002/0002], [lateral-edge: 0.7762, lateral-2: 1.2487, lateral-3: 1.2877, lateral-4: 1.3134, lateral-5: 1.4142, epsilon: 185.3056]
2025-10-26 23:33:55.976697 Epoch [026/070], Step [0002/0002], [lateral-edge: 0.7751, lateral-2: 1.2401, lateral-3: 1.2832, lateral-4: 1.3174, lateral-5: 1.4147, epsilon: 190.8990]
2025-10-26 23:34:00.710237 Epoch [027/070], Step [0002/0002], [lateral-edge: 0.7744, lateral-2: 1.2320, lateral-3: 1.2708, lateral-4: 1.2962, lateral-5: 1.4035, epsilon: 196.4614]
2025-10-26 23:34:05.297754 Epoch [028/070], Step [0002/0002], [lateral-edge: 0.7738, lateral-2: 1.2232, lateral-3: 1.2658, lateral-4: 1.2977, lateral-5: 1.4066, epsilon: 201.9945]
2025-10-26 23:34:09.547514 Epoch [029/070], Step [0002/0002], [lateral-edge: 0.7736, lateral-2: 1.2260, lateral-3: 1.2651, lateral-4: 1.2917, lateral-5: 1.3940, epsilon: 207.5000]
[Saving Snapshot:] ./Snapshots/save_weights/Inf-Net_DP_Morph/open/batch_48/run_1/noise_multiplier_0.5/Inf-Net-30.pth
[Privacy Budget]: ε = 207.50 (δ = 1e-05)
2025-10-26 23:34:15.773469 Epoch [030/070], Step [0002/0002], [lateral-edge: 0.7731, lateral-2: 1.1974, lateral-3: 1.2437, lateral-4: 1.2816, lateral-5: 1.3966, epsilon: 212.9792]
2025-10-26 23:34:21.036140 Epoch [031/070], Step [0002/0002], [lateral-edge: 0.7721, lateral-2: 1.1926, lateral-3: 1.2363, lateral-4: 1.2729, lateral-5: 1.3896, epsilon: 218.4334]
2025-10-26 23:34:25.393841 Epoch [032/070], Step [0002/0002], [lateral-edge: 0.7720, lateral-2: 1.1874, lateral-3: 1.2310, lateral-4: 1.2678, lateral-5: 1.3866, epsilon: 223.8639]
2025-10-26 23:34:30.681243 Epoch [033/070], Step [0002/0002], [lateral-edge: 0.7720, lateral-2: 1.1833, lateral-3: 1.2306, lateral-4: 1.2665, lateral-5: 1.3799, epsilon: 229.2718]
2025-10-26 23:34:35.941407 Epoch [034/070], Step [0002/0002], [lateral-edge: 0.7708, lateral-2: 1.1800, lateral-3: 1.2339, lateral-4: 1.2638, lateral-5: 1.3724, epsilon: 234.6581]
2025-10-26 23:34:41.234709 Epoch [035/070], Step [0002/0002], [lateral-edge: 0.7711, lateral-2: 1.1651, lateral-3: 1.2216, lateral-4: 1.2527, lateral-5: 1.3652, epsilon: 240.0236]
2025-10-26 23:34:46.784258 Epoch [036/070], Step [0002/0002], [lateral-edge: 0.7700, lateral-2: 1.1669, lateral-3: 1.2173, lateral-4: 1.2575, lateral-5: 1.3710, epsilon: 245.3695]
2025-10-26 23:34:51.010097 Epoch [037/070], Step [0002/0002], [lateral-edge: 0.7693, lateral-2: 1.1508, lateral-3: 1.2062, lateral-4: 1.2548, lateral-5: 1.3692, epsilon: 250.6963]
2025-10-26 23:34:56.382816 Epoch [038/070], Step [0002/0002], [lateral-edge: 0.7692, lateral-2: 1.1649, lateral-3: 1.2103, lateral-4: 1.2477, lateral-5: 1.3587, epsilon: 256.0050]
2025-10-26 23:35:00.997552 Epoch [039/070], Step [0002/0002], [lateral-edge: 0.7685, lateral-2: 1.1435, lateral-3: 1.1972, lateral-4: 1.2390, lateral-5: 1.3475, epsilon: 261.2962]
[Saving Snapshot:] ./Snapshots/save_weights/Inf-Net_DP_Morph/open/batch_48/run_1/noise_multiplier_0.5/Inf-Net-40.pth
[Privacy Budget]: ε = 261.30 (δ = 1e-05)
2025-10-26 23:35:08.089545 Epoch [040/070], Step [0002/0002], [lateral-edge: 0.7680, lateral-2: 1.1473, lateral-3: 1.1972, lateral-4: 1.2442, lateral-5: 1.3556, epsilon: 266.5707]
2025-10-26 23:35:13.776732 Epoch [041/070], Step [0002/0002], [lateral-edge: 0.7690, lateral-2: 1.1173, lateral-3: 1.1760, lateral-4: 1.2263, lateral-5: 1.3458, epsilon: 271.8289]
2025-10-26 23:35:18.514146 Epoch [042/070], Step [0002/0002], [lateral-edge: 0.7673, lateral-2: 1.1404, lateral-3: 1.2013, lateral-4: 1.2408, lateral-5: 1.3490, epsilon: 277.0716]
2025-10-26 23:35:24.044921 Epoch [043/070], Step [0002/0002], [lateral-edge: 0.7669, lateral-2: 1.1108, lateral-3: 1.1709, lateral-4: 1.2141, lateral-5: 1.3302, epsilon: 282.2992]
2025-10-26 23:35:29.891483 Epoch [044/070], Step [0002/0002], [lateral-edge: 0.7662, lateral-2: 1.1239, lateral-3: 1.1689, lateral-4: 1.2144, lateral-5: 1.3223, epsilon: 287.5124]
2025-10-26 23:35:36.133523 Epoch [045/070], Step [0002/0002], [lateral-edge: 0.7654, lateral-2: 1.1069, lateral-3: 1.1547, lateral-4: 1.2119, lateral-5: 1.3244, epsilon: 292.7116]
2025-10-26 23:35:41.524771 Epoch [046/070], Step [0002/0002], [lateral-edge: 0.7646, lateral-2: 1.1109, lateral-3: 1.1578, lateral-4: 1.2084, lateral-5: 1.3166, epsilon: 297.8972]
2025-10-26 23:35:47.362829 Epoch [047/070], Step [0002/0002], [lateral-edge: 0.7644, lateral-2: 1.1029, lateral-3: 1.1535, lateral-4: 1.2079, lateral-5: 1.3234, epsilon: 303.0697]
2025-10-26 23:35:53.510831 Epoch [048/070], Step [0002/0002], [lateral-edge: 0.7637, lateral-2: 1.1029, lateral-3: 1.1552, lateral-4: 1.2093, lateral-5: 1.3158, epsilon: 308.2295]
2025-10-26 23:36:00.030875 Epoch [049/070], Step [0002/0002], [lateral-edge: 0.7635, lateral-2: 1.0967, lateral-3: 1.1470, lateral-4: 1.2008, lateral-5: 1.3148, epsilon: 313.3771]
[Saving Snapshot:] ./Snapshots/save_weights/Inf-Net_DP_Morph/open/batch_48/run_1/noise_multiplier_0.5/Inf-Net-50.pth
[Privacy Budget]: ε = 313.38 (δ = 1e-05)
2025-10-26 23:36:08.818059 Epoch [050/070], Step [0002/0002], [lateral-edge: 0.7628, lateral-2: 1.0901, lateral-3: 1.1423, lateral-4: 1.1978, lateral-5: 1.3141, epsilon: 318.5127]
2025-10-26 23:36:16.961540 Epoch [051/070], Step [0002/0002], [lateral-edge: 0.7621, lateral-2: 1.1030, lateral-3: 1.1481, lateral-4: 1.2056, lateral-5: 1.3118, epsilon: 323.6368]
2025-10-26 23:36:23.331041 Epoch [052/070], Step [0002/0002], [lateral-edge: 0.7625, lateral-2: 1.0911, lateral-3: 1.1452, lateral-4: 1.1934, lateral-5: 1.2973, epsilon: 328.7497]
2025-10-26 23:36:29.427512 Epoch [053/070], Step [0002/0002], [lateral-edge: 0.7627, lateral-2: 1.1103, lateral-3: 1.1573, lateral-4: 1.2005, lateral-5: 1.3044, epsilon: 333.8517]
2025-10-26 23:36:35.923193 Epoch [054/070], Step [0002/0002], [lateral-edge: 0.7631, lateral-2: 1.0809, lateral-3: 1.1401, lateral-4: 1.1940, lateral-5: 1.3063, epsilon: 338.9431]
2025-10-26 23:36:42.258044 Epoch [055/070], Step [0002/0002], [lateral-edge: 0.7626, lateral-2: 1.0683, lateral-3: 1.1317, lateral-4: 1.1876, lateral-5: 1.3056, epsilon: 344.0243]
2025-10-26 23:36:48.767218 Epoch [056/070], Step [0002/0002], [lateral-edge: 0.7628, lateral-2: 1.1101, lateral-3: 1.1557, lateral-4: 1.1948, lateral-5: 1.3075, epsilon: 349.0954]
2025-10-26 23:36:55.685505 Epoch [057/070], Step [0002/0002], [lateral-edge: 0.7625, lateral-2: 1.1047, lateral-3: 1.1470, lateral-4: 1.2016, lateral-5: 1.3136, epsilon: 354.1568]
2025-10-26 23:37:02.543445 Epoch [058/070], Step [0002/0002], [lateral-edge: 0.7633, lateral-2: 1.0653, lateral-3: 1.1141, lateral-4: 1.1750, lateral-5: 1.2994, epsilon: 359.2087]
2025-10-26 23:37:09.459586 Epoch [059/070], Step [0002/0002], [lateral-edge: 0.7623, lateral-2: 1.1023, lateral-3: 1.1478, lateral-4: 1.1971, lateral-5: 1.3049, epsilon: 364.2513]
[Saving Snapshot:] ./Snapshots/save_weights/Inf-Net_DP_Morph/open/batch_48/run_1/noise_multiplier_0.5/Inf-Net-60.pth
[Privacy Budget]: ε = 364.25 (δ = 1e-05)
2025-10-26 23:37:19.810319 Epoch [060/070], Step [0002/0002], [lateral-edge: 0.7623, lateral-2: 1.1001, lateral-3: 1.1472, lateral-4: 1.1987, lateral-5: 1.3130, epsilon: 369.2850]
2025-10-26 23:37:28.736773 Epoch [061/070], Step [0002/0002], [lateral-edge: 0.7633, lateral-2: 1.0856, lateral-3: 1.1387, lateral-4: 1.1862, lateral-5: 1.2992, epsilon: 374.3099]
2025-10-26 23:37:35.918819 Epoch [062/070], Step [0002/0002], [lateral-edge: 0.7622, lateral-2: 1.1047, lateral-3: 1.1571, lateral-4: 1.2104, lateral-5: 1.3121, epsilon: 379.3262]
2025-10-26 23:37:43.403225 Epoch [063/070], Step [0002/0002], [lateral-edge: 0.7624, lateral-2: 1.0958, lateral-3: 1.1507, lateral-4: 1.1956, lateral-5: 1.3025, epsilon: 384.3341]
2025-10-26 23:37:50.528831 Epoch [064/070], Step [0002/0002], [lateral-edge: 0.7622, lateral-2: 1.0995, lateral-3: 1.1466, lateral-4: 1.1947, lateral-5: 1.3044, epsilon: 389.3339]
2025-10-26 23:37:57.958483 Epoch [065/070], Step [0002/0002], [lateral-edge: 0.7637, lateral-2: 1.0872, lateral-3: 1.1370, lateral-4: 1.1855, lateral-5: 1.3036, epsilon: 394.3257]
2025-10-26 23:38:04.655545 Epoch [066/070], Step [0002/0002], [lateral-edge: 0.7622, lateral-2: 1.0807, lateral-3: 1.1314, lateral-4: 1.1817, lateral-5: 1.2971, epsilon: 399.3098]
2025-10-26 23:38:12.572717 Epoch [067/070], Step [0002/0002], [lateral-edge: 0.7632, lateral-2: 1.0783, lateral-3: 1.1299, lateral-4: 1.1876, lateral-5: 1.3026, epsilon: 404.2862]
2025-10-26 23:38:20.096118 Epoch [068/070], Step [0002/0002], [lateral-edge: 0.7625, lateral-2: 1.0922, lateral-3: 1.1501, lateral-4: 1.1983, lateral-5: 1.3027, epsilon: 409.2552]
2025-10-26 23:38:27.828093 Epoch [069/070], Step [0002/0002], [lateral-edge: 0.7626, lateral-2: 1.0978, lateral-3: 1.1514, lateral-4: 1.2024, lateral-5: 1.3101, epsilon: 414.2170]
[Saving Snapshot:] ./Snapshots/save_weights/Inf-Net_DP_Morph/open/batch_48/run_1/noise_multiplier_0.5/Inf-Net-70.pth
[Privacy Budget]: ε = 414.22 (δ = 1e-05)
2025-10-26 23:38:40.758257 Epoch [070/070], Step [0002/0002], [lateral-edge: 0.7623, lateral-2: 1.0902, lateral-3: 1.1256, lateral-4: 1.1770, lateral-5: 1.2889, epsilon: 419.1716]
Training completed at Sun Oct 26 23:38:42 CET 2025
