Model loading: UNet with GroupNorm
Model is compatible with differential privacy
Not loading weights from weights file
###################################################################### 
Start Training (UNet-DP)
Network: UNet
Batch Size: 48
DP Enabled (ε=8.0, δ=1e-05, clipping=nsgd)
Morphology: Disabled
Architecture: GroupNorm (with DP)
Save Path: ./Snapshots/save_weights/UNet_DP/batch_48/run_3/epsilon_8/nsgd
Run: 3
Namespace(network='UNet', epoch=100, lr=0.0001, batchsize=48, trainsize=352, clip=0.5, decay_rate=0.1, decay_epoch=50, is_thop=False, gpu_device=0, num_workers=8, net_channel=32, init_features=32, n_classes=1, in_channels=3, backbone='Res2Net50', deep_supervision=False, train_path='./Dataset/TrainingSet/LungInfection-Train/Doctor-label', is_semi=False, is_pseudo=False, train_save=None, run=3, enable_privacy=True, epsilon=8.0, max_grad_norm=1.2, delta=1e-05, clipping_strategy='nsgd', enable_morphology=False, morph_operation='both', morph_kernel_size=3, device='cuda')
 ######################################################################
2025-11-09 00:47:29.685160 Epoch [001/100], Step [0002/0002], Loss: 1.5714, ε: 0.6824
2025-11-09 00:47:31.174640 Epoch [002/100], Step [0002/0002], Loss: 1.5977, ε: 0.9567
2025-11-09 00:47:32.584977 Epoch [003/100], Step [0002/0002], Loss: 1.5864, ε: 1.1725
2025-11-09 00:47:33.880980 Epoch [004/100], Step [0002/0002], Loss: 1.5959, ε: 1.3577
2025-11-09 00:47:35.260576 Epoch [005/100], Step [0002/0002], Loss: 1.5906, ε: 1.5233
Training completed at Sun Nov  9 00:47:37 CET 2025
