Model loading: UNet with GroupNorm
Model is compatible with differential privacy
Not loading weights from weights file
###################################################################### 
Start Training (UNet-DP)
Network: UNet
Batch Size: 64
DP Enabled (ε=8.0, δ=1e-05, clipping=psac)
Morphology: both
Architecture: GroupNorm (with DP)
Save Path: ./Snapshots/save_weights/UNet_DP_Morph/both/batch_64/run_2/epsilon_8/psac
Run: 2
Namespace(network='UNet', epoch=100, lr=0.0001, batchsize=64, trainsize=352, clip=0.5, decay_rate=0.1, decay_epoch=50, is_thop=False, gpu_device=0, num_workers=8, net_channel=32, init_features=32, n_classes=1, in_channels=3, backbone='Res2Net50', deep_supervision=False, train_path='./Dataset/TrainingSet/LungInfection-Train/Doctor-label', is_semi=False, is_pseudo=False, train_save=None, run=2, enable_privacy=True, epsilon=8.0, max_grad_norm=1.2, delta=1e-05, clipping_strategy='psac', enable_morphology=True, morph_operation='both', morph_kernel_size=3, device='cuda')
 ######################################################################
2025-11-09 01:07:53.212987 Epoch [001/100], Step [0001/0001], Loss: 1.4746, ε: 0.6034
2025-11-09 01:07:54.710744 Epoch [002/100], Step [0001/0001], Loss: 1.4741, ε: 0.8768
2025-11-09 01:07:56.265331 Epoch [003/100], Step [0001/0001], Loss: 1.4737, ε: 1.0928
2025-11-09 01:07:57.822009 Epoch [004/100], Step [0001/0001], Loss: 1.4732, ε: 1.2787
2025-11-09 01:07:59.346113 Epoch [005/100], Step [0001/0001], Loss: 1.4725, ε: 1.4451
2025-11-09 01:08:00.874137 Epoch [006/100], Step [0001/0001], Loss: 1.4720, ε: 1.5975
2025-11-09 01:08:02.385261 Epoch [007/100], Step [0001/0001], Loss: 1.4714, ε: 1.7394
2025-11-09 01:08:03.914365 Epoch [008/100], Step [0001/0001], Loss: 1.4708, ε: 1.8728
2025-11-09 01:08:05.495822 Epoch [009/100], Step [0001/0001], Loss: 1.4701, ε: 1.9992
[Saving Snapshot:] ./Snapshots/save_weights/UNet_DP_Morph/both/batch_64/run_2/epsilon_8/psac/UNet-10.pth
[Privacy Budget]: ε = 2.00 (δ = 1e-05)
2025-11-09 01:08:07.174140 Epoch [010/100], Step [0001/0001], Loss: 1.4696, ε: 2.1199
2025-11-09 01:08:08.759762 Epoch [011/100], Step [0001/0001], Loss: 1.4689, ε: 2.2355
2025-11-09 01:08:10.360305 Epoch [012/100], Step [0001/0001], Loss: 1.4683, ε: 2.3469
2025-11-09 01:08:11.929503 Epoch [013/100], Step [0001/0001], Loss: 1.4676, ε: 2.4544
2025-11-09 01:08:13.501817 Epoch [014/100], Step [0001/0001], Loss: 1.4669, ε: 2.5585
2025-11-09 01:08:15.065669 Epoch [015/100], Step [0001/0001], Loss: 1.4663, ε: 2.6596
2025-11-09 01:08:16.645611 Epoch [016/100], Step [0001/0001], Loss: 1.4657, ε: 2.7580
2025-11-09 01:08:18.233835 Epoch [017/100], Step [0001/0001], Loss: 1.4651, ε: 2.8538
2025-11-09 01:08:19.838181 Epoch [018/100], Step [0001/0001], Loss: 1.4645, ε: 2.9474
2025-11-09 01:08:21.452985 Epoch [019/100], Step [0001/0001], Loss: 1.4639, ε: 3.0389
[Saving Snapshot:] ./Snapshots/save_weights/UNet_DP_Morph/both/batch_64/run_2/epsilon_8/psac/UNet-20.pth
[Privacy Budget]: ε = 3.04 (δ = 1e-05)
2025-11-09 01:08:23.142603 Epoch [020/100], Step [0001/0001], Loss: 1.4632, ε: 3.1285
2025-11-09 01:08:24.728086 Epoch [021/100], Step [0001/0001], Loss: 1.4626, ε: 3.2162
2025-11-09 01:08:26.439025 Epoch [022/100], Step [0001/0001], Loss: 1.4619, ε: 3.3023
2025-11-09 01:08:28.011124 Epoch [023/100], Step [0001/0001], Loss: 1.4613, ε: 3.3869
2025-11-09 01:08:29.622660 Epoch [024/100], Step [0001/0001], Loss: 1.4607, ε: 3.4699
2025-11-09 01:08:31.188058 Epoch [025/100], Step [0001/0001], Loss: 1.4601, ε: 3.5516
2025-11-09 01:08:32.792150 Epoch [026/100], Step [0001/0001], Loss: 1.4594, ε: 3.6320
2025-11-09 01:08:34.373753 Epoch [027/100], Step [0001/0001], Loss: 1.4588, ε: 3.7112
2025-11-09 01:08:35.960784 Epoch [028/100], Step [0001/0001], Loss: 1.4582, ε: 3.7893
2025-11-09 01:08:37.555428 Epoch [029/100], Step [0001/0001], Loss: 1.4576, ε: 3.8662
[Saving Snapshot:] ./Snapshots/save_weights/UNet_DP_Morph/both/batch_64/run_2/epsilon_8/psac/UNet-30.pth
[Privacy Budget]: ε = 3.87 (δ = 1e-05)
2025-11-09 01:08:39.285794 Epoch [030/100], Step [0001/0001], Loss: 1.4570, ε: 3.9421
2025-11-09 01:08:40.851987 Epoch [031/100], Step [0001/0001], Loss: 1.4564, ε: 4.0171
2025-11-09 01:08:42.449279 Epoch [032/100], Step [0001/0001], Loss: 1.4559, ε: 4.0910
2025-11-09 01:08:44.029402 Epoch [033/100], Step [0001/0001], Loss: 1.4553, ε: 4.1641
2025-11-09 01:08:45.628243 Epoch [034/100], Step [0001/0001], Loss: 1.4548, ε: 4.2363
2025-11-09 01:08:47.222432 Epoch [035/100], Step [0001/0001], Loss: 1.4543, ε: 4.3077
2025-11-09 01:08:48.809500 Epoch [036/100], Step [0001/0001], Loss: 1.4538, ε: 4.3784
2025-11-09 01:08:50.378652 Epoch [037/100], Step [0001/0001], Loss: 1.4533, ε: 4.4482
2025-11-09 01:08:51.971930 Epoch [038/100], Step [0001/0001], Loss: 1.4529, ε: 4.5174
2025-11-09 01:08:53.517702 Epoch [039/100], Step [0001/0001], Loss: 1.4524, ε: 4.5858
[Saving Snapshot:] ./Snapshots/save_weights/UNet_DP_Morph/both/batch_64/run_2/epsilon_8/psac/UNet-40.pth
[Privacy Budget]: ε = 4.59 (δ = 1e-05)
2025-11-09 01:08:55.318571 Epoch [040/100], Step [0001/0001], Loss: 1.4520, ε: 4.6536
2025-11-09 01:08:56.900097 Epoch [041/100], Step [0001/0001], Loss: 1.4515, ε: 4.7207
2025-11-09 01:08:58.484048 Epoch [042/100], Step [0001/0001], Loss: 1.4511, ε: 4.7872
2025-11-09 01:09:00.063040 Epoch [043/100], Step [0001/0001], Loss: 1.4507, ε: 4.8531
2025-11-09 01:09:01.631626 Epoch [044/100], Step [0001/0001], Loss: 1.4503, ε: 4.9184
2025-11-09 01:09:03.224594 Epoch [045/100], Step [0001/0001], Loss: 1.4498, ε: 4.9832
2025-11-09 01:09:04.792552 Epoch [046/100], Step [0001/0001], Loss: 1.4494, ε: 5.0474
2025-11-09 01:09:06.395120 Epoch [047/100], Step [0001/0001], Loss: 1.4490, ε: 5.1111
2025-11-09 01:09:08.006673 Epoch [048/100], Step [0001/0001], Loss: 1.4486, ε: 5.1743
2025-11-09 01:09:09.607467 Epoch [049/100], Step [0001/0001], Loss: 1.4482, ε: 5.2369
[Saving Snapshot:] ./Snapshots/save_weights/UNet_DP_Morph/both/batch_64/run_2/epsilon_8/psac/UNet-50.pth
[Privacy Budget]: ε = 5.24 (δ = 1e-05)
2025-11-09 01:09:11.345115 Epoch [050/100], Step [0001/0001], Loss: 1.4478, ε: 5.2992
2025-11-09 01:09:12.958462 Epoch [051/100], Step [0001/0001], Loss: 1.4478, ε: 5.3609
2025-11-09 01:09:14.547031 Epoch [052/100], Step [0001/0001], Loss: 1.4478, ε: 5.4222
2025-11-09 01:09:16.116151 Epoch [053/100], Step [0001/0001], Loss: 1.4478, ε: 5.4830
2025-11-09 01:09:17.681841 Epoch [054/100], Step [0001/0001], Loss: 1.4478, ε: 5.5435
2025-11-09 01:09:19.250612 Epoch [055/100], Step [0001/0001], Loss: 1.4478, ε: 5.6035
2025-11-09 01:09:20.831200 Epoch [056/100], Step [0001/0001], Loss: 1.4478, ε: 5.6631
2025-11-09 01:09:22.425684 Epoch [057/100], Step [0001/0001], Loss: 1.4478, ε: 5.7223
2025-11-09 01:09:24.013435 Epoch [058/100], Step [0001/0001], Loss: 1.4478, ε: 5.7811
2025-11-09 01:09:25.628239 Epoch [059/100], Step [0001/0001], Loss: 1.4478, ε: 5.8396
[Saving Snapshot:] ./Snapshots/save_weights/UNet_DP_Morph/both/batch_64/run_2/epsilon_8/psac/UNet-60.pth
[Privacy Budget]: ε = 5.84 (δ = 1e-05)
2025-11-09 01:09:27.408900 Epoch [060/100], Step [0001/0001], Loss: 1.4478, ε: 5.8977
2025-11-09 01:09:28.989257 Epoch [061/100], Step [0001/0001], Loss: 1.4478, ε: 5.9554
2025-11-09 01:09:30.554132 Epoch [062/100], Step [0001/0001], Loss: 1.4478, ε: 6.0128
2025-11-09 01:09:32.138253 Epoch [063/100], Step [0001/0001], Loss: 1.4478, ε: 6.0699
2025-11-09 01:09:33.716992 Epoch [064/100], Step [0001/0001], Loss: 1.4478, ε: 6.1266
2025-11-09 01:09:35.315164 Epoch [065/100], Step [0001/0001], Loss: 1.4478, ε: 6.1830
2025-11-09 01:09:36.926835 Epoch [066/100], Step [0001/0001], Loss: 1.4478, ε: 6.2391
2025-11-09 01:09:38.513929 Epoch [067/100], Step [0001/0001], Loss: 1.4478, ε: 6.2948
2025-11-09 01:09:40.157191 Epoch [068/100], Step [0001/0001], Loss: 1.4478, ε: 6.3503
2025-11-09 01:09:41.743035 Epoch [069/100], Step [0001/0001], Loss: 1.4478, ε: 6.4055
[Saving Snapshot:] ./Snapshots/save_weights/UNet_DP_Morph/both/batch_64/run_2/epsilon_8/psac/UNet-70.pth
[Privacy Budget]: ε = 6.41 (δ = 1e-05)
2025-11-09 01:09:43.509097 Epoch [070/100], Step [0001/0001], Loss: 1.4478, ε: 6.4604
2025-11-09 01:09:45.098522 Epoch [071/100], Step [0001/0001], Loss: 1.4478, ε: 6.5150
2025-11-09 01:09:46.717384 Epoch [072/100], Step [0001/0001], Loss: 1.4478, ε: 6.5693
2025-11-09 01:09:48.282965 Epoch [073/100], Step [0001/0001], Loss: 1.4478, ε: 6.6234
2025-11-09 01:09:49.892149 Epoch [074/100], Step [0001/0001], Loss: 1.4478, ε: 6.6772
2025-11-09 01:09:51.483288 Epoch [075/100], Step [0001/0001], Loss: 1.4478, ε: 6.7307
2025-11-09 01:09:53.058856 Epoch [076/100], Step [0001/0001], Loss: 1.4478, ε: 6.7840
2025-11-09 01:09:54.666221 Epoch [077/100], Step [0001/0001], Loss: 1.4478, ε: 6.8370
2025-11-09 01:09:56.284637 Epoch [078/100], Step [0001/0001], Loss: 1.4478, ε: 6.8898
2025-11-09 01:09:57.872468 Epoch [079/100], Step [0001/0001], Loss: 1.4478, ε: 6.9423
[Saving Snapshot:] ./Snapshots/save_weights/UNet_DP_Morph/both/batch_64/run_2/epsilon_8/psac/UNet-80.pth
[Privacy Budget]: ε = 6.94 (δ = 1e-05)
2025-11-09 01:09:59.607189 Epoch [080/100], Step [0001/0001], Loss: 1.4478, ε: 6.9946
2025-11-09 01:10:01.196329 Epoch [081/100], Step [0001/0001], Loss: 1.4478, ε: 7.0467
2025-11-09 01:10:02.776487 Epoch [082/100], Step [0001/0001], Loss: 1.4478, ε: 7.0985
2025-11-09 01:10:04.392784 Epoch [083/100], Step [0001/0001], Loss: 1.4478, ε: 7.1501
2025-11-09 01:10:05.958476 Epoch [084/100], Step [0001/0001], Loss: 1.4478, ε: 7.2015
2025-11-09 01:10:07.573013 Epoch [085/100], Step [0001/0001], Loss: 1.4478, ε: 7.2527
2025-11-09 01:10:09.192033 Epoch [086/100], Step [0001/0001], Loss: 1.4478, ε: 7.3037
2025-11-09 01:10:10.782966 Epoch [087/100], Step [0001/0001], Loss: 1.4478, ε: 7.3544
2025-11-09 01:10:12.421913 Epoch [088/100], Step [0001/0001], Loss: 1.4478, ε: 7.4050
2025-11-09 01:10:14.035740 Epoch [089/100], Step [0001/0001], Loss: 1.4478, ε: 7.4554
[Saving Snapshot:] ./Snapshots/save_weights/UNet_DP_Morph/both/batch_64/run_2/epsilon_8/psac/UNet-90.pth
[Privacy Budget]: ε = 7.46 (δ = 1e-05)
2025-11-09 01:10:15.824885 Epoch [090/100], Step [0001/0001], Loss: 1.4478, ε: 7.5055
2025-11-09 01:10:17.429963 Epoch [091/100], Step [0001/0001], Loss: 1.4478, ε: 7.5555
2025-11-09 01:10:19.014425 Epoch [092/100], Step [0001/0001], Loss: 1.4478, ε: 7.6052
2025-11-09 01:10:20.620869 Epoch [093/100], Step [0001/0001], Loss: 1.4478, ε: 7.6548
2025-11-09 01:10:22.224241 Epoch [094/100], Step [0001/0001], Loss: 1.4478, ε: 7.7042
2025-11-09 01:10:23.818106 Epoch [095/100], Step [0001/0001], Loss: 1.4478, ε: 7.7534
2025-11-09 01:10:25.413199 Epoch [096/100], Step [0001/0001], Loss: 1.4478, ε: 7.8024
2025-11-09 01:10:26.998213 Epoch [097/100], Step [0001/0001], Loss: 1.4478, ε: 7.8513
2025-11-09 01:10:28.582352 Epoch [098/100], Step [0001/0001], Loss: 1.4478, ε: 7.9000
2025-11-09 01:10:30.180794 Epoch [099/100], Step [0001/0001], Loss: 1.4478, ε: 7.9485
[Saving Snapshot:] ./Snapshots/save_weights/UNet_DP_Morph/both/batch_64/run_2/epsilon_8/psac/UNet-100.pth
[Privacy Budget]: ε = 7.95 (δ = 1e-05)
2025-11-09 01:10:31.917434 Epoch [100/100], Step [0001/0001], Loss: 1.4478, ε: 7.9968
Training completed at Sun Nov  9 01:10:33 CET 2025
