Backbone loading: Res2Net50
Freezing unused branches for DP compatibility...
Trainable: 31,072,721 / 33,121,721 parameters
Not loading weights from weights file
Validator raised issues with model. Attempting auto-fix...
Original error: UnsupportedModuleError
Model successfully fixed for differential privacy
###################################################################### 
Start Training (Inf-Net-Res2Net50)
Backbone: Res2Net50
Batch Size: 24
Privacy: DP Enabled (ε budget, δ=1e-05)
Morphology: Disabled
Save Path: ./Snapshots/save_weights/Inf-Net_DP/batch_24/run_3/noise_multiplier_0.5
Run: 3
Namespace(epoch=70, lr=0.0001, batchsize=24, trainsize=352, clip=0.5, decay_rate=0.1, decay_epoch=50, is_thop=False, gpu_device=0, num_workers=4, net_channel=32, n_classes=1, backbone='Res2Net50', train_path='./Dataset/TrainingSet/LungInfection-Train/Doctor-label', is_semi=False, is_pseudo=False, train_save=None, run=3, enable_privacy=True, noise_multiplier=0.5, max_grad_norm=1.2, delta=1e-05, enable_morphology=False, morph_operation='close', morph_kernel_size=3, device='cuda')
 ######################################################################
2025-10-26 22:00:18.648955 Epoch [001/070], Step [0003/0003], [lateral-edge: 0.7753, lateral-2: 1.5687, lateral-3: 1.5864, lateral-4: 1.5312, lateral-5: 1.4960, epsilon: 23.3810]
2025-10-26 22:00:24.513392 Epoch [002/070], Step [0003/0003], [lateral-edge: 0.7766, lateral-2: 1.5779, lateral-3: 1.5904, lateral-4: 1.5358, lateral-5: 1.5174, epsilon: 33.1636]
2025-10-26 22:00:29.824509 Epoch [003/070], Step [0003/0003], [lateral-edge: 0.7758, lateral-2: 1.5493, lateral-3: 1.5535, lateral-4: 1.5173, lateral-5: 1.5183, epsilon: 41.3352]
2025-10-26 22:00:35.337984 Epoch [004/070], Step [0003/0003], [lateral-edge: 0.7779, lateral-2: 1.5657, lateral-3: 1.5616, lateral-4: 1.5387, lateral-5: 1.5321, epsilon: 48.7019]
2025-10-26 22:00:39.842630 Epoch [005/070], Step [0003/0003], [lateral-edge: 0.7754, lateral-2: 1.4970, lateral-3: 1.4994, lateral-4: 1.4827, lateral-5: 1.5074, epsilon: 55.5628]
2025-10-26 22:00:44.310999 Epoch [006/070], Step [0003/0003], [lateral-edge: 0.7752, lateral-2: 1.4874, lateral-3: 1.5000, lateral-4: 1.4691, lateral-5: 1.4893, epsilon: 62.0679]
2025-10-26 22:00:48.852601 Epoch [007/070], Step [0003/0003], [lateral-edge: 0.7736, lateral-2: 1.4649, lateral-3: 1.4715, lateral-4: 1.4594, lateral-5: 1.4886, epsilon: 68.3052]
2025-10-26 22:00:53.572336 Epoch [008/070], Step [0003/0003], [lateral-edge: 0.7758, lateral-2: 1.4822, lateral-3: 1.4891, lateral-4: 1.4701, lateral-5: 1.4995, epsilon: 74.3315]
2025-10-26 22:00:58.536478 Epoch [009/070], Step [0003/0003], [lateral-edge: 0.7742, lateral-2: 1.4565, lateral-3: 1.4686, lateral-4: 1.4521, lateral-5: 1.4857, epsilon: 80.1860]
[Saving Snapshot:] ./Snapshots/save_weights/Inf-Net_DP/batch_24/run_3/noise_multiplier_0.5/Inf-Net-10.pth
[Privacy Budget]: ε = 80.19 (δ = 1e-05)
2025-10-26 22:01:04.689620 Epoch [010/070], Step [0003/0003], [lateral-edge: 0.7734, lateral-2: 1.4345, lateral-3: 1.4445, lateral-4: 1.4353, lateral-5: 1.4796, epsilon: 85.8970]
2025-10-26 22:01:09.962753 Epoch [011/070], Step [0003/0003], [lateral-edge: 0.7750, lateral-2: 1.4540, lateral-3: 1.4603, lateral-4: 1.4607, lateral-5: 1.4897, epsilon: 91.4860]
2025-10-26 22:01:15.189118 Epoch [012/070], Step [0003/0003], [lateral-edge: 0.7732, lateral-2: 1.4275, lateral-3: 1.4431, lateral-4: 1.4376, lateral-5: 1.4782, epsilon: 96.9693]
2025-10-26 22:01:19.691788 Epoch [013/070], Step [0003/0003], [lateral-edge: 0.7734, lateral-2: 1.4151, lateral-3: 1.4224, lateral-4: 1.4320, lateral-5: 1.4705, epsilon: 102.3603]
2025-10-26 22:01:24.513264 Epoch [014/070], Step [0003/0003], [lateral-edge: 0.7698, lateral-2: 1.3685, lateral-3: 1.3886, lateral-4: 1.3951, lateral-5: 1.4527, epsilon: 107.6693]
2025-10-26 22:01:29.550726 Epoch [015/070], Step [0003/0003], [lateral-edge: 0.7719, lateral-2: 1.3689, lateral-3: 1.3993, lateral-4: 1.3967, lateral-5: 1.4571, epsilon: 112.9052]
2025-10-26 22:01:34.017170 Epoch [016/070], Step [0003/0003], [lateral-edge: 0.7708, lateral-2: 1.3529, lateral-3: 1.3743, lateral-4: 1.3797, lateral-5: 1.4518, epsilon: 118.0753]
2025-10-26 22:01:39.114296 Epoch [017/070], Step [0003/0003], [lateral-edge: 0.7701, lateral-2: 1.3672, lateral-3: 1.3954, lateral-4: 1.3990, lateral-5: 1.4545, epsilon: 123.1855]
2025-10-26 22:01:44.251131 Epoch [018/070], Step [0003/0003], [lateral-edge: 0.7699, lateral-2: 1.3708, lateral-3: 1.3908, lateral-4: 1.3990, lateral-5: 1.4556, epsilon: 128.2414]
2025-10-26 22:01:49.288917 Epoch [019/070], Step [0003/0003], [lateral-edge: 0.7685, lateral-2: 1.3396, lateral-3: 1.3665, lateral-4: 1.3751, lateral-5: 1.4387, epsilon: 133.2472]
[Saving Snapshot:] ./Snapshots/save_weights/Inf-Net_DP/batch_24/run_3/noise_multiplier_0.5/Inf-Net-20.pth
[Privacy Budget]: ε = 133.25 (δ = 1e-05)
2025-10-26 22:01:55.752136 Epoch [020/070], Step [0003/0003], [lateral-edge: 0.7677, lateral-2: 1.3415, lateral-3: 1.3672, lateral-4: 1.3759, lateral-5: 1.4362, epsilon: 138.2070]
2025-10-26 22:02:00.936861 Epoch [021/070], Step [0003/0003], [lateral-edge: 0.7668, lateral-2: 1.3200, lateral-3: 1.3447, lateral-4: 1.3630, lateral-5: 1.4292, epsilon: 143.1242]
2025-10-26 22:02:05.725899 Epoch [022/070], Step [0003/0003], [lateral-edge: 0.7690, lateral-2: 1.3418, lateral-3: 1.3553, lateral-4: 1.3655, lateral-5: 1.4286, epsilon: 148.0018]
2025-10-26 22:02:11.240587 Epoch [023/070], Step [0003/0003], [lateral-edge: 0.7672, lateral-2: 1.3091, lateral-3: 1.3311, lateral-4: 1.3485, lateral-5: 1.4241, epsilon: 152.8425]
2025-10-26 22:02:16.542055 Epoch [024/070], Step [0003/0003], [lateral-edge: 0.7646, lateral-2: 1.2797, lateral-3: 1.3066, lateral-4: 1.3331, lateral-5: 1.4120, epsilon: 157.6487]
2025-10-26 22:02:22.045007 Epoch [025/070], Step [0003/0003], [lateral-edge: 0.7660, lateral-2: 1.2996, lateral-3: 1.3291, lateral-4: 1.3426, lateral-5: 1.4153, epsilon: 162.4226]
2025-10-26 22:02:28.248972 Epoch [026/070], Step [0003/0003], [lateral-edge: 0.7659, lateral-2: 1.2681, lateral-3: 1.2983, lateral-4: 1.3188, lateral-5: 1.4008, epsilon: 167.1661]
2025-10-26 22:02:33.901628 Epoch [027/070], Step [0003/0003], [lateral-edge: 0.7643, lateral-2: 1.2543, lateral-3: 1.2907, lateral-4: 1.3126, lateral-5: 1.3960, epsilon: 171.8809]
2025-10-26 22:02:39.472210 Epoch [028/070], Step [0003/0003], [lateral-edge: 0.7626, lateral-2: 1.2425, lateral-3: 1.2759, lateral-4: 1.2976, lateral-5: 1.3900, epsilon: 176.5687]
2025-10-26 22:02:45.259944 Epoch [029/070], Step [0003/0003], [lateral-edge: 0.7627, lateral-2: 1.2215, lateral-3: 1.2568, lateral-4: 1.2798, lateral-5: 1.3810, epsilon: 181.2308]
[Saving Snapshot:] ./Snapshots/save_weights/Inf-Net_DP/batch_24/run_3/noise_multiplier_0.5/Inf-Net-30.pth
[Privacy Budget]: ε = 181.23 (δ = 1e-05)
2025-10-26 22:02:52.792559 Epoch [030/070], Step [0003/0003], [lateral-edge: 0.7624, lateral-2: 1.2555, lateral-3: 1.2831, lateral-4: 1.3044, lateral-5: 1.3873, epsilon: 185.8686]
2025-10-26 22:02:58.650224 Epoch [031/070], Step [0003/0003], [lateral-edge: 0.7646, lateral-2: 1.2555, lateral-3: 1.2749, lateral-4: 1.3026, lateral-5: 1.3821, epsilon: 190.4833]
2025-10-26 22:03:05.116582 Epoch [032/070], Step [0003/0003], [lateral-edge: 0.7622, lateral-2: 1.2141, lateral-3: 1.2444, lateral-4: 1.2733, lateral-5: 1.3703, epsilon: 195.0760]
2025-10-26 22:03:11.734323 Epoch [033/070], Step [0003/0003], [lateral-edge: 0.7612, lateral-2: 1.2155, lateral-3: 1.2521, lateral-4: 1.2807, lateral-5: 1.3681, epsilon: 199.6478]
2025-10-26 22:03:17.656456 Epoch [034/070], Step [0003/0003], [lateral-edge: 0.7628, lateral-2: 1.2389, lateral-3: 1.2688, lateral-4: 1.2906, lateral-5: 1.3666, epsilon: 204.1996]
2025-10-26 22:03:23.960987 Epoch [035/070], Step [0003/0003], [lateral-edge: 0.7596, lateral-2: 1.2240, lateral-3: 1.2611, lateral-4: 1.2803, lateral-5: 1.3690, epsilon: 208.7322]
2025-10-26 22:03:30.101496 Epoch [036/070], Step [0003/0003], [lateral-edge: 0.7602, lateral-2: 1.2063, lateral-3: 1.2414, lateral-4: 1.2738, lateral-5: 1.3641, epsilon: 213.2465]
2025-10-26 22:03:36.438846 Epoch [037/070], Step [0003/0003], [lateral-edge: 0.7590, lateral-2: 1.1875, lateral-3: 1.2285, lateral-4: 1.2604, lateral-5: 1.3575, epsilon: 217.7433]
2025-10-26 22:03:42.831742 Epoch [038/070], Step [0003/0003], [lateral-edge: 0.7598, lateral-2: 1.2015, lateral-3: 1.2297, lateral-4: 1.2569, lateral-5: 1.3544, epsilon: 222.2233]
2025-10-26 22:03:49.411094 Epoch [039/070], Step [0003/0003], [lateral-edge: 0.7603, lateral-2: 1.2007, lateral-3: 1.2253, lateral-4: 1.2629, lateral-5: 1.3506, epsilon: 226.6870]
[Saving Snapshot:] ./Snapshots/save_weights/Inf-Net_DP/batch_24/run_3/noise_multiplier_0.5/Inf-Net-40.pth
[Privacy Budget]: ε = 226.69 (δ = 1e-05)
2025-10-26 22:03:58.304133 Epoch [040/070], Step [0003/0003], [lateral-edge: 0.7588, lateral-2: 1.1720, lateral-3: 1.2136, lateral-4: 1.2417, lateral-5: 1.3408, epsilon: 231.1353]
2025-10-26 22:04:05.192593 Epoch [041/070], Step [0003/0003], [lateral-edge: 0.7583, lateral-2: 1.1815, lateral-3: 1.2184, lateral-4: 1.2504, lateral-5: 1.3466, epsilon: 235.5685]
2025-10-26 22:04:11.860866 Epoch [042/070], Step [0003/0003], [lateral-edge: 0.7565, lateral-2: 1.1549, lateral-3: 1.2016, lateral-4: 1.2394, lateral-5: 1.3351, epsilon: 239.9873]
2025-10-26 22:04:18.438212 Epoch [043/070], Step [0003/0003], [lateral-edge: 0.7575, lateral-2: 1.1637, lateral-3: 1.2113, lateral-4: 1.2340, lateral-5: 1.3299, epsilon: 244.3923]
2025-10-26 22:04:25.210159 Epoch [044/070], Step [0003/0003], [lateral-edge: 0.7574, lateral-2: 1.1882, lateral-3: 1.2236, lateral-4: 1.2522, lateral-5: 1.3304, epsilon: 248.7837]
2025-10-26 22:04:32.341966 Epoch [045/070], Step [0003/0003], [lateral-edge: 0.7571, lateral-2: 1.1516, lateral-3: 1.1891, lateral-4: 1.2330, lateral-5: 1.3191, epsilon: 253.1623]
2025-10-26 22:04:39.167683 Epoch [046/070], Step [0003/0003], [lateral-edge: 0.7570, lateral-2: 1.1610, lateral-3: 1.1971, lateral-4: 1.2260, lateral-5: 1.3215, epsilon: 257.5282]
2025-10-26 22:04:45.528042 Epoch [047/070], Step [0003/0003], [lateral-edge: 0.7564, lateral-2: 1.1639, lateral-3: 1.1969, lateral-4: 1.2315, lateral-5: 1.3163, epsilon: 261.8821]
2025-10-26 22:04:52.667345 Epoch [048/070], Step [0003/0003], [lateral-edge: 0.7560, lateral-2: 1.1498, lateral-3: 1.1890, lateral-4: 1.2225, lateral-5: 1.3198, epsilon: 266.2242]
2025-10-26 22:04:59.613908 Epoch [049/070], Step [0003/0003], [lateral-edge: 0.7556, lateral-2: 1.1255, lateral-3: 1.1747, lateral-4: 1.2153, lateral-5: 1.3118, epsilon: 270.5549]
[Saving Snapshot:] ./Snapshots/save_weights/Inf-Net_DP/batch_24/run_3/noise_multiplier_0.5/Inf-Net-50.pth
[Privacy Budget]: ε = 270.55 (δ = 1e-05)
2025-10-26 22:05:09.729089 Epoch [050/070], Step [0003/0003], [lateral-edge: 0.7566, lateral-2: 1.1450, lateral-3: 1.1798, lateral-4: 1.2125, lateral-5: 1.3078, epsilon: 274.8746]
2025-10-26 22:05:17.457383 Epoch [051/070], Step [0003/0003], [lateral-edge: 0.7553, lateral-2: 1.1431, lateral-3: 1.1818, lateral-4: 1.2225, lateral-5: 1.3255, epsilon: 279.1836]
2025-10-26 22:05:25.040661 Epoch [052/070], Step [0003/0003], [lateral-edge: 0.7550, lateral-2: 1.1462, lateral-3: 1.1849, lateral-4: 1.2185, lateral-5: 1.3174, epsilon: 283.4823]
2025-10-26 22:05:33.761889 Epoch [053/070], Step [0003/0003], [lateral-edge: 0.7558, lateral-2: 1.1379, lateral-3: 1.1726, lateral-4: 1.2162, lateral-5: 1.3149, epsilon: 287.7708]
2025-10-26 22:05:41.164166 Epoch [054/070], Step [0003/0003], [lateral-edge: 0.7559, lateral-2: 1.1348, lateral-3: 1.1828, lateral-4: 1.2167, lateral-5: 1.3103, epsilon: 292.0495]
2025-10-26 22:05:48.796028 Epoch [055/070], Step [0003/0003], [lateral-edge: 0.7547, lateral-2: 1.1223, lateral-3: 1.1769, lateral-4: 1.2137, lateral-5: 1.3124, epsilon: 296.3187]
2025-10-26 22:05:56.168293 Epoch [056/070], Step [0003/0003], [lateral-edge: 0.7542, lateral-2: 1.1463, lateral-3: 1.1985, lateral-4: 1.2271, lateral-5: 1.3216, epsilon: 300.5786]
2025-10-26 22:06:04.754338 Epoch [057/070], Step [0003/0003], [lateral-edge: 0.7569, lateral-2: 1.1502, lateral-3: 1.1866, lateral-4: 1.2272, lateral-5: 1.3213, epsilon: 304.8296]
2025-10-26 22:06:12.828214 Epoch [058/070], Step [0003/0003], [lateral-edge: 0.7560, lateral-2: 1.1239, lateral-3: 1.1751, lateral-4: 1.2120, lateral-5: 1.3128, epsilon: 309.0717]
2025-10-26 22:06:20.481099 Epoch [059/070], Step [0003/0003], [lateral-edge: 0.7569, lateral-2: 1.1339, lateral-3: 1.1716, lateral-4: 1.2104, lateral-5: 1.3002, epsilon: 313.3052]
[Saving Snapshot:] ./Snapshots/save_weights/Inf-Net_DP/batch_24/run_3/noise_multiplier_0.5/Inf-Net-60.pth
[Privacy Budget]: ε = 313.31 (δ = 1e-05)
2025-10-26 22:06:31.765853 Epoch [060/070], Step [0003/0003], [lateral-edge: 0.7576, lateral-2: 1.1246, lateral-3: 1.1621, lateral-4: 1.1942, lateral-5: 1.2956, epsilon: 317.5305]
2025-10-26 22:06:39.793666 Epoch [061/070], Step [0003/0003], [lateral-edge: 0.7555, lateral-2: 1.1418, lateral-3: 1.1840, lateral-4: 1.2255, lateral-5: 1.3152, epsilon: 321.7476]
2025-10-26 22:06:47.672301 Epoch [062/070], Step [0003/0003], [lateral-edge: 0.7537, lateral-2: 1.1386, lateral-3: 1.1925, lateral-4: 1.2341, lateral-5: 1.3271, epsilon: 325.9567]
2025-10-26 22:06:55.785813 Epoch [063/070], Step [0003/0003], [lateral-edge: 0.7557, lateral-2: 1.1281, lateral-3: 1.1675, lateral-4: 1.2080, lateral-5: 1.3118, epsilon: 330.1581]
2025-10-26 22:07:05.083692 Epoch [064/070], Step [0003/0003], [lateral-edge: 0.7560, lateral-2: 1.1222, lateral-3: 1.1766, lateral-4: 1.2128, lateral-5: 1.3165, epsilon: 334.3520]
2025-10-26 22:07:13.330114 Epoch [065/070], Step [0003/0003], [lateral-edge: 0.7556, lateral-2: 1.1534, lateral-3: 1.1974, lateral-4: 1.2252, lateral-5: 1.3203, epsilon: 338.5385]
2025-10-26 22:07:22.465562 Epoch [066/070], Step [0003/0003], [lateral-edge: 0.7557, lateral-2: 1.1464, lateral-3: 1.1848, lateral-4: 1.2209, lateral-5: 1.3138, epsilon: 342.7177]
2025-10-26 22:07:31.245111 Epoch [067/070], Step [0003/0003], [lateral-edge: 0.7569, lateral-2: 1.1367, lateral-3: 1.1763, lateral-4: 1.2089, lateral-5: 1.3007, epsilon: 346.8900]
2025-10-26 22:07:39.781924 Epoch [068/070], Step [0003/0003], [lateral-edge: 0.7567, lateral-2: 1.1409, lateral-3: 1.1888, lateral-4: 1.2191, lateral-5: 1.3105, epsilon: 351.0553]
2025-10-26 22:07:47.954165 Epoch [069/070], Step [0003/0003], [lateral-edge: 0.7566, lateral-2: 1.1471, lateral-3: 1.1878, lateral-4: 1.2204, lateral-5: 1.3099, epsilon: 355.2139]
[Saving Snapshot:] ./Snapshots/save_weights/Inf-Net_DP/batch_24/run_3/noise_multiplier_0.5/Inf-Net-70.pth
[Privacy Budget]: ε = 355.21 (δ = 1e-05)
2025-10-26 22:08:01.214390 Epoch [070/070], Step [0003/0003], [lateral-edge: 0.7570, lateral-2: 1.1314, lateral-3: 1.1714, lateral-4: 1.2063, lateral-5: 1.3047, epsilon: 359.3659]
Training completed at Sun Oct 26 22:08:02 CET 2025
