Backbone loading: Res2Net50
Trainable: 31,072,721 / 33,121,721 parameters
Validator raised issues with model. Attempting auto-fix...
Original error: UnsupportedModuleError
Model successfully fixed for differential privacy
Not loading weights from weights file
###################################################################### 
Start Training (Inf_Net-DP)
Network: Inf_Net
Batch Size: 24
DP Enabled (ε=8.0, δ=1e-05, clipping=psac)
Morphology: Disabled
Architecture: GroupNorm (with DP)
Save Path: ./Snapshots/save_weights/Inf-Net_DP/batch_24/run_2/epsilon_8/psac
Run: 2
Namespace(network='Inf_Net', epoch=100, lr=0.0001, batchsize=24, trainsize=352, clip=0.5, decay_rate=0.1, decay_epoch=50, is_thop=False, gpu_device=0, num_workers=8, net_channel=32, init_features=32, n_classes=1, in_channels=3, backbone='Res2Net50', deep_supervision=False, train_path='./Dataset/TrainingSet/LungInfection-Train/Doctor-label', is_semi=False, is_pseudo=False, train_save=None, run=2, enable_privacy=True, epsilon=8.0, max_grad_norm=1.2, delta=1e-05, clipping_strategy='psac', enable_morphology=False, morph_operation='both', morph_kernel_size=3, device='cuda')
 ######################################################################
2025-11-09 00:35:35.294683 Epoch [001/100], Step [0003/0003], [lateral-edge: 0.7854, lateral-2: 1.7478, lateral-3: 1.6774, lateral-4: 1.5807, lateral-5: 1.5554, epsilon: 1.2032]
2025-11-09 00:35:40.923637 Epoch [002/100], Step [0003/0003], [lateral-edge: 0.7857, lateral-2: 1.7438, lateral-3: 1.6670, lateral-4: 1.5674, lateral-5: 1.5586, epsilon: 1.7041]
2025-11-09 00:35:46.267833 Epoch [003/100], Step [0003/0003], [lateral-edge: 0.7850, lateral-2: 1.7053, lateral-3: 1.6418, lateral-4: 1.5576, lateral-5: 1.5461, epsilon: 2.1017]
2025-11-09 00:35:51.003799 Epoch [004/100], Step [0003/0003], [lateral-edge: 0.7864, lateral-2: 1.6855, lateral-3: 1.6190, lateral-4: 1.5370, lateral-5: 1.5432, epsilon: 2.4452]
2025-11-09 00:35:55.778987 Epoch [005/100], Step [0003/0003], [lateral-edge: 0.7852, lateral-2: 1.6835, lateral-3: 1.6162, lateral-4: 1.5285, lateral-5: 1.5364, epsilon: 2.7540]
2025-11-09 00:36:01.007998 Epoch [006/100], Step [0003/0003], [lateral-edge: 0.7863, lateral-2: 1.6593, lateral-3: 1.6048, lateral-4: 1.5233, lateral-5: 1.5296, epsilon: 3.0379]
2025-11-09 00:36:06.336008 Epoch [007/100], Step [0003/0003], [lateral-edge: 0.7879, lateral-2: 1.6527, lateral-3: 1.5995, lateral-4: 1.5260, lateral-5: 1.5304, epsilon: 3.3029]
2025-11-09 00:36:11.372911 Epoch [008/100], Step [0003/0003], [lateral-edge: 0.7876, lateral-2: 1.6521, lateral-3: 1.6025, lateral-4: 1.5296, lateral-5: 1.5400, epsilon: 3.5529]
2025-11-09 00:36:16.562361 Epoch [009/100], Step [0003/0003], [lateral-edge: 0.7854, lateral-2: 1.6424, lateral-3: 1.5941, lateral-4: 1.5124, lateral-5: 1.5293, epsilon: 3.7905]
[Saving Snapshot:] ./Snapshots/save_weights/Inf-Net_DP/batch_24/run_2/epsilon_8/psac/Inf-Net-10.pth
[Privacy Budget]: ε = 3.79 (δ = 1e-05)
2025-11-09 00:36:22.224130 Epoch [010/100], Step [0003/0003], [lateral-edge: 0.7853, lateral-2: 1.6421, lateral-3: 1.5938, lateral-4: 1.5231, lateral-5: 1.5383, epsilon: 4.0179]
2025-11-09 00:36:27.044335 Epoch [011/100], Step [0003/0003], [lateral-edge: 0.7851, lateral-2: 1.6154, lateral-3: 1.5704, lateral-4: 1.4973, lateral-5: 1.5193, epsilon: 4.2363]
2025-11-09 00:36:32.344742 Epoch [012/100], Step [0003/0003], [lateral-edge: 0.7851, lateral-2: 1.6148, lateral-3: 1.5753, lateral-4: 1.5116, lateral-5: 1.5340, epsilon: 4.4471]
2025-11-09 00:36:37.680966 Epoch [013/100], Step [0003/0003], [lateral-edge: 0.7853, lateral-2: 1.6226, lateral-3: 1.5814, lateral-4: 1.5137, lateral-5: 1.5370, epsilon: 4.6511]
2025-11-09 00:36:42.199229 Epoch [014/100], Step [0003/0003], [lateral-edge: 0.7854, lateral-2: 1.6244, lateral-3: 1.5936, lateral-4: 1.5260, lateral-5: 1.5461, epsilon: 4.8491]
2025-11-09 00:36:47.086430 Epoch [015/100], Step [0003/0003], [lateral-edge: 0.7853, lateral-2: 1.5974, lateral-3: 1.5606, lateral-4: 1.4964, lateral-5: 1.5332, epsilon: 5.0418]
2025-11-09 00:36:51.746905 Epoch [016/100], Step [0003/0003], [lateral-edge: 0.7849, lateral-2: 1.6009, lateral-3: 1.5681, lateral-4: 1.4992, lateral-5: 1.5331, epsilon: 5.2296]
2025-11-09 00:36:56.591978 Epoch [017/100], Step [0003/0003], [lateral-edge: 0.7829, lateral-2: 1.5861, lateral-3: 1.5604, lateral-4: 1.4938, lateral-5: 1.5244, epsilon: 5.4129]
2025-11-09 00:37:01.609701 Epoch [018/100], Step [0003/0003], [lateral-edge: 0.7848, lateral-2: 1.5934, lateral-3: 1.5692, lateral-4: 1.5059, lateral-5: 1.5320, epsilon: 5.5923]
2025-11-09 00:37:06.069783 Epoch [019/100], Step [0003/0003], [lateral-edge: 0.7834, lateral-2: 1.5675, lateral-3: 1.5385, lateral-4: 1.4787, lateral-5: 1.5200, epsilon: 5.7679]
[Saving Snapshot:] ./Snapshots/save_weights/Inf-Net_DP/batch_24/run_2/epsilon_8/psac/Inf-Net-20.pth
[Privacy Budget]: ε = 5.77 (δ = 1e-05)
2025-11-09 00:37:11.176985 Epoch [020/100], Step [0003/0003], [lateral-edge: 0.7848, lateral-2: 1.5642, lateral-3: 1.5438, lateral-4: 1.4895, lateral-5: 1.5192, epsilon: 5.9401]
2025-11-09 00:37:16.442397 Epoch [021/100], Step [0003/0003], [lateral-edge: 0.7842, lateral-2: 1.5572, lateral-3: 1.5371, lateral-4: 1.4842, lateral-5: 1.5226, epsilon: 6.1092]
2025-11-09 00:37:21.294549 Epoch [022/100], Step [0003/0003], [lateral-edge: 0.7847, lateral-2: 1.5582, lateral-3: 1.5400, lateral-4: 1.4788, lateral-5: 1.5259, epsilon: 6.2753]
2025-11-09 00:37:26.181628 Epoch [023/100], Step [0003/0003], [lateral-edge: 0.7840, lateral-2: 1.5522, lateral-3: 1.5384, lateral-4: 1.4854, lateral-5: 1.5247, epsilon: 6.4386]
2025-11-09 00:37:30.925075 Epoch [024/100], Step [0003/0003], [lateral-edge: 0.7852, lateral-2: 1.5512, lateral-3: 1.5364, lateral-4: 1.4830, lateral-5: 1.5227, epsilon: 6.5994]
2025-11-09 00:37:35.540789 Epoch [025/100], Step [0003/0003], [lateral-edge: 0.7846, lateral-2: 1.5332, lateral-3: 1.5202, lateral-4: 1.4741, lateral-5: 1.5191, epsilon: 6.7577]
2025-11-09 00:37:40.345691 Epoch [026/100], Step [0003/0003], [lateral-edge: 0.7850, lateral-2: 1.5644, lateral-3: 1.5515, lateral-4: 1.4996, lateral-5: 1.5380, epsilon: 6.9138]
2025-11-09 00:37:45.029196 Epoch [027/100], Step [0003/0003], [lateral-edge: 0.7830, lateral-2: 1.5369, lateral-3: 1.5213, lateral-4: 1.4666, lateral-5: 1.5163, epsilon: 7.0677]
2025-11-09 00:37:49.730057 Epoch [028/100], Step [0003/0003], [lateral-edge: 0.7838, lateral-2: 1.5664, lateral-3: 1.5540, lateral-4: 1.4952, lateral-5: 1.5439, epsilon: 7.2196]
2025-11-09 00:37:54.646906 Epoch [029/100], Step [0003/0003], [lateral-edge: 0.7840, lateral-2: 1.5390, lateral-3: 1.5208, lateral-4: 1.4669, lateral-5: 1.5154, epsilon: 7.3695]
[Saving Snapshot:] ./Snapshots/save_weights/Inf-Net_DP/batch_24/run_2/epsilon_8/psac/Inf-Net-30.pth
[Privacy Budget]: ε = 7.37 (δ = 1e-05)
2025-11-09 00:37:59.991356 Epoch [030/100], Step [0003/0003], [lateral-edge: 0.7836, lateral-2: 1.5314, lateral-3: 1.5120, lateral-4: 1.4612, lateral-5: 1.5172, epsilon: 7.5177]
2025-11-09 00:38:04.577341 Epoch [031/100], Step [0003/0003], [lateral-edge: 0.7838, lateral-2: 1.5483, lateral-3: 1.5334, lateral-4: 1.4832, lateral-5: 1.5337, epsilon: 7.6640]
2025-11-09 00:38:09.388568 Epoch [032/100], Step [0003/0003], [lateral-edge: 0.7841, lateral-2: 1.5140, lateral-3: 1.4975, lateral-4: 1.4549, lateral-5: 1.4988, epsilon: 7.8088]
2025-11-09 00:38:13.969834 Epoch [033/100], Step [0003/0003], [lateral-edge: 0.7851, lateral-2: 1.5458, lateral-3: 1.5320, lateral-4: 1.4872, lateral-5: 1.5336, epsilon: 7.9519]
2025-11-09 00:38:18.593325 Epoch [034/100], Step [0003/0003], [lateral-edge: 0.7838, lateral-2: 1.5029, lateral-3: 1.4891, lateral-4: 1.4480, lateral-5: 1.4976, epsilon: 8.0935]
2025-11-09 00:38:23.470609 Epoch [035/100], Step [0003/0003], [lateral-edge: 0.7834, lateral-2: 1.5082, lateral-3: 1.4921, lateral-4: 1.4435, lateral-5: 1.4983, epsilon: 8.2337]
2025-11-09 00:38:28.456774 Epoch [036/100], Step [0003/0003], [lateral-edge: 0.7822, lateral-2: 1.4869, lateral-3: 1.4718, lateral-4: 1.4311, lateral-5: 1.4932, epsilon: 8.3725]
2025-11-09 00:38:33.756402 Epoch [037/100], Step [0003/0003], [lateral-edge: 0.7833, lateral-2: 1.4937, lateral-3: 1.4875, lateral-4: 1.4440, lateral-5: 1.4980, epsilon: 8.5099]
2025-11-09 00:38:38.640930 Epoch [038/100], Step [0003/0003], [lateral-edge: 0.7840, lateral-2: 1.5097, lateral-3: 1.4938, lateral-4: 1.4525, lateral-5: 1.5036, epsilon: 8.6461]
2025-11-09 00:38:43.558111 Epoch [039/100], Step [0003/0003], [lateral-edge: 0.7838, lateral-2: 1.4838, lateral-3: 1.4788, lateral-4: 1.4410, lateral-5: 1.4932, epsilon: 8.7811]
[Saving Snapshot:] ./Snapshots/save_weights/Inf-Net_DP/batch_24/run_2/epsilon_8/psac/Inf-Net-40.pth
[Privacy Budget]: ε = 8.78 (δ = 1e-05)
2025-11-09 00:38:48.934478 Epoch [040/100], Step [0003/0003], [lateral-edge: 0.7834, lateral-2: 1.4957, lateral-3: 1.4902, lateral-4: 1.4513, lateral-5: 1.5033, epsilon: 8.9149]
2025-11-09 00:38:53.861845 Epoch [041/100], Step [0003/0003], [lateral-edge: 0.7833, lateral-2: 1.5187, lateral-3: 1.5196, lateral-4: 1.4732, lateral-5: 1.5196, epsilon: 9.0475]
2025-11-09 00:38:58.532240 Epoch [042/100], Step [0003/0003], [lateral-edge: 0.7826, lateral-2: 1.4885, lateral-3: 1.4833, lateral-4: 1.4402, lateral-5: 1.4987, epsilon: 9.1791]
2025-11-09 00:39:03.363389 Epoch [043/100], Step [0003/0003], [lateral-edge: 0.7824, lateral-2: 1.4709, lateral-3: 1.4726, lateral-4: 1.4266, lateral-5: 1.4924, epsilon: 9.3095]
2025-11-09 00:39:08.792018 Epoch [044/100], Step [0003/0003], [lateral-edge: 0.7835, lateral-2: 1.4819, lateral-3: 1.4846, lateral-4: 1.4417, lateral-5: 1.4937, epsilon: 9.4390]
2025-11-09 00:39:13.375718 Epoch [045/100], Step [0003/0003], [lateral-edge: 0.7833, lateral-2: 1.4799, lateral-3: 1.4695, lateral-4: 1.4306, lateral-5: 1.5026, epsilon: 9.5675]
2025-11-09 00:39:18.156970 Epoch [046/100], Step [0003/0003], [lateral-edge: 0.7840, lateral-2: 1.4991, lateral-3: 1.4968, lateral-4: 1.4528, lateral-5: 1.5099, epsilon: 9.6950]
2025-11-09 00:39:23.190464 Epoch [047/100], Step [0003/0003], [lateral-edge: 0.7819, lateral-2: 1.4957, lateral-3: 1.4984, lateral-4: 1.4581, lateral-5: 1.5083, epsilon: 9.8216]
2025-11-09 00:39:27.910169 Epoch [048/100], Step [0003/0003], [lateral-edge: 0.7829, lateral-2: 1.4964, lateral-3: 1.5056, lateral-4: 1.4569, lateral-5: 1.5152, epsilon: 9.9473]
2025-11-09 00:39:32.747513 Epoch [049/100], Step [0003/0003], [lateral-edge: 0.7815, lateral-2: 1.4768, lateral-3: 1.4718, lateral-4: 1.4288, lateral-5: 1.4982, epsilon: 10.0721]
[Saving Snapshot:] ./Snapshots/save_weights/Inf-Net_DP/batch_24/run_2/epsilon_8/psac/Inf-Net-50.pth
[Privacy Budget]: ε = 10.07 (δ = 1e-05)
2025-11-09 00:39:38.180179 Epoch [050/100], Step [0003/0003], [lateral-edge: 0.7831, lateral-2: 1.4880, lateral-3: 1.4957, lateral-4: 1.4552, lateral-5: 1.5051, epsilon: 10.1961]
2025-11-09 00:39:43.348385 Epoch [051/100], Step [0003/0003], [lateral-edge: 0.7816, lateral-2: 1.4754, lateral-3: 1.4790, lateral-4: 1.4336, lateral-5: 1.4933, epsilon: 10.3193]
2025-11-09 00:39:48.078055 Epoch [052/100], Step [0003/0003], [lateral-edge: 0.7811, lateral-2: 1.4812, lateral-3: 1.4822, lateral-4: 1.4406, lateral-5: 1.5005, epsilon: 10.4417]
2025-11-09 00:39:52.905528 Epoch [053/100], Step [0003/0003], [lateral-edge: 0.7833, lateral-2: 1.4762, lateral-3: 1.4800, lateral-4: 1.4447, lateral-5: 1.5042, epsilon: 10.5633]
2025-11-09 00:39:57.615794 Epoch [054/100], Step [0003/0003], [lateral-edge: 0.7815, lateral-2: 1.4744, lateral-3: 1.4833, lateral-4: 1.4405, lateral-5: 1.4986, epsilon: 10.6841]
2025-11-09 00:40:02.437305 Epoch [055/100], Step [0003/0003], [lateral-edge: 0.7833, lateral-2: 1.4891, lateral-3: 1.4937, lateral-4: 1.4561, lateral-5: 1.5006, epsilon: 10.8043]
2025-11-09 00:40:07.317416 Epoch [056/100], Step [0003/0003], [lateral-edge: 0.7843, lateral-2: 1.4937, lateral-3: 1.4990, lateral-4: 1.4603, lateral-5: 1.5117, epsilon: 10.9237]
2025-11-09 00:40:12.489690 Epoch [057/100], Step [0003/0003], [lateral-edge: 0.7832, lateral-2: 1.4955, lateral-3: 1.5006, lateral-4: 1.4603, lateral-5: 1.5116, epsilon: 11.0424]
2025-11-09 00:40:17.396998 Epoch [058/100], Step [0003/0003], [lateral-edge: 0.7831, lateral-2: 1.4889, lateral-3: 1.5044, lateral-4: 1.4594, lateral-5: 1.5060, epsilon: 11.1605]
2025-11-09 00:40:22.383481 Epoch [059/100], Step [0003/0003], [lateral-edge: 0.7833, lateral-2: 1.4721, lateral-3: 1.4734, lateral-4: 1.4379, lateral-5: 1.4977, epsilon: 11.2779]
[Saving Snapshot:] ./Snapshots/save_weights/Inf-Net_DP/batch_24/run_2/epsilon_8/psac/Inf-Net-60.pth
[Privacy Budget]: ε = 11.28 (δ = 1e-05)
2025-11-09 00:40:27.929353 Epoch [060/100], Step [0003/0003], [lateral-edge: 0.7827, lateral-2: 1.4762, lateral-3: 1.4825, lateral-4: 1.4433, lateral-5: 1.4971, epsilon: 11.3946]
2025-11-09 00:40:33.632891 Epoch [061/100], Step [0003/0003], [lateral-edge: 0.7845, lateral-2: 1.4845, lateral-3: 1.4926, lateral-4: 1.4570, lateral-5: 1.5056, epsilon: 11.5107]
2025-11-09 00:40:38.400820 Epoch [062/100], Step [0003/0003], [lateral-edge: 0.7837, lateral-2: 1.4632, lateral-3: 1.4726, lateral-4: 1.4389, lateral-5: 1.4862, epsilon: 11.6263]
2025-11-09 00:40:43.188880 Epoch [063/100], Step [0003/0003], [lateral-edge: 0.7835, lateral-2: 1.4825, lateral-3: 1.4836, lateral-4: 1.4417, lateral-5: 1.5050, epsilon: 11.7412]
2025-11-09 00:40:48.247190 Epoch [064/100], Step [0003/0003], [lateral-edge: 0.7829, lateral-2: 1.4739, lateral-3: 1.4755, lateral-4: 1.4412, lateral-5: 1.4921, epsilon: 11.8556]
2025-11-09 00:40:53.048367 Epoch [065/100], Step [0003/0003], [lateral-edge: 0.7820, lateral-2: 1.4709, lateral-3: 1.4746, lateral-4: 1.4350, lateral-5: 1.5009, epsilon: 11.9693]
2025-11-09 00:40:57.856753 Epoch [066/100], Step [0003/0003], [lateral-edge: 0.7831, lateral-2: 1.4751, lateral-3: 1.4769, lateral-4: 1.4424, lateral-5: 1.4998, epsilon: 12.0826]
2025-11-09 00:41:02.878006 Epoch [067/100], Step [0003/0003], [lateral-edge: 0.7824, lateral-2: 1.4776, lateral-3: 1.4806, lateral-4: 1.4374, lateral-5: 1.4995, epsilon: 12.1953]
2025-11-09 00:41:07.798815 Epoch [068/100], Step [0003/0003], [lateral-edge: 0.7818, lateral-2: 1.4631, lateral-3: 1.4621, lateral-4: 1.4258, lateral-5: 1.4856, epsilon: 12.3074]
2025-11-09 00:41:12.655625 Epoch [069/100], Step [0003/0003], [lateral-edge: 0.7828, lateral-2: 1.4826, lateral-3: 1.4840, lateral-4: 1.4465, lateral-5: 1.5024, epsilon: 12.4190]
[Saving Snapshot:] ./Snapshots/save_weights/Inf-Net_DP/batch_24/run_2/epsilon_8/psac/Inf-Net-70.pth
[Privacy Budget]: ε = 12.42 (δ = 1e-05)
2025-11-09 00:41:18.452635 Epoch [070/100], Step [0003/0003], [lateral-edge: 0.7831, lateral-2: 1.4672, lateral-3: 1.4703, lateral-4: 1.4369, lateral-5: 1.4934, epsilon: 12.5302]
2025-11-09 00:41:23.312006 Epoch [071/100], Step [0003/0003], [lateral-edge: 0.7836, lateral-2: 1.4802, lateral-3: 1.4932, lateral-4: 1.4529, lateral-5: 1.5065, epsilon: 12.6408]
2025-11-09 00:41:28.356172 Epoch [072/100], Step [0003/0003], [lateral-edge: 0.7838, lateral-2: 1.4828, lateral-3: 1.4874, lateral-4: 1.4492, lateral-5: 1.4980, epsilon: 12.7510]
2025-11-09 00:41:33.135476 Epoch [073/100], Step [0003/0003], [lateral-edge: 0.7821, lateral-2: 1.4515, lateral-3: 1.4511, lateral-4: 1.4184, lateral-5: 1.4802, epsilon: 12.8606]
2025-11-09 00:41:37.941711 Epoch [074/100], Step [0003/0003], [lateral-edge: 0.7834, lateral-2: 1.4886, lateral-3: 1.4915, lateral-4: 1.4506, lateral-5: 1.5087, epsilon: 12.9698]
2025-11-09 00:41:42.775644 Epoch [075/100], Step [0003/0003], [lateral-edge: 0.7836, lateral-2: 1.4734, lateral-3: 1.4775, lateral-4: 1.4430, lateral-5: 1.5022, epsilon: 13.0786]
2025-11-09 00:41:47.659109 Epoch [076/100], Step [0003/0003], [lateral-edge: 0.7835, lateral-2: 1.4616, lateral-3: 1.4670, lateral-4: 1.4352, lateral-5: 1.4890, epsilon: 13.1869]
2025-11-09 00:41:52.471051 Epoch [077/100], Step [0003/0003], [lateral-edge: 0.7807, lateral-2: 1.4491, lateral-3: 1.4463, lateral-4: 1.4112, lateral-5: 1.4757, epsilon: 13.2947]
2025-11-09 00:41:57.211130 Epoch [078/100], Step [0003/0003], [lateral-edge: 0.7821, lateral-2: 1.4596, lateral-3: 1.4580, lateral-4: 1.4257, lateral-5: 1.4826, epsilon: 13.4022]
2025-11-09 00:42:01.887300 Epoch [079/100], Step [0003/0003], [lateral-edge: 0.7835, lateral-2: 1.4740, lateral-3: 1.4789, lateral-4: 1.4446, lateral-5: 1.4999, epsilon: 13.5092]
[Saving Snapshot:] ./Snapshots/save_weights/Inf-Net_DP/batch_24/run_2/epsilon_8/psac/Inf-Net-80.pth
[Privacy Budget]: ε = 13.51 (δ = 1e-05)
2025-11-09 00:42:07.644169 Epoch [080/100], Step [0003/0003], [lateral-edge: 0.7832, lateral-2: 1.4866, lateral-3: 1.4858, lateral-4: 1.4454, lateral-5: 1.5056, epsilon: 13.6158]
2025-11-09 00:42:12.500239 Epoch [081/100], Step [0003/0003], [lateral-edge: 0.7823, lateral-2: 1.4736, lateral-3: 1.4760, lateral-4: 1.4388, lateral-5: 1.5029, epsilon: 13.7219]
2025-11-09 00:42:17.422996 Epoch [082/100], Step [0003/0003], [lateral-edge: 0.7824, lateral-2: 1.4689, lateral-3: 1.4757, lateral-4: 1.4381, lateral-5: 1.4891, epsilon: 13.8277]
2025-11-09 00:42:22.521541 Epoch [083/100], Step [0003/0003], [lateral-edge: 0.7817, lateral-2: 1.4673, lateral-3: 1.4760, lateral-4: 1.4362, lateral-5: 1.4922, epsilon: 13.9331]
2025-11-09 00:42:27.383226 Epoch [084/100], Step [0003/0003], [lateral-edge: 0.7834, lateral-2: 1.4974, lateral-3: 1.5109, lateral-4: 1.4651, lateral-5: 1.5095, epsilon: 14.0381]
2025-11-09 00:42:32.435224 Epoch [085/100], Step [0003/0003], [lateral-edge: 0.7848, lateral-2: 1.5036, lateral-3: 1.5159, lateral-4: 1.4773, lateral-5: 1.5144, epsilon: 14.1428]
2025-11-09 00:42:37.263283 Epoch [086/100], Step [0003/0003], [lateral-edge: 0.7838, lateral-2: 1.4670, lateral-3: 1.4759, lateral-4: 1.4384, lateral-5: 1.4887, epsilon: 14.2470]
2025-11-09 00:42:42.272730 Epoch [087/100], Step [0003/0003], [lateral-edge: 0.7824, lateral-2: 1.4754, lateral-3: 1.4798, lateral-4: 1.4397, lateral-5: 1.4958, epsilon: 14.3509]
2025-11-09 00:42:47.201984 Epoch [088/100], Step [0003/0003], [lateral-edge: 0.7820, lateral-2: 1.4755, lateral-3: 1.4830, lateral-4: 1.4456, lateral-5: 1.4976, epsilon: 14.4544]
2025-11-09 00:42:52.348195 Epoch [089/100], Step [0003/0003], [lateral-edge: 0.7816, lateral-2: 1.4797, lateral-3: 1.4810, lateral-4: 1.4356, lateral-5: 1.4961, epsilon: 14.5576]
[Saving Snapshot:] ./Snapshots/save_weights/Inf-Net_DP/batch_24/run_2/epsilon_8/psac/Inf-Net-90.pth
[Privacy Budget]: ε = 14.56 (δ = 1e-05)
2025-11-09 00:42:57.829302 Epoch [090/100], Step [0003/0003], [lateral-edge: 0.7829, lateral-2: 1.4937, lateral-3: 1.5046, lateral-4: 1.4645, lateral-5: 1.5100, epsilon: 14.6604]
2025-11-09 00:43:02.870625 Epoch [091/100], Step [0003/0003], [lateral-edge: 0.7831, lateral-2: 1.4801, lateral-3: 1.4853, lateral-4: 1.4504, lateral-5: 1.5022, epsilon: 14.7629]
2025-11-09 00:43:07.796228 Epoch [092/100], Step [0003/0003], [lateral-edge: 0.7824, lateral-2: 1.4703, lateral-3: 1.4743, lateral-4: 1.4365, lateral-5: 1.4895, epsilon: 14.8650]
2025-11-09 00:43:13.242090 Epoch [093/100], Step [0003/0003], [lateral-edge: 0.7833, lateral-2: 1.4958, lateral-3: 1.5026, lateral-4: 1.4632, lateral-5: 1.5070, epsilon: 14.9669]
2025-11-09 00:43:18.204704 Epoch [094/100], Step [0003/0003], [lateral-edge: 0.7823, lateral-2: 1.4698, lateral-3: 1.4727, lateral-4: 1.4333, lateral-5: 1.4911, epsilon: 15.0683]
2025-11-09 00:43:23.368621 Epoch [095/100], Step [0003/0003], [lateral-edge: 0.7822, lateral-2: 1.4869, lateral-3: 1.4877, lateral-4: 1.4455, lateral-5: 1.5016, epsilon: 15.1695]
2025-11-09 00:43:28.162525 Epoch [096/100], Step [0003/0003], [lateral-edge: 0.7829, lateral-2: 1.4960, lateral-3: 1.5084, lateral-4: 1.4656, lateral-5: 1.5143, epsilon: 15.2704]
2025-11-09 00:43:32.984550 Epoch [097/100], Step [0003/0003], [lateral-edge: 0.7821, lateral-2: 1.4725, lateral-3: 1.4735, lateral-4: 1.4348, lateral-5: 1.4917, epsilon: 15.3709]
2025-11-09 00:43:38.009577 Epoch [098/100], Step [0003/0003], [lateral-edge: 0.7827, lateral-2: 1.4844, lateral-3: 1.4898, lateral-4: 1.4506, lateral-5: 1.5036, epsilon: 15.4711]
2025-11-09 00:43:43.005229 Epoch [099/100], Step [0003/0003], [lateral-edge: 0.7826, lateral-2: 1.4717, lateral-3: 1.4690, lateral-4: 1.4300, lateral-5: 1.4925, epsilon: 15.5711]
[Saving Snapshot:] ./Snapshots/save_weights/Inf-Net_DP/batch_24/run_2/epsilon_8/psac/Inf-Net-100.pth
[Privacy Budget]: ε = 15.57 (δ = 1e-05)
2025-11-09 00:43:48.828102 Epoch [100/100], Step [0003/0003], [lateral-edge: 0.7821, lateral-2: 1.4793, lateral-3: 1.4818, lateral-4: 1.4418, lateral-5: 1.5002, epsilon: 15.6707]
Training completed at Sun Nov  9 00:43:50 CET 2025
