Model loading: UNet with GroupNorm
Model is compatible with differential privacy
Not loading weights from weights file
###################################################################### 
Start Training (UNet-DP)
Network: UNet
Batch Size: 64
DP Enabled (ε=200.0, δ=1e-05, clipping=automatic)
Morphology: both
Architecture: GroupNorm (with DP)
Save Path: ./Snapshots/save_weights/UNet_DP_Morph/both/batch_64/run_2/epsilon_200/automatic
Run: 2
Namespace(network='UNet', epoch=100, lr=0.0001, batchsize=64, trainsize=352, clip=0.5, decay_rate=0.1, decay_epoch=50, is_thop=False, gpu_device=0, num_workers=8, net_channel=32, init_features=32, n_classes=1, in_channels=3, backbone='Res2Net50', deep_supervision=False, train_path='./Dataset/TrainingSet/LungInfection-Train/Doctor-label', is_semi=False, is_pseudo=False, train_save=None, run=2, enable_privacy=True, epsilon=200.0, max_grad_norm=1.2, delta=1e-05, clipping_strategy='automatic', enable_morphology=True, morph_operation='both', morph_kernel_size=3, device='cuda')
 ######################################################################
2025-11-09 01:09:03.801224 Epoch [001/100], Step [0001/0001], Loss: 1.5122, ε: 7.7601
2025-11-09 01:09:05.114566 Epoch [002/100], Step [0001/0001], Loss: 1.5055, ε: 11.8691
2025-11-09 01:09:06.743900 Epoch [003/100], Step [0001/0001], Loss: 1.4986, ε: 15.3422
2025-11-09 01:09:08.348092 Epoch [004/100], Step [0001/0001], Loss: 1.4916, ε: 18.4832
2025-11-09 01:09:09.995366 Epoch [005/100], Step [0001/0001], Loss: 1.4846, ε: 21.4108
2025-11-09 01:09:11.614637 Epoch [006/100], Step [0001/0001], Loss: 1.4779, ε: 24.1863
2025-11-09 01:09:13.198488 Epoch [007/100], Step [0001/0001], Loss: 1.4714, ε: 26.8462
2025-11-09 01:09:14.748633 Epoch [008/100], Step [0001/0001], Loss: 1.4652, ε: 29.4143
2025-11-09 01:09:16.391721 Epoch [009/100], Step [0001/0001], Loss: 1.4593, ε: 31.9073
[Saving Snapshot:] ./Snapshots/save_weights/UNet_DP_Morph/both/batch_64/run_2/epsilon_200/automatic/UNet-10.pth
[Privacy Budget]: ε = 31.91 (δ = 1e-05)
2025-11-09 01:09:18.122467 Epoch [010/100], Step [0001/0001], Loss: 1.4536, ε: 34.3373
2025-11-09 01:09:19.706084 Epoch [011/100], Step [0001/0001], Loss: 1.4481, ε: 36.7135
2025-11-09 01:09:21.278966 Epoch [012/100], Step [0001/0001], Loss: 1.4429, ε: 39.0431
2025-11-09 01:09:22.859370 Epoch [013/100], Step [0001/0001], Loss: 1.4379, ε: 41.3317
2025-11-09 01:09:24.380808 Epoch [014/100], Step [0001/0001], Loss: 1.4330, ε: 43.5839
2025-11-09 01:09:25.918604 Epoch [015/100], Step [0001/0001], Loss: 1.4283, ε: 45.8036
2025-11-09 01:09:27.411579 Epoch [016/100], Step [0001/0001], Loss: 1.4238, ε: 47.9939
2025-11-09 01:09:28.881305 Epoch [017/100], Step [0001/0001], Loss: 1.4194, ε: 50.1575
2025-11-09 01:09:30.437118 Epoch [018/100], Step [0001/0001], Loss: 1.4152, ε: 52.2968
2025-11-09 01:09:31.920580 Epoch [019/100], Step [0001/0001], Loss: 1.4111, ε: 54.4137
[Saving Snapshot:] ./Snapshots/save_weights/UNet_DP_Morph/both/batch_64/run_2/epsilon_200/automatic/UNet-20.pth
[Privacy Budget]: ε = 54.41 (δ = 1e-05)
2025-11-09 01:09:33.577190 Epoch [020/100], Step [0001/0001], Loss: 1.4072, ε: 56.5100
2025-11-09 01:09:35.022536 Epoch [021/100], Step [0001/0001], Loss: 1.4034, ε: 58.5871
2025-11-09 01:09:36.777276 Epoch [022/100], Step [0001/0001], Loss: 1.3997, ε: 60.6465
2025-11-09 01:09:38.141717 Epoch [023/100], Step [0001/0001], Loss: 1.3961, ε: 62.6893
2025-11-09 01:09:39.691657 Epoch [024/100], Step [0001/0001], Loss: 1.3926, ε: 64.7166
2025-11-09 01:09:41.211546 Epoch [025/100], Step [0001/0001], Loss: 1.3892, ε: 66.7293
2025-11-09 01:09:42.696212 Epoch [026/100], Step [0001/0001], Loss: 1.3859, ε: 68.7283
2025-11-09 01:09:44.217977 Epoch [027/100], Step [0001/0001], Loss: 1.3826, ε: 70.7144
2025-11-09 01:09:45.720485 Epoch [028/100], Step [0001/0001], Loss: 1.3794, ε: 72.6884
2025-11-09 01:09:47.236489 Epoch [029/100], Step [0001/0001], Loss: 1.3763, ε: 74.6507
[Saving Snapshot:] ./Snapshots/save_weights/UNet_DP_Morph/both/batch_64/run_2/epsilon_200/automatic/UNet-30.pth
[Privacy Budget]: ε = 74.65 (δ = 1e-05)
2025-11-09 01:09:48.975688 Epoch [030/100], Step [0001/0001], Loss: 1.3731, ε: 76.6021
2025-11-09 01:09:50.494936 Epoch [031/100], Step [0001/0001], Loss: 1.3701, ε: 78.5430
2025-11-09 01:09:51.936381 Epoch [032/100], Step [0001/0001], Loss: 1.3670, ε: 80.4740
2025-11-09 01:09:53.451143 Epoch [033/100], Step [0001/0001], Loss: 1.3640, ε: 82.3955
2025-11-09 01:09:55.070526 Epoch [034/100], Step [0001/0001], Loss: 1.3610, ε: 84.3080
2025-11-09 01:09:56.641289 Epoch [035/100], Step [0001/0001], Loss: 1.3580, ε: 86.2118
2025-11-09 01:09:58.150952 Epoch [036/100], Step [0001/0001], Loss: 1.3551, ε: 88.1073
2025-11-09 01:09:59.656220 Epoch [037/100], Step [0001/0001], Loss: 1.3522, ε: 89.9949
2025-11-09 01:10:01.037417 Epoch [038/100], Step [0001/0001], Loss: 1.3493, ε: 91.8749
2025-11-09 01:10:02.718466 Epoch [039/100], Step [0001/0001], Loss: 1.3464, ε: 93.7475
[Saving Snapshot:] ./Snapshots/save_weights/UNet_DP_Morph/both/batch_64/run_2/epsilon_200/automatic/UNet-40.pth
[Privacy Budget]: ε = 93.75 (δ = 1e-05)
2025-11-09 01:10:04.526967 Epoch [040/100], Step [0001/0001], Loss: 1.3435, ε: 95.6131
2025-11-09 01:10:06.102197 Epoch [041/100], Step [0001/0001], Loss: 1.3406, ε: 97.4719
2025-11-09 01:10:07.640929 Epoch [042/100], Step [0001/0001], Loss: 1.3377, ε: 99.3242
2025-11-09 01:10:09.129397 Epoch [043/100], Step [0001/0001], Loss: 1.3348, ε: 101.1701
2025-11-09 01:10:10.736780 Epoch [044/100], Step [0001/0001], Loss: 1.3319, ε: 103.0100
2025-11-09 01:10:12.304910 Epoch [045/100], Step [0001/0001], Loss: 1.3290, ε: 104.8439
2025-11-09 01:10:13.965742 Epoch [046/100], Step [0001/0001], Loss: 1.3260, ε: 106.6722
2025-11-09 01:10:15.494747 Epoch [047/100], Step [0001/0001], Loss: 1.3231, ε: 108.4950
2025-11-09 01:10:17.046912 Epoch [048/100], Step [0001/0001], Loss: 1.3202, ε: 110.3124
2025-11-09 01:10:18.628117 Epoch [049/100], Step [0001/0001], Loss: 1.3172, ε: 112.1247
[Saving Snapshot:] ./Snapshots/save_weights/UNet_DP_Morph/both/batch_64/run_2/epsilon_200/automatic/UNet-50.pth
[Privacy Budget]: ε = 112.12 (δ = 1e-05)
2025-11-09 01:10:20.545519 Epoch [050/100], Step [0001/0001], Loss: 1.3142, ε: 113.9319
2025-11-09 01:10:22.148095 Epoch [051/100], Step [0001/0001], Loss: 1.3139, ε: 115.7343
2025-11-09 01:10:23.525557 Epoch [052/100], Step [0001/0001], Loss: 1.3139, ε: 117.5320
2025-11-09 01:10:25.117789 Epoch [053/100], Step [0001/0001], Loss: 1.3139, ε: 119.3251
2025-11-09 01:10:26.907996 Epoch [054/100], Step [0001/0001], Loss: 1.3139, ε: 121.1137
2025-11-09 01:10:28.516930 Epoch [055/100], Step [0001/0001], Loss: 1.3139, ε: 122.8980
2025-11-09 01:10:29.940171 Epoch [056/100], Step [0001/0001], Loss: 1.3139, ε: 124.6781
2025-11-09 01:10:31.472677 Epoch [057/100], Step [0001/0001], Loss: 1.3139, ε: 126.4540
2025-11-09 01:10:33.277271 Epoch [058/100], Step [0001/0001], Loss: 1.3139, ε: 128.2260
2025-11-09 01:10:34.991907 Epoch [059/100], Step [0001/0001], Loss: 1.3139, ε: 129.9941
[Saving Snapshot:] ./Snapshots/save_weights/UNet_DP_Morph/both/batch_64/run_2/epsilon_200/automatic/UNet-60.pth
[Privacy Budget]: ε = 129.99 (δ = 1e-05)
2025-11-09 01:10:37.112908 Epoch [060/100], Step [0001/0001], Loss: 1.3139, ε: 131.7584
2025-11-09 01:10:38.845743 Epoch [061/100], Step [0001/0001], Loss: 1.3139, ε: 133.5190
2025-11-09 01:10:40.522251 Epoch [062/100], Step [0001/0001], Loss: 1.3139, ε: 135.2759
2025-11-09 01:10:42.225971 Epoch [063/100], Step [0001/0001], Loss: 1.3139, ε: 137.0294
2025-11-09 01:10:43.972080 Epoch [064/100], Step [0001/0001], Loss: 1.3139, ε: 138.7794
2025-11-09 01:10:45.712440 Epoch [065/100], Step [0001/0001], Loss: 1.3139, ε: 140.5260
2025-11-09 01:10:47.476397 Epoch [066/100], Step [0001/0001], Loss: 1.3139, ε: 142.2694
2025-11-09 01:10:49.061430 Epoch [067/100], Step [0001/0001], Loss: 1.3139, ε: 144.0096
2025-11-09 01:10:50.630586 Epoch [068/100], Step [0001/0001], Loss: 1.3139, ε: 145.7466
2025-11-09 01:10:52.420209 Epoch [069/100], Step [0001/0001], Loss: 1.3139, ε: 147.4805
[Saving Snapshot:] ./Snapshots/save_weights/UNet_DP_Morph/both/batch_64/run_2/epsilon_200/automatic/UNet-70.pth
[Privacy Budget]: ε = 147.48 (δ = 1e-05)
2025-11-09 01:10:54.679791 Epoch [070/100], Step [0001/0001], Loss: 1.3139, ε: 149.2115
2025-11-09 01:10:56.484790 Epoch [071/100], Step [0001/0001], Loss: 1.3139, ε: 150.9395
2025-11-09 01:10:58.032327 Epoch [072/100], Step [0001/0001], Loss: 1.3139, ε: 152.6646
2025-11-09 01:10:59.677177 Epoch [073/100], Step [0001/0001], Loss: 1.3139, ε: 154.3869
2025-11-09 01:11:01.543632 Epoch [074/100], Step [0001/0001], Loss: 1.3139, ε: 156.1064
2025-11-09 01:11:03.199506 Epoch [075/100], Step [0001/0001], Loss: 1.3139, ε: 157.8233
2025-11-09 01:11:05.072654 Epoch [076/100], Step [0001/0001], Loss: 1.3139, ε: 159.5375
2025-11-09 01:11:07.004485 Epoch [077/100], Step [0001/0001], Loss: 1.3139, ε: 161.2490
2025-11-09 01:11:08.857739 Epoch [078/100], Step [0001/0001], Loss: 1.3139, ε: 162.9581
2025-11-09 01:11:10.548136 Epoch [079/100], Step [0001/0001], Loss: 1.3139, ε: 164.6646
[Saving Snapshot:] ./Snapshots/save_weights/UNet_DP_Morph/both/batch_64/run_2/epsilon_200/automatic/UNet-80.pth
[Privacy Budget]: ε = 164.66 (δ = 1e-05)
2025-11-09 01:11:12.838914 Epoch [080/100], Step [0001/0001], Loss: 1.3139, ε: 166.3687
2025-11-09 01:11:14.636164 Epoch [081/100], Step [0001/0001], Loss: 1.3139, ε: 168.0704
2025-11-09 01:11:16.541607 Epoch [082/100], Step [0001/0001], Loss: 1.3139, ε: 169.7697
2025-11-09 01:11:18.179951 Epoch [083/100], Step [0001/0001], Loss: 1.3139, ε: 171.4667
2025-11-09 01:11:20.177845 Epoch [084/100], Step [0001/0001], Loss: 1.3139, ε: 173.1614
2025-11-09 01:11:22.085675 Epoch [085/100], Step [0001/0001], Loss: 1.3139, ε: 174.8539
2025-11-09 01:11:23.766133 Epoch [086/100], Step [0001/0001], Loss: 1.3139, ε: 176.5442
2025-11-09 01:11:25.722263 Epoch [087/100], Step [0001/0001], Loss: 1.3139, ε: 178.2323
2025-11-09 01:11:27.438793 Epoch [088/100], Step [0001/0001], Loss: 1.3139, ε: 179.9183
2025-11-09 01:11:29.079787 Epoch [089/100], Step [0001/0001], Loss: 1.3139, ε: 181.6022
[Saving Snapshot:] ./Snapshots/save_weights/UNet_DP_Morph/both/batch_64/run_2/epsilon_200/automatic/UNet-90.pth
[Privacy Budget]: ε = 181.60 (δ = 1e-05)
2025-11-09 01:11:31.783879 Epoch [090/100], Step [0001/0001], Loss: 1.3139, ε: 183.2840
2025-11-09 01:11:34.001328 Epoch [091/100], Step [0001/0001], Loss: 1.3139, ε: 184.9639
2025-11-09 01:11:36.220390 Epoch [092/100], Step [0001/0001], Loss: 1.3139, ε: 186.6417
2025-11-09 01:11:38.023364 Epoch [093/100], Step [0001/0001], Loss: 1.3139, ε: 188.3176
2025-11-09 01:11:39.742645 Epoch [094/100], Step [0001/0001], Loss: 1.3139, ε: 189.9916
2025-11-09 01:11:41.400452 Epoch [095/100], Step [0001/0001], Loss: 1.3139, ε: 191.6637
2025-11-09 01:11:43.538801 Epoch [096/100], Step [0001/0001], Loss: 1.3139, ε: 193.3339
2025-11-09 01:11:45.711085 Epoch [097/100], Step [0001/0001], Loss: 1.3139, ε: 195.0023
2025-11-09 01:11:47.570935 Epoch [098/100], Step [0001/0001], Loss: 1.3139, ε: 196.6689
2025-11-09 01:11:49.706486 Epoch [099/100], Step [0001/0001], Loss: 1.3139, ε: 198.3337
[Saving Snapshot:] ./Snapshots/save_weights/UNet_DP_Morph/both/batch_64/run_2/epsilon_200/automatic/UNet-100.pth
[Privacy Budget]: ε = 198.33 (δ = 1e-05)
2025-11-09 01:11:52.749000 Epoch [100/100], Step [0001/0001], Loss: 1.3139, ε: 199.9968
Training completed at Sun Nov  9 01:11:53 CET 2025
