Backbone loading: Res2Net50
Not loading weights from weights file
################################################## 
Start Training (Inf-Net-Res2Net50)
Backbone: Res2Net50
Batch Size: 64
Morphology: dilation
Save Path: ./Snapshots/save_weights/Inf-Net_Morph/dilation/batch_64/run_3
Run: 3
Namespace(epoch=70, lr=0.0001, batchsize=64, trainsize=352, clip=0.5, decay_rate=0.1, decay_epoch=50, is_thop=False, gpu_device=0, num_workers=8, net_channel=32, n_classes=1, backbone='Res2Net50', train_path='./Dataset/TrainingSet/LungInfection-Train/Doctor-label', is_semi=False, is_pseudo=False, train_save=None, run=3, enable_morphology=True, morph_operation='dilation', morph_kernel_size=3, device='cuda')
 ##################################################
2025-10-27 01:06:01.730398 Epoch [001/070], Step [0001/0001], [lateral-edge: 0.7562, lateral-2: 1.5966, lateral-3: 1.5799, lateral-4: 1.5959, lateral-5: 1.5520]
2025-10-27 01:06:03.339731 Epoch [002/070], Step [0001/0001], [lateral-edge: 0.7517, lateral-2: 1.5157, lateral-3: 1.5145, lateral-4: 1.5344, lateral-5: 1.5388]
2025-10-27 01:06:05.014707 Epoch [003/070], Step [0001/0001], [lateral-edge: 0.7495, lateral-2: 1.4712, lateral-3: 1.4806, lateral-4: 1.5096, lateral-5: 1.5378]
2025-10-27 01:06:06.656880 Epoch [004/070], Step [0001/0001], [lateral-edge: 0.7460, lateral-2: 1.4477, lateral-3: 1.4583, lateral-4: 1.4827, lateral-5: 1.5355]
2025-10-27 01:06:08.337298 Epoch [005/070], Step [0001/0001], [lateral-edge: 0.7432, lateral-2: 1.4333, lateral-3: 1.4367, lateral-4: 1.4639, lateral-5: 1.5275]
2025-10-27 01:06:10.010024 Epoch [006/070], Step [0001/0001], [lateral-edge: 0.7410, lateral-2: 1.4091, lateral-3: 1.4146, lateral-4: 1.4463, lateral-5: 1.5001]
2025-10-27 01:06:11.690451 Epoch [007/070], Step [0001/0001], [lateral-edge: 0.7389, lateral-2: 1.3675, lateral-3: 1.3802, lateral-4: 1.4190, lateral-5: 1.4553]
2025-10-27 01:06:13.354121 Epoch [008/070], Step [0001/0001], [lateral-edge: 0.7366, lateral-2: 1.3036, lateral-3: 1.3355, lateral-4: 1.3688, lateral-5: 1.4393]
2025-10-27 01:06:15.058241 Epoch [009/070], Step [0001/0001], [lateral-edge: 0.7347, lateral-2: 1.2270, lateral-3: 1.2558, lateral-4: 1.3309, lateral-5: 1.4633]
[Saving Snapshot:] ./Snapshots/save_weights/Inf-Net_Morph/dilation/batch_64/run_3/Inf-Net-10.pth
2025-10-27 01:06:16.939142 Epoch [010/070], Step [0001/0001], [lateral-edge: 0.7331, lateral-2: 1.1535, lateral-3: 1.1993, lateral-4: 1.2342, lateral-5: 1.4760]
2025-10-27 01:06:18.600498 Epoch [011/070], Step [0001/0001], [lateral-edge: 0.7313, lateral-2: 1.0663, lateral-3: 1.1296, lateral-4: 1.1554, lateral-5: 1.5380]
2025-10-27 01:06:20.267205 Epoch [012/070], Step [0001/0001], [lateral-edge: 0.7299, lateral-2: 1.0160, lateral-3: 1.0437, lateral-4: 1.1109, lateral-5: 1.5915]
2025-10-27 01:06:21.925362 Epoch [013/070], Step [0001/0001], [lateral-edge: 0.7286, lateral-2: 0.9533, lateral-3: 1.0148, lateral-4: 1.0765, lateral-5: 1.6125]
2025-10-27 01:06:23.567314 Epoch [014/070], Step [0001/0001], [lateral-edge: 0.7270, lateral-2: 0.9340, lateral-3: 0.9661, lateral-4: 1.0498, lateral-5: 1.6228]
2025-10-27 01:06:25.235171 Epoch [015/070], Step [0001/0001], [lateral-edge: 0.7258, lateral-2: 0.8955, lateral-3: 0.9503, lateral-4: 1.0325, lateral-5: 1.5923]
2025-10-27 01:06:26.858624 Epoch [016/070], Step [0001/0001], [lateral-edge: 0.7245, lateral-2: 0.8755, lateral-3: 0.9260, lateral-4: 1.0164, lateral-5: 1.5765]
2025-10-27 01:06:28.496068 Epoch [017/070], Step [0001/0001], [lateral-edge: 0.7232, lateral-2: 0.8506, lateral-3: 0.9078, lateral-4: 1.0016, lateral-5: 1.5616]
2025-10-27 01:06:30.129946 Epoch [018/070], Step [0001/0001], [lateral-edge: 0.7220, lateral-2: 0.8305, lateral-3: 0.8907, lateral-4: 0.9865, lateral-5: 1.5271]
2025-10-27 01:06:31.777099 Epoch [019/070], Step [0001/0001], [lateral-edge: 0.7207, lateral-2: 0.8058, lateral-3: 0.8736, lateral-4: 0.9712, lateral-5: 1.5403]
[Saving Snapshot:] ./Snapshots/save_weights/Inf-Net_Morph/dilation/batch_64/run_3/Inf-Net-20.pth
2025-10-27 01:06:33.734970 Epoch [020/070], Step [0001/0001], [lateral-edge: 0.7196, lateral-2: 0.8035, lateral-3: 0.8682, lateral-4: 0.9689, lateral-5: 1.4899]
2025-10-27 01:06:35.367008 Epoch [021/070], Step [0001/0001], [lateral-edge: 0.7184, lateral-2: 0.7672, lateral-3: 0.8365, lateral-4: 0.9421, lateral-5: 1.4900]
2025-10-27 01:06:37.033204 Epoch [022/070], Step [0001/0001], [lateral-edge: 0.7174, lateral-2: 0.7467, lateral-3: 0.8182, lateral-4: 0.9266, lateral-5: 1.4456]
2025-10-27 01:06:38.680675 Epoch [023/070], Step [0001/0001], [lateral-edge: 0.7163, lateral-2: 0.7346, lateral-3: 0.8079, lateral-4: 0.9195, lateral-5: 1.4231]
2025-10-27 01:06:40.308005 Epoch [024/070], Step [0001/0001], [lateral-edge: 0.7153, lateral-2: 0.7153, lateral-3: 0.7908, lateral-4: 0.9031, lateral-5: 1.4211]
2025-10-27 01:06:41.963401 Epoch [025/070], Step [0001/0001], [lateral-edge: 0.7144, lateral-2: 0.7172, lateral-3: 0.7946, lateral-4: 0.9084, lateral-5: 1.3759]
2025-10-27 01:06:43.649807 Epoch [026/070], Step [0001/0001], [lateral-edge: 0.7135, lateral-2: 0.6986, lateral-3: 0.7790, lateral-4: 0.8941, lateral-5: 1.3803]
2025-10-27 01:06:45.328146 Epoch [027/070], Step [0001/0001], [lateral-edge: 0.7126, lateral-2: 0.6937, lateral-3: 0.7752, lateral-4: 0.8951, lateral-5: 1.3574]
2025-10-27 01:06:47.011483 Epoch [028/070], Step [0001/0001], [lateral-edge: 0.7118, lateral-2: 0.6842, lateral-3: 0.7671, lateral-4: 0.8852, lateral-5: 1.3370]
2025-10-27 01:06:48.707646 Epoch [029/070], Step [0001/0001], [lateral-edge: 0.7110, lateral-2: 0.6727, lateral-3: 0.7584, lateral-4: 0.8788, lateral-5: 1.3260]
[Saving Snapshot:] ./Snapshots/save_weights/Inf-Net_Morph/dilation/batch_64/run_3/Inf-Net-30.pth
2025-10-27 01:06:50.606576 Epoch [030/070], Step [0001/0001], [lateral-edge: 0.7103, lateral-2: 0.6603, lateral-3: 0.7472, lateral-4: 0.8688, lateral-5: 1.3139]
2025-10-27 01:06:52.260808 Epoch [031/070], Step [0001/0001], [lateral-edge: 0.7096, lateral-2: 0.6539, lateral-3: 0.7431, lateral-4: 0.8669, lateral-5: 1.2854]
2025-10-27 01:06:53.912603 Epoch [032/070], Step [0001/0001], [lateral-edge: 0.7089, lateral-2: 0.6418, lateral-3: 0.7330, lateral-4: 0.8586, lateral-5: 1.2711]
2025-10-27 01:06:55.566898 Epoch [033/070], Step [0001/0001], [lateral-edge: 0.7083, lateral-2: 0.6375, lateral-3: 0.7303, lateral-4: 0.8576, lateral-5: 1.2497]
2025-10-27 01:06:57.217827 Epoch [034/070], Step [0001/0001], [lateral-edge: 0.7077, lateral-2: 0.6286, lateral-3: 0.7228, lateral-4: 0.8499, lateral-5: 1.2357]
2025-10-27 01:06:58.862868 Epoch [035/070], Step [0001/0001], [lateral-edge: 0.7071, lateral-2: 0.6162, lateral-3: 0.7117, lateral-4: 0.8410, lateral-5: 1.2290]
2025-10-27 01:07:00.501233 Epoch [036/070], Step [0001/0001], [lateral-edge: 0.7066, lateral-2: 0.6169, lateral-3: 0.7139, lateral-4: 0.8425, lateral-5: 1.2025]
2025-10-27 01:07:02.133116 Epoch [037/070], Step [0001/0001], [lateral-edge: 0.7061, lateral-2: 0.6084, lateral-3: 0.7068, lateral-4: 0.8383, lateral-5: 1.2007]
2025-10-27 01:07:03.830522 Epoch [038/070], Step [0001/0001], [lateral-edge: 0.7056, lateral-2: 0.6028, lateral-3: 0.7028, lateral-4: 0.8356, lateral-5: 1.1823]
2025-10-27 01:07:05.510648 Epoch [039/070], Step [0001/0001], [lateral-edge: 0.7051, lateral-2: 0.5896, lateral-3: 0.6914, lateral-4: 0.8289, lateral-5: 1.1775]
[Saving Snapshot:] ./Snapshots/save_weights/Inf-Net_Morph/dilation/batch_64/run_3/Inf-Net-40.pth
2025-10-27 01:07:07.510272 Epoch [040/070], Step [0001/0001], [lateral-edge: 0.7047, lateral-2: 0.5931, lateral-3: 0.6976, lateral-4: 0.8329, lateral-5: 1.1560]
2025-10-27 01:07:09.147260 Epoch [041/070], Step [0001/0001], [lateral-edge: 0.7043, lateral-2: 0.5875, lateral-3: 0.6901, lateral-4: 0.8288, lateral-5: 1.1608]
2025-10-27 01:07:10.822956 Epoch [042/070], Step [0001/0001], [lateral-edge: 0.7039, lateral-2: 0.5901, lateral-3: 0.6983, lateral-4: 0.8355, lateral-5: 1.1441]
2025-10-27 01:07:12.473699 Epoch [043/070], Step [0001/0001], [lateral-edge: 0.7035, lateral-2: 0.5865, lateral-3: 0.6909, lateral-4: 0.8328, lateral-5: 1.1532]
2025-10-27 01:07:14.149902 Epoch [044/070], Step [0001/0001], [lateral-edge: 0.7032, lateral-2: 0.6010, lateral-3: 0.7081, lateral-4: 0.8409, lateral-5: 1.1199]
2025-10-27 01:07:15.816369 Epoch [045/070], Step [0001/0001], [lateral-edge: 0.7028, lateral-2: 0.6017, lateral-3: 0.7020, lateral-4: 0.8430, lateral-5: 1.1498]
2025-10-27 01:07:17.451235 Epoch [046/070], Step [0001/0001], [lateral-edge: 0.7025, lateral-2: 0.6098, lateral-3: 0.7156, lateral-4: 0.8478, lateral-5: 1.1050]
2025-10-27 01:07:19.099239 Epoch [047/070], Step [0001/0001], [lateral-edge: 0.7022, lateral-2: 0.5878, lateral-3: 0.6963, lateral-4: 0.8435, lateral-5: 1.1361]
2025-10-27 01:07:20.747364 Epoch [048/070], Step [0001/0001], [lateral-edge: 0.7019, lateral-2: 0.5824, lateral-3: 0.6929, lateral-4: 0.8343, lateral-5: 1.1063]
2025-10-27 01:07:22.402599 Epoch [049/070], Step [0001/0001], [lateral-edge: 0.7016, lateral-2: 0.5706, lateral-3: 0.6833, lateral-4: 0.8313, lateral-5: 1.1050]
[Saving Snapshot:] ./Snapshots/save_weights/Inf-Net_Morph/dilation/batch_64/run_3/Inf-Net-50.pth
2025-10-27 01:07:24.408941 Epoch [050/070], Step [0001/0001], [lateral-edge: 0.7014, lateral-2: 0.5589, lateral-3: 0.6735, lateral-4: 0.8210, lateral-5: 1.0942]
2025-10-27 01:07:26.056889 Epoch [051/070], Step [0001/0001], [lateral-edge: 0.7014, lateral-2: 0.5537, lateral-3: 0.6693, lateral-4: 0.8172, lateral-5: 1.0875]
2025-10-27 01:07:27.701123 Epoch [052/070], Step [0001/0001], [lateral-edge: 0.7014, lateral-2: 0.5529, lateral-3: 0.6687, lateral-4: 0.8167, lateral-5: 1.0865]
2025-10-27 01:07:29.336381 Epoch [053/070], Step [0001/0001], [lateral-edge: 0.7014, lateral-2: 0.5528, lateral-3: 0.6686, lateral-4: 0.8166, lateral-5: 1.0865]
2025-10-27 01:07:30.976068 Epoch [054/070], Step [0001/0001], [lateral-edge: 0.7014, lateral-2: 0.5528, lateral-3: 0.6687, lateral-4: 0.8167, lateral-5: 1.0864]
2025-10-27 01:07:32.606520 Epoch [055/070], Step [0001/0001], [lateral-edge: 0.7014, lateral-2: 0.5528, lateral-3: 0.6687, lateral-4: 0.8167, lateral-5: 1.0864]
2025-10-27 01:07:34.242005 Epoch [056/070], Step [0001/0001], [lateral-edge: 0.7014, lateral-2: 0.5528, lateral-3: 0.6687, lateral-4: 0.8167, lateral-5: 1.0865]
2025-10-27 01:07:35.911222 Epoch [057/070], Step [0001/0001], [lateral-edge: 0.7014, lateral-2: 0.5528, lateral-3: 0.6687, lateral-4: 0.8167, lateral-5: 1.0865]
2025-10-27 01:07:37.549457 Epoch [058/070], Step [0001/0001], [lateral-edge: 0.7014, lateral-2: 0.5528, lateral-3: 0.6687, lateral-4: 0.8167, lateral-5: 1.0865]
2025-10-27 01:07:39.193413 Epoch [059/070], Step [0001/0001], [lateral-edge: 0.7014, lateral-2: 0.5528, lateral-3: 0.6687, lateral-4: 0.8167, lateral-5: 1.0863]
[Saving Snapshot:] ./Snapshots/save_weights/Inf-Net_Morph/dilation/batch_64/run_3/Inf-Net-60.pth
2025-10-27 01:07:41.151266 Epoch [060/070], Step [0001/0001], [lateral-edge: 0.7014, lateral-2: 0.5528, lateral-3: 0.6687, lateral-4: 0.8167, lateral-5: 1.0865]
2025-10-27 01:07:42.810942 Epoch [061/070], Step [0001/0001], [lateral-edge: 0.7014, lateral-2: 0.5528, lateral-3: 0.6687, lateral-4: 0.8167, lateral-5: 1.0864]
2025-10-27 01:07:44.482121 Epoch [062/070], Step [0001/0001], [lateral-edge: 0.7014, lateral-2: 0.5528, lateral-3: 0.6687, lateral-4: 0.8167, lateral-5: 1.0864]
2025-10-27 01:07:46.120217 Epoch [063/070], Step [0001/0001], [lateral-edge: 0.7014, lateral-2: 0.5528, lateral-3: 0.6687, lateral-4: 0.8167, lateral-5: 1.0865]
2025-10-27 01:07:47.762333 Epoch [064/070], Step [0001/0001], [lateral-edge: 0.7014, lateral-2: 0.5528, lateral-3: 0.6687, lateral-4: 0.8167, lateral-5: 1.0865]
2025-10-27 01:07:49.400065 Epoch [065/070], Step [0001/0001], [lateral-edge: 0.7014, lateral-2: 0.5529, lateral-3: 0.6687, lateral-4: 0.8167, lateral-5: 1.0864]
2025-10-27 01:07:51.043100 Epoch [066/070], Step [0001/0001], [lateral-edge: 0.7014, lateral-2: 0.5527, lateral-3: 0.6687, lateral-4: 0.8167, lateral-5: 1.0864]
2025-10-27 01:07:52.735808 Epoch [067/070], Step [0001/0001], [lateral-edge: 0.7014, lateral-2: 0.5528, lateral-3: 0.6687, lateral-4: 0.8167, lateral-5: 1.0864]
2025-10-27 01:07:54.378225 Epoch [068/070], Step [0001/0001], [lateral-edge: 0.7014, lateral-2: 0.5528, lateral-3: 0.6687, lateral-4: 0.8167, lateral-5: 1.0865]
2025-10-27 01:07:56.035556 Epoch [069/070], Step [0001/0001], [lateral-edge: 0.7014, lateral-2: 0.5528, lateral-3: 0.6687, lateral-4: 0.8167, lateral-5: 1.0865]
[Saving Snapshot:] ./Snapshots/save_weights/Inf-Net_Morph/dilation/batch_64/run_3/Inf-Net-70.pth
2025-10-27 01:07:58.091084 Epoch [070/070], Step [0001/0001], [lateral-edge: 0.7014, lateral-2: 0.5529, lateral-3: 0.6687, lateral-4: 0.8167, lateral-5: 1.0864]
Training completed at Mon Oct 27 01:07:59 CET 2025
