Backbone loading: Res2Net50
Trainable: 31,072,721 / 33,121,721 parameters
Validator raised issues with model. Attempting auto-fix...
Original error: UnsupportedModuleError
Model successfully fixed for differential privacy
Not loading weights from weights file
###################################################################### 
Start Training (Inf_Net-DP)
Network: Inf_Net
Batch Size: 24
DP Enabled (ε=200.0, δ=1e-05, clipping=psac)
Morphology: Disabled
Architecture: GroupNorm (with DP)
Save Path: ./Snapshots/save_weights/Inf-Net_DP/batch_24/run_3/epsilon_200/psac
Run: 3
Namespace(network='Inf_Net', epoch=100, lr=0.0001, batchsize=24, trainsize=352, clip=0.5, decay_rate=0.1, decay_epoch=50, is_thop=False, gpu_device=0, num_workers=8, net_channel=32, init_features=32, n_classes=1, in_channels=3, backbone='Res2Net50', deep_supervision=False, train_path='./Dataset/TrainingSet/LungInfection-Train/Doctor-label', is_semi=False, is_pseudo=False, train_save=None, run=3, enable_privacy=True, epsilon=200.0, max_grad_norm=1.2, delta=1e-05, clipping_strategy='psac', enable_morphology=False, morph_operation='both', morph_kernel_size=3, device='cuda')
 ######################################################################
2025-11-09 00:35:58.222745 Epoch [001/100], Step [0003/0003], [lateral-edge: 0.7731, lateral-2: 1.6985, lateral-3: 1.6767, lateral-4: 1.5919, lateral-5: 1.5551, epsilon: 23.2690]
2025-11-09 00:36:02.091232 Epoch [002/100], Step [0003/0003], [lateral-edge: 0.7710, lateral-2: 1.5959, lateral-3: 1.5842, lateral-4: 1.5246, lateral-5: 1.5323, epsilon: 32.9982]
2025-11-09 00:36:06.386314 Epoch [003/100], Step [0003/0003], [lateral-edge: 0.7717, lateral-2: 1.5326, lateral-3: 1.5214, lateral-4: 1.4843, lateral-5: 1.5145, epsilon: 41.1241]
2025-11-09 00:36:09.939985 Epoch [004/100], Step [0003/0003], [lateral-edge: 0.7708, lateral-2: 1.5319, lateral-3: 1.5242, lateral-4: 1.4917, lateral-5: 1.5264, epsilon: 48.4492]
2025-11-09 00:36:13.784453 Epoch [005/100], Step [0003/0003], [lateral-edge: 0.7718, lateral-2: 1.5197, lateral-3: 1.5119, lateral-4: 1.4831, lateral-5: 1.5244, epsilon: 55.2708]
2025-11-09 00:36:17.519793 Epoch [006/100], Step [0003/0003], [lateral-edge: 0.7707, lateral-2: 1.4824, lateral-3: 1.4824, lateral-4: 1.4632, lateral-5: 1.5112, epsilon: 61.7384]
2025-11-09 00:36:21.756747 Epoch [007/100], Step [0003/0003], [lateral-edge: 0.7695, lateral-2: 1.4529, lateral-3: 1.4536, lateral-4: 1.4383, lateral-5: 1.4947, epsilon: 67.9394]
2025-11-09 00:36:25.610808 Epoch [008/100], Step [0003/0003], [lateral-edge: 0.7689, lateral-2: 1.4655, lateral-3: 1.4676, lateral-4: 1.4545, lateral-5: 1.5040, epsilon: 73.9304]
2025-11-09 00:36:29.167816 Epoch [009/100], Step [0003/0003], [lateral-edge: 0.7686, lateral-2: 1.4385, lateral-3: 1.4544, lateral-4: 1.4441, lateral-5: 1.4939, epsilon: 79.7503]
[Saving Snapshot:] ./Snapshots/save_weights/Inf-Net_DP/batch_24/run_3/epsilon_200/psac/Inf-Net-10.pth
[Privacy Budget]: ε = 79.75 (δ = 1e-05)
2025-11-09 00:36:33.280267 Epoch [010/100], Step [0003/0003], [lateral-edge: 0.7684, lateral-2: 1.4421, lateral-3: 1.4526, lateral-4: 1.4509, lateral-5: 1.4977, epsilon: 85.4276]
2025-11-09 00:36:36.894093 Epoch [011/100], Step [0003/0003], [lateral-edge: 0.7687, lateral-2: 1.4219, lateral-3: 1.4405, lateral-4: 1.4314, lateral-5: 1.4894, epsilon: 90.9833]
2025-11-09 00:36:40.803951 Epoch [012/100], Step [0003/0003], [lateral-edge: 0.7671, lateral-2: 1.4079, lateral-3: 1.4280, lateral-4: 1.4368, lateral-5: 1.4875, epsilon: 96.4339]
2025-11-09 00:36:44.614338 Epoch [013/100], Step [0003/0003], [lateral-edge: 0.7664, lateral-2: 1.4010, lateral-3: 1.4193, lateral-4: 1.4253, lateral-5: 1.4817, epsilon: 101.7925]
2025-11-09 00:36:48.493097 Epoch [014/100], Step [0003/0003], [lateral-edge: 0.7662, lateral-2: 1.3794, lateral-3: 1.4058, lateral-4: 1.4165, lateral-5: 1.4779, epsilon: 107.0697]
2025-11-09 00:36:52.482252 Epoch [015/100], Step [0003/0003], [lateral-edge: 0.7662, lateral-2: 1.3422, lateral-3: 1.3783, lateral-4: 1.3877, lateral-5: 1.4611, epsilon: 112.2740]
2025-11-09 00:36:56.556138 Epoch [016/100], Step [0003/0003], [lateral-edge: 0.7655, lateral-2: 1.3680, lateral-3: 1.3966, lateral-4: 1.4090, lateral-5: 1.4677, epsilon: 117.4127]
2025-11-09 00:37:00.668346 Epoch [017/100], Step [0003/0003], [lateral-edge: 0.7654, lateral-2: 1.3358, lateral-3: 1.3637, lateral-4: 1.3792, lateral-5: 1.4551, epsilon: 122.4920]
2025-11-09 00:37:04.709471 Epoch [018/100], Step [0003/0003], [lateral-edge: 0.7629, lateral-2: 1.3188, lateral-3: 1.3507, lateral-4: 1.3619, lateral-5: 1.4400, epsilon: 127.5171]
2025-11-09 00:37:08.693168 Epoch [019/100], Step [0003/0003], [lateral-edge: 0.7624, lateral-2: 1.2998, lateral-3: 1.3425, lateral-4: 1.3667, lateral-5: 1.4391, epsilon: 132.4924]
[Saving Snapshot:] ./Snapshots/save_weights/Inf-Net_DP/batch_24/run_3/epsilon_200/psac/Inf-Net-20.pth
[Privacy Budget]: ε = 132.49 (δ = 1e-05)
2025-11-09 00:37:13.209184 Epoch [020/100], Step [0003/0003], [lateral-edge: 0.7636, lateral-2: 1.3016, lateral-3: 1.3393, lateral-4: 1.3671, lateral-5: 1.4430, epsilon: 137.4219]
2025-11-09 00:37:17.539665 Epoch [021/100], Step [0003/0003], [lateral-edge: 0.7628, lateral-2: 1.3055, lateral-3: 1.3426, lateral-4: 1.3720, lateral-5: 1.4442, epsilon: 142.3090]
2025-11-09 00:37:21.765007 Epoch [022/100], Step [0003/0003], [lateral-edge: 0.7617, lateral-2: 1.2734, lateral-3: 1.3150, lateral-4: 1.3384, lateral-5: 1.4290, epsilon: 147.1567]
2025-11-09 00:37:25.762638 Epoch [023/100], Step [0003/0003], [lateral-edge: 0.7605, lateral-2: 1.2671, lateral-3: 1.3076, lateral-4: 1.3408, lateral-5: 1.4220, epsilon: 151.9677]
2025-11-09 00:37:30.322358 Epoch [024/100], Step [0003/0003], [lateral-edge: 0.7613, lateral-2: 1.2479, lateral-3: 1.2920, lateral-4: 1.3257, lateral-5: 1.4190, epsilon: 156.7444]
2025-11-09 00:37:34.217294 Epoch [025/100], Step [0003/0003], [lateral-edge: 0.7602, lateral-2: 1.2327, lateral-3: 1.2750, lateral-4: 1.3179, lateral-5: 1.4110, epsilon: 161.4889]
2025-11-09 00:37:38.640924 Epoch [026/100], Step [0003/0003], [lateral-edge: 0.7590, lateral-2: 1.2305, lateral-3: 1.2737, lateral-4: 1.3257, lateral-5: 1.4113, epsilon: 166.2031]
2025-11-09 00:37:43.172170 Epoch [027/100], Step [0003/0003], [lateral-edge: 0.7588, lateral-2: 1.2202, lateral-3: 1.2704, lateral-4: 1.3202, lateral-5: 1.4079, epsilon: 170.8887]
2025-11-09 00:37:47.902879 Epoch [028/100], Step [0003/0003], [lateral-edge: 0.7599, lateral-2: 1.2152, lateral-3: 1.2555, lateral-4: 1.3013, lateral-5: 1.3986, epsilon: 175.5475]
2025-11-09 00:37:52.645555 Epoch [029/100], Step [0003/0003], [lateral-edge: 0.7573, lateral-2: 1.2151, lateral-3: 1.2512, lateral-4: 1.2905, lateral-5: 1.3926, epsilon: 180.1807]
[Saving Snapshot:] ./Snapshots/save_weights/Inf-Net_DP/batch_24/run_3/epsilon_200/psac/Inf-Net-30.pth
[Privacy Budget]: ε = 180.18 (δ = 1e-05)
2025-11-09 00:37:57.960939 Epoch [030/100], Step [0003/0003], [lateral-edge: 0.7577, lateral-2: 1.2012, lateral-3: 1.2476, lateral-4: 1.3027, lateral-5: 1.3982, epsilon: 184.7897]
2025-11-09 00:38:03.113604 Epoch [031/100], Step [0003/0003], [lateral-edge: 0.7579, lateral-2: 1.1940, lateral-3: 1.2402, lateral-4: 1.2820, lateral-5: 1.3914, epsilon: 189.3757]
2025-11-09 00:38:06.939528 Epoch [032/100], Step [0003/0003], [lateral-edge: 0.7569, lateral-2: 1.2039, lateral-3: 1.2497, lateral-4: 1.3012, lateral-5: 1.3975, epsilon: 193.9399]
2025-11-09 00:38:11.622854 Epoch [033/100], Step [0003/0003], [lateral-edge: 0.7570, lateral-2: 1.2121, lateral-3: 1.2502, lateral-4: 1.2957, lateral-5: 1.3900, epsilon: 198.4832]
2025-11-09 00:38:16.111249 Epoch [034/100], Step [0003/0003], [lateral-edge: 0.7564, lateral-2: 1.1897, lateral-3: 1.2324, lateral-4: 1.2835, lateral-5: 1.3825, epsilon: 203.0065]
2025-11-09 00:38:21.039454 Epoch [035/100], Step [0003/0003], [lateral-edge: 0.7556, lateral-2: 1.1775, lateral-3: 1.2240, lateral-4: 1.2655, lateral-5: 1.3785, epsilon: 207.5109]
2025-11-09 00:38:26.162389 Epoch [036/100], Step [0003/0003], [lateral-edge: 0.7563, lateral-2: 1.1621, lateral-3: 1.2137, lateral-4: 1.2666, lateral-5: 1.3724, epsilon: 211.9970]
2025-11-09 00:38:30.580409 Epoch [037/100], Step [0003/0003], [lateral-edge: 0.7545, lateral-2: 1.1638, lateral-3: 1.2142, lateral-4: 1.2745, lateral-5: 1.3725, epsilon: 216.4657]
2025-11-09 00:38:34.782833 Epoch [038/100], Step [0003/0003], [lateral-edge: 0.7542, lateral-2: 1.1482, lateral-3: 1.1939, lateral-4: 1.2562, lateral-5: 1.3594, epsilon: 220.9176]
2025-11-09 00:38:40.494646 Epoch [039/100], Step [0003/0003], [lateral-edge: 0.7547, lateral-2: 1.1602, lateral-3: 1.2068, lateral-4: 1.2637, lateral-5: 1.3798, epsilon: 225.3534]
[Saving Snapshot:] ./Snapshots/save_weights/Inf-Net_DP/batch_24/run_3/epsilon_200/psac/Inf-Net-40.pth
[Privacy Budget]: ε = 225.35 (δ = 1e-05)
2025-11-09 00:38:47.495303 Epoch [040/100], Step [0003/0003], [lateral-edge: 0.7533, lateral-2: 1.1254, lateral-3: 1.1786, lateral-4: 1.2486, lateral-5: 1.3653, epsilon: 229.7737]
2025-11-09 00:38:52.733137 Epoch [041/100], Step [0003/0003], [lateral-edge: 0.7527, lateral-2: 1.1210, lateral-3: 1.1682, lateral-4: 1.2323, lateral-5: 1.3545, epsilon: 234.1791]
2025-11-09 00:38:57.108474 Epoch [042/100], Step [0003/0003], [lateral-edge: 0.7535, lateral-2: 1.1218, lateral-3: 1.1754, lateral-4: 1.2411, lateral-5: 1.3629, epsilon: 238.5701]
2025-11-09 00:39:02.732539 Epoch [043/100], Step [0003/0003], [lateral-edge: 0.7530, lateral-2: 1.1505, lateral-3: 1.1966, lateral-4: 1.2547, lateral-5: 1.3567, epsilon: 242.9474]
2025-11-09 00:39:06.816989 Epoch [044/100], Step [0003/0003], [lateral-edge: 0.7528, lateral-2: 1.1112, lateral-3: 1.1636, lateral-4: 1.2286, lateral-5: 1.3411, epsilon: 247.3112]
2025-11-09 00:39:12.323566 Epoch [045/100], Step [0003/0003], [lateral-edge: 0.7522, lateral-2: 1.1250, lateral-3: 1.1792, lateral-4: 1.2506, lateral-5: 1.3590, epsilon: 251.6621]
2025-11-09 00:39:16.774410 Epoch [046/100], Step [0003/0003], [lateral-edge: 0.7511, lateral-2: 1.1059, lateral-3: 1.1544, lateral-4: 1.2211, lateral-5: 1.3432, epsilon: 256.0006]
2025-11-09 00:39:22.536577 Epoch [047/100], Step [0003/0003], [lateral-edge: 0.7540, lateral-2: 1.0958, lateral-3: 1.1494, lateral-4: 1.2173, lateral-5: 1.3360, epsilon: 260.3270]
2025-11-09 00:39:28.550448 Epoch [048/100], Step [0003/0003], [lateral-edge: 0.7486, lateral-2: 1.1211, lateral-3: 1.1673, lateral-4: 1.2347, lateral-5: 1.3453, epsilon: 264.6417]
2025-11-09 00:39:35.983451 Epoch [049/100], Step [0003/0003], [lateral-edge: 0.7509, lateral-2: 1.1115, lateral-3: 1.1571, lateral-4: 1.2236, lateral-5: 1.3350, epsilon: 268.9451]
[Saving Snapshot:] ./Snapshots/save_weights/Inf-Net_DP/batch_24/run_3/epsilon_200/psac/Inf-Net-50.pth
[Privacy Budget]: ε = 268.95 (δ = 1e-05)
2025-11-09 00:39:44.948788 Epoch [050/100], Step [0003/0003], [lateral-edge: 0.7503, lateral-2: 1.1289, lateral-3: 1.1788, lateral-4: 1.2408, lateral-5: 1.3515, epsilon: 273.2375]
2025-11-09 00:39:49.745258 Epoch [051/100], Step [0003/0003], [lateral-edge: 0.7521, lateral-2: 1.0820, lateral-3: 1.1429, lateral-4: 1.2159, lateral-5: 1.3262, epsilon: 277.5192]
2025-11-09 00:39:54.278056 Epoch [052/100], Step [0003/0003], [lateral-edge: 0.7509, lateral-2: 1.0841, lateral-3: 1.1458, lateral-4: 1.2176, lateral-5: 1.3368, epsilon: 281.7906]
2025-11-09 00:40:00.751523 Epoch [053/100], Step [0003/0003], [lateral-edge: 0.7511, lateral-2: 1.1006, lateral-3: 1.1538, lateral-4: 1.2176, lateral-5: 1.3250, epsilon: 286.0520]
2025-11-09 00:40:07.373492 Epoch [054/100], Step [0003/0003], [lateral-edge: 0.7512, lateral-2: 1.1020, lateral-3: 1.1504, lateral-4: 1.2199, lateral-5: 1.3219, epsilon: 290.3036]
2025-11-09 00:40:13.459838 Epoch [055/100], Step [0003/0003], [lateral-edge: 0.7531, lateral-2: 1.0792, lateral-3: 1.1410, lateral-4: 1.2121, lateral-5: 1.3265, epsilon: 294.5457]
2025-11-09 00:40:19.109395 Epoch [056/100], Step [0003/0003], [lateral-edge: 0.7510, lateral-2: 1.0894, lateral-3: 1.1406, lateral-4: 1.2101, lateral-5: 1.3230, epsilon: 298.7786]
2025-11-09 00:40:25.846911 Epoch [057/100], Step [0003/0003], [lateral-edge: 0.7504, lateral-2: 1.1253, lateral-3: 1.1765, lateral-4: 1.2390, lateral-5: 1.3444, epsilon: 303.0025]
2025-11-09 00:40:31.474670 Epoch [058/100], Step [0003/0003], [lateral-edge: 0.7521, lateral-2: 1.0842, lateral-3: 1.1333, lateral-4: 1.2066, lateral-5: 1.3273, epsilon: 307.2177]
2025-11-09 00:40:37.953776 Epoch [059/100], Step [0003/0003], [lateral-edge: 0.7507, lateral-2: 1.0918, lateral-3: 1.1496, lateral-4: 1.2111, lateral-5: 1.3214, epsilon: 311.4244]
[Saving Snapshot:] ./Snapshots/save_weights/Inf-Net_DP/batch_24/run_3/epsilon_200/psac/Inf-Net-60.pth
[Privacy Budget]: ε = 311.42 (δ = 1e-05)
2025-11-09 00:40:45.822672 Epoch [060/100], Step [0003/0003], [lateral-edge: 0.7507, lateral-2: 1.1162, lateral-3: 1.1707, lateral-4: 1.2298, lateral-5: 1.3448, epsilon: 315.6227]
2025-11-09 00:40:52.707871 Epoch [061/100], Step [0003/0003], [lateral-edge: 0.7502, lateral-2: 1.0977, lateral-3: 1.1543, lateral-4: 1.2230, lateral-5: 1.3390, epsilon: 319.8130]
2025-11-09 00:41:01.443700 Epoch [062/100], Step [0003/0003], [lateral-edge: 0.7511, lateral-2: 1.0895, lateral-3: 1.1431, lateral-4: 1.2171, lateral-5: 1.3271, epsilon: 323.9954]
2025-11-09 00:41:08.621747 Epoch [063/100], Step [0003/0003], [lateral-edge: 0.7500, lateral-2: 1.1028, lateral-3: 1.1603, lateral-4: 1.2304, lateral-5: 1.3384, epsilon: 328.1700]
2025-11-09 00:41:18.016633 Epoch [064/100], Step [0003/0003], [lateral-edge: 0.7505, lateral-2: 1.0924, lateral-3: 1.1538, lateral-4: 1.2309, lateral-5: 1.3454, epsilon: 332.3372]
2025-11-09 00:41:26.076034 Epoch [065/100], Step [0003/0003], [lateral-edge: 0.7517, lateral-2: 1.1017, lateral-3: 1.1596, lateral-4: 1.2259, lateral-5: 1.3393, epsilon: 336.4970]
2025-11-09 00:41:31.805246 Epoch [066/100], Step [0003/0003], [lateral-edge: 0.7510, lateral-2: 1.1042, lateral-3: 1.1565, lateral-4: 1.2213, lateral-5: 1.3335, epsilon: 340.6496]
2025-11-09 00:41:37.469013 Epoch [067/100], Step [0003/0003], [lateral-edge: 0.7518, lateral-2: 1.1306, lateral-3: 1.1708, lateral-4: 1.2286, lateral-5: 1.3306, epsilon: 344.7952]
2025-11-09 00:41:44.625571 Epoch [068/100], Step [0003/0003], [lateral-edge: 0.7502, lateral-2: 1.1020, lateral-3: 1.1511, lateral-4: 1.2178, lateral-5: 1.3191, epsilon: 348.9339]
2025-11-09 00:41:52.135875 Epoch [069/100], Step [0003/0003], [lateral-edge: 0.7503, lateral-2: 1.1117, lateral-3: 1.1593, lateral-4: 1.2256, lateral-5: 1.3329, epsilon: 353.0660]
[Saving Snapshot:] ./Snapshots/save_weights/Inf-Net_DP/batch_24/run_3/epsilon_200/psac/Inf-Net-70.pth
[Privacy Budget]: ε = 353.07 (δ = 1e-05)
2025-11-09 00:42:03.418505 Epoch [070/100], Step [0003/0003], [lateral-edge: 0.7514, lateral-2: 1.1040, lateral-3: 1.1573, lateral-4: 1.2256, lateral-5: 1.3367, epsilon: 357.1914]
2025-11-09 00:42:11.247781 Epoch [071/100], Step [0003/0003], [lateral-edge: 0.7504, lateral-2: 1.1185, lateral-3: 1.1686, lateral-4: 1.2341, lateral-5: 1.3379, epsilon: 361.3105]
2025-11-09 00:42:18.465143 Epoch [072/100], Step [0003/0003], [lateral-edge: 0.7508, lateral-2: 1.0695, lateral-3: 1.1252, lateral-4: 1.2001, lateral-5: 1.3228, epsilon: 365.4233]
2025-11-09 00:42:26.428905 Epoch [073/100], Step [0003/0003], [lateral-edge: 0.7515, lateral-2: 1.0664, lateral-3: 1.1291, lateral-4: 1.2094, lateral-5: 1.3308, epsilon: 369.5299]
2025-11-09 00:42:32.501492 Epoch [074/100], Step [0003/0003], [lateral-edge: 0.7504, lateral-2: 1.1154, lateral-3: 1.1595, lateral-4: 1.2240, lateral-5: 1.3300, epsilon: 373.6305]
2025-11-09 00:42:40.280569 Epoch [075/100], Step [0003/0003], [lateral-edge: 0.7517, lateral-2: 1.0842, lateral-3: 1.1343, lateral-4: 1.2115, lateral-5: 1.3348, epsilon: 377.7252]
2025-11-09 00:42:48.380356 Epoch [076/100], Step [0003/0003], [lateral-edge: 0.7501, lateral-2: 1.0986, lateral-3: 1.1518, lateral-4: 1.2250, lateral-5: 1.3309, epsilon: 381.8140]
2025-11-09 00:42:56.504171 Epoch [077/100], Step [0003/0003], [lateral-edge: 0.7522, lateral-2: 1.1076, lateral-3: 1.1583, lateral-4: 1.2218, lateral-5: 1.3369, epsilon: 385.8973]
2025-11-09 00:43:02.167308 Epoch [078/100], Step [0003/0003], [lateral-edge: 0.7514, lateral-2: 1.0994, lateral-3: 1.1545, lateral-4: 1.2251, lateral-5: 1.3400, epsilon: 389.9749]
2025-11-09 00:43:11.158973 Epoch [079/100], Step [0003/0003], [lateral-edge: 0.7513, lateral-2: 1.0943, lateral-3: 1.1502, lateral-4: 1.2198, lateral-5: 1.3347, epsilon: 394.0471]
[Saving Snapshot:] ./Snapshots/save_weights/Inf-Net_DP/batch_24/run_3/epsilon_200/psac/Inf-Net-80.pth
[Privacy Budget]: ε = 394.05 (δ = 1e-05)
2025-11-09 00:43:24.615201 Epoch [080/100], Step [0003/0003], [lateral-edge: 0.7517, lateral-2: 1.0942, lateral-3: 1.1529, lateral-4: 1.2337, lateral-5: 1.3350, epsilon: 398.1140]
2025-11-09 00:43:33.298848 Epoch [081/100], Step [0003/0003], [lateral-edge: 0.7520, lateral-2: 1.1080, lateral-3: 1.1583, lateral-4: 1.2192, lateral-5: 1.3336, epsilon: 402.1756]
2025-11-09 00:43:41.898612 Epoch [082/100], Step [0003/0003], [lateral-edge: 0.7516, lateral-2: 1.0957, lateral-3: 1.1459, lateral-4: 1.2144, lateral-5: 1.3239, epsilon: 406.2320]
2025-11-09 00:43:55.675790 Epoch [083/100], Step [0003/0003], [lateral-edge: 0.7505, lateral-2: 1.1151, lateral-3: 1.1588, lateral-4: 1.2156, lateral-5: 1.3229, epsilon: 410.2834]
2025-11-09 00:44:04.427669 Epoch [084/100], Step [0003/0003], [lateral-edge: 0.7512, lateral-2: 1.1085, lateral-3: 1.1531, lateral-4: 1.2150, lateral-5: 1.3277, epsilon: 414.3298]
2025-11-09 00:44:11.545848 Epoch [085/100], Step [0003/0003], [lateral-edge: 0.7511, lateral-2: 1.1154, lateral-3: 1.1703, lateral-4: 1.2284, lateral-5: 1.3390, epsilon: 418.3713]
2025-11-09 00:44:20.782684 Epoch [086/100], Step [0003/0003], [lateral-edge: 0.7510, lateral-2: 1.1233, lateral-3: 1.1673, lateral-4: 1.2224, lateral-5: 1.3172, epsilon: 422.4081]
2025-11-09 00:44:30.163237 Epoch [087/100], Step [0003/0003], [lateral-edge: 0.7523, lateral-2: 1.1000, lateral-3: 1.1528, lateral-4: 1.2186, lateral-5: 1.3294, epsilon: 426.4401]
2025-11-09 00:44:38.762069 Epoch [088/100], Step [0003/0003], [lateral-edge: 0.7506, lateral-2: 1.1090, lateral-3: 1.1654, lateral-4: 1.2316, lateral-5: 1.3332, epsilon: 430.4675]
2025-11-09 00:44:48.626051 Epoch [089/100], Step [0003/0003], [lateral-edge: 0.7510, lateral-2: 1.1245, lateral-3: 1.1643, lateral-4: 1.2135, lateral-5: 1.3230, epsilon: 434.4903]
[Saving Snapshot:] ./Snapshots/save_weights/Inf-Net_DP/batch_24/run_3/epsilon_200/psac/Inf-Net-90.pth
[Privacy Budget]: ε = 434.49 (δ = 1e-05)
2025-11-09 00:45:02.598990 Epoch [090/100], Step [0003/0003], [lateral-edge: 0.7521, lateral-2: 1.1022, lateral-3: 1.1424, lateral-4: 1.2105, lateral-5: 1.3238, epsilon: 438.5087]
2025-11-09 00:45:12.787411 Epoch [091/100], Step [0003/0003], [lateral-edge: 0.7516, lateral-2: 1.0996, lateral-3: 1.1530, lateral-4: 1.2176, lateral-5: 1.3312, epsilon: 442.5227]
2025-11-09 00:45:22.611143 Epoch [092/100], Step [0003/0003], [lateral-edge: 0.7513, lateral-2: 1.0935, lateral-3: 1.1497, lateral-4: 1.2195, lateral-5: 1.3309, epsilon: 446.5323]
2025-11-09 00:45:34.872529 Epoch [093/100], Step [0003/0003], [lateral-edge: 0.7521, lateral-2: 1.1079, lateral-3: 1.1607, lateral-4: 1.2295, lateral-5: 1.3362, epsilon: 450.5377]
2025-11-09 00:45:44.610295 Epoch [094/100], Step [0003/0003], [lateral-edge: 0.7500, lateral-2: 1.0968, lateral-3: 1.1519, lateral-4: 1.2270, lateral-5: 1.3333, epsilon: 454.5389]
2025-11-09 00:45:53.925642 Epoch [095/100], Step [0003/0003], [lateral-edge: 0.7520, lateral-2: 1.1275, lateral-3: 1.1771, lateral-4: 1.2371, lateral-5: 1.3456, epsilon: 458.5359]
2025-11-09 00:46:01.733203 Epoch [096/100], Step [0003/0003], [lateral-edge: 0.7508, lateral-2: 1.1377, lateral-3: 1.1807, lateral-4: 1.2328, lateral-5: 1.3513, epsilon: 462.5289]
2025-11-09 00:46:13.670853 Epoch [097/100], Step [0003/0003], [lateral-edge: 0.7513, lateral-2: 1.1137, lateral-3: 1.1671, lateral-4: 1.2297, lateral-5: 1.3483, epsilon: 466.5179]
2025-11-09 00:46:23.782436 Epoch [098/100], Step [0003/0003], [lateral-edge: 0.7507, lateral-2: 1.0842, lateral-3: 1.1418, lateral-4: 1.2184, lateral-5: 1.3292, epsilon: 470.5030]
2025-11-09 00:46:34.611453 Epoch [099/100], Step [0003/0003], [lateral-edge: 0.7502, lateral-2: 1.0979, lateral-3: 1.1537, lateral-4: 1.2170, lateral-5: 1.3315, epsilon: 474.4842]
[Saving Snapshot:] ./Snapshots/save_weights/Inf-Net_DP/batch_24/run_3/epsilon_200/psac/Inf-Net-100.pth
[Privacy Budget]: ε = 474.48 (δ = 1e-05)
2025-11-09 00:46:50.534995 Epoch [100/100], Step [0003/0003], [lateral-edge: 0.7508, lateral-2: 1.1320, lateral-3: 1.1782, lateral-4: 1.2342, lateral-5: 1.3450, epsilon: 478.4616]
Training completed at Sun Nov  9 00:46:52 CET 2025
