Backbone loading: Res2Net50
Converting BatchNorm to GroupNorm for fair comparison with DP models
Model architecture converted to GroupNorm
Not loading weights from weights file
################################################## 
Start Training (Inf-Net-GroupNorm)
Backbone: Res2Net50
Batch Size: 64
Morphology: close
Architecture: GroupNorm (no DP)
Save Path: ./Snapshots/save_weights/Inf-Net_Morph_GroupNorm/close/batch_64/run_1
Run: 1
Namespace(epoch=70, lr=0.0001, batchsize=64, trainsize=352, clip=0.5, decay_rate=0.1, decay_epoch=50, is_thop=False, gpu_device=0, num_workers=8, net_channel=32, n_classes=1, backbone='Res2Net50', train_path='./Dataset/TrainingSet/LungInfection-Train/Doctor-label', is_semi=False, is_pseudo=False, train_save=None, run=1, enable_morphology=True, morph_operation='close', morph_kernel_size=3, device='cuda')
 ##################################################
2025-10-27 22:35:54.413845 Epoch [001/070], Step [0001/0001], [lateral-edge: 0.7684, lateral-2: 1.5328, lateral-3: 1.5123, lateral-4: 1.6181, lateral-5: 1.5239]
2025-10-27 22:35:56.053374 Epoch [002/070], Step [0001/0001], [lateral-edge: 0.7633, lateral-2: 1.2275, lateral-3: 1.3071, lateral-4: 1.3608, lateral-5: 1.4199]
2025-10-27 22:35:57.698967 Epoch [003/070], Step [0001/0001], [lateral-edge: 0.7611, lateral-2: 1.1154, lateral-3: 1.1819, lateral-4: 1.2600, lateral-5: 1.2973]
2025-10-27 22:35:59.344571 Epoch [004/070], Step [0001/0001], [lateral-edge: 0.7568, lateral-2: 1.0478, lateral-3: 1.1167, lateral-4: 1.1825, lateral-5: 1.2031]
2025-10-27 22:36:00.973665 Epoch [005/070], Step [0001/0001], [lateral-edge: 0.7570, lateral-2: 0.9913, lateral-3: 1.0613, lateral-4: 1.1304, lateral-5: 1.1375]
2025-10-27 22:36:02.626940 Epoch [006/070], Step [0001/0001], [lateral-edge: 0.7533, lateral-2: 0.9513, lateral-3: 1.0262, lateral-4: 1.1066, lateral-5: 1.1070]
2025-10-27 22:36:04.290872 Epoch [007/070], Step [0001/0001], [lateral-edge: 0.7515, lateral-2: 0.9228, lateral-3: 0.9923, lateral-4: 1.0818, lateral-5: 1.0444]
2025-10-27 22:36:05.956617 Epoch [008/070], Step [0001/0001], [lateral-edge: 0.7479, lateral-2: 0.9084, lateral-3: 0.9809, lateral-4: 1.0784, lateral-5: 1.0214]
2025-10-27 22:36:07.592365 Epoch [009/070], Step [0001/0001], [lateral-edge: 0.7458, lateral-2: 0.8837, lateral-3: 0.9660, lateral-4: 1.0675, lateral-5: 1.0445]
[Saving Snapshot:] ./Snapshots/save_weights/Inf-Net_Morph_GroupNorm/close/batch_64/run_1/Inf-Net-10.pth
2025-10-27 22:36:09.446828 Epoch [010/070], Step [0001/0001], [lateral-edge: 0.7436, lateral-2: 0.8509, lateral-3: 0.9283, lateral-4: 1.0198, lateral-5: 0.9783]
2025-10-27 22:36:11.081434 Epoch [011/070], Step [0001/0001], [lateral-edge: 0.7415, lateral-2: 0.8237, lateral-3: 0.9056, lateral-4: 1.0056, lateral-5: 0.9611]
2025-10-27 22:36:12.715309 Epoch [012/070], Step [0001/0001], [lateral-edge: 0.7399, lateral-2: 0.8091, lateral-3: 0.8858, lateral-4: 0.9890, lateral-5: 0.9144]
2025-10-27 22:36:14.346724 Epoch [013/070], Step [0001/0001], [lateral-edge: 0.7382, lateral-2: 0.7756, lateral-3: 0.8574, lateral-4: 0.9604, lateral-5: 0.9060]
2025-10-27 22:36:15.970250 Epoch [014/070], Step [0001/0001], [lateral-edge: 0.7366, lateral-2: 0.7595, lateral-3: 0.8435, lateral-4: 0.9460, lateral-5: 0.8779]
2025-10-27 22:36:17.607326 Epoch [015/070], Step [0001/0001], [lateral-edge: 0.7352, lateral-2: 0.7472, lateral-3: 0.8293, lateral-4: 0.9399, lateral-5: 0.8658]
2025-10-27 22:36:19.251961 Epoch [016/070], Step [0001/0001], [lateral-edge: 0.7341, lateral-2: 0.7293, lateral-3: 0.8214, lateral-4: 0.9315, lateral-5: 0.8503]
2025-10-27 22:36:20.914087 Epoch [017/070], Step [0001/0001], [lateral-edge: 0.7328, lateral-2: 0.7050, lateral-3: 0.7975, lateral-4: 0.9129, lateral-5: 0.8298]
2025-10-27 22:36:22.556743 Epoch [018/070], Step [0001/0001], [lateral-edge: 0.7317, lateral-2: 0.7155, lateral-3: 0.8029, lateral-4: 0.9117, lateral-5: 0.8165]
2025-10-27 22:36:24.190628 Epoch [019/070], Step [0001/0001], [lateral-edge: 0.7307, lateral-2: 0.7052, lateral-3: 0.7994, lateral-4: 0.9204, lateral-5: 0.8190]
[Saving Snapshot:] ./Snapshots/save_weights/Inf-Net_Morph_GroupNorm/close/batch_64/run_1/Inf-Net-20.pth
2025-10-27 22:36:26.101908 Epoch [020/070], Step [0001/0001], [lateral-edge: 0.7297, lateral-2: 0.6869, lateral-3: 0.7832, lateral-4: 0.9050, lateral-5: 0.8026]
2025-10-27 22:36:27.757417 Epoch [021/070], Step [0001/0001], [lateral-edge: 0.7288, lateral-2: 0.6997, lateral-3: 0.7899, lateral-4: 0.9026, lateral-5: 0.7972]
2025-10-27 22:36:29.408390 Epoch [022/070], Step [0001/0001], [lateral-edge: 0.7280, lateral-2: 0.6724, lateral-3: 0.7674, lateral-4: 0.8892, lateral-5: 0.7785]
2025-10-27 22:36:31.035004 Epoch [023/070], Step [0001/0001], [lateral-edge: 0.7271, lateral-2: 0.6636, lateral-3: 0.7585, lateral-4: 0.8752, lateral-5: 0.7711]
2025-10-27 22:36:32.663040 Epoch [024/070], Step [0001/0001], [lateral-edge: 0.7263, lateral-2: 0.6454, lateral-3: 0.7473, lateral-4: 0.8714, lateral-5: 0.7549]
2025-10-27 22:36:34.294732 Epoch [025/070], Step [0001/0001], [lateral-edge: 0.7254, lateral-2: 0.6384, lateral-3: 0.7381, lateral-4: 0.8616, lateral-5: 0.7399]
2025-10-27 22:36:35.907819 Epoch [026/070], Step [0001/0001], [lateral-edge: 0.7246, lateral-2: 0.6309, lateral-3: 0.7335, lateral-4: 0.8526, lateral-5: 0.7339]
2025-10-27 22:36:37.528732 Epoch [027/070], Step [0001/0001], [lateral-edge: 0.7237, lateral-2: 0.6255, lateral-3: 0.7286, lateral-4: 0.8581, lateral-5: 0.7257]
2025-10-27 22:36:39.179886 Epoch [028/070], Step [0001/0001], [lateral-edge: 0.7229, lateral-2: 0.6159, lateral-3: 0.7207, lateral-4: 0.8427, lateral-5: 0.7129]
2025-10-27 22:36:40.821342 Epoch [029/070], Step [0001/0001], [lateral-edge: 0.7221, lateral-2: 0.6092, lateral-3: 0.7152, lateral-4: 0.8409, lateral-5: 0.7002]
[Saving Snapshot:] ./Snapshots/save_weights/Inf-Net_Morph_GroupNorm/close/batch_64/run_1/Inf-Net-30.pth
2025-10-27 22:36:42.669626 Epoch [030/070], Step [0001/0001], [lateral-edge: 0.7212, lateral-2: 0.6030, lateral-3: 0.7127, lateral-4: 0.8421, lateral-5: 0.6982]
2025-10-27 22:36:44.306871 Epoch [031/070], Step [0001/0001], [lateral-edge: 0.7204, lateral-2: 0.6014, lateral-3: 0.7074, lateral-4: 0.8316, lateral-5: 0.6898]
2025-10-27 22:36:45.948366 Epoch [032/070], Step [0001/0001], [lateral-edge: 0.7196, lateral-2: 0.5872, lateral-3: 0.6993, lateral-4: 0.8301, lateral-5: 0.6765]
2025-10-27 22:36:47.596099 Epoch [033/070], Step [0001/0001], [lateral-edge: 0.7188, lateral-2: 0.5990, lateral-3: 0.7068, lateral-4: 0.8394, lateral-5: 0.6844]
2025-10-27 22:36:49.231181 Epoch [034/070], Step [0001/0001], [lateral-edge: 0.7180, lateral-2: 0.5956, lateral-3: 0.7037, lateral-4: 0.8317, lateral-5: 0.6801]
2025-10-27 22:36:50.859447 Epoch [035/070], Step [0001/0001], [lateral-edge: 0.7173, lateral-2: 0.5817, lateral-3: 0.6944, lateral-4: 0.8298, lateral-5: 0.6666]
2025-10-27 22:36:52.489874 Epoch [036/070], Step [0001/0001], [lateral-edge: 0.7165, lateral-2: 0.5751, lateral-3: 0.6901, lateral-4: 0.8216, lateral-5: 0.6630]
2025-10-27 22:36:54.102128 Epoch [037/070], Step [0001/0001], [lateral-edge: 0.7157, lateral-2: 0.5662, lateral-3: 0.6807, lateral-4: 0.8139, lateral-5: 0.6500]
2025-10-27 22:36:55.734111 Epoch [038/070], Step [0001/0001], [lateral-edge: 0.7149, lateral-2: 0.5672, lateral-3: 0.6833, lateral-4: 0.8162, lateral-5: 0.6496]
2025-10-27 22:36:57.359851 Epoch [039/070], Step [0001/0001], [lateral-edge: 0.7142, lateral-2: 0.5668, lateral-3: 0.6823, lateral-4: 0.8200, lateral-5: 0.6515]
[Saving Snapshot:] ./Snapshots/save_weights/Inf-Net_Morph_GroupNorm/close/batch_64/run_1/Inf-Net-40.pth
2025-10-27 22:36:59.260619 Epoch [040/070], Step [0001/0001], [lateral-edge: 0.7134, lateral-2: 0.5596, lateral-3: 0.6750, lateral-4: 0.8081, lateral-5: 0.6370]
2025-10-27 22:37:00.922244 Epoch [041/070], Step [0001/0001], [lateral-edge: 0.7127, lateral-2: 0.5541, lateral-3: 0.6742, lateral-4: 0.8122, lateral-5: 0.6377]
2025-10-27 22:37:02.539079 Epoch [042/070], Step [0001/0001], [lateral-edge: 0.7120, lateral-2: 0.5484, lateral-3: 0.6680, lateral-4: 0.8048, lateral-5: 0.6263]
2025-10-27 22:37:04.151185 Epoch [043/070], Step [0001/0001], [lateral-edge: 0.7113, lateral-2: 0.5490, lateral-3: 0.6674, lateral-4: 0.8025, lateral-5: 0.6258]
2025-10-27 22:37:05.783244 Epoch [044/070], Step [0001/0001], [lateral-edge: 0.7106, lateral-2: 0.5393, lateral-3: 0.6631, lateral-4: 0.8030, lateral-5: 0.6160]
2025-10-27 22:37:07.410225 Epoch [045/070], Step [0001/0001], [lateral-edge: 0.7100, lateral-2: 0.5434, lateral-3: 0.6648, lateral-4: 0.8070, lateral-5: 0.6156]
2025-10-27 22:37:09.060330 Epoch [046/070], Step [0001/0001], [lateral-edge: 0.7094, lateral-2: 0.5474, lateral-3: 0.6645, lateral-4: 0.7978, lateral-5: 0.6150]
2025-10-27 22:37:10.690232 Epoch [047/070], Step [0001/0001], [lateral-edge: 0.7087, lateral-2: 0.5315, lateral-3: 0.6574, lateral-4: 0.8014, lateral-5: 0.6095]
2025-10-27 22:37:12.313070 Epoch [048/070], Step [0001/0001], [lateral-edge: 0.7082, lateral-2: 0.5364, lateral-3: 0.6573, lateral-4: 0.8008, lateral-5: 0.6047]
2025-10-27 22:37:13.958524 Epoch [049/070], Step [0001/0001], [lateral-edge: 0.7075, lateral-2: 0.5394, lateral-3: 0.6617, lateral-4: 0.7991, lateral-5: 0.6041]
[Saving Snapshot:] ./Snapshots/save_weights/Inf-Net_Morph_GroupNorm/close/batch_64/run_1/Inf-Net-50.pth
2025-10-27 22:37:15.792210 Epoch [050/070], Step [0001/0001], [lateral-edge: 0.7071, lateral-2: 0.5320, lateral-3: 0.6544, lateral-4: 0.7995, lateral-5: 0.6001]
2025-10-27 22:37:17.423189 Epoch [051/070], Step [0001/0001], [lateral-edge: 0.7071, lateral-2: 0.5174, lateral-3: 0.6445, lateral-4: 0.7891, lateral-5: 0.5906]
2025-10-27 22:37:19.038628 Epoch [052/070], Step [0001/0001], [lateral-edge: 0.7071, lateral-2: 0.5158, lateral-3: 0.6434, lateral-4: 0.7879, lateral-5: 0.5895]
2025-10-27 22:37:20.669398 Epoch [053/070], Step [0001/0001], [lateral-edge: 0.7071, lateral-2: 0.5156, lateral-3: 0.6433, lateral-4: 0.7877, lateral-5: 0.5894]
2025-10-27 22:37:22.306602 Epoch [054/070], Step [0001/0001], [lateral-edge: 0.7071, lateral-2: 0.5156, lateral-3: 0.6433, lateral-4: 0.7877, lateral-5: 0.5894]
2025-10-27 22:37:23.929432 Epoch [055/070], Step [0001/0001], [lateral-edge: 0.7071, lateral-2: 0.5156, lateral-3: 0.6433, lateral-4: 0.7877, lateral-5: 0.5894]
2025-10-27 22:37:25.548719 Epoch [056/070], Step [0001/0001], [lateral-edge: 0.7071, lateral-2: 0.5156, lateral-3: 0.6433, lateral-4: 0.7877, lateral-5: 0.5894]
2025-10-27 22:37:27.205326 Epoch [057/070], Step [0001/0001], [lateral-edge: 0.7071, lateral-2: 0.5156, lateral-3: 0.6433, lateral-4: 0.7877, lateral-5: 0.5894]
2025-10-27 22:37:28.840054 Epoch [058/070], Step [0001/0001], [lateral-edge: 0.7071, lateral-2: 0.5156, lateral-3: 0.6433, lateral-4: 0.7877, lateral-5: 0.5894]
2025-10-27 22:37:30.492160 Epoch [059/070], Step [0001/0001], [lateral-edge: 0.7071, lateral-2: 0.5156, lateral-3: 0.6433, lateral-4: 0.7877, lateral-5: 0.5894]
[Saving Snapshot:] ./Snapshots/save_weights/Inf-Net_Morph_GroupNorm/close/batch_64/run_1/Inf-Net-60.pth
2025-10-27 22:37:32.363481 Epoch [060/070], Step [0001/0001], [lateral-edge: 0.7071, lateral-2: 0.5156, lateral-3: 0.6433, lateral-4: 0.7877, lateral-5: 0.5894]
2025-10-27 22:37:33.981447 Epoch [061/070], Step [0001/0001], [lateral-edge: 0.7071, lateral-2: 0.5156, lateral-3: 0.6433, lateral-4: 0.7877, lateral-5: 0.5894]
2025-10-27 22:37:35.626063 Epoch [062/070], Step [0001/0001], [lateral-edge: 0.7071, lateral-2: 0.5156, lateral-3: 0.6433, lateral-4: 0.7877, lateral-5: 0.5894]
2025-10-27 22:37:37.236986 Epoch [063/070], Step [0001/0001], [lateral-edge: 0.7071, lateral-2: 0.5156, lateral-3: 0.6433, lateral-4: 0.7877, lateral-5: 0.5894]
2025-10-27 22:37:38.866929 Epoch [064/070], Step [0001/0001], [lateral-edge: 0.7071, lateral-2: 0.5156, lateral-3: 0.6433, lateral-4: 0.7877, lateral-5: 0.5894]
2025-10-27 22:37:40.494821 Epoch [065/070], Step [0001/0001], [lateral-edge: 0.7071, lateral-2: 0.5156, lateral-3: 0.6433, lateral-4: 0.7877, lateral-5: 0.5894]
2025-10-27 22:37:42.152418 Epoch [066/070], Step [0001/0001], [lateral-edge: 0.7071, lateral-2: 0.5156, lateral-3: 0.6433, lateral-4: 0.7877, lateral-5: 0.5894]
2025-10-27 22:37:43.800674 Epoch [067/070], Step [0001/0001], [lateral-edge: 0.7071, lateral-2: 0.5156, lateral-3: 0.6433, lateral-4: 0.7877, lateral-5: 0.5894]
2025-10-27 22:37:45.435245 Epoch [068/070], Step [0001/0001], [lateral-edge: 0.7071, lateral-2: 0.5156, lateral-3: 0.6433, lateral-4: 0.7877, lateral-5: 0.5894]
2025-10-27 22:37:47.072605 Epoch [069/070], Step [0001/0001], [lateral-edge: 0.7071, lateral-2: 0.5156, lateral-3: 0.6433, lateral-4: 0.7877, lateral-5: 0.5894]
[Saving Snapshot:] ./Snapshots/save_weights/Inf-Net_Morph_GroupNorm/close/batch_64/run_1/Inf-Net-70.pth
2025-10-27 22:37:48.899486 Epoch [070/070], Step [0001/0001], [lateral-edge: 0.7071, lateral-2: 0.5156, lateral-3: 0.6433, lateral-4: 0.7877, lateral-5: 0.5894]
Training completed at Mon Oct 27 22:37:50 CET 2025
