Backbone loading: Res2Net50
Freezing unused branches for DP compatibility...
Trainable: 31,072,721 / 33,121,721 parameters
Not loading weights from weights file
Validator raised issues with model. Attempting auto-fix...
Original error: UnsupportedModuleError
Model successfully fixed for differential privacy
###################################################################### 
Start Training (Inf-Net-Res2Net50)
Backbone: Res2Net50
Batch Size: 24
Privacy: DP Enabled (ε budget, δ=1e-05)
Morphology: close
Save Path: ./Snapshots/save_weights/Inf-Net_DP_Morph/close/batch_24/run_1/noise_multiplier_0.3
Run: 1
Namespace(epoch=70, lr=0.0001, batchsize=24, trainsize=352, clip=0.5, decay_rate=0.1, decay_epoch=50, is_thop=False, gpu_device=0, num_workers=4, net_channel=32, n_classes=1, backbone='Res2Net50', train_path='./Dataset/TrainingSet/LungInfection-Train/Doctor-label', is_semi=False, is_pseudo=False, train_save=None, run=1, enable_privacy=True, noise_multiplier=0.3, max_grad_norm=1.2, delta=1e-05, enable_morphology=True, morph_operation='close', morph_kernel_size=3, device='cuda')
 ######################################################################
2025-10-26 22:29:22.438121 Epoch [001/070], Step [0003/0003], [lateral-edge: 0.7810, lateral-2: 1.5900, lateral-3: 1.5616, lateral-4: 1.5385, lateral-5: 1.5230, epsilon: 58.9684]
2025-10-26 22:29:27.594822 Epoch [002/070], Step [0003/0003], [lateral-edge: 0.7817, lateral-2: 1.5097, lateral-3: 1.4823, lateral-4: 1.4660, lateral-5: 1.4847, epsilon: 87.4889]
2025-10-26 22:29:33.489836 Epoch [003/070], Step [0003/0003], [lateral-edge: 0.7803, lateral-2: 1.5089, lateral-3: 1.4974, lateral-4: 1.4776, lateral-5: 1.4957, epsilon: 111.8539]
2025-10-26 22:29:39.113306 Epoch [004/070], Step [0003/0003], [lateral-edge: 0.7787, lateral-2: 1.4793, lateral-3: 1.4565, lateral-4: 1.4435, lateral-5: 1.4817, epsilon: 134.1669]
2025-10-26 22:29:43.711995 Epoch [005/070], Step [0003/0003], [lateral-edge: 0.7760, lateral-2: 1.4697, lateral-3: 1.4518, lateral-4: 1.4395, lateral-5: 1.4777, epsilon: 155.1962]
2025-10-26 22:29:48.482313 Epoch [006/070], Step [0003/0003], [lateral-edge: 0.7750, lateral-2: 1.4484, lateral-3: 1.4294, lateral-4: 1.4350, lateral-5: 1.4726, epsilon: 175.3257]
2025-10-26 22:29:53.631088 Epoch [007/070], Step [0003/0003], [lateral-edge: 0.7732, lateral-2: 1.4018, lateral-3: 1.3887, lateral-4: 1.3934, lateral-5: 1.4427, epsilon: 194.7787]
2025-10-26 22:29:59.177350 Epoch [008/070], Step [0003/0003], [lateral-edge: 0.7730, lateral-2: 1.3843, lateral-3: 1.3789, lateral-4: 1.3784, lateral-5: 1.4397, epsilon: 213.7000]
2025-10-26 22:30:04.540257 Epoch [009/070], Step [0003/0003], [lateral-edge: 0.7715, lateral-2: 1.3785, lateral-3: 1.3664, lateral-4: 1.3796, lateral-5: 1.4379, epsilon: 232.1887]
[Saving Snapshot:] ./Snapshots/save_weights/Inf-Net_DP_Morph/close/batch_24/run_1/noise_multiplier_0.3/Inf-Net-10.pth
[Privacy Budget]: ε = 232.19 (δ = 1e-05)
2025-10-26 22:30:11.472573 Epoch [010/070], Step [0003/0003], [lateral-edge: 0.7689, lateral-2: 1.3620, lateral-3: 1.3651, lateral-4: 1.3769, lateral-5: 1.4292, epsilon: 250.3160]
2025-10-26 22:30:16.988294 Epoch [011/070], Step [0003/0003], [lateral-edge: 0.7679, lateral-2: 1.3479, lateral-3: 1.3551, lateral-4: 1.3645, lateral-5: 1.4256, epsilon: 268.1360]
2025-10-26 22:30:22.853476 Epoch [012/070], Step [0003/0003], [lateral-edge: 0.7665, lateral-2: 1.3448, lateral-3: 1.3494, lateral-4: 1.3538, lateral-5: 1.4172, epsilon: 285.6910]
2025-10-26 22:30:29.339260 Epoch [013/070], Step [0003/0003], [lateral-edge: 0.7659, lateral-2: 1.3179, lateral-3: 1.3301, lateral-4: 1.3491, lateral-5: 1.4119, epsilon: 303.0140]
2025-10-26 22:30:35.359933 Epoch [014/070], Step [0003/0003], [lateral-edge: 0.7647, lateral-2: 1.3047, lateral-3: 1.3137, lateral-4: 1.3257, lateral-5: 1.3998, epsilon: 320.1306]
2025-10-26 22:30:42.613479 Epoch [015/070], Step [0003/0003], [lateral-edge: 0.7629, lateral-2: 1.3001, lateral-3: 1.3146, lateral-4: 1.3394, lateral-5: 1.4078, epsilon: 337.0644]
2025-10-26 22:30:48.992373 Epoch [016/070], Step [0003/0003], [lateral-edge: 0.7603, lateral-2: 1.2680, lateral-3: 1.2887, lateral-4: 1.3094, lateral-5: 1.3863, epsilon: 353.8327]
2025-10-26 22:30:56.217686 Epoch [017/070], Step [0003/0003], [lateral-edge: 0.7580, lateral-2: 1.2844, lateral-3: 1.2927, lateral-4: 1.3115, lateral-5: 1.3860, epsilon: 370.4506]
2025-10-26 22:31:02.261393 Epoch [018/070], Step [0003/0003], [lateral-edge: 0.7585, lateral-2: 1.2278, lateral-3: 1.2683, lateral-4: 1.2927, lateral-5: 1.3738, epsilon: 386.9323]
2025-10-26 22:31:08.025422 Epoch [019/070], Step [0003/0003], [lateral-edge: 0.7579, lateral-2: 1.2311, lateral-3: 1.2577, lateral-4: 1.2968, lateral-5: 1.3708, epsilon: 403.2889]
[Saving Snapshot:] ./Snapshots/save_weights/Inf-Net_DP_Morph/close/batch_24/run_1/noise_multiplier_0.3/Inf-Net-20.pth
[Privacy Budget]: ε = 403.29 (δ = 1e-05)
2025-10-26 22:31:16.267918 Epoch [020/070], Step [0003/0003], [lateral-edge: 0.7563, lateral-2: 1.2141, lateral-3: 1.2369, lateral-4: 1.2568, lateral-5: 1.3593, epsilon: 419.5301]
2025-10-26 22:31:24.215593 Epoch [021/070], Step [0003/0003], [lateral-edge: 0.7549, lateral-2: 1.1991, lateral-3: 1.2310, lateral-4: 1.2619, lateral-5: 1.3523, epsilon: 435.6641]
2025-10-26 22:31:30.530843 Epoch [022/070], Step [0003/0003], [lateral-edge: 0.7549, lateral-2: 1.1978, lateral-3: 1.2370, lateral-4: 1.2714, lateral-5: 1.3526, epsilon: 451.6992]
2025-10-26 22:31:36.697256 Epoch [023/070], Step [0003/0003], [lateral-edge: 0.7547, lateral-2: 1.1922, lateral-3: 1.2294, lateral-4: 1.2594, lateral-5: 1.3450, epsilon: 467.6418]
2025-10-26 22:31:44.554839 Epoch [024/070], Step [0003/0003], [lateral-edge: 0.7540, lateral-2: 1.1924, lateral-3: 1.2176, lateral-4: 1.2528, lateral-5: 1.3400, epsilon: 483.4980]
2025-10-26 22:31:52.560844 Epoch [025/070], Step [0003/0003], [lateral-edge: 0.7520, lateral-2: 1.1778, lateral-3: 1.2140, lateral-4: 1.2463, lateral-5: 1.3416, epsilon: 499.2729]
2025-10-26 22:32:00.950725 Epoch [026/070], Step [0003/0003], [lateral-edge: 0.7519, lateral-2: 1.1498, lateral-3: 1.1839, lateral-4: 1.2328, lateral-5: 1.3294, epsilon: 514.9720]
2025-10-26 22:32:07.966652 Epoch [027/070], Step [0003/0003], [lateral-edge: 0.7514, lateral-2: 1.1542, lateral-3: 1.1929, lateral-4: 1.2354, lateral-5: 1.3266, epsilon: 530.5991]
2025-10-26 22:32:16.724631 Epoch [028/070], Step [0003/0003], [lateral-edge: 0.7508, lateral-2: 1.1652, lateral-3: 1.1900, lateral-4: 1.2318, lateral-5: 1.3296, epsilon: 546.1589]
2025-10-26 22:32:27.117566 Epoch [029/070], Step [0003/0003], [lateral-edge: 0.7503, lateral-2: 1.1329, lateral-3: 1.1717, lateral-4: 1.2228, lateral-5: 1.3207, epsilon: 561.6542]
[Saving Snapshot:] ./Snapshots/save_weights/Inf-Net_DP_Morph/close/batch_24/run_1/noise_multiplier_0.3/Inf-Net-30.pth
[Privacy Budget]: ε = 561.65 (δ = 1e-05)
2025-10-26 22:32:40.716385 Epoch [030/070], Step [0003/0003], [lateral-edge: 0.7500, lateral-2: 1.1429, lateral-3: 1.1751, lateral-4: 1.2138, lateral-5: 1.3156, epsilon: 577.0886]
2025-10-26 22:32:49.638839 Epoch [031/070], Step [0003/0003], [lateral-edge: 0.7487, lateral-2: 1.1307, lateral-3: 1.1566, lateral-4: 1.2009, lateral-5: 1.3062, epsilon: 592.4653]
2025-10-26 22:32:59.231176 Epoch [032/070], Step [0003/0003], [lateral-edge: 0.7478, lateral-2: 1.1454, lateral-3: 1.1789, lateral-4: 1.2198, lateral-5: 1.3123, epsilon: 607.7869]
2025-10-26 22:33:07.129602 Epoch [033/070], Step [0003/0003], [lateral-edge: 0.7471, lateral-2: 1.1409, lateral-3: 1.1654, lateral-4: 1.2009, lateral-5: 1.3064, epsilon: 623.0560]
2025-10-26 22:33:17.945436 Epoch [034/070], Step [0003/0003], [lateral-edge: 0.7468, lateral-2: 1.1211, lateral-3: 1.1595, lateral-4: 1.2080, lateral-5: 1.3057, epsilon: 638.2752]
2025-10-26 22:33:32.563642 Epoch [035/070], Step [0003/0003], [lateral-edge: 0.7470, lateral-2: 1.1025, lateral-3: 1.1419, lateral-4: 1.1920, lateral-5: 1.3016, epsilon: 653.4465]
2025-10-26 22:33:43.444747 Epoch [036/070], Step [0003/0003], [lateral-edge: 0.7464, lateral-2: 1.1171, lateral-3: 1.1527, lateral-4: 1.2056, lateral-5: 1.3048, epsilon: 668.5720]
2025-10-26 22:33:55.012829 Epoch [037/070], Step [0003/0003], [lateral-edge: 0.7461, lateral-2: 1.1009, lateral-3: 1.1424, lateral-4: 1.1928, lateral-5: 1.2986, epsilon: 683.6535]
2025-10-26 22:34:10.414915 Epoch [038/070], Step [0003/0003], [lateral-edge: 0.7453, lateral-2: 1.1054, lateral-3: 1.1395, lateral-4: 1.1935, lateral-5: 1.2957, epsilon: 698.6929]
2025-10-26 22:34:22.431547 Epoch [039/070], Step [0003/0003], [lateral-edge: 0.7446, lateral-2: 1.1017, lateral-3: 1.1440, lateral-4: 1.1899, lateral-5: 1.3006, epsilon: inf]
[Saving Snapshot:] ./Snapshots/save_weights/Inf-Net_DP_Morph/close/batch_24/run_1/noise_multiplier_0.3/Inf-Net-40.pth
[Privacy Budget]: ε = inf (δ = 1e-05)
2025-10-26 22:34:40.101144 Epoch [040/070], Step [0003/0003], [lateral-edge: 0.7443, lateral-2: 1.0939, lateral-3: 1.1274, lateral-4: 1.1740, lateral-5: 1.2817, epsilon: inf]
2025-10-26 22:34:51.994873 Epoch [041/070], Step [0003/0003], [lateral-edge: 0.7451, lateral-2: 1.1015, lateral-3: 1.1306, lateral-4: 1.1792, lateral-5: 1.2901, epsilon: inf]
2025-10-26 22:35:04.287594 Epoch [042/070], Step [0003/0003], [lateral-edge: 0.7427, lateral-2: 1.0735, lateral-3: 1.1177, lateral-4: 1.1756, lateral-5: 1.2816, epsilon: inf]
2025-10-26 22:35:17.788727 Epoch [043/070], Step [0003/0003], [lateral-edge: 0.7434, lateral-2: 1.0735, lateral-3: 1.1171, lateral-4: 1.1664, lateral-5: 1.2730, epsilon: inf]
2025-10-26 22:35:30.807379 Epoch [044/070], Step [0003/0003], [lateral-edge: 0.7432, lateral-2: 1.0974, lateral-3: 1.1318, lateral-4: 1.1760, lateral-5: 1.2860, epsilon: inf]
2025-10-26 22:35:44.527445 Epoch [045/070], Step [0003/0003], [lateral-edge: 0.7427, lateral-2: 1.0778, lateral-3: 1.1218, lateral-4: 1.1728, lateral-5: 1.2752, epsilon: inf]
2025-10-26 22:35:58.647121 Epoch [046/070], Step [0003/0003], [lateral-edge: 0.7415, lateral-2: 1.0600, lateral-3: 1.1006, lateral-4: 1.1676, lateral-5: 1.2752, epsilon: inf]
2025-10-26 22:36:12.768993 Epoch [047/070], Step [0003/0003], [lateral-edge: 0.7406, lateral-2: 1.0721, lateral-3: 1.1068, lateral-4: 1.1658, lateral-5: 1.2751, epsilon: inf]
2025-10-26 22:36:27.249993 Epoch [048/070], Step [0003/0003], [lateral-edge: 0.7415, lateral-2: 1.0583, lateral-3: 1.1027, lateral-4: 1.1529, lateral-5: 1.2611, epsilon: inf]
2025-10-26 22:36:41.804771 Epoch [049/070], Step [0003/0003], [lateral-edge: 0.7406, lateral-2: 1.0557, lateral-3: 1.1071, lateral-4: 1.1699, lateral-5: 1.2756, epsilon: inf]
[Saving Snapshot:] ./Snapshots/save_weights/Inf-Net_DP_Morph/close/batch_24/run_1/noise_multiplier_0.3/Inf-Net-50.pth
[Privacy Budget]: ε = inf (δ = 1e-05)
2025-10-26 22:37:05.961321 Epoch [050/070], Step [0003/0003], [lateral-edge: 0.7404, lateral-2: 1.0334, lateral-3: 1.0912, lateral-4: 1.1498, lateral-5: 1.2599, epsilon: inf]
2025-10-26 22:37:21.886666 Epoch [051/070], Step [0003/0003], [lateral-edge: 0.7398, lateral-2: 1.0693, lateral-3: 1.1162, lateral-4: 1.1700, lateral-5: 1.2713, epsilon: inf]
2025-10-26 22:37:37.657931 Epoch [052/070], Step [0003/0003], [lateral-edge: 0.7407, lateral-2: 1.0636, lateral-3: 1.1053, lateral-4: 1.1616, lateral-5: 1.2666, epsilon: inf]
2025-10-26 22:37:53.021037 Epoch [053/070], Step [0003/0003], [lateral-edge: 0.7413, lateral-2: 1.0317, lateral-3: 1.0754, lateral-4: 1.1381, lateral-5: 1.2463, epsilon: inf]
2025-10-26 22:38:05.530998 Epoch [054/070], Step [0003/0003], [lateral-edge: 0.7393, lateral-2: 1.0882, lateral-3: 1.1295, lateral-4: 1.1789, lateral-5: 1.2794, epsilon: inf]
2025-10-26 22:38:21.685993 Epoch [055/070], Step [0003/0003], [lateral-edge: 0.7404, lateral-2: 1.0480, lateral-3: 1.0944, lateral-4: 1.1583, lateral-5: 1.2702, epsilon: inf]
2025-10-26 22:38:38.213720 Epoch [056/070], Step [0003/0003], [lateral-edge: 0.7399, lateral-2: 1.0664, lateral-3: 1.1140, lateral-4: 1.1697, lateral-5: 1.2750, epsilon: inf]
2025-10-26 22:38:55.367058 Epoch [057/070], Step [0003/0003], [lateral-edge: 0.7402, lateral-2: 1.0390, lateral-3: 1.0905, lateral-4: 1.1554, lateral-5: 1.2679, epsilon: inf]
2025-10-26 22:39:09.699953 Epoch [058/070], Step [0003/0003], [lateral-edge: 0.7397, lateral-2: 1.0669, lateral-3: 1.1153, lateral-4: 1.1719, lateral-5: 1.2716, epsilon: inf]
2025-10-26 22:39:38.972178 Epoch [059/070], Step [0003/0003], [lateral-edge: 0.7399, lateral-2: 1.0650, lateral-3: 1.1095, lateral-4: 1.1603, lateral-5: 1.2590, epsilon: inf]
[Saving Snapshot:] ./Snapshots/save_weights/Inf-Net_DP_Morph/close/batch_24/run_1/noise_multiplier_0.3/Inf-Net-60.pth
[Privacy Budget]: ε = inf (δ = 1e-05)
2025-10-26 22:40:24.069901 Epoch [060/070], Step [0003/0003], [lateral-edge: 0.7406, lateral-2: 1.0608, lateral-3: 1.1017, lateral-4: 1.1544, lateral-5: 1.2597, epsilon: inf]
2025-10-26 22:40:41.942340 Epoch [061/070], Step [0003/0003], [lateral-edge: 0.7406, lateral-2: 1.1075, lateral-3: 1.1338, lateral-4: 1.1776, lateral-5: 1.2749, epsilon: inf]
2025-10-26 22:41:00.348582 Epoch [062/070], Step [0003/0003], [lateral-edge: 0.7403, lateral-2: 1.0692, lateral-3: 1.1161, lateral-4: 1.1691, lateral-5: 1.2691, epsilon: inf]
2025-10-26 22:41:28.629044 Epoch [063/070], Step [0003/0003], [lateral-edge: 0.7403, lateral-2: 1.0583, lateral-3: 1.1103, lateral-4: 1.1635, lateral-5: 1.2688, epsilon: inf]
2025-10-26 22:41:51.384951 Epoch [064/070], Step [0003/0003], [lateral-edge: 0.7410, lateral-2: 1.0584, lateral-3: 1.1014, lateral-4: 1.1553, lateral-5: 1.2583, epsilon: inf]
2025-10-26 22:42:08.483560 Epoch [065/070], Step [0003/0003], [lateral-edge: 0.7405, lateral-2: 1.0553, lateral-3: 1.1038, lateral-4: 1.1611, lateral-5: 1.2667, epsilon: inf]
2025-10-26 22:42:29.644205 Epoch [066/070], Step [0003/0003], [lateral-edge: 0.7402, lateral-2: 1.0624, lateral-3: 1.1032, lateral-4: 1.1547, lateral-5: 1.2635, epsilon: inf]
2025-10-26 22:42:51.835713 Epoch [067/070], Step [0003/0003], [lateral-edge: 0.7403, lateral-2: 1.0707, lateral-3: 1.1177, lateral-4: 1.1660, lateral-5: 1.2706, epsilon: inf]
2025-10-26 22:43:05.936543 Epoch [068/070], Step [0003/0003], [lateral-edge: 0.7404, lateral-2: 1.0507, lateral-3: 1.0905, lateral-4: 1.1512, lateral-5: 1.2588, epsilon: inf]
2025-10-26 22:43:41.564065 Epoch [069/070], Step [0003/0003], [lateral-edge: 0.7408, lateral-2: 1.0632, lateral-3: 1.1074, lateral-4: 1.1676, lateral-5: 1.2711, epsilon: inf]
[Saving Snapshot:] ./Snapshots/save_weights/Inf-Net_DP_Morph/close/batch_24/run_1/noise_multiplier_0.3/Inf-Net-70.pth
[Privacy Budget]: ε = inf (δ = 1e-05)
