Model loading: UNet with GroupNorm
Model is compatible with differential privacy
Not loading weights from weights file
###################################################################### 
Start Training (UNet-DP)
Network: UNet
Batch Size: 24
DP Enabled (ε=8.0, δ=1e-05, clipping=automatic)
Morphology: both
Architecture: GroupNorm (with DP)
Save Path: ./Snapshots/save_weights/UNet_DP_Morph/both/batch_24/run_3/epsilon_8/automatic
Run: 3
Namespace(network='UNet', epoch=100, lr=0.0001, batchsize=24, trainsize=352, clip=0.5, decay_rate=0.1, decay_epoch=50, is_thop=False, gpu_device=0, num_workers=8, net_channel=32, init_features=32, n_classes=1, in_channels=3, backbone='Res2Net50', deep_supervision=False, train_path='./Dataset/TrainingSet/LungInfection-Train/Doctor-label', is_semi=False, is_pseudo=False, train_save=None, run=3, enable_privacy=True, epsilon=8.0, max_grad_norm=1.2, delta=1e-05, clipping_strategy='automatic', enable_morphology=True, morph_operation='both', morph_kernel_size=3, device='cuda')
 ######################################################################
2025-11-09 00:48:39.141842 Epoch [001/100], Step [0003/0003], Loss: 1.6423, ε: 0.7150
2025-11-09 00:48:40.379738 Epoch [002/100], Step [0003/0003], Loss: 1.6274, ε: 0.9882
2025-11-09 00:48:41.533150 Epoch [003/100], Step [0003/0003], Loss: 1.6236, ε: 1.2032
2025-11-09 00:48:42.916788 Epoch [004/100], Step [0003/0003], Loss: 1.6137, ε: 1.3879
2025-11-09 00:48:44.463448 Epoch [005/100], Step [0003/0003], Loss: 1.6079, ε: 1.5530
2025-11-09 00:48:45.864468 Epoch [006/100], Step [0003/0003], Loss: 1.6175, ε: 1.7041
2025-11-09 00:48:47.217762 Epoch [007/100], Step [0003/0003], Loss: 1.5765, ε: 1.8446
2025-11-09 00:48:48.599181 Epoch [008/100], Step [0003/0003], Loss: 1.5924, ε: 1.9766
2025-11-09 00:48:49.870192 Epoch [009/100], Step [0003/0003], Loss: 1.6029, ε: 2.1017
[Saving Snapshot:] ./Snapshots/save_weights/UNet_DP_Morph/both/batch_24/run_3/epsilon_8/automatic/UNet-10.pth
[Privacy Budget]: ε = 2.10 (δ = 1e-05)
2025-11-09 00:48:51.454223 Epoch [010/100], Step [0003/0003], Loss: 1.5938, ε: 2.2209
2025-11-09 00:48:52.728877 Epoch [011/100], Step [0003/0003], Loss: 1.6166, ε: 2.3352
2025-11-09 00:48:53.928397 Epoch [012/100], Step [0003/0003], Loss: 1.6134, ε: 2.4452
2025-11-09 00:48:55.293309 Epoch [013/100], Step [0003/0003], Loss: 1.5964, ε: 2.5514
2025-11-09 00:48:56.619330 Epoch [014/100], Step [0003/0003], Loss: 1.5830, ε: 2.6542
2025-11-09 00:48:57.881830 Epoch [015/100], Step [0003/0003], Loss: 1.5894, ε: 2.7540
2025-11-09 00:48:59.175724 Epoch [016/100], Step [0003/0003], Loss: 1.5889, ε: 2.8510
2025-11-09 00:49:00.390235 Epoch [017/100], Step [0003/0003], Loss: 1.5897, ε: 2.9456
2025-11-09 00:49:01.853023 Epoch [018/100], Step [0003/0003], Loss: 1.6074, ε: 3.0379
2025-11-09 00:49:03.193475 Epoch [019/100], Step [0003/0003], Loss: 1.5864, ε: 3.1281
[Saving Snapshot:] ./Snapshots/save_weights/UNet_DP_Morph/both/batch_24/run_3/epsilon_8/automatic/UNet-20.pth
[Privacy Budget]: ε = 3.13 (δ = 1e-05)
2025-11-09 00:49:04.822177 Epoch [020/100], Step [0003/0003], Loss: 1.5919, ε: 3.2164
2025-11-09 00:49:06.227695 Epoch [021/100], Step [0003/0003], Loss: 1.5907, ε: 3.3029
2025-11-09 00:49:07.530424 Epoch [022/100], Step [0003/0003], Loss: 1.5931, ε: 3.3878
2025-11-09 00:49:08.830060 Epoch [023/100], Step [0003/0003], Loss: 1.5714, ε: 3.4711
2025-11-09 00:49:10.095863 Epoch [024/100], Step [0003/0003], Loss: 1.5841, ε: 3.5529
2025-11-09 00:49:11.410057 Epoch [025/100], Step [0003/0003], Loss: 1.5927, ε: 3.6334
2025-11-09 00:49:12.770239 Epoch [026/100], Step [0003/0003], Loss: 1.5680, ε: 3.7126
2025-11-09 00:49:14.192918 Epoch [027/100], Step [0003/0003], Loss: 1.5585, ε: 3.7905
2025-11-09 00:49:15.710842 Epoch [028/100], Step [0003/0003], Loss: 1.5569, ε: 3.8674
2025-11-09 00:49:17.029332 Epoch [029/100], Step [0003/0003], Loss: 1.5535, ε: 3.9431
[Saving Snapshot:] ./Snapshots/save_weights/UNet_DP_Morph/both/batch_24/run_3/epsilon_8/automatic/UNet-30.pth
[Privacy Budget]: ε = 3.94 (δ = 1e-05)
2025-11-09 00:49:18.627688 Epoch [030/100], Step [0003/0003], Loss: 1.5928, ε: 4.0179
2025-11-09 00:49:20.001234 Epoch [031/100], Step [0003/0003], Loss: 1.5734, ε: 4.0916
2025-11-09 00:49:21.639899 Epoch [032/100], Step [0003/0003], Loss: 1.5422, ε: 4.1644
2025-11-09 00:49:22.978172 Epoch [033/100], Step [0003/0003], Loss: 1.5399, ε: 4.2363
2025-11-09 00:49:24.349857 Epoch [034/100], Step [0003/0003], Loss: 1.5244, ε: 4.3074
2025-11-09 00:49:25.670980 Epoch [035/100], Step [0003/0003], Loss: 1.5399, ε: 4.3776
2025-11-09 00:49:27.006339 Epoch [036/100], Step [0003/0003], Loss: 1.5609, ε: 4.4471
2025-11-09 00:49:28.403789 Epoch [037/100], Step [0003/0003], Loss: 1.5562, ε: 4.5158
2025-11-09 00:49:29.835901 Epoch [038/100], Step [0003/0003], Loss: 1.5485, ε: 4.5838
2025-11-09 00:49:31.120027 Epoch [039/100], Step [0003/0003], Loss: 1.5550, ε: 4.6511
[Saving Snapshot:] ./Snapshots/save_weights/UNet_DP_Morph/both/batch_24/run_3/epsilon_8/automatic/UNet-40.pth
[Privacy Budget]: ε = 4.65 (δ = 1e-05)
2025-11-09 00:49:32.644722 Epoch [040/100], Step [0003/0003], Loss: 1.5521, ε: 4.7177
2025-11-09 00:49:34.166923 Epoch [041/100], Step [0003/0003], Loss: 1.5668, ε: 4.7837
2025-11-09 00:49:35.630448 Epoch [042/100], Step [0003/0003], Loss: 1.5436, ε: 4.8491
2025-11-09 00:49:36.983701 Epoch [043/100], Step [0003/0003], Loss: 1.5639, ε: 4.9139
2025-11-09 00:49:38.418596 Epoch [044/100], Step [0003/0003], Loss: 1.5260, ε: 4.9781
2025-11-09 00:49:39.638557 Epoch [045/100], Step [0003/0003], Loss: 1.5141, ε: 5.0418
2025-11-09 00:49:41.062719 Epoch [046/100], Step [0003/0003], Loss: 1.5485, ε: 5.1049
2025-11-09 00:49:42.394089 Epoch [047/100], Step [0003/0003], Loss: 1.5276, ε: 5.1675
2025-11-09 00:49:43.664882 Epoch [048/100], Step [0003/0003], Loss: 1.5298, ε: 5.2296
2025-11-09 00:49:44.814139 Epoch [049/100], Step [0003/0003], Loss: 1.5331, ε: 5.2912
[Saving Snapshot:] ./Snapshots/save_weights/UNet_DP_Morph/both/batch_24/run_3/epsilon_8/automatic/UNet-50.pth
[Privacy Budget]: ε = 5.29 (δ = 1e-05)
2025-11-09 00:49:46.305760 Epoch [050/100], Step [0003/0003], Loss: 1.5384, ε: 5.3523
2025-11-09 00:49:47.646718 Epoch [051/100], Step [0003/0003], Loss: 1.5457, ε: 5.4129
2025-11-09 00:49:48.985536 Epoch [052/100], Step [0003/0003], Loss: 1.5181, ε: 5.4732
2025-11-09 00:49:50.195706 Epoch [053/100], Step [0003/0003], Loss: 1.5438, ε: 5.5329
2025-11-09 00:49:51.433768 Epoch [054/100], Step [0003/0003], Loss: 1.5391, ε: 5.5923
2025-11-09 00:49:52.807729 Epoch [055/100], Step [0003/0003], Loss: 1.5215, ε: 5.6512
2025-11-09 00:49:54.248021 Epoch [056/100], Step [0003/0003], Loss: 1.5104, ε: 5.7098
2025-11-09 00:49:55.376444 Epoch [057/100], Step [0003/0003], Loss: 1.5285, ε: 5.7679
2025-11-09 00:49:56.628480 Epoch [058/100], Step [0003/0003], Loss: 1.5275, ε: 5.8257
2025-11-09 00:49:58.062590 Epoch [059/100], Step [0003/0003], Loss: 1.5349, ε: 5.8831
[Saving Snapshot:] ./Snapshots/save_weights/UNet_DP_Morph/both/batch_24/run_3/epsilon_8/automatic/UNet-60.pth
[Privacy Budget]: ε = 5.88 (δ = 1e-05)
2025-11-09 00:49:59.585525 Epoch [060/100], Step [0003/0003], Loss: 1.5290, ε: 5.9401
2025-11-09 00:50:00.799101 Epoch [061/100], Step [0003/0003], Loss: 1.5195, ε: 5.9968
2025-11-09 00:50:02.170057 Epoch [062/100], Step [0003/0003], Loss: 1.5356, ε: 6.0532
2025-11-09 00:50:03.506526 Epoch [063/100], Step [0003/0003], Loss: 1.5402, ε: 6.1092
2025-11-09 00:50:04.826475 Epoch [064/100], Step [0003/0003], Loss: 1.5206, ε: 6.1649
2025-11-09 00:50:06.277039 Epoch [065/100], Step [0003/0003], Loss: 1.5182, ε: 6.2202
2025-11-09 00:50:07.503481 Epoch [066/100], Step [0003/0003], Loss: 1.5517, ε: 6.2753
2025-11-09 00:50:08.850842 Epoch [067/100], Step [0003/0003], Loss: 1.5353, ε: 6.3300
2025-11-09 00:50:10.287318 Epoch [068/100], Step [0003/0003], Loss: 1.5217, ε: 6.3845
2025-11-09 00:50:11.442679 Epoch [069/100], Step [0003/0003], Loss: 1.5147, ε: 6.4386
[Saving Snapshot:] ./Snapshots/save_weights/UNet_DP_Morph/both/batch_24/run_3/epsilon_8/automatic/UNet-70.pth
[Privacy Budget]: ε = 6.44 (δ = 1e-05)
2025-11-09 00:50:13.205963 Epoch [070/100], Step [0003/0003], Loss: 1.5276, ε: 6.4925
2025-11-09 00:50:14.604647 Epoch [071/100], Step [0003/0003], Loss: 1.5170, ε: 6.5461
2025-11-09 00:50:15.821388 Epoch [072/100], Step [0003/0003], Loss: 1.5334, ε: 6.5994
2025-11-09 00:50:17.169212 Epoch [073/100], Step [0003/0003], Loss: 1.5144, ε: 6.6524
2025-11-09 00:50:18.522618 Epoch [074/100], Step [0003/0003], Loss: 1.5240, ε: 6.7052
2025-11-09 00:50:19.838092 Epoch [075/100], Step [0003/0003], Loss: 1.5052, ε: 6.7577
2025-11-09 00:50:21.028517 Epoch [076/100], Step [0003/0003], Loss: 1.5214, ε: 6.8100
2025-11-09 00:50:22.372993 Epoch [077/100], Step [0003/0003], Loss: 1.5342, ε: 6.8620
2025-11-09 00:50:23.618976 Epoch [078/100], Step [0003/0003], Loss: 1.5445, ε: 6.9138
2025-11-09 00:50:24.912243 Epoch [079/100], Step [0003/0003], Loss: 1.5310, ε: 6.9653
[Saving Snapshot:] ./Snapshots/save_weights/UNet_DP_Morph/both/batch_24/run_3/epsilon_8/automatic/UNet-80.pth
[Privacy Budget]: ε = 6.97 (δ = 1e-05)
2025-11-09 00:50:26.540972 Epoch [080/100], Step [0003/0003], Loss: 1.5238, ε: 7.0166
2025-11-09 00:50:27.895381 Epoch [081/100], Step [0003/0003], Loss: 1.5199, ε: 7.0677
2025-11-09 00:50:29.301387 Epoch [082/100], Step [0003/0003], Loss: 1.5244, ε: 7.1186
2025-11-09 00:50:30.441197 Epoch [083/100], Step [0003/0003], Loss: 1.5350, ε: 7.1692
2025-11-09 00:50:31.818807 Epoch [084/100], Step [0003/0003], Loss: 1.5264, ε: 7.2196
2025-11-09 00:50:33.084833 Epoch [085/100], Step [0003/0003], Loss: 1.5396, ε: 7.2698
2025-11-09 00:50:34.509984 Epoch [086/100], Step [0003/0003], Loss: 1.5046, ε: 7.3198
2025-11-09 00:50:35.916354 Epoch [087/100], Step [0003/0003], Loss: 1.5423, ε: 7.3695
2025-11-09 00:50:37.103873 Epoch [088/100], Step [0003/0003], Loss: 1.5262, ε: 7.4191
2025-11-09 00:50:38.409265 Epoch [089/100], Step [0003/0003], Loss: 1.5287, ε: 7.4685
[Saving Snapshot:] ./Snapshots/save_weights/UNet_DP_Morph/both/batch_24/run_3/epsilon_8/automatic/UNet-90.pth
[Privacy Budget]: ε = 7.47 (δ = 1e-05)
2025-11-09 00:50:40.240384 Epoch [090/100], Step [0003/0003], Loss: 1.5298, ε: 7.5177
2025-11-09 00:50:41.607578 Epoch [091/100], Step [0003/0003], Loss: 1.4986, ε: 7.5666
2025-11-09 00:50:42.973586 Epoch [092/100], Step [0003/0003], Loss: 1.5244, ε: 7.6154
2025-11-09 00:50:44.255524 Epoch [093/100], Step [0003/0003], Loss: 1.5226, ε: 7.6640
2025-11-09 00:50:45.672347 Epoch [094/100], Step [0003/0003], Loss: 1.5388, ε: 7.7125
2025-11-09 00:50:46.981041 Epoch [095/100], Step [0003/0003], Loss: 1.5099, ε: 7.7607
2025-11-09 00:50:48.402973 Epoch [096/100], Step [0003/0003], Loss: 1.5203, ε: 7.8088
2025-11-09 00:50:49.700124 Epoch [097/100], Step [0003/0003], Loss: 1.5560, ε: 7.8566
2025-11-09 00:50:51.149862 Epoch [098/100], Step [0003/0003], Loss: 1.5513, ε: 7.9043
2025-11-09 00:50:52.480576 Epoch [099/100], Step [0003/0003], Loss: 1.5212, ε: 7.9519
[Saving Snapshot:] ./Snapshots/save_weights/UNet_DP_Morph/both/batch_24/run_3/epsilon_8/automatic/UNet-100.pth
[Privacy Budget]: ε = 7.95 (δ = 1e-05)
2025-11-09 00:50:54.050388 Epoch [100/100], Step [0003/0003], Loss: 1.4879, ε: 7.9993
Training completed at Sun Nov  9 00:50:54 CET 2025
