Backbone loading: Res2Net50
Not loading weights from weights file
################################################## 
Start Training (Inf-Net-Res2Net50)
Backbone: Res2Net50
Batch Size: 48
Morphology: erosion
Save Path: ./Snapshots/save_weights/Inf-Net_Morph/batch_48/run_2
Run: 2
Namespace(epoch=70, lr=0.0001, batchsize=48, trainsize=352, clip=0.5, decay_rate=0.1, decay_epoch=50, is_thop=False, gpu_device=0, num_workers=8, net_channel=32, n_classes=1, backbone='Res2Net50', train_path='./Dataset/TrainingSet/LungInfection-Train/Doctor-label', is_semi=False, is_pseudo=False, train_save=None, run=2, enable_morphology=True, morph_operation='erosion', morph_kernel_size=3, device='cuda')
 ##################################################
2025-10-26 21:52:24.842866 Epoch [001/070], Step [0002/0002], [lateral-edge: 0.7647, lateral-2: 1.4259, lateral-3: 1.5195, lateral-4: 1.5389, lateral-5: 1.5181]
2025-10-26 21:52:26.576839 Epoch [002/070], Step [0002/0002], [lateral-edge: 0.7485, lateral-2: 1.3703, lateral-3: 1.4357, lateral-4: 1.5312, lateral-5: 1.5212]
2025-10-26 21:52:28.358806 Epoch [003/070], Step [0002/0002], [lateral-edge: 0.7510, lateral-2: 1.4264, lateral-3: 1.4235, lateral-4: 1.4685, lateral-5: 1.5182]
2025-10-26 21:52:30.139106 Epoch [004/070], Step [0002/0002], [lateral-edge: 0.7427, lateral-2: 1.2315, lateral-3: 1.3137, lateral-4: 1.4394, lateral-5: 1.4837]
2025-10-26 21:52:31.915329 Epoch [005/070], Step [0002/0002], [lateral-edge: 0.7385, lateral-2: 1.1741, lateral-3: 1.2750, lateral-4: 1.3729, lateral-5: 1.4693]
2025-10-26 21:52:33.697886 Epoch [006/070], Step [0002/0002], [lateral-edge: 0.7409, lateral-2: 1.2272, lateral-3: 1.3029, lateral-4: 1.3958, lateral-5: 1.5032]
2025-10-26 21:52:35.487704 Epoch [007/070], Step [0002/0002], [lateral-edge: 0.7376, lateral-2: 1.3832, lateral-3: 1.4390, lateral-4: 1.5262, lateral-5: 1.5760]
2025-10-26 21:52:37.280473 Epoch [008/070], Step [0002/0002], [lateral-edge: 0.7369, lateral-2: 1.4086, lateral-3: 1.3909, lateral-4: 1.4462, lateral-5: 1.5166]
2025-10-26 21:52:39.061617 Epoch [009/070], Step [0002/0002], [lateral-edge: 0.7315, lateral-2: 1.1784, lateral-3: 1.2341, lateral-4: 1.3114, lateral-5: 1.4935]
[Saving Snapshot:] ./Snapshots/save_weights/Inf-Net_Morph/batch_48/run_2/Inf-Net-10.pth
2025-10-26 21:52:41.103969 Epoch [010/070], Step [0002/0002], [lateral-edge: 0.7278, lateral-2: 1.0953, lateral-3: 1.1786, lateral-4: 1.2964, lateral-5: 1.5436]
2025-10-26 21:52:42.900220 Epoch [011/070], Step [0002/0002], [lateral-edge: 0.7258, lateral-2: 1.0342, lateral-3: 1.1028, lateral-4: 1.2190, lateral-5: 1.5573]
2025-10-26 21:52:44.699427 Epoch [012/070], Step [0002/0002], [lateral-edge: 0.7264, lateral-2: 1.1147, lateral-3: 1.1598, lateral-4: 1.2476, lateral-5: 1.5851]
2025-10-26 21:52:46.504870 Epoch [013/070], Step [0002/0002], [lateral-edge: 0.7243, lateral-2: 1.1199, lateral-3: 1.1671, lateral-4: 1.2510, lateral-5: 1.6063]
2025-10-26 21:52:48.292060 Epoch [014/070], Step [0002/0002], [lateral-edge: 0.7219, lateral-2: 1.0149, lateral-3: 1.0902, lateral-4: 1.2176, lateral-5: 1.5372]
2025-10-26 21:52:50.103369 Epoch [015/070], Step [0002/0002], [lateral-edge: 0.7231, lateral-2: 1.1491, lateral-3: 1.1696, lateral-4: 1.2449, lateral-5: 1.6008]
2025-10-26 21:52:51.884426 Epoch [016/070], Step [0002/0002], [lateral-edge: 0.7183, lateral-2: 0.9605, lateral-3: 1.0404, lateral-4: 1.1713, lateral-5: 1.4949]
2025-10-26 21:52:53.665576 Epoch [017/070], Step [0002/0002], [lateral-edge: 0.7189, lateral-2: 0.9295, lateral-3: 1.0159, lateral-4: 1.1344, lateral-5: 1.4985]
2025-10-26 21:52:55.427904 Epoch [018/070], Step [0002/0002], [lateral-edge: 0.7185, lateral-2: 0.9340, lateral-3: 1.0119, lateral-4: 1.1352, lateral-5: 1.4512]
2025-10-26 21:52:57.215296 Epoch [019/070], Step [0002/0002], [lateral-edge: 0.7170, lateral-2: 1.0726, lateral-3: 1.1023, lateral-4: 1.1837, lateral-5: 1.5604]
[Saving Snapshot:] ./Snapshots/save_weights/Inf-Net_Morph/batch_48/run_2/Inf-Net-20.pth
2025-10-26 21:52:59.280552 Epoch [020/070], Step [0002/0002], [lateral-edge: 0.7154, lateral-2: 0.9777, lateral-3: 1.0662, lateral-4: 1.1643, lateral-5: 1.5614]
2025-10-26 21:53:01.045569 Epoch [021/070], Step [0002/0002], [lateral-edge: 0.7141, lateral-2: 0.9366, lateral-3: 1.0086, lateral-4: 1.1355, lateral-5: 1.5303]
2025-10-26 21:53:02.830075 Epoch [022/070], Step [0002/0002], [lateral-edge: 0.7122, lateral-2: 0.9266, lateral-3: 0.9834, lateral-4: 1.0906, lateral-5: 1.4406]
2025-10-26 21:53:04.631262 Epoch [023/070], Step [0002/0002], [lateral-edge: 0.7100, lateral-2: 0.9029, lateral-3: 0.9981, lateral-4: 1.1266, lateral-5: 1.3884]
2025-10-26 21:53:06.406068 Epoch [024/070], Step [0002/0002], [lateral-edge: 0.7122, lateral-2: 1.0004, lateral-3: 1.0522, lateral-4: 1.1574, lateral-5: 1.5387]
2025-10-26 21:53:08.168877 Epoch [025/070], Step [0002/0002], [lateral-edge: 0.7066, lateral-2: 0.8903, lateral-3: 0.9788, lateral-4: 1.1195, lateral-5: 1.4886]
2025-10-26 21:53:09.971874 Epoch [026/070], Step [0002/0002], [lateral-edge: 0.7089, lateral-2: 0.8852, lateral-3: 0.9480, lateral-4: 1.0469, lateral-5: 1.4531]
2025-10-26 21:53:11.743511 Epoch [027/070], Step [0002/0002], [lateral-edge: 0.7088, lateral-2: 0.9538, lateral-3: 0.9983, lateral-4: 1.1019, lateral-5: 1.5835]
2025-10-26 21:53:13.534760 Epoch [028/070], Step [0002/0002], [lateral-edge: 0.7070, lateral-2: 0.9109, lateral-3: 0.9901, lateral-4: 1.1240, lateral-5: 1.4949]
2025-10-26 21:53:15.323546 Epoch [029/070], Step [0002/0002], [lateral-edge: 0.7052, lateral-2: 1.0757, lateral-3: 1.1232, lateral-4: 1.2059, lateral-5: 1.4434]
[Saving Snapshot:] ./Snapshots/save_weights/Inf-Net_Morph/batch_48/run_2/Inf-Net-30.pth
2025-10-26 21:53:17.373314 Epoch [030/070], Step [0002/0002], [lateral-edge: 0.7057, lateral-2: 1.0461, lateral-3: 1.0906, lateral-4: 1.1777, lateral-5: 1.5053]
2025-10-26 21:53:19.157378 Epoch [031/070], Step [0002/0002], [lateral-edge: 0.7048, lateral-2: 0.9321, lateral-3: 0.9911, lateral-4: 1.0778, lateral-5: 1.5162]
2025-10-26 21:53:20.974400 Epoch [032/070], Step [0002/0002], [lateral-edge: 0.7038, lateral-2: 0.9418, lateral-3: 1.0002, lateral-4: 1.1102, lateral-5: 1.5956]
2025-10-26 21:53:22.798055 Epoch [033/070], Step [0002/0002], [lateral-edge: 0.7015, lateral-2: 0.9201, lateral-3: 0.9708, lateral-4: 1.0821, lateral-5: 1.5403]
2025-10-26 21:53:24.602177 Epoch [034/070], Step [0002/0002], [lateral-edge: 0.7023, lateral-2: 0.8914, lateral-3: 0.9545, lateral-4: 1.0709, lateral-5: 1.5772]
2025-10-26 21:53:26.427524 Epoch [035/070], Step [0002/0002], [lateral-edge: 0.7012, lateral-2: 0.8335, lateral-3: 0.8946, lateral-4: 1.0072, lateral-5: 1.4601]
2025-10-26 21:53:28.248458 Epoch [036/070], Step [0002/0002], [lateral-edge: 0.7004, lateral-2: 1.0245, lateral-3: 1.0862, lateral-4: 1.1960, lateral-5: 1.4049]
2025-10-26 21:53:30.053640 Epoch [037/070], Step [0002/0002], [lateral-edge: 0.7009, lateral-2: 1.0234, lateral-3: 1.0813, lateral-4: 1.1710, lateral-5: 1.4891]
2025-10-26 21:53:31.859174 Epoch [038/070], Step [0002/0002], [lateral-edge: 0.6981, lateral-2: 0.9857, lateral-3: 1.0556, lateral-4: 1.1750, lateral-5: 1.4243]
2025-10-26 21:53:33.680531 Epoch [039/070], Step [0002/0002], [lateral-edge: 0.7000, lateral-2: 0.8372, lateral-3: 0.9042, lateral-4: 1.0179, lateral-5: 1.3489]
[Saving Snapshot:] ./Snapshots/save_weights/Inf-Net_Morph/batch_48/run_2/Inf-Net-40.pth
2025-10-26 21:53:35.659106 Epoch [040/070], Step [0002/0002], [lateral-edge: 0.6980, lateral-2: 0.9027, lateral-3: 0.9703, lateral-4: 1.0867, lateral-5: 1.3631]
2025-10-26 21:53:37.451588 Epoch [041/070], Step [0002/0002], [lateral-edge: 0.6982, lateral-2: 0.8230, lateral-3: 0.8997, lateral-4: 1.0255, lateral-5: 1.4325]
2025-10-26 21:53:39.253945 Epoch [042/070], Step [0002/0002], [lateral-edge: 0.6962, lateral-2: 0.8080, lateral-3: 0.9052, lateral-4: 1.0508, lateral-5: 1.3831]
2025-10-26 21:53:41.115985 Epoch [043/070], Step [0002/0002], [lateral-edge: 0.6965, lateral-2: 0.8180, lateral-3: 0.9139, lateral-4: 1.0357, lateral-5: 1.4159]
2025-10-26 21:53:42.919200 Epoch [044/070], Step [0002/0002], [lateral-edge: 0.6958, lateral-2: 0.8316, lateral-3: 0.9295, lateral-4: 1.0568, lateral-5: 1.4872]
2025-10-26 21:53:44.712556 Epoch [045/070], Step [0002/0002], [lateral-edge: 0.6964, lateral-2: 0.8087, lateral-3: 0.8833, lateral-4: 1.0081, lateral-5: 1.5598]
2025-10-26 21:53:46.466452 Epoch [046/070], Step [0002/0002], [lateral-edge: 0.6959, lateral-2: 0.7809, lateral-3: 0.8674, lateral-4: 0.9928, lateral-5: 1.5003]
2025-10-26 21:53:48.272037 Epoch [047/070], Step [0002/0002], [lateral-edge: 0.6946, lateral-2: 0.7030, lateral-3: 0.8215, lateral-4: 0.9806, lateral-5: 1.3620]
2025-10-26 21:53:50.048314 Epoch [048/070], Step [0002/0002], [lateral-edge: 0.6943, lateral-2: 0.8013, lateral-3: 0.9070, lateral-4: 1.0227, lateral-5: 1.4381]
2025-10-26 21:53:51.833332 Epoch [049/070], Step [0002/0002], [lateral-edge: 0.6949, lateral-2: 0.8061, lateral-3: 0.8709, lateral-4: 0.9643, lateral-5: 1.5104]
[Saving Snapshot:] ./Snapshots/save_weights/Inf-Net_Morph/batch_48/run_2/Inf-Net-50.pth
2025-10-26 21:53:53.790339 Epoch [050/070], Step [0002/0002], [lateral-edge: 0.6946, lateral-2: 1.0794, lateral-3: 1.1241, lateral-4: 1.2201, lateral-5: 1.4156]
2025-10-26 21:53:55.579289 Epoch [051/070], Step [0002/0002], [lateral-edge: 0.6939, lateral-2: 0.8399, lateral-3: 0.9196, lateral-4: 1.0326, lateral-5: 1.4854]
2025-10-26 21:53:57.353256 Epoch [052/070], Step [0002/0002], [lateral-edge: 0.6938, lateral-2: 0.7500, lateral-3: 0.8281, lateral-4: 0.9442, lateral-5: 1.4317]
2025-10-26 21:53:59.128384 Epoch [053/070], Step [0002/0002], [lateral-edge: 0.6939, lateral-2: 0.7688, lateral-3: 0.8655, lateral-4: 0.9999, lateral-5: 1.3753]
2025-10-26 21:54:00.940386 Epoch [054/070], Step [0002/0002], [lateral-edge: 0.6942, lateral-2: 0.7834, lateral-3: 0.8647, lateral-4: 0.9812, lateral-5: 1.5129]
2025-10-26 21:54:02.697056 Epoch [055/070], Step [0002/0002], [lateral-edge: 0.6935, lateral-2: 0.7256, lateral-3: 0.8252, lateral-4: 0.9546, lateral-5: 1.4373]
2025-10-26 21:54:04.463546 Epoch [056/070], Step [0002/0002], [lateral-edge: 0.6938, lateral-2: 0.9624, lateral-3: 1.0117, lateral-4: 1.0939, lateral-5: 1.5008]
2025-10-26 21:54:06.269377 Epoch [057/070], Step [0002/0002], [lateral-edge: 0.6941, lateral-2: 0.7885, lateral-3: 0.8656, lateral-4: 0.9909, lateral-5: 1.3605]
2025-10-26 21:54:08.061093 Epoch [058/070], Step [0002/0002], [lateral-edge: 0.6934, lateral-2: 0.9515, lateral-3: 1.0206, lateral-4: 1.1395, lateral-5: 1.4186]
2025-10-26 21:54:09.867827 Epoch [059/070], Step [0002/0002], [lateral-edge: 0.6941, lateral-2: 0.7521, lateral-3: 0.8418, lateral-4: 0.9824, lateral-5: 1.4055]
[Saving Snapshot:] ./Snapshots/save_weights/Inf-Net_Morph/batch_48/run_2/Inf-Net-60.pth
2025-10-26 21:54:11.881701 Epoch [060/070], Step [0002/0002], [lateral-edge: 0.6953, lateral-2: 1.2337, lateral-3: 1.2690, lateral-4: 1.3367, lateral-5: 1.5112]
2025-10-26 21:54:13.679393 Epoch [061/070], Step [0002/0002], [lateral-edge: 0.6942, lateral-2: 0.8247, lateral-3: 0.8925, lateral-4: 1.0008, lateral-5: 1.4028]
2025-10-26 21:54:15.482547 Epoch [062/070], Step [0002/0002], [lateral-edge: 0.6941, lateral-2: 0.7852, lateral-3: 0.8758, lateral-4: 0.9930, lateral-5: 1.4950]
2025-10-26 21:54:17.274823 Epoch [063/070], Step [0002/0002], [lateral-edge: 0.6931, lateral-2: 0.7633, lateral-3: 0.8549, lateral-4: 0.9749, lateral-5: 1.4038]
2025-10-26 21:54:19.043628 Epoch [064/070], Step [0002/0002], [lateral-edge: 0.6938, lateral-2: 0.7715, lateral-3: 0.8606, lateral-4: 0.9696, lateral-5: 1.5199]
2025-10-26 21:54:20.849382 Epoch [065/070], Step [0002/0002], [lateral-edge: 0.6929, lateral-2: 0.8000, lateral-3: 0.9144, lateral-4: 1.0556, lateral-5: 1.3867]
2025-10-26 21:54:22.639798 Epoch [066/070], Step [0002/0002], [lateral-edge: 0.6929, lateral-2: 0.8456, lateral-3: 0.9215, lateral-4: 1.0353, lateral-5: 1.4391]
2025-10-26 21:54:24.435450 Epoch [067/070], Step [0002/0002], [lateral-edge: 0.6941, lateral-2: 0.8013, lateral-3: 0.8662, lateral-4: 0.9440, lateral-5: 1.5390]
2025-10-26 21:54:26.231062 Epoch [068/070], Step [0002/0002], [lateral-edge: 0.6948, lateral-2: 1.1359, lateral-3: 1.2044, lateral-4: 1.3185, lateral-5: 1.4091]
2025-10-26 21:54:28.010251 Epoch [069/070], Step [0002/0002], [lateral-edge: 0.6943, lateral-2: 1.0050, lateral-3: 1.0601, lateral-4: 1.1559, lateral-5: 1.3379]
[Saving Snapshot:] ./Snapshots/save_weights/Inf-Net_Morph/batch_48/run_2/Inf-Net-70.pth
2025-10-26 21:54:30.012432 Epoch [070/070], Step [0002/0002], [lateral-edge: 0.6934, lateral-2: 0.7266, lateral-3: 0.8211, lateral-4: 0.9521, lateral-5: 1.4397]
Training completed at Sun Oct 26 21:54:30 CET 2025
