Backbone loading: Res2Net50
Freezing unused branches for DP compatibility...
Trainable: 31,072,721 / 33,121,721 parameters
Not loading weights from weights file
Validator raised issues with model. Attempting auto-fix...
Original error: UnsupportedModuleError
Model successfully fixed for differential privacy
###################################################################### 
Start Training (Inf-Net-Res2Net50)
Backbone: Res2Net50
Batch Size: 32
Privacy: DP Enabled (ε budget, δ=1e-05)
Morphology: Disabled
Save Path: ./Snapshots/save_weights/Inf-Net_DP/batch_32/run_4/noise_multiplier_1.5
Run: 4
Namespace(epoch=100, lr=0.0001, batchsize=32, trainsize=352, clip=0.5, decay_rate=0.1, decay_epoch=50, is_thop=False, gpu_device=0, num_workers=8, net_channel=32, n_classes=1, backbone='Res2Net50', train_path='./Dataset/TrainingSet/LungInfection-Train/Doctor-label', is_semi=False, is_pseudo=False, train_save=None, run=4, enable_privacy=True, noise_multiplier=1.5, max_grad_norm=1.2, delta=1e-05, enable_morphology=False, morph_operation='close', morph_kernel_size=3, morph_privacy_budget=1.0, device='cuda')
 ######################################################################
2025-10-25 22:28:34.508799 Epoch [001/100], Step [0002/0002], [lateral-edge: 0.7696, lateral-2: 1.6226, lateral-3: 1.6032, lateral-4: 1.6298, lateral-5: 1.5466, epsilon: 4.5424]
2025-10-25 22:28:37.661281 Epoch [002/100], Step [0002/0002], [lateral-edge: 0.7698, lateral-2: 1.6183, lateral-3: 1.5943, lateral-4: 1.6073, lateral-5: 1.5576, epsilon: 6.4178]
2025-10-25 22:28:41.239091 Epoch [003/100], Step [0002/0002], [lateral-edge: 0.7685, lateral-2: 1.5872, lateral-3: 1.5669, lateral-4: 1.5773, lateral-5: 1.5502, epsilon: 7.9389]
2025-10-25 22:28:44.564370 Epoch [004/100], Step [0002/0002], [lateral-edge: 0.7686, lateral-2: 1.5791, lateral-3: 1.5587, lateral-4: 1.5552, lateral-5: 1.5431, epsilon: 9.2777]
2025-10-25 22:28:47.744128 Epoch [005/100], Step [0002/0002], [lateral-edge: 0.7677, lateral-2: 1.5778, lateral-3: 1.5552, lateral-4: 1.5574, lateral-5: 1.5516, epsilon: 10.5000]
2025-10-25 22:28:50.757778 Epoch [006/100], Step [0002/0002], [lateral-edge: 0.7687, lateral-2: 1.5727, lateral-3: 1.5502, lateral-4: 1.5475, lateral-5: 1.5508, epsilon: 11.6397]
2025-10-25 22:28:54.002644 Epoch [007/100], Step [0002/0002], [lateral-edge: 0.7681, lateral-2: 1.5613, lateral-3: 1.5439, lateral-4: 1.5363, lateral-5: 1.5403, epsilon: 12.7166]
2025-10-25 22:28:56.824735 Epoch [008/100], Step [0002/0002], [lateral-edge: 0.7659, lateral-2: 1.5500, lateral-3: 1.5249, lateral-4: 1.5272, lateral-5: 1.5394, epsilon: 13.7439]
2025-10-25 22:28:59.629690 Epoch [009/100], Step [0002/0002], [lateral-edge: 0.7674, lateral-2: 1.5616, lateral-3: 1.5412, lateral-4: 1.5458, lateral-5: 1.5484, epsilon: 14.7305]
[Saving Snapshot:] ./Snapshots/save_weights/Inf-Net_DP/batch_32/run_4/noise_multiplier_1.5/Inf-Net-10.pth
[Privacy Budget]: ε = 14.73 (δ = 1e-05)
2025-10-25 22:29:03.430764 Epoch [010/100], Step [0002/0002], [lateral-edge: 0.7670, lateral-2: 1.5394, lateral-3: 1.5243, lateral-4: 1.5195, lateral-5: 1.5347, epsilon: 15.6831]
2025-10-25 22:29:06.442388 Epoch [011/100], Step [0002/0002], [lateral-edge: 0.7652, lateral-2: 1.5219, lateral-3: 1.5073, lateral-4: 1.5087, lateral-5: 1.5330, epsilon: 16.6066]
2025-10-25 22:29:09.489673 Epoch [012/100], Step [0002/0002], [lateral-edge: 0.7672, lateral-2: 1.5315, lateral-3: 1.5218, lateral-4: 1.5221, lateral-5: 1.5326, epsilon: 17.5049]
2025-10-25 22:29:12.515775 Epoch [013/100], Step [0002/0002], [lateral-edge: 0.7669, lateral-2: 1.5431, lateral-3: 1.5354, lateral-4: 1.5256, lateral-5: 1.5365, epsilon: 18.3811]
2025-10-25 22:29:15.396990 Epoch [014/100], Step [0002/0002], [lateral-edge: 0.7649, lateral-2: 1.5070, lateral-3: 1.4892, lateral-4: 1.4950, lateral-5: 1.5200, epsilon: 19.2376]
2025-10-25 22:29:18.724404 Epoch [015/100], Step [0002/0002], [lateral-edge: 0.7655, lateral-2: 1.5094, lateral-3: 1.4939, lateral-4: 1.5020, lateral-5: 1.5268, epsilon: 20.0766]
2025-10-25 22:29:21.849142 Epoch [016/100], Step [0002/0002], [lateral-edge: 0.7646, lateral-2: 1.4911, lateral-3: 1.4696, lateral-4: 1.4895, lateral-5: 1.5215, epsilon: 20.8997]
2025-10-25 22:29:25.001412 Epoch [017/100], Step [0002/0002], [lateral-edge: 0.7660, lateral-2: 1.5053, lateral-3: 1.4980, lateral-4: 1.5008, lateral-5: 1.5263, epsilon: 21.7085]
2025-10-25 22:29:28.049259 Epoch [018/100], Step [0002/0002], [lateral-edge: 0.7654, lateral-2: 1.5065, lateral-3: 1.4908, lateral-4: 1.4987, lateral-5: 1.5312, epsilon: 22.5041]
2025-10-25 22:29:30.877297 Epoch [019/100], Step [0002/0002], [lateral-edge: 0.7660, lateral-2: 1.4882, lateral-3: 1.4747, lateral-4: 1.4839, lateral-5: 1.5233, epsilon: 23.2876]
[Saving Snapshot:] ./Snapshots/save_weights/Inf-Net_DP/batch_32/run_4/noise_multiplier_1.5/Inf-Net-20.pth
[Privacy Budget]: ε = 23.29 (δ = 1e-05)
2025-10-25 22:29:34.550955 Epoch [020/100], Step [0002/0002], [lateral-edge: 0.7641, lateral-2: 1.4894, lateral-3: 1.4780, lateral-4: 1.4853, lateral-5: 1.5206, epsilon: 24.0600]
2025-10-25 22:29:37.618972 Epoch [021/100], Step [0002/0002], [lateral-edge: 0.7645, lateral-2: 1.4852, lateral-3: 1.4738, lateral-4: 1.4843, lateral-5: 1.5173, epsilon: 24.8221]
2025-10-25 22:29:40.844145 Epoch [022/100], Step [0002/0002], [lateral-edge: 0.7639, lateral-2: 1.4709, lateral-3: 1.4614, lateral-4: 1.4730, lateral-5: 1.5143, epsilon: 25.5747]
2025-10-25 22:29:43.932464 Epoch [023/100], Step [0002/0002], [lateral-edge: 0.7647, lateral-2: 1.4931, lateral-3: 1.4822, lateral-4: 1.4902, lateral-5: 1.5271, epsilon: 26.3182]
2025-10-25 22:29:47.687774 Epoch [024/100], Step [0002/0002], [lateral-edge: 0.7633, lateral-2: 1.4576, lateral-3: 1.4485, lateral-4: 1.4625, lateral-5: 1.5081, epsilon: 27.0534]
2025-10-25 22:29:50.940727 Epoch [025/100], Step [0002/0002], [lateral-edge: 0.7642, lateral-2: 1.4933, lateral-3: 1.4853, lateral-4: 1.4969, lateral-5: 1.5273, epsilon: 27.7808]
2025-10-25 22:29:54.231201 Epoch [026/100], Step [0002/0002], [lateral-edge: 0.7632, lateral-2: 1.4453, lateral-3: 1.4377, lateral-4: 1.4554, lateral-5: 1.5069, epsilon: 28.5007]
2025-10-25 22:29:57.369296 Epoch [027/100], Step [0002/0002], [lateral-edge: 0.7649, lateral-2: 1.4416, lateral-3: 1.4383, lateral-4: 1.4570, lateral-5: 1.5097, epsilon: 29.2137]
2025-10-25 22:30:00.237285 Epoch [028/100], Step [0002/0002], [lateral-edge: 0.7642, lateral-2: 1.4491, lateral-3: 1.4326, lateral-4: 1.4534, lateral-5: 1.5019, epsilon: 29.9201]
2025-10-25 22:30:03.763174 Epoch [029/100], Step [0002/0002], [lateral-edge: 0.7636, lateral-2: 1.4427, lateral-3: 1.4426, lateral-4: 1.4610, lateral-5: 1.5033, epsilon: 30.6202]
[Saving Snapshot:] ./Snapshots/save_weights/Inf-Net_DP/batch_32/run_4/noise_multiplier_1.5/Inf-Net-30.pth
[Privacy Budget]: ε = 30.62 (δ = 1e-05)
2025-10-25 22:30:07.363581 Epoch [030/100], Step [0002/0002], [lateral-edge: 0.7647, lateral-2: 1.4296, lateral-3: 1.4328, lateral-4: 1.4507, lateral-5: 1.4943, epsilon: 31.3145]
2025-10-25 22:30:10.329178 Epoch [031/100], Step [0002/0002], [lateral-edge: 0.7649, lateral-2: 1.4557, lateral-3: 1.4579, lateral-4: 1.4751, lateral-5: 1.5110, epsilon: 32.0031]
2025-10-25 22:30:13.122516 Epoch [032/100], Step [0002/0002], [lateral-edge: 0.7640, lateral-2: 1.4422, lateral-3: 1.4422, lateral-4: 1.4617, lateral-5: 1.4965, epsilon: 32.6863]
2025-10-25 22:30:16.339317 Epoch [033/100], Step [0002/0002], [lateral-edge: 0.7632, lateral-2: 1.4486, lateral-3: 1.4480, lateral-4: 1.4682, lateral-5: 1.5067, epsilon: 33.3645]
2025-10-25 22:30:19.869996 Epoch [034/100], Step [0002/0002], [lateral-edge: 0.7637, lateral-2: 1.4478, lateral-3: 1.4459, lateral-4: 1.4618, lateral-5: 1.5064, epsilon: 34.0377]
2025-10-25 22:30:23.381335 Epoch [035/100], Step [0002/0002], [lateral-edge: 0.7641, lateral-2: 1.4022, lateral-3: 1.4100, lateral-4: 1.4236, lateral-5: 1.4811, epsilon: 34.7063]
2025-10-25 22:30:26.664449 Epoch [036/100], Step [0002/0002], [lateral-edge: 0.7645, lateral-2: 1.4200, lateral-3: 1.4267, lateral-4: 1.4485, lateral-5: 1.4952, epsilon: 35.3704]
2025-10-25 22:30:30.078144 Epoch [037/100], Step [0002/0002], [lateral-edge: 0.7644, lateral-2: 1.4123, lateral-3: 1.4209, lateral-4: 1.4416, lateral-5: 1.4873, epsilon: 36.0302]
2025-10-25 22:30:33.417247 Epoch [038/100], Step [0002/0002], [lateral-edge: 0.7640, lateral-2: 1.3966, lateral-3: 1.3992, lateral-4: 1.4275, lateral-5: 1.4858, epsilon: 36.6859]
2025-10-25 22:30:36.819843 Epoch [039/100], Step [0002/0002], [lateral-edge: 0.7641, lateral-2: 1.4012, lateral-3: 1.4101, lateral-4: 1.4305, lateral-5: 1.4823, epsilon: 37.3377]
[Saving Snapshot:] ./Snapshots/save_weights/Inf-Net_DP/batch_32/run_4/noise_multiplier_1.5/Inf-Net-40.pth
[Privacy Budget]: ε = 37.34 (δ = 1e-05)
2025-10-25 22:30:40.415535 Epoch [040/100], Step [0002/0002], [lateral-edge: 0.7632, lateral-2: 1.3918, lateral-3: 1.4114, lateral-4: 1.4305, lateral-5: 1.4816, epsilon: 37.9856]
2025-10-25 22:30:43.775911 Epoch [041/100], Step [0002/0002], [lateral-edge: 0.7630, lateral-2: 1.3831, lateral-3: 1.3885, lateral-4: 1.4159, lateral-5: 1.4813, epsilon: 38.6299]
2025-10-25 22:30:47.075088 Epoch [042/100], Step [0002/0002], [lateral-edge: 0.7638, lateral-2: 1.3831, lateral-3: 1.3934, lateral-4: 1.4180, lateral-5: 1.4741, epsilon: 39.2706]
2025-10-25 22:30:50.487711 Epoch [043/100], Step [0002/0002], [lateral-edge: 0.7624, lateral-2: 1.3725, lateral-3: 1.3764, lateral-4: 1.4028, lateral-5: 1.4689, epsilon: 39.9080]
2025-10-25 22:30:53.512607 Epoch [044/100], Step [0002/0002], [lateral-edge: 0.7621, lateral-2: 1.3501, lateral-3: 1.3616, lateral-4: 1.3916, lateral-5: 1.4642, epsilon: 40.5420]
2025-10-25 22:30:57.334366 Epoch [045/100], Step [0002/0002], [lateral-edge: 0.7633, lateral-2: 1.3696, lateral-3: 1.3845, lateral-4: 1.4082, lateral-5: 1.4638, epsilon: 41.1729]
2025-10-25 22:31:00.844628 Epoch [046/100], Step [0002/0002], [lateral-edge: 0.7618, lateral-2: 1.3440, lateral-3: 1.3625, lateral-4: 1.3924, lateral-5: 1.4596, epsilon: 41.8007]
2025-10-25 22:31:04.325961 Epoch [047/100], Step [0002/0002], [lateral-edge: 0.7623, lateral-2: 1.3668, lateral-3: 1.3750, lateral-4: 1.4021, lateral-5: 1.4662, epsilon: 42.4255]
2025-10-25 22:31:07.828910 Epoch [048/100], Step [0002/0002], [lateral-edge: 0.7615, lateral-2: 1.3309, lateral-3: 1.3390, lateral-4: 1.3803, lateral-5: 1.4582, epsilon: 43.0475]
2025-10-25 22:31:11.192978 Epoch [049/100], Step [0002/0002], [lateral-edge: 0.7624, lateral-2: 1.3548, lateral-3: 1.3711, lateral-4: 1.4034, lateral-5: 1.4709, epsilon: 43.6666]
[Saving Snapshot:] ./Snapshots/save_weights/Inf-Net_DP/batch_32/run_4/noise_multiplier_1.5/Inf-Net-50.pth
[Privacy Budget]: ε = 43.67 (δ = 1e-05)
2025-10-25 22:31:14.984095 Epoch [050/100], Step [0002/0002], [lateral-edge: 0.7611, lateral-2: 1.3474, lateral-3: 1.3562, lateral-4: 1.3868, lateral-5: 1.4631, epsilon: 44.2830]
2025-10-25 22:31:18.517351 Epoch [051/100], Step [0002/0002], [lateral-edge: 0.7620, lateral-2: 1.3654, lateral-3: 1.3833, lateral-4: 1.4110, lateral-5: 1.4680, epsilon: 44.8969]
2025-10-25 22:31:21.731745 Epoch [052/100], Step [0002/0002], [lateral-edge: 0.7620, lateral-2: 1.3427, lateral-3: 1.3610, lateral-4: 1.3877, lateral-5: 1.4573, epsilon: 45.5081]
2025-10-25 22:31:25.114531 Epoch [053/100], Step [0002/0002], [lateral-edge: 0.7618, lateral-2: 1.3305, lateral-3: 1.3469, lateral-4: 1.3850, lateral-5: 1.4567, epsilon: 46.1169]
2025-10-25 22:31:28.600002 Epoch [054/100], Step [0002/0002], [lateral-edge: 0.7617, lateral-2: 1.3566, lateral-3: 1.3737, lateral-4: 1.4014, lateral-5: 1.4645, epsilon: 46.7233]
2025-10-25 22:31:31.988575 Epoch [055/100], Step [0002/0002], [lateral-edge: 0.7620, lateral-2: 1.3407, lateral-3: 1.3559, lateral-4: 1.3848, lateral-5: 1.4608, epsilon: 47.3274]
2025-10-25 22:31:35.269016 Epoch [056/100], Step [0002/0002], [lateral-edge: 0.7602, lateral-2: 1.3541, lateral-3: 1.3583, lateral-4: 1.3943, lateral-5: 1.4669, epsilon: 47.9291]
2025-10-25 22:31:38.398161 Epoch [057/100], Step [0002/0002], [lateral-edge: 0.7628, lateral-2: 1.3341, lateral-3: 1.3524, lateral-4: 1.3832, lateral-5: 1.4520, epsilon: 48.5287]
2025-10-25 22:31:41.724561 Epoch [058/100], Step [0002/0002], [lateral-edge: 0.7618, lateral-2: 1.3564, lateral-3: 1.3723, lateral-4: 1.3960, lateral-5: 1.4587, epsilon: 49.1261]
2025-10-25 22:31:45.064187 Epoch [059/100], Step [0002/0002], [lateral-edge: 0.7620, lateral-2: 1.3440, lateral-3: 1.3611, lateral-4: 1.3932, lateral-5: 1.4618, epsilon: 49.7214]
[Saving Snapshot:] ./Snapshots/save_weights/Inf-Net_DP/batch_32/run_4/noise_multiplier_1.5/Inf-Net-60.pth
[Privacy Budget]: ε = 49.72 (δ = 1e-05)
2025-10-25 22:31:49.098213 Epoch [060/100], Step [0002/0002], [lateral-edge: 0.7615, lateral-2: 1.3471, lateral-3: 1.3630, lateral-4: 1.3949, lateral-5: 1.4605, epsilon: 50.3146]
2025-10-25 22:31:52.486230 Epoch [061/100], Step [0002/0002], [lateral-edge: 0.7617, lateral-2: 1.3576, lateral-3: 1.3675, lateral-4: 1.4009, lateral-5: 1.4623, epsilon: 50.9058]
2025-10-25 22:31:55.735821 Epoch [062/100], Step [0002/0002], [lateral-edge: 0.7613, lateral-2: 1.3622, lateral-3: 1.3779, lateral-4: 1.4062, lateral-5: 1.4680, epsilon: 51.4951]
2025-10-25 22:31:59.039294 Epoch [063/100], Step [0002/0002], [lateral-edge: 0.7619, lateral-2: 1.3655, lateral-3: 1.3770, lateral-4: 1.3989, lateral-5: 1.4683, epsilon: 52.0825]
2025-10-25 22:32:02.391653 Epoch [064/100], Step [0002/0002], [lateral-edge: 0.7619, lateral-2: 1.3540, lateral-3: 1.3706, lateral-4: 1.3975, lateral-5: 1.4581, epsilon: 52.6680]
2025-10-25 22:32:05.899179 Epoch [065/100], Step [0002/0002], [lateral-edge: 0.7623, lateral-2: 1.3565, lateral-3: 1.3713, lateral-4: 1.4003, lateral-5: 1.4644, epsilon: 53.2517]
2025-10-25 22:32:09.224340 Epoch [066/100], Step [0002/0002], [lateral-edge: 0.7626, lateral-2: 1.3657, lateral-3: 1.3909, lateral-4: 1.4057, lateral-5: 1.4615, epsilon: 53.8337]
2025-10-25 22:32:12.604620 Epoch [067/100], Step [0002/0002], [lateral-edge: 0.7614, lateral-2: 1.3454, lateral-3: 1.3601, lateral-4: 1.3958, lateral-5: 1.4635, epsilon: 54.4139]
2025-10-25 22:32:15.772215 Epoch [068/100], Step [0002/0002], [lateral-edge: 0.7623, lateral-2: 1.3626, lateral-3: 1.3720, lateral-4: 1.4020, lateral-5: 1.4681, epsilon: 54.9924]
2025-10-25 22:32:19.370855 Epoch [069/100], Step [0002/0002], [lateral-edge: 0.7599, lateral-2: 1.3503, lateral-3: 1.3588, lateral-4: 1.3906, lateral-5: 1.4663, epsilon: 55.5692]
[Saving Snapshot:] ./Snapshots/save_weights/Inf-Net_DP/batch_32/run_4/noise_multiplier_1.5/Inf-Net-70.pth
[Privacy Budget]: ε = 55.57 (δ = 1e-05)
2025-10-25 22:32:23.396079 Epoch [070/100], Step [0002/0002], [lateral-edge: 0.7607, lateral-2: 1.3604, lateral-3: 1.3656, lateral-4: 1.3968, lateral-5: 1.4660, epsilon: 56.1444]
2025-10-25 22:32:26.676603 Epoch [071/100], Step [0002/0002], [lateral-edge: 0.7619, lateral-2: 1.3359, lateral-3: 1.3522, lateral-4: 1.3827, lateral-5: 1.4532, epsilon: 56.7180]
2025-10-25 22:32:30.395302 Epoch [072/100], Step [0002/0002], [lateral-edge: 0.7612, lateral-2: 1.3619, lateral-3: 1.3717, lateral-4: 1.4021, lateral-5: 1.4688, epsilon: 57.2901]
2025-10-25 22:32:33.821325 Epoch [073/100], Step [0002/0002], [lateral-edge: 0.7612, lateral-2: 1.3482, lateral-3: 1.3690, lateral-4: 1.3987, lateral-5: 1.4619, epsilon: 57.8607]
2025-10-25 22:32:37.452291 Epoch [074/100], Step [0002/0002], [lateral-edge: 0.7607, lateral-2: 1.3796, lateral-3: 1.3924, lateral-4: 1.4166, lateral-5: 1.4779, epsilon: 58.4297]
2025-10-25 22:32:40.815364 Epoch [075/100], Step [0002/0002], [lateral-edge: 0.7613, lateral-2: 1.3587, lateral-3: 1.3736, lateral-4: 1.4059, lateral-5: 1.4703, epsilon: 58.9973]
2025-10-25 22:32:44.622722 Epoch [076/100], Step [0002/0002], [lateral-edge: 0.7627, lateral-2: 1.3403, lateral-3: 1.3508, lateral-4: 1.3852, lateral-5: 1.4591, epsilon: 59.5635]
2025-10-25 22:32:48.401729 Epoch [077/100], Step [0002/0002], [lateral-edge: 0.7618, lateral-2: 1.3286, lateral-3: 1.3444, lateral-4: 1.3759, lateral-5: 1.4527, epsilon: 60.1282]
2025-10-25 22:32:51.921650 Epoch [078/100], Step [0002/0002], [lateral-edge: 0.7628, lateral-2: 1.3610, lateral-3: 1.3777, lateral-4: 1.4030, lateral-5: 1.4696, epsilon: 60.6916]
2025-10-25 22:32:55.293189 Epoch [079/100], Step [0002/0002], [lateral-edge: 0.7621, lateral-2: 1.3581, lateral-3: 1.3735, lateral-4: 1.4038, lateral-5: 1.4635, epsilon: 61.2536]
[Saving Snapshot:] ./Snapshots/save_weights/Inf-Net_DP/batch_32/run_4/noise_multiplier_1.5/Inf-Net-80.pth
[Privacy Budget]: ε = 61.25 (δ = 1e-05)
2025-10-25 22:32:59.248133 Epoch [080/100], Step [0002/0002], [lateral-edge: 0.7629, lateral-2: 1.3443, lateral-3: 1.3645, lateral-4: 1.3930, lateral-5: 1.4608, epsilon: 61.8143]
2025-10-25 22:33:02.799051 Epoch [081/100], Step [0002/0002], [lateral-edge: 0.7622, lateral-2: 1.3372, lateral-3: 1.3601, lateral-4: 1.3938, lateral-5: 1.4564, epsilon: 62.3737]
2025-10-25 22:33:06.424778 Epoch [082/100], Step [0002/0002], [lateral-edge: 0.7613, lateral-2: 1.3456, lateral-3: 1.3611, lateral-4: 1.3921, lateral-5: 1.4604, epsilon: 62.9319]
2025-10-25 22:33:09.997722 Epoch [083/100], Step [0002/0002], [lateral-edge: 0.7606, lateral-2: 1.3406, lateral-3: 1.3545, lateral-4: 1.3852, lateral-5: 1.4588, epsilon: 63.4887]
2025-10-25 22:33:13.721607 Epoch [084/100], Step [0002/0002], [lateral-edge: 0.7623, lateral-2: 1.3567, lateral-3: 1.3702, lateral-4: 1.3979, lateral-5: 1.4633, epsilon: 64.0444]
2025-10-25 22:33:17.274153 Epoch [085/100], Step [0002/0002], [lateral-edge: 0.7619, lateral-2: 1.3374, lateral-3: 1.3582, lateral-4: 1.3909, lateral-5: 1.4631, epsilon: 64.5988]
2025-10-25 22:33:20.603693 Epoch [086/100], Step [0002/0002], [lateral-edge: 0.7628, lateral-2: 1.3571, lateral-3: 1.3646, lateral-4: 1.3990, lateral-5: 1.4679, epsilon: 65.1520]
2025-10-25 22:33:24.353937 Epoch [087/100], Step [0002/0002], [lateral-edge: 0.7622, lateral-2: 1.3544, lateral-3: 1.3662, lateral-4: 1.3948, lateral-5: 1.4650, epsilon: 65.7041]
2025-10-25 22:33:27.831816 Epoch [088/100], Step [0002/0002], [lateral-edge: 0.7615, lateral-2: 1.3352, lateral-3: 1.3496, lateral-4: 1.3815, lateral-5: 1.4559, epsilon: 66.2550]
2025-10-25 22:33:31.289061 Epoch [089/100], Step [0002/0002], [lateral-edge: 0.7623, lateral-2: 1.3637, lateral-3: 1.3718, lateral-4: 1.3974, lateral-5: 1.4661, epsilon: 66.8048]
[Saving Snapshot:] ./Snapshots/save_weights/Inf-Net_DP/batch_32/run_4/noise_multiplier_1.5/Inf-Net-90.pth
[Privacy Budget]: ε = 66.80 (δ = 1e-05)
2025-10-25 22:33:36.238536 Epoch [090/100], Step [0002/0002], [lateral-edge: 0.7626, lateral-2: 1.3564, lateral-3: 1.3756, lateral-4: 1.4050, lateral-5: 1.4691, epsilon: 67.3535]
2025-10-25 22:33:39.797402 Epoch [091/100], Step [0002/0002], [lateral-edge: 0.7618, lateral-2: 1.3648, lateral-3: 1.3734, lateral-4: 1.4048, lateral-5: 1.4705, epsilon: 67.9011]
2025-10-25 22:33:43.552437 Epoch [092/100], Step [0002/0002], [lateral-edge: 0.7620, lateral-2: 1.3376, lateral-3: 1.3586, lateral-4: 1.3870, lateral-5: 1.4576, epsilon: 68.4476]
2025-10-25 22:33:46.560227 Epoch [093/100], Step [0002/0002], [lateral-edge: 0.7614, lateral-2: 1.3238, lateral-3: 1.3391, lateral-4: 1.3730, lateral-5: 1.4487, epsilon: 68.9931]
2025-10-25 22:33:49.979500 Epoch [094/100], Step [0002/0002], [lateral-edge: 0.7626, lateral-2: 1.3506, lateral-3: 1.3682, lateral-4: 1.4013, lateral-5: 1.4712, epsilon: 69.5375]
2025-10-25 22:33:53.614650 Epoch [095/100], Step [0002/0002], [lateral-edge: 0.7609, lateral-2: 1.3254, lateral-3: 1.3384, lateral-4: 1.3777, lateral-5: 1.4598, epsilon: 70.0809]
2025-10-25 22:33:57.017084 Epoch [096/100], Step [0002/0002], [lateral-edge: 0.7625, lateral-2: 1.3609, lateral-3: 1.3778, lateral-4: 1.4042, lateral-5: 1.4683, epsilon: 70.6233]
2025-10-25 22:34:01.008834 Epoch [097/100], Step [0002/0002], [lateral-edge: 0.7618, lateral-2: 1.3340, lateral-3: 1.3475, lateral-4: 1.3794, lateral-5: 1.4503, epsilon: 71.1647]
2025-10-25 22:34:04.672090 Epoch [098/100], Step [0002/0002], [lateral-edge: 0.7613, lateral-2: 1.3583, lateral-3: 1.3695, lateral-4: 1.3974, lateral-5: 1.4662, epsilon: 71.7051]
2025-10-25 22:34:08.545780 Epoch [099/100], Step [0002/0002], [lateral-edge: 0.7621, lateral-2: 1.3450, lateral-3: 1.3591, lateral-4: 1.3897, lateral-5: 1.4587, epsilon: 72.2446]
[Saving Snapshot:] ./Snapshots/save_weights/Inf-Net_DP/batch_32/run_4/noise_multiplier_1.5/Inf-Net-100.pth
[Privacy Budget]: ε = 72.24 (δ = 1e-05)
2025-10-25 22:34:13.079364 Epoch [100/100], Step [0002/0002], [lateral-edge: 0.7624, lateral-2: 1.3646, lateral-3: 1.3798, lateral-4: 1.4089, lateral-5: 1.4697, epsilon: 72.7831]
Training completed at Sat Oct 25 22:34:14 CEST 2025
