Backbone loading: Res2Net50
Freezing unused branches for DP compatibility...
Trainable: 31,072,721 / 33,121,721 parameters
Not loading weights from weights file
Validator raised issues with model. Attempting auto-fix...
Original error: UnsupportedModuleError
Model successfully fixed for differential privacy
###################################################################### 
Start Training (Inf-Net-Res2Net50)
Backbone: Res2Net50
Batch Size: 32
Privacy: DP Enabled (ε budget, δ=1e-05)
Morphology: Disabled
Save Path: ./Snapshots/save_weights/Inf-Net_DP/batch_32/run_5/noise_multiplier_0.7
Run: 5
Namespace(epoch=100, lr=0.0001, batchsize=32, trainsize=352, clip=0.5, decay_rate=0.1, decay_epoch=50, is_thop=False, gpu_device=0, num_workers=4, net_channel=32, n_classes=1, backbone='Res2Net50', train_path='./Dataset/TrainingSet/LungInfection-Train/Doctor-label', is_semi=False, is_pseudo=False, train_save=None, run=5, enable_privacy=True, noise_multiplier=0.7, max_grad_norm=1.0, delta=1e-05, enable_morphology=False, morph_operation='close', morph_kernel_size=3, morph_privacy_budget=1.0, device='cuda')
 ######################################################################
2025-10-26 00:15:16.148186 Epoch [001/100], Step [0002/0002], [lateral-edge: 0.7718, lateral-2: 1.6607, lateral-3: 1.6748, lateral-4: 1.6158, lateral-5: 1.5814, epsilon: 13.9265]
2025-10-26 00:15:19.079156 Epoch [002/100], Step [0002/0002], [lateral-edge: 0.7716, lateral-2: 1.6178, lateral-3: 1.6349, lateral-4: 1.5881, lateral-5: 1.5629, epsilon: 19.9996]
2025-10-26 00:15:22.452828 Epoch [003/100], Step [0002/0002], [lateral-edge: 0.7712, lateral-2: 1.5983, lateral-3: 1.6181, lateral-4: 1.5720, lateral-5: 1.5583, epsilon: 25.0333]
2025-10-26 00:15:25.546784 Epoch [004/100], Step [0002/0002], [lateral-edge: 0.7704, lateral-2: 1.5726, lateral-3: 1.5919, lateral-4: 1.5534, lateral-5: 1.5480, epsilon: 29.5471]
2025-10-26 00:15:28.620183 Epoch [005/100], Step [0002/0002], [lateral-edge: 0.7711, lateral-2: 1.5596, lateral-3: 1.5809, lateral-4: 1.5491, lateral-5: 1.5530, epsilon: 33.7336]
2025-10-26 00:15:31.382752 Epoch [006/100], Step [0002/0002], [lateral-edge: 0.7709, lateral-2: 1.5457, lateral-3: 1.5656, lateral-4: 1.5379, lateral-5: 1.5482, epsilon: 37.6898]
2025-10-26 00:15:34.737047 Epoch [007/100], Step [0002/0002], [lateral-edge: 0.7702, lateral-2: 1.5242, lateral-3: 1.5391, lateral-4: 1.5160, lateral-5: 1.5435, epsilon: 41.4724]
2025-10-26 00:15:37.594274 Epoch [008/100], Step [0002/0002], [lateral-edge: 0.7692, lateral-2: 1.5144, lateral-3: 1.5367, lateral-4: 1.5190, lateral-5: 1.5384, epsilon: 45.1182]
2025-10-26 00:15:40.581252 Epoch [009/100], Step [0002/0002], [lateral-edge: 0.7681, lateral-2: 1.4851, lateral-3: 1.5094, lateral-4: 1.4909, lateral-5: 1.5150, epsilon: 48.6524]
[Saving Snapshot:] ./Snapshots/save_weights/Inf-Net_DP/batch_32/run_5/noise_multiplier_0.7/Inf-Net-10.pth
[Privacy Budget]: ε = 48.65 (δ = 1e-05)
2025-10-26 00:15:44.013153 Epoch [010/100], Step [0002/0002], [lateral-edge: 0.7679, lateral-2: 1.4836, lateral-3: 1.5052, lateral-4: 1.4926, lateral-5: 1.5157, epsilon: 52.0934]
2025-10-26 00:15:47.086402 Epoch [011/100], Step [0002/0002], [lateral-edge: 0.7671, lateral-2: 1.4488, lateral-3: 1.4750, lateral-4: 1.4622, lateral-5: 1.4947, epsilon: 55.4551]
2025-10-26 00:15:49.938910 Epoch [012/100], Step [0002/0002], [lateral-edge: 0.7664, lateral-2: 1.4356, lateral-3: 1.4619, lateral-4: 1.4455, lateral-5: 1.4936, epsilon: 58.7482]
2025-10-26 00:15:52.786614 Epoch [013/100], Step [0002/0002], [lateral-edge: 0.7663, lateral-2: 1.4378, lateral-3: 1.4711, lateral-4: 1.4566, lateral-5: 1.4879, epsilon: 61.9812]
2025-10-26 00:15:55.426148 Epoch [014/100], Step [0002/0002], [lateral-edge: 0.7662, lateral-2: 1.4390, lateral-3: 1.4619, lateral-4: 1.4572, lateral-5: 1.4943, epsilon: 65.1609]
2025-10-26 00:15:58.360559 Epoch [015/100], Step [0002/0002], [lateral-edge: 0.7653, lateral-2: 1.4232, lateral-3: 1.4553, lateral-4: 1.4482, lateral-5: 1.4820, epsilon: 68.2930]
2025-10-26 00:16:01.200691 Epoch [016/100], Step [0002/0002], [lateral-edge: 0.7656, lateral-2: 1.4146, lateral-3: 1.4464, lateral-4: 1.4457, lateral-5: 1.4891, epsilon: 71.3823]
2025-10-26 00:16:04.298717 Epoch [017/100], Step [0002/0002], [lateral-edge: 0.7645, lateral-2: 1.3937, lateral-3: 1.4254, lateral-4: 1.4197, lateral-5: 1.4701, epsilon: 74.4326]
2025-10-26 00:16:07.288497 Epoch [018/100], Step [0002/0002], [lateral-edge: 0.7651, lateral-2: 1.4314, lateral-3: 1.4548, lateral-4: 1.4570, lateral-5: 1.4898, epsilon: 77.4475]
2025-10-26 00:16:10.378630 Epoch [019/100], Step [0002/0002], [lateral-edge: 0.7641, lateral-2: 1.3694, lateral-3: 1.4111, lateral-4: 1.4066, lateral-5: 1.4579, epsilon: 80.4298]
[Saving Snapshot:] ./Snapshots/save_weights/Inf-Net_DP/batch_32/run_5/noise_multiplier_0.7/Inf-Net-20.pth
[Privacy Budget]: ε = 80.43 (δ = 1e-05)
2025-10-26 00:16:14.012462 Epoch [020/100], Step [0002/0002], [lateral-edge: 0.7631, lateral-2: 1.3912, lateral-3: 1.4281, lateral-4: 1.4218, lateral-5: 1.4638, epsilon: 83.3821]
2025-10-26 00:16:16.922190 Epoch [021/100], Step [0002/0002], [lateral-edge: 0.7620, lateral-2: 1.3561, lateral-3: 1.3932, lateral-4: 1.3907, lateral-5: 1.4477, epsilon: 86.3066]
2025-10-26 00:16:20.238819 Epoch [022/100], Step [0002/0002], [lateral-edge: 0.7618, lateral-2: 1.3366, lateral-3: 1.3763, lateral-4: 1.3717, lateral-5: 1.4359, epsilon: 89.2054]
2025-10-26 00:16:23.300500 Epoch [023/100], Step [0002/0002], [lateral-edge: 0.7615, lateral-2: 1.3283, lateral-3: 1.3735, lateral-4: 1.3779, lateral-5: 1.4354, epsilon: 92.0801]
2025-10-26 00:16:26.752182 Epoch [024/100], Step [0002/0002], [lateral-edge: 0.7617, lateral-2: 1.3288, lateral-3: 1.3701, lateral-4: 1.3733, lateral-5: 1.4304, epsilon: 94.9324]
2025-10-26 00:16:29.869172 Epoch [025/100], Step [0002/0002], [lateral-edge: 0.7604, lateral-2: 1.3198, lateral-3: 1.3651, lateral-4: 1.3602, lateral-5: 1.4250, epsilon: 97.7635]
2025-10-26 00:16:32.924843 Epoch [026/100], Step [0002/0002], [lateral-edge: 0.7614, lateral-2: 1.3144, lateral-3: 1.3566, lateral-4: 1.3664, lateral-5: 1.4282, epsilon: 100.5748]
2025-10-26 00:16:36.266710 Epoch [027/100], Step [0002/0002], [lateral-edge: 0.7609, lateral-2: 1.3104, lateral-3: 1.3549, lateral-4: 1.3661, lateral-5: 1.4336, epsilon: 103.3675]
2025-10-26 00:16:39.076212 Epoch [028/100], Step [0002/0002], [lateral-edge: 0.7622, lateral-2: 1.3129, lateral-3: 1.3530, lateral-4: 1.3655, lateral-5: 1.4313, epsilon: 106.1424]
2025-10-26 00:16:42.441956 Epoch [029/100], Step [0002/0002], [lateral-edge: 0.7606, lateral-2: 1.2995, lateral-3: 1.3432, lateral-4: 1.3486, lateral-5: 1.4166, epsilon: 108.9007]
[Saving Snapshot:] ./Snapshots/save_weights/Inf-Net_DP/batch_32/run_5/noise_multiplier_0.7/Inf-Net-30.pth
[Privacy Budget]: ε = 108.90 (δ = 1e-05)
2025-10-26 00:16:46.567991 Epoch [030/100], Step [0002/0002], [lateral-edge: 0.7593, lateral-2: 1.2891, lateral-3: 1.3358, lateral-4: 1.3454, lateral-5: 1.4094, epsilon: 111.6431]
2025-10-26 00:16:49.833870 Epoch [031/100], Step [0002/0002], [lateral-edge: 0.7597, lateral-2: 1.2720, lateral-3: 1.3145, lateral-4: 1.3291, lateral-5: 1.4050, epsilon: 114.3704]
2025-10-26 00:16:53.194146 Epoch [032/100], Step [0002/0002], [lateral-edge: 0.7609, lateral-2: 1.2665, lateral-3: 1.3112, lateral-4: 1.3266, lateral-5: 1.4049, epsilon: 117.0834]
2025-10-26 00:16:56.550859 Epoch [033/100], Step [0002/0002], [lateral-edge: 0.7582, lateral-2: 1.2468, lateral-3: 1.2982, lateral-4: 1.3078, lateral-5: 1.3897, epsilon: 119.7827]
2025-10-26 00:17:00.135928 Epoch [034/100], Step [0002/0002], [lateral-edge: 0.7571, lateral-2: 1.2483, lateral-3: 1.2966, lateral-4: 1.3121, lateral-5: 1.3934, epsilon: 122.4689]
2025-10-26 00:17:04.071923 Epoch [035/100], Step [0002/0002], [lateral-edge: 0.7571, lateral-2: 1.2430, lateral-3: 1.2921, lateral-4: 1.3098, lateral-5: 1.3887, epsilon: 125.1427]
2025-10-26 00:17:07.701630 Epoch [036/100], Step [0002/0002], [lateral-edge: 0.7589, lateral-2: 1.2550, lateral-3: 1.2971, lateral-4: 1.3169, lateral-5: 1.3963, epsilon: 127.8045]
2025-10-26 00:17:10.824863 Epoch [037/100], Step [0002/0002], [lateral-edge: 0.7564, lateral-2: 1.2214, lateral-3: 1.2745, lateral-4: 1.2882, lateral-5: 1.3762, epsilon: 130.4549]
2025-10-26 00:17:14.256858 Epoch [038/100], Step [0002/0002], [lateral-edge: 0.7573, lateral-2: 1.2216, lateral-3: 1.2691, lateral-4: 1.2870, lateral-5: 1.3743, epsilon: 133.0943]
2025-10-26 00:17:17.310654 Epoch [039/100], Step [0002/0002], [lateral-edge: 0.7563, lateral-2: 1.2329, lateral-3: 1.2797, lateral-4: 1.2954, lateral-5: 1.3782, epsilon: 135.7231]
[Saving Snapshot:] ./Snapshots/save_weights/Inf-Net_DP/batch_32/run_5/noise_multiplier_0.7/Inf-Net-40.pth
[Privacy Budget]: ε = 135.72 (δ = 1e-05)
2025-10-26 00:17:21.151514 Epoch [040/100], Step [0002/0002], [lateral-edge: 0.7571, lateral-2: 1.2150, lateral-3: 1.2632, lateral-4: 1.2783, lateral-5: 1.3663, epsilon: 138.3418]
2025-10-26 00:17:24.683785 Epoch [041/100], Step [0002/0002], [lateral-edge: 0.7562, lateral-2: 1.2018, lateral-3: 1.2566, lateral-4: 1.2740, lateral-5: 1.3660, epsilon: 140.9507]
2025-10-26 00:17:28.606233 Epoch [042/100], Step [0002/0002], [lateral-edge: 0.7565, lateral-2: 1.2007, lateral-3: 1.2523, lateral-4: 1.2730, lateral-5: 1.3601, epsilon: 143.5501]
2025-10-26 00:17:32.507488 Epoch [043/100], Step [0002/0002], [lateral-edge: 0.7570, lateral-2: 1.1971, lateral-3: 1.2497, lateral-4: 1.2693, lateral-5: 1.3608, epsilon: 146.1405]
2025-10-26 00:17:36.210835 Epoch [044/100], Step [0002/0002], [lateral-edge: 0.7559, lateral-2: 1.1729, lateral-3: 1.2237, lateral-4: 1.2527, lateral-5: 1.3522, epsilon: 148.7221]
2025-10-26 00:17:40.035512 Epoch [045/100], Step [0002/0002], [lateral-edge: 0.7561, lateral-2: 1.1950, lateral-3: 1.2453, lateral-4: 1.2662, lateral-5: 1.3545, epsilon: 151.2953]
2025-10-26 00:17:43.094635 Epoch [046/100], Step [0002/0002], [lateral-edge: 0.7560, lateral-2: 1.1980, lateral-3: 1.2349, lateral-4: 1.2614, lateral-5: 1.3554, epsilon: 153.8603]
2025-10-26 00:17:47.184287 Epoch [047/100], Step [0002/0002], [lateral-edge: 0.7548, lateral-2: 1.1829, lateral-3: 1.2297, lateral-4: 1.2513, lateral-5: 1.3417, epsilon: 156.4173]
2025-10-26 00:17:50.888848 Epoch [048/100], Step [0002/0002], [lateral-edge: 0.7547, lateral-2: 1.1858, lateral-3: 1.2365, lateral-4: 1.2579, lateral-5: 1.3482, epsilon: 158.9667]
2025-10-26 00:17:53.890873 Epoch [049/100], Step [0002/0002], [lateral-edge: 0.7558, lateral-2: 1.1795, lateral-3: 1.2206, lateral-4: 1.2414, lateral-5: 1.3388, epsilon: 161.5086]
[Saving Snapshot:] ./Snapshots/save_weights/Inf-Net_DP/batch_32/run_5/noise_multiplier_0.7/Inf-Net-50.pth
[Privacy Budget]: ε = 161.51 (δ = 1e-05)
2025-10-26 00:17:58.295786 Epoch [050/100], Step [0002/0002], [lateral-edge: 0.7558, lateral-2: 1.1567, lateral-3: 1.2048, lateral-4: 1.2399, lateral-5: 1.3368, epsilon: 164.0434]
2025-10-26 00:18:01.418884 Epoch [051/100], Step [0002/0002], [lateral-edge: 0.7535, lateral-2: 1.1760, lateral-3: 1.2257, lateral-4: 1.2485, lateral-5: 1.3378, epsilon: 166.5711]
2025-10-26 00:18:05.440237 Epoch [052/100], Step [0002/0002], [lateral-edge: 0.7554, lateral-2: 1.1699, lateral-3: 1.2100, lateral-4: 1.2377, lateral-5: 1.3358, epsilon: 169.0921]
2025-10-26 00:18:08.849651 Epoch [053/100], Step [0002/0002], [lateral-edge: 0.7553, lateral-2: 1.1575, lateral-3: 1.1992, lateral-4: 1.2311, lateral-5: 1.3364, epsilon: 171.6064]
2025-10-26 00:18:12.686626 Epoch [054/100], Step [0002/0002], [lateral-edge: 0.7557, lateral-2: 1.1584, lateral-3: 1.2081, lateral-4: 1.2331, lateral-5: 1.3370, epsilon: 174.1144]
2025-10-26 00:18:16.634392 Epoch [055/100], Step [0002/0002], [lateral-edge: 0.7547, lateral-2: 1.1610, lateral-3: 1.2127, lateral-4: 1.2391, lateral-5: 1.3348, epsilon: 176.6162]
2025-10-26 00:18:20.721920 Epoch [056/100], Step [0002/0002], [lateral-edge: 0.7555, lateral-2: 1.1598, lateral-3: 1.2047, lateral-4: 1.2382, lateral-5: 1.3369, epsilon: 179.1118]
2025-10-26 00:18:24.778089 Epoch [057/100], Step [0002/0002], [lateral-edge: 0.7551, lateral-2: 1.1639, lateral-3: 1.2091, lateral-4: 1.2327, lateral-5: 1.3335, epsilon: 181.6016]
2025-10-26 00:18:28.997290 Epoch [058/100], Step [0002/0002], [lateral-edge: 0.7550, lateral-2: 1.1692, lateral-3: 1.2193, lateral-4: 1.2451, lateral-5: 1.3431, epsilon: 184.0857]
2025-10-26 00:18:32.436466 Epoch [059/100], Step [0002/0002], [lateral-edge: 0.7553, lateral-2: 1.1529, lateral-3: 1.2003, lateral-4: 1.2333, lateral-5: 1.3357, epsilon: 186.5642]
[Saving Snapshot:] ./Snapshots/save_weights/Inf-Net_DP/batch_32/run_5/noise_multiplier_0.7/Inf-Net-60.pth
[Privacy Budget]: ε = 186.56 (δ = 1e-05)
2025-10-26 00:18:36.825545 Epoch [060/100], Step [0002/0002], [lateral-edge: 0.7544, lateral-2: 1.1501, lateral-3: 1.2033, lateral-4: 1.2408, lateral-5: 1.3402, epsilon: 189.0372]
2025-10-26 00:18:40.601412 Epoch [061/100], Step [0002/0002], [lateral-edge: 0.7539, lateral-2: 1.1691, lateral-3: 1.2155, lateral-4: 1.2461, lateral-5: 1.3412, epsilon: 191.5049]
2025-10-26 00:18:44.841111 Epoch [062/100], Step [0002/0002], [lateral-edge: 0.7549, lateral-2: 1.1659, lateral-3: 1.2112, lateral-4: 1.2413, lateral-5: 1.3369, epsilon: 193.9674]
2025-10-26 00:18:48.824118 Epoch [063/100], Step [0002/0002], [lateral-edge: 0.7529, lateral-2: 1.1709, lateral-3: 1.2212, lateral-4: 1.2424, lateral-5: 1.3467, epsilon: 196.4248]
2025-10-26 00:18:53.038009 Epoch [064/100], Step [0002/0002], [lateral-edge: 0.7556, lateral-2: 1.1758, lateral-3: 1.2178, lateral-4: 1.2438, lateral-5: 1.3439, epsilon: 198.8773]
2025-10-26 00:18:57.337844 Epoch [065/100], Step [0002/0002], [lateral-edge: 0.7555, lateral-2: 1.1629, lateral-3: 1.2103, lateral-4: 1.2448, lateral-5: 1.3426, epsilon: 201.3250]
2025-10-26 00:19:01.314144 Epoch [066/100], Step [0002/0002], [lateral-edge: 0.7534, lateral-2: 1.1647, lateral-3: 1.2160, lateral-4: 1.2449, lateral-5: 1.3342, epsilon: 203.7680]
2025-10-26 00:19:05.537572 Epoch [067/100], Step [0002/0002], [lateral-edge: 0.7544, lateral-2: 1.1700, lateral-3: 1.2102, lateral-4: 1.2421, lateral-5: 1.3378, epsilon: 206.2064]
2025-10-26 00:19:09.750322 Epoch [068/100], Step [0002/0002], [lateral-edge: 0.7545, lateral-2: 1.1627, lateral-3: 1.2140, lateral-4: 1.2531, lateral-5: 1.3417, epsilon: 208.6403]
2025-10-26 00:19:13.950801 Epoch [069/100], Step [0002/0002], [lateral-edge: 0.7539, lateral-2: 1.1800, lateral-3: 1.2313, lateral-4: 1.2571, lateral-5: 1.3429, epsilon: 211.0697]
[Saving Snapshot:] ./Snapshots/save_weights/Inf-Net_DP/batch_32/run_5/noise_multiplier_0.7/Inf-Net-70.pth
[Privacy Budget]: ε = 211.07 (δ = 1e-05)
2025-10-26 00:19:20.052713 Epoch [070/100], Step [0002/0002], [lateral-edge: 0.7547, lateral-2: 1.1655, lateral-3: 1.2125, lateral-4: 1.2455, lateral-5: 1.3396, epsilon: 213.4949]
2025-10-26 00:19:24.625402 Epoch [071/100], Step [0002/0002], [lateral-edge: 0.7538, lateral-2: 1.1646, lateral-3: 1.2126, lateral-4: 1.2392, lateral-5: 1.3360, epsilon: 215.9158]
2025-10-26 00:19:29.150694 Epoch [072/100], Step [0002/0002], [lateral-edge: 0.7536, lateral-2: 1.1505, lateral-3: 1.2051, lateral-4: 1.2377, lateral-5: 1.3320, epsilon: 218.3327]
2025-10-26 00:19:32.932910 Epoch [073/100], Step [0002/0002], [lateral-edge: 0.7547, lateral-2: 1.1574, lateral-3: 1.2151, lateral-4: 1.2482, lateral-5: 1.3395, epsilon: 220.7454]
2025-10-26 00:19:37.823181 Epoch [074/100], Step [0002/0002], [lateral-edge: 0.7543, lateral-2: 1.1632, lateral-3: 1.2127, lateral-4: 1.2423, lateral-5: 1.3421, epsilon: 223.1542]
2025-10-26 00:19:42.160257 Epoch [075/100], Step [0002/0002], [lateral-edge: 0.7531, lateral-2: 1.1594, lateral-3: 1.2078, lateral-4: 1.2345, lateral-5: 1.3351, epsilon: 225.5592]
2025-10-26 00:19:46.939821 Epoch [076/100], Step [0002/0002], [lateral-edge: 0.7545, lateral-2: 1.1618, lateral-3: 1.2109, lateral-4: 1.2467, lateral-5: 1.3385, epsilon: 227.9603]
2025-10-26 00:19:51.456903 Epoch [077/100], Step [0002/0002], [lateral-edge: 0.7552, lateral-2: 1.1586, lateral-3: 1.2108, lateral-4: 1.2425, lateral-5: 1.3430, epsilon: 230.3577]
2025-10-26 00:19:54.901716 Epoch [078/100], Step [0002/0002], [lateral-edge: 0.7556, lateral-2: 1.1615, lateral-3: 1.2107, lateral-4: 1.2376, lateral-5: 1.3339, epsilon: 232.7515]
2025-10-26 00:19:59.875196 Epoch [079/100], Step [0002/0002], [lateral-edge: 0.7545, lateral-2: 1.1723, lateral-3: 1.2191, lateral-4: 1.2471, lateral-5: 1.3411, epsilon: 235.1417]
[Saving Snapshot:] ./Snapshots/save_weights/Inf-Net_DP/batch_32/run_5/noise_multiplier_0.7/Inf-Net-80.pth
[Privacy Budget]: ε = 235.14 (δ = 1e-05)
2025-10-26 00:20:06.562278 Epoch [080/100], Step [0002/0002], [lateral-edge: 0.7548, lateral-2: 1.1692, lateral-3: 1.2216, lateral-4: 1.2459, lateral-5: 1.3404, epsilon: 237.5283]
2025-10-26 00:20:11.349228 Epoch [081/100], Step [0002/0002], [lateral-edge: 0.7547, lateral-2: 1.1530, lateral-3: 1.2032, lateral-4: 1.2347, lateral-5: 1.3310, epsilon: 239.9115]
2025-10-26 00:20:16.324862 Epoch [082/100], Step [0002/0002], [lateral-edge: 0.7547, lateral-2: 1.1679, lateral-3: 1.2185, lateral-4: 1.2473, lateral-5: 1.3428, epsilon: 242.2914]
2025-10-26 00:20:21.328705 Epoch [083/100], Step [0002/0002], [lateral-edge: 0.7551, lateral-2: 1.1750, lateral-3: 1.2241, lateral-4: 1.2503, lateral-5: 1.3404, epsilon: 244.6678]
2025-10-26 00:20:26.440065 Epoch [084/100], Step [0002/0002], [lateral-edge: 0.7555, lateral-2: 1.1645, lateral-3: 1.2052, lateral-4: 1.2351, lateral-5: 1.3347, epsilon: 247.0411]
2025-10-26 00:20:31.308316 Epoch [085/100], Step [0002/0002], [lateral-edge: 0.7539, lateral-2: 1.1616, lateral-3: 1.2150, lateral-4: 1.2466, lateral-5: 1.3409, epsilon: 249.4111]
2025-10-26 00:20:36.386898 Epoch [086/100], Step [0002/0002], [lateral-edge: 0.7560, lateral-2: 1.1682, lateral-3: 1.2033, lateral-4: 1.2352, lateral-5: 1.3319, epsilon: 251.7780]
2025-10-26 00:20:41.442219 Epoch [087/100], Step [0002/0002], [lateral-edge: 0.7544, lateral-2: 1.1627, lateral-3: 1.2083, lateral-4: 1.2415, lateral-5: 1.3341, epsilon: 254.1418]
2025-10-26 00:20:46.977519 Epoch [088/100], Step [0002/0002], [lateral-edge: 0.7543, lateral-2: 1.1662, lateral-3: 1.2149, lateral-4: 1.2423, lateral-5: 1.3394, epsilon: 256.5025]
2025-10-26 00:20:52.140373 Epoch [089/100], Step [0002/0002], [lateral-edge: 0.7537, lateral-2: 1.1880, lateral-3: 1.2366, lateral-4: 1.2587, lateral-5: 1.3500, epsilon: 258.8603]
[Saving Snapshot:] ./Snapshots/save_weights/Inf-Net_DP/batch_32/run_5/noise_multiplier_0.7/Inf-Net-90.pth
[Privacy Budget]: ε = 258.86 (δ = 1e-05)
2025-10-26 00:20:59.702727 Epoch [090/100], Step [0002/0002], [lateral-edge: 0.7538, lateral-2: 1.1624, lateral-3: 1.2097, lateral-4: 1.2388, lateral-5: 1.3356, epsilon: 261.2151]
2025-10-26 00:21:04.880224 Epoch [091/100], Step [0002/0002], [lateral-edge: 0.7553, lateral-2: 1.1796, lateral-3: 1.2202, lateral-4: 1.2487, lateral-5: 1.3452, epsilon: 263.5670]
2025-10-26 00:21:10.781074 Epoch [092/100], Step [0002/0002], [lateral-edge: 0.7539, lateral-2: 1.1545, lateral-3: 1.2090, lateral-4: 1.2410, lateral-5: 1.3368, epsilon: 265.9161]
2025-10-26 00:21:15.750544 Epoch [093/100], Step [0002/0002], [lateral-edge: 0.7555, lateral-2: 1.1741, lateral-3: 1.2166, lateral-4: 1.2489, lateral-5: 1.3411, epsilon: 268.2623]
2025-10-26 00:21:21.125484 Epoch [094/100], Step [0002/0002], [lateral-edge: 0.7538, lateral-2: 1.1661, lateral-3: 1.2066, lateral-4: 1.2393, lateral-5: 1.3393, epsilon: 270.6059]
2025-10-26 00:21:26.313714 Epoch [095/100], Step [0002/0002], [lateral-edge: 0.7565, lateral-2: 1.1589, lateral-3: 1.1937, lateral-4: 1.2299, lateral-5: 1.3324, epsilon: 272.9467]
2025-10-26 00:21:31.822429 Epoch [096/100], Step [0002/0002], [lateral-edge: 0.7541, lateral-2: 1.1518, lateral-3: 1.2029, lateral-4: 1.2368, lateral-5: 1.3387, epsilon: 275.2848]
2025-10-26 00:21:37.853721 Epoch [097/100], Step [0002/0002], [lateral-edge: 0.7548, lateral-2: 1.1669, lateral-3: 1.2196, lateral-4: 1.2430, lateral-5: 1.3391, epsilon: 277.6204]
2025-10-26 00:21:41.904611 Epoch [098/100], Step [0002/0002], [lateral-edge: 0.7543, lateral-2: 1.1544, lateral-3: 1.1963, lateral-4: 1.2328, lateral-5: 1.3278, epsilon: 279.9533]
2025-10-26 00:21:46.444706 Epoch [099/100], Step [0002/0002], [lateral-edge: 0.7557, lateral-2: 1.1807, lateral-3: 1.2186, lateral-4: 1.2476, lateral-5: 1.3437, epsilon: 282.2837]
[Saving Snapshot:] ./Snapshots/save_weights/Inf-Net_DP/batch_32/run_5/noise_multiplier_0.7/Inf-Net-100.pth
[Privacy Budget]: ε = 282.28 (δ = 1e-05)
2025-10-26 00:21:53.689840 Epoch [100/100], Step [0002/0002], [lateral-edge: 0.7546, lateral-2: 1.1601, lateral-3: 1.2113, lateral-4: 1.2417, lateral-5: 1.3401, epsilon: 284.6116]
Training completed at Sun Oct 26 00:21:54 CEST 2025
