Backbone loading: Res2Net50
Not loading weights from weights file
################################################## 
Start Training (Inf-Net-Res2Net50)
Backbone: Res2Net50
Batch Size: 24
Morphology: Disabled
Save Path: ./Snapshots/save_weights/Inf-Net/batch_24/run_1
Run: 1
Namespace(epoch=70, lr=0.0001, batchsize=24, trainsize=352, clip=0.5, decay_rate=0.1, decay_epoch=50, is_thop=False, gpu_device=0, num_workers=8, net_channel=32, n_classes=1, backbone='Res2Net50', train_path='./Dataset/TrainingSet/LungInfection-Train/Doctor-label', is_semi=False, is_pseudo=False, train_save=None, run=1, enable_morphology=False, morph_operation='close', morph_kernel_size=3, device='cuda')
 ##################################################
2025-10-26 21:43:52.620744 Epoch [001/070], Step [0003/0003], [lateral-edge: 0.7676, lateral-2: 1.5341, lateral-3: 1.5427, lateral-4: 1.5789, lateral-5: 1.5654]
2025-10-26 21:43:54.178173 Epoch [002/070], Step [0003/0003], [lateral-edge: 0.7525, lateral-2: 1.4315, lateral-3: 1.4549, lateral-4: 1.4791, lateral-5: 1.5231]
2025-10-26 21:43:55.751355 Epoch [003/070], Step [0003/0003], [lateral-edge: 0.7449, lateral-2: 1.3119, lateral-3: 1.3534, lateral-4: 1.4480, lateral-5: 1.5123]
2025-10-26 21:43:57.348522 Epoch [004/070], Step [0003/0003], [lateral-edge: 0.7441, lateral-2: 1.2410, lateral-3: 1.2836, lateral-4: 1.3759, lateral-5: 1.6097]
2025-10-26 21:43:58.914799 Epoch [005/070], Step [0003/0003], [lateral-edge: 0.7378, lateral-2: 1.1123, lateral-3: 1.2014, lateral-4: 1.2928, lateral-5: 1.6429]
2025-10-26 21:44:00.498407 Epoch [006/070], Step [0003/0003], [lateral-edge: 0.7360, lateral-2: 1.1619, lateral-3: 1.1903, lateral-4: 1.2539, lateral-5: 1.5911]
2025-10-26 21:44:02.065905 Epoch [007/070], Step [0003/0003], [lateral-edge: 0.7319, lateral-2: 1.1067, lateral-3: 1.1620, lateral-4: 1.2580, lateral-5: 1.6304]
2025-10-26 21:44:03.616209 Epoch [008/070], Step [0003/0003], [lateral-edge: 0.7285, lateral-2: 1.0821, lateral-3: 1.1060, lateral-4: 1.2007, lateral-5: 1.6053]
2025-10-26 21:44:05.147409 Epoch [009/070], Step [0003/0003], [lateral-edge: 0.7267, lateral-2: 1.1398, lateral-3: 1.1694, lateral-4: 1.2572, lateral-5: 1.6070]
[Saving Snapshot:] ./Snapshots/save_weights/Inf-Net/batch_24/run_1/Inf-Net-10.pth
2025-10-26 21:44:06.936011 Epoch [010/070], Step [0003/0003], [lateral-edge: 0.7210, lateral-2: 1.0807, lateral-3: 1.1433, lateral-4: 1.2627, lateral-5: 1.6361]
2025-10-26 21:44:08.475077 Epoch [011/070], Step [0003/0003], [lateral-edge: 0.7203, lateral-2: 1.1142, lateral-3: 1.1543, lateral-4: 1.2258, lateral-5: 1.6440]
2025-10-26 21:44:10.014340 Epoch [012/070], Step [0003/0003], [lateral-edge: 0.7168, lateral-2: 0.9643, lateral-3: 1.0302, lateral-4: 1.1551, lateral-5: 1.6131]
2025-10-26 21:44:11.545203 Epoch [013/070], Step [0003/0003], [lateral-edge: 0.7143, lateral-2: 1.0271, lateral-3: 1.0843, lateral-4: 1.1977, lateral-5: 1.4958]
2025-10-26 21:44:13.078164 Epoch [014/070], Step [0003/0003], [lateral-edge: 0.7114, lateral-2: 0.9787, lateral-3: 1.0310, lateral-4: 1.1428, lateral-5: 1.4602]
2025-10-26 21:44:14.621805 Epoch [015/070], Step [0003/0003], [lateral-edge: 0.7109, lateral-2: 1.0608, lateral-3: 1.0825, lateral-4: 1.1676, lateral-5: 1.5869]
2025-10-26 21:44:16.161754 Epoch [016/070], Step [0003/0003], [lateral-edge: 0.7094, lateral-2: 0.9780, lateral-3: 1.0495, lateral-4: 1.1626, lateral-5: 1.6411]
2025-10-26 21:44:17.692105 Epoch [017/070], Step [0003/0003], [lateral-edge: 0.7050, lateral-2: 0.9127, lateral-3: 0.9831, lateral-4: 1.1086, lateral-5: 1.5514]
2025-10-26 21:44:19.241304 Epoch [018/070], Step [0003/0003], [lateral-edge: 0.7075, lateral-2: 0.9835, lateral-3: 1.0398, lateral-4: 1.1435, lateral-5: 1.5788]
2025-10-26 21:44:20.800099 Epoch [019/070], Step [0003/0003], [lateral-edge: 0.7044, lateral-2: 0.9430, lateral-3: 1.0061, lateral-4: 1.1262, lateral-5: 1.5318]
[Saving Snapshot:] ./Snapshots/save_weights/Inf-Net/batch_24/run_1/Inf-Net-20.pth
2025-10-26 21:44:22.531302 Epoch [020/070], Step [0003/0003], [lateral-edge: 0.7023, lateral-2: 0.9213, lateral-3: 0.9948, lateral-4: 1.1175, lateral-5: 1.4005]
2025-10-26 21:44:24.080580 Epoch [021/070], Step [0003/0003], [lateral-edge: 0.7031, lateral-2: 0.9452, lateral-3: 1.0016, lateral-4: 1.1209, lateral-5: 1.5451]
2025-10-26 21:44:25.622906 Epoch [022/070], Step [0003/0003], [lateral-edge: 0.7016, lateral-2: 0.8390, lateral-3: 0.9132, lateral-4: 1.0349, lateral-5: 1.5326]
2025-10-26 21:44:27.167519 Epoch [023/070], Step [0003/0003], [lateral-edge: 0.7006, lateral-2: 0.8310, lateral-3: 0.9211, lateral-4: 1.0630, lateral-5: 1.4819]
2025-10-26 21:44:28.717341 Epoch [024/070], Step [0003/0003], [lateral-edge: 0.6994, lateral-2: 0.9017, lateral-3: 0.9674, lateral-4: 1.0757, lateral-5: 1.4146]
2025-10-26 21:44:30.277459 Epoch [025/070], Step [0003/0003], [lateral-edge: 0.6995, lateral-2: 0.9342, lateral-3: 1.0029, lateral-4: 1.1106, lateral-5: 1.4404]
2025-10-26 21:44:31.828659 Epoch [026/070], Step [0003/0003], [lateral-edge: 0.6986, lateral-2: 0.9317, lateral-3: 0.9790, lateral-4: 1.0879, lateral-5: 1.5548]
2025-10-26 21:44:33.371559 Epoch [027/070], Step [0003/0003], [lateral-edge: 0.6979, lateral-2: 0.8289, lateral-3: 0.8959, lateral-4: 1.0153, lateral-5: 1.4945]
2025-10-26 21:44:34.924413 Epoch [028/070], Step [0003/0003], [lateral-edge: 0.6972, lateral-2: 0.8044, lateral-3: 0.8778, lateral-4: 1.0049, lateral-5: 1.4241]
2025-10-26 21:44:36.567880 Epoch [029/070], Step [0003/0003], [lateral-edge: 0.6968, lateral-2: 0.8182, lateral-3: 0.9018, lateral-4: 1.0412, lateral-5: 1.4072]
[Saving Snapshot:] ./Snapshots/save_weights/Inf-Net/batch_24/run_1/Inf-Net-30.pth
2025-10-26 21:44:38.296211 Epoch [030/070], Step [0003/0003], [lateral-edge: 0.6962, lateral-2: 0.9711, lateral-3: 1.0243, lateral-4: 1.1196, lateral-5: 1.3753]
2025-10-26 21:44:39.826915 Epoch [031/070], Step [0003/0003], [lateral-edge: 0.6961, lateral-2: 1.0499, lateral-3: 1.1059, lateral-4: 1.2105, lateral-5: 1.5274]
2025-10-26 21:44:41.376868 Epoch [032/070], Step [0003/0003], [lateral-edge: 0.6954, lateral-2: 0.9304, lateral-3: 0.9846, lateral-4: 1.0879, lateral-5: 1.5139]
2025-10-26 21:44:42.924250 Epoch [033/070], Step [0003/0003], [lateral-edge: 0.6946, lateral-2: 0.9676, lateral-3: 1.0182, lateral-4: 1.1261, lateral-5: 1.3922]
2025-10-26 21:44:44.480492 Epoch [034/070], Step [0003/0003], [lateral-edge: 0.6941, lateral-2: 0.9181, lateral-3: 0.9856, lateral-4: 1.0776, lateral-5: 1.3558]
2025-10-26 21:44:46.035953 Epoch [035/070], Step [0003/0003], [lateral-edge: 0.6919, lateral-2: 0.8668, lateral-3: 0.9602, lateral-4: 1.0901, lateral-5: 1.4265]
2025-10-26 21:44:47.619000 Epoch [036/070], Step [0003/0003], [lateral-edge: 0.6924, lateral-2: 0.8345, lateral-3: 0.9085, lateral-4: 1.0379, lateral-5: 1.4632]
2025-10-26 21:44:49.174670 Epoch [037/070], Step [0003/0003], [lateral-edge: 0.6915, lateral-2: 0.8481, lateral-3: 0.9198, lateral-4: 1.0417, lateral-5: 1.3888]
2025-10-26 21:44:50.724705 Epoch [038/070], Step [0003/0003], [lateral-edge: 0.6919, lateral-2: 0.8097, lateral-3: 0.9094, lateral-4: 1.0397, lateral-5: 1.4433]
2025-10-26 21:44:52.297996 Epoch [039/070], Step [0003/0003], [lateral-edge: 0.6908, lateral-2: 0.8826, lateral-3: 0.9673, lateral-4: 1.0960, lateral-5: 1.3544]
[Saving Snapshot:] ./Snapshots/save_weights/Inf-Net/batch_24/run_1/Inf-Net-40.pth
2025-10-26 21:44:54.075949 Epoch [040/070], Step [0003/0003], [lateral-edge: 0.6913, lateral-2: 0.8849, lateral-3: 0.9540, lateral-4: 1.0651, lateral-5: 1.4558]
2025-10-26 21:44:55.642186 Epoch [041/070], Step [0003/0003], [lateral-edge: 0.6904, lateral-2: 0.8083, lateral-3: 0.8807, lateral-4: 0.9936, lateral-5: 1.3796]
2025-10-26 21:44:57.191998 Epoch [042/070], Step [0003/0003], [lateral-edge: 0.6889, lateral-2: 0.7813, lateral-3: 0.8705, lateral-4: 0.9969, lateral-5: 1.3992]
2025-10-26 21:44:58.748146 Epoch [043/070], Step [0003/0003], [lateral-edge: 0.6898, lateral-2: 0.7539, lateral-3: 0.8412, lateral-4: 0.9624, lateral-5: 1.4843]
2025-10-26 21:45:00.308433 Epoch [044/070], Step [0003/0003], [lateral-edge: 0.6890, lateral-2: 0.7259, lateral-3: 0.8196, lateral-4: 0.9475, lateral-5: 1.2727]
2025-10-26 21:45:01.864035 Epoch [045/070], Step [0003/0003], [lateral-edge: 0.6885, lateral-2: 0.8124, lateral-3: 0.8923, lateral-4: 1.0120, lateral-5: 1.3933]
2025-10-26 21:45:03.427305 Epoch [046/070], Step [0003/0003], [lateral-edge: 0.6881, lateral-2: 0.7720, lateral-3: 0.8447, lateral-4: 0.9690, lateral-5: 1.4312]
2025-10-26 21:45:04.987428 Epoch [047/070], Step [0003/0003], [lateral-edge: 0.6863, lateral-2: 0.7285, lateral-3: 0.8331, lateral-4: 0.9730, lateral-5: 1.3400]
2025-10-26 21:45:06.557260 Epoch [048/070], Step [0003/0003], [lateral-edge: 0.6866, lateral-2: 0.7969, lateral-3: 0.8687, lateral-4: 0.9851, lateral-5: 1.3498]
2025-10-26 21:45:08.124842 Epoch [049/070], Step [0003/0003], [lateral-edge: 0.6862, lateral-2: 0.7510, lateral-3: 0.8286, lateral-4: 0.9495, lateral-5: 1.3328]
[Saving Snapshot:] ./Snapshots/save_weights/Inf-Net/batch_24/run_1/Inf-Net-50.pth
2025-10-26 21:45:09.868369 Epoch [050/070], Step [0003/0003], [lateral-edge: 0.6855, lateral-2: 0.7265, lateral-3: 0.8167, lateral-4: 0.9616, lateral-5: 1.3320]
2025-10-26 21:45:11.418215 Epoch [051/070], Step [0003/0003], [lateral-edge: 0.6858, lateral-2: 0.7964, lateral-3: 0.8711, lateral-4: 0.9926, lateral-5: 1.3112]
2025-10-26 21:45:13.007906 Epoch [052/070], Step [0003/0003], [lateral-edge: 0.6861, lateral-2: 0.7033, lateral-3: 0.7869, lateral-4: 0.9209, lateral-5: 1.4220]
2025-10-26 21:45:14.562256 Epoch [053/070], Step [0003/0003], [lateral-edge: 0.6847, lateral-2: 0.7553, lateral-3: 0.8529, lateral-4: 0.9862, lateral-5: 1.3225]
2025-10-26 21:45:16.136193 Epoch [054/070], Step [0003/0003], [lateral-edge: 0.6852, lateral-2: 0.8046, lateral-3: 0.8958, lateral-4: 1.0330, lateral-5: 1.2753]
2025-10-26 21:45:17.716106 Epoch [055/070], Step [0003/0003], [lateral-edge: 0.6861, lateral-2: 0.7189, lateral-3: 0.7983, lateral-4: 0.9163, lateral-5: 1.2801]
2025-10-26 21:45:19.276851 Epoch [056/070], Step [0003/0003], [lateral-edge: 0.6852, lateral-2: 0.7185, lateral-3: 0.8301, lateral-4: 0.9743, lateral-5: 1.2859]
2025-10-26 21:45:20.847881 Epoch [057/070], Step [0003/0003], [lateral-edge: 0.6853, lateral-2: 0.7180, lateral-3: 0.8031, lateral-4: 0.9387, lateral-5: 1.2610]
2025-10-26 21:45:22.422726 Epoch [058/070], Step [0003/0003], [lateral-edge: 0.6860, lateral-2: 0.8684, lateral-3: 0.9333, lateral-4: 1.0546, lateral-5: 1.2414]
2025-10-26 21:45:23.960233 Epoch [059/070], Step [0003/0003], [lateral-edge: 0.6857, lateral-2: 0.7199, lateral-3: 0.8179, lateral-4: 0.9609, lateral-5: 1.3137]
[Saving Snapshot:] ./Snapshots/save_weights/Inf-Net/batch_24/run_1/Inf-Net-60.pth
2025-10-26 21:45:25.680577 Epoch [060/070], Step [0003/0003], [lateral-edge: 0.6857, lateral-2: 0.7165, lateral-3: 0.8176, lateral-4: 0.9687, lateral-5: 1.2573]
2025-10-26 21:45:27.222823 Epoch [061/070], Step [0003/0003], [lateral-edge: 0.6850, lateral-2: 0.7339, lateral-3: 0.8187, lateral-4: 0.9491, lateral-5: 1.2220]
2025-10-26 21:45:28.781772 Epoch [062/070], Step [0003/0003], [lateral-edge: 0.6850, lateral-2: 0.7178, lateral-3: 0.8133, lateral-4: 0.9525, lateral-5: 1.3153]
2025-10-26 21:45:30.331249 Epoch [063/070], Step [0003/0003], [lateral-edge: 0.6858, lateral-2: 0.6980, lateral-3: 0.7902, lateral-4: 0.9207, lateral-5: 1.3675]
2025-10-26 21:45:31.890797 Epoch [064/070], Step [0003/0003], [lateral-edge: 0.6851, lateral-2: 0.7064, lateral-3: 0.7946, lateral-4: 0.9254, lateral-5: 1.3298]
2025-10-26 21:45:33.467977 Epoch [065/070], Step [0003/0003], [lateral-edge: 0.6851, lateral-2: 0.7547, lateral-3: 0.8536, lateral-4: 0.9943, lateral-5: 1.2713]
2025-10-26 21:45:35.033249 Epoch [066/070], Step [0003/0003], [lateral-edge: 0.6857, lateral-2: 0.7576, lateral-3: 0.8493, lateral-4: 0.9840, lateral-5: 1.2700]
2025-10-26 21:45:36.602482 Epoch [067/070], Step [0003/0003], [lateral-edge: 0.6854, lateral-2: 0.7449, lateral-3: 0.8460, lateral-4: 0.9892, lateral-5: 1.2595]
2025-10-26 21:45:38.134701 Epoch [068/070], Step [0003/0003], [lateral-edge: 0.6857, lateral-2: 0.7862, lateral-3: 0.8722, lateral-4: 1.0116, lateral-5: 1.2505]
2025-10-26 21:45:39.690571 Epoch [069/070], Step [0003/0003], [lateral-edge: 0.6857, lateral-2: 0.7937, lateral-3: 0.8809, lateral-4: 1.0193, lateral-5: 1.3032]
[Saving Snapshot:] ./Snapshots/save_weights/Inf-Net/batch_24/run_1/Inf-Net-70.pth
2025-10-26 21:45:41.423940 Epoch [070/070], Step [0003/0003], [lateral-edge: 0.6855, lateral-2: 0.7380, lateral-3: 0.8349, lateral-4: 0.9707, lateral-5: 1.3995]
Training completed at Sun Oct 26 21:45:42 CET 2025
