Backbone loading: Res2Net50
Freezing unused branches for DP compatibility...
Trainable: 31,072,721 / 33,121,721 parameters
Not loading weights from weights file
Validator raised issues with model. Attempting auto-fix...
Original error: UnsupportedModuleError
Model successfully fixed for differential privacy
###################################################################### 
Start Training (Inf-Net-Res2Net50)
Backbone: Res2Net50
Batch Size: 72
Privacy: DP Enabled (ε budget, δ=1e-05)
Morphology: both
Save Path: ./Snapshots/save_weights/Inf-Net_DP_Morph/both/batch_72/run_1/noise_multiplier_0.7
Run: 1
Namespace(epoch=70, lr=0.0001, batchsize=72, trainsize=352, clip=0.5, decay_rate=0.1, decay_epoch=50, is_thop=False, gpu_device=0, num_workers=4, net_channel=32, n_classes=1, backbone='Res2Net50', train_path='./Dataset/TrainingSet/LungInfection-Train/Doctor-label', is_semi=False, is_pseudo=False, train_save=None, run=1, enable_privacy=True, noise_multiplier=0.7, max_grad_norm=1.2, delta=1e-05, enable_morphology=True, morph_operation='both', morph_kernel_size=3, device='cuda')
 ######################################################################
2025-10-27 00:54:19.081467 Epoch [001/070], Step [0001/0001], [lateral-edge: 0.7777, lateral-2: 1.6835, lateral-3: 1.6458, lateral-4: 1.6287, lateral-5: 1.5537, epsilon: 13.0463]
2025-10-27 00:54:21.822788 Epoch [002/070], Step [0001/0001], [lateral-edge: 0.7772, lateral-2: 1.6480, lateral-3: 1.6126, lateral-4: 1.5996, lateral-5: 1.5475, epsilon: 20.4062]
2025-10-27 00:54:24.594651 Epoch [003/070], Step [0001/0001], [lateral-edge: 0.7766, lateral-2: 1.6232, lateral-3: 1.5896, lateral-4: 1.5775, lateral-5: 1.5416, epsilon: 26.7813]
2025-10-27 00:54:27.482169 Epoch [004/070], Step [0001/0001], [lateral-edge: 0.7759, lateral-2: 1.6022, lateral-3: 1.5694, lateral-4: 1.5571, lateral-5: 1.5358, epsilon: 32.6429]
2025-10-27 00:54:30.263716 Epoch [005/070], Step [0001/0001], [lateral-edge: 0.7753, lateral-2: 1.5838, lateral-3: 1.5519, lateral-4: 1.5394, lateral-5: 1.5306, epsilon: 38.1752]
2025-10-27 00:54:33.020445 Epoch [006/070], Step [0001/0001], [lateral-edge: 0.7746, lateral-2: 1.5678, lateral-3: 1.5372, lateral-4: 1.5251, lateral-5: 1.5255, epsilon: 43.4728]
2025-10-27 00:54:35.826530 Epoch [007/070], Step [0001/0001], [lateral-edge: 0.7739, lateral-2: 1.5536, lateral-3: 1.5247, lateral-4: 1.5134, lateral-5: 1.5205, epsilon: 48.5922]
2025-10-27 00:54:38.712517 Epoch [008/070], Step [0001/0001], [lateral-edge: 0.7731, lateral-2: 1.5407, lateral-3: 1.5132, lateral-4: 1.5035, lateral-5: 1.5156, epsilon: 53.5703]
2025-10-27 00:54:41.498016 Epoch [009/070], Step [0001/0001], [lateral-edge: 0.7723, lateral-2: 1.5286, lateral-3: 1.5019, lateral-4: 1.4944, lateral-5: 1.5107, epsilon: 58.4329]
[Saving Snapshot:] ./Snapshots/save_weights/Inf-Net_DP_Morph/both/batch_72/run_1/noise_multiplier_0.7/Inf-Net-10.pth
[Privacy Budget]: ε = 58.43 (δ = 1e-05)
2025-10-27 00:54:44.759302 Epoch [010/070], Step [0001/0001], [lateral-edge: 0.7714, lateral-2: 1.5169, lateral-3: 1.4912, lateral-4: 1.4861, lateral-5: 1.5058, epsilon: 63.1985]
2025-10-27 00:54:47.608398 Epoch [011/070], Step [0001/0001], [lateral-edge: 0.7705, lateral-2: 1.5054, lateral-3: 1.4809, lateral-4: 1.4782, lateral-5: 1.5009, epsilon: 67.8815]
2025-10-27 00:54:50.492249 Epoch [012/070], Step [0001/0001], [lateral-edge: 0.7696, lateral-2: 1.4940, lateral-3: 1.4712, lateral-4: 1.4702, lateral-5: 1.4959, epsilon: 72.4927]
2025-10-27 00:54:53.476146 Epoch [013/070], Step [0001/0001], [lateral-edge: 0.7688, lateral-2: 1.4825, lateral-3: 1.4618, lateral-4: 1.4625, lateral-5: 1.4908, epsilon: 77.0409]
2025-10-27 00:54:56.395917 Epoch [014/070], Step [0001/0001], [lateral-edge: 0.7679, lateral-2: 1.4710, lateral-3: 1.4528, lateral-4: 1.4547, lateral-5: 1.4860, epsilon: 81.5333]
2025-10-27 00:54:59.326582 Epoch [015/070], Step [0001/0001], [lateral-edge: 0.7671, lateral-2: 1.4593, lateral-3: 1.4436, lateral-4: 1.4470, lateral-5: 1.4810, epsilon: 85.9757]
2025-10-27 00:55:02.144300 Epoch [016/070], Step [0001/0001], [lateral-edge: 0.7663, lateral-2: 1.4478, lateral-3: 1.4346, lateral-4: 1.4390, lateral-5: 1.4760, epsilon: 90.3730]
2025-10-27 00:55:05.140389 Epoch [017/070], Step [0001/0001], [lateral-edge: 0.7655, lateral-2: 1.4363, lateral-3: 1.4258, lateral-4: 1.4308, lateral-5: 1.4713, epsilon: 94.7294]
2025-10-27 00:55:08.222965 Epoch [018/070], Step [0001/0001], [lateral-edge: 0.7647, lateral-2: 1.4246, lateral-3: 1.4170, lateral-4: 1.4228, lateral-5: 1.4666, epsilon: 99.0484]
2025-10-27 00:55:11.066198 Epoch [019/070], Step [0001/0001], [lateral-edge: 0.7639, lateral-2: 1.4130, lateral-3: 1.4086, lateral-4: 1.4148, lateral-5: 1.4620, epsilon: 103.3331]
[Saving Snapshot:] ./Snapshots/save_weights/Inf-Net_DP_Morph/both/batch_72/run_1/noise_multiplier_0.7/Inf-Net-20.pth
[Privacy Budget]: ε = 103.33 (δ = 1e-05)
2025-10-27 00:55:14.561952 Epoch [020/070], Step [0001/0001], [lateral-edge: 0.7632, lateral-2: 1.4016, lateral-3: 1.3999, lateral-4: 1.4070, lateral-5: 1.4575, epsilon: 107.5861]
2025-10-27 00:55:17.639636 Epoch [021/070], Step [0001/0001], [lateral-edge: 0.7626, lateral-2: 1.3904, lateral-3: 1.3909, lateral-4: 1.3997, lateral-5: 1.4530, epsilon: 111.8098]
2025-10-27 00:55:20.669926 Epoch [022/070], Step [0001/0001], [lateral-edge: 0.7619, lateral-2: 1.3794, lateral-3: 1.3821, lateral-4: 1.3929, lateral-5: 1.4485, epsilon: 116.0063]
2025-10-27 00:55:23.809657 Epoch [023/070], Step [0001/0001], [lateral-edge: 0.7613, lateral-2: 1.3686, lateral-3: 1.3735, lateral-4: 1.3864, lateral-5: 1.4441, epsilon: 120.1773]
2025-10-27 00:55:26.956166 Epoch [024/070], Step [0001/0001], [lateral-edge: 0.7608, lateral-2: 1.3582, lateral-3: 1.3652, lateral-4: 1.3795, lateral-5: 1.4396, epsilon: 124.3245]
2025-10-27 00:55:30.124573 Epoch [025/070], Step [0001/0001], [lateral-edge: 0.7605, lateral-2: 1.3480, lateral-3: 1.3572, lateral-4: 1.3725, lateral-5: 1.4350, epsilon: 128.4495]
2025-10-27 00:55:33.029892 Epoch [026/070], Step [0001/0001], [lateral-edge: 0.7601, lateral-2: 1.3382, lateral-3: 1.3493, lateral-4: 1.3655, lateral-5: 1.4306, epsilon: 132.5534]
2025-10-27 00:55:36.364317 Epoch [027/070], Step [0001/0001], [lateral-edge: 0.7598, lateral-2: 1.3286, lateral-3: 1.3417, lateral-4: 1.3584, lateral-5: 1.4262, epsilon: 136.6376]
2025-10-27 00:55:39.587736 Epoch [028/070], Step [0001/0001], [lateral-edge: 0.7594, lateral-2: 1.3195, lateral-3: 1.3342, lateral-4: 1.3517, lateral-5: 1.4219, epsilon: 140.7030]
2025-10-27 00:55:42.903589 Epoch [029/070], Step [0001/0001], [lateral-edge: 0.7591, lateral-2: 1.3106, lateral-3: 1.3269, lateral-4: 1.3453, lateral-5: 1.4178, epsilon: 144.7507]
[Saving Snapshot:] ./Snapshots/save_weights/Inf-Net_DP_Morph/both/batch_72/run_1/noise_multiplier_0.7/Inf-Net-30.pth
[Privacy Budget]: ε = 144.75 (δ = 1e-05)
2025-10-27 00:55:46.906847 Epoch [030/070], Step [0001/0001], [lateral-edge: 0.7587, lateral-2: 1.3020, lateral-3: 1.3199, lateral-4: 1.3388, lateral-5: 1.4138, epsilon: 148.7816]
2025-10-27 00:55:50.245412 Epoch [031/070], Step [0001/0001], [lateral-edge: 0.7584, lateral-2: 1.2939, lateral-3: 1.3131, lateral-4: 1.3323, lateral-5: 1.4097, epsilon: 152.7965]
2025-10-27 00:55:53.745799 Epoch [032/070], Step [0001/0001], [lateral-edge: 0.7582, lateral-2: 1.2861, lateral-3: 1.3066, lateral-4: 1.3261, lateral-5: 1.4056, epsilon: 156.7963]
2025-10-27 00:55:57.127670 Epoch [033/070], Step [0001/0001], [lateral-edge: 0.7579, lateral-2: 1.2784, lateral-3: 1.3002, lateral-4: 1.3200, lateral-5: 1.4015, epsilon: 160.7815]
2025-10-27 00:56:00.288588 Epoch [034/070], Step [0001/0001], [lateral-edge: 0.7577, lateral-2: 1.2711, lateral-3: 1.2940, lateral-4: 1.3141, lateral-5: 1.3975, epsilon: 164.7528]
2025-10-27 00:56:03.444198 Epoch [035/070], Step [0001/0001], [lateral-edge: 0.7575, lateral-2: 1.2639, lateral-3: 1.2878, lateral-4: 1.3085, lateral-5: 1.3937, epsilon: 168.7109]
2025-10-27 00:56:07.089978 Epoch [036/070], Step [0001/0001], [lateral-edge: 0.7572, lateral-2: 1.2569, lateral-3: 1.2819, lateral-4: 1.3032, lateral-5: 1.3897, epsilon: 172.6563]
2025-10-27 00:56:10.169361 Epoch [037/070], Step [0001/0001], [lateral-edge: 0.7570, lateral-2: 1.2500, lateral-3: 1.2759, lateral-4: 1.2983, lateral-5: 1.3856, epsilon: 176.5895]
2025-10-27 00:56:13.802855 Epoch [038/070], Step [0001/0001], [lateral-edge: 0.7567, lateral-2: 1.2434, lateral-3: 1.2699, lateral-4: 1.2935, lateral-5: 1.3816, epsilon: 180.5111]
2025-10-27 00:56:17.444767 Epoch [039/070], Step [0001/0001], [lateral-edge: 0.7565, lateral-2: 1.2369, lateral-3: 1.2641, lateral-4: 1.2890, lateral-5: 1.3776, epsilon: 184.4215]
[Saving Snapshot:] ./Snapshots/save_weights/Inf-Net_DP_Morph/both/batch_72/run_1/noise_multiplier_0.7/Inf-Net-40.pth
[Privacy Budget]: ε = 184.42 (δ = 1e-05)
2025-10-27 00:56:21.595986 Epoch [040/070], Step [0001/0001], [lateral-edge: 0.7563, lateral-2: 1.2306, lateral-3: 1.2588, lateral-4: 1.2844, lateral-5: 1.3738, epsilon: 188.3210]
2025-10-27 00:56:25.405419 Epoch [041/070], Step [0001/0001], [lateral-edge: 0.7561, lateral-2: 1.2248, lateral-3: 1.2537, lateral-4: 1.2802, lateral-5: 1.3701, epsilon: 192.2102]
2025-10-27 00:56:29.113812 Epoch [042/070], Step [0001/0001], [lateral-edge: 0.7558, lateral-2: 1.2192, lateral-3: 1.2488, lateral-4: 1.2762, lateral-5: 1.3668, epsilon: 196.0894]
2025-10-27 00:56:32.788771 Epoch [043/070], Step [0001/0001], [lateral-edge: 0.7556, lateral-2: 1.2139, lateral-3: 1.2438, lateral-4: 1.2725, lateral-5: 1.3636, epsilon: 199.9589]
2025-10-27 00:56:36.270424 Epoch [044/070], Step [0001/0001], [lateral-edge: 0.7555, lateral-2: 1.2086, lateral-3: 1.2390, lateral-4: 1.2689, lateral-5: 1.3608, epsilon: 203.8190]
2025-10-27 00:56:40.107955 Epoch [045/070], Step [0001/0001], [lateral-edge: 0.7554, lateral-2: 1.2034, lateral-3: 1.2343, lateral-4: 1.2654, lateral-5: 1.3579, epsilon: 207.6702]
2025-10-27 00:56:44.046170 Epoch [046/070], Step [0001/0001], [lateral-edge: 0.7553, lateral-2: 1.1984, lateral-3: 1.2298, lateral-4: 1.2620, lateral-5: 1.3550, epsilon: 211.5127]
2025-10-27 00:56:48.002466 Epoch [047/070], Step [0001/0001], [lateral-edge: 0.7551, lateral-2: 1.1936, lateral-3: 1.2254, lateral-4: 1.2586, lateral-5: 1.3521, epsilon: 215.3467]
2025-10-27 00:56:51.372015 Epoch [048/070], Step [0001/0001], [lateral-edge: 0.7549, lateral-2: 1.1891, lateral-3: 1.2212, lateral-4: 1.2556, lateral-5: 1.3492, epsilon: 219.1726]
2025-10-27 00:56:55.308500 Epoch [049/070], Step [0001/0001], [lateral-edge: 0.7547, lateral-2: 1.1847, lateral-3: 1.2171, lateral-4: 1.2528, lateral-5: 1.3463, epsilon: 222.9906]
[Saving Snapshot:] ./Snapshots/save_weights/Inf-Net_DP_Morph/both/batch_72/run_1/noise_multiplier_0.7/Inf-Net-50.pth
[Privacy Budget]: ε = 222.99 (δ = 1e-05)
2025-10-27 00:57:00.761393 Epoch [050/070], Step [0001/0001], [lateral-edge: 0.7546, lateral-2: 1.1816, lateral-3: 1.2143, lateral-4: 1.2505, lateral-5: 1.3442, epsilon: 226.8009]
2025-10-27 00:57:04.836648 Epoch [051/070], Step [0001/0001], [lateral-edge: 0.7546, lateral-2: 1.1813, lateral-3: 1.2140, lateral-4: 1.2503, lateral-5: 1.3440, epsilon: 230.6037]
2025-10-27 00:57:08.911231 Epoch [052/070], Step [0001/0001], [lateral-edge: 0.7546, lateral-2: 1.1813, lateral-3: 1.2140, lateral-4: 1.2503, lateral-5: 1.3439, epsilon: 234.3994]
2025-10-27 00:57:12.439379 Epoch [053/070], Step [0001/0001], [lateral-edge: 0.7546, lateral-2: 1.1812, lateral-3: 1.2140, lateral-4: 1.2503, lateral-5: 1.3439, epsilon: 238.1880]
2025-10-27 00:57:16.524227 Epoch [054/070], Step [0001/0001], [lateral-edge: 0.7546, lateral-2: 1.1812, lateral-3: 1.2140, lateral-4: 1.2503, lateral-5: 1.3439, epsilon: 241.9698]
2025-10-27 00:57:20.617827 Epoch [055/070], Step [0001/0001], [lateral-edge: 0.7546, lateral-2: 1.1812, lateral-3: 1.2140, lateral-4: 1.2503, lateral-5: 1.3439, epsilon: 245.7450]
2025-10-27 00:57:24.071459 Epoch [056/070], Step [0001/0001], [lateral-edge: 0.7546, lateral-2: 1.1813, lateral-3: 1.2140, lateral-4: 1.2503, lateral-5: 1.3440, epsilon: 249.5137]
2025-10-27 00:57:27.818006 Epoch [057/070], Step [0001/0001], [lateral-edge: 0.7546, lateral-2: 1.1813, lateral-3: 1.2140, lateral-4: 1.2503, lateral-5: 1.3440, epsilon: 253.2762]
2025-10-27 00:57:32.005089 Epoch [058/070], Step [0001/0001], [lateral-edge: 0.7546, lateral-2: 1.1813, lateral-3: 1.2140, lateral-4: 1.2503, lateral-5: 1.3440, epsilon: 257.0325]
2025-10-27 00:57:36.448750 Epoch [059/070], Step [0001/0001], [lateral-edge: 0.7546, lateral-2: 1.1813, lateral-3: 1.2140, lateral-4: 1.2503, lateral-5: 1.3440, epsilon: 260.7829]
[Saving Snapshot:] ./Snapshots/save_weights/Inf-Net_DP_Morph/both/batch_72/run_1/noise_multiplier_0.7/Inf-Net-60.pth
[Privacy Budget]: ε = 260.78 (δ = 1e-05)
2025-10-27 00:57:42.739693 Epoch [060/070], Step [0001/0001], [lateral-edge: 0.7546, lateral-2: 1.1813, lateral-3: 1.2140, lateral-4: 1.2503, lateral-5: 1.3440, epsilon: 264.5275]
2025-10-27 00:57:46.509177 Epoch [061/070], Step [0001/0001], [lateral-edge: 0.7546, lateral-2: 1.1813, lateral-3: 1.2140, lateral-4: 1.2503, lateral-5: 1.3440, epsilon: 268.2664]
2025-10-27 00:57:50.958600 Epoch [062/070], Step [0001/0001], [lateral-edge: 0.7546, lateral-2: 1.1813, lateral-3: 1.2140, lateral-4: 1.2503, lateral-5: 1.3440, epsilon: 271.9998]
2025-10-27 00:57:55.342479 Epoch [063/070], Step [0001/0001], [lateral-edge: 0.7546, lateral-2: 1.1813, lateral-3: 1.2140, lateral-4: 1.2503, lateral-5: 1.3440, epsilon: 275.7278]
2025-10-27 00:57:59.638665 Epoch [064/070], Step [0001/0001], [lateral-edge: 0.7546, lateral-2: 1.1813, lateral-3: 1.2140, lateral-4: 1.2503, lateral-5: 1.3440, epsilon: 279.4506]
2025-10-27 00:58:04.065749 Epoch [065/070], Step [0001/0001], [lateral-edge: 0.7546, lateral-2: 1.1813, lateral-3: 1.2140, lateral-4: 1.2503, lateral-5: 1.3440, epsilon: 283.1682]
2025-10-27 00:58:08.528948 Epoch [066/070], Step [0001/0001], [lateral-edge: 0.7546, lateral-2: 1.1813, lateral-3: 1.2140, lateral-4: 1.2503, lateral-5: 1.3440, epsilon: 286.8808]
2025-10-27 00:58:13.086478 Epoch [067/070], Step [0001/0001], [lateral-edge: 0.7546, lateral-2: 1.1813, lateral-3: 1.2140, lateral-4: 1.2503, lateral-5: 1.3440, epsilon: 290.5885]
2025-10-27 00:58:17.586465 Epoch [068/070], Step [0001/0001], [lateral-edge: 0.7546, lateral-2: 1.1813, lateral-3: 1.2140, lateral-4: 1.2503, lateral-5: 1.3440, epsilon: 294.2913]
2025-10-27 00:58:22.238008 Epoch [069/070], Step [0001/0001], [lateral-edge: 0.7546, lateral-2: 1.1813, lateral-3: 1.2140, lateral-4: 1.2503, lateral-5: 1.3440, epsilon: 297.9895]
[Saving Snapshot:] ./Snapshots/save_weights/Inf-Net_DP_Morph/both/batch_72/run_1/noise_multiplier_0.7/Inf-Net-70.pth
[Privacy Budget]: ε = 297.99 (δ = 1e-05)
2025-10-27 00:58:28.684250 Epoch [070/070], Step [0001/0001], [lateral-edge: 0.7546, lateral-2: 1.1813, lateral-3: 1.2140, lateral-4: 1.2503, lateral-5: 1.3440, epsilon: 301.6831]
Training completed at Mon Oct 27 00:58:29 CET 2025
