Backbone loading: Res2Net50
Freezing unused branches for DP compatibility...
Trainable: 31,072,721 / 33,121,721 parameters
Not loading weights from weights file
Validator raised issues with model. Attempting auto-fix...
Original error: UnsupportedModuleError
Model successfully fixed for differential privacy
###################################################################### 
Start Training (Inf-Net-Res2Net50)
Backbone: Res2Net50
Batch Size: 24
Privacy: DP Enabled (ε budget, δ=1e-05)
Morphology: open
Save Path: ./Snapshots/save_weights/Inf-Net_DP_Morph/open/batch_24/run_2/noise_multiplier_0.7
Run: 2
Namespace(epoch=70, lr=0.0001, batchsize=24, trainsize=352, clip=0.5, decay_rate=0.1, decay_epoch=50, is_thop=False, gpu_device=0, num_workers=4, net_channel=32, n_classes=1, backbone='Res2Net50', train_path='./Dataset/TrainingSet/LungInfection-Train/Doctor-label', is_semi=False, is_pseudo=False, train_save=None, run=2, enable_privacy=True, noise_multiplier=0.7, max_grad_norm=1.2, delta=1e-05, enable_morphology=True, morph_operation='open', morph_kernel_size=3, device='cuda')
 ######################################################################
2025-10-26 23:06:09.730612 Epoch [001/070], Step [0003/0003], [lateral-edge: 0.7715, lateral-2: 1.5542, lateral-3: 1.6584, lateral-4: 1.5661, lateral-5: 1.5176, epsilon: 13.0161]
2025-10-26 23:06:15.176068 Epoch [002/070], Step [0003/0003], [lateral-edge: 0.7701, lateral-2: 1.5331, lateral-3: 1.5848, lateral-4: 1.5273, lateral-5: 1.5300, epsilon: 18.1087]
2025-10-26 23:06:19.727180 Epoch [003/070], Step [0003/0003], [lateral-edge: 0.7707, lateral-2: 1.4935, lateral-3: 1.5536, lateral-4: 1.4874, lateral-5: 1.5173, epsilon: 22.3086]
2025-10-26 23:06:24.679301 Epoch [004/070], Step [0003/0003], [lateral-edge: 0.7689, lateral-2: 1.4759, lateral-3: 1.5294, lateral-4: 1.4699, lateral-5: 1.5107, epsilon: 26.0579]
2025-10-26 23:06:29.739066 Epoch [005/070], Step [0003/0003], [lateral-edge: 0.7706, lateral-2: 1.4516, lateral-3: 1.4927, lateral-4: 1.4445, lateral-5: 1.4938, epsilon: 29.5225]
2025-10-26 23:06:34.353955 Epoch [006/070], Step [0003/0003], [lateral-edge: 0.7692, lateral-2: 1.4544, lateral-3: 1.4949, lateral-4: 1.4537, lateral-5: 1.4975, epsilon: 32.7861]
2025-10-26 23:06:39.208224 Epoch [007/070], Step [0003/0003], [lateral-edge: 0.7676, lateral-2: 1.4690, lateral-3: 1.5058, lateral-4: 1.4669, lateral-5: 1.5072, epsilon: 35.8981]
2025-10-26 23:06:44.314016 Epoch [008/070], Step [0003/0003], [lateral-edge: 0.7672, lateral-2: 1.4360, lateral-3: 1.4805, lateral-4: 1.4531, lateral-5: 1.4967, epsilon: 38.8904]
2025-10-26 23:06:49.152640 Epoch [009/070], Step [0003/0003], [lateral-edge: 0.7674, lateral-2: 1.4191, lateral-3: 1.4553, lateral-4: 1.4264, lateral-5: 1.4742, epsilon: 41.7851]
[Saving Snapshot:] ./Snapshots/save_weights/Inf-Net_DP_Morph/open/batch_24/run_2/noise_multiplier_0.7/Inf-Net-10.pth
[Privacy Budget]: ε = 41.79 (δ = 1e-05)
2025-10-26 23:06:55.041753 Epoch [010/070], Step [0003/0003], [lateral-edge: 0.7670, lateral-2: 1.4195, lateral-3: 1.4631, lateral-4: 1.4370, lateral-5: 1.4831, epsilon: 44.5982]
2025-10-26 23:06:59.953880 Epoch [011/070], Step [0003/0003], [lateral-edge: 0.7662, lateral-2: 1.4146, lateral-3: 1.4600, lateral-4: 1.4280, lateral-5: 1.4791, epsilon: 47.3417]
2025-10-26 23:07:04.502998 Epoch [012/070], Step [0003/0003], [lateral-edge: 0.7660, lateral-2: 1.3758, lateral-3: 1.4185, lateral-4: 1.3982, lateral-5: 1.4610, epsilon: 50.0252]
2025-10-26 23:07:09.675417 Epoch [013/070], Step [0003/0003], [lateral-edge: 0.7656, lateral-2: 1.3823, lateral-3: 1.4261, lateral-4: 1.4167, lateral-5: 1.4725, epsilon: 52.6558]
2025-10-26 23:07:14.364860 Epoch [014/070], Step [0003/0003], [lateral-edge: 0.7645, lateral-2: 1.3697, lateral-3: 1.4144, lateral-4: 1.3989, lateral-5: 1.4614, epsilon: 55.2398]
2025-10-26 23:07:19.130275 Epoch [015/070], Step [0003/0003], [lateral-edge: 0.7649, lateral-2: 1.3577, lateral-3: 1.4018, lateral-4: 1.3814, lateral-5: 1.4577, epsilon: 57.7820]
2025-10-26 23:07:23.470554 Epoch [016/070], Step [0003/0003], [lateral-edge: 0.7648, lateral-2: 1.3542, lateral-3: 1.3992, lateral-4: 1.3973, lateral-5: 1.4580, epsilon: 60.2865]
2025-10-26 23:07:28.132829 Epoch [017/070], Step [0003/0003], [lateral-edge: 0.7647, lateral-2: 1.3178, lateral-3: 1.3603, lateral-4: 1.3507, lateral-5: 1.4369, epsilon: 62.7569]
2025-10-26 23:07:33.452026 Epoch [018/070], Step [0003/0003], [lateral-edge: 0.7642, lateral-2: 1.3298, lateral-3: 1.3767, lateral-4: 1.3746, lateral-5: 1.4413, epsilon: 65.1962]
2025-10-26 23:07:38.037317 Epoch [019/070], Step [0003/0003], [lateral-edge: 0.7621, lateral-2: 1.3339, lateral-3: 1.3877, lateral-4: 1.3888, lateral-5: 1.4386, epsilon: 67.6068]
[Saving Snapshot:] ./Snapshots/save_weights/Inf-Net_DP_Morph/open/batch_24/run_2/noise_multiplier_0.7/Inf-Net-20.pth
[Privacy Budget]: ε = 67.61 (δ = 1e-05)
2025-10-26 23:07:43.999531 Epoch [020/070], Step [0003/0003], [lateral-edge: 0.7636, lateral-2: 1.3134, lateral-3: 1.3637, lateral-4: 1.3651, lateral-5: 1.4355, epsilon: 69.9911]
2025-10-26 23:07:49.673143 Epoch [021/070], Step [0003/0003], [lateral-edge: 0.7641, lateral-2: 1.3057, lateral-3: 1.3567, lateral-4: 1.3522, lateral-5: 1.4352, epsilon: 72.3510]
2025-10-26 23:07:54.475813 Epoch [022/070], Step [0003/0003], [lateral-edge: 0.7622, lateral-2: 1.2914, lateral-3: 1.3459, lateral-4: 1.3494, lateral-5: 1.4232, epsilon: 74.6883]
2025-10-26 23:07:59.533876 Epoch [023/070], Step [0003/0003], [lateral-edge: 0.7621, lateral-2: 1.2945, lateral-3: 1.3420, lateral-4: 1.3468, lateral-5: 1.4202, epsilon: 77.0044]
2025-10-26 23:08:04.304632 Epoch [024/070], Step [0003/0003], [lateral-edge: 0.7625, lateral-2: 1.2896, lateral-3: 1.3358, lateral-4: 1.3483, lateral-5: 1.4255, epsilon: 79.3008]
2025-10-26 23:08:09.111230 Epoch [025/070], Step [0003/0003], [lateral-edge: 0.7614, lateral-2: 1.2951, lateral-3: 1.3477, lateral-4: 1.3682, lateral-5: 1.4307, epsilon: 81.5786]
2025-10-26 23:08:14.151556 Epoch [026/070], Step [0003/0003], [lateral-edge: 0.7621, lateral-2: 1.2752, lateral-3: 1.3244, lateral-4: 1.3375, lateral-5: 1.4114, epsilon: 83.8390]
2025-10-26 23:08:19.378703 Epoch [027/070], Step [0003/0003], [lateral-edge: 0.7606, lateral-2: 1.2636, lateral-3: 1.3124, lateral-4: 1.3232, lateral-5: 1.4084, epsilon: 86.0830]
2025-10-26 23:08:24.405344 Epoch [028/070], Step [0003/0003], [lateral-edge: 0.7599, lateral-2: 1.2373, lateral-3: 1.2881, lateral-4: 1.2974, lateral-5: 1.3887, epsilon: 88.3114]
2025-10-26 23:08:29.533084 Epoch [029/070], Step [0003/0003], [lateral-edge: 0.7619, lateral-2: 1.2421, lateral-3: 1.2960, lateral-4: 1.3068, lateral-5: 1.3947, epsilon: 90.5251]
[Saving Snapshot:] ./Snapshots/save_weights/Inf-Net_DP_Morph/open/batch_24/run_2/noise_multiplier_0.7/Inf-Net-30.pth
[Privacy Budget]: ε = 90.53 (δ = 1e-05)
2025-10-26 23:08:35.936234 Epoch [030/070], Step [0003/0003], [lateral-edge: 0.7625, lateral-2: 1.2381, lateral-3: 1.2923, lateral-4: 1.3183, lateral-5: 1.3936, epsilon: 92.7249]
2025-10-26 23:08:40.733631 Epoch [031/070], Step [0003/0003], [lateral-edge: 0.7609, lateral-2: 1.2287, lateral-3: 1.2785, lateral-4: 1.2961, lateral-5: 1.3811, epsilon: 94.9115]
2025-10-26 23:08:45.757432 Epoch [032/070], Step [0003/0003], [lateral-edge: 0.7606, lateral-2: 1.2213, lateral-3: 1.2727, lateral-4: 1.2941, lateral-5: 1.3795, epsilon: 97.0854]
2025-10-26 23:08:50.982006 Epoch [033/070], Step [0003/0003], [lateral-edge: 0.7614, lateral-2: 1.2019, lateral-3: 1.2594, lateral-4: 1.2769, lateral-5: 1.3701, epsilon: 99.2473]
2025-10-26 23:08:55.882127 Epoch [034/070], Step [0003/0003], [lateral-edge: 0.7598, lateral-2: 1.2101, lateral-3: 1.2607, lateral-4: 1.2889, lateral-5: 1.3657, epsilon: 101.3977]
2025-10-26 23:09:00.982176 Epoch [035/070], Step [0003/0003], [lateral-edge: 0.7593, lateral-2: 1.2040, lateral-3: 1.2517, lateral-4: 1.2798, lateral-5: 1.3655, epsilon: 103.5372]
2025-10-26 23:09:06.465662 Epoch [036/070], Step [0003/0003], [lateral-edge: 0.7584, lateral-2: 1.2134, lateral-3: 1.2643, lateral-4: 1.2903, lateral-5: 1.3759, epsilon: 105.6661]
2025-10-26 23:09:11.808682 Epoch [037/070], Step [0003/0003], [lateral-edge: 0.7589, lateral-2: 1.1982, lateral-3: 1.2530, lateral-4: 1.2851, lateral-5: 1.3710, epsilon: 107.7849]
2025-10-26 23:09:16.969675 Epoch [038/070], Step [0003/0003], [lateral-edge: 0.7583, lateral-2: 1.1944, lateral-3: 1.2424, lateral-4: 1.2666, lateral-5: 1.3584, epsilon: 109.8941]
2025-10-26 23:09:22.463709 Epoch [039/070], Step [0003/0003], [lateral-edge: 0.7582, lateral-2: 1.1899, lateral-3: 1.2408, lateral-4: 1.2641, lateral-5: 1.3651, epsilon: 111.9940]
[Saving Snapshot:] ./Snapshots/save_weights/Inf-Net_DP_Morph/open/batch_24/run_2/noise_multiplier_0.7/Inf-Net-40.pth
[Privacy Budget]: ε = 111.99 (δ = 1e-05)
2025-10-26 23:09:28.933064 Epoch [040/070], Step [0003/0003], [lateral-edge: 0.7585, lateral-2: 1.1870, lateral-3: 1.2318, lateral-4: 1.2597, lateral-5: 1.3524, epsilon: 114.0850]
2025-10-26 23:09:33.719916 Epoch [041/070], Step [0003/0003], [lateral-edge: 0.7569, lateral-2: 1.1524, lateral-3: 1.2163, lateral-4: 1.2501, lateral-5: 1.3469, epsilon: 116.1673]
2025-10-26 23:09:39.377272 Epoch [042/070], Step [0003/0003], [lateral-edge: 0.7580, lateral-2: 1.1424, lateral-3: 1.1952, lateral-4: 1.2378, lateral-5: 1.3287, epsilon: 118.2414]
2025-10-26 23:09:44.725512 Epoch [043/070], Step [0003/0003], [lateral-edge: 0.7576, lateral-2: 1.1706, lateral-3: 1.2229, lateral-4: 1.2564, lateral-5: 1.3504, epsilon: 120.3075]
2025-10-26 23:09:50.368040 Epoch [044/070], Step [0003/0003], [lateral-edge: 0.7559, lateral-2: 1.1581, lateral-3: 1.2088, lateral-4: 1.2379, lateral-5: 1.3392, epsilon: 122.3658]
2025-10-26 23:09:56.057700 Epoch [045/070], Step [0003/0003], [lateral-edge: 0.7570, lateral-2: 1.1589, lateral-3: 1.2086, lateral-4: 1.2473, lateral-5: 1.3382, epsilon: 124.4167]
2025-10-26 23:10:01.955018 Epoch [046/070], Step [0003/0003], [lateral-edge: 0.7573, lateral-2: 1.1504, lateral-3: 1.1989, lateral-4: 1.2392, lateral-5: 1.3446, epsilon: 126.4605]
2025-10-26 23:10:07.332036 Epoch [047/070], Step [0003/0003], [lateral-edge: 0.7558, lateral-2: 1.1639, lateral-3: 1.2146, lateral-4: 1.2603, lateral-5: 1.3519, epsilon: 128.4972]
2025-10-26 23:10:13.756786 Epoch [048/070], Step [0003/0003], [lateral-edge: 0.7560, lateral-2: 1.1419, lateral-3: 1.1951, lateral-4: 1.2361, lateral-5: 1.3257, epsilon: 130.5272]
2025-10-26 23:10:19.009599 Epoch [049/070], Step [0003/0003], [lateral-edge: 0.7569, lateral-2: 1.1487, lateral-3: 1.1952, lateral-4: 1.2270, lateral-5: 1.3302, epsilon: 132.5506]
[Saving Snapshot:] ./Snapshots/save_weights/Inf-Net_DP_Morph/open/batch_24/run_2/noise_multiplier_0.7/Inf-Net-50.pth
[Privacy Budget]: ε = 132.55 (δ = 1e-05)
2025-10-26 23:10:25.906871 Epoch [050/070], Step [0003/0003], [lateral-edge: 0.7559, lateral-2: 1.1405, lateral-3: 1.1894, lateral-4: 1.2261, lateral-5: 1.3210, epsilon: 134.5677]
2025-10-26 23:10:31.988600 Epoch [051/070], Step [0003/0003], [lateral-edge: 0.7564, lateral-2: 1.1449, lateral-3: 1.1916, lateral-4: 1.2258, lateral-5: 1.3234, epsilon: 136.5787]
2025-10-26 23:10:37.075367 Epoch [052/070], Step [0003/0003], [lateral-edge: 0.7565, lateral-2: 1.1178, lateral-3: 1.1715, lateral-4: 1.2161, lateral-5: 1.3177, epsilon: 138.5836]
2025-10-26 23:10:43.278715 Epoch [053/070], Step [0003/0003], [lateral-edge: 0.7548, lateral-2: 1.1570, lateral-3: 1.2044, lateral-4: 1.2399, lateral-5: 1.3304, epsilon: 140.5828]
2025-10-26 23:10:49.461407 Epoch [054/070], Step [0003/0003], [lateral-edge: 0.7559, lateral-2: 1.1433, lateral-3: 1.1930, lateral-4: 1.2300, lateral-5: 1.3338, epsilon: 142.5763]
2025-10-26 23:10:55.250430 Epoch [055/070], Step [0003/0003], [lateral-edge: 0.7568, lateral-2: 1.1466, lateral-3: 1.1988, lateral-4: 1.2405, lateral-5: 1.3359, epsilon: 144.5644]
2025-10-26 23:11:00.647723 Epoch [056/070], Step [0003/0003], [lateral-edge: 0.7564, lateral-2: 1.1360, lateral-3: 1.1872, lateral-4: 1.2237, lateral-5: 1.3181, epsilon: 146.5471]
2025-10-26 23:11:06.783823 Epoch [057/070], Step [0003/0003], [lateral-edge: 0.7548, lateral-2: 1.1554, lateral-3: 1.2087, lateral-4: 1.2391, lateral-5: 1.3307, epsilon: 148.5247]
2025-10-26 23:11:12.789063 Epoch [058/070], Step [0003/0003], [lateral-edge: 0.7562, lateral-2: 1.1307, lateral-3: 1.1811, lateral-4: 1.2188, lateral-5: 1.3241, epsilon: 150.4971]
2025-10-26 23:11:19.004614 Epoch [059/070], Step [0003/0003], [lateral-edge: 0.7568, lateral-2: 1.1432, lateral-3: 1.1910, lateral-4: 1.2305, lateral-5: 1.3227, epsilon: 152.4647]
[Saving Snapshot:] ./Snapshots/save_weights/Inf-Net_DP_Morph/open/batch_24/run_2/noise_multiplier_0.7/Inf-Net-60.pth
[Privacy Budget]: ε = 152.46 (δ = 1e-05)
2025-10-26 23:11:27.549964 Epoch [060/070], Step [0003/0003], [lateral-edge: 0.7563, lateral-2: 1.1277, lateral-3: 1.1842, lateral-4: 1.2185, lateral-5: 1.3297, epsilon: 154.4275]
2025-10-26 23:11:33.864848 Epoch [061/070], Step [0003/0003], [lateral-edge: 0.7568, lateral-2: 1.1269, lateral-3: 1.1819, lateral-4: 1.2236, lateral-5: 1.3180, epsilon: 156.3855]
2025-10-26 23:11:39.475520 Epoch [062/070], Step [0003/0003], [lateral-edge: 0.7548, lateral-2: 1.1410, lateral-3: 1.1882, lateral-4: 1.2269, lateral-5: 1.3266, epsilon: 158.3391]
2025-10-26 23:11:44.951410 Epoch [063/070], Step [0003/0003], [lateral-edge: 0.7558, lateral-2: 1.1702, lateral-3: 1.2171, lateral-4: 1.2440, lateral-5: 1.3453, epsilon: 160.2881]
2025-10-26 23:11:50.230871 Epoch [064/070], Step [0003/0003], [lateral-edge: 0.7560, lateral-2: 1.1423, lateral-3: 1.1856, lateral-4: 1.2246, lateral-5: 1.3146, epsilon: 162.2328]
2025-10-26 23:11:56.616910 Epoch [065/070], Step [0003/0003], [lateral-edge: 0.7565, lateral-2: 1.1301, lateral-3: 1.1787, lateral-4: 1.2155, lateral-5: 1.3172, epsilon: 164.1733]
2025-10-26 23:12:03.033428 Epoch [066/070], Step [0003/0003], [lateral-edge: 0.7551, lateral-2: 1.1334, lateral-3: 1.1834, lateral-4: 1.2209, lateral-5: 1.3199, epsilon: 166.1096]
2025-10-26 23:12:09.275139 Epoch [067/070], Step [0003/0003], [lateral-edge: 0.7558, lateral-2: 1.1424, lateral-3: 1.1944, lateral-4: 1.2361, lateral-5: 1.3306, epsilon: 168.0419]
2025-10-26 23:12:15.735791 Epoch [068/070], Step [0003/0003], [lateral-edge: 0.7543, lateral-2: 1.1669, lateral-3: 1.2119, lateral-4: 1.2464, lateral-5: 1.3409, epsilon: 169.9702]
2025-10-26 23:12:21.671981 Epoch [069/070], Step [0003/0003], [lateral-edge: 0.7569, lateral-2: 1.1244, lateral-3: 1.1819, lateral-4: 1.2203, lateral-5: 1.3263, epsilon: 171.8946]
[Saving Snapshot:] ./Snapshots/save_weights/Inf-Net_DP_Morph/open/batch_24/run_2/noise_multiplier_0.7/Inf-Net-70.pth
[Privacy Budget]: ε = 171.89 (δ = 1e-05)
2025-10-26 23:12:30.494293 Epoch [070/070], Step [0003/0003], [lateral-edge: 0.7559, lateral-2: 1.1534, lateral-3: 1.2038, lateral-4: 1.2391, lateral-5: 1.3315, epsilon: 173.8152]
Training completed at Sun Oct 26 23:12:31 CET 2025
