Backbone loading: Res2Net50
Freezing unused branches for DP compatibility...
Trainable: 31,072,721 / 33,121,721 parameters
Not loading weights from weights file
Validator raised issues with model. Attempting auto-fix...
Original error: UnsupportedModuleError
Model successfully fixed for differential privacy
###################################################################### 
Start Training (Inf-Net-Res2Net50)
Backbone: Res2Net50
Batch Size: 64
Privacy: DP Enabled (ε budget, δ=1e-05)
Morphology: Disabled
Save Path: ./Snapshots/save_weights/Inf-Net_DP/batch_64/run_3/noise_multiplier_0.5
Run: 3
Namespace(epoch=70, lr=0.0001, batchsize=64, trainsize=352, clip=0.5, decay_rate=0.1, decay_epoch=50, is_thop=False, gpu_device=0, num_workers=4, net_channel=32, n_classes=1, backbone='Res2Net50', train_path='./Dataset/TrainingSet/LungInfection-Train/Doctor-label', is_semi=False, is_pseudo=False, train_save=None, run=3, enable_privacy=True, noise_multiplier=0.5, max_grad_norm=1.2, delta=1e-05, enable_morphology=False, morph_operation='close', morph_kernel_size=3, device='cuda')
 ######################################################################
2025-10-26 22:18:15.619792 Epoch [001/070], Step [0001/0001], [lateral-edge: 0.7762, lateral-2: 1.7381, lateral-3: 1.6307, lateral-4: 1.5629, lateral-5: 1.5283, epsilon: 20.1358]
2025-10-26 22:18:18.242119 Epoch [002/070], Step [0001/0001], [lateral-edge: 0.7749, lateral-2: 1.6378, lateral-3: 1.5497, lateral-4: 1.5042, lateral-5: 1.5200, epsilon: 32.1878]
2025-10-26 22:18:20.851076 Epoch [003/070], Step [0001/0001], [lateral-edge: 0.7734, lateral-2: 1.5920, lateral-3: 1.5154, lateral-4: 1.4782, lateral-5: 1.5121, epsilon: 42.8474]
2025-10-26 22:18:23.632532 Epoch [004/070], Step [0001/0001], [lateral-edge: 0.7719, lateral-2: 1.5632, lateral-3: 1.4943, lateral-4: 1.4631, lateral-5: 1.5046, epsilon: 52.7822]
2025-10-26 22:18:26.337689 Epoch [005/070], Step [0001/0001], [lateral-edge: 0.7704, lateral-2: 1.5400, lateral-3: 1.4772, lateral-4: 1.4521, lateral-5: 1.4983, epsilon: 62.2524]
2025-10-26 22:18:29.060520 Epoch [006/070], Step [0001/0001], [lateral-edge: 0.7689, lateral-2: 1.5185, lateral-3: 1.4612, lateral-4: 1.4424, lateral-5: 1.4926, epsilon: 71.3920]
2025-10-26 22:18:31.795441 Epoch [007/070], Step [0001/0001], [lateral-edge: 0.7676, lateral-2: 1.4984, lateral-3: 1.4463, lateral-4: 1.4331, lateral-5: 1.4872, epsilon: 80.2807]
2025-10-26 22:18:34.575365 Epoch [008/070], Step [0001/0001], [lateral-edge: 0.7664, lateral-2: 1.4796, lateral-3: 1.4320, lateral-4: 1.4243, lateral-5: 1.4821, epsilon: 88.9705]
2025-10-26 22:18:37.324374 Epoch [009/070], Step [0001/0001], [lateral-edge: 0.7653, lateral-2: 1.4620, lateral-3: 1.4184, lateral-4: 1.4157, lateral-5: 1.4774, epsilon: 97.4977]
[Saving Snapshot:] ./Snapshots/save_weights/Inf-Net_DP/batch_64/run_3/noise_multiplier_0.5/Inf-Net-10.pth
[Privacy Budget]: ε = 97.50 (δ = 1e-05)
2025-10-26 22:18:40.527004 Epoch [010/070], Step [0001/0001], [lateral-edge: 0.7645, lateral-2: 1.4456, lateral-3: 1.4056, lateral-4: 1.4076, lateral-5: 1.4727, epsilon: 105.8885]
2025-10-26 22:18:43.241564 Epoch [011/070], Step [0001/0001], [lateral-edge: 0.7639, lateral-2: 1.4302, lateral-3: 1.3937, lateral-4: 1.3999, lateral-5: 1.4678, epsilon: 114.1630]
2025-10-26 22:18:46.132739 Epoch [012/070], Step [0001/0001], [lateral-edge: 0.7634, lateral-2: 1.4156, lateral-3: 1.3824, lateral-4: 1.3924, lateral-5: 1.4628, epsilon: 122.3367]
2025-10-26 22:18:49.129225 Epoch [013/070], Step [0001/0001], [lateral-edge: 0.7629, lateral-2: 1.4017, lateral-3: 1.3717, lateral-4: 1.3850, lateral-5: 1.4574, epsilon: 130.4219]
2025-10-26 22:18:52.045566 Epoch [014/070], Step [0001/0001], [lateral-edge: 0.7626, lateral-2: 1.3885, lateral-3: 1.3612, lateral-4: 1.3776, lateral-5: 1.4520, epsilon: 138.4286]
2025-10-26 22:18:54.843865 Epoch [015/070], Step [0001/0001], [lateral-edge: 0.7623, lateral-2: 1.3756, lateral-3: 1.3509, lateral-4: 1.3700, lateral-5: 1.4466, epsilon: 146.3650]
2025-10-26 22:18:57.815304 Epoch [016/070], Step [0001/0001], [lateral-edge: 0.7621, lateral-2: 1.3629, lateral-3: 1.3408, lateral-4: 1.3626, lateral-5: 1.4411, epsilon: 154.2382]
2025-10-26 22:19:00.625151 Epoch [017/070], Step [0001/0001], [lateral-edge: 0.7618, lateral-2: 1.3505, lateral-3: 1.3312, lateral-4: 1.3551, lateral-5: 1.4357, epsilon: 162.0538]
2025-10-26 22:19:03.787140 Epoch [018/070], Step [0001/0001], [lateral-edge: 0.7615, lateral-2: 1.3383, lateral-3: 1.3217, lateral-4: 1.3478, lateral-5: 1.4301, epsilon: 169.8169]
2025-10-26 22:19:06.623407 Epoch [019/070], Step [0001/0001], [lateral-edge: 0.7612, lateral-2: 1.3267, lateral-3: 1.3125, lateral-4: 1.3407, lateral-5: 1.4246, epsilon: 177.5318]
[Saving Snapshot:] ./Snapshots/save_weights/Inf-Net_DP/batch_64/run_3/noise_multiplier_0.5/Inf-Net-20.pth
[Privacy Budget]: ε = 177.53 (δ = 1e-05)
2025-10-26 22:19:10.294673 Epoch [020/070], Step [0001/0001], [lateral-edge: 0.7609, lateral-2: 1.3157, lateral-3: 1.3038, lateral-4: 1.3338, lateral-5: 1.4192, epsilon: 185.2022]
2025-10-26 22:19:13.502841 Epoch [021/070], Step [0001/0001], [lateral-edge: 0.7606, lateral-2: 1.3051, lateral-3: 1.2951, lateral-4: 1.3267, lateral-5: 1.4138, epsilon: 192.8315]
2025-10-26 22:19:16.810673 Epoch [022/070], Step [0001/0001], [lateral-edge: 0.7603, lateral-2: 1.2948, lateral-3: 1.2867, lateral-4: 1.3198, lateral-5: 1.4085, epsilon: 200.4226]
2025-10-26 22:19:20.092408 Epoch [023/070], Step [0001/0001], [lateral-edge: 0.7601, lateral-2: 1.2849, lateral-3: 1.2785, lateral-4: 1.3129, lateral-5: 1.4034, epsilon: 207.9779]
2025-10-26 22:19:23.025867 Epoch [024/070], Step [0001/0001], [lateral-edge: 0.7598, lateral-2: 1.2751, lateral-3: 1.2704, lateral-4: 1.3062, lateral-5: 1.3983, epsilon: 215.4999]
2025-10-26 22:19:26.406826 Epoch [025/070], Step [0001/0001], [lateral-edge: 0.7596, lateral-2: 1.2652, lateral-3: 1.2624, lateral-4: 1.2998, lateral-5: 1.3930, epsilon: 222.9906]
2025-10-26 22:19:29.928555 Epoch [026/070], Step [0001/0001], [lateral-edge: 0.7593, lateral-2: 1.2557, lateral-3: 1.2546, lateral-4: 1.2937, lateral-5: 1.3878, epsilon: 230.4518]
2025-10-26 22:19:33.498481 Epoch [027/070], Step [0001/0001], [lateral-edge: 0.7590, lateral-2: 1.2467, lateral-3: 1.2468, lateral-4: 1.2876, lateral-5: 1.3826, epsilon: 237.8852]
2025-10-26 22:19:37.087557 Epoch [028/070], Step [0001/0001], [lateral-edge: 0.7587, lateral-2: 1.2380, lateral-3: 1.2392, lateral-4: 1.2813, lateral-5: 1.3773, epsilon: 245.2923]
2025-10-26 22:19:40.693345 Epoch [029/070], Step [0001/0001], [lateral-edge: 0.7585, lateral-2: 1.2295, lateral-3: 1.2317, lateral-4: 1.2752, lateral-5: 1.3720, epsilon: 252.6746]
[Saving Snapshot:] ./Snapshots/save_weights/Inf-Net_DP/batch_64/run_3/noise_multiplier_0.5/Inf-Net-30.pth
[Privacy Budget]: ε = 252.67 (δ = 1e-05)
2025-10-26 22:19:45.442417 Epoch [030/070], Step [0001/0001], [lateral-edge: 0.7582, lateral-2: 1.2213, lateral-3: 1.2248, lateral-4: 1.2696, lateral-5: 1.3670, epsilon: 260.0333]
2025-10-26 22:19:49.122028 Epoch [031/070], Step [0001/0001], [lateral-edge: 0.7580, lateral-2: 1.2132, lateral-3: 1.2183, lateral-4: 1.2644, lateral-5: 1.3620, epsilon: 267.3696]
2025-10-26 22:19:52.926791 Epoch [032/070], Step [0001/0001], [lateral-edge: 0.7578, lateral-2: 1.2055, lateral-3: 1.2120, lateral-4: 1.2593, lateral-5: 1.3571, epsilon: 274.6845]
2025-10-26 22:19:56.715497 Epoch [033/070], Step [0001/0001], [lateral-edge: 0.7576, lateral-2: 1.1982, lateral-3: 1.2057, lateral-4: 1.2540, lateral-5: 1.3523, epsilon: 281.9791]
2025-10-26 22:20:00.083440 Epoch [034/070], Step [0001/0001], [lateral-edge: 0.7574, lateral-2: 1.1909, lateral-3: 1.1996, lateral-4: 1.2487, lateral-5: 1.3475, epsilon: 289.2542]
2025-10-26 22:20:03.590488 Epoch [035/070], Step [0001/0001], [lateral-edge: 0.7571, lateral-2: 1.1837, lateral-3: 1.1936, lateral-4: 1.2436, lateral-5: 1.3427, epsilon: 296.5108]
2025-10-26 22:20:07.669080 Epoch [036/070], Step [0001/0001], [lateral-edge: 0.7569, lateral-2: 1.1770, lateral-3: 1.1880, lateral-4: 1.2385, lateral-5: 1.3377, epsilon: 303.7496]
2025-10-26 22:20:11.695488 Epoch [037/070], Step [0001/0001], [lateral-edge: 0.7567, lateral-2: 1.1706, lateral-3: 1.1828, lateral-4: 1.2336, lateral-5: 1.3329, epsilon: 310.9713]
2025-10-26 22:20:15.815310 Epoch [038/070], Step [0001/0001], [lateral-edge: 0.7566, lateral-2: 1.1643, lateral-3: 1.1775, lateral-4: 1.2288, lateral-5: 1.3283, epsilon: 318.1766]
2025-10-26 22:20:19.636198 Epoch [039/070], Step [0001/0001], [lateral-edge: 0.7563, lateral-2: 1.1583, lateral-3: 1.1725, lateral-4: 1.2243, lateral-5: 1.3235, epsilon: 325.3662]
[Saving Snapshot:] ./Snapshots/save_weights/Inf-Net_DP/batch_64/run_3/noise_multiplier_0.5/Inf-Net-40.pth
[Privacy Budget]: ε = 325.37 (δ = 1e-05)
2025-10-26 22:20:25.306313 Epoch [040/070], Step [0001/0001], [lateral-edge: 0.7561, lateral-2: 1.1526, lateral-3: 1.1676, lateral-4: 1.2200, lateral-5: 1.3190, epsilon: 332.5406]
2025-10-26 22:20:29.632877 Epoch [041/070], Step [0001/0001], [lateral-edge: 0.7559, lateral-2: 1.1470, lateral-3: 1.1628, lateral-4: 1.2159, lateral-5: 1.3147, epsilon: 339.7005]
2025-10-26 22:20:33.300787 Epoch [042/070], Step [0001/0001], [lateral-edge: 0.7558, lateral-2: 1.1414, lateral-3: 1.1582, lateral-4: 1.2121, lateral-5: 1.3107, epsilon: 346.8464]
2025-10-26 22:20:37.735447 Epoch [043/070], Step [0001/0001], [lateral-edge: 0.7556, lateral-2: 1.1361, lateral-3: 1.1537, lateral-4: 1.2081, lateral-5: 1.3069, epsilon: 353.9787]
2025-10-26 22:20:42.179289 Epoch [044/070], Step [0001/0001], [lateral-edge: 0.7554, lateral-2: 1.1310, lateral-3: 1.1493, lateral-4: 1.2046, lateral-5: 1.3035, epsilon: 361.0979]
2025-10-26 22:20:45.861146 Epoch [045/070], Step [0001/0001], [lateral-edge: 0.7552, lateral-2: 1.1260, lateral-3: 1.1454, lateral-4: 1.2014, lateral-5: 1.3000, epsilon: 368.2045]
2025-10-26 22:20:50.495299 Epoch [046/070], Step [0001/0001], [lateral-edge: 0.7551, lateral-2: 1.1211, lateral-3: 1.1417, lateral-4: 1.1984, lateral-5: 1.2963, epsilon: 375.2989]
2025-10-26 22:20:55.124952 Epoch [047/070], Step [0001/0001], [lateral-edge: 0.7549, lateral-2: 1.1165, lateral-3: 1.1382, lateral-4: 1.1950, lateral-5: 1.2924, epsilon: 382.3815]
2025-10-26 22:20:59.826304 Epoch [048/070], Step [0001/0001], [lateral-edge: 0.7548, lateral-2: 1.1124, lateral-3: 1.1347, lateral-4: 1.1917, lateral-5: 1.2883, epsilon: 389.4526]
2025-10-26 22:21:04.175866 Epoch [049/070], Step [0001/0001], [lateral-edge: 0.7546, lateral-2: 1.1080, lateral-3: 1.1310, lateral-4: 1.1886, lateral-5: 1.2841, epsilon: 396.5127]
[Saving Snapshot:] ./Snapshots/save_weights/Inf-Net_DP/batch_64/run_3/noise_multiplier_0.5/Inf-Net-50.pth
[Privacy Budget]: ε = 396.51 (δ = 1e-05)
2025-10-26 22:21:09.811366 Epoch [050/070], Step [0001/0001], [lateral-edge: 0.7544, lateral-2: 1.1050, lateral-3: 1.1285, lateral-4: 1.1866, lateral-5: 1.2813, epsilon: 403.5620]
2025-10-26 22:21:14.386915 Epoch [051/070], Step [0001/0001], [lateral-edge: 0.7544, lateral-2: 1.1046, lateral-3: 1.1282, lateral-4: 1.1864, lateral-5: 1.2810, epsilon: 410.6008]
2025-10-26 22:21:19.301168 Epoch [052/070], Step [0001/0001], [lateral-edge: 0.7544, lateral-2: 1.1046, lateral-3: 1.1282, lateral-4: 1.1864, lateral-5: 1.2810, epsilon: 417.6296]
2025-10-26 22:21:24.290309 Epoch [053/070], Step [0001/0001], [lateral-edge: 0.7544, lateral-2: 1.1046, lateral-3: 1.1282, lateral-4: 1.1864, lateral-5: 1.2810, epsilon: 424.6485]
2025-10-26 22:21:28.660332 Epoch [054/070], Step [0001/0001], [lateral-edge: 0.7544, lateral-2: 1.1046, lateral-3: 1.1282, lateral-4: 1.1863, lateral-5: 1.2810, epsilon: 431.6578]
2025-10-26 22:21:34.074773 Epoch [055/070], Step [0001/0001], [lateral-edge: 0.7544, lateral-2: 1.1046, lateral-3: 1.1282, lateral-4: 1.1864, lateral-5: 1.2810, epsilon: 438.6579]
2025-10-26 22:21:38.205903 Epoch [056/070], Step [0001/0001], [lateral-edge: 0.7544, lateral-2: 1.1046, lateral-3: 1.1282, lateral-4: 1.1863, lateral-5: 1.2810, epsilon: 445.6489]
2025-10-26 22:21:43.421286 Epoch [057/070], Step [0001/0001], [lateral-edge: 0.7544, lateral-2: 1.1046, lateral-3: 1.1282, lateral-4: 1.1863, lateral-5: 1.2810, epsilon: 452.6311]
2025-10-26 22:21:48.646056 Epoch [058/070], Step [0001/0001], [lateral-edge: 0.7544, lateral-2: 1.1046, lateral-3: 1.1282, lateral-4: 1.1863, lateral-5: 1.2810, epsilon: 459.6048]
2025-10-26 22:21:52.719755 Epoch [059/070], Step [0001/0001], [lateral-edge: 0.7544, lateral-2: 1.1046, lateral-3: 1.1282, lateral-4: 1.1863, lateral-5: 1.2810, epsilon: 466.5701]
[Saving Snapshot:] ./Snapshots/save_weights/Inf-Net_DP/batch_64/run_3/noise_multiplier_0.5/Inf-Net-60.pth
[Privacy Budget]: ε = 466.57 (δ = 1e-05)
2025-10-26 22:21:59.722273 Epoch [060/070], Step [0001/0001], [lateral-edge: 0.7544, lateral-2: 1.1046, lateral-3: 1.1282, lateral-4: 1.1863, lateral-5: 1.2810, epsilon: 473.5272]
2025-10-26 22:22:05.328345 Epoch [061/070], Step [0001/0001], [lateral-edge: 0.7544, lateral-2: 1.1046, lateral-3: 1.1282, lateral-4: 1.1863, lateral-5: 1.2810, epsilon: 480.4765]
2025-10-26 22:22:11.823968 Epoch [062/070], Step [0001/0001], [lateral-edge: 0.7544, lateral-2: 1.1046, lateral-3: 1.1282, lateral-4: 1.1863, lateral-5: 1.2810, epsilon: 487.4179]
2025-10-26 22:22:18.218923 Epoch [063/070], Step [0001/0001], [lateral-edge: 0.7544, lateral-2: 1.1046, lateral-3: 1.1282, lateral-4: 1.1863, lateral-5: 1.2810, epsilon: 494.3519]
2025-10-26 22:22:24.577969 Epoch [064/070], Step [0001/0001], [lateral-edge: 0.7544, lateral-2: 1.1046, lateral-3: 1.1282, lateral-4: 1.1863, lateral-5: 1.2810, epsilon: 501.2784]
2025-10-26 22:22:29.170016 Epoch [065/070], Step [0001/0001], [lateral-edge: 0.7544, lateral-2: 1.1046, lateral-3: 1.1282, lateral-4: 1.1863, lateral-5: 1.2810, epsilon: 508.1978]
2025-10-26 22:22:35.094621 Epoch [066/070], Step [0001/0001], [lateral-edge: 0.7544, lateral-2: 1.1046, lateral-3: 1.1282, lateral-4: 1.1863, lateral-5: 1.2810, epsilon: 515.1101]
2025-10-26 22:22:41.025838 Epoch [067/070], Step [0001/0001], [lateral-edge: 0.7544, lateral-2: 1.1046, lateral-3: 1.1282, lateral-4: 1.1863, lateral-5: 1.2810, epsilon: 522.0155]
2025-10-26 22:22:46.970926 Epoch [068/070], Step [0001/0001], [lateral-edge: 0.7544, lateral-2: 1.1046, lateral-3: 1.1282, lateral-4: 1.1863, lateral-5: 1.2810, epsilon: 528.9142]
2025-10-26 22:22:51.468714 Epoch [069/070], Step [0001/0001], [lateral-edge: 0.7544, lateral-2: 1.1046, lateral-3: 1.1282, lateral-4: 1.1863, lateral-5: 1.2810, epsilon: 535.8063]
[Saving Snapshot:] ./Snapshots/save_weights/Inf-Net_DP/batch_64/run_3/noise_multiplier_0.5/Inf-Net-70.pth
[Privacy Budget]: ε = 535.81 (δ = 1e-05)
2025-10-26 22:22:59.493488 Epoch [070/070], Step [0001/0001], [lateral-edge: 0.7544, lateral-2: 1.1046, lateral-3: 1.1282, lateral-4: 1.1863, lateral-5: 1.2810, epsilon: 542.6920]
Training completed at Sun Oct 26 22:23:00 CET 2025
