Backbone loading: Res2Net50
Freezing unused branches for DP compatibility...
Trainable: 31,072,721 / 33,121,721 parameters
Not loading weights from weights file
Validator raised issues with model. Attempting auto-fix...
Original error: UnsupportedModuleError
Model successfully fixed for differential privacy
###################################################################### 
Start Training (Inf-Net-Res2Net50)
Backbone: Res2Net50
Batch Size: 24
Privacy: DP Enabled (ε budget, δ=1e-05)
Morphology: both
Save Path: ./Snapshots/save_weights/Inf-Net_DP_Morph/both/batch_24/run_2/noise_multiplier_0.5
Run: 2
Namespace(epoch=70, lr=0.0001, batchsize=24, trainsize=352, clip=0.5, decay_rate=0.1, decay_epoch=50, is_thop=False, gpu_device=0, num_workers=4, net_channel=32, n_classes=1, backbone='Res2Net50', train_path='./Dataset/TrainingSet/LungInfection-Train/Doctor-label', is_semi=False, is_pseudo=False, train_save=None, run=2, enable_privacy=True, noise_multiplier=0.5, max_grad_norm=1.2, delta=1e-05, enable_morphology=True, morph_operation='both', morph_kernel_size=3, device='cuda')
 ######################################################################
2025-10-26 22:58:00.554638 Epoch [001/070], Step [0003/0003], [lateral-edge: 0.7684, lateral-2: 1.5763, lateral-3: 1.5729, lateral-4: 1.5463, lateral-5: 1.5133, epsilon: 23.3810]
2025-10-26 22:58:05.906805 Epoch [002/070], Step [0003/0003], [lateral-edge: 0.7682, lateral-2: 1.5572, lateral-3: 1.5535, lateral-4: 1.5342, lateral-5: 1.5200, epsilon: 33.1636]
2025-10-26 22:58:11.402220 Epoch [003/070], Step [0003/0003], [lateral-edge: 0.7699, lateral-2: 1.5025, lateral-3: 1.5133, lateral-4: 1.5005, lateral-5: 1.5102, epsilon: 41.3352]
2025-10-26 22:58:16.288029 Epoch [004/070], Step [0003/0003], [lateral-edge: 0.7681, lateral-2: 1.4975, lateral-3: 1.5026, lateral-4: 1.4833, lateral-5: 1.4997, epsilon: 48.7019]
2025-10-26 22:58:21.539904 Epoch [005/070], Step [0003/0003], [lateral-edge: 0.7665, lateral-2: 1.4715, lateral-3: 1.4826, lateral-4: 1.4751, lateral-5: 1.4918, epsilon: 55.5628]
2025-10-26 22:58:26.077233 Epoch [006/070], Step [0003/0003], [lateral-edge: 0.7651, lateral-2: 1.4807, lateral-3: 1.4982, lateral-4: 1.4917, lateral-5: 1.5004, epsilon: 62.0679]
2025-10-26 22:58:30.613972 Epoch [007/070], Step [0003/0003], [lateral-edge: 0.7654, lateral-2: 1.4652, lateral-3: 1.4839, lateral-4: 1.4739, lateral-5: 1.4947, epsilon: 68.3052]
2025-10-26 22:58:36.051415 Epoch [008/070], Step [0003/0003], [lateral-edge: 0.7652, lateral-2: 1.4421, lateral-3: 1.4661, lateral-4: 1.4570, lateral-5: 1.4877, epsilon: 74.3315]
2025-10-26 22:58:40.737367 Epoch [009/070], Step [0003/0003], [lateral-edge: 0.7654, lateral-2: 1.4166, lateral-3: 1.4523, lateral-4: 1.4491, lateral-5: 1.4817, epsilon: 80.1860]
[Saving Snapshot:] ./Snapshots/save_weights/Inf-Net_DP_Morph/both/batch_24/run_2/noise_multiplier_0.5/Inf-Net-10.pth
[Privacy Budget]: ε = 80.19 (δ = 1e-05)
2025-10-26 22:58:46.281435 Epoch [010/070], Step [0003/0003], [lateral-edge: 0.7643, lateral-2: 1.4041, lateral-3: 1.4352, lateral-4: 1.4383, lateral-5: 1.4703, epsilon: 85.8970]
2025-10-26 22:58:51.028669 Epoch [011/070], Step [0003/0003], [lateral-edge: 0.7623, lateral-2: 1.3664, lateral-3: 1.3894, lateral-4: 1.3974, lateral-5: 1.4541, epsilon: 91.4860]
2025-10-26 22:58:55.954875 Epoch [012/070], Step [0003/0003], [lateral-edge: 0.7624, lateral-2: 1.3638, lateral-3: 1.3961, lateral-4: 1.3968, lateral-5: 1.4554, epsilon: 96.9693]
2025-10-26 22:59:00.551972 Epoch [013/070], Step [0003/0003], [lateral-edge: 0.7618, lateral-2: 1.3646, lateral-3: 1.3956, lateral-4: 1.4065, lateral-5: 1.4526, epsilon: 102.3603]
2025-10-26 22:59:05.678689 Epoch [014/070], Step [0003/0003], [lateral-edge: 0.7614, lateral-2: 1.3631, lateral-3: 1.3870, lateral-4: 1.3953, lateral-5: 1.4500, epsilon: 107.6693]
2025-10-26 22:59:11.286144 Epoch [015/070], Step [0003/0003], [lateral-edge: 0.7611, lateral-2: 1.3273, lateral-3: 1.3665, lateral-4: 1.3778, lateral-5: 1.4461, epsilon: 112.9052]
2025-10-26 22:59:16.125392 Epoch [016/070], Step [0003/0003], [lateral-edge: 0.7604, lateral-2: 1.3129, lateral-3: 1.3482, lateral-4: 1.3666, lateral-5: 1.4310, epsilon: 118.0753]
2025-10-26 22:59:21.367218 Epoch [017/070], Step [0003/0003], [lateral-edge: 0.7590, lateral-2: 1.2953, lateral-3: 1.3323, lateral-4: 1.3520, lateral-5: 1.4321, epsilon: 123.1855]
2025-10-26 22:59:26.668426 Epoch [018/070], Step [0003/0003], [lateral-edge: 0.7608, lateral-2: 1.3158, lateral-3: 1.3480, lateral-4: 1.3669, lateral-5: 1.4312, epsilon: 128.2414]
2025-10-26 22:59:31.815445 Epoch [019/070], Step [0003/0003], [lateral-edge: 0.7578, lateral-2: 1.3073, lateral-3: 1.3375, lateral-4: 1.3736, lateral-5: 1.4280, epsilon: 133.2472]
[Saving Snapshot:] ./Snapshots/save_weights/Inf-Net_DP_Morph/both/batch_24/run_2/noise_multiplier_0.5/Inf-Net-20.pth
[Privacy Budget]: ε = 133.25 (δ = 1e-05)
2025-10-26 22:59:39.389465 Epoch [020/070], Step [0003/0003], [lateral-edge: 0.7571, lateral-2: 1.2940, lateral-3: 1.3261, lateral-4: 1.3577, lateral-5: 1.4223, epsilon: 138.2070]
2025-10-26 22:59:44.746173 Epoch [021/070], Step [0003/0003], [lateral-edge: 0.7576, lateral-2: 1.2484, lateral-3: 1.2911, lateral-4: 1.3170, lateral-5: 1.4083, epsilon: 143.1242]
2025-10-26 22:59:50.028698 Epoch [022/070], Step [0003/0003], [lateral-edge: 0.7564, lateral-2: 1.2755, lateral-3: 1.3134, lateral-4: 1.3335, lateral-5: 1.4235, epsilon: 148.0018]
2025-10-26 22:59:55.564586 Epoch [023/070], Step [0003/0003], [lateral-edge: 0.7562, lateral-2: 1.2537, lateral-3: 1.2911, lateral-4: 1.3184, lateral-5: 1.4024, epsilon: 152.8425]
2025-10-26 23:00:01.704557 Epoch [024/070], Step [0003/0003], [lateral-edge: 0.7554, lateral-2: 1.2524, lateral-3: 1.2874, lateral-4: 1.3265, lateral-5: 1.4007, epsilon: 157.6487]
2025-10-26 23:00:07.420764 Epoch [025/070], Step [0003/0003], [lateral-edge: 0.7563, lateral-2: 1.2349, lateral-3: 1.2724, lateral-4: 1.3006, lateral-5: 1.3930, epsilon: 162.4226]
2025-10-26 23:00:13.225010 Epoch [026/070], Step [0003/0003], [lateral-edge: 0.7544, lateral-2: 1.2116, lateral-3: 1.2530, lateral-4: 1.2922, lateral-5: 1.3879, epsilon: 167.1661]
2025-10-26 23:00:19.010018 Epoch [027/070], Step [0003/0003], [lateral-edge: 0.7549, lateral-2: 1.2112, lateral-3: 1.2534, lateral-4: 1.2984, lateral-5: 1.3848, epsilon: 171.8809]
2025-10-26 23:00:25.331368 Epoch [028/070], Step [0003/0003], [lateral-edge: 0.7544, lateral-2: 1.2085, lateral-3: 1.2491, lateral-4: 1.2953, lateral-5: 1.3816, epsilon: 176.5687]
2025-10-26 23:00:31.719541 Epoch [029/070], Step [0003/0003], [lateral-edge: 0.7541, lateral-2: 1.2059, lateral-3: 1.2383, lateral-4: 1.2778, lateral-5: 1.3756, epsilon: 181.2308]
[Saving Snapshot:] ./Snapshots/save_weights/Inf-Net_DP_Morph/both/batch_24/run_2/noise_multiplier_0.5/Inf-Net-30.pth
[Privacy Budget]: ε = 181.23 (δ = 1e-05)
2025-10-26 23:00:38.794835 Epoch [030/070], Step [0003/0003], [lateral-edge: 0.7540, lateral-2: 1.2211, lateral-3: 1.2493, lateral-4: 1.2864, lateral-5: 1.3794, epsilon: 185.8686]
2025-10-26 23:00:44.969835 Epoch [031/070], Step [0003/0003], [lateral-edge: 0.7539, lateral-2: 1.2334, lateral-3: 1.2536, lateral-4: 1.2881, lateral-5: 1.3702, epsilon: 190.4833]
2025-10-26 23:00:51.296370 Epoch [032/070], Step [0003/0003], [lateral-edge: 0.7526, lateral-2: 1.1790, lateral-3: 1.2138, lateral-4: 1.2610, lateral-5: 1.3609, epsilon: 195.0760]
2025-10-26 23:00:57.648933 Epoch [033/070], Step [0003/0003], [lateral-edge: 0.7528, lateral-2: 1.1768, lateral-3: 1.2126, lateral-4: 1.2584, lateral-5: 1.3649, epsilon: 199.6478]
2025-10-26 23:01:03.860096 Epoch [034/070], Step [0003/0003], [lateral-edge: 0.7525, lateral-2: 1.1688, lateral-3: 1.2081, lateral-4: 1.2619, lateral-5: 1.3666, epsilon: 204.1996]
2025-10-26 23:01:10.138079 Epoch [035/070], Step [0003/0003], [lateral-edge: 0.7518, lateral-2: 1.1609, lateral-3: 1.1998, lateral-4: 1.2484, lateral-5: 1.3514, epsilon: 208.7322]
2025-10-26 23:01:16.631459 Epoch [036/070], Step [0003/0003], [lateral-edge: 0.7505, lateral-2: 1.1812, lateral-3: 1.2136, lateral-4: 1.2527, lateral-5: 1.3638, epsilon: 213.2465]
2025-10-26 23:01:22.840105 Epoch [037/070], Step [0003/0003], [lateral-edge: 0.7519, lateral-2: 1.1459, lateral-3: 1.1854, lateral-4: 1.2384, lateral-5: 1.3415, epsilon: 217.7433]
2025-10-26 23:01:29.322024 Epoch [038/070], Step [0003/0003], [lateral-edge: 0.7500, lateral-2: 1.1601, lateral-3: 1.1982, lateral-4: 1.2511, lateral-5: 1.3518, epsilon: 222.2233]
2025-10-26 23:01:36.063410 Epoch [039/070], Step [0003/0003], [lateral-edge: 0.7515, lateral-2: 1.1247, lateral-3: 1.1688, lateral-4: 1.2298, lateral-5: 1.3428, epsilon: 226.6870]
[Saving Snapshot:] ./Snapshots/save_weights/Inf-Net_DP_Morph/both/batch_24/run_2/noise_multiplier_0.5/Inf-Net-40.pth
[Privacy Budget]: ε = 226.69 (δ = 1e-05)
2025-10-26 23:01:45.187256 Epoch [040/070], Step [0003/0003], [lateral-edge: 0.7501, lateral-2: 1.1444, lateral-3: 1.1858, lateral-4: 1.2398, lateral-5: 1.3382, epsilon: 231.1353]
2025-10-26 23:01:52.072303 Epoch [041/070], Step [0003/0003], [lateral-edge: 0.7506, lateral-2: 1.1452, lateral-3: 1.1827, lateral-4: 1.2367, lateral-5: 1.3382, epsilon: 235.5685]
2025-10-26 23:01:59.185020 Epoch [042/070], Step [0003/0003], [lateral-edge: 0.7502, lateral-2: 1.1149, lateral-3: 1.1552, lateral-4: 1.2136, lateral-5: 1.3220, epsilon: 239.9873]
2025-10-26 23:02:06.287401 Epoch [043/070], Step [0003/0003], [lateral-edge: 0.7474, lateral-2: 1.1389, lateral-3: 1.1760, lateral-4: 1.2272, lateral-5: 1.3336, epsilon: 244.3923]
2025-10-26 23:02:13.147310 Epoch [044/070], Step [0003/0003], [lateral-edge: 0.7495, lateral-2: 1.1410, lateral-3: 1.1640, lateral-4: 1.2080, lateral-5: 1.3145, epsilon: 248.7837]
2025-10-26 23:02:20.675466 Epoch [045/070], Step [0003/0003], [lateral-edge: 0.7483, lateral-2: 1.1354, lateral-3: 1.1742, lateral-4: 1.2258, lateral-5: 1.3249, epsilon: 253.1623]
2025-10-26 23:02:27.990584 Epoch [046/070], Step [0003/0003], [lateral-edge: 0.7479, lateral-2: 1.1385, lateral-3: 1.1670, lateral-4: 1.2149, lateral-5: 1.3243, epsilon: 257.5282]
2025-10-26 23:02:34.933341 Epoch [047/070], Step [0003/0003], [lateral-edge: 0.7480, lateral-2: 1.1151, lateral-3: 1.1528, lateral-4: 1.2133, lateral-5: 1.3179, epsilon: 261.8821]
2025-10-26 23:02:42.148632 Epoch [048/070], Step [0003/0003], [lateral-edge: 0.7473, lateral-2: 1.1314, lateral-3: 1.1608, lateral-4: 1.2081, lateral-5: 1.3088, epsilon: 266.2242]
2025-10-26 23:02:49.257480 Epoch [049/070], Step [0003/0003], [lateral-edge: 0.7474, lateral-2: 1.1257, lateral-3: 1.1615, lateral-4: 1.2106, lateral-5: 1.3234, epsilon: 270.5549]
[Saving Snapshot:] ./Snapshots/save_weights/Inf-Net_DP_Morph/both/batch_24/run_2/noise_multiplier_0.5/Inf-Net-50.pth
[Privacy Budget]: ε = 270.55 (δ = 1e-05)
2025-10-26 23:02:59.708811 Epoch [050/070], Step [0003/0003], [lateral-edge: 0.7483, lateral-2: 1.1049, lateral-3: 1.1398, lateral-4: 1.1972, lateral-5: 1.3041, epsilon: 274.8746]
2025-10-26 23:03:07.563563 Epoch [051/070], Step [0003/0003], [lateral-edge: 0.7467, lateral-2: 1.1144, lateral-3: 1.1504, lateral-4: 1.2072, lateral-5: 1.3087, epsilon: 279.1836]
2025-10-26 23:03:15.205018 Epoch [052/070], Step [0003/0003], [lateral-edge: 0.7474, lateral-2: 1.1134, lateral-3: 1.1467, lateral-4: 1.2016, lateral-5: 1.3090, epsilon: 283.4823]
2025-10-26 23:03:24.518065 Epoch [053/070], Step [0003/0003], [lateral-edge: 0.7473, lateral-2: 1.0910, lateral-3: 1.1292, lateral-4: 1.1874, lateral-5: 1.2913, epsilon: 287.7708]
2025-10-26 23:03:32.347608 Epoch [054/070], Step [0003/0003], [lateral-edge: 0.7471, lateral-2: 1.0962, lateral-3: 1.1368, lateral-4: 1.1901, lateral-5: 1.2989, epsilon: 292.0495]
2025-10-26 23:03:39.944685 Epoch [055/070], Step [0003/0003], [lateral-edge: 0.7465, lateral-2: 1.1015, lateral-3: 1.1349, lateral-4: 1.1953, lateral-5: 1.3048, epsilon: 296.3187]
2025-10-26 23:03:47.746185 Epoch [056/070], Step [0003/0003], [lateral-edge: 0.7473, lateral-2: 1.1085, lateral-3: 1.1431, lateral-4: 1.2009, lateral-5: 1.3098, epsilon: 300.5786]
2025-10-26 23:03:56.028750 Epoch [057/070], Step [0003/0003], [lateral-edge: 0.7475, lateral-2: 1.0971, lateral-3: 1.1342, lateral-4: 1.1942, lateral-5: 1.2991, epsilon: 304.8296]
2025-10-26 23:04:04.307947 Epoch [058/070], Step [0003/0003], [lateral-edge: 0.7475, lateral-2: 1.0999, lateral-3: 1.1375, lateral-4: 1.1900, lateral-5: 1.2983, epsilon: 309.0717]
2025-10-26 23:04:12.275578 Epoch [059/070], Step [0003/0003], [lateral-edge: 0.7479, lateral-2: 1.1028, lateral-3: 1.1367, lateral-4: 1.1845, lateral-5: 1.2949, epsilon: 313.3052]
[Saving Snapshot:] ./Snapshots/save_weights/Inf-Net_DP_Morph/both/batch_24/run_2/noise_multiplier_0.5/Inf-Net-60.pth
[Privacy Budget]: ε = 313.31 (δ = 1e-05)
2025-10-26 23:04:23.989984 Epoch [060/070], Step [0003/0003], [lateral-edge: 0.7470, lateral-2: 1.1128, lateral-3: 1.1597, lateral-4: 1.2119, lateral-5: 1.3181, epsilon: 317.5305]
2025-10-26 23:04:32.175667 Epoch [061/070], Step [0003/0003], [lateral-edge: 0.7477, lateral-2: 1.1107, lateral-3: 1.1475, lateral-4: 1.1994, lateral-5: 1.3066, epsilon: 321.7476]
2025-10-26 23:04:40.572859 Epoch [062/070], Step [0003/0003], [lateral-edge: 0.7469, lateral-2: 1.1000, lateral-3: 1.1362, lateral-4: 1.1930, lateral-5: 1.3057, epsilon: 325.9567]
2025-10-26 23:04:49.102329 Epoch [063/070], Step [0003/0003], [lateral-edge: 0.7471, lateral-2: 1.1107, lateral-3: 1.1464, lateral-4: 1.1977, lateral-5: 1.3045, epsilon: 330.1581]
2025-10-26 23:04:58.790355 Epoch [064/070], Step [0003/0003], [lateral-edge: 0.7473, lateral-2: 1.1021, lateral-3: 1.1437, lateral-4: 1.2016, lateral-5: 1.3086, epsilon: 334.3520]
2025-10-26 23:05:07.335821 Epoch [065/070], Step [0003/0003], [lateral-edge: 0.7468, lateral-2: 1.1221, lateral-3: 1.1520, lateral-4: 1.2060, lateral-5: 1.3075, epsilon: 338.5385]
2025-10-26 23:05:16.624464 Epoch [066/070], Step [0003/0003], [lateral-edge: 0.7480, lateral-2: 1.1093, lateral-3: 1.1451, lateral-4: 1.2041, lateral-5: 1.3087, epsilon: 342.7177]
2025-10-26 23:05:25.381237 Epoch [067/070], Step [0003/0003], [lateral-edge: 0.7479, lateral-2: 1.0870, lateral-3: 1.1266, lateral-4: 1.1847, lateral-5: 1.3038, epsilon: 346.8900]
2025-10-26 23:05:34.344156 Epoch [068/070], Step [0003/0003], [lateral-edge: 0.7465, lateral-2: 1.1121, lateral-3: 1.1476, lateral-4: 1.2068, lateral-5: 1.3107, epsilon: 351.0553]
2025-10-26 23:05:42.634289 Epoch [069/070], Step [0003/0003], [lateral-edge: 0.7467, lateral-2: 1.1082, lateral-3: 1.1350, lateral-4: 1.1898, lateral-5: 1.3066, epsilon: 355.2139]
[Saving Snapshot:] ./Snapshots/save_weights/Inf-Net_DP_Morph/both/batch_24/run_2/noise_multiplier_0.5/Inf-Net-70.pth
[Privacy Budget]: ε = 355.21 (δ = 1e-05)
2025-10-26 23:05:55.644156 Epoch [070/070], Step [0003/0003], [lateral-edge: 0.7470, lateral-2: 1.1122, lateral-3: 1.1519, lateral-4: 1.2117, lateral-5: 1.3147, epsilon: 359.3659]
Training completed at Sun Oct 26 23:05:57 CET 2025
