Backbone loading: Res2Net50
Freezing unused branches for DP compatibility...
Trainable: 31,072,721 / 33,121,721 parameters
Not loading weights from weights file
Validator raised issues with model. Attempting auto-fix...
Original error: UnsupportedModuleError
Model successfully fixed for differential privacy
###################################################################### 
Start Training (Inf-Net-Res2Net50)
Backbone: Res2Net50
Batch Size: 72
Privacy: DP Enabled (ε budget, δ=1e-05)
Morphology: open
Save Path: ./Snapshots/save_weights/Inf-Net_DP_Morph/open/batch_72/run_3/noise_multiplier_0.7
Run: 3
Namespace(epoch=70, lr=0.0001, batchsize=72, trainsize=352, clip=0.5, decay_rate=0.1, decay_epoch=50, is_thop=False, gpu_device=0, num_workers=4, net_channel=32, n_classes=1, backbone='Res2Net50', train_path='./Dataset/TrainingSet/LungInfection-Train/Doctor-label', is_semi=False, is_pseudo=False, train_save=None, run=3, enable_privacy=True, noise_multiplier=0.7, max_grad_norm=1.2, delta=1e-05, enable_morphology=True, morph_operation='open', morph_kernel_size=3, device='cuda')
 ######################################################################
2025-10-27 00:50:47.196434 Epoch [001/070], Step [0001/0001], [lateral-edge: 0.7833, lateral-2: 1.7344, lateral-3: 1.6710, lateral-4: 1.5971, lateral-5: 1.5408, epsilon: 13.0463]
2025-10-27 00:50:49.833987 Epoch [002/070], Step [0001/0001], [lateral-edge: 0.7833, lateral-2: 1.6488, lateral-3: 1.6051, lateral-4: 1.5573, lateral-5: 1.5362, epsilon: 20.4062]
2025-10-27 00:50:52.505644 Epoch [003/070], Step [0001/0001], [lateral-edge: 0.7833, lateral-2: 1.5977, lateral-3: 1.5678, lateral-4: 1.5360, lateral-5: 1.5311, epsilon: 26.7813]
2025-10-27 00:50:55.306300 Epoch [004/070], Step [0001/0001], [lateral-edge: 0.7829, lateral-2: 1.5618, lateral-3: 1.5428, lateral-4: 1.5217, lateral-5: 1.5263, epsilon: 32.6429]
2025-10-27 00:50:58.004805 Epoch [005/070], Step [0001/0001], [lateral-edge: 0.7822, lateral-2: 1.5346, lateral-3: 1.5243, lateral-4: 1.5101, lateral-5: 1.5216, epsilon: 38.1752]
2025-10-27 00:51:00.686985 Epoch [006/070], Step [0001/0001], [lateral-edge: 0.7814, lateral-2: 1.5134, lateral-3: 1.5101, lateral-4: 1.5000, lateral-5: 1.5171, epsilon: 43.4728]
2025-10-27 00:51:03.398591 Epoch [007/070], Step [0001/0001], [lateral-edge: 0.7804, lateral-2: 1.4963, lateral-3: 1.4983, lateral-4: 1.4911, lateral-5: 1.5128, epsilon: 48.5922]
2025-10-27 00:51:06.180274 Epoch [008/070], Step [0001/0001], [lateral-edge: 0.7792, lateral-2: 1.4821, lateral-3: 1.4882, lateral-4: 1.4835, lateral-5: 1.5083, epsilon: 53.5703]
2025-10-27 00:51:08.886428 Epoch [009/070], Step [0001/0001], [lateral-edge: 0.7781, lateral-2: 1.4695, lateral-3: 1.4792, lateral-4: 1.4765, lateral-5: 1.5040, epsilon: 58.4329]
[Saving Snapshot:] ./Snapshots/save_weights/Inf-Net_DP_Morph/open/batch_72/run_3/noise_multiplier_0.7/Inf-Net-10.pth
[Privacy Budget]: ε = 58.43 (δ = 1e-05)
2025-10-27 00:51:11.923738 Epoch [010/070], Step [0001/0001], [lateral-edge: 0.7770, lateral-2: 1.4581, lateral-3: 1.4708, lateral-4: 1.4702, lateral-5: 1.4998, epsilon: 63.1985]
2025-10-27 00:51:14.704648 Epoch [011/070], Step [0001/0001], [lateral-edge: 0.7758, lateral-2: 1.4473, lateral-3: 1.4630, lateral-4: 1.4639, lateral-5: 1.4954, epsilon: 67.8815]
2025-10-27 00:51:17.497862 Epoch [012/070], Step [0001/0001], [lateral-edge: 0.7748, lateral-2: 1.4368, lateral-3: 1.4554, lateral-4: 1.4579, lateral-5: 1.4910, epsilon: 72.4927]
2025-10-27 00:51:20.409657 Epoch [013/070], Step [0001/0001], [lateral-edge: 0.7737, lateral-2: 1.4269, lateral-3: 1.4484, lateral-4: 1.4520, lateral-5: 1.4868, epsilon: 77.0409]
2025-10-27 00:51:23.251855 Epoch [014/070], Step [0001/0001], [lateral-edge: 0.7727, lateral-2: 1.4173, lateral-3: 1.4415, lateral-4: 1.4462, lateral-5: 1.4824, epsilon: 81.5333]
2025-10-27 00:51:26.142710 Epoch [015/070], Step [0001/0001], [lateral-edge: 0.7719, lateral-2: 1.4077, lateral-3: 1.4348, lateral-4: 1.4406, lateral-5: 1.4782, epsilon: 85.9757]
2025-10-27 00:51:28.886469 Epoch [016/070], Step [0001/0001], [lateral-edge: 0.7711, lateral-2: 1.3984, lateral-3: 1.4283, lateral-4: 1.4349, lateral-5: 1.4740, epsilon: 90.3730]
2025-10-27 00:51:31.828954 Epoch [017/070], Step [0001/0001], [lateral-edge: 0.7704, lateral-2: 1.3893, lateral-3: 1.4220, lateral-4: 1.4288, lateral-5: 1.4700, epsilon: 94.7294]
2025-10-27 00:51:34.941953 Epoch [018/070], Step [0001/0001], [lateral-edge: 0.7697, lateral-2: 1.3804, lateral-3: 1.4159, lateral-4: 1.4228, lateral-5: 1.4659, epsilon: 99.0484]
2025-10-27 00:51:37.713674 Epoch [019/070], Step [0001/0001], [lateral-edge: 0.7691, lateral-2: 1.3716, lateral-3: 1.4097, lateral-4: 1.4166, lateral-5: 1.4619, epsilon: 103.3331]
[Saving Snapshot:] ./Snapshots/save_weights/Inf-Net_DP_Morph/open/batch_72/run_3/noise_multiplier_0.7/Inf-Net-20.pth
[Privacy Budget]: ε = 103.33 (δ = 1e-05)
2025-10-27 00:51:41.078612 Epoch [020/070], Step [0001/0001], [lateral-edge: 0.7686, lateral-2: 1.3630, lateral-3: 1.4034, lateral-4: 1.4106, lateral-5: 1.4579, epsilon: 107.5861]
2025-10-27 00:51:44.132220 Epoch [021/070], Step [0001/0001], [lateral-edge: 0.7681, lateral-2: 1.3545, lateral-3: 1.3971, lateral-4: 1.4046, lateral-5: 1.4539, epsilon: 111.8098]
2025-10-27 00:51:47.110114 Epoch [022/070], Step [0001/0001], [lateral-edge: 0.7676, lateral-2: 1.3463, lateral-3: 1.3910, lateral-4: 1.3991, lateral-5: 1.4501, epsilon: 116.0063]
2025-10-27 00:51:50.238618 Epoch [023/070], Step [0001/0001], [lateral-edge: 0.7671, lateral-2: 1.3382, lateral-3: 1.3847, lateral-4: 1.3934, lateral-5: 1.4462, epsilon: 120.1773]
2025-10-27 00:51:53.392252 Epoch [024/070], Step [0001/0001], [lateral-edge: 0.7666, lateral-2: 1.3305, lateral-3: 1.3787, lateral-4: 1.3875, lateral-5: 1.4423, epsilon: 124.3245]
2025-10-27 00:51:56.594841 Epoch [025/070], Step [0001/0001], [lateral-edge: 0.7661, lateral-2: 1.3229, lateral-3: 1.3729, lateral-4: 1.3811, lateral-5: 1.4385, epsilon: 128.4495]
2025-10-27 00:51:59.466797 Epoch [026/070], Step [0001/0001], [lateral-edge: 0.7656, lateral-2: 1.3156, lateral-3: 1.3672, lateral-4: 1.3748, lateral-5: 1.4347, epsilon: 132.5534]
2025-10-27 00:52:02.813937 Epoch [027/070], Step [0001/0001], [lateral-edge: 0.7652, lateral-2: 1.3086, lateral-3: 1.3615, lateral-4: 1.3686, lateral-5: 1.4311, epsilon: 136.6376]
2025-10-27 00:52:05.969318 Epoch [028/070], Step [0001/0001], [lateral-edge: 0.7647, lateral-2: 1.3020, lateral-3: 1.3560, lateral-4: 1.3624, lateral-5: 1.4274, epsilon: 140.7030]
2025-10-27 00:52:09.233477 Epoch [029/070], Step [0001/0001], [lateral-edge: 0.7642, lateral-2: 1.2955, lateral-3: 1.3505, lateral-4: 1.3564, lateral-5: 1.4236, epsilon: 144.7507]
[Saving Snapshot:] ./Snapshots/save_weights/Inf-Net_DP_Morph/open/batch_72/run_3/noise_multiplier_0.7/Inf-Net-30.pth
[Privacy Budget]: ε = 144.75 (δ = 1e-05)
2025-10-27 00:52:13.152402 Epoch [030/070], Step [0001/0001], [lateral-edge: 0.7638, lateral-2: 1.2892, lateral-3: 1.3450, lateral-4: 1.3508, lateral-5: 1.4201, epsilon: 148.7816]
2025-10-27 00:52:16.477659 Epoch [031/070], Step [0001/0001], [lateral-edge: 0.7635, lateral-2: 1.2829, lateral-3: 1.3394, lateral-4: 1.3458, lateral-5: 1.4170, epsilon: 152.7965]
2025-10-27 00:52:19.930746 Epoch [032/070], Step [0001/0001], [lateral-edge: 0.7632, lateral-2: 1.2768, lateral-3: 1.3339, lateral-4: 1.3409, lateral-5: 1.4139, epsilon: 156.7963]
2025-10-27 00:52:23.304725 Epoch [033/070], Step [0001/0001], [lateral-edge: 0.7629, lateral-2: 1.2707, lateral-3: 1.3283, lateral-4: 1.3360, lateral-5: 1.4108, epsilon: 160.7815]
2025-10-27 00:52:26.440523 Epoch [034/070], Step [0001/0001], [lateral-edge: 0.7627, lateral-2: 1.2646, lateral-3: 1.3228, lateral-4: 1.3309, lateral-5: 1.4078, epsilon: 164.7528]
2025-10-27 00:52:29.469557 Epoch [035/070], Step [0001/0001], [lateral-edge: 0.7624, lateral-2: 1.2587, lateral-3: 1.3173, lateral-4: 1.3257, lateral-5: 1.4048, epsilon: 168.7109]
2025-10-27 00:52:33.084554 Epoch [036/070], Step [0001/0001], [lateral-edge: 0.7621, lateral-2: 1.2529, lateral-3: 1.3118, lateral-4: 1.3204, lateral-5: 1.4019, epsilon: 172.6563]
2025-10-27 00:52:36.111608 Epoch [037/070], Step [0001/0001], [lateral-edge: 0.7617, lateral-2: 1.2471, lateral-3: 1.3065, lateral-4: 1.3150, lateral-5: 1.3990, epsilon: 176.5895]
2025-10-27 00:52:39.701426 Epoch [038/070], Step [0001/0001], [lateral-edge: 0.7613, lateral-2: 1.2417, lateral-3: 1.3013, lateral-4: 1.3100, lateral-5: 1.3963, epsilon: 180.5111]
2025-10-27 00:52:43.281825 Epoch [039/070], Step [0001/0001], [lateral-edge: 0.7610, lateral-2: 1.2362, lateral-3: 1.2961, lateral-4: 1.3053, lateral-5: 1.3935, epsilon: 184.4215]
[Saving Snapshot:] ./Snapshots/save_weights/Inf-Net_DP_Morph/open/batch_72/run_3/noise_multiplier_0.7/Inf-Net-40.pth
[Privacy Budget]: ε = 184.42 (δ = 1e-05)
2025-10-27 00:52:47.346839 Epoch [040/070], Step [0001/0001], [lateral-edge: 0.7607, lateral-2: 1.2310, lateral-3: 1.2909, lateral-4: 1.3008, lateral-5: 1.3908, epsilon: 188.3210]
2025-10-27 00:52:51.166163 Epoch [041/070], Step [0001/0001], [lateral-edge: 0.7603, lateral-2: 1.2259, lateral-3: 1.2855, lateral-4: 1.2962, lateral-5: 1.3880, epsilon: 192.2102]
2025-10-27 00:52:54.901848 Epoch [042/070], Step [0001/0001], [lateral-edge: 0.7600, lateral-2: 1.2208, lateral-3: 1.2802, lateral-4: 1.2919, lateral-5: 1.3854, epsilon: 196.0894]
2025-10-27 00:52:58.598853 Epoch [043/070], Step [0001/0001], [lateral-edge: 0.7597, lateral-2: 1.2158, lateral-3: 1.2751, lateral-4: 1.2873, lateral-5: 1.3828, epsilon: 199.9589]
2025-10-27 00:53:01.999741 Epoch [044/070], Step [0001/0001], [lateral-edge: 0.7594, lateral-2: 1.2110, lateral-3: 1.2702, lateral-4: 1.2829, lateral-5: 1.3802, epsilon: 203.8190]
2025-10-27 00:53:05.836199 Epoch [045/070], Step [0001/0001], [lateral-edge: 0.7592, lateral-2: 1.2064, lateral-3: 1.2655, lateral-4: 1.2789, lateral-5: 1.3776, epsilon: 207.6702]
2025-10-27 00:53:09.789841 Epoch [046/070], Step [0001/0001], [lateral-edge: 0.7588, lateral-2: 1.2019, lateral-3: 1.2608, lateral-4: 1.2750, lateral-5: 1.3751, epsilon: 211.5127]
2025-10-27 00:53:13.782418 Epoch [047/070], Step [0001/0001], [lateral-edge: 0.7586, lateral-2: 1.1975, lateral-3: 1.2563, lateral-4: 1.2710, lateral-5: 1.3726, epsilon: 215.3467]
2025-10-27 00:53:17.123490 Epoch [048/070], Step [0001/0001], [lateral-edge: 0.7583, lateral-2: 1.1930, lateral-3: 1.2518, lateral-4: 1.2670, lateral-5: 1.3701, epsilon: 219.1726]
2025-10-27 00:53:21.212773 Epoch [049/070], Step [0001/0001], [lateral-edge: 0.7581, lateral-2: 1.1888, lateral-3: 1.2474, lateral-4: 1.2634, lateral-5: 1.3678, epsilon: 222.9906]
[Saving Snapshot:] ./Snapshots/save_weights/Inf-Net_DP_Morph/open/batch_72/run_3/noise_multiplier_0.7/Inf-Net-50.pth
[Privacy Budget]: ε = 222.99 (δ = 1e-05)
2025-10-27 00:53:26.685099 Epoch [050/070], Step [0001/0001], [lateral-edge: 0.7579, lateral-2: 1.1858, lateral-3: 1.2441, lateral-4: 1.2609, lateral-5: 1.3662, epsilon: 226.8009]
2025-10-27 00:53:30.726055 Epoch [051/070], Step [0001/0001], [lateral-edge: 0.7579, lateral-2: 1.1855, lateral-3: 1.2438, lateral-4: 1.2606, lateral-5: 1.3660, epsilon: 230.6037]
2025-10-27 00:53:34.919495 Epoch [052/070], Step [0001/0001], [lateral-edge: 0.7579, lateral-2: 1.1855, lateral-3: 1.2438, lateral-4: 1.2606, lateral-5: 1.3660, epsilon: 234.3994]
2025-10-27 00:53:38.449003 Epoch [053/070], Step [0001/0001], [lateral-edge: 0.7579, lateral-2: 1.1855, lateral-3: 1.2438, lateral-4: 1.2606, lateral-5: 1.3660, epsilon: 238.1880]
2025-10-27 00:53:42.663809 Epoch [054/070], Step [0001/0001], [lateral-edge: 0.7579, lateral-2: 1.1854, lateral-3: 1.2438, lateral-4: 1.2606, lateral-5: 1.3660, epsilon: 241.9698]
2025-10-27 00:53:46.925945 Epoch [055/070], Step [0001/0001], [lateral-edge: 0.7579, lateral-2: 1.1855, lateral-3: 1.2438, lateral-4: 1.2606, lateral-5: 1.3660, epsilon: 245.7450]
2025-10-27 00:53:50.453527 Epoch [056/070], Step [0001/0001], [lateral-edge: 0.7579, lateral-2: 1.1855, lateral-3: 1.2438, lateral-4: 1.2606, lateral-5: 1.3660, epsilon: 249.5137]
2025-10-27 00:53:54.356677 Epoch [057/070], Step [0001/0001], [lateral-edge: 0.7579, lateral-2: 1.1855, lateral-3: 1.2438, lateral-4: 1.2606, lateral-5: 1.3660, epsilon: 253.2762]
2025-10-27 00:53:58.747129 Epoch [058/070], Step [0001/0001], [lateral-edge: 0.7579, lateral-2: 1.1855, lateral-3: 1.2438, lateral-4: 1.2606, lateral-5: 1.3660, epsilon: 257.0325]
2025-10-27 00:54:03.570760 Epoch [059/070], Step [0001/0001], [lateral-edge: 0.7579, lateral-2: 1.1855, lateral-3: 1.2438, lateral-4: 1.2606, lateral-5: 1.3660, epsilon: 260.7829]
[Saving Snapshot:] ./Snapshots/save_weights/Inf-Net_DP_Morph/open/batch_72/run_3/noise_multiplier_0.7/Inf-Net-60.pth
[Privacy Budget]: ε = 260.78 (δ = 1e-05)
2025-10-27 00:54:09.993184 Epoch [060/070], Step [0001/0001], [lateral-edge: 0.7579, lateral-2: 1.1855, lateral-3: 1.2438, lateral-4: 1.2606, lateral-5: 1.3660, epsilon: 264.5275]
2025-10-27 00:54:13.806948 Epoch [061/070], Step [0001/0001], [lateral-edge: 0.7579, lateral-2: 1.1855, lateral-3: 1.2438, lateral-4: 1.2606, lateral-5: 1.3660, epsilon: 268.2664]
2025-10-27 00:54:18.316043 Epoch [062/070], Step [0001/0001], [lateral-edge: 0.7579, lateral-2: 1.1855, lateral-3: 1.2438, lateral-4: 1.2606, lateral-5: 1.3660, epsilon: 271.9998]
2025-10-27 00:54:22.807167 Epoch [063/070], Step [0001/0001], [lateral-edge: 0.7579, lateral-2: 1.1855, lateral-3: 1.2438, lateral-4: 1.2606, lateral-5: 1.3660, epsilon: 275.7278]
2025-10-27 00:54:27.233419 Epoch [064/070], Step [0001/0001], [lateral-edge: 0.7579, lateral-2: 1.1855, lateral-3: 1.2438, lateral-4: 1.2606, lateral-5: 1.3660, epsilon: 279.4506]
2025-10-27 00:54:31.847138 Epoch [065/070], Step [0001/0001], [lateral-edge: 0.7579, lateral-2: 1.1855, lateral-3: 1.2438, lateral-4: 1.2606, lateral-5: 1.3660, epsilon: 283.1682]
2025-10-27 00:54:36.484292 Epoch [066/070], Step [0001/0001], [lateral-edge: 0.7579, lateral-2: 1.1855, lateral-3: 1.2438, lateral-4: 1.2606, lateral-5: 1.3660, epsilon: 286.8808]
2025-10-27 00:54:41.377617 Epoch [067/070], Step [0001/0001], [lateral-edge: 0.7579, lateral-2: 1.1855, lateral-3: 1.2438, lateral-4: 1.2606, lateral-5: 1.3660, epsilon: 290.5885]
2025-10-27 00:54:46.242231 Epoch [068/070], Step [0001/0001], [lateral-edge: 0.7579, lateral-2: 1.1855, lateral-3: 1.2438, lateral-4: 1.2606, lateral-5: 1.3660, epsilon: 294.2913]
2025-10-27 00:54:51.058208 Epoch [069/070], Step [0001/0001], [lateral-edge: 0.7579, lateral-2: 1.1855, lateral-3: 1.2438, lateral-4: 1.2606, lateral-5: 1.3660, epsilon: 297.9895]
[Saving Snapshot:] ./Snapshots/save_weights/Inf-Net_DP_Morph/open/batch_72/run_3/noise_multiplier_0.7/Inf-Net-70.pth
[Privacy Budget]: ε = 297.99 (δ = 1e-05)
2025-10-27 00:54:57.771631 Epoch [070/070], Step [0001/0001], [lateral-edge: 0.7579, lateral-2: 1.1855, lateral-3: 1.2438, lateral-4: 1.2606, lateral-5: 1.3660, epsilon: 301.6831]
Training completed at Mon Oct 27 00:54:59 CET 2025
