Backbone loading: Res2Net50
Not loading weights from weights file
################################################## 
Start Training (Inf-Net-Res2Net50)
Backbone: Res2Net50
Batch Size: 64
Morphology: Disabled
Save Path: ./Snapshots/save_weights/Inf-Net/batch_64/run_3
Run: 3
Namespace(epoch=70, lr=0.0001, batchsize=64, trainsize=352, clip=0.5, decay_rate=0.1, decay_epoch=50, is_thop=False, gpu_device=0, num_workers=8, net_channel=32, n_classes=1, backbone='Res2Net50', train_path='./Dataset/TrainingSet/LungInfection-Train/Doctor-label', is_semi=False, is_pseudo=False, train_save=None, run=3, enable_morphology=False, morph_operation='close', morph_kernel_size=3, device='cuda')
 ##################################################
2025-10-26 21:43:52.396695 Epoch [001/070], Step [0001/0001], [lateral-edge: 0.7629, lateral-2: 1.6721, lateral-3: 1.6967, lateral-4: 1.6248, lateral-5: 1.5591]
2025-10-26 21:43:53.948852 Epoch [002/070], Step [0001/0001], [lateral-edge: 0.7531, lateral-2: 1.5157, lateral-3: 1.5214, lateral-4: 1.5373, lateral-5: 1.5391]
2025-10-26 21:43:55.514554 Epoch [003/070], Step [0001/0001], [lateral-edge: 0.7509, lateral-2: 1.4497, lateral-3: 1.4613, lateral-4: 1.5068, lateral-5: 1.5355]
2025-10-26 21:43:57.075712 Epoch [004/070], Step [0001/0001], [lateral-edge: 0.7489, lateral-2: 1.4204, lateral-3: 1.4351, lateral-4: 1.4872, lateral-5: 1.5319]
2025-10-26 21:43:58.610308 Epoch [005/070], Step [0001/0001], [lateral-edge: 0.7460, lateral-2: 1.3963, lateral-3: 1.4167, lateral-4: 1.4558, lateral-5: 1.5337]
2025-10-26 21:44:00.145397 Epoch [006/070], Step [0001/0001], [lateral-edge: 0.7437, lateral-2: 1.3699, lateral-3: 1.3909, lateral-4: 1.4406, lateral-5: 1.5303]
2025-10-26 21:44:01.674104 Epoch [007/070], Step [0001/0001], [lateral-edge: 0.7425, lateral-2: 1.3458, lateral-3: 1.3652, lateral-4: 1.4279, lateral-5: 1.5272]
2025-10-26 21:44:03.184265 Epoch [008/070], Step [0001/0001], [lateral-edge: 0.7402, lateral-2: 1.3175, lateral-3: 1.3433, lateral-4: 1.4026, lateral-5: 1.5270]
2025-10-26 21:44:04.712817 Epoch [009/070], Step [0001/0001], [lateral-edge: 0.7374, lateral-2: 1.2836, lateral-3: 1.3116, lateral-4: 1.3825, lateral-5: 1.5191]
[Saving Snapshot:] ./Snapshots/save_weights/Inf-Net/batch_64/run_3/Inf-Net-10.pth
2025-10-26 21:44:06.402782 Epoch [010/070], Step [0001/0001], [lateral-edge: 0.7358, lateral-2: 1.2410, lateral-3: 1.2780, lateral-4: 1.3576, lateral-5: 1.5011]
2025-10-26 21:44:07.920105 Epoch [011/070], Step [0001/0001], [lateral-edge: 0.7343, lateral-2: 1.1937, lateral-3: 1.2381, lateral-4: 1.3218, lateral-5: 1.4511]
2025-10-26 21:44:09.442697 Epoch [012/070], Step [0001/0001], [lateral-edge: 0.7329, lateral-2: 1.1247, lateral-3: 1.1797, lateral-4: 1.2683, lateral-5: 1.4188]
2025-10-26 21:44:10.960527 Epoch [013/070], Step [0001/0001], [lateral-edge: 0.7318, lateral-2: 1.1123, lateral-3: 1.1785, lateral-4: 1.2888, lateral-5: 1.4713]
2025-10-26 21:44:12.466226 Epoch [014/070], Step [0001/0001], [lateral-edge: 0.7304, lateral-2: 1.0124, lateral-3: 1.0699, lateral-4: 1.1789, lateral-5: 1.5272]
2025-10-26 21:44:13.965132 Epoch [015/070], Step [0001/0001], [lateral-edge: 0.7293, lateral-2: 0.9314, lateral-3: 0.9960, lateral-4: 1.1004, lateral-5: 1.5444]
2025-10-26 21:44:15.478142 Epoch [016/070], Step [0001/0001], [lateral-edge: 0.7282, lateral-2: 0.9023, lateral-3: 0.9616, lateral-4: 1.0634, lateral-5: 1.5362]
2025-10-26 21:44:16.997720 Epoch [017/070], Step [0001/0001], [lateral-edge: 0.7272, lateral-2: 0.8550, lateral-3: 0.9277, lateral-4: 1.0330, lateral-5: 1.5512]
2025-10-26 21:44:18.522470 Epoch [018/070], Step [0001/0001], [lateral-edge: 0.7262, lateral-2: 0.8198, lateral-3: 0.8930, lateral-4: 1.0016, lateral-5: 1.5403]
2025-10-26 21:44:20.050464 Epoch [019/070], Step [0001/0001], [lateral-edge: 0.7252, lateral-2: 0.7938, lateral-3: 0.8683, lateral-4: 0.9774, lateral-5: 1.5120]
[Saving Snapshot:] ./Snapshots/save_weights/Inf-Net/batch_64/run_3/Inf-Net-20.pth
2025-10-26 21:44:21.729212 Epoch [020/070], Step [0001/0001], [lateral-edge: 0.7243, lateral-2: 0.7749, lateral-3: 0.8540, lateral-4: 0.9617, lateral-5: 1.4948]
2025-10-26 21:44:23.227410 Epoch [021/070], Step [0001/0001], [lateral-edge: 0.7234, lateral-2: 0.7589, lateral-3: 0.8393, lateral-4: 0.9489, lateral-5: 1.4636]
2025-10-26 21:44:24.731831 Epoch [022/070], Step [0001/0001], [lateral-edge: 0.7225, lateral-2: 0.7386, lateral-3: 0.8198, lateral-4: 0.9299, lateral-5: 1.4401]
2025-10-26 21:44:26.273777 Epoch [023/070], Step [0001/0001], [lateral-edge: 0.7217, lateral-2: 0.7241, lateral-3: 0.8080, lateral-4: 0.9145, lateral-5: 1.4084]
2025-10-26 21:44:27.765716 Epoch [024/070], Step [0001/0001], [lateral-edge: 0.7208, lateral-2: 0.7141, lateral-3: 0.7961, lateral-4: 0.9069, lateral-5: 1.3874]
2025-10-26 21:44:29.279020 Epoch [025/070], Step [0001/0001], [lateral-edge: 0.7200, lateral-2: 0.6974, lateral-3: 0.7840, lateral-4: 0.8951, lateral-5: 1.3668]
2025-10-26 21:44:30.803279 Epoch [026/070], Step [0001/0001], [lateral-edge: 0.7191, lateral-2: 0.6852, lateral-3: 0.7724, lateral-4: 0.8898, lateral-5: 1.3409]
2025-10-26 21:44:32.335936 Epoch [027/070], Step [0001/0001], [lateral-edge: 0.7183, lateral-2: 0.6697, lateral-3: 0.7604, lateral-4: 0.8738, lateral-5: 1.3207]
2025-10-26 21:44:33.873992 Epoch [028/070], Step [0001/0001], [lateral-edge: 0.7174, lateral-2: 0.6570, lateral-3: 0.7483, lateral-4: 0.8657, lateral-5: 1.2948]
2025-10-26 21:44:35.396556 Epoch [029/070], Step [0001/0001], [lateral-edge: 0.7166, lateral-2: 0.6480, lateral-3: 0.7411, lateral-4: 0.8577, lateral-5: 1.2796]
[Saving Snapshot:] ./Snapshots/save_weights/Inf-Net/batch_64/run_3/Inf-Net-30.pth
2025-10-26 21:44:37.090630 Epoch [030/070], Step [0001/0001], [lateral-edge: 0.7158, lateral-2: 0.6378, lateral-3: 0.7327, lateral-4: 0.8527, lateral-5: 1.2654]
2025-10-26 21:44:38.598005 Epoch [031/070], Step [0001/0001], [lateral-edge: 0.7150, lateral-2: 0.6327, lateral-3: 0.7286, lateral-4: 0.8482, lateral-5: 1.2392]
2025-10-26 21:44:40.108797 Epoch [032/070], Step [0001/0001], [lateral-edge: 0.7142, lateral-2: 0.6241, lateral-3: 0.7210, lateral-4: 0.8422, lateral-5: 1.2358]
2025-10-26 21:44:41.654293 Epoch [033/070], Step [0001/0001], [lateral-edge: 0.7134, lateral-2: 0.6219, lateral-3: 0.7192, lateral-4: 0.8445, lateral-5: 1.2087]
2025-10-26 21:44:43.169847 Epoch [034/070], Step [0001/0001], [lateral-edge: 0.7127, lateral-2: 0.6094, lateral-3: 0.7099, lateral-4: 0.8354, lateral-5: 1.1905]
2025-10-26 21:44:44.698583 Epoch [035/070], Step [0001/0001], [lateral-edge: 0.7119, lateral-2: 0.6080, lateral-3: 0.7097, lateral-4: 0.8364, lateral-5: 1.1774]
2025-10-26 21:44:46.221798 Epoch [036/070], Step [0001/0001], [lateral-edge: 0.7112, lateral-2: 0.5993, lateral-3: 0.7026, lateral-4: 0.8303, lateral-5: 1.1638]
2025-10-26 21:44:47.744123 Epoch [037/070], Step [0001/0001], [lateral-edge: 0.7104, lateral-2: 0.5966, lateral-3: 0.7014, lateral-4: 0.8315, lateral-5: 1.1492]
2025-10-26 21:44:49.276943 Epoch [038/070], Step [0001/0001], [lateral-edge: 0.7097, lateral-2: 0.5900, lateral-3: 0.6950, lateral-4: 0.8268, lateral-5: 1.1332]
2025-10-26 21:44:50.796928 Epoch [039/070], Step [0001/0001], [lateral-edge: 0.7091, lateral-2: 0.5872, lateral-3: 0.6935, lateral-4: 0.8254, lateral-5: 1.1233]
[Saving Snapshot:] ./Snapshots/save_weights/Inf-Net/batch_64/run_3/Inf-Net-40.pth
2025-10-26 21:44:52.491540 Epoch [040/070], Step [0001/0001], [lateral-edge: 0.7084, lateral-2: 0.5737, lateral-3: 0.6825, lateral-4: 0.8166, lateral-5: 1.1084]
2025-10-26 21:44:54.007143 Epoch [041/070], Step [0001/0001], [lateral-edge: 0.7078, lateral-2: 0.5636, lateral-3: 0.6743, lateral-4: 0.8110, lateral-5: 1.0994]
2025-10-26 21:44:55.533740 Epoch [042/070], Step [0001/0001], [lateral-edge: 0.7072, lateral-2: 0.5582, lateral-3: 0.6708, lateral-4: 0.8097, lateral-5: 1.0891]
2025-10-26 21:44:57.061872 Epoch [043/070], Step [0001/0001], [lateral-edge: 0.7067, lateral-2: 0.5534, lateral-3: 0.6674, lateral-4: 0.8075, lateral-5: 1.0738]
2025-10-26 21:44:58.588216 Epoch [044/070], Step [0001/0001], [lateral-edge: 0.7061, lateral-2: 0.5457, lateral-3: 0.6604, lateral-4: 0.8025, lateral-5: 1.0671]
2025-10-26 21:45:00.115072 Epoch [045/070], Step [0001/0001], [lateral-edge: 0.7056, lateral-2: 0.5450, lateral-3: 0.6621, lateral-4: 0.8057, lateral-5: 1.0517]
2025-10-26 21:45:01.684941 Epoch [046/070], Step [0001/0001], [lateral-edge: 0.7051, lateral-2: 0.5412, lateral-3: 0.6575, lateral-4: 0.8029, lateral-5: 1.0460]
2025-10-26 21:45:03.265096 Epoch [047/070], Step [0001/0001], [lateral-edge: 0.7046, lateral-2: 0.5372, lateral-3: 0.6580, lateral-4: 0.8027, lateral-5: 1.0313]
2025-10-26 21:45:04.825834 Epoch [048/070], Step [0001/0001], [lateral-edge: 0.7041, lateral-2: 0.5273, lateral-3: 0.6464, lateral-4: 0.7970, lateral-5: 1.0335]
2025-10-26 21:45:06.369404 Epoch [049/070], Step [0001/0001], [lateral-edge: 0.7036, lateral-2: 0.5253, lateral-3: 0.6479, lateral-4: 0.7975, lateral-5: 1.0110]
[Saving Snapshot:] ./Snapshots/save_weights/Inf-Net/batch_64/run_3/Inf-Net-50.pth
2025-10-26 21:45:08.086349 Epoch [050/070], Step [0001/0001], [lateral-edge: 0.7034, lateral-2: 0.5161, lateral-3: 0.6410, lateral-4: 0.7917, lateral-5: 1.0050]
2025-10-26 21:45:09.626079 Epoch [051/070], Step [0001/0001], [lateral-edge: 0.7033, lateral-2: 0.5122, lateral-3: 0.6383, lateral-4: 0.7892, lateral-5: 1.0000]
2025-10-26 21:45:11.183305 Epoch [052/070], Step [0001/0001], [lateral-edge: 0.7033, lateral-2: 0.5117, lateral-3: 0.6379, lateral-4: 0.7888, lateral-5: 0.9992]
2025-10-26 21:45:12.769315 Epoch [053/070], Step [0001/0001], [lateral-edge: 0.7033, lateral-2: 0.5115, lateral-3: 0.6378, lateral-4: 0.7888, lateral-5: 0.9991]
2025-10-26 21:45:14.334084 Epoch [054/070], Step [0001/0001], [lateral-edge: 0.7033, lateral-2: 0.5115, lateral-3: 0.6378, lateral-4: 0.7888, lateral-5: 0.9991]
2025-10-26 21:45:15.920113 Epoch [055/070], Step [0001/0001], [lateral-edge: 0.7033, lateral-2: 0.5115, lateral-3: 0.6378, lateral-4: 0.7888, lateral-5: 0.9992]
2025-10-26 21:45:17.529268 Epoch [056/070], Step [0001/0001], [lateral-edge: 0.7033, lateral-2: 0.5115, lateral-3: 0.6378, lateral-4: 0.7888, lateral-5: 0.9991]
2025-10-26 21:45:19.099111 Epoch [057/070], Step [0001/0001], [lateral-edge: 0.7033, lateral-2: 0.5115, lateral-3: 0.6378, lateral-4: 0.7888, lateral-5: 0.9991]
2025-10-26 21:45:20.671440 Epoch [058/070], Step [0001/0001], [lateral-edge: 0.7033, lateral-2: 0.5115, lateral-3: 0.6378, lateral-4: 0.7888, lateral-5: 0.9991]
2025-10-26 21:45:22.254148 Epoch [059/070], Step [0001/0001], [lateral-edge: 0.7033, lateral-2: 0.5115, lateral-3: 0.6378, lateral-4: 0.7888, lateral-5: 0.9991]
[Saving Snapshot:] ./Snapshots/save_weights/Inf-Net/batch_64/run_3/Inf-Net-60.pth
2025-10-26 21:45:23.969845 Epoch [060/070], Step [0001/0001], [lateral-edge: 0.7033, lateral-2: 0.5115, lateral-3: 0.6378, lateral-4: 0.7888, lateral-5: 0.9991]
2025-10-26 21:45:25.530953 Epoch [061/070], Step [0001/0001], [lateral-edge: 0.7033, lateral-2: 0.5115, lateral-3: 0.6378, lateral-4: 0.7888, lateral-5: 0.9991]
2025-10-26 21:45:27.067297 Epoch [062/070], Step [0001/0001], [lateral-edge: 0.7033, lateral-2: 0.5115, lateral-3: 0.6378, lateral-4: 0.7888, lateral-5: 0.9991]
2025-10-26 21:45:28.615873 Epoch [063/070], Step [0001/0001], [lateral-edge: 0.7033, lateral-2: 0.5115, lateral-3: 0.6378, lateral-4: 0.7888, lateral-5: 0.9992]
2025-10-26 21:45:30.176696 Epoch [064/070], Step [0001/0001], [lateral-edge: 0.7033, lateral-2: 0.5115, lateral-3: 0.6378, lateral-4: 0.7888, lateral-5: 0.9992]
2025-10-26 21:45:31.719516 Epoch [065/070], Step [0001/0001], [lateral-edge: 0.7033, lateral-2: 0.5115, lateral-3: 0.6378, lateral-4: 0.7888, lateral-5: 0.9991]
2025-10-26 21:45:33.247944 Epoch [066/070], Step [0001/0001], [lateral-edge: 0.7033, lateral-2: 0.5114, lateral-3: 0.6377, lateral-4: 0.7888, lateral-5: 0.9991]
2025-10-26 21:45:34.808706 Epoch [067/070], Step [0001/0001], [lateral-edge: 0.7033, lateral-2: 0.5115, lateral-3: 0.6378, lateral-4: 0.7888, lateral-5: 0.9991]
2025-10-26 21:45:36.331876 Epoch [068/070], Step [0001/0001], [lateral-edge: 0.7033, lateral-2: 0.5115, lateral-3: 0.6378, lateral-4: 0.7888, lateral-5: 0.9990]
2025-10-26 21:45:37.880609 Epoch [069/070], Step [0001/0001], [lateral-edge: 0.7033, lateral-2: 0.5115, lateral-3: 0.6378, lateral-4: 0.7888, lateral-5: 0.9992]
[Saving Snapshot:] ./Snapshots/save_weights/Inf-Net/batch_64/run_3/Inf-Net-70.pth
2025-10-26 21:45:39.687677 Epoch [070/070], Step [0001/0001], [lateral-edge: 0.7033, lateral-2: 0.5115, lateral-3: 0.6378, lateral-4: 0.7888, lateral-5: 0.9991]
Training completed at Sun Oct 26 21:45:40 CET 2025
