Backbone loading: Res2Net50
Converting BatchNorm to GroupNorm for fair comparison with DP models
Model architecture converted to GroupNorm
Not loading weights from weights file
################################################## 
Start Training (Inf-Net-GroupNorm)
Backbone: Res2Net50
Batch Size: 72
Morphology: dilation
Architecture: GroupNorm (no DP)
Save Path: ./Snapshots/save_weights/Inf-Net_Morph_GroupNorm/dilation/batch_72/run_2
Run: 2
Namespace(epoch=70, lr=0.0001, batchsize=72, trainsize=352, clip=0.5, decay_rate=0.1, decay_epoch=50, is_thop=False, gpu_device=0, num_workers=8, net_channel=32, n_classes=1, backbone='Res2Net50', train_path='./Dataset/TrainingSet/LungInfection-Train/Doctor-label', is_semi=False, is_pseudo=False, train_save=None, run=2, enable_morphology=True, morph_operation='dilation', morph_kernel_size=3, device='cuda')
 ##################################################
2025-10-27 22:44:27.711618 Epoch [001/070], Step [0001/0001], [lateral-edge: 0.7703, lateral-2: 1.5276, lateral-3: 1.5107, lateral-4: 1.5910, lateral-5: 1.4987]
2025-10-27 22:44:29.292887 Epoch [002/070], Step [0001/0001], [lateral-edge: 0.7611, lateral-2: 1.2264, lateral-3: 1.3095, lateral-4: 1.3452, lateral-5: 1.4090]
2025-10-27 22:44:30.905509 Epoch [003/070], Step [0001/0001], [lateral-edge: 0.7601, lateral-2: 1.1151, lateral-3: 1.1720, lateral-4: 1.2589, lateral-5: 1.3116]
2025-10-27 22:44:32.515956 Epoch [004/070], Step [0001/0001], [lateral-edge: 0.7564, lateral-2: 1.0397, lateral-3: 1.1028, lateral-4: 1.1978, lateral-5: 1.2191]
2025-10-27 22:44:34.134729 Epoch [005/070], Step [0001/0001], [lateral-edge: 0.7529, lateral-2: 0.9893, lateral-3: 1.0582, lateral-4: 1.1361, lateral-5: 1.1410]
2025-10-27 22:44:35.780116 Epoch [006/070], Step [0001/0001], [lateral-edge: 0.7506, lateral-2: 0.9462, lateral-3: 1.0180, lateral-4: 1.1053, lateral-5: 1.0802]
2025-10-27 22:44:37.391709 Epoch [007/070], Step [0001/0001], [lateral-edge: 0.7472, lateral-2: 0.9045, lateral-3: 0.9857, lateral-4: 1.0794, lateral-5: 1.0643]
2025-10-27 22:44:38.986984 Epoch [008/070], Step [0001/0001], [lateral-edge: 0.7459, lateral-2: 0.8908, lateral-3: 0.9622, lateral-4: 1.0646, lateral-5: 1.0533]
2025-10-27 22:44:40.575300 Epoch [009/070], Step [0001/0001], [lateral-edge: 0.7435, lateral-2: 0.9036, lateral-3: 0.9709, lateral-4: 1.0661, lateral-5: 1.0097]
[Saving Snapshot:] ./Snapshots/save_weights/Inf-Net_Morph_GroupNorm/dilation/batch_72/run_2/Inf-Net-10.pth
2025-10-27 22:44:42.490958 Epoch [010/070], Step [0001/0001], [lateral-edge: 0.7423, lateral-2: 0.8352, lateral-3: 0.9189, lateral-4: 1.0370, lateral-5: 0.9863]
2025-10-27 22:44:44.106430 Epoch [011/070], Step [0001/0001], [lateral-edge: 0.7408, lateral-2: 0.8175, lateral-3: 0.8978, lateral-4: 1.0102, lateral-5: 0.9656]
2025-10-27 22:44:45.714872 Epoch [012/070], Step [0001/0001], [lateral-edge: 0.7394, lateral-2: 0.7972, lateral-3: 0.8754, lateral-4: 0.9879, lateral-5: 0.9297]
2025-10-27 22:44:47.317704 Epoch [013/070], Step [0001/0001], [lateral-edge: 0.7381, lateral-2: 0.7718, lateral-3: 0.8511, lateral-4: 0.9744, lateral-5: 0.9127]
2025-10-27 22:44:48.946048 Epoch [014/070], Step [0001/0001], [lateral-edge: 0.7369, lateral-2: 0.7570, lateral-3: 0.8436, lateral-4: 0.9581, lateral-5: 0.8849]
2025-10-27 22:44:50.569304 Epoch [015/070], Step [0001/0001], [lateral-edge: 0.7360, lateral-2: 0.7392, lateral-3: 0.8209, lateral-4: 0.9354, lateral-5: 0.8643]
2025-10-27 22:44:52.159336 Epoch [016/070], Step [0001/0001], [lateral-edge: 0.7350, lateral-2: 0.7471, lateral-3: 0.8421, lateral-4: 0.9794, lateral-5: 0.9081]
2025-10-27 22:44:53.755932 Epoch [017/070], Step [0001/0001], [lateral-edge: 0.7340, lateral-2: 0.7315, lateral-3: 0.8195, lateral-4: 0.9278, lateral-5: 0.8424]
2025-10-27 22:44:55.372175 Epoch [018/070], Step [0001/0001], [lateral-edge: 0.7332, lateral-2: 0.7054, lateral-3: 0.7961, lateral-4: 0.9198, lateral-5: 0.8274]
2025-10-27 22:44:56.966170 Epoch [019/070], Step [0001/0001], [lateral-edge: 0.7323, lateral-2: 0.7070, lateral-3: 0.7961, lateral-4: 0.9146, lateral-5: 0.8240]
[Saving Snapshot:] ./Snapshots/save_weights/Inf-Net_Morph_GroupNorm/dilation/batch_72/run_2/Inf-Net-20.pth
2025-10-27 22:44:58.861116 Epoch [020/070], Step [0001/0001], [lateral-edge: 0.7316, lateral-2: 0.6935, lateral-3: 0.7850, lateral-4: 0.9062, lateral-5: 0.8206]
2025-10-27 22:45:00.465503 Epoch [021/070], Step [0001/0001], [lateral-edge: 0.7306, lateral-2: 0.6860, lateral-3: 0.7767, lateral-4: 0.8953, lateral-5: 0.7992]
2025-10-27 22:45:02.088294 Epoch [022/070], Step [0001/0001], [lateral-edge: 0.7298, lateral-2: 0.6670, lateral-3: 0.7656, lateral-4: 0.8915, lateral-5: 0.7866]
2025-10-27 22:45:03.708085 Epoch [023/070], Step [0001/0001], [lateral-edge: 0.7291, lateral-2: 0.6570, lateral-3: 0.7533, lateral-4: 0.8721, lateral-5: 0.7700]
2025-10-27 22:45:05.311768 Epoch [024/070], Step [0001/0001], [lateral-edge: 0.7284, lateral-2: 0.6453, lateral-3: 0.7444, lateral-4: 0.8709, lateral-5: 0.7622]
2025-10-27 22:45:06.892434 Epoch [025/070], Step [0001/0001], [lateral-edge: 0.7277, lateral-2: 0.6425, lateral-3: 0.7439, lateral-4: 0.8672, lateral-5: 0.7488]
2025-10-27 22:45:08.460529 Epoch [026/070], Step [0001/0001], [lateral-edge: 0.7270, lateral-2: 0.6390, lateral-3: 0.7411, lateral-4: 0.8663, lateral-5: 0.7404]
2025-10-27 22:45:10.061901 Epoch [027/070], Step [0001/0001], [lateral-edge: 0.7264, lateral-2: 0.6485, lateral-3: 0.7530, lateral-4: 0.8816, lateral-5: 0.7541]
2025-10-27 22:45:11.650514 Epoch [028/070], Step [0001/0001], [lateral-edge: 0.7257, lateral-2: 0.6327, lateral-3: 0.7333, lateral-4: 0.8558, lateral-5: 0.7307]
2025-10-27 22:45:13.237428 Epoch [029/070], Step [0001/0001], [lateral-edge: 0.7251, lateral-2: 0.6140, lateral-3: 0.7196, lateral-4: 0.8513, lateral-5: 0.7196]
[Saving Snapshot:] ./Snapshots/save_weights/Inf-Net_Morph_GroupNorm/dilation/batch_72/run_2/Inf-Net-30.pth
2025-10-27 22:45:15.069570 Epoch [030/070], Step [0001/0001], [lateral-edge: 0.7245, lateral-2: 0.6049, lateral-3: 0.7129, lateral-4: 0.8411, lateral-5: 0.7042]
2025-10-27 22:45:16.664828 Epoch [031/070], Step [0001/0001], [lateral-edge: 0.7239, lateral-2: 0.6005, lateral-3: 0.7078, lateral-4: 0.8402, lateral-5: 0.7023]
2025-10-27 22:45:18.270056 Epoch [032/070], Step [0001/0001], [lateral-edge: 0.7233, lateral-2: 0.5895, lateral-3: 0.7032, lateral-4: 0.8381, lateral-5: 0.6900]
2025-10-27 22:45:19.886560 Epoch [033/070], Step [0001/0001], [lateral-edge: 0.7227, lateral-2: 0.5989, lateral-3: 0.7102, lateral-4: 0.8418, lateral-5: 0.6920]
2025-10-27 22:45:21.499920 Epoch [034/070], Step [0001/0001], [lateral-edge: 0.7222, lateral-2: 0.6002, lateral-3: 0.7074, lateral-4: 0.8380, lateral-5: 0.6904]
2025-10-27 22:45:23.088800 Epoch [035/070], Step [0001/0001], [lateral-edge: 0.7216, lateral-2: 0.5735, lateral-3: 0.6877, lateral-4: 0.8211, lateral-5: 0.6684]
2025-10-27 22:45:24.708228 Epoch [036/070], Step [0001/0001], [lateral-edge: 0.7210, lateral-2: 0.5705, lateral-3: 0.6841, lateral-4: 0.8211, lateral-5: 0.6665]
2025-10-27 22:45:26.297965 Epoch [037/070], Step [0001/0001], [lateral-edge: 0.7204, lateral-2: 0.5677, lateral-3: 0.6805, lateral-4: 0.8147, lateral-5: 0.6602]
2025-10-27 22:45:27.927094 Epoch [038/070], Step [0001/0001], [lateral-edge: 0.7198, lateral-2: 0.5597, lateral-3: 0.6800, lateral-4: 0.8153, lateral-5: 0.6520]
2025-10-27 22:45:29.512433 Epoch [039/070], Step [0001/0001], [lateral-edge: 0.7193, lateral-2: 0.5681, lateral-3: 0.6808, lateral-4: 0.8213, lateral-5: 0.6540]
[Saving Snapshot:] ./Snapshots/save_weights/Inf-Net_Morph_GroupNorm/dilation/batch_72/run_2/Inf-Net-40.pth
2025-10-27 22:45:31.405328 Epoch [040/070], Step [0001/0001], [lateral-edge: 0.7187, lateral-2: 0.5513, lateral-3: 0.6703, lateral-4: 0.8068, lateral-5: 0.6398]
2025-10-27 22:45:32.994539 Epoch [041/070], Step [0001/0001], [lateral-edge: 0.7181, lateral-2: 0.5506, lateral-3: 0.6694, lateral-4: 0.8077, lateral-5: 0.6390]
2025-10-27 22:45:34.591842 Epoch [042/070], Step [0001/0001], [lateral-edge: 0.7176, lateral-2: 0.5464, lateral-3: 0.6679, lateral-4: 0.8125, lateral-5: 0.6359]
2025-10-27 22:45:36.192525 Epoch [043/070], Step [0001/0001], [lateral-edge: 0.7170, lateral-2: 0.5397, lateral-3: 0.6607, lateral-4: 0.8024, lateral-5: 0.6271]
2025-10-27 22:45:37.755761 Epoch [044/070], Step [0001/0001], [lateral-edge: 0.7166, lateral-2: 0.5461, lateral-3: 0.6664, lateral-4: 0.8072, lateral-5: 0.6261]
2025-10-27 22:45:39.338403 Epoch [045/070], Step [0001/0001], [lateral-edge: 0.7160, lateral-2: 0.5349, lateral-3: 0.6613, lateral-4: 0.8076, lateral-5: 0.6220]
2025-10-27 22:45:40.912361 Epoch [046/070], Step [0001/0001], [lateral-edge: 0.7154, lateral-2: 0.5309, lateral-3: 0.6541, lateral-4: 0.7987, lateral-5: 0.6185]
2025-10-27 22:45:42.517177 Epoch [047/070], Step [0001/0001], [lateral-edge: 0.7149, lateral-2: 0.5287, lateral-3: 0.6536, lateral-4: 0.7970, lateral-5: 0.6119]
2025-10-27 22:45:44.092242 Epoch [048/070], Step [0001/0001], [lateral-edge: 0.7143, lateral-2: 0.5254, lateral-3: 0.6542, lateral-4: 0.8055, lateral-5: 0.6116]
2025-10-27 22:45:45.699266 Epoch [049/070], Step [0001/0001], [lateral-edge: 0.7138, lateral-2: 0.5298, lateral-3: 0.6535, lateral-4: 0.7986, lateral-5: 0.6114]
[Saving Snapshot:] ./Snapshots/save_weights/Inf-Net_Morph_GroupNorm/dilation/batch_72/run_2/Inf-Net-50.pth
2025-10-27 22:45:47.576849 Epoch [050/070], Step [0001/0001], [lateral-edge: 0.7135, lateral-2: 0.5201, lateral-3: 0.6484, lateral-4: 0.7975, lateral-5: 0.6002]
2025-10-27 22:45:49.171624 Epoch [051/070], Step [0001/0001], [lateral-edge: 0.7134, lateral-2: 0.5119, lateral-3: 0.6418, lateral-4: 0.7903, lateral-5: 0.5954]
2025-10-27 22:45:50.740153 Epoch [052/070], Step [0001/0001], [lateral-edge: 0.7134, lateral-2: 0.5110, lateral-3: 0.6411, lateral-4: 0.7895, lateral-5: 0.5948]
2025-10-27 22:45:52.331259 Epoch [053/070], Step [0001/0001], [lateral-edge: 0.7134, lateral-2: 0.5109, lateral-3: 0.6410, lateral-4: 0.7894, lateral-5: 0.5947]
2025-10-27 22:45:53.908756 Epoch [054/070], Step [0001/0001], [lateral-edge: 0.7134, lateral-2: 0.5109, lateral-3: 0.6410, lateral-4: 0.7894, lateral-5: 0.5947]
2025-10-27 22:45:55.485548 Epoch [055/070], Step [0001/0001], [lateral-edge: 0.7134, lateral-2: 0.5109, lateral-3: 0.6410, lateral-4: 0.7894, lateral-5: 0.5947]
2025-10-27 22:45:57.081721 Epoch [056/070], Step [0001/0001], [lateral-edge: 0.7134, lateral-2: 0.5109, lateral-3: 0.6410, lateral-4: 0.7894, lateral-5: 0.5947]
2025-10-27 22:45:58.681675 Epoch [057/070], Step [0001/0001], [lateral-edge: 0.7134, lateral-2: 0.5109, lateral-3: 0.6410, lateral-4: 0.7894, lateral-5: 0.5947]
2025-10-27 22:46:00.281842 Epoch [058/070], Step [0001/0001], [lateral-edge: 0.7134, lateral-2: 0.5109, lateral-3: 0.6410, lateral-4: 0.7894, lateral-5: 0.5947]
2025-10-27 22:46:01.853805 Epoch [059/070], Step [0001/0001], [lateral-edge: 0.7134, lateral-2: 0.5109, lateral-3: 0.6410, lateral-4: 0.7894, lateral-5: 0.5947]
[Saving Snapshot:] ./Snapshots/save_weights/Inf-Net_Morph_GroupNorm/dilation/batch_72/run_2/Inf-Net-60.pth
2025-10-27 22:46:03.660004 Epoch [060/070], Step [0001/0001], [lateral-edge: 0.7134, lateral-2: 0.5109, lateral-3: 0.6410, lateral-4: 0.7894, lateral-5: 0.5947]
2025-10-27 22:46:05.236265 Epoch [061/070], Step [0001/0001], [lateral-edge: 0.7134, lateral-2: 0.5109, lateral-3: 0.6410, lateral-4: 0.7894, lateral-5: 0.5947]
2025-10-27 22:46:06.810078 Epoch [062/070], Step [0001/0001], [lateral-edge: 0.7134, lateral-2: 0.5109, lateral-3: 0.6410, lateral-4: 0.7894, lateral-5: 0.5947]
2025-10-27 22:46:08.394976 Epoch [063/070], Step [0001/0001], [lateral-edge: 0.7134, lateral-2: 0.5109, lateral-3: 0.6410, lateral-4: 0.7894, lateral-5: 0.5947]
2025-10-27 22:46:09.980561 Epoch [064/070], Step [0001/0001], [lateral-edge: 0.7134, lateral-2: 0.5109, lateral-3: 0.6410, lateral-4: 0.7894, lateral-5: 0.5947]
2025-10-27 22:46:11.551050 Epoch [065/070], Step [0001/0001], [lateral-edge: 0.7134, lateral-2: 0.5109, lateral-3: 0.6410, lateral-4: 0.7894, lateral-5: 0.5947]
2025-10-27 22:46:13.148895 Epoch [066/070], Step [0001/0001], [lateral-edge: 0.7134, lateral-2: 0.5109, lateral-3: 0.6410, lateral-4: 0.7894, lateral-5: 0.5947]
2025-10-27 22:46:14.733551 Epoch [067/070], Step [0001/0001], [lateral-edge: 0.7134, lateral-2: 0.5109, lateral-3: 0.6410, lateral-4: 0.7894, lateral-5: 0.5947]
2025-10-27 22:46:16.314279 Epoch [068/070], Step [0001/0001], [lateral-edge: 0.7134, lateral-2: 0.5109, lateral-3: 0.6410, lateral-4: 0.7894, lateral-5: 0.5947]
2025-10-27 22:46:17.904072 Epoch [069/070], Step [0001/0001], [lateral-edge: 0.7134, lateral-2: 0.5109, lateral-3: 0.6410, lateral-4: 0.7894, lateral-5: 0.5947]
[Saving Snapshot:] ./Snapshots/save_weights/Inf-Net_Morph_GroupNorm/dilation/batch_72/run_2/Inf-Net-70.pth
2025-10-27 22:46:19.783507 Epoch [070/070], Step [0001/0001], [lateral-edge: 0.7134, lateral-2: 0.5109, lateral-3: 0.6410, lateral-4: 0.7894, lateral-5: 0.5947]
Training completed at Mon Oct 27 22:46:21 CET 2025
