Backbone loading: Res2Net50
Freezing unused branches for DP compatibility...
Trainable: 31,072,721 / 33,121,721 parameters
Not loading weights from weights file
Validator raised issues with model. Attempting auto-fix...
Original error: UnsupportedModuleError
Model successfully fixed for differential privacy
###################################################################### 
Start Training (Inf-Net-Res2Net50)
Backbone: Res2Net50
Batch Size: 64
Privacy: DP Enabled (ε budget, δ=1e-05)
Morphology: open
Save Path: ./Snapshots/save_weights/Inf-Net_DP_Morph/open/batch_64/run_3/noise_multiplier_0.7
Run: 3
Namespace(epoch=70, lr=0.0001, batchsize=64, trainsize=352, clip=0.5, decay_rate=0.1, decay_epoch=50, is_thop=False, gpu_device=0, num_workers=4, net_channel=32, n_classes=1, backbone='Res2Net50', train_path='./Dataset/TrainingSet/LungInfection-Train/Doctor-label', is_semi=False, is_pseudo=False, train_save=None, run=3, enable_privacy=True, noise_multiplier=0.7, max_grad_norm=1.2, delta=1e-05, enable_morphology=True, morph_operation='open', morph_kernel_size=3, device='cuda')
 ######################################################################
2025-10-27 00:21:58.740175 Epoch [001/070], Step [0001/0001], [lateral-edge: 0.7747, lateral-2: 1.6261, lateral-3: 1.6256, lateral-4: 1.5728, lateral-5: 1.5460, epsilon: 13.0463]
2025-10-27 00:22:01.441956 Epoch [002/070], Step [0001/0001], [lateral-edge: 0.7740, lateral-2: 1.5994, lateral-3: 1.5878, lateral-4: 1.5422, lateral-5: 1.5412, epsilon: 20.4062]
2025-10-27 00:22:04.171016 Epoch [003/070], Step [0001/0001], [lateral-edge: 0.7731, lateral-2: 1.5840, lateral-3: 1.5709, lateral-4: 1.5285, lateral-5: 1.5364, epsilon: 26.7813]
2025-10-27 00:22:07.030774 Epoch [004/070], Step [0001/0001], [lateral-edge: 0.7725, lateral-2: 1.5695, lateral-3: 1.5584, lateral-4: 1.5188, lateral-5: 1.5315, epsilon: 32.6429]
2025-10-27 00:22:09.804385 Epoch [005/070], Step [0001/0001], [lateral-edge: 0.7717, lateral-2: 1.5548, lateral-3: 1.5455, lateral-4: 1.5085, lateral-5: 1.5270, epsilon: 38.1752]
2025-10-27 00:22:12.558531 Epoch [006/070], Step [0001/0001], [lateral-edge: 0.7711, lateral-2: 1.5406, lateral-3: 1.5331, lateral-4: 1.4986, lateral-5: 1.5226, epsilon: 43.4728]
2025-10-27 00:22:15.308626 Epoch [007/070], Step [0001/0001], [lateral-edge: 0.7704, lateral-2: 1.5270, lateral-3: 1.5218, lateral-4: 1.4903, lateral-5: 1.5184, epsilon: 48.5922]
2025-10-27 00:22:18.159509 Epoch [008/070], Step [0001/0001], [lateral-edge: 0.7697, lateral-2: 1.5144, lateral-3: 1.5122, lateral-4: 1.4832, lateral-5: 1.5142, epsilon: 53.5703]
2025-10-27 00:22:20.926652 Epoch [009/070], Step [0001/0001], [lateral-edge: 0.7690, lateral-2: 1.5028, lateral-3: 1.5034, lateral-4: 1.4762, lateral-5: 1.5100, epsilon: 58.4329]
[Saving Snapshot:] ./Snapshots/save_weights/Inf-Net_DP_Morph/open/batch_64/run_3/noise_multiplier_0.7/Inf-Net-10.pth
[Privacy Budget]: ε = 58.43 (δ = 1e-05)
2025-10-27 00:22:24.098151 Epoch [010/070], Step [0001/0001], [lateral-edge: 0.7683, lateral-2: 1.4920, lateral-3: 1.4949, lateral-4: 1.4688, lateral-5: 1.5060, epsilon: 63.1985]
2025-10-27 00:22:26.890071 Epoch [011/070], Step [0001/0001], [lateral-edge: 0.7677, lateral-2: 1.4817, lateral-3: 1.4863, lateral-4: 1.4613, lateral-5: 1.5022, epsilon: 67.8815]
2025-10-27 00:22:29.724195 Epoch [012/070], Step [0001/0001], [lateral-edge: 0.7670, lateral-2: 1.4716, lateral-3: 1.4780, lateral-4: 1.4537, lateral-5: 1.4985, epsilon: 72.4927]
2025-10-27 00:22:32.657757 Epoch [013/070], Step [0001/0001], [lateral-edge: 0.7664, lateral-2: 1.4617, lateral-3: 1.4699, lateral-4: 1.4465, lateral-5: 1.4949, epsilon: 77.0409]
2025-10-27 00:22:35.516263 Epoch [014/070], Step [0001/0001], [lateral-edge: 0.7658, lateral-2: 1.4520, lateral-3: 1.4617, lateral-4: 1.4396, lateral-5: 1.4912, epsilon: 81.5333]
2025-10-27 00:22:38.395545 Epoch [015/070], Step [0001/0001], [lateral-edge: 0.7653, lateral-2: 1.4423, lateral-3: 1.4536, lateral-4: 1.4332, lateral-5: 1.4876, epsilon: 85.9757]
2025-10-27 00:22:41.185172 Epoch [016/070], Step [0001/0001], [lateral-edge: 0.7648, lateral-2: 1.4328, lateral-3: 1.4457, lateral-4: 1.4269, lateral-5: 1.4842, epsilon: 90.3730]
2025-10-27 00:22:44.178697 Epoch [017/070], Step [0001/0001], [lateral-edge: 0.7643, lateral-2: 1.4233, lateral-3: 1.4380, lateral-4: 1.4208, lateral-5: 1.4807, epsilon: 94.7294]
2025-10-27 00:22:47.284203 Epoch [018/070], Step [0001/0001], [lateral-edge: 0.7638, lateral-2: 1.4139, lateral-3: 1.4303, lateral-4: 1.4149, lateral-5: 1.4772, epsilon: 99.0484]
2025-10-27 00:22:50.096988 Epoch [019/070], Step [0001/0001], [lateral-edge: 0.7634, lateral-2: 1.4045, lateral-3: 1.4228, lateral-4: 1.4089, lateral-5: 1.4738, epsilon: 103.3331]
[Saving Snapshot:] ./Snapshots/save_weights/Inf-Net_DP_Morph/open/batch_64/run_3/noise_multiplier_0.7/Inf-Net-20.pth
[Privacy Budget]: ε = 103.33 (δ = 1e-05)
2025-10-27 00:22:53.545606 Epoch [020/070], Step [0001/0001], [lateral-edge: 0.7631, lateral-2: 1.3954, lateral-3: 1.4153, lateral-4: 1.4029, lateral-5: 1.4704, epsilon: 107.5861]
2025-10-27 00:22:56.549009 Epoch [021/070], Step [0001/0001], [lateral-edge: 0.7627, lateral-2: 1.3866, lateral-3: 1.4080, lateral-4: 1.3968, lateral-5: 1.4670, epsilon: 111.8098]
2025-10-27 00:22:59.552348 Epoch [022/070], Step [0001/0001], [lateral-edge: 0.7623, lateral-2: 1.3782, lateral-3: 1.4006, lateral-4: 1.3907, lateral-5: 1.4636, epsilon: 116.0063]
2025-10-27 00:23:02.644848 Epoch [023/070], Step [0001/0001], [lateral-edge: 0.7620, lateral-2: 1.3701, lateral-3: 1.3934, lateral-4: 1.3847, lateral-5: 1.4601, epsilon: 120.1773]
2025-10-27 00:23:05.750931 Epoch [024/070], Step [0001/0001], [lateral-edge: 0.7616, lateral-2: 1.3619, lateral-3: 1.3862, lateral-4: 1.3787, lateral-5: 1.4566, epsilon: 124.3245]
2025-10-27 00:23:08.875234 Epoch [025/070], Step [0001/0001], [lateral-edge: 0.7613, lateral-2: 1.3539, lateral-3: 1.3789, lateral-4: 1.3729, lateral-5: 1.4530, epsilon: 128.4495]
2025-10-27 00:23:11.775582 Epoch [026/070], Step [0001/0001], [lateral-edge: 0.7609, lateral-2: 1.3459, lateral-3: 1.3716, lateral-4: 1.3670, lateral-5: 1.4493, epsilon: 132.5534]
2025-10-27 00:23:15.060661 Epoch [027/070], Step [0001/0001], [lateral-edge: 0.7606, lateral-2: 1.3380, lateral-3: 1.3646, lateral-4: 1.3613, lateral-5: 1.4459, epsilon: 136.6376]
2025-10-27 00:23:18.247827 Epoch [028/070], Step [0001/0001], [lateral-edge: 0.7602, lateral-2: 1.3305, lateral-3: 1.3578, lateral-4: 1.3558, lateral-5: 1.4425, epsilon: 140.7030]
2025-10-27 00:23:21.489446 Epoch [029/070], Step [0001/0001], [lateral-edge: 0.7599, lateral-2: 1.3233, lateral-3: 1.3512, lateral-4: 1.3506, lateral-5: 1.4389, epsilon: 144.7507]
[Saving Snapshot:] ./Snapshots/save_weights/Inf-Net_DP_Morph/open/batch_64/run_3/noise_multiplier_0.7/Inf-Net-30.pth
[Privacy Budget]: ε = 144.75 (δ = 1e-05)
2025-10-27 00:23:25.407001 Epoch [030/070], Step [0001/0001], [lateral-edge: 0.7595, lateral-2: 1.3163, lateral-3: 1.3447, lateral-4: 1.3454, lateral-5: 1.4354, epsilon: 148.7816]
2025-10-27 00:23:28.730637 Epoch [031/070], Step [0001/0001], [lateral-edge: 0.7592, lateral-2: 1.3097, lateral-3: 1.3381, lateral-4: 1.3402, lateral-5: 1.4316, epsilon: 152.7965]
2025-10-27 00:23:32.221798 Epoch [032/070], Step [0001/0001], [lateral-edge: 0.7589, lateral-2: 1.3033, lateral-3: 1.3314, lateral-4: 1.3350, lateral-5: 1.4278, epsilon: 156.7963]
2025-10-27 00:23:35.613692 Epoch [033/070], Step [0001/0001], [lateral-edge: 0.7586, lateral-2: 1.2969, lateral-3: 1.3249, lateral-4: 1.3298, lateral-5: 1.4241, epsilon: 160.7815]
2025-10-27 00:23:38.764722 Epoch [034/070], Step [0001/0001], [lateral-edge: 0.7583, lateral-2: 1.2906, lateral-3: 1.3186, lateral-4: 1.3245, lateral-5: 1.4205, epsilon: 164.7528]
2025-10-27 00:23:41.865798 Epoch [035/070], Step [0001/0001], [lateral-edge: 0.7581, lateral-2: 1.2842, lateral-3: 1.3125, lateral-4: 1.3193, lateral-5: 1.4170, epsilon: 168.7109]
2025-10-27 00:23:45.487113 Epoch [036/070], Step [0001/0001], [lateral-edge: 0.7579, lateral-2: 1.2778, lateral-3: 1.3062, lateral-4: 1.3142, lateral-5: 1.4133, epsilon: 172.6563]
2025-10-27 00:23:48.565190 Epoch [037/070], Step [0001/0001], [lateral-edge: 0.7577, lateral-2: 1.2716, lateral-3: 1.3001, lateral-4: 1.3091, lateral-5: 1.4098, epsilon: 176.5895]
2025-10-27 00:23:52.153925 Epoch [038/070], Step [0001/0001], [lateral-edge: 0.7575, lateral-2: 1.2655, lateral-3: 1.2941, lateral-4: 1.3040, lateral-5: 1.4063, epsilon: 180.5111]
2025-10-27 00:23:55.764451 Epoch [039/070], Step [0001/0001], [lateral-edge: 0.7573, lateral-2: 1.2597, lateral-3: 1.2882, lateral-4: 1.2992, lateral-5: 1.4029, epsilon: 184.4215]
[Saving Snapshot:] ./Snapshots/save_weights/Inf-Net_DP_Morph/open/batch_64/run_3/noise_multiplier_0.7/Inf-Net-40.pth
[Privacy Budget]: ε = 184.42 (δ = 1e-05)
2025-10-27 00:23:59.739879 Epoch [040/070], Step [0001/0001], [lateral-edge: 0.7571, lateral-2: 1.2540, lateral-3: 1.2825, lateral-4: 1.2945, lateral-5: 1.3995, epsilon: 188.3210]
2025-10-27 00:24:03.547558 Epoch [041/070], Step [0001/0001], [lateral-edge: 0.7568, lateral-2: 1.2483, lateral-3: 1.2769, lateral-4: 1.2898, lateral-5: 1.3961, epsilon: 192.2102]
2025-10-27 00:24:07.247166 Epoch [042/070], Step [0001/0001], [lateral-edge: 0.7566, lateral-2: 1.2428, lateral-3: 1.2716, lateral-4: 1.2851, lateral-5: 1.3925, epsilon: 196.0894]
2025-10-27 00:24:10.934175 Epoch [043/070], Step [0001/0001], [lateral-edge: 0.7564, lateral-2: 1.2376, lateral-3: 1.2663, lateral-4: 1.2806, lateral-5: 1.3889, epsilon: 199.9589]
2025-10-27 00:24:14.379169 Epoch [044/070], Step [0001/0001], [lateral-edge: 0.7561, lateral-2: 1.2325, lateral-3: 1.2612, lateral-4: 1.2763, lateral-5: 1.3853, epsilon: 203.8190]
2025-10-27 00:24:18.173275 Epoch [045/070], Step [0001/0001], [lateral-edge: 0.7560, lateral-2: 1.2273, lateral-3: 1.2563, lateral-4: 1.2722, lateral-5: 1.3816, epsilon: 207.6702]
2025-10-27 00:24:22.108961 Epoch [046/070], Step [0001/0001], [lateral-edge: 0.7557, lateral-2: 1.2222, lateral-3: 1.2516, lateral-4: 1.2680, lateral-5: 1.3780, epsilon: 211.5127]
2025-10-27 00:24:26.091768 Epoch [047/070], Step [0001/0001], [lateral-edge: 0.7555, lateral-2: 1.2173, lateral-3: 1.2467, lateral-4: 1.2639, lateral-5: 1.3746, epsilon: 215.3467]
2025-10-27 00:24:29.456745 Epoch [048/070], Step [0001/0001], [lateral-edge: 0.7553, lateral-2: 1.2126, lateral-3: 1.2419, lateral-4: 1.2597, lateral-5: 1.3709, epsilon: 219.1726]
2025-10-27 00:24:33.363977 Epoch [049/070], Step [0001/0001], [lateral-edge: 0.7551, lateral-2: 1.2081, lateral-3: 1.2370, lateral-4: 1.2555, lateral-5: 1.3673, epsilon: 222.9906]
[Saving Snapshot:] ./Snapshots/save_weights/Inf-Net_DP_Morph/open/batch_64/run_3/noise_multiplier_0.7/Inf-Net-50.pth
[Privacy Budget]: ε = 222.99 (δ = 1e-05)
2025-10-27 00:24:38.805904 Epoch [050/070], Step [0001/0001], [lateral-edge: 0.7550, lateral-2: 1.2048, lateral-3: 1.2337, lateral-4: 1.2527, lateral-5: 1.3647, epsilon: 226.8009]
2025-10-27 00:24:42.875584 Epoch [051/070], Step [0001/0001], [lateral-edge: 0.7550, lateral-2: 1.2045, lateral-3: 1.2333, lateral-4: 1.2524, lateral-5: 1.3644, epsilon: 230.6037]
2025-10-27 00:24:46.955524 Epoch [052/070], Step [0001/0001], [lateral-edge: 0.7550, lateral-2: 1.2044, lateral-3: 1.2333, lateral-4: 1.2524, lateral-5: 1.3644, epsilon: 234.3994]
2025-10-27 00:24:50.509387 Epoch [053/070], Step [0001/0001], [lateral-edge: 0.7550, lateral-2: 1.2044, lateral-3: 1.2333, lateral-4: 1.2524, lateral-5: 1.3644, epsilon: 238.1880]
2025-10-27 00:24:54.635410 Epoch [054/070], Step [0001/0001], [lateral-edge: 0.7550, lateral-2: 1.2044, lateral-3: 1.2333, lateral-4: 1.2524, lateral-5: 1.3644, epsilon: 241.9698]
2025-10-27 00:24:58.723288 Epoch [055/070], Step [0001/0001], [lateral-edge: 0.7550, lateral-2: 1.2045, lateral-3: 1.2333, lateral-4: 1.2524, lateral-5: 1.3644, epsilon: 245.7450]
2025-10-27 00:25:02.170439 Epoch [056/070], Step [0001/0001], [lateral-edge: 0.7550, lateral-2: 1.2044, lateral-3: 1.2333, lateral-4: 1.2524, lateral-5: 1.3644, epsilon: 249.5137]
2025-10-27 00:25:05.914491 Epoch [057/070], Step [0001/0001], [lateral-edge: 0.7550, lateral-2: 1.2044, lateral-3: 1.2333, lateral-4: 1.2524, lateral-5: 1.3644, epsilon: 253.2762]
2025-10-27 00:25:10.068823 Epoch [058/070], Step [0001/0001], [lateral-edge: 0.7550, lateral-2: 1.2044, lateral-3: 1.2333, lateral-4: 1.2524, lateral-5: 1.3644, epsilon: 257.0325]
2025-10-27 00:25:14.567332 Epoch [059/070], Step [0001/0001], [lateral-edge: 0.7550, lateral-2: 1.2044, lateral-3: 1.2333, lateral-4: 1.2524, lateral-5: 1.3644, epsilon: 260.7829]
[Saving Snapshot:] ./Snapshots/save_weights/Inf-Net_DP_Morph/open/batch_64/run_3/noise_multiplier_0.7/Inf-Net-60.pth
[Privacy Budget]: ε = 260.78 (δ = 1e-05)
2025-10-27 00:25:20.832388 Epoch [060/070], Step [0001/0001], [lateral-edge: 0.7550, lateral-2: 1.2044, lateral-3: 1.2333, lateral-4: 1.2524, lateral-5: 1.3644, epsilon: 264.5275]
2025-10-27 00:25:24.594027 Epoch [061/070], Step [0001/0001], [lateral-edge: 0.7550, lateral-2: 1.2044, lateral-3: 1.2333, lateral-4: 1.2524, lateral-5: 1.3644, epsilon: 268.2664]
2025-10-27 00:25:29.034734 Epoch [062/070], Step [0001/0001], [lateral-edge: 0.7550, lateral-2: 1.2044, lateral-3: 1.2333, lateral-4: 1.2524, lateral-5: 1.3644, epsilon: 271.9998]
2025-10-27 00:25:33.396247 Epoch [063/070], Step [0001/0001], [lateral-edge: 0.7550, lateral-2: 1.2044, lateral-3: 1.2333, lateral-4: 1.2524, lateral-5: 1.3644, epsilon: 275.7278]
2025-10-27 00:25:37.675581 Epoch [064/070], Step [0001/0001], [lateral-edge: 0.7550, lateral-2: 1.2044, lateral-3: 1.2333, lateral-4: 1.2524, lateral-5: 1.3644, epsilon: 279.4506]
2025-10-27 00:25:42.088191 Epoch [065/070], Step [0001/0001], [lateral-edge: 0.7550, lateral-2: 1.2044, lateral-3: 1.2333, lateral-4: 1.2524, lateral-5: 1.3644, epsilon: 283.1682]
2025-10-27 00:25:46.559187 Epoch [066/070], Step [0001/0001], [lateral-edge: 0.7550, lateral-2: 1.2044, lateral-3: 1.2333, lateral-4: 1.2524, lateral-5: 1.3644, epsilon: 286.8808]
2025-10-27 00:25:51.117130 Epoch [067/070], Step [0001/0001], [lateral-edge: 0.7550, lateral-2: 1.2044, lateral-3: 1.2333, lateral-4: 1.2524, lateral-5: 1.3644, epsilon: 290.5885]
2025-10-27 00:25:55.671567 Epoch [068/070], Step [0001/0001], [lateral-edge: 0.7550, lateral-2: 1.2044, lateral-3: 1.2333, lateral-4: 1.2524, lateral-5: 1.3644, epsilon: 294.2913]
2025-10-27 00:26:00.321191 Epoch [069/070], Step [0001/0001], [lateral-edge: 0.7550, lateral-2: 1.2044, lateral-3: 1.2333, lateral-4: 1.2524, lateral-5: 1.3644, epsilon: 297.9895]
[Saving Snapshot:] ./Snapshots/save_weights/Inf-Net_DP_Morph/open/batch_64/run_3/noise_multiplier_0.7/Inf-Net-70.pth
[Privacy Budget]: ε = 297.99 (δ = 1e-05)
2025-10-27 00:26:06.759753 Epoch [070/070], Step [0001/0001], [lateral-edge: 0.7550, lateral-2: 1.2044, lateral-3: 1.2333, lateral-4: 1.2524, lateral-5: 1.3644, epsilon: 301.6831]
Training completed at Mon Oct 27 00:26:08 CET 2025
