Backbone loading: Res2Net50
Freezing unused branches for DP compatibility...
Trainable: 31,072,721 / 33,121,721 parameters
Not loading weights from weights file
Validator raised issues with model. Attempting auto-fix...
Original error: UnsupportedModuleError
Model successfully fixed for differential privacy
###################################################################### 
Start Training (Inf-Net-Res2Net50)
Backbone: Res2Net50
Batch Size: 48
Privacy: DP Enabled (ε budget, δ=1e-05)
Morphology: close
Save Path: ./Snapshots/save_weights/Inf-Net_DP_Morph/close/batch_48/run_2/noise_multiplier_0.7
Run: 2
Namespace(epoch=70, lr=0.0001, batchsize=48, trainsize=352, clip=0.5, decay_rate=0.1, decay_epoch=50, is_thop=False, gpu_device=0, num_workers=4, net_channel=32, n_classes=1, backbone='Res2Net50', train_path='./Dataset/TrainingSet/LungInfection-Train/Doctor-label', is_semi=False, is_pseudo=False, train_save=None, run=2, enable_privacy=True, noise_multiplier=0.7, max_grad_norm=1.2, delta=1e-05, enable_morphology=True, morph_operation='close', morph_kernel_size=3, device='cuda')
 ######################################################################
2025-10-26 23:50:20.073595 Epoch [001/070], Step [0002/0002], [lateral-edge: 0.7866, lateral-2: 1.7610, lateral-3: 1.6235, lateral-4: 1.6307, lateral-5: 1.5436, epsilon: 13.9265]
2025-10-26 23:50:24.945974 Epoch [002/070], Step [0002/0002], [lateral-edge: 0.7869, lateral-2: 1.7082, lateral-3: 1.5874, lateral-4: 1.5888, lateral-5: 1.5419, epsilon: 19.9996]
2025-10-26 23:50:29.474276 Epoch [003/070], Step [0002/0002], [lateral-edge: 0.7888, lateral-2: 1.6473, lateral-3: 1.5433, lateral-4: 1.5473, lateral-5: 1.5232, epsilon: 25.0333]
2025-10-26 23:50:34.083200 Epoch [004/070], Step [0002/0002], [lateral-edge: 0.7844, lateral-2: 1.6147, lateral-3: 1.5342, lateral-4: 1.5307, lateral-5: 1.5320, epsilon: 29.5471]
2025-10-26 23:50:38.143678 Epoch [005/070], Step [0002/0002], [lateral-edge: 0.7865, lateral-2: 1.5927, lateral-3: 1.5154, lateral-4: 1.5204, lateral-5: 1.5293, epsilon: 33.7336]
2025-10-26 23:50:41.761309 Epoch [006/070], Step [0002/0002], [lateral-edge: 0.7848, lateral-2: 1.5659, lateral-3: 1.5031, lateral-4: 1.5025, lateral-5: 1.5238, epsilon: 37.6898]
2025-10-26 23:50:45.556800 Epoch [007/070], Step [0002/0002], [lateral-edge: 0.7836, lateral-2: 1.5278, lateral-3: 1.4784, lateral-4: 1.4746, lateral-5: 1.5077, epsilon: 41.4724]
2025-10-26 23:50:49.916250 Epoch [008/070], Step [0002/0002], [lateral-edge: 0.7825, lateral-2: 1.5315, lateral-3: 1.4860, lateral-4: 1.4926, lateral-5: 1.5192, epsilon: 45.1182]
2025-10-26 23:50:54.194002 Epoch [009/070], Step [0002/0002], [lateral-edge: 0.7811, lateral-2: 1.5085, lateral-3: 1.4750, lateral-4: 1.4819, lateral-5: 1.5091, epsilon: 48.6524]
[Saving Snapshot:] ./Snapshots/save_weights/Inf-Net_DP_Morph/close/batch_48/run_2/noise_multiplier_0.7/Inf-Net-10.pth
[Privacy Budget]: ε = 48.65 (δ = 1e-05)
2025-10-26 23:50:59.786019 Epoch [010/070], Step [0002/0002], [lateral-edge: 0.7801, lateral-2: 1.4761, lateral-3: 1.4556, lateral-4: 1.4638, lateral-5: 1.4992, epsilon: 52.0934]
2025-10-26 23:51:04.440828 Epoch [011/070], Step [0002/0002], [lateral-edge: 0.7792, lateral-2: 1.4698, lateral-3: 1.4561, lateral-4: 1.4645, lateral-5: 1.5019, epsilon: 55.4551]
2025-10-26 23:51:08.930871 Epoch [012/070], Step [0002/0002], [lateral-edge: 0.7761, lateral-2: 1.4589, lateral-3: 1.4562, lateral-4: 1.4655, lateral-5: 1.5024, epsilon: 58.7482]
2025-10-26 23:51:13.060098 Epoch [013/070], Step [0002/0002], [lateral-edge: 0.7750, lateral-2: 1.4791, lateral-3: 1.4653, lateral-4: 1.4742, lateral-5: 1.5110, epsilon: 61.9812]
2025-10-26 23:51:16.880145 Epoch [014/070], Step [0002/0002], [lateral-edge: 0.7749, lateral-2: 1.4338, lateral-3: 1.4362, lateral-4: 1.4478, lateral-5: 1.4936, epsilon: 65.1609]
2025-10-26 23:51:20.620851 Epoch [015/070], Step [0002/0002], [lateral-edge: 0.7727, lateral-2: 1.4321, lateral-3: 1.4360, lateral-4: 1.4425, lateral-5: 1.4927, epsilon: 68.2930]
2025-10-26 23:51:24.748203 Epoch [016/070], Step [0002/0002], [lateral-edge: 0.7724, lateral-2: 1.4145, lateral-3: 1.4208, lateral-4: 1.4203, lateral-5: 1.4845, epsilon: 71.3823]
2025-10-26 23:51:28.530921 Epoch [017/070], Step [0002/0002], [lateral-edge: 0.7719, lateral-2: 1.4116, lateral-3: 1.4208, lateral-4: 1.4287, lateral-5: 1.4864, epsilon: 74.4326]
2025-10-26 23:51:32.924750 Epoch [018/070], Step [0002/0002], [lateral-edge: 0.7708, lateral-2: 1.3946, lateral-3: 1.4120, lateral-4: 1.4173, lateral-5: 1.4757, epsilon: 77.4475]
2025-10-26 23:51:37.021434 Epoch [019/070], Step [0002/0002], [lateral-edge: 0.7707, lateral-2: 1.4072, lateral-3: 1.4165, lateral-4: 1.4294, lateral-5: 1.4815, epsilon: 80.4298]
[Saving Snapshot:] ./Snapshots/save_weights/Inf-Net_DP_Morph/close/batch_48/run_2/noise_multiplier_0.7/Inf-Net-20.pth
[Privacy Budget]: ε = 80.43 (δ = 1e-05)
2025-10-26 23:51:41.742901 Epoch [020/070], Step [0002/0002], [lateral-edge: 0.7697, lateral-2: 1.3788, lateral-3: 1.4066, lateral-4: 1.4091, lateral-5: 1.4782, epsilon: 83.3821]
2025-10-26 23:51:45.632477 Epoch [021/070], Step [0002/0002], [lateral-edge: 0.7690, lateral-2: 1.3667, lateral-3: 1.3921, lateral-4: 1.3961, lateral-5: 1.4682, epsilon: 86.3066]
2025-10-26 23:51:49.894928 Epoch [022/070], Step [0002/0002], [lateral-edge: 0.7685, lateral-2: 1.3531, lateral-3: 1.3853, lateral-4: 1.3883, lateral-5: 1.4580, epsilon: 89.2054]
2025-10-26 23:51:53.835139 Epoch [023/070], Step [0002/0002], [lateral-edge: 0.7681, lateral-2: 1.3540, lateral-3: 1.3860, lateral-4: 1.3933, lateral-5: 1.4611, epsilon: 92.0801]
2025-10-26 23:51:57.933173 Epoch [024/070], Step [0002/0002], [lateral-edge: 0.7681, lateral-2: 1.3553, lateral-3: 1.3826, lateral-4: 1.3901, lateral-5: 1.4599, epsilon: 94.9324]
2025-10-26 23:52:02.704565 Epoch [025/070], Step [0002/0002], [lateral-edge: 0.7672, lateral-2: 1.3398, lateral-3: 1.3753, lateral-4: 1.3780, lateral-5: 1.4541, epsilon: 97.7635]
2025-10-26 23:52:06.524734 Epoch [026/070], Step [0002/0002], [lateral-edge: 0.7672, lateral-2: 1.3270, lateral-3: 1.3664, lateral-4: 1.3721, lateral-5: 1.4508, epsilon: 100.5748]
2025-10-26 23:52:11.223607 Epoch [027/070], Step [0002/0002], [lateral-edge: 0.7660, lateral-2: 1.3094, lateral-3: 1.3590, lateral-4: 1.3569, lateral-5: 1.4386, epsilon: 103.3675]
2025-10-26 23:52:15.399323 Epoch [028/070], Step [0002/0002], [lateral-edge: 0.7653, lateral-2: 1.2907, lateral-3: 1.3478, lateral-4: 1.3536, lateral-5: 1.4388, epsilon: 106.1424]
2025-10-26 23:52:20.236976 Epoch [029/070], Step [0002/0002], [lateral-edge: 0.7650, lateral-2: 1.3029, lateral-3: 1.3480, lateral-4: 1.3608, lateral-5: 1.4381, epsilon: 108.9007]
[Saving Snapshot:] ./Snapshots/save_weights/Inf-Net_DP_Morph/close/batch_48/run_2/noise_multiplier_0.7/Inf-Net-30.pth
[Privacy Budget]: ε = 108.90 (δ = 1e-05)
2025-10-26 23:52:25.681698 Epoch [030/070], Step [0002/0002], [lateral-edge: 0.7646, lateral-2: 1.2953, lateral-3: 1.3396, lateral-4: 1.3464, lateral-5: 1.4265, epsilon: 111.6431]
2025-10-26 23:52:30.425268 Epoch [031/070], Step [0002/0002], [lateral-edge: 0.7634, lateral-2: 1.2638, lateral-3: 1.3303, lateral-4: 1.3348, lateral-5: 1.4268, epsilon: 114.3704]
2025-10-26 23:52:34.687129 Epoch [032/070], Step [0002/0002], [lateral-edge: 0.7642, lateral-2: 1.2796, lateral-3: 1.3307, lateral-4: 1.3338, lateral-5: 1.4221, epsilon: 117.0834]
2025-10-26 23:52:39.055018 Epoch [033/070], Step [0002/0002], [lateral-edge: 0.7633, lateral-2: 1.2682, lateral-3: 1.3210, lateral-4: 1.3273, lateral-5: 1.4135, epsilon: 119.7827]
2025-10-26 23:52:43.728517 Epoch [034/070], Step [0002/0002], [lateral-edge: 0.7626, lateral-2: 1.2582, lateral-3: 1.3116, lateral-4: 1.3188, lateral-5: 1.4119, epsilon: 122.4689]
2025-10-26 23:52:48.126773 Epoch [035/070], Step [0002/0002], [lateral-edge: 0.7624, lateral-2: 1.2512, lateral-3: 1.3102, lateral-4: 1.3238, lateral-5: 1.4172, epsilon: 125.1427]
2025-10-26 23:52:53.104460 Epoch [036/070], Step [0002/0002], [lateral-edge: 0.7619, lateral-2: 1.2514, lateral-3: 1.3060, lateral-4: 1.3152, lateral-5: 1.4096, epsilon: 127.8045]
2025-10-26 23:52:57.227839 Epoch [037/070], Step [0002/0002], [lateral-edge: 0.7606, lateral-2: 1.2481, lateral-3: 1.3091, lateral-4: 1.3143, lateral-5: 1.4117, epsilon: 130.4549]
2025-10-26 23:53:01.968986 Epoch [038/070], Step [0002/0002], [lateral-edge: 0.7609, lateral-2: 1.2350, lateral-3: 1.3013, lateral-4: 1.3010, lateral-5: 1.3953, epsilon: 133.0943]
2025-10-26 23:53:06.135990 Epoch [039/070], Step [0002/0002], [lateral-edge: 0.7612, lateral-2: 1.2334, lateral-3: 1.2913, lateral-4: 1.3063, lateral-5: 1.3985, epsilon: 135.7231]
[Saving Snapshot:] ./Snapshots/save_weights/Inf-Net_DP_Morph/close/batch_48/run_2/noise_multiplier_0.7/Inf-Net-40.pth
[Privacy Budget]: ε = 135.72 (δ = 1e-05)
2025-10-26 23:53:11.642601 Epoch [040/070], Step [0002/0002], [lateral-edge: 0.7603, lateral-2: 1.2106, lateral-3: 1.2782, lateral-4: 1.2881, lateral-5: 1.3894, epsilon: 138.3418]
2025-10-26 23:53:16.674034 Epoch [041/070], Step [0002/0002], [lateral-edge: 0.7591, lateral-2: 1.2054, lateral-3: 1.2799, lateral-4: 1.2902, lateral-5: 1.3881, epsilon: 140.9507]
2025-10-26 23:53:21.269963 Epoch [042/070], Step [0002/0002], [lateral-edge: 0.7594, lateral-2: 1.2073, lateral-3: 1.2735, lateral-4: 1.2909, lateral-5: 1.3842, epsilon: 143.5501]
2025-10-26 23:53:26.001191 Epoch [043/070], Step [0002/0002], [lateral-edge: 0.7593, lateral-2: 1.2069, lateral-3: 1.2743, lateral-4: 1.2839, lateral-5: 1.3809, epsilon: 146.1405]
2025-10-26 23:53:30.925767 Epoch [044/070], Step [0002/0002], [lateral-edge: 0.7589, lateral-2: 1.1959, lateral-3: 1.2698, lateral-4: 1.2856, lateral-5: 1.3847, epsilon: 148.7221]
2025-10-26 23:53:36.083511 Epoch [045/070], Step [0002/0002], [lateral-edge: 0.7584, lateral-2: 1.1892, lateral-3: 1.2576, lateral-4: 1.2841, lateral-5: 1.3774, epsilon: 151.2953]
2025-10-26 23:53:40.380532 Epoch [046/070], Step [0002/0002], [lateral-edge: 0.7590, lateral-2: 1.1945, lateral-3: 1.2567, lateral-4: 1.2839, lateral-5: 1.3740, epsilon: 153.8603]
2025-10-26 23:53:45.395052 Epoch [047/070], Step [0002/0002], [lateral-edge: 0.7596, lateral-2: 1.1872, lateral-3: 1.2527, lateral-4: 1.2769, lateral-5: 1.3697, epsilon: 156.4173]
2025-10-26 23:53:50.316299 Epoch [048/070], Step [0002/0002], [lateral-edge: 0.7586, lateral-2: 1.1723, lateral-3: 1.2460, lateral-4: 1.2662, lateral-5: 1.3712, epsilon: 158.9667]
2025-10-26 23:53:54.591789 Epoch [049/070], Step [0002/0002], [lateral-edge: 0.7581, lateral-2: 1.1566, lateral-3: 1.2269, lateral-4: 1.2562, lateral-5: 1.3630, epsilon: 161.5086]
[Saving Snapshot:] ./Snapshots/save_weights/Inf-Net_DP_Morph/close/batch_48/run_2/noise_multiplier_0.7/Inf-Net-50.pth
[Privacy Budget]: ε = 161.51 (δ = 1e-05)
2025-10-26 23:54:00.744502 Epoch [050/070], Step [0002/0002], [lateral-edge: 0.7576, lateral-2: 1.1610, lateral-3: 1.2329, lateral-4: 1.2503, lateral-5: 1.3578, epsilon: 164.0434]
2025-10-26 23:54:05.096512 Epoch [051/070], Step [0002/0002], [lateral-edge: 0.7581, lateral-2: 1.1777, lateral-3: 1.2404, lateral-4: 1.2658, lateral-5: 1.3675, epsilon: 166.5711]
2025-10-26 23:54:10.333260 Epoch [052/070], Step [0002/0002], [lateral-edge: 0.7585, lateral-2: 1.1724, lateral-3: 1.2364, lateral-4: 1.2615, lateral-5: 1.3594, epsilon: 169.0921]
2025-10-26 23:54:15.434978 Epoch [053/070], Step [0002/0002], [lateral-edge: 0.7584, lateral-2: 1.1642, lateral-3: 1.2381, lateral-4: 1.2610, lateral-5: 1.3659, epsilon: 171.6064]
2025-10-26 23:54:20.671816 Epoch [054/070], Step [0002/0002], [lateral-edge: 0.7576, lateral-2: 1.1539, lateral-3: 1.2333, lateral-4: 1.2604, lateral-5: 1.3600, epsilon: 174.1144]
2025-10-26 23:54:25.825130 Epoch [055/070], Step [0002/0002], [lateral-edge: 0.7573, lateral-2: 1.1626, lateral-3: 1.2450, lateral-4: 1.2666, lateral-5: 1.3736, epsilon: 176.6162]
2025-10-26 23:54:31.504252 Epoch [056/070], Step [0002/0002], [lateral-edge: 0.7572, lateral-2: 1.1859, lateral-3: 1.2495, lateral-4: 1.2631, lateral-5: 1.3654, epsilon: 179.1118]
2025-10-26 23:54:36.728148 Epoch [057/070], Step [0002/0002], [lateral-edge: 0.7580, lateral-2: 1.1781, lateral-3: 1.2398, lateral-4: 1.2684, lateral-5: 1.3645, epsilon: 181.6016]
2025-10-26 23:54:41.996713 Epoch [058/070], Step [0002/0002], [lateral-edge: 0.7584, lateral-2: 1.1683, lateral-3: 1.2369, lateral-4: 1.2580, lateral-5: 1.3610, epsilon: 184.0857]
2025-10-26 23:54:47.275131 Epoch [059/070], Step [0002/0002], [lateral-edge: 0.7577, lateral-2: 1.1661, lateral-3: 1.2367, lateral-4: 1.2606, lateral-5: 1.3653, epsilon: 186.5642]
[Saving Snapshot:] ./Snapshots/save_weights/Inf-Net_DP_Morph/close/batch_48/run_2/noise_multiplier_0.7/Inf-Net-60.pth
[Privacy Budget]: ε = 186.56 (δ = 1e-05)
2025-10-26 23:54:53.868322 Epoch [060/070], Step [0002/0002], [lateral-edge: 0.7578, lateral-2: 1.1620, lateral-3: 1.2312, lateral-4: 1.2498, lateral-5: 1.3598, epsilon: 189.0372]
2025-10-26 23:54:59.121991 Epoch [061/070], Step [0002/0002], [lateral-edge: 0.7582, lateral-2: 1.1731, lateral-3: 1.2318, lateral-4: 1.2594, lateral-5: 1.3585, epsilon: 191.5049]
2025-10-26 23:55:04.374256 Epoch [062/070], Step [0002/0002], [lateral-edge: 0.7582, lateral-2: 1.1716, lateral-3: 1.2411, lateral-4: 1.2645, lateral-5: 1.3684, epsilon: 193.9674]
2025-10-26 23:55:09.976742 Epoch [063/070], Step [0002/0002], [lateral-edge: 0.7579, lateral-2: 1.1789, lateral-3: 1.2438, lateral-4: 1.2654, lateral-5: 1.3685, epsilon: 196.4248]
2025-10-26 23:55:15.815444 Epoch [064/070], Step [0002/0002], [lateral-edge: 0.7577, lateral-2: 1.1665, lateral-3: 1.2380, lateral-4: 1.2645, lateral-5: 1.3635, epsilon: 198.8773]
2025-10-26 23:55:21.628398 Epoch [065/070], Step [0002/0002], [lateral-edge: 0.7582, lateral-2: 1.1646, lateral-3: 1.2301, lateral-4: 1.2534, lateral-5: 1.3579, epsilon: 201.3250]
2025-10-26 23:55:27.068659 Epoch [066/070], Step [0002/0002], [lateral-edge: 0.7583, lateral-2: 1.1683, lateral-3: 1.2445, lateral-4: 1.2626, lateral-5: 1.3673, epsilon: 203.7680]
2025-10-26 23:55:32.498842 Epoch [067/070], Step [0002/0002], [lateral-edge: 0.7584, lateral-2: 1.1619, lateral-3: 1.2330, lateral-4: 1.2583, lateral-5: 1.3659, epsilon: 206.2064]
2025-10-26 23:55:38.353627 Epoch [068/070], Step [0002/0002], [lateral-edge: 0.7576, lateral-2: 1.1602, lateral-3: 1.2319, lateral-4: 1.2607, lateral-5: 1.3659, epsilon: 208.6403]
2025-10-26 23:55:44.425496 Epoch [069/070], Step [0002/0002], [lateral-edge: 0.7581, lateral-2: 1.1627, lateral-3: 1.2372, lateral-4: 1.2583, lateral-5: 1.3609, epsilon: 211.0697]
[Saving Snapshot:] ./Snapshots/save_weights/Inf-Net_DP_Morph/close/batch_48/run_2/noise_multiplier_0.7/Inf-Net-70.pth
[Privacy Budget]: ε = 211.07 (δ = 1e-05)
2025-10-26 23:55:52.731912 Epoch [070/070], Step [0002/0002], [lateral-edge: 0.7579, lateral-2: 1.1681, lateral-3: 1.2322, lateral-4: 1.2501, lateral-5: 1.3575, epsilon: 213.4949]
Training completed at Sun Oct 26 23:55:54 CET 2025
