Backbone loading: Res2Net50
Freezing unused branches for DP compatibility...
Trainable: 31,072,721 / 33,121,721 parameters
Not loading weights from weights file
Validator raised issues with model. Attempting auto-fix...
Original error: UnsupportedModuleError
Model successfully fixed for differential privacy
###################################################################### 
Start Training (Inf-Net-Res2Net50)
Backbone: Res2Net50
Batch Size: 48
Privacy: DP Enabled (ε budget, δ=1e-05)
Morphology: dilation
Save Path: ./Snapshots/save_weights/Inf-Net_DP_Morph/dilation/batch_48/run_1/noise_multiplier_0.7
Run: 1
Namespace(epoch=70, lr=0.0001, batchsize=48, trainsize=352, clip=0.5, decay_rate=0.1, decay_epoch=50, is_thop=False, gpu_device=0, num_workers=4, net_channel=32, n_classes=1, backbone='Res2Net50', train_path='./Dataset/TrainingSet/LungInfection-Train/Doctor-label', is_semi=False, is_pseudo=False, train_save=None, run=1, enable_privacy=True, noise_multiplier=0.7, max_grad_norm=1.2, delta=1e-05, enable_morphology=True, morph_operation='dilation', morph_kernel_size=3, device='cuda')
 ######################################################################
2025-10-26 23:54:23.225977 Epoch [001/070], Step [0002/0002], [lateral-edge: 0.8046, lateral-2: 1.9135, lateral-3: 1.7448, lateral-4: 1.6260, lateral-5: 1.5892, epsilon: 13.9265]
2025-10-26 23:54:27.872980 Epoch [002/070], Step [0002/0002], [lateral-edge: 0.8064, lateral-2: 1.7913, lateral-3: 1.6603, lateral-4: 1.5879, lateral-5: 1.5785, epsilon: 19.9996]
2025-10-26 23:54:31.889427 Epoch [003/070], Step [0002/0002], [lateral-edge: 0.8074, lateral-2: 1.6948, lateral-3: 1.5806, lateral-4: 1.5476, lateral-5: 1.5487, epsilon: 25.0333]
2025-10-26 23:54:35.861112 Epoch [004/070], Step [0002/0002], [lateral-edge: 0.8064, lateral-2: 1.6810, lateral-3: 1.5782, lateral-4: 1.5431, lateral-5: 1.5524, epsilon: 29.5471]
2025-10-26 23:54:40.324709 Epoch [005/070], Step [0002/0002], [lateral-edge: 0.8079, lateral-2: 1.6202, lateral-3: 1.5297, lateral-4: 1.5120, lateral-5: 1.5364, epsilon: 33.7336]
2025-10-26 23:54:43.811984 Epoch [006/070], Step [0002/0002], [lateral-edge: 0.8063, lateral-2: 1.5977, lateral-3: 1.5151, lateral-4: 1.5072, lateral-5: 1.5358, epsilon: 37.6898]
2025-10-26 23:54:47.467156 Epoch [007/070], Step [0002/0002], [lateral-edge: 0.8033, lateral-2: 1.6111, lateral-3: 1.5287, lateral-4: 1.5181, lateral-5: 1.5487, epsilon: 41.4724]
2025-10-26 23:54:51.678662 Epoch [008/070], Step [0002/0002], [lateral-edge: 0.8053, lateral-2: 1.5792, lateral-3: 1.5004, lateral-4: 1.5025, lateral-5: 1.5320, epsilon: 45.1182]
2025-10-26 23:54:55.797285 Epoch [009/070], Step [0002/0002], [lateral-edge: 0.8064, lateral-2: 1.5504, lateral-3: 1.4762, lateral-4: 1.4841, lateral-5: 1.5206, epsilon: 48.6524]
[Saving Snapshot:] ./Snapshots/save_weights/Inf-Net_DP_Morph/dilation/batch_48/run_1/noise_multiplier_0.7/Inf-Net-10.pth
[Privacy Budget]: ε = 48.65 (δ = 1e-05)
2025-10-26 23:55:00.323988 Epoch [010/070], Step [0002/0002], [lateral-edge: 0.8034, lateral-2: 1.5444, lateral-3: 1.4807, lateral-4: 1.4814, lateral-5: 1.5192, epsilon: 52.0934]
2025-10-26 23:55:04.420863 Epoch [011/070], Step [0002/0002], [lateral-edge: 0.8045, lateral-2: 1.5300, lateral-3: 1.4678, lateral-4: 1.4766, lateral-5: 1.5142, epsilon: 55.4551]
2025-10-26 23:55:08.432841 Epoch [012/070], Step [0002/0002], [lateral-edge: 0.8047, lateral-2: 1.5077, lateral-3: 1.4474, lateral-4: 1.4732, lateral-5: 1.5141, epsilon: 58.7482]
2025-10-26 23:55:12.550123 Epoch [013/070], Step [0002/0002], [lateral-edge: 0.8047, lateral-2: 1.4983, lateral-3: 1.4460, lateral-4: 1.4578, lateral-5: 1.5006, epsilon: 61.9812]
2025-10-26 23:55:16.230877 Epoch [014/070], Step [0002/0002], [lateral-edge: 0.8026, lateral-2: 1.5006, lateral-3: 1.4474, lateral-4: 1.4661, lateral-5: 1.5027, epsilon: 65.1609]
2025-10-26 23:55:20.321054 Epoch [015/070], Step [0002/0002], [lateral-edge: 0.8032, lateral-2: 1.4803, lateral-3: 1.4302, lateral-4: 1.4572, lateral-5: 1.4977, epsilon: 68.2930]
2025-10-26 23:55:24.170353 Epoch [016/070], Step [0002/0002], [lateral-edge: 0.8031, lateral-2: 1.4738, lateral-3: 1.4315, lateral-4: 1.4471, lateral-5: 1.4951, epsilon: 71.3823]
2025-10-26 23:55:27.969129 Epoch [017/070], Step [0002/0002], [lateral-edge: 0.8053, lateral-2: 1.4560, lateral-3: 1.4123, lateral-4: 1.4361, lateral-5: 1.4807, epsilon: 74.4326]
2025-10-26 23:55:32.594977 Epoch [018/070], Step [0002/0002], [lateral-edge: 0.8016, lateral-2: 1.4547, lateral-3: 1.4101, lateral-4: 1.4368, lateral-5: 1.4805, epsilon: 77.4475]
2025-10-26 23:55:36.559858 Epoch [019/070], Step [0002/0002], [lateral-edge: 0.8010, lateral-2: 1.4372, lateral-3: 1.3980, lateral-4: 1.4263, lateral-5: 1.4787, epsilon: 80.4298]
[Saving Snapshot:] ./Snapshots/save_weights/Inf-Net_DP_Morph/dilation/batch_48/run_1/noise_multiplier_0.7/Inf-Net-20.pth
[Privacy Budget]: ε = 80.43 (δ = 1e-05)
2025-10-26 23:55:41.373542 Epoch [020/070], Step [0002/0002], [lateral-edge: 0.8019, lateral-2: 1.4068, lateral-3: 1.3680, lateral-4: 1.3999, lateral-5: 1.4608, epsilon: 83.3821]
2025-10-26 23:55:45.163069 Epoch [021/070], Step [0002/0002], [lateral-edge: 0.8019, lateral-2: 1.4194, lateral-3: 1.3905, lateral-4: 1.4088, lateral-5: 1.4570, epsilon: 86.3066]
2025-10-26 23:55:49.423417 Epoch [022/070], Step [0002/0002], [lateral-edge: 0.8008, lateral-2: 1.4137, lateral-3: 1.3861, lateral-4: 1.4080, lateral-5: 1.4533, epsilon: 89.2054]
2025-10-26 23:55:53.082824 Epoch [023/070], Step [0002/0002], [lateral-edge: 0.8005, lateral-2: 1.3774, lateral-3: 1.3541, lateral-4: 1.3873, lateral-5: 1.4497, epsilon: 92.0801]
2025-10-26 23:55:57.117265 Epoch [024/070], Step [0002/0002], [lateral-edge: 0.8002, lateral-2: 1.3861, lateral-3: 1.3531, lateral-4: 1.3919, lateral-5: 1.4432, epsilon: 94.9324]
2025-10-26 23:56:01.328759 Epoch [025/070], Step [0002/0002], [lateral-edge: 0.7987, lateral-2: 1.3722, lateral-3: 1.3485, lateral-4: 1.3777, lateral-5: 1.4312, epsilon: 97.7635]
2025-10-26 23:56:05.368201 Epoch [026/070], Step [0002/0002], [lateral-edge: 0.7997, lateral-2: 1.3518, lateral-3: 1.3317, lateral-4: 1.3624, lateral-5: 1.4249, epsilon: 100.5748]
2025-10-26 23:56:09.902547 Epoch [027/070], Step [0002/0002], [lateral-edge: 0.7997, lateral-2: 1.3447, lateral-3: 1.3226, lateral-4: 1.3649, lateral-5: 1.4242, epsilon: 103.3675]
2025-10-26 23:56:13.640505 Epoch [028/070], Step [0002/0002], [lateral-edge: 0.7988, lateral-2: 1.3512, lateral-3: 1.3366, lateral-4: 1.3779, lateral-5: 1.4280, epsilon: 106.1424]
2025-10-26 23:56:18.077490 Epoch [029/070], Step [0002/0002], [lateral-edge: 0.7958, lateral-2: 1.3487, lateral-3: 1.3307, lateral-4: 1.3698, lateral-5: 1.4287, epsilon: 108.9007]
[Saving Snapshot:] ./Snapshots/save_weights/Inf-Net_DP_Morph/dilation/batch_48/run_1/noise_multiplier_0.7/Inf-Net-30.pth
[Privacy Budget]: ε = 108.90 (δ = 1e-05)
2025-10-26 23:56:23.515417 Epoch [030/070], Step [0002/0002], [lateral-edge: 0.7964, lateral-2: 1.3338, lateral-3: 1.3215, lateral-4: 1.3578, lateral-5: 1.4177, epsilon: 111.6431]
2025-10-26 23:56:27.917436 Epoch [031/070], Step [0002/0002], [lateral-edge: 0.7964, lateral-2: 1.3064, lateral-3: 1.2954, lateral-4: 1.3354, lateral-5: 1.4058, epsilon: 114.3704]
2025-10-26 23:56:32.160362 Epoch [032/070], Step [0002/0002], [lateral-edge: 0.7958, lateral-2: 1.2999, lateral-3: 1.2902, lateral-4: 1.3327, lateral-5: 1.4032, epsilon: 117.0834]
2025-10-26 23:56:36.297998 Epoch [033/070], Step [0002/0002], [lateral-edge: 0.7954, lateral-2: 1.3063, lateral-3: 1.2895, lateral-4: 1.3368, lateral-5: 1.4081, epsilon: 119.7827]
2025-10-26 23:56:40.797133 Epoch [034/070], Step [0002/0002], [lateral-edge: 0.7906, lateral-2: 1.3067, lateral-3: 1.2988, lateral-4: 1.3417, lateral-5: 1.4097, epsilon: 122.4689]
2025-10-26 23:56:45.082575 Epoch [035/070], Step [0002/0002], [lateral-edge: 0.7944, lateral-2: 1.2845, lateral-3: 1.2777, lateral-4: 1.3244, lateral-5: 1.3980, epsilon: 125.1427]
2025-10-26 23:56:49.826458 Epoch [036/070], Step [0002/0002], [lateral-edge: 0.7946, lateral-2: 1.2738, lateral-3: 1.2617, lateral-4: 1.3157, lateral-5: 1.3909, epsilon: 127.8045]
2025-10-26 23:56:53.860330 Epoch [037/070], Step [0002/0002], [lateral-edge: 0.7945, lateral-2: 1.2784, lateral-3: 1.2744, lateral-4: 1.3138, lateral-5: 1.3849, epsilon: 130.4549]
2025-10-26 23:56:58.558436 Epoch [038/070], Step [0002/0002], [lateral-edge: 0.7935, lateral-2: 1.2678, lateral-3: 1.2574, lateral-4: 1.3027, lateral-5: 1.3892, epsilon: 133.0943]
2025-10-26 23:57:03.191999 Epoch [039/070], Step [0002/0002], [lateral-edge: 0.7926, lateral-2: 1.2486, lateral-3: 1.2483, lateral-4: 1.2983, lateral-5: 1.3782, epsilon: 135.7231]
[Saving Snapshot:] ./Snapshots/save_weights/Inf-Net_DP_Morph/dilation/batch_48/run_1/noise_multiplier_0.7/Inf-Net-40.pth
[Privacy Budget]: ε = 135.72 (δ = 1e-05)
2025-10-26 23:57:08.523867 Epoch [040/070], Step [0002/0002], [lateral-edge: 0.7907, lateral-2: 1.2546, lateral-3: 1.2559, lateral-4: 1.2974, lateral-5: 1.3811, epsilon: 138.3418]
2025-10-26 23:57:13.385753 Epoch [041/070], Step [0002/0002], [lateral-edge: 0.7913, lateral-2: 1.2469, lateral-3: 1.2431, lateral-4: 1.2939, lateral-5: 1.3734, epsilon: 140.9507]
2025-10-26 23:57:17.971382 Epoch [042/070], Step [0002/0002], [lateral-edge: 0.7910, lateral-2: 1.2437, lateral-3: 1.2398, lateral-4: 1.2985, lateral-5: 1.3748, epsilon: 143.5501]
2025-10-26 23:57:22.543148 Epoch [043/070], Step [0002/0002], [lateral-edge: 0.7887, lateral-2: 1.2706, lateral-3: 1.2555, lateral-4: 1.3025, lateral-5: 1.3846, epsilon: 146.1405]
2025-10-26 23:57:27.541664 Epoch [044/070], Step [0002/0002], [lateral-edge: 0.7882, lateral-2: 1.2329, lateral-3: 1.2303, lateral-4: 1.2848, lateral-5: 1.3736, epsilon: 148.7221]
2025-10-26 23:57:32.382666 Epoch [045/070], Step [0002/0002], [lateral-edge: 0.7881, lateral-2: 1.2257, lateral-3: 1.2318, lateral-4: 1.2728, lateral-5: 1.3632, epsilon: 151.2953]
2025-10-26 23:57:36.753787 Epoch [046/070], Step [0002/0002], [lateral-edge: 0.7872, lateral-2: 1.2201, lateral-3: 1.2084, lateral-4: 1.2743, lateral-5: 1.3638, epsilon: 153.8603]
2025-10-26 23:57:41.679415 Epoch [047/070], Step [0002/0002], [lateral-edge: 0.7868, lateral-2: 1.2081, lateral-3: 1.2192, lateral-4: 1.2675, lateral-5: 1.3558, epsilon: 156.4173]
2025-10-26 23:57:46.679235 Epoch [048/070], Step [0002/0002], [lateral-edge: 0.7847, lateral-2: 1.2221, lateral-3: 1.2229, lateral-4: 1.2649, lateral-5: 1.3544, epsilon: 158.9667]
2025-10-26 23:57:50.802617 Epoch [049/070], Step [0002/0002], [lateral-edge: 0.7858, lateral-2: 1.2378, lateral-3: 1.2310, lateral-4: 1.2758, lateral-5: 1.3647, epsilon: 161.5086]
[Saving Snapshot:] ./Snapshots/save_weights/Inf-Net_DP_Morph/dilation/batch_48/run_1/noise_multiplier_0.7/Inf-Net-50.pth
[Privacy Budget]: ε = 161.51 (δ = 1e-05)
2025-10-26 23:57:56.881193 Epoch [050/070], Step [0002/0002], [lateral-edge: 0.7829, lateral-2: 1.2002, lateral-3: 1.2037, lateral-4: 1.2585, lateral-5: 1.3600, epsilon: 164.0434]
2025-10-26 23:58:01.045615 Epoch [051/070], Step [0002/0002], [lateral-edge: 0.7829, lateral-2: 1.1943, lateral-3: 1.1948, lateral-4: 1.2594, lateral-5: 1.3540, epsilon: 166.5711]
2025-10-26 23:58:06.019692 Epoch [052/070], Step [0002/0002], [lateral-edge: 0.7849, lateral-2: 1.2023, lateral-3: 1.2162, lateral-4: 1.2658, lateral-5: 1.3510, epsilon: 169.0921]
2025-10-26 23:58:11.192101 Epoch [053/070], Step [0002/0002], [lateral-edge: 0.7853, lateral-2: 1.2214, lateral-3: 1.2152, lateral-4: 1.2707, lateral-5: 1.3566, epsilon: 171.6064]
2025-10-26 23:58:16.213350 Epoch [054/070], Step [0002/0002], [lateral-edge: 0.7845, lateral-2: 1.2126, lateral-3: 1.2199, lateral-4: 1.2636, lateral-5: 1.3430, epsilon: 174.1144]
2025-10-26 23:58:21.126023 Epoch [055/070], Step [0002/0002], [lateral-edge: 0.7862, lateral-2: 1.1827, lateral-3: 1.1864, lateral-4: 1.2395, lateral-5: 1.3453, epsilon: 176.6162]
2025-10-26 23:58:26.451563 Epoch [056/070], Step [0002/0002], [lateral-edge: 0.7842, lateral-2: 1.2215, lateral-3: 1.2266, lateral-4: 1.2705, lateral-5: 1.3544, epsilon: 179.1118]
2025-10-26 23:58:31.353412 Epoch [057/070], Step [0002/0002], [lateral-edge: 0.7850, lateral-2: 1.2110, lateral-3: 1.2052, lateral-4: 1.2658, lateral-5: 1.3576, epsilon: 181.6016]
2025-10-26 23:58:36.644419 Epoch [058/070], Step [0002/0002], [lateral-edge: 0.7844, lateral-2: 1.1955, lateral-3: 1.2098, lateral-4: 1.2594, lateral-5: 1.3525, epsilon: 184.0857]
2025-10-26 23:58:41.591180 Epoch [059/070], Step [0002/0002], [lateral-edge: 0.7849, lateral-2: 1.2119, lateral-3: 1.2100, lateral-4: 1.2658, lateral-5: 1.3553, epsilon: 186.5642]
[Saving Snapshot:] ./Snapshots/save_weights/Inf-Net_DP_Morph/dilation/batch_48/run_1/noise_multiplier_0.7/Inf-Net-60.pth
[Privacy Budget]: ε = 186.56 (δ = 1e-05)
2025-10-26 23:58:48.440714 Epoch [060/070], Step [0002/0002], [lateral-edge: 0.7866, lateral-2: 1.2136, lateral-3: 1.2124, lateral-4: 1.2700, lateral-5: 1.3508, epsilon: 189.0372]
2025-10-26 23:58:53.338664 Epoch [061/070], Step [0002/0002], [lateral-edge: 0.7832, lateral-2: 1.2013, lateral-3: 1.2151, lateral-4: 1.2593, lateral-5: 1.3560, epsilon: 191.5049]
2025-10-26 23:58:58.601153 Epoch [062/070], Step [0002/0002], [lateral-edge: 0.7828, lateral-2: 1.2244, lateral-3: 1.2283, lateral-4: 1.2745, lateral-5: 1.3590, epsilon: 193.9674]
2025-10-26 23:59:04.011733 Epoch [063/070], Step [0002/0002], [lateral-edge: 0.7846, lateral-2: 1.2038, lateral-3: 1.2076, lateral-4: 1.2615, lateral-5: 1.3554, epsilon: 196.4248]
2025-10-26 23:59:09.814205 Epoch [064/070], Step [0002/0002], [lateral-edge: 0.7844, lateral-2: 1.2021, lateral-3: 1.2120, lateral-4: 1.2611, lateral-5: 1.3563, epsilon: 198.8773]
2025-10-26 23:59:15.402913 Epoch [065/070], Step [0002/0002], [lateral-edge: 0.7853, lateral-2: 1.1969, lateral-3: 1.2053, lateral-4: 1.2568, lateral-5: 1.3451, epsilon: 201.3250]
2025-10-26 23:59:20.911723 Epoch [066/070], Step [0002/0002], [lateral-edge: 0.7831, lateral-2: 1.2171, lateral-3: 1.2106, lateral-4: 1.2691, lateral-5: 1.3667, epsilon: 203.7680]
2025-10-26 23:59:26.493979 Epoch [067/070], Step [0002/0002], [lateral-edge: 0.7834, lateral-2: 1.2094, lateral-3: 1.2159, lateral-4: 1.2615, lateral-5: 1.3493, epsilon: 206.2064]
2025-10-26 23:59:32.579783 Epoch [068/070], Step [0002/0002], [lateral-edge: 0.7842, lateral-2: 1.2122, lateral-3: 1.2172, lateral-4: 1.2719, lateral-5: 1.3548, epsilon: 208.6403]
2025-10-26 23:59:38.063956 Epoch [069/070], Step [0002/0002], [lateral-edge: 0.7856, lateral-2: 1.1996, lateral-3: 1.2126, lateral-4: 1.2652, lateral-5: 1.3536, epsilon: 211.0697]
[Saving Snapshot:] ./Snapshots/save_weights/Inf-Net_DP_Morph/dilation/batch_48/run_1/noise_multiplier_0.7/Inf-Net-70.pth
[Privacy Budget]: ε = 211.07 (δ = 1e-05)
2025-10-26 23:59:45.969143 Epoch [070/070], Step [0002/0002], [lateral-edge: 0.7841, lateral-2: 1.2208, lateral-3: 1.2181, lateral-4: 1.2725, lateral-5: 1.3563, epsilon: 213.4949]
Training completed at Sun Oct 26 23:59:47 CET 2025
