Backbone loading: Res2Net50
Converting BatchNorm to GroupNorm for fair comparison with DP models
Model architecture converted to GroupNorm
Not loading weights from weights file
################################################## 
Start Training (Inf-Net-GroupNorm)
Backbone: Res2Net50
Batch Size: 64
Morphology: erosion
Architecture: GroupNorm (no DP)
Save Path: ./Snapshots/save_weights/Inf-Net_Morph_GroupNorm/erosion/batch_64/run_1
Run: 1
Namespace(epoch=70, lr=0.0001, batchsize=64, trainsize=352, clip=0.5, decay_rate=0.1, decay_epoch=50, is_thop=False, gpu_device=0, num_workers=8, net_channel=32, n_classes=1, backbone='Res2Net50', train_path='./Dataset/TrainingSet/LungInfection-Train/Doctor-label', is_semi=False, is_pseudo=False, train_save=None, run=1, enable_morphology=True, morph_operation='erosion', morph_kernel_size=3, device='cuda')
 ##################################################
2025-10-27 22:40:13.561088 Epoch [001/070], Step [0001/0001], [lateral-edge: 0.7725, lateral-2: 1.5111, lateral-3: 1.5636, lateral-4: 1.6162, lateral-5: 1.5148]
2025-10-27 22:40:15.115426 Epoch [002/070], Step [0001/0001], [lateral-edge: 0.7656, lateral-2: 1.2566, lateral-3: 1.3222, lateral-4: 1.3875, lateral-5: 1.3900]
2025-10-27 22:40:16.722954 Epoch [003/070], Step [0001/0001], [lateral-edge: 0.7622, lateral-2: 1.1203, lateral-3: 1.1919, lateral-4: 1.2728, lateral-5: 1.3119]
2025-10-27 22:40:18.286476 Epoch [004/070], Step [0001/0001], [lateral-edge: 0.7595, lateral-2: 1.0554, lateral-3: 1.1073, lateral-4: 1.2019, lateral-5: 1.2197]
2025-10-27 22:40:19.881323 Epoch [005/070], Step [0001/0001], [lateral-edge: 0.7560, lateral-2: 1.0002, lateral-3: 1.0566, lateral-4: 1.1413, lateral-5: 1.1392]
2025-10-27 22:40:21.459113 Epoch [006/070], Step [0001/0001], [lateral-edge: 0.7547, lateral-2: 0.9669, lateral-3: 1.0169, lateral-4: 1.1244, lateral-5: 1.1037]
2025-10-27 22:40:23.018817 Epoch [007/070], Step [0001/0001], [lateral-edge: 0.7517, lateral-2: 0.9203, lateral-3: 0.9797, lateral-4: 1.0771, lateral-5: 1.0710]
2025-10-27 22:40:24.589554 Epoch [008/070], Step [0001/0001], [lateral-edge: 0.7493, lateral-2: 0.9085, lateral-3: 0.9804, lateral-4: 1.0815, lateral-5: 1.0278]
2025-10-27 22:40:26.167746 Epoch [009/070], Step [0001/0001], [lateral-edge: 0.7473, lateral-2: 0.8642, lateral-3: 0.9344, lateral-4: 1.0458, lateral-5: 1.0133]
[Saving Snapshot:] ./Snapshots/save_weights/Inf-Net_Morph_GroupNorm/erosion/batch_64/run_1/Inf-Net-10.pth
2025-10-27 22:40:28.013884 Epoch [010/070], Step [0001/0001], [lateral-edge: 0.7445, lateral-2: 0.8509, lateral-3: 0.9181, lateral-4: 1.0299, lateral-5: 0.9945]
2025-10-27 22:40:29.588667 Epoch [011/070], Step [0001/0001], [lateral-edge: 0.7425, lateral-2: 0.8233, lateral-3: 0.8933, lateral-4: 0.9938, lateral-5: 0.9432]
2025-10-27 22:40:31.166278 Epoch [012/070], Step [0001/0001], [lateral-edge: 0.7403, lateral-2: 0.7914, lateral-3: 0.8664, lateral-4: 0.9770, lateral-5: 0.9283]
2025-10-27 22:40:32.737096 Epoch [013/070], Step [0001/0001], [lateral-edge: 0.7387, lateral-2: 0.7726, lateral-3: 0.8445, lateral-4: 0.9582, lateral-5: 0.8930]
2025-10-27 22:40:34.296586 Epoch [014/070], Step [0001/0001], [lateral-edge: 0.7371, lateral-2: 0.7512, lateral-3: 0.8272, lateral-4: 0.9392, lateral-5: 0.8758]
2025-10-27 22:40:35.889141 Epoch [015/070], Step [0001/0001], [lateral-edge: 0.7355, lateral-2: 0.7312, lateral-3: 0.8097, lateral-4: 0.9271, lateral-5: 0.8591]
2025-10-27 22:40:37.445560 Epoch [016/070], Step [0001/0001], [lateral-edge: 0.7341, lateral-2: 0.7158, lateral-3: 0.7991, lateral-4: 0.9169, lateral-5: 0.8386]
2025-10-27 22:40:39.014398 Epoch [017/070], Step [0001/0001], [lateral-edge: 0.7329, lateral-2: 0.7114, lateral-3: 0.7937, lateral-4: 0.9057, lateral-5: 0.8280]
2025-10-27 22:40:40.573342 Epoch [018/070], Step [0001/0001], [lateral-edge: 0.7318, lateral-2: 0.7085, lateral-3: 0.7891, lateral-4: 0.9022, lateral-5: 0.8121]
2025-10-27 22:40:42.153752 Epoch [019/070], Step [0001/0001], [lateral-edge: 0.7307, lateral-2: 0.7199, lateral-3: 0.8096, lateral-4: 0.9323, lateral-5: 0.8527]
[Saving Snapshot:] ./Snapshots/save_weights/Inf-Net_Morph_GroupNorm/erosion/batch_64/run_1/Inf-Net-20.pth
2025-10-27 22:40:43.993514 Epoch [020/070], Step [0001/0001], [lateral-edge: 0.7297, lateral-2: 0.6723, lateral-3: 0.7586, lateral-4: 0.8778, lateral-5: 0.7807]
2025-10-27 22:40:45.559586 Epoch [021/070], Step [0001/0001], [lateral-edge: 0.7290, lateral-2: 0.7073, lateral-3: 0.7910, lateral-4: 0.8988, lateral-5: 0.7992]
2025-10-27 22:40:47.139710 Epoch [022/070], Step [0001/0001], [lateral-edge: 0.7283, lateral-2: 0.6704, lateral-3: 0.7571, lateral-4: 0.8801, lateral-5: 0.7723]
2025-10-27 22:40:48.725639 Epoch [023/070], Step [0001/0001], [lateral-edge: 0.7276, lateral-2: 0.6610, lateral-3: 0.7499, lateral-4: 0.8693, lateral-5: 0.7667]
2025-10-27 22:40:50.328227 Epoch [024/070], Step [0001/0001], [lateral-edge: 0.7270, lateral-2: 0.6485, lateral-3: 0.7404, lateral-4: 0.8618, lateral-5: 0.7510]
2025-10-27 22:40:51.892855 Epoch [025/070], Step [0001/0001], [lateral-edge: 0.7264, lateral-2: 0.6339, lateral-3: 0.7292, lateral-4: 0.8534, lateral-5: 0.7371]
2025-10-27 22:40:53.464288 Epoch [026/070], Step [0001/0001], [lateral-edge: 0.7258, lateral-2: 0.6247, lateral-3: 0.7199, lateral-4: 0.8417, lateral-5: 0.7230]
2025-10-27 22:40:55.033762 Epoch [027/070], Step [0001/0001], [lateral-edge: 0.7253, lateral-2: 0.6096, lateral-3: 0.7079, lateral-4: 0.8327, lateral-5: 0.7091]
2025-10-27 22:40:56.641204 Epoch [028/070], Step [0001/0001], [lateral-edge: 0.7248, lateral-2: 0.6142, lateral-3: 0.7117, lateral-4: 0.8354, lateral-5: 0.6990]
2025-10-27 22:40:58.231199 Epoch [029/070], Step [0001/0001], [lateral-edge: 0.7243, lateral-2: 0.5984, lateral-3: 0.7012, lateral-4: 0.8296, lateral-5: 0.6956]
[Saving Snapshot:] ./Snapshots/save_weights/Inf-Net_Morph_GroupNorm/erosion/batch_64/run_1/Inf-Net-30.pth
2025-10-27 22:41:00.105362 Epoch [030/070], Step [0001/0001], [lateral-edge: 0.7239, lateral-2: 0.6109, lateral-3: 0.7104, lateral-4: 0.8333, lateral-5: 0.6960]
2025-10-27 22:41:01.680831 Epoch [031/070], Step [0001/0001], [lateral-edge: 0.7234, lateral-2: 0.6276, lateral-3: 0.7294, lateral-4: 0.8582, lateral-5: 0.7095]
2025-10-27 22:41:03.253949 Epoch [032/070], Step [0001/0001], [lateral-edge: 0.7230, lateral-2: 0.5972, lateral-3: 0.6995, lateral-4: 0.8268, lateral-5: 0.6872]
2025-10-27 22:41:04.820023 Epoch [033/070], Step [0001/0001], [lateral-edge: 0.7226, lateral-2: 0.5997, lateral-3: 0.7032, lateral-4: 0.8296, lateral-5: 0.6737]
2025-10-27 22:41:06.371300 Epoch [034/070], Step [0001/0001], [lateral-edge: 0.7223, lateral-2: 0.5819, lateral-3: 0.6847, lateral-4: 0.8147, lateral-5: 0.6697]
2025-10-27 22:41:07.965038 Epoch [035/070], Step [0001/0001], [lateral-edge: 0.7219, lateral-2: 0.5733, lateral-3: 0.6807, lateral-4: 0.8091, lateral-5: 0.6548]
2025-10-27 22:41:09.535097 Epoch [036/070], Step [0001/0001], [lateral-edge: 0.7216, lateral-2: 0.5838, lateral-3: 0.6926, lateral-4: 0.8222, lateral-5: 0.6685]
2025-10-27 22:41:11.112080 Epoch [037/070], Step [0001/0001], [lateral-edge: 0.7212, lateral-2: 0.5789, lateral-3: 0.6884, lateral-4: 0.8224, lateral-5: 0.6592]
2025-10-27 22:41:12.677568 Epoch [038/070], Step [0001/0001], [lateral-edge: 0.7209, lateral-2: 0.5659, lateral-3: 0.6718, lateral-4: 0.8021, lateral-5: 0.6452]
2025-10-27 22:41:14.244939 Epoch [039/070], Step [0001/0001], [lateral-edge: 0.7206, lateral-2: 0.5642, lateral-3: 0.6758, lateral-4: 0.8063, lateral-5: 0.6311]
[Saving Snapshot:] ./Snapshots/save_weights/Inf-Net_Morph_GroupNorm/erosion/batch_64/run_1/Inf-Net-40.pth
2025-10-27 22:41:16.023128 Epoch [040/070], Step [0001/0001], [lateral-edge: 0.7203, lateral-2: 0.5501, lateral-3: 0.6656, lateral-4: 0.8026, lateral-5: 0.6322]
2025-10-27 22:41:17.606824 Epoch [041/070], Step [0001/0001], [lateral-edge: 0.7200, lateral-2: 0.5463, lateral-3: 0.6579, lateral-4: 0.7900, lateral-5: 0.6246]
2025-10-27 22:41:19.183691 Epoch [042/070], Step [0001/0001], [lateral-edge: 0.7197, lateral-2: 0.5341, lateral-3: 0.6506, lateral-4: 0.7880, lateral-5: 0.6110]
2025-10-27 22:41:20.756546 Epoch [043/070], Step [0001/0001], [lateral-edge: 0.7194, lateral-2: 0.5277, lateral-3: 0.6467, lateral-4: 0.7845, lateral-5: 0.6053]
2025-10-27 22:41:22.365687 Epoch [044/070], Step [0001/0001], [lateral-edge: 0.7191, lateral-2: 0.5334, lateral-3: 0.6499, lateral-4: 0.7844, lateral-5: 0.6043]
2025-10-27 22:41:23.923660 Epoch [045/070], Step [0001/0001], [lateral-edge: 0.7188, lateral-2: 0.5258, lateral-3: 0.6445, lateral-4: 0.7839, lateral-5: 0.5943]
2025-10-27 22:41:25.490314 Epoch [046/070], Step [0001/0001], [lateral-edge: 0.7185, lateral-2: 0.5312, lateral-3: 0.6518, lateral-4: 0.7938, lateral-5: 0.6063]
2025-10-27 22:41:27.095806 Epoch [047/070], Step [0001/0001], [lateral-edge: 0.7182, lateral-2: 0.5338, lateral-3: 0.6529, lateral-4: 0.7908, lateral-5: 0.6030]
2025-10-27 22:41:28.662678 Epoch [048/070], Step [0001/0001], [lateral-edge: 0.7179, lateral-2: 0.5220, lateral-3: 0.6442, lateral-4: 0.7869, lateral-5: 0.5891]
2025-10-27 22:41:30.229207 Epoch [049/070], Step [0001/0001], [lateral-edge: 0.7177, lateral-2: 0.5194, lateral-3: 0.6405, lateral-4: 0.7812, lateral-5: 0.5868]
[Saving Snapshot:] ./Snapshots/save_weights/Inf-Net_Morph_GroupNorm/erosion/batch_64/run_1/Inf-Net-50.pth
2025-10-27 22:41:32.042758 Epoch [050/070], Step [0001/0001], [lateral-edge: 0.7175, lateral-2: 0.5095, lateral-3: 0.6333, lateral-4: 0.7756, lateral-5: 0.5768]
2025-10-27 22:41:33.616558 Epoch [051/070], Step [0001/0001], [lateral-edge: 0.7175, lateral-2: 0.5049, lateral-3: 0.6289, lateral-4: 0.7708, lateral-5: 0.5740]
2025-10-27 22:41:35.190659 Epoch [052/070], Step [0001/0001], [lateral-edge: 0.7175, lateral-2: 0.5043, lateral-3: 0.6284, lateral-4: 0.7702, lateral-5: 0.5737]
2025-10-27 22:41:36.756093 Epoch [053/070], Step [0001/0001], [lateral-edge: 0.7175, lateral-2: 0.5043, lateral-3: 0.6283, lateral-4: 0.7702, lateral-5: 0.5736]
2025-10-27 22:41:38.345128 Epoch [054/070], Step [0001/0001], [lateral-edge: 0.7175, lateral-2: 0.5043, lateral-3: 0.6283, lateral-4: 0.7702, lateral-5: 0.5736]
2025-10-27 22:41:39.926502 Epoch [055/070], Step [0001/0001], [lateral-edge: 0.7175, lateral-2: 0.5043, lateral-3: 0.6283, lateral-4: 0.7702, lateral-5: 0.5736]
2025-10-27 22:41:41.508043 Epoch [056/070], Step [0001/0001], [lateral-edge: 0.7175, lateral-2: 0.5043, lateral-3: 0.6283, lateral-4: 0.7702, lateral-5: 0.5736]
2025-10-27 22:41:43.099264 Epoch [057/070], Step [0001/0001], [lateral-edge: 0.7175, lateral-2: 0.5043, lateral-3: 0.6283, lateral-4: 0.7702, lateral-5: 0.5736]
2025-10-27 22:41:44.674501 Epoch [058/070], Step [0001/0001], [lateral-edge: 0.7175, lateral-2: 0.5043, lateral-3: 0.6283, lateral-4: 0.7702, lateral-5: 0.5736]
2025-10-27 22:41:46.237571 Epoch [059/070], Step [0001/0001], [lateral-edge: 0.7175, lateral-2: 0.5043, lateral-3: 0.6283, lateral-4: 0.7702, lateral-5: 0.5736]
[Saving Snapshot:] ./Snapshots/save_weights/Inf-Net_Morph_GroupNorm/erosion/batch_64/run_1/Inf-Net-60.pth
2025-10-27 22:41:48.150297 Epoch [060/070], Step [0001/0001], [lateral-edge: 0.7175, lateral-2: 0.5043, lateral-3: 0.6283, lateral-4: 0.7702, lateral-5: 0.5736]
2025-10-27 22:41:49.723373 Epoch [061/070], Step [0001/0001], [lateral-edge: 0.7175, lateral-2: 0.5043, lateral-3: 0.6283, lateral-4: 0.7702, lateral-5: 0.5736]
2025-10-27 22:41:51.284785 Epoch [062/070], Step [0001/0001], [lateral-edge: 0.7175, lateral-2: 0.5043, lateral-3: 0.6283, lateral-4: 0.7702, lateral-5: 0.5736]
2025-10-27 22:41:52.861934 Epoch [063/070], Step [0001/0001], [lateral-edge: 0.7175, lateral-2: 0.5043, lateral-3: 0.6283, lateral-4: 0.7702, lateral-5: 0.5736]
2025-10-27 22:41:54.429129 Epoch [064/070], Step [0001/0001], [lateral-edge: 0.7175, lateral-2: 0.5043, lateral-3: 0.6283, lateral-4: 0.7702, lateral-5: 0.5736]
2025-10-27 22:41:56.018137 Epoch [065/070], Step [0001/0001], [lateral-edge: 0.7175, lateral-2: 0.5043, lateral-3: 0.6283, lateral-4: 0.7702, lateral-5: 0.5736]
2025-10-27 22:41:57.593779 Epoch [066/070], Step [0001/0001], [lateral-edge: 0.7175, lateral-2: 0.5043, lateral-3: 0.6283, lateral-4: 0.7702, lateral-5: 0.5736]
2025-10-27 22:41:59.162599 Epoch [067/070], Step [0001/0001], [lateral-edge: 0.7175, lateral-2: 0.5043, lateral-3: 0.6283, lateral-4: 0.7702, lateral-5: 0.5736]
2025-10-27 22:42:00.736017 Epoch [068/070], Step [0001/0001], [lateral-edge: 0.7175, lateral-2: 0.5043, lateral-3: 0.6283, lateral-4: 0.7702, lateral-5: 0.5736]
2025-10-27 22:42:02.322244 Epoch [069/070], Step [0001/0001], [lateral-edge: 0.7175, lateral-2: 0.5043, lateral-3: 0.6283, lateral-4: 0.7702, lateral-5: 0.5736]
[Saving Snapshot:] ./Snapshots/save_weights/Inf-Net_Morph_GroupNorm/erosion/batch_64/run_1/Inf-Net-70.pth
2025-10-27 22:42:04.169741 Epoch [070/070], Step [0001/0001], [lateral-edge: 0.7175, lateral-2: 0.5043, lateral-3: 0.6283, lateral-4: 0.7702, lateral-5: 0.5736]
Training completed at Mon Oct 27 22:42:05 CET 2025
