Backbone loading: Res2Net50
Freezing unused branches for DP compatibility...
Trainable: 31,072,721 / 33,121,721 parameters
Not loading weights from weights file
Validator raised issues with model. Attempting auto-fix...
Original error: UnsupportedModuleError
Model successfully fixed for differential privacy
###################################################################### 
Start Training (Inf-Net-Res2Net50)
Backbone: Res2Net50
Batch Size: 64
Privacy: DP Enabled (ε budget, δ=1e-05)
Morphology: both
Save Path: ./Snapshots/save_weights/Inf-Net_DP_Morph/both/batch_64/run_3/noise_multiplier_0.7
Run: 3
Namespace(epoch=70, lr=0.0001, batchsize=64, trainsize=352, clip=0.5, decay_rate=0.1, decay_epoch=50, is_thop=False, gpu_device=0, num_workers=4, net_channel=32, n_classes=1, backbone='Res2Net50', train_path='./Dataset/TrainingSet/LungInfection-Train/Doctor-label', is_semi=False, is_pseudo=False, train_save=None, run=3, enable_privacy=True, noise_multiplier=0.7, max_grad_norm=1.2, delta=1e-05, enable_morphology=True, morph_operation='both', morph_kernel_size=3, device='cuda')
 ######################################################################
2025-10-27 00:24:29.983496 Epoch [001/070], Step [0001/0001], [lateral-edge: 0.7701, lateral-2: 1.6921, lateral-3: 1.7070, lateral-4: 1.6500, lateral-5: 1.5411, epsilon: 13.0463]
2025-10-27 00:24:32.728679 Epoch [002/070], Step [0001/0001], [lateral-edge: 0.7699, lateral-2: 1.6152, lateral-3: 1.6355, lateral-4: 1.6046, lateral-5: 1.5348, epsilon: 20.4062]
2025-10-27 00:24:35.497280 Epoch [003/070], Step [0001/0001], [lateral-edge: 0.7698, lateral-2: 1.5660, lateral-3: 1.5830, lateral-4: 1.5595, lateral-5: 1.5297, epsilon: 26.7813]
2025-10-27 00:24:38.415248 Epoch [004/070], Step [0001/0001], [lateral-edge: 0.7696, lateral-2: 1.5335, lateral-3: 1.5426, lateral-4: 1.5274, lateral-5: 1.5256, epsilon: 32.6429]
2025-10-27 00:24:41.241184 Epoch [005/070], Step [0001/0001], [lateral-edge: 0.7692, lateral-2: 1.5123, lateral-3: 1.5128, lateral-4: 1.5115, lateral-5: 1.5220, epsilon: 38.1752]
2025-10-27 00:24:44.021780 Epoch [006/070], Step [0001/0001], [lateral-edge: 0.7688, lateral-2: 1.4983, lateral-3: 1.4930, lateral-4: 1.5045, lateral-5: 1.5188, epsilon: 43.4728]
2025-10-27 00:24:46.832202 Epoch [007/070], Step [0001/0001], [lateral-edge: 0.7684, lateral-2: 1.4871, lateral-3: 1.4790, lateral-4: 1.4994, lateral-5: 1.5154, epsilon: 48.5922]
2025-10-27 00:24:49.762882 Epoch [008/070], Step [0001/0001], [lateral-edge: 0.7679, lateral-2: 1.4769, lateral-3: 1.4682, lateral-4: 1.4931, lateral-5: 1.5116, epsilon: 53.5703]
2025-10-27 00:24:52.570081 Epoch [009/070], Step [0001/0001], [lateral-edge: 0.7675, lateral-2: 1.4669, lateral-3: 1.4593, lateral-4: 1.4852, lateral-5: 1.5077, epsilon: 58.4329]
[Saving Snapshot:] ./Snapshots/save_weights/Inf-Net_DP_Morph/both/batch_64/run_3/noise_multiplier_0.7/Inf-Net-10.pth
[Privacy Budget]: ε = 58.43 (δ = 1e-05)
2025-10-27 00:24:55.715726 Epoch [010/070], Step [0001/0001], [lateral-edge: 0.7670, lateral-2: 1.4569, lateral-3: 1.4513, lateral-4: 1.4755, lateral-5: 1.5033, epsilon: 63.1985]
2025-10-27 00:24:58.561785 Epoch [011/070], Step [0001/0001], [lateral-edge: 0.7666, lateral-2: 1.4471, lateral-3: 1.4446, lateral-4: 1.4652, lateral-5: 1.4989, epsilon: 67.8815]
2025-10-27 00:25:01.428385 Epoch [012/070], Step [0001/0001], [lateral-edge: 0.7662, lateral-2: 1.4374, lateral-3: 1.4388, lateral-4: 1.4556, lateral-5: 1.4947, epsilon: 72.4927]
2025-10-27 00:25:04.411905 Epoch [013/070], Step [0001/0001], [lateral-edge: 0.7659, lateral-2: 1.4281, lateral-3: 1.4337, lateral-4: 1.4467, lateral-5: 1.4910, epsilon: 77.0409]
2025-10-27 00:25:07.322267 Epoch [014/070], Step [0001/0001], [lateral-edge: 0.7655, lateral-2: 1.4189, lateral-3: 1.4286, lateral-4: 1.4389, lateral-5: 1.4875, epsilon: 81.5333]
2025-10-27 00:25:10.282164 Epoch [015/070], Step [0001/0001], [lateral-edge: 0.7652, lateral-2: 1.4097, lateral-3: 1.4231, lateral-4: 1.4318, lateral-5: 1.4841, epsilon: 85.9757]
2025-10-27 00:25:13.106475 Epoch [016/070], Step [0001/0001], [lateral-edge: 0.7649, lateral-2: 1.4005, lateral-3: 1.4169, lateral-4: 1.4254, lateral-5: 1.4809, epsilon: 90.3730]
2025-10-27 00:25:16.149901 Epoch [017/070], Step [0001/0001], [lateral-edge: 0.7646, lateral-2: 1.3913, lateral-3: 1.4103, lateral-4: 1.4190, lateral-5: 1.4777, epsilon: 94.7294]
2025-10-27 00:25:19.248269 Epoch [018/070], Step [0001/0001], [lateral-edge: 0.7643, lateral-2: 1.3822, lateral-3: 1.4034, lateral-4: 1.4130, lateral-5: 1.4747, epsilon: 99.0484]
2025-10-27 00:25:22.101884 Epoch [019/070], Step [0001/0001], [lateral-edge: 0.7640, lateral-2: 1.3732, lateral-3: 1.3965, lateral-4: 1.4076, lateral-5: 1.4718, epsilon: 103.3331]
[Saving Snapshot:] ./Snapshots/save_weights/Inf-Net_DP_Morph/both/batch_64/run_3/noise_multiplier_0.7/Inf-Net-20.pth
[Privacy Budget]: ε = 103.33 (δ = 1e-05)
2025-10-27 00:25:25.590489 Epoch [020/070], Step [0001/0001], [lateral-edge: 0.7637, lateral-2: 1.3643, lateral-3: 1.3897, lateral-4: 1.4024, lateral-5: 1.4688, epsilon: 107.5861]
2025-10-27 00:25:28.674878 Epoch [021/070], Step [0001/0001], [lateral-edge: 0.7633, lateral-2: 1.3556, lateral-3: 1.3831, lateral-4: 1.3975, lateral-5: 1.4657, epsilon: 111.8098]
2025-10-27 00:25:31.741980 Epoch [022/070], Step [0001/0001], [lateral-edge: 0.7630, lateral-2: 1.3473, lateral-3: 1.3766, lateral-4: 1.3926, lateral-5: 1.4627, epsilon: 116.0063]
2025-10-27 00:25:34.859892 Epoch [023/070], Step [0001/0001], [lateral-edge: 0.7626, lateral-2: 1.3393, lateral-3: 1.3704, lateral-4: 1.3877, lateral-5: 1.4596, epsilon: 120.1773]
2025-10-27 00:25:37.994905 Epoch [024/070], Step [0001/0001], [lateral-edge: 0.7623, lateral-2: 1.3315, lateral-3: 1.3644, lateral-4: 1.3827, lateral-5: 1.4565, epsilon: 124.3245]
2025-10-27 00:25:41.161162 Epoch [025/070], Step [0001/0001], [lateral-edge: 0.7620, lateral-2: 1.3238, lateral-3: 1.3587, lateral-4: 1.3774, lateral-5: 1.4536, epsilon: 128.4495]
2025-10-27 00:25:44.085723 Epoch [026/070], Step [0001/0001], [lateral-edge: 0.7617, lateral-2: 1.3163, lateral-3: 1.3534, lateral-4: 1.3718, lateral-5: 1.4505, epsilon: 132.5534]
2025-10-27 00:25:47.436031 Epoch [027/070], Step [0001/0001], [lateral-edge: 0.7613, lateral-2: 1.3090, lateral-3: 1.3483, lateral-4: 1.3663, lateral-5: 1.4474, epsilon: 136.6376]
2025-10-27 00:25:50.696015 Epoch [028/070], Step [0001/0001], [lateral-edge: 0.7610, lateral-2: 1.3018, lateral-3: 1.3432, lateral-4: 1.3608, lateral-5: 1.4445, epsilon: 140.7030]
2025-10-27 00:25:54.010369 Epoch [029/070], Step [0001/0001], [lateral-edge: 0.7607, lateral-2: 1.2949, lateral-3: 1.3381, lateral-4: 1.3554, lateral-5: 1.4418, epsilon: 144.7507]
[Saving Snapshot:] ./Snapshots/save_weights/Inf-Net_DP_Morph/both/batch_64/run_3/noise_multiplier_0.7/Inf-Net-30.pth
[Privacy Budget]: ε = 144.75 (δ = 1e-05)
2025-10-27 00:25:58.010146 Epoch [030/070], Step [0001/0001], [lateral-edge: 0.7604, lateral-2: 1.2883, lateral-3: 1.3331, lateral-4: 1.3506, lateral-5: 1.4392, epsilon: 148.7816]
2025-10-27 00:26:01.374650 Epoch [031/070], Step [0001/0001], [lateral-edge: 0.7600, lateral-2: 1.2818, lateral-3: 1.3279, lateral-4: 1.3461, lateral-5: 1.4365, epsilon: 152.7965]
2025-10-27 00:26:04.861225 Epoch [032/070], Step [0001/0001], [lateral-edge: 0.7596, lateral-2: 1.2755, lateral-3: 1.3226, lateral-4: 1.3419, lateral-5: 1.4336, epsilon: 156.7963]
2025-10-27 00:26:08.288056 Epoch [033/070], Step [0001/0001], [lateral-edge: 0.7593, lateral-2: 1.2695, lateral-3: 1.3175, lateral-4: 1.3378, lateral-5: 1.4308, epsilon: 160.7815]
2025-10-27 00:26:11.482452 Epoch [034/070], Step [0001/0001], [lateral-edge: 0.7590, lateral-2: 1.2636, lateral-3: 1.3125, lateral-4: 1.3338, lateral-5: 1.4280, epsilon: 164.7528]
2025-10-27 00:26:14.629794 Epoch [035/070], Step [0001/0001], [lateral-edge: 0.7587, lateral-2: 1.2577, lateral-3: 1.3076, lateral-4: 1.3296, lateral-5: 1.4251, epsilon: 168.7109]
2025-10-27 00:26:18.312984 Epoch [036/070], Step [0001/0001], [lateral-edge: 0.7585, lateral-2: 1.2520, lateral-3: 1.3027, lateral-4: 1.3257, lateral-5: 1.4222, epsilon: 172.6563]
2025-10-27 00:26:21.433596 Epoch [037/070], Step [0001/0001], [lateral-edge: 0.7583, lateral-2: 1.2463, lateral-3: 1.2978, lateral-4: 1.3217, lateral-5: 1.4194, epsilon: 176.5895]
2025-10-27 00:26:25.061001 Epoch [038/070], Step [0001/0001], [lateral-edge: 0.7580, lateral-2: 1.2409, lateral-3: 1.2931, lateral-4: 1.3177, lateral-5: 1.4168, epsilon: 180.5111]
2025-10-27 00:26:28.682457 Epoch [039/070], Step [0001/0001], [lateral-edge: 0.7579, lateral-2: 1.2356, lateral-3: 1.2885, lateral-4: 1.3138, lateral-5: 1.4141, epsilon: 184.4215]
[Saving Snapshot:] ./Snapshots/save_weights/Inf-Net_DP_Morph/both/batch_64/run_3/noise_multiplier_0.7/Inf-Net-40.pth
[Privacy Budget]: ε = 184.42 (δ = 1e-05)
2025-10-27 00:26:32.854972 Epoch [040/070], Step [0001/0001], [lateral-edge: 0.7577, lateral-2: 1.2304, lateral-3: 1.2840, lateral-4: 1.3099, lateral-5: 1.4114, epsilon: 188.3210]
2025-10-27 00:26:36.723068 Epoch [041/070], Step [0001/0001], [lateral-edge: 0.7576, lateral-2: 1.2254, lateral-3: 1.2798, lateral-4: 1.3061, lateral-5: 1.4086, epsilon: 192.2102]
2025-10-27 00:26:40.511855 Epoch [042/070], Step [0001/0001], [lateral-edge: 0.7574, lateral-2: 1.2206, lateral-3: 1.2756, lateral-4: 1.3024, lateral-5: 1.4056, epsilon: 196.0894]
2025-10-27 00:26:44.230073 Epoch [043/070], Step [0001/0001], [lateral-edge: 0.7572, lateral-2: 1.2159, lateral-3: 1.2715, lateral-4: 1.2990, lateral-5: 1.4027, epsilon: 199.9589]
2025-10-27 00:26:47.744444 Epoch [044/070], Step [0001/0001], [lateral-edge: 0.7570, lateral-2: 1.2111, lateral-3: 1.2670, lateral-4: 1.2957, lateral-5: 1.3999, epsilon: 203.8190]
2025-10-27 00:26:51.562019 Epoch [045/070], Step [0001/0001], [lateral-edge: 0.7568, lateral-2: 1.2063, lateral-3: 1.2625, lateral-4: 1.2926, lateral-5: 1.3972, epsilon: 207.6702]
2025-10-27 00:26:55.529943 Epoch [046/070], Step [0001/0001], [lateral-edge: 0.7566, lateral-2: 1.2018, lateral-3: 1.2582, lateral-4: 1.2894, lateral-5: 1.3943, epsilon: 211.5127]
2025-10-27 00:26:59.438781 Epoch [047/070], Step [0001/0001], [lateral-edge: 0.7565, lateral-2: 1.1976, lateral-3: 1.2543, lateral-4: 1.2863, lateral-5: 1.3912, epsilon: 215.3467]
2025-10-27 00:27:02.856477 Epoch [048/070], Step [0001/0001], [lateral-edge: 0.7563, lateral-2: 1.1933, lateral-3: 1.2504, lateral-4: 1.2831, lateral-5: 1.3882, epsilon: 219.1726]
2025-10-27 00:27:06.785821 Epoch [049/070], Step [0001/0001], [lateral-edge: 0.7561, lateral-2: 1.1894, lateral-3: 1.2468, lateral-4: 1.2799, lateral-5: 1.3851, epsilon: 222.9906]
[Saving Snapshot:] ./Snapshots/save_weights/Inf-Net_DP_Morph/both/batch_64/run_3/noise_multiplier_0.7/Inf-Net-50.pth
[Privacy Budget]: ε = 222.99 (δ = 1e-05)
2025-10-27 00:27:12.297890 Epoch [050/070], Step [0001/0001], [lateral-edge: 0.7559, lateral-2: 1.1867, lateral-3: 1.2443, lateral-4: 1.2776, lateral-5: 1.3831, epsilon: 226.8009]
2025-10-27 00:27:16.399998 Epoch [051/070], Step [0001/0001], [lateral-edge: 0.7559, lateral-2: 1.1864, lateral-3: 1.2441, lateral-4: 1.2773, lateral-5: 1.3829, epsilon: 230.6037]
2025-10-27 00:27:20.488389 Epoch [052/070], Step [0001/0001], [lateral-edge: 0.7559, lateral-2: 1.1864, lateral-3: 1.2440, lateral-4: 1.2773, lateral-5: 1.3828, epsilon: 234.3994]
2025-10-27 00:27:24.063629 Epoch [053/070], Step [0001/0001], [lateral-edge: 0.7559, lateral-2: 1.1864, lateral-3: 1.2441, lateral-4: 1.2773, lateral-5: 1.3829, epsilon: 238.1880]
2025-10-27 00:27:28.178790 Epoch [054/070], Step [0001/0001], [lateral-edge: 0.7559, lateral-2: 1.1864, lateral-3: 1.2440, lateral-4: 1.2773, lateral-5: 1.3828, epsilon: 241.9698]
2025-10-27 00:27:32.319804 Epoch [055/070], Step [0001/0001], [lateral-edge: 0.7559, lateral-2: 1.1864, lateral-3: 1.2441, lateral-4: 1.2773, lateral-5: 1.3829, epsilon: 245.7450]
2025-10-27 00:27:35.852997 Epoch [056/070], Step [0001/0001], [lateral-edge: 0.7559, lateral-2: 1.1864, lateral-3: 1.2441, lateral-4: 1.2773, lateral-5: 1.3829, epsilon: 249.5137]
2025-10-27 00:27:39.692924 Epoch [057/070], Step [0001/0001], [lateral-edge: 0.7559, lateral-2: 1.1864, lateral-3: 1.2441, lateral-4: 1.2773, lateral-5: 1.3829, epsilon: 253.2762]
2025-10-27 00:27:43.941219 Epoch [058/070], Step [0001/0001], [lateral-edge: 0.7559, lateral-2: 1.1864, lateral-3: 1.2441, lateral-4: 1.2773, lateral-5: 1.3829, epsilon: 257.0325]
2025-10-27 00:27:48.462315 Epoch [059/070], Step [0001/0001], [lateral-edge: 0.7559, lateral-2: 1.1864, lateral-3: 1.2441, lateral-4: 1.2773, lateral-5: 1.3829, epsilon: 260.7829]
[Saving Snapshot:] ./Snapshots/save_weights/Inf-Net_DP_Morph/both/batch_64/run_3/noise_multiplier_0.7/Inf-Net-60.pth
[Privacy Budget]: ε = 260.78 (δ = 1e-05)
2025-10-27 00:27:54.885088 Epoch [060/070], Step [0001/0001], [lateral-edge: 0.7559, lateral-2: 1.1864, lateral-3: 1.2441, lateral-4: 1.2773, lateral-5: 1.3829, epsilon: 264.5275]
2025-10-27 00:27:58.769147 Epoch [061/070], Step [0001/0001], [lateral-edge: 0.7559, lateral-2: 1.1864, lateral-3: 1.2441, lateral-4: 1.2773, lateral-5: 1.3829, epsilon: 268.2664]
2025-10-27 00:28:03.295723 Epoch [062/070], Step [0001/0001], [lateral-edge: 0.7559, lateral-2: 1.1864, lateral-3: 1.2441, lateral-4: 1.2773, lateral-5: 1.3829, epsilon: 271.9998]
2025-10-27 00:28:07.723747 Epoch [063/070], Step [0001/0001], [lateral-edge: 0.7559, lateral-2: 1.1864, lateral-3: 1.2441, lateral-4: 1.2773, lateral-5: 1.3829, epsilon: 275.7278]
2025-10-27 00:28:12.173741 Epoch [064/070], Step [0001/0001], [lateral-edge: 0.7559, lateral-2: 1.1864, lateral-3: 1.2441, lateral-4: 1.2773, lateral-5: 1.3829, epsilon: 279.4506]
2025-10-27 00:28:16.712429 Epoch [065/070], Step [0001/0001], [lateral-edge: 0.7559, lateral-2: 1.1864, lateral-3: 1.2441, lateral-4: 1.2773, lateral-5: 1.3829, epsilon: 283.1682]
2025-10-27 00:28:21.257329 Epoch [066/070], Step [0001/0001], [lateral-edge: 0.7559, lateral-2: 1.1864, lateral-3: 1.2441, lateral-4: 1.2773, lateral-5: 1.3829, epsilon: 286.8808]
2025-10-27 00:28:25.926365 Epoch [067/070], Step [0001/0001], [lateral-edge: 0.7559, lateral-2: 1.1864, lateral-3: 1.2441, lateral-4: 1.2773, lateral-5: 1.3829, epsilon: 290.5885]
2025-10-27 00:28:30.540297 Epoch [068/070], Step [0001/0001], [lateral-edge: 0.7559, lateral-2: 1.1864, lateral-3: 1.2441, lateral-4: 1.2773, lateral-5: 1.3829, epsilon: 294.2913]
2025-10-27 00:28:35.321481 Epoch [069/070], Step [0001/0001], [lateral-edge: 0.7559, lateral-2: 1.1864, lateral-3: 1.2441, lateral-4: 1.2773, lateral-5: 1.3829, epsilon: 297.9895]
[Saving Snapshot:] ./Snapshots/save_weights/Inf-Net_DP_Morph/both/batch_64/run_3/noise_multiplier_0.7/Inf-Net-70.pth
[Privacy Budget]: ε = 297.99 (δ = 1e-05)
2025-10-27 00:28:41.760416 Epoch [070/070], Step [0001/0001], [lateral-edge: 0.7559, lateral-2: 1.1864, lateral-3: 1.2441, lateral-4: 1.2773, lateral-5: 1.3829, epsilon: 301.6831]
Training completed at Mon Oct 27 00:28:43 CET 2025
