Backbone loading: Res2Net50
Freezing unused branches for DP compatibility...
Trainable: 31,072,721 / 33,121,721 parameters
Not loading weights from weights file
Validator raised issues with model. Attempting auto-fix...
Original error: UnsupportedModuleError
Model successfully fixed for differential privacy
###################################################################### 
Start Training (Inf-Net-Res2Net50)
Backbone: Res2Net50
Batch Size: 48
Privacy: DP Enabled (ε budget, δ=1e-05)
Morphology: open
Save Path: ./Snapshots/save_weights/Inf-Net_DP_Morph/open/batch_48/run_1/noise_multiplier_0.7
Run: 1
Namespace(epoch=70, lr=0.0001, batchsize=48, trainsize=352, clip=0.5, decay_rate=0.1, decay_epoch=50, is_thop=False, gpu_device=0, num_workers=4, net_channel=32, n_classes=1, backbone='Res2Net50', train_path='./Dataset/TrainingSet/LungInfection-Train/Doctor-label', is_semi=False, is_pseudo=False, train_save=None, run=1, enable_privacy=True, noise_multiplier=0.7, max_grad_norm=1.2, delta=1e-05, enable_morphology=True, morph_operation='open', morph_kernel_size=3, device='cuda')
 ######################################################################
2025-10-26 23:48:39.195031 Epoch [001/070], Step [0002/0002], [lateral-edge: 0.7687, lateral-2: 1.7927, lateral-3: 1.6661, lateral-4: 1.5583, lateral-5: 1.4972, epsilon: 13.9265]
2025-10-26 23:48:43.885881 Epoch [002/070], Step [0002/0002], [lateral-edge: 0.7677, lateral-2: 1.6629, lateral-3: 1.5761, lateral-4: 1.5027, lateral-5: 1.4795, epsilon: 19.9996]
2025-10-26 23:48:47.598085 Epoch [003/070], Step [0002/0002], [lateral-edge: 0.7684, lateral-2: 1.6107, lateral-3: 1.5484, lateral-4: 1.5105, lateral-5: 1.4851, epsilon: 25.0333]
2025-10-26 23:48:51.662521 Epoch [004/070], Step [0002/0002], [lateral-edge: 0.7669, lateral-2: 1.5753, lateral-3: 1.5246, lateral-4: 1.4871, lateral-5: 1.4762, epsilon: 29.5471]
2025-10-26 23:48:56.113263 Epoch [005/070], Step [0002/0002], [lateral-edge: 0.7671, lateral-2: 1.5351, lateral-3: 1.4925, lateral-4: 1.4600, lateral-5: 1.4635, epsilon: 33.7336]
2025-10-26 23:49:00.692858 Epoch [006/070], Step [0002/0002], [lateral-edge: 0.7657, lateral-2: 1.5145, lateral-3: 1.4814, lateral-4: 1.4514, lateral-5: 1.4607, epsilon: 37.6898]
2025-10-26 23:49:04.915526 Epoch [007/070], Step [0002/0002], [lateral-edge: 0.7659, lateral-2: 1.4943, lateral-3: 1.4681, lateral-4: 1.4424, lateral-5: 1.4595, epsilon: 41.4724]
2025-10-26 23:49:08.753488 Epoch [008/070], Step [0002/0002], [lateral-edge: 0.7659, lateral-2: 1.4739, lateral-3: 1.4617, lateral-4: 1.4480, lateral-5: 1.4548, epsilon: 45.1182]
2025-10-26 23:49:12.697777 Epoch [009/070], Step [0002/0002], [lateral-edge: 0.7641, lateral-2: 1.4646, lateral-3: 1.4565, lateral-4: 1.4424, lateral-5: 1.4534, epsilon: 48.6524]
[Saving Snapshot:] ./Snapshots/save_weights/Inf-Net_DP_Morph/open/batch_48/run_1/noise_multiplier_0.7/Inf-Net-10.pth
[Privacy Budget]: ε = 48.65 (δ = 1e-05)
2025-10-26 23:49:16.984975 Epoch [010/070], Step [0002/0002], [lateral-edge: 0.7645, lateral-2: 1.4367, lateral-3: 1.4332, lateral-4: 1.4185, lateral-5: 1.4431, epsilon: 52.0934]
2025-10-26 23:49:20.844089 Epoch [011/070], Step [0002/0002], [lateral-edge: 0.7644, lateral-2: 1.4258, lateral-3: 1.4305, lateral-4: 1.4133, lateral-5: 1.4372, epsilon: 55.4551]
2025-10-26 23:49:25.181315 Epoch [012/070], Step [0002/0002], [lateral-edge: 0.7626, lateral-2: 1.4335, lateral-3: 1.4342, lateral-4: 1.4358, lateral-5: 1.4467, epsilon: 58.7482]
2025-10-26 23:49:29.699097 Epoch [013/070], Step [0002/0002], [lateral-edge: 0.7626, lateral-2: 1.3958, lateral-3: 1.4106, lateral-4: 1.4018, lateral-5: 1.4281, epsilon: 61.9812]
2025-10-26 23:49:33.524053 Epoch [014/070], Step [0002/0002], [lateral-edge: 0.7626, lateral-2: 1.4089, lateral-3: 1.4168, lateral-4: 1.4148, lateral-5: 1.4357, epsilon: 65.1609]
2025-10-26 23:49:37.336284 Epoch [015/070], Step [0002/0002], [lateral-edge: 0.7618, lateral-2: 1.3931, lateral-3: 1.4074, lateral-4: 1.4047, lateral-5: 1.4316, epsilon: 68.2930]
2025-10-26 23:49:41.567634 Epoch [016/070], Step [0002/0002], [lateral-edge: 0.7612, lateral-2: 1.3759, lateral-3: 1.3904, lateral-4: 1.3856, lateral-5: 1.4199, epsilon: 71.3823]
2025-10-26 23:49:45.702885 Epoch [017/070], Step [0002/0002], [lateral-edge: 0.7608, lateral-2: 1.3773, lateral-3: 1.3986, lateral-4: 1.3954, lateral-5: 1.4250, epsilon: 74.4326]
2025-10-26 23:49:49.808577 Epoch [018/070], Step [0002/0002], [lateral-edge: 0.7605, lateral-2: 1.3574, lateral-3: 1.3809, lateral-4: 1.3829, lateral-5: 1.4194, epsilon: 77.4475]
2025-10-26 23:49:53.578769 Epoch [019/070], Step [0002/0002], [lateral-edge: 0.7598, lateral-2: 1.3505, lateral-3: 1.3741, lateral-4: 1.3736, lateral-5: 1.4107, epsilon: 80.4298]
[Saving Snapshot:] ./Snapshots/save_weights/Inf-Net_DP_Morph/open/batch_48/run_1/noise_multiplier_0.7/Inf-Net-20.pth
[Privacy Budget]: ε = 80.43 (δ = 1e-05)
2025-10-26 23:49:58.424538 Epoch [020/070], Step [0002/0002], [lateral-edge: 0.7605, lateral-2: 1.3484, lateral-3: 1.3753, lateral-4: 1.3755, lateral-5: 1.4138, epsilon: 83.3821]
2025-10-26 23:50:02.197871 Epoch [021/070], Step [0002/0002], [lateral-edge: 0.7597, lateral-2: 1.3383, lateral-3: 1.3680, lateral-4: 1.3722, lateral-5: 1.4102, epsilon: 86.3066]
2025-10-26 23:50:06.460913 Epoch [022/070], Step [0002/0002], [lateral-edge: 0.7598, lateral-2: 1.3256, lateral-3: 1.3585, lateral-4: 1.3593, lateral-5: 1.4048, epsilon: 89.2054]
2025-10-26 23:50:10.244239 Epoch [023/070], Step [0002/0002], [lateral-edge: 0.7588, lateral-2: 1.3337, lateral-3: 1.3593, lateral-4: 1.3607, lateral-5: 1.4011, epsilon: 92.0801]
2025-10-26 23:50:14.801955 Epoch [024/070], Step [0002/0002], [lateral-edge: 0.7593, lateral-2: 1.3103, lateral-3: 1.3494, lateral-4: 1.3485, lateral-5: 1.3937, epsilon: 94.9324]
2025-10-26 23:50:18.851446 Epoch [025/070], Step [0002/0002], [lateral-edge: 0.7592, lateral-2: 1.3120, lateral-3: 1.3478, lateral-4: 1.3579, lateral-5: 1.3974, epsilon: 97.7635]
2025-10-26 23:50:22.989137 Epoch [026/070], Step [0002/0002], [lateral-edge: 0.7594, lateral-2: 1.2939, lateral-3: 1.3315, lateral-4: 1.3333, lateral-5: 1.3831, epsilon: 100.5748]
2025-10-26 23:50:27.201516 Epoch [027/070], Step [0002/0002], [lateral-edge: 0.7584, lateral-2: 1.3111, lateral-3: 1.3362, lateral-4: 1.3412, lateral-5: 1.3885, epsilon: 103.3675]
2025-10-26 23:50:30.987466 Epoch [028/070], Step [0002/0002], [lateral-edge: 0.7581, lateral-2: 1.2828, lateral-3: 1.3289, lateral-4: 1.3286, lateral-5: 1.3792, epsilon: 106.1424]
2025-10-26 23:50:35.254616 Epoch [029/070], Step [0002/0002], [lateral-edge: 0.7574, lateral-2: 1.2913, lateral-3: 1.3249, lateral-4: 1.3307, lateral-5: 1.3794, epsilon: 108.9007]
[Saving Snapshot:] ./Snapshots/save_weights/Inf-Net_DP_Morph/open/batch_48/run_1/noise_multiplier_0.7/Inf-Net-30.pth
[Privacy Budget]: ε = 108.90 (δ = 1e-05)
2025-10-26 23:50:40.637044 Epoch [030/070], Step [0002/0002], [lateral-edge: 0.7579, lateral-2: 1.2743, lateral-3: 1.3190, lateral-4: 1.3215, lateral-5: 1.3761, epsilon: 111.6431]
2025-10-26 23:50:45.694707 Epoch [031/070], Step [0002/0002], [lateral-edge: 0.7572, lateral-2: 1.2611, lateral-3: 1.3100, lateral-4: 1.3014, lateral-5: 1.3655, epsilon: 114.3704]
2025-10-26 23:50:50.067642 Epoch [032/070], Step [0002/0002], [lateral-edge: 0.7573, lateral-2: 1.2781, lateral-3: 1.3080, lateral-4: 1.3205, lateral-5: 1.3699, epsilon: 117.0834]
2025-10-26 23:50:54.803295 Epoch [033/070], Step [0002/0002], [lateral-edge: 0.7578, lateral-2: 1.2565, lateral-3: 1.2955, lateral-4: 1.3147, lateral-5: 1.3653, epsilon: 119.7827]
2025-10-26 23:50:59.275610 Epoch [034/070], Step [0002/0002], [lateral-edge: 0.7565, lateral-2: 1.2476, lateral-3: 1.2938, lateral-4: 1.3063, lateral-5: 1.3618, epsilon: 122.4689]
2025-10-26 23:51:04.010003 Epoch [035/070], Step [0002/0002], [lateral-edge: 0.7561, lateral-2: 1.2448, lateral-3: 1.2955, lateral-4: 1.3032, lateral-5: 1.3589, epsilon: 125.1427]
2025-10-26 23:51:08.732817 Epoch [036/070], Step [0002/0002], [lateral-edge: 0.7570, lateral-2: 1.2422, lateral-3: 1.2860, lateral-4: 1.2901, lateral-5: 1.3520, epsilon: 127.8045]
2025-10-26 23:51:12.824695 Epoch [037/070], Step [0002/0002], [lateral-edge: 0.7571, lateral-2: 1.2544, lateral-3: 1.2900, lateral-4: 1.3120, lateral-5: 1.3589, epsilon: 130.4549]
2025-10-26 23:51:17.656001 Epoch [038/070], Step [0002/0002], [lateral-edge: 0.7552, lateral-2: 1.2247, lateral-3: 1.2823, lateral-4: 1.2833, lateral-5: 1.3482, epsilon: 133.0943]
2025-10-26 23:51:22.017797 Epoch [039/070], Step [0002/0002], [lateral-edge: 0.7563, lateral-2: 1.2221, lateral-3: 1.2681, lateral-4: 1.2772, lateral-5: 1.3438, epsilon: 135.7231]
[Saving Snapshot:] ./Snapshots/save_weights/Inf-Net_DP_Morph/open/batch_48/run_1/noise_multiplier_0.7/Inf-Net-40.pth
[Privacy Budget]: ε = 135.72 (δ = 1e-05)
2025-10-26 23:51:26.989521 Epoch [040/070], Step [0002/0002], [lateral-edge: 0.7563, lateral-2: 1.2225, lateral-3: 1.2697, lateral-4: 1.2887, lateral-5: 1.3469, epsilon: 138.3418]
2025-10-26 23:51:31.736749 Epoch [041/070], Step [0002/0002], [lateral-edge: 0.7554, lateral-2: 1.2182, lateral-3: 1.2620, lateral-4: 1.2681, lateral-5: 1.3368, epsilon: 140.9507]
2025-10-26 23:51:36.447279 Epoch [042/070], Step [0002/0002], [lateral-edge: 0.7557, lateral-2: 1.2132, lateral-3: 1.2599, lateral-4: 1.2761, lateral-5: 1.3362, epsilon: 143.5501]
2025-10-26 23:51:41.352752 Epoch [043/070], Step [0002/0002], [lateral-edge: 0.7560, lateral-2: 1.2100, lateral-3: 1.2564, lateral-4: 1.2631, lateral-5: 1.3332, epsilon: 146.1405]
2025-10-26 23:51:46.140151 Epoch [044/070], Step [0002/0002], [lateral-edge: 0.7545, lateral-2: 1.1931, lateral-3: 1.2432, lateral-4: 1.2501, lateral-5: 1.3243, epsilon: 148.7221]
2025-10-26 23:51:51.154800 Epoch [045/070], Step [0002/0002], [lateral-edge: 0.7547, lateral-2: 1.1865, lateral-3: 1.2488, lateral-4: 1.2605, lateral-5: 1.3319, epsilon: 151.2953]
2025-10-26 23:51:55.530721 Epoch [046/070], Step [0002/0002], [lateral-edge: 0.7546, lateral-2: 1.2039, lateral-3: 1.2573, lateral-4: 1.2684, lateral-5: 1.3313, epsilon: 153.8603]
2025-10-26 23:52:00.553335 Epoch [047/070], Step [0002/0002], [lateral-edge: 0.7560, lateral-2: 1.1922, lateral-3: 1.2315, lateral-4: 1.2505, lateral-5: 1.3195, epsilon: 156.4173]
2025-10-26 23:52:05.260830 Epoch [048/070], Step [0002/0002], [lateral-edge: 0.7548, lateral-2: 1.1876, lateral-3: 1.2286, lateral-4: 1.2461, lateral-5: 1.3194, epsilon: 158.9667]
2025-10-26 23:52:09.507570 Epoch [049/070], Step [0002/0002], [lateral-edge: 0.7545, lateral-2: 1.1885, lateral-3: 1.2334, lateral-4: 1.2463, lateral-5: 1.3186, epsilon: 161.5086]
[Saving Snapshot:] ./Snapshots/save_weights/Inf-Net_DP_Morph/open/batch_48/run_1/noise_multiplier_0.7/Inf-Net-50.pth
[Privacy Budget]: ε = 161.51 (δ = 1e-05)
2025-10-26 23:52:15.505287 Epoch [050/070], Step [0002/0002], [lateral-edge: 0.7536, lateral-2: 1.1753, lateral-3: 1.2285, lateral-4: 1.2478, lateral-5: 1.3179, epsilon: 164.0434]
2025-10-26 23:52:19.735245 Epoch [051/070], Step [0002/0002], [lateral-edge: 0.7550, lateral-2: 1.1890, lateral-3: 1.2313, lateral-4: 1.2529, lateral-5: 1.3185, epsilon: 166.5711]
2025-10-26 23:52:24.676191 Epoch [052/070], Step [0002/0002], [lateral-edge: 0.7534, lateral-2: 1.1687, lateral-3: 1.2347, lateral-4: 1.2434, lateral-5: 1.3191, epsilon: 169.0921]
2025-10-26 23:52:29.616283 Epoch [053/070], Step [0002/0002], [lateral-edge: 0.7546, lateral-2: 1.1767, lateral-3: 1.2369, lateral-4: 1.2516, lateral-5: 1.3173, epsilon: 171.6064]
2025-10-26 23:52:34.808097 Epoch [054/070], Step [0002/0002], [lateral-edge: 0.7545, lateral-2: 1.1727, lateral-3: 1.2281, lateral-4: 1.2444, lateral-5: 1.3163, epsilon: 174.1144]
2025-10-26 23:52:40.137681 Epoch [055/070], Step [0002/0002], [lateral-edge: 0.7543, lateral-2: 1.1730, lateral-3: 1.2225, lateral-4: 1.2374, lateral-5: 1.3093, epsilon: 176.6162]
2025-10-26 23:52:45.431616 Epoch [056/070], Step [0002/0002], [lateral-edge: 0.7546, lateral-2: 1.1868, lateral-3: 1.2278, lateral-4: 1.2465, lateral-5: 1.3131, epsilon: 179.1118]
2025-10-26 23:52:50.802008 Epoch [057/070], Step [0002/0002], [lateral-edge: 0.7539, lateral-2: 1.1910, lateral-3: 1.2427, lateral-4: 1.2523, lateral-5: 1.3204, epsilon: 181.6016]
2025-10-26 23:52:56.313921 Epoch [058/070], Step [0002/0002], [lateral-edge: 0.7535, lateral-2: 1.1828, lateral-3: 1.2341, lateral-4: 1.2407, lateral-5: 1.3150, epsilon: 184.0857]
2025-10-26 23:53:01.554220 Epoch [059/070], Step [0002/0002], [lateral-edge: 0.7541, lateral-2: 1.1933, lateral-3: 1.2400, lateral-4: 1.2570, lateral-5: 1.3193, epsilon: 186.5642]
[Saving Snapshot:] ./Snapshots/save_weights/Inf-Net_DP_Morph/open/batch_48/run_1/noise_multiplier_0.7/Inf-Net-60.pth
[Privacy Budget]: ε = 186.56 (δ = 1e-05)
2025-10-26 23:53:08.393464 Epoch [060/070], Step [0002/0002], [lateral-edge: 0.7540, lateral-2: 1.1813, lateral-3: 1.2232, lateral-4: 1.2444, lateral-5: 1.3114, epsilon: 189.0372]
2025-10-26 23:53:13.738979 Epoch [061/070], Step [0002/0002], [lateral-edge: 0.7539, lateral-2: 1.1913, lateral-3: 1.2358, lateral-4: 1.2540, lateral-5: 1.3187, epsilon: 191.5049]
2025-10-26 23:53:19.821036 Epoch [062/070], Step [0002/0002], [lateral-edge: 0.7543, lateral-2: 1.1821, lateral-3: 1.2316, lateral-4: 1.2452, lateral-5: 1.3174, epsilon: 193.9674]
2025-10-26 23:53:25.563395 Epoch [063/070], Step [0002/0002], [lateral-edge: 0.7540, lateral-2: 1.2049, lateral-3: 1.2389, lateral-4: 1.2563, lateral-5: 1.3182, epsilon: 196.4248]
2025-10-26 23:53:31.351321 Epoch [064/070], Step [0002/0002], [lateral-edge: 0.7533, lateral-2: 1.1737, lateral-3: 1.2251, lateral-4: 1.2359, lateral-5: 1.3098, epsilon: 198.8773]
2025-10-26 23:53:37.234290 Epoch [065/070], Step [0002/0002], [lateral-edge: 0.7541, lateral-2: 1.1762, lateral-3: 1.2379, lateral-4: 1.2487, lateral-5: 1.3189, epsilon: 201.3250]
2025-10-26 23:53:42.652146 Epoch [066/070], Step [0002/0002], [lateral-edge: 0.7546, lateral-2: 1.1850, lateral-3: 1.2311, lateral-4: 1.2481, lateral-5: 1.3180, epsilon: 203.7680]
2025-10-26 23:53:48.428906 Epoch [067/070], Step [0002/0002], [lateral-edge: 0.7537, lateral-2: 1.1821, lateral-3: 1.2307, lateral-4: 1.2446, lateral-5: 1.3148, epsilon: 206.2064]
2025-10-26 23:53:54.048580 Epoch [068/070], Step [0002/0002], [lateral-edge: 0.7537, lateral-2: 1.1717, lateral-3: 1.2347, lateral-4: 1.2432, lateral-5: 1.3166, epsilon: 208.6403]
2025-10-26 23:53:59.715770 Epoch [069/070], Step [0002/0002], [lateral-edge: 0.7539, lateral-2: 1.1954, lateral-3: 1.2427, lateral-4: 1.2617, lateral-5: 1.3221, epsilon: 211.0697]
[Saving Snapshot:] ./Snapshots/save_weights/Inf-Net_DP_Morph/open/batch_48/run_1/noise_multiplier_0.7/Inf-Net-70.pth
[Privacy Budget]: ε = 211.07 (δ = 1e-05)
2025-10-26 23:54:07.834172 Epoch [070/070], Step [0002/0002], [lateral-edge: 0.7540, lateral-2: 1.1938, lateral-3: 1.2392, lateral-4: 1.2572, lateral-5: 1.3175, epsilon: 213.4949]
Training completed at Sun Oct 26 23:54:09 CET 2025
