Backbone loading: Res2Net50
Freezing unused branches for DP compatibility...
Trainable: 31,072,721 / 33,121,721 parameters
Not loading weights from weights file
Validator raised issues with model. Attempting auto-fix...
Original error: UnsupportedModuleError
Model successfully fixed for differential privacy
###################################################################### 
Start Training (Inf-Net-Res2Net50)
Backbone: Res2Net50
Batch Size: 24
Privacy: DP Enabled (ε budget, δ=1e-05)
Morphology: close
Save Path: ./Snapshots/save_weights/Inf-Net_DP_Morph/close/batch_24/run_3/noise_multiplier_0.3
Run: 3
Namespace(epoch=70, lr=0.0001, batchsize=24, trainsize=352, clip=0.5, decay_rate=0.1, decay_epoch=50, is_thop=False, gpu_device=0, num_workers=4, net_channel=32, n_classes=1, backbone='Res2Net50', train_path='./Dataset/TrainingSet/LungInfection-Train/Doctor-label', is_semi=False, is_pseudo=False, train_save=None, run=3, enable_privacy=True, noise_multiplier=0.3, max_grad_norm=1.2, delta=1e-05, enable_morphology=True, morph_operation='close', morph_kernel_size=3, device='cuda')
 ######################################################################
2025-10-26 22:29:49.691149 Epoch [001/070], Step [0003/0003], [lateral-edge: 0.7879, lateral-2: 1.6217, lateral-3: 1.6101, lateral-4: 1.6074, lateral-5: 1.5430, epsilon: 58.9684]
2025-10-26 22:29:55.477908 Epoch [002/070], Step [0003/0003], [lateral-edge: 0.7869, lateral-2: 1.5304, lateral-3: 1.5254, lateral-4: 1.5321, lateral-5: 1.5206, epsilon: 87.4889]
2025-10-26 22:30:01.334753 Epoch [003/070], Step [0003/0003], [lateral-edge: 0.7868, lateral-2: 1.4790, lateral-3: 1.4895, lateral-4: 1.4913, lateral-5: 1.5007, epsilon: 111.8539]
2025-10-26 22:30:06.751897 Epoch [004/070], Step [0003/0003], [lateral-edge: 0.7842, lateral-2: 1.4543, lateral-3: 1.4665, lateral-4: 1.4585, lateral-5: 1.4913, epsilon: 134.1669]
2025-10-26 22:30:11.894868 Epoch [005/070], Step [0003/0003], [lateral-edge: 0.7814, lateral-2: 1.4447, lateral-3: 1.4641, lateral-4: 1.4620, lateral-5: 1.5006, epsilon: 155.1962]
2025-10-26 22:30:16.679924 Epoch [006/070], Step [0003/0003], [lateral-edge: 0.7781, lateral-2: 1.4002, lateral-3: 1.4311, lateral-4: 1.4173, lateral-5: 1.4805, epsilon: 175.3257]
2025-10-26 22:30:21.618751 Epoch [007/070], Step [0003/0003], [lateral-edge: 0.7762, lateral-2: 1.4002, lateral-3: 1.4280, lateral-4: 1.4231, lateral-5: 1.4792, epsilon: 194.7787]
2025-10-26 22:30:26.724996 Epoch [008/070], Step [0003/0003], [lateral-edge: 0.7722, lateral-2: 1.3440, lateral-3: 1.3933, lateral-4: 1.3767, lateral-5: 1.4603, epsilon: 213.7000]
2025-10-26 22:30:32.406568 Epoch [009/070], Step [0003/0003], [lateral-edge: 0.7705, lateral-2: 1.3567, lateral-3: 1.3948, lateral-4: 1.3829, lateral-5: 1.4597, epsilon: 232.1887]
[Saving Snapshot:] ./Snapshots/save_weights/Inf-Net_DP_Morph/close/batch_24/run_3/noise_multiplier_0.3/Inf-Net-10.pth
[Privacy Budget]: ε = 232.19 (δ = 1e-05)
2025-10-26 22:30:39.203585 Epoch [010/070], Step [0003/0003], [lateral-edge: 0.7699, lateral-2: 1.3562, lateral-3: 1.3919, lateral-4: 1.3897, lateral-5: 1.4594, epsilon: 250.3160]
2025-10-26 22:30:44.644906 Epoch [011/070], Step [0003/0003], [lateral-edge: 0.7690, lateral-2: 1.2848, lateral-3: 1.3438, lateral-4: 1.3370, lateral-5: 1.4306, epsilon: 268.1360]
2025-10-26 22:30:50.313655 Epoch [012/070], Step [0003/0003], [lateral-edge: 0.7672, lateral-2: 1.3210, lateral-3: 1.3590, lateral-4: 1.3584, lateral-5: 1.4426, epsilon: 285.6910]
2025-10-26 22:30:56.184164 Epoch [013/070], Step [0003/0003], [lateral-edge: 0.7664, lateral-2: 1.2962, lateral-3: 1.3413, lateral-4: 1.3480, lateral-5: 1.4337, epsilon: 303.0140]
2025-10-26 22:31:02.231345 Epoch [014/070], Step [0003/0003], [lateral-edge: 0.7664, lateral-2: 1.2935, lateral-3: 1.3277, lateral-4: 1.3375, lateral-5: 1.4268, epsilon: 320.1306]
2025-10-26 22:31:08.336575 Epoch [015/070], Step [0003/0003], [lateral-edge: 0.7640, lateral-2: 1.2603, lateral-3: 1.3138, lateral-4: 1.3216, lateral-5: 1.4125, epsilon: 337.0644]
2025-10-26 22:31:14.846836 Epoch [016/070], Step [0003/0003], [lateral-edge: 0.7641, lateral-2: 1.2407, lateral-3: 1.3008, lateral-4: 1.3008, lateral-5: 1.4032, epsilon: 353.8327]
2025-10-26 22:31:21.441054 Epoch [017/070], Step [0003/0003], [lateral-edge: 0.7637, lateral-2: 1.2307, lateral-3: 1.2815, lateral-4: 1.2929, lateral-5: 1.4036, epsilon: 370.4506]
2025-10-26 22:31:27.685752 Epoch [018/070], Step [0003/0003], [lateral-edge: 0.7629, lateral-2: 1.2298, lateral-3: 1.2751, lateral-4: 1.2881, lateral-5: 1.3949, epsilon: 386.9323]
2025-10-26 22:31:33.475080 Epoch [019/070], Step [0003/0003], [lateral-edge: 0.7616, lateral-2: 1.2312, lateral-3: 1.2784, lateral-4: 1.2994, lateral-5: 1.3965, epsilon: 403.2889]
[Saving Snapshot:] ./Snapshots/save_weights/Inf-Net_DP_Morph/close/batch_24/run_3/noise_multiplier_0.3/Inf-Net-20.pth
[Privacy Budget]: ε = 403.29 (δ = 1e-05)
2025-10-26 22:31:42.656899 Epoch [020/070], Step [0003/0003], [lateral-edge: 0.7612, lateral-2: 1.1947, lateral-3: 1.2547, lateral-4: 1.2577, lateral-5: 1.3791, epsilon: 419.5301]
2025-10-26 22:31:50.048471 Epoch [021/070], Step [0003/0003], [lateral-edge: 0.7601, lateral-2: 1.1807, lateral-3: 1.2428, lateral-4: 1.2549, lateral-5: 1.3748, epsilon: 435.6641]
2025-10-26 22:31:56.000480 Epoch [022/070], Step [0003/0003], [lateral-edge: 0.7588, lateral-2: 1.1836, lateral-3: 1.2316, lateral-4: 1.2495, lateral-5: 1.3672, epsilon: 451.6992]
2025-10-26 22:32:02.472725 Epoch [023/070], Step [0003/0003], [lateral-edge: 0.7598, lateral-2: 1.1882, lateral-3: 1.2231, lateral-4: 1.2441, lateral-5: 1.3576, epsilon: 467.6418]
2025-10-26 22:32:10.483631 Epoch [024/070], Step [0003/0003], [lateral-edge: 0.7579, lateral-2: 1.1680, lateral-3: 1.2256, lateral-4: 1.2473, lateral-5: 1.3603, epsilon: 483.4980]
2025-10-26 22:32:18.503860 Epoch [025/070], Step [0003/0003], [lateral-edge: 0.7571, lateral-2: 1.1465, lateral-3: 1.2146, lateral-4: 1.2357, lateral-5: 1.3492, epsilon: 499.2729]
2025-10-26 22:32:26.465434 Epoch [026/070], Step [0003/0003], [lateral-edge: 0.7575, lateral-2: 1.1684, lateral-3: 1.2098, lateral-4: 1.2286, lateral-5: 1.3444, epsilon: 514.9720]
2025-10-26 22:32:33.531373 Epoch [027/070], Step [0003/0003], [lateral-edge: 0.7554, lateral-2: 1.1585, lateral-3: 1.2052, lateral-4: 1.2254, lateral-5: 1.3415, epsilon: 530.5991]
2025-10-26 22:32:41.919287 Epoch [028/070], Step [0003/0003], [lateral-edge: 0.7557, lateral-2: 1.1330, lateral-3: 1.1905, lateral-4: 1.2155, lateral-5: 1.3320, epsilon: 546.1589]
2025-10-26 22:32:51.251070 Epoch [029/070], Step [0003/0003], [lateral-edge: 0.7550, lateral-2: 1.1280, lateral-3: 1.1822, lateral-4: 1.2160, lateral-5: 1.3255, epsilon: 561.6542]
[Saving Snapshot:] ./Snapshots/save_weights/Inf-Net_DP_Morph/close/batch_24/run_3/noise_multiplier_0.3/Inf-Net-30.pth
[Privacy Budget]: ε = 561.65 (δ = 1e-05)
2025-10-26 22:33:04.345922 Epoch [030/070], Step [0003/0003], [lateral-edge: 0.7549, lateral-2: 1.1272, lateral-3: 1.1729, lateral-4: 1.1999, lateral-5: 1.3142, epsilon: 577.0886]
2025-10-26 22:33:12.882986 Epoch [031/070], Step [0003/0003], [lateral-edge: 0.7537, lateral-2: 1.1205, lateral-3: 1.1715, lateral-4: 1.1951, lateral-5: 1.3119, epsilon: 592.4653]
2025-10-26 22:33:22.273552 Epoch [032/070], Step [0003/0003], [lateral-edge: 0.7533, lateral-2: 1.1139, lateral-3: 1.1724, lateral-4: 1.2095, lateral-5: 1.3110, epsilon: 607.7869]
2025-10-26 22:33:30.208280 Epoch [033/070], Step [0003/0003], [lateral-edge: 0.7531, lateral-2: 1.1012, lateral-3: 1.1539, lateral-4: 1.1933, lateral-5: 1.3024, epsilon: 623.0560]
2025-10-26 22:33:40.383230 Epoch [034/070], Step [0003/0003], [lateral-edge: 0.7533, lateral-2: 1.1035, lateral-3: 1.1606, lateral-4: 1.1991, lateral-5: 1.3002, epsilon: 638.2752]
2025-10-26 22:33:53.171679 Epoch [035/070], Step [0003/0003], [lateral-edge: 0.7505, lateral-2: 1.0960, lateral-3: 1.1545, lateral-4: 1.1907, lateral-5: 1.2978, epsilon: 653.4465]
2025-10-26 22:34:03.649431 Epoch [036/070], Step [0003/0003], [lateral-edge: 0.7516, lateral-2: 1.0736, lateral-3: 1.1304, lateral-4: 1.1669, lateral-5: 1.2816, epsilon: 668.5720]
2025-10-26 22:34:14.603426 Epoch [037/070], Step [0003/0003], [lateral-edge: 0.7518, lateral-2: 1.0895, lateral-3: 1.1349, lateral-4: 1.1732, lateral-5: 1.2763, epsilon: 683.6535]
2025-10-26 22:34:28.373489 Epoch [038/070], Step [0003/0003], [lateral-edge: 0.7510, lateral-2: 1.0929, lateral-3: 1.1496, lateral-4: 1.1786, lateral-5: 1.2879, epsilon: 698.6929]
2025-10-26 22:34:39.295754 Epoch [039/070], Step [0003/0003], [lateral-edge: 0.7497, lateral-2: 1.1071, lateral-3: 1.1466, lateral-4: 1.1744, lateral-5: 1.2800, epsilon: inf]
[Saving Snapshot:] ./Snapshots/save_weights/Inf-Net_DP_Morph/close/batch_24/run_3/noise_multiplier_0.3/Inf-Net-40.pth
[Privacy Budget]: ε = inf (δ = 1e-05)
2025-10-26 22:34:54.955131 Epoch [040/070], Step [0003/0003], [lateral-edge: 0.7499, lateral-2: 1.0837, lateral-3: 1.1381, lateral-4: 1.1736, lateral-5: 1.2812, epsilon: inf]
2025-10-26 22:35:06.134890 Epoch [041/070], Step [0003/0003], [lateral-edge: 0.7499, lateral-2: 1.0802, lateral-3: 1.1362, lateral-4: 1.1704, lateral-5: 1.2704, epsilon: inf]
2025-10-26 22:35:17.519040 Epoch [042/070], Step [0003/0003], [lateral-edge: 0.7484, lateral-2: 1.0496, lateral-3: 1.1145, lateral-4: 1.1556, lateral-5: 1.2654, epsilon: inf]
2025-10-26 22:35:29.738383 Epoch [043/070], Step [0003/0003], [lateral-edge: 0.7499, lateral-2: 1.0574, lateral-3: 1.1072, lateral-4: 1.1475, lateral-5: 1.2509, epsilon: inf]
2025-10-26 22:35:42.069134 Epoch [044/070], Step [0003/0003], [lateral-edge: 0.7480, lateral-2: 1.0679, lateral-3: 1.1213, lateral-4: 1.1572, lateral-5: 1.2626, epsilon: inf]
2025-10-26 22:35:55.433225 Epoch [045/070], Step [0003/0003], [lateral-edge: 0.7481, lateral-2: 1.0592, lateral-3: 1.1146, lateral-4: 1.1524, lateral-5: 1.2558, epsilon: inf]
2025-10-26 22:36:08.488189 Epoch [046/070], Step [0003/0003], [lateral-edge: 0.7486, lateral-2: 1.0444, lateral-3: 1.0988, lateral-4: 1.1392, lateral-5: 1.2385, epsilon: inf]
2025-10-26 22:36:21.401382 Epoch [047/070], Step [0003/0003], [lateral-edge: 0.7469, lateral-2: 1.0427, lateral-3: 1.0976, lateral-4: 1.1356, lateral-5: 1.2398, epsilon: inf]
2025-10-26 22:36:34.498828 Epoch [048/070], Step [0003/0003], [lateral-edge: 0.7467, lateral-2: 1.0425, lateral-3: 1.1086, lateral-4: 1.1477, lateral-5: 1.2502, epsilon: inf]
2025-10-26 22:36:48.371071 Epoch [049/070], Step [0003/0003], [lateral-edge: 0.7470, lateral-2: 1.0463, lateral-3: 1.1013, lateral-4: 1.1390, lateral-5: 1.2346, epsilon: inf]
[Saving Snapshot:] ./Snapshots/save_weights/Inf-Net_DP_Morph/close/batch_24/run_3/noise_multiplier_0.3/Inf-Net-50.pth
[Privacy Budget]: ε = inf (δ = 1e-05)
2025-10-26 22:37:10.592709 Epoch [050/070], Step [0003/0003], [lateral-edge: 0.7458, lateral-2: 1.0599, lateral-3: 1.1177, lateral-4: 1.1583, lateral-5: 1.2505, epsilon: inf]
2025-10-26 22:37:24.984363 Epoch [051/070], Step [0003/0003], [lateral-edge: 0.7456, lateral-2: 1.0428, lateral-3: 1.1013, lateral-4: 1.1436, lateral-5: 1.2424, epsilon: inf]
2025-10-26 22:37:39.051330 Epoch [052/070], Step [0003/0003], [lateral-edge: 0.7465, lateral-2: 1.0217, lateral-3: 1.0695, lateral-4: 1.1093, lateral-5: 1.2073, epsilon: inf]
2025-10-26 22:37:53.804911 Epoch [053/070], Step [0003/0003], [lateral-edge: 0.7462, lateral-2: 1.0379, lateral-3: 1.0951, lateral-4: 1.1341, lateral-5: 1.2317, epsilon: inf]
2025-10-26 22:38:05.391574 Epoch [054/070], Step [0003/0003], [lateral-edge: 0.7462, lateral-2: 1.0264, lateral-3: 1.0674, lateral-4: 1.1079, lateral-5: 1.2090, epsilon: inf]
2025-10-26 22:38:20.738882 Epoch [055/070], Step [0003/0003], [lateral-edge: 0.7465, lateral-2: 1.0423, lateral-3: 1.0951, lateral-4: 1.1290, lateral-5: 1.2304, epsilon: inf]
2025-10-26 22:38:35.893178 Epoch [056/070], Step [0003/0003], [lateral-edge: 0.7463, lateral-2: 1.0319, lateral-3: 1.0917, lateral-4: 1.1387, lateral-5: 1.2295, epsilon: inf]
2025-10-26 22:38:52.122504 Epoch [057/070], Step [0003/0003], [lateral-edge: 0.7477, lateral-2: 1.0356, lateral-3: 1.0900, lateral-4: 1.1321, lateral-5: 1.2210, epsilon: inf]
2025-10-26 22:39:06.610040 Epoch [058/070], Step [0003/0003], [lateral-edge: 0.7458, lateral-2: 1.0500, lateral-3: 1.1179, lateral-4: 1.1629, lateral-5: 1.2551, epsilon: inf]
2025-10-26 22:39:32.905330 Epoch [059/070], Step [0003/0003], [lateral-edge: 0.7465, lateral-2: 1.0292, lateral-3: 1.0804, lateral-4: 1.1226, lateral-5: 1.2162, epsilon: inf]
[Saving Snapshot:] ./Snapshots/save_weights/Inf-Net_DP_Morph/close/batch_24/run_3/noise_multiplier_0.3/Inf-Net-60.pth
[Privacy Budget]: ε = inf (δ = 1e-05)
2025-10-26 22:40:11.369381 Epoch [060/070], Step [0003/0003], [lateral-edge: 0.7457, lateral-2: 1.0292, lateral-3: 1.1028, lateral-4: 1.1512, lateral-5: 1.2469, epsilon: inf]
2025-10-26 22:40:28.419702 Epoch [061/070], Step [0003/0003], [lateral-edge: 0.7455, lateral-2: 1.0469, lateral-3: 1.1042, lateral-4: 1.1407, lateral-5: 1.2342, epsilon: inf]
2025-10-26 22:40:45.944331 Epoch [062/070], Step [0003/0003], [lateral-edge: 0.7460, lateral-2: 1.0189, lateral-3: 1.0826, lateral-4: 1.1256, lateral-5: 1.2210, epsilon: inf]
2025-10-26 22:41:11.703665 Epoch [063/070], Step [0003/0003], [lateral-edge: 0.7465, lateral-2: 1.0449, lateral-3: 1.0906, lateral-4: 1.1341, lateral-5: 1.2318, epsilon: inf]
2025-10-26 22:41:31.308765 Epoch [064/070], Step [0003/0003], [lateral-edge: 0.7467, lateral-2: 1.0219, lateral-3: 1.0743, lateral-4: 1.1106, lateral-5: 1.2124, epsilon: inf]
2025-10-26 22:41:48.526458 Epoch [065/070], Step [0003/0003], [lateral-edge: 0.7459, lateral-2: 1.0543, lateral-3: 1.1110, lateral-4: 1.1480, lateral-5: 1.2420, epsilon: inf]
2025-10-26 22:42:07.095570 Epoch [066/070], Step [0003/0003], [lateral-edge: 0.7463, lateral-2: 1.0114, lateral-3: 1.0830, lateral-4: 1.1313, lateral-5: 1.2274, epsilon: inf]
2025-10-26 22:42:28.926505 Epoch [067/070], Step [0003/0003], [lateral-edge: 0.7464, lateral-2: 1.0361, lateral-3: 1.0873, lateral-4: 1.1269, lateral-5: 1.2257, epsilon: inf]
2025-10-26 22:42:42.639458 Epoch [068/070], Step [0003/0003], [lateral-edge: 0.7462, lateral-2: 1.0364, lateral-3: 1.0766, lateral-4: 1.1099, lateral-5: 1.2107, epsilon: inf]
2025-10-26 22:43:17.315636 Epoch [069/070], Step [0003/0003], [lateral-edge: 0.7457, lateral-2: 1.0403, lateral-3: 1.0935, lateral-4: 1.1331, lateral-5: 1.2300, epsilon: inf]
[Saving Snapshot:] ./Snapshots/save_weights/Inf-Net_DP_Morph/close/batch_24/run_3/noise_multiplier_0.3/Inf-Net-70.pth
[Privacy Budget]: ε = inf (δ = 1e-05)
2025-10-26 22:43:54.233106 Epoch [070/070], Step [0003/0003], [lateral-edge: 0.7458, lateral-2: 1.0438, lateral-3: 1.0926, lateral-4: 1.1334, lateral-5: 1.2319, epsilon: inf]
Training completed at Sun Oct 26 22:43:56 CET 2025
