Backbone loading: Res2Net50
Not loading weights from weights file
################################################## 
Start Training (Inf-Net-Res2Net50)
Backbone: Res2Net50
Batch Size: 24
Morphology: close
Save Path: ./Snapshots/save_weights/Inf-Net_Morph/close/batch_24/run_3
Run: 3
Namespace(epoch=70, lr=0.0001, batchsize=24, trainsize=352, clip=0.5, decay_rate=0.1, decay_epoch=50, is_thop=False, gpu_device=0, num_workers=8, net_channel=32, n_classes=1, backbone='Res2Net50', train_path='./Dataset/TrainingSet/LungInfection-Train/Doctor-label', is_semi=False, is_pseudo=False, train_save=None, run=3, enable_morphology=True, morph_operation='close', morph_kernel_size=3, device='cuda')
 ##################################################
2025-10-27 01:01:40.392706 Epoch [001/070], Step [0003/0003], [lateral-edge: 0.7662, lateral-2: 1.5071, lateral-3: 1.5046, lateral-4: 1.5432, lateral-5: 1.5351]
2025-10-27 01:01:41.989528 Epoch [002/070], Step [0003/0003], [lateral-edge: 0.7537, lateral-2: 1.4397, lateral-3: 1.4478, lateral-4: 1.5509, lateral-5: 1.5217]
2025-10-27 01:01:43.635663 Epoch [003/070], Step [0003/0003], [lateral-edge: 0.7479, lateral-2: 1.3703, lateral-3: 1.4174, lateral-4: 1.4776, lateral-5: 1.5255]
2025-10-27 01:01:45.276032 Epoch [004/070], Step [0003/0003], [lateral-edge: 0.7428, lateral-2: 1.2602, lateral-3: 1.3218, lateral-4: 1.4145, lateral-5: 1.4902]
2025-10-27 01:01:46.915265 Epoch [005/070], Step [0003/0003], [lateral-edge: 0.7353, lateral-2: 1.1906, lateral-3: 1.2610, lateral-4: 1.3602, lateral-5: 1.4999]
2025-10-27 01:01:48.545311 Epoch [006/070], Step [0003/0003], [lateral-edge: 0.7350, lateral-2: 1.0809, lateral-3: 1.1284, lateral-4: 1.2160, lateral-5: 1.5105]
2025-10-27 01:01:50.186261 Epoch [007/070], Step [0003/0003], [lateral-edge: 0.7322, lateral-2: 1.1158, lateral-3: 1.1411, lateral-4: 1.2294, lateral-5: 1.6403]
2025-10-27 01:01:51.807146 Epoch [008/070], Step [0003/0003], [lateral-edge: 0.7271, lateral-2: 1.0041, lateral-3: 1.0666, lateral-4: 1.1864, lateral-5: 1.5580]
2025-10-27 01:01:53.441952 Epoch [009/070], Step [0003/0003], [lateral-edge: 0.7266, lateral-2: 1.0967, lateral-3: 1.1536, lateral-4: 1.2518, lateral-5: 1.5698]
[Saving Snapshot:] ./Snapshots/save_weights/Inf-Net_Morph/close/batch_24/run_3/Inf-Net-10.pth
2025-10-27 01:01:55.283210 Epoch [010/070], Step [0003/0003], [lateral-edge: 0.7244, lateral-2: 1.0373, lateral-3: 1.0882, lateral-4: 1.1989, lateral-5: 1.6080]
2025-10-27 01:01:56.941687 Epoch [011/070], Step [0003/0003], [lateral-edge: 0.7213, lateral-2: 0.9499, lateral-3: 1.0254, lateral-4: 1.1587, lateral-5: 1.5641]
2025-10-27 01:01:58.603305 Epoch [012/070], Step [0003/0003], [lateral-edge: 0.7184, lateral-2: 1.0237, lateral-3: 1.0847, lateral-4: 1.1854, lateral-5: 1.5641]
2025-10-27 01:02:00.260259 Epoch [013/070], Step [0003/0003], [lateral-edge: 0.7164, lateral-2: 0.9940, lateral-3: 1.0681, lateral-4: 1.2063, lateral-5: 1.5323]
2025-10-27 01:02:01.916579 Epoch [014/070], Step [0003/0003], [lateral-edge: 0.7181, lateral-2: 1.0845, lateral-3: 1.1223, lateral-4: 1.2178, lateral-5: 1.5457]
2025-10-27 01:02:03.558997 Epoch [015/070], Step [0003/0003], [lateral-edge: 0.7152, lateral-2: 0.9293, lateral-3: 1.0072, lateral-4: 1.1334, lateral-5: 1.5059]
2025-10-27 01:02:05.217302 Epoch [016/070], Step [0003/0003], [lateral-edge: 0.7132, lateral-2: 0.9267, lateral-3: 0.9757, lateral-4: 1.0919, lateral-5: 1.5083]
2025-10-27 01:02:06.862797 Epoch [017/070], Step [0003/0003], [lateral-edge: 0.7125, lateral-2: 0.8775, lateral-3: 0.9533, lateral-4: 1.0619, lateral-5: 1.5711]
2025-10-27 01:02:08.508013 Epoch [018/070], Step [0003/0003], [lateral-edge: 0.7099, lateral-2: 0.8838, lateral-3: 0.9760, lateral-4: 1.1128, lateral-5: 1.5071]
2025-10-27 01:02:10.179361 Epoch [019/070], Step [0003/0003], [lateral-edge: 0.7079, lateral-2: 0.9101, lateral-3: 0.9708, lateral-4: 1.0837, lateral-5: 1.4370]
[Saving Snapshot:] ./Snapshots/save_weights/Inf-Net_Morph/close/batch_24/run_3/Inf-Net-20.pth
2025-10-27 01:02:12.036333 Epoch [020/070], Step [0003/0003], [lateral-edge: 0.7083, lateral-2: 0.8458, lateral-3: 0.9375, lateral-4: 1.0802, lateral-5: 1.4622]
2025-10-27 01:02:13.705503 Epoch [021/070], Step [0003/0003], [lateral-edge: 0.7060, lateral-2: 0.8377, lateral-3: 0.9169, lateral-4: 1.0410, lateral-5: 1.4641]
2025-10-27 01:02:15.400709 Epoch [022/070], Step [0003/0003], [lateral-edge: 0.7074, lateral-2: 0.8883, lateral-3: 0.9480, lateral-4: 1.0516, lateral-5: 1.4442]
2025-10-27 01:02:17.069694 Epoch [023/070], Step [0003/0003], [lateral-edge: 0.7046, lateral-2: 0.9695, lateral-3: 1.0374, lateral-4: 1.1331, lateral-5: 1.5067]
2025-10-27 01:02:18.735746 Epoch [024/070], Step [0003/0003], [lateral-edge: 0.7064, lateral-2: 0.9005, lateral-3: 0.9466, lateral-4: 1.0749, lateral-5: 1.5373]
2025-10-27 01:02:20.387075 Epoch [025/070], Step [0003/0003], [lateral-edge: 0.7030, lateral-2: 0.8024, lateral-3: 0.8863, lateral-4: 1.0184, lateral-5: 1.5128]
2025-10-27 01:02:22.062268 Epoch [026/070], Step [0003/0003], [lateral-edge: 0.7024, lateral-2: 0.8702, lateral-3: 0.9322, lateral-4: 1.0433, lateral-5: 1.4423]
2025-10-27 01:02:23.728211 Epoch [027/070], Step [0003/0003], [lateral-edge: 0.7023, lateral-2: 0.8319, lateral-3: 0.8837, lateral-4: 0.9849, lateral-5: 1.3881]
2025-10-27 01:02:25.406152 Epoch [028/070], Step [0003/0003], [lateral-edge: 0.7012, lateral-2: 0.8252, lateral-3: 0.8826, lateral-4: 0.9927, lateral-5: 1.4863]
2025-10-27 01:02:27.183096 Epoch [029/070], Step [0003/0003], [lateral-edge: 0.6992, lateral-2: 0.7697, lateral-3: 0.8572, lateral-4: 0.9955, lateral-5: 1.4497]
[Saving Snapshot:] ./Snapshots/save_weights/Inf-Net_Morph/close/batch_24/run_3/Inf-Net-30.pth
2025-10-27 01:02:29.051213 Epoch [030/070], Step [0003/0003], [lateral-edge: 0.6981, lateral-2: 0.8832, lateral-3: 0.9553, lateral-4: 1.0646, lateral-5: 1.4021]
2025-10-27 01:02:30.706841 Epoch [031/070], Step [0003/0003], [lateral-edge: 0.6981, lateral-2: 0.7887, lateral-3: 0.8688, lateral-4: 0.9992, lateral-5: 1.4054]
2025-10-27 01:02:32.386559 Epoch [032/070], Step [0003/0003], [lateral-edge: 0.6966, lateral-2: 0.7462, lateral-3: 0.8269, lateral-4: 0.9561, lateral-5: 1.4252]
2025-10-27 01:02:34.059251 Epoch [033/070], Step [0003/0003], [lateral-edge: 0.6954, lateral-2: 0.7788, lateral-3: 0.8592, lateral-4: 0.9830, lateral-5: 1.4076]
2025-10-27 01:02:35.724174 Epoch [034/070], Step [0003/0003], [lateral-edge: 0.6963, lateral-2: 0.7417, lateral-3: 0.8333, lateral-4: 0.9666, lateral-5: 1.3380]
2025-10-27 01:02:37.390169 Epoch [035/070], Step [0003/0003], [lateral-edge: 0.6945, lateral-2: 0.7541, lateral-3: 0.8407, lateral-4: 0.9675, lateral-5: 1.3331]
2025-10-27 01:02:39.061129 Epoch [036/070], Step [0003/0003], [lateral-edge: 0.6946, lateral-2: 0.8254, lateral-3: 0.8819, lateral-4: 0.9859, lateral-5: 1.3854]
2025-10-27 01:02:40.767157 Epoch [037/070], Step [0003/0003], [lateral-edge: 0.6926, lateral-2: 0.7933, lateral-3: 0.8771, lateral-4: 1.0069, lateral-5: 1.4244]
2025-10-27 01:02:42.463084 Epoch [038/070], Step [0003/0003], [lateral-edge: 0.6929, lateral-2: 0.7442, lateral-3: 0.8287, lateral-4: 0.9495, lateral-5: 1.4390]
2025-10-27 01:02:44.155564 Epoch [039/070], Step [0003/0003], [lateral-edge: 0.6918, lateral-2: 0.7310, lateral-3: 0.8072, lateral-4: 0.9339, lateral-5: 1.4242]
[Saving Snapshot:] ./Snapshots/save_weights/Inf-Net_Morph/close/batch_24/run_3/Inf-Net-40.pth
2025-10-27 01:02:46.040424 Epoch [040/070], Step [0003/0003], [lateral-edge: 0.6908, lateral-2: 0.8215, lateral-3: 0.8927, lateral-4: 0.9965, lateral-5: 1.3657]
2025-10-27 01:02:47.727894 Epoch [041/070], Step [0003/0003], [lateral-edge: 0.6903, lateral-2: 0.7419, lateral-3: 0.8437, lateral-4: 0.9821, lateral-5: 1.3427]
2025-10-27 01:02:49.396762 Epoch [042/070], Step [0003/0003], [lateral-edge: 0.6904, lateral-2: 0.7290, lateral-3: 0.7970, lateral-4: 0.9089, lateral-5: 1.3834]
2025-10-27 01:02:51.072644 Epoch [043/070], Step [0003/0003], [lateral-edge: 0.6896, lateral-2: 0.7555, lateral-3: 0.8286, lateral-4: 0.9493, lateral-5: 1.4280]
2025-10-27 01:02:52.744888 Epoch [044/070], Step [0003/0003], [lateral-edge: 0.6881, lateral-2: 0.7026, lateral-3: 0.8176, lateral-4: 0.9590, lateral-5: 1.3415]
2025-10-27 01:02:54.426917 Epoch [045/070], Step [0003/0003], [lateral-edge: 0.6884, lateral-2: 0.7135, lateral-3: 0.8121, lateral-4: 0.9384, lateral-5: 1.2680]
2025-10-27 01:02:56.083564 Epoch [046/070], Step [0003/0003], [lateral-edge: 0.6879, lateral-2: 0.7089, lateral-3: 0.7996, lateral-4: 0.9237, lateral-5: 1.3753]
2025-10-27 01:02:57.716982 Epoch [047/070], Step [0003/0003], [lateral-edge: 0.6870, lateral-2: 0.7140, lateral-3: 0.8007, lateral-4: 0.9308, lateral-5: 1.3648]
2025-10-27 01:02:59.350193 Epoch [048/070], Step [0003/0003], [lateral-edge: 0.6870, lateral-2: 0.7168, lateral-3: 0.8078, lateral-4: 0.9250, lateral-5: 1.3626]
2025-10-27 01:03:00.998520 Epoch [049/070], Step [0003/0003], [lateral-edge: 0.6851, lateral-2: 0.7138, lateral-3: 0.8046, lateral-4: 0.9548, lateral-5: 1.2854]
[Saving Snapshot:] ./Snapshots/save_weights/Inf-Net_Morph/close/batch_24/run_3/Inf-Net-50.pth
2025-10-27 01:03:02.876331 Epoch [050/070], Step [0003/0003], [lateral-edge: 0.6851, lateral-2: 0.7236, lateral-3: 0.8207, lateral-4: 0.9508, lateral-5: 1.2513]
2025-10-27 01:03:04.529026 Epoch [051/070], Step [0003/0003], [lateral-edge: 0.6866, lateral-2: 0.6868, lateral-3: 0.7673, lateral-4: 0.8881, lateral-5: 1.1918]
2025-10-27 01:03:06.179533 Epoch [052/070], Step [0003/0003], [lateral-edge: 0.6861, lateral-2: 0.8345, lateral-3: 0.9026, lateral-4: 1.0245, lateral-5: 1.2017]
2025-10-27 01:03:07.843944 Epoch [053/070], Step [0003/0003], [lateral-edge: 0.6856, lateral-2: 0.6962, lateral-3: 0.8017, lateral-4: 0.9367, lateral-5: 1.1754]
2025-10-27 01:03:09.497411 Epoch [054/070], Step [0003/0003], [lateral-edge: 0.6860, lateral-2: 0.6799, lateral-3: 0.7752, lateral-4: 0.9074, lateral-5: 1.2087]
2025-10-27 01:03:11.155605 Epoch [055/070], Step [0003/0003], [lateral-edge: 0.6865, lateral-2: 0.7837, lateral-3: 0.8684, lateral-4: 0.9985, lateral-5: 1.3977]
2025-10-27 01:03:12.811083 Epoch [056/070], Step [0003/0003], [lateral-edge: 0.6859, lateral-2: 0.7504, lateral-3: 0.8424, lateral-4: 0.9652, lateral-5: 1.3277]
2025-10-27 01:03:14.460434 Epoch [057/070], Step [0003/0003], [lateral-edge: 0.6854, lateral-2: 0.7680, lateral-3: 0.8673, lateral-4: 1.0096, lateral-5: 1.2231]
2025-10-27 01:03:16.132663 Epoch [058/070], Step [0003/0003], [lateral-edge: 0.6860, lateral-2: 0.7021, lateral-3: 0.7969, lateral-4: 0.9403, lateral-5: 1.1881]
2025-10-27 01:03:17.796777 Epoch [059/070], Step [0003/0003], [lateral-edge: 0.6858, lateral-2: 0.6952, lateral-3: 0.8050, lateral-4: 0.9399, lateral-5: 1.1995]
[Saving Snapshot:] ./Snapshots/save_weights/Inf-Net_Morph/close/batch_24/run_3/Inf-Net-60.pth
2025-10-27 01:03:19.640394 Epoch [060/070], Step [0003/0003], [lateral-edge: 0.6859, lateral-2: 0.6720, lateral-3: 0.7754, lateral-4: 0.9037, lateral-5: 1.2192]
2025-10-27 01:03:21.305125 Epoch [061/070], Step [0003/0003], [lateral-edge: 0.6866, lateral-2: 0.7597, lateral-3: 0.8490, lateral-4: 0.9674, lateral-5: 1.3404]
2025-10-27 01:03:22.970480 Epoch [062/070], Step [0003/0003], [lateral-edge: 0.6851, lateral-2: 0.6912, lateral-3: 0.8047, lateral-4: 0.9428, lateral-5: 1.2595]
2025-10-27 01:03:24.640537 Epoch [063/070], Step [0003/0003], [lateral-edge: 0.6863, lateral-2: 0.7427, lateral-3: 0.8304, lateral-4: 0.9619, lateral-5: 1.3887]
2025-10-27 01:03:26.275322 Epoch [064/070], Step [0003/0003], [lateral-edge: 0.6859, lateral-2: 0.6994, lateral-3: 0.7893, lateral-4: 0.9156, lateral-5: 1.2256]
2025-10-27 01:03:27.916201 Epoch [065/070], Step [0003/0003], [lateral-edge: 0.6854, lateral-2: 0.6936, lateral-3: 0.8064, lateral-4: 0.9438, lateral-5: 1.2264]
2025-10-27 01:03:29.587996 Epoch [066/070], Step [0003/0003], [lateral-edge: 0.6859, lateral-2: 0.7005, lateral-3: 0.7989, lateral-4: 0.9386, lateral-5: 1.2267]
2025-10-27 01:03:31.239646 Epoch [067/070], Step [0003/0003], [lateral-edge: 0.6859, lateral-2: 0.6903, lateral-3: 0.7789, lateral-4: 0.9032, lateral-5: 1.2065]
2025-10-27 01:03:32.880137 Epoch [068/070], Step [0003/0003], [lateral-edge: 0.6848, lateral-2: 0.7636, lateral-3: 0.8573, lateral-4: 0.9944, lateral-5: 1.2854]
2025-10-27 01:03:34.533322 Epoch [069/070], Step [0003/0003], [lateral-edge: 0.6852, lateral-2: 0.7235, lateral-3: 0.8133, lateral-4: 0.9559, lateral-5: 1.2308]
[Saving Snapshot:] ./Snapshots/save_weights/Inf-Net_Morph/close/batch_24/run_3/Inf-Net-70.pth
2025-10-27 01:03:36.363745 Epoch [070/070], Step [0003/0003], [lateral-edge: 0.6862, lateral-2: 0.7869, lateral-3: 0.8557, lateral-4: 0.9658, lateral-5: 1.3956]
Training completed at Mon Oct 27 01:03:37 CET 2025
