Backbone loading: Res2Net50
Converting BatchNorm to GroupNorm for fair comparison with DP models
Model architecture converted to GroupNorm
Not loading weights from weights file
################################################## 
Start Training (Inf-Net-GroupNorm)
Backbone: Res2Net50
Batch Size: 48
Morphology: open
Architecture: GroupNorm (no DP)
Save Path: ./Snapshots/save_weights/Inf-Net_Morph_GroupNorm/open/batch_48/run_2
Run: 2
Namespace(epoch=70, lr=0.0001, batchsize=48, trainsize=352, clip=0.5, decay_rate=0.1, decay_epoch=50, is_thop=False, gpu_device=0, num_workers=8, net_channel=32, n_classes=1, backbone='Res2Net50', train_path='./Dataset/TrainingSet/LungInfection-Train/Doctor-label', is_semi=False, is_pseudo=False, train_save=None, run=2, enable_morphology=True, morph_operation='open', morph_kernel_size=3, device='cuda')
 ##################################################
2025-10-27 22:28:05.831362 Epoch [001/070], Step [0002/0002], [lateral-edge: 0.7698, lateral-2: 1.4017, lateral-3: 1.4834, lateral-4: 1.5055, lateral-5: 1.4414]
2025-10-27 22:28:07.548345 Epoch [002/070], Step [0002/0002], [lateral-edge: 0.7553, lateral-2: 1.2045, lateral-3: 1.2664, lateral-4: 1.3138, lateral-5: 1.3381]
2025-10-27 22:28:09.260262 Epoch [003/070], Step [0002/0002], [lateral-edge: 0.7460, lateral-2: 1.0302, lateral-3: 1.1047, lateral-4: 1.2239, lateral-5: 1.2194]
2025-10-27 22:28:10.994076 Epoch [004/070], Step [0002/0002], [lateral-edge: 0.7437, lateral-2: 0.9856, lateral-3: 1.0548, lateral-4: 1.1598, lateral-5: 1.1544]
2025-10-27 22:28:12.740405 Epoch [005/070], Step [0002/0002], [lateral-edge: 0.7383, lateral-2: 0.9256, lateral-3: 0.9824, lateral-4: 1.1164, lateral-5: 1.0824]
2025-10-27 22:28:14.466129 Epoch [006/070], Step [0002/0002], [lateral-edge: 0.7344, lateral-2: 0.9066, lateral-3: 0.9624, lateral-4: 1.0765, lateral-5: 1.0572]
2025-10-27 22:28:16.174030 Epoch [007/070], Step [0002/0002], [lateral-edge: 0.7305, lateral-2: 0.9383, lateral-3: 1.0235, lateral-4: 1.1336, lateral-5: 1.0909]
2025-10-27 22:28:17.900405 Epoch [008/070], Step [0002/0002], [lateral-edge: 0.7290, lateral-2: 0.9539, lateral-3: 1.0490, lateral-4: 1.2015, lateral-5: 1.1166]
2025-10-27 22:28:19.670374 Epoch [009/070], Step [0002/0002], [lateral-edge: 0.7263, lateral-2: 0.9838, lateral-3: 1.0716, lateral-4: 1.2150, lateral-5: 1.1475]
[Saving Snapshot:] ./Snapshots/save_weights/Inf-Net_Morph_GroupNorm/open/batch_48/run_2/Inf-Net-10.pth
2025-10-27 22:28:21.623492 Epoch [010/070], Step [0002/0002], [lateral-edge: 0.7288, lateral-2: 1.0309, lateral-3: 1.0842, lateral-4: 1.1808, lateral-5: 1.1889]
2025-10-27 22:28:23.339213 Epoch [011/070], Step [0002/0002], [lateral-edge: 0.7256, lateral-2: 0.9146, lateral-3: 1.0077, lateral-4: 1.1488, lateral-5: 1.0833]
2025-10-27 22:28:25.053732 Epoch [012/070], Step [0002/0002], [lateral-edge: 0.7254, lateral-2: 0.9154, lateral-3: 0.9995, lateral-4: 1.1500, lateral-5: 1.0922]
2025-10-27 22:28:26.771518 Epoch [013/070], Step [0002/0002], [lateral-edge: 0.7253, lateral-2: 1.0115, lateral-3: 1.0473, lateral-4: 1.1279, lateral-5: 1.0789]
2025-10-27 22:28:28.501168 Epoch [014/070], Step [0002/0002], [lateral-edge: 0.7243, lateral-2: 0.8984, lateral-3: 0.9808, lateral-4: 1.1119, lateral-5: 1.0572]
2025-10-27 22:28:30.255471 Epoch [015/070], Step [0002/0002], [lateral-edge: 0.7230, lateral-2: 0.8178, lateral-3: 0.8917, lateral-4: 1.0264, lateral-5: 0.9764]
2025-10-27 22:28:31.979172 Epoch [016/070], Step [0002/0002], [lateral-edge: 0.7213, lateral-2: 0.8342, lateral-3: 0.9162, lateral-4: 1.0587, lateral-5: 0.9949]
2025-10-27 22:28:33.703054 Epoch [017/070], Step [0002/0002], [lateral-edge: 0.7214, lateral-2: 0.8285, lateral-3: 0.9019, lateral-4: 1.0220, lateral-5: 0.9732]
2025-10-27 22:28:35.431532 Epoch [018/070], Step [0002/0002], [lateral-edge: 0.7220, lateral-2: 0.8175, lateral-3: 0.8906, lateral-4: 1.0070, lateral-5: 0.9498]
2025-10-27 22:28:37.158397 Epoch [019/070], Step [0002/0002], [lateral-edge: 0.7190, lateral-2: 0.7737, lateral-3: 0.8866, lateral-4: 1.0643, lateral-5: 0.9599]
[Saving Snapshot:] ./Snapshots/save_weights/Inf-Net_Morph_GroupNorm/open/batch_48/run_2/Inf-Net-20.pth
2025-10-27 22:28:39.015867 Epoch [020/070], Step [0002/0002], [lateral-edge: 0.7190, lateral-2: 0.7689, lateral-3: 0.8577, lateral-4: 0.9926, lateral-5: 0.9165]
2025-10-27 22:28:40.719641 Epoch [021/070], Step [0002/0002], [lateral-edge: 0.7180, lateral-2: 0.7472, lateral-3: 0.8610, lateral-4: 1.0044, lateral-5: 0.9227]
2025-10-27 22:28:42.450820 Epoch [022/070], Step [0002/0002], [lateral-edge: 0.7190, lateral-2: 0.6787, lateral-3: 0.7891, lateral-4: 0.9480, lateral-5: 0.8228]
2025-10-27 22:28:44.201022 Epoch [023/070], Step [0002/0002], [lateral-edge: 0.7187, lateral-2: 0.7174, lateral-3: 0.8144, lateral-4: 0.9602, lateral-5: 0.8578]
2025-10-27 22:28:45.918513 Epoch [024/070], Step [0002/0002], [lateral-edge: 0.7183, lateral-2: 0.8198, lateral-3: 0.8771, lateral-4: 0.9829, lateral-5: 0.8988]
2025-10-27 22:28:47.632649 Epoch [025/070], Step [0002/0002], [lateral-edge: 0.7179, lateral-2: 0.7838, lateral-3: 0.8745, lateral-4: 0.9901, lateral-5: 0.8839]
2025-10-27 22:28:49.327104 Epoch [026/070], Step [0002/0002], [lateral-edge: 0.7177, lateral-2: 0.8401, lateral-3: 0.8490, lateral-4: 0.9076, lateral-5: 0.8490]
2025-10-27 22:28:51.067757 Epoch [027/070], Step [0002/0002], [lateral-edge: 0.7170, lateral-2: 0.7620, lateral-3: 0.8195, lateral-4: 0.9023, lateral-5: 0.8259]
2025-10-27 22:28:52.808511 Epoch [028/070], Step [0002/0002], [lateral-edge: 0.7172, lateral-2: 0.7782, lateral-3: 0.8633, lateral-4: 0.9987, lateral-5: 0.9009]
2025-10-27 22:28:54.510349 Epoch [029/070], Step [0002/0002], [lateral-edge: 0.7142, lateral-2: 0.7239, lateral-3: 0.8277, lateral-4: 0.9572, lateral-5: 0.8656]
[Saving Snapshot:] ./Snapshots/save_weights/Inf-Net_Morph_GroupNorm/open/batch_48/run_2/Inf-Net-30.pth
2025-10-27 22:28:56.392804 Epoch [030/070], Step [0002/0002], [lateral-edge: 0.7150, lateral-2: 0.7433, lateral-3: 0.8573, lateral-4: 0.9957, lateral-5: 0.8808]
2025-10-27 22:28:58.121801 Epoch [031/070], Step [0002/0002], [lateral-edge: 0.7151, lateral-2: 0.7012, lateral-3: 0.7889, lateral-4: 0.9243, lateral-5: 0.8276]
2025-10-27 22:28:59.845109 Epoch [032/070], Step [0002/0002], [lateral-edge: 0.7159, lateral-2: 0.6751, lateral-3: 0.7658, lateral-4: 0.8924, lateral-5: 0.7764]
2025-10-27 22:29:01.544138 Epoch [033/070], Step [0002/0002], [lateral-edge: 0.7138, lateral-2: 0.6536, lateral-3: 0.7748, lateral-4: 0.9290, lateral-5: 0.7954]
2025-10-27 22:29:03.276995 Epoch [034/070], Step [0002/0002], [lateral-edge: 0.7142, lateral-2: 0.6625, lateral-3: 0.7522, lateral-4: 0.8846, lateral-5: 0.7608]
2025-10-27 22:29:05.003928 Epoch [035/070], Step [0002/0002], [lateral-edge: 0.7120, lateral-2: 0.6999, lateral-3: 0.8037, lateral-4: 0.9496, lateral-5: 0.8263]
2025-10-27 22:29:06.724306 Epoch [036/070], Step [0002/0002], [lateral-edge: 0.7138, lateral-2: 0.5876, lateral-3: 0.6744, lateral-4: 0.8155, lateral-5: 0.6956]
2025-10-27 22:29:08.436173 Epoch [037/070], Step [0002/0002], [lateral-edge: 0.7138, lateral-2: 0.6792, lateral-3: 0.7344, lateral-4: 0.8333, lateral-5: 0.7148]
2025-10-27 22:29:10.152331 Epoch [038/070], Step [0002/0002], [lateral-edge: 0.7111, lateral-2: 0.7046, lateral-3: 0.7892, lateral-4: 0.9388, lateral-5: 0.7891]
2025-10-27 22:29:11.873416 Epoch [039/070], Step [0002/0002], [lateral-edge: 0.7129, lateral-2: 0.6692, lateral-3: 0.7512, lateral-4: 0.8835, lateral-5: 0.7469]
[Saving Snapshot:] ./Snapshots/save_weights/Inf-Net_Morph_GroupNorm/open/batch_48/run_2/Inf-Net-40.pth
2025-10-27 22:29:13.833709 Epoch [040/070], Step [0002/0002], [lateral-edge: 0.7099, lateral-2: 0.6584, lateral-3: 0.7598, lateral-4: 0.9031, lateral-5: 0.7553]
2025-10-27 22:29:15.544308 Epoch [041/070], Step [0002/0002], [lateral-edge: 0.7122, lateral-2: 0.6344, lateral-3: 0.7441, lateral-4: 0.8757, lateral-5: 0.7606]
2025-10-27 22:29:17.276615 Epoch [042/070], Step [0002/0002], [lateral-edge: 0.7101, lateral-2: 0.6451, lateral-3: 0.7784, lateral-4: 0.9455, lateral-5: 0.7819]
2025-10-27 22:29:18.992011 Epoch [043/070], Step [0002/0002], [lateral-edge: 0.7105, lateral-2: 0.6192, lateral-3: 0.7382, lateral-4: 0.8843, lateral-5: 0.7323]
2025-10-27 22:29:20.711367 Epoch [044/070], Step [0002/0002], [lateral-edge: 0.7111, lateral-2: 0.6564, lateral-3: 0.7447, lateral-4: 0.8644, lateral-5: 0.7357]
2025-10-27 22:29:22.414377 Epoch [045/070], Step [0002/0002], [lateral-edge: 0.7107, lateral-2: 0.6603, lateral-3: 0.7603, lateral-4: 0.8882, lateral-5: 0.7499]
2025-10-27 22:29:24.111938 Epoch [046/070], Step [0002/0002], [lateral-edge: 0.7099, lateral-2: 0.6726, lateral-3: 0.7860, lateral-4: 0.9346, lateral-5: 0.7668]
2025-10-27 22:29:25.825404 Epoch [047/070], Step [0002/0002], [lateral-edge: 0.7085, lateral-2: 0.6794, lateral-3: 0.7638, lateral-4: 0.8780, lateral-5: 0.7393]
2025-10-27 22:29:27.553550 Epoch [048/070], Step [0002/0002], [lateral-edge: 0.7072, lateral-2: 0.6795, lateral-3: 0.7776, lateral-4: 0.9229, lateral-5: 0.7658]
2025-10-27 22:29:29.256498 Epoch [049/070], Step [0002/0002], [lateral-edge: 0.7070, lateral-2: 0.7255, lateral-3: 0.8535, lateral-4: 1.0172, lateral-5: 0.8361]
[Saving Snapshot:] ./Snapshots/save_weights/Inf-Net_Morph_GroupNorm/open/batch_48/run_2/Inf-Net-50.pth
2025-10-27 22:29:31.117398 Epoch [050/070], Step [0002/0002], [lateral-edge: 0.7108, lateral-2: 0.7042, lateral-3: 0.7797, lateral-4: 0.8970, lateral-5: 0.7746]
2025-10-27 22:29:32.825532 Epoch [051/070], Step [0002/0002], [lateral-edge: 0.7074, lateral-2: 0.6989, lateral-3: 0.7823, lateral-4: 0.9094, lateral-5: 0.7894]
2025-10-27 22:29:34.532374 Epoch [052/070], Step [0002/0002], [lateral-edge: 0.7116, lateral-2: 0.7422, lateral-3: 0.8295, lateral-4: 0.9545, lateral-5: 0.8459]
2025-10-27 22:29:36.234105 Epoch [053/070], Step [0002/0002], [lateral-edge: 0.7107, lateral-2: 0.7202, lateral-3: 0.8259, lateral-4: 0.9667, lateral-5: 0.8045]
2025-10-27 22:29:37.934375 Epoch [054/070], Step [0002/0002], [lateral-edge: 0.7104, lateral-2: 0.7088, lateral-3: 0.7781, lateral-4: 0.9066, lateral-5: 0.7974]
2025-10-27 22:29:39.673030 Epoch [055/070], Step [0002/0002], [lateral-edge: 0.7096, lateral-2: 0.7082, lateral-3: 0.7810, lateral-4: 0.8936, lateral-5: 0.7959]
2025-10-27 22:29:41.382685 Epoch [056/070], Step [0002/0002], [lateral-edge: 0.7088, lateral-2: 0.6926, lateral-3: 0.7779, lateral-4: 0.8981, lateral-5: 0.7787]
2025-10-27 22:29:43.126230 Epoch [057/070], Step [0002/0002], [lateral-edge: 0.7087, lateral-2: 0.6828, lateral-3: 0.7970, lateral-4: 0.9369, lateral-5: 0.7883]
2025-10-27 22:29:44.846824 Epoch [058/070], Step [0002/0002], [lateral-edge: 0.7087, lateral-2: 0.7063, lateral-3: 0.7713, lateral-4: 0.8769, lateral-5: 0.7492]
2025-10-27 22:29:46.576367 Epoch [059/070], Step [0002/0002], [lateral-edge: 0.7066, lateral-2: 0.7344, lateral-3: 0.8113, lateral-4: 0.9238, lateral-5: 0.8041]
[Saving Snapshot:] ./Snapshots/save_weights/Inf-Net_Morph_GroupNorm/open/batch_48/run_2/Inf-Net-60.pth
2025-10-27 22:29:48.426506 Epoch [060/070], Step [0002/0002], [lateral-edge: 0.7065, lateral-2: 0.6774, lateral-3: 0.7838, lateral-4: 0.9178, lateral-5: 0.7734]
2025-10-27 22:29:50.163718 Epoch [061/070], Step [0002/0002], [lateral-edge: 0.7087, lateral-2: 0.6940, lateral-3: 0.8008, lateral-4: 0.9437, lateral-5: 0.7801]
2025-10-27 22:29:51.887777 Epoch [062/070], Step [0002/0002], [lateral-edge: 0.7082, lateral-2: 0.7070, lateral-3: 0.8156, lateral-4: 0.9602, lateral-5: 0.8024]
2025-10-27 22:29:53.614525 Epoch [063/070], Step [0002/0002], [lateral-edge: 0.7066, lateral-2: 0.7344, lateral-3: 0.8113, lateral-4: 0.9238, lateral-5: 0.8041]
2025-10-27 22:29:55.388718 Epoch [064/070], Step [0002/0002], [lateral-edge: 0.7092, lateral-2: 0.7300, lateral-3: 0.8186, lateral-4: 0.9444, lateral-5: 0.8439]
2025-10-27 22:29:57.114462 Epoch [065/070], Step [0002/0002], [lateral-edge: 0.7097, lateral-2: 0.7066, lateral-3: 0.8003, lateral-4: 0.9287, lateral-5: 0.8064]
2025-10-27 22:29:58.841863 Epoch [066/070], Step [0002/0002], [lateral-edge: 0.7073, lateral-2: 0.7381, lateral-3: 0.8400, lateral-4: 0.9748, lateral-5: 0.8591]
2025-10-27 22:30:00.571721 Epoch [067/070], Step [0002/0002], [lateral-edge: 0.7083, lateral-2: 0.7578, lateral-3: 0.8240, lateral-4: 0.9288, lateral-5: 0.8224]
2025-10-27 22:30:02.277782 Epoch [068/070], Step [0002/0002], [lateral-edge: 0.7108, lateral-2: 0.7368, lateral-3: 0.7951, lateral-4: 0.9102, lateral-5: 0.7990]
2025-10-27 22:30:03.986694 Epoch [069/070], Step [0002/0002], [lateral-edge: 0.7080, lateral-2: 0.7130, lateral-3: 0.8097, lateral-4: 0.9436, lateral-5: 0.8148]
[Saving Snapshot:] ./Snapshots/save_weights/Inf-Net_Morph_GroupNorm/open/batch_48/run_2/Inf-Net-70.pth
2025-10-27 22:30:05.853103 Epoch [070/070], Step [0002/0002], [lateral-edge: 0.7069, lateral-2: 0.7356, lateral-3: 0.8210, lateral-4: 0.9534, lateral-5: 0.8304]
Training completed at Mon Oct 27 22:30:06 CET 2025
