Backbone loading: Res2Net50
Freezing unused branches for DP compatibility...
Trainable: 31,072,721 / 33,121,721 parameters
Not loading weights from weights file
Validator raised issues with model. Attempting auto-fix...
Original error: UnsupportedModuleError
Model successfully fixed for differential privacy
###################################################################### 
Start Training (Inf-Net-Res2Net50)
Backbone: Res2Net50
Batch Size: 48
Privacy: DP Enabled (ε budget, δ=1e-05)
Morphology: Disabled
Save Path: ./Snapshots/save_weights/Inf-Net_DP/batch_48/run_1/noise_multiplier_0.7
Run: 1
Namespace(epoch=70, lr=0.0001, batchsize=48, trainsize=352, clip=0.5, decay_rate=0.1, decay_epoch=50, is_thop=False, gpu_device=0, num_workers=4, net_channel=32, n_classes=1, backbone='Res2Net50', train_path='./Dataset/TrainingSet/LungInfection-Train/Doctor-label', is_semi=False, is_pseudo=False, train_save=None, run=1, enable_privacy=True, noise_multiplier=0.7, max_grad_norm=1.2, delta=1e-05, enable_morphology=False, morph_operation='close', morph_kernel_size=3, device='cuda')
 ######################################################################
2025-10-26 22:14:54.532177 Epoch [001/070], Step [0002/0002], [lateral-edge: 0.7824, lateral-2: 1.6434, lateral-3: 1.5860, lateral-4: 1.6172, lateral-5: 1.5434, epsilon: 13.9265]
2025-10-26 22:14:59.111944 Epoch [002/070], Step [0002/0002], [lateral-edge: 0.7818, lateral-2: 1.6095, lateral-3: 1.5547, lateral-4: 1.5676, lateral-5: 1.5535, epsilon: 19.9996]
2025-10-26 22:15:03.550633 Epoch [003/070], Step [0002/0002], [lateral-edge: 0.7810, lateral-2: 1.5647, lateral-3: 1.5151, lateral-4: 1.5264, lateral-5: 1.5358, epsilon: 25.0333]
2025-10-26 22:15:07.768337 Epoch [004/070], Step [0002/0002], [lateral-edge: 0.7805, lateral-2: 1.5524, lateral-3: 1.5066, lateral-4: 1.5159, lateral-5: 1.5384, epsilon: 29.5471]
2025-10-26 22:15:11.769961 Epoch [005/070], Step [0002/0002], [lateral-edge: 0.7795, lateral-2: 1.5275, lateral-3: 1.4913, lateral-4: 1.4981, lateral-5: 1.5292, epsilon: 33.7336]
2025-10-26 22:15:15.914944 Epoch [006/070], Step [0002/0002], [lateral-edge: 0.7787, lateral-2: 1.5189, lateral-3: 1.4858, lateral-4: 1.4922, lateral-5: 1.5277, epsilon: 37.6898]
2025-10-26 22:15:19.610493 Epoch [007/070], Step [0002/0002], [lateral-edge: 0.7768, lateral-2: 1.4972, lateral-3: 1.4731, lateral-4: 1.4743, lateral-5: 1.5205, epsilon: 41.4724]
2025-10-26 22:15:23.281527 Epoch [008/070], Step [0002/0002], [lateral-edge: 0.7760, lateral-2: 1.4999, lateral-3: 1.4743, lateral-4: 1.4785, lateral-5: 1.5218, epsilon: 45.1182]
2025-10-26 22:15:27.562207 Epoch [009/070], Step [0002/0002], [lateral-edge: 0.7757, lateral-2: 1.4902, lateral-3: 1.4707, lateral-4: 1.4696, lateral-5: 1.5160, epsilon: 48.6524]
[Saving Snapshot:] ./Snapshots/save_weights/Inf-Net_DP/batch_48/run_1/noise_multiplier_0.7/Inf-Net-10.pth
[Privacy Budget]: ε = 48.65 (δ = 1e-05)
2025-10-26 22:15:33.043739 Epoch [010/070], Step [0002/0002], [lateral-edge: 0.7746, lateral-2: 1.4581, lateral-3: 1.4456, lateral-4: 1.4489, lateral-5: 1.5033, epsilon: 52.0934]
2025-10-26 22:15:37.127564 Epoch [011/070], Step [0002/0002], [lateral-edge: 0.7738, lateral-2: 1.4691, lateral-3: 1.4539, lateral-4: 1.4630, lateral-5: 1.5098, epsilon: 55.4551]
2025-10-26 22:15:40.907877 Epoch [012/070], Step [0002/0002], [lateral-edge: 0.7725, lateral-2: 1.4669, lateral-3: 1.4555, lateral-4: 1.4659, lateral-5: 1.5111, epsilon: 58.7482]
2025-10-26 22:15:44.978692 Epoch [013/070], Step [0002/0002], [lateral-edge: 0.7714, lateral-2: 1.4461, lateral-3: 1.4369, lateral-4: 1.4474, lateral-5: 1.5087, epsilon: 61.9812]
2025-10-26 22:15:48.818558 Epoch [014/070], Step [0002/0002], [lateral-edge: 0.7708, lateral-2: 1.4278, lateral-3: 1.4221, lateral-4: 1.4341, lateral-5: 1.4972, epsilon: 65.1609]
2025-10-26 22:15:52.573723 Epoch [015/070], Step [0002/0002], [lateral-edge: 0.7701, lateral-2: 1.4119, lateral-3: 1.4120, lateral-4: 1.4254, lateral-5: 1.4848, epsilon: 68.2930]
2025-10-26 22:15:56.538339 Epoch [016/070], Step [0002/0002], [lateral-edge: 0.7704, lateral-2: 1.4300, lateral-3: 1.4321, lateral-4: 1.4426, lateral-5: 1.4968, epsilon: 71.3823]
2025-10-26 22:16:00.470661 Epoch [017/070], Step [0002/0002], [lateral-edge: 0.7685, lateral-2: 1.3925, lateral-3: 1.3973, lateral-4: 1.4083, lateral-5: 1.4720, epsilon: 74.4326]
2025-10-26 22:16:04.754044 Epoch [018/070], Step [0002/0002], [lateral-edge: 0.7683, lateral-2: 1.3915, lateral-3: 1.4046, lateral-4: 1.4190, lateral-5: 1.4789, epsilon: 77.4475]
2025-10-26 22:16:08.868120 Epoch [019/070], Step [0002/0002], [lateral-edge: 0.7672, lateral-2: 1.3915, lateral-3: 1.4000, lateral-4: 1.4179, lateral-5: 1.4764, epsilon: 80.4298]
[Saving Snapshot:] ./Snapshots/save_weights/Inf-Net_DP/batch_48/run_1/noise_multiplier_0.7/Inf-Net-20.pth
[Privacy Budget]: ε = 80.43 (δ = 1e-05)
2025-10-26 22:16:13.805752 Epoch [020/070], Step [0002/0002], [lateral-edge: 0.7671, lateral-2: 1.3758, lateral-3: 1.3835, lateral-4: 1.4041, lateral-5: 1.4729, epsilon: 83.3821]
2025-10-26 22:16:17.485295 Epoch [021/070], Step [0002/0002], [lateral-edge: 0.7662, lateral-2: 1.3516, lateral-3: 1.3653, lateral-4: 1.3803, lateral-5: 1.4577, epsilon: 86.3066]
2025-10-26 22:16:21.599090 Epoch [022/070], Step [0002/0002], [lateral-edge: 0.7663, lateral-2: 1.3923, lateral-3: 1.4093, lateral-4: 1.4214, lateral-5: 1.4760, epsilon: 89.2054]
2025-10-26 22:16:25.409261 Epoch [023/070], Step [0002/0002], [lateral-edge: 0.7652, lateral-2: 1.3541, lateral-3: 1.3713, lateral-4: 1.3904, lateral-5: 1.4612, epsilon: 92.0801]
2025-10-26 22:16:29.884384 Epoch [024/070], Step [0002/0002], [lateral-edge: 0.7644, lateral-2: 1.3512, lateral-3: 1.3668, lateral-4: 1.3827, lateral-5: 1.4551, epsilon: 94.9324]
2025-10-26 22:16:33.971872 Epoch [025/070], Step [0002/0002], [lateral-edge: 0.7628, lateral-2: 1.3454, lateral-3: 1.3671, lateral-4: 1.3812, lateral-5: 1.4484, epsilon: 97.7635]
2025-10-26 22:16:38.407285 Epoch [026/070], Step [0002/0002], [lateral-edge: 0.7627, lateral-2: 1.3449, lateral-3: 1.3615, lateral-4: 1.3913, lateral-5: 1.4530, epsilon: 100.5748]
2025-10-26 22:16:42.813645 Epoch [027/070], Step [0002/0002], [lateral-edge: 0.7626, lateral-2: 1.3257, lateral-3: 1.3482, lateral-4: 1.3643, lateral-5: 1.4406, epsilon: 103.3675]
2025-10-26 22:16:46.622412 Epoch [028/070], Step [0002/0002], [lateral-edge: 0.7622, lateral-2: 1.3464, lateral-3: 1.3643, lateral-4: 1.3923, lateral-5: 1.4532, epsilon: 106.1424]
2025-10-26 22:16:51.313047 Epoch [029/070], Step [0002/0002], [lateral-edge: 0.7608, lateral-2: 1.3199, lateral-3: 1.3452, lateral-4: 1.3734, lateral-5: 1.4434, epsilon: 108.9007]
[Saving Snapshot:] ./Snapshots/save_weights/Inf-Net_DP/batch_48/run_1/noise_multiplier_0.7/Inf-Net-30.pth
[Privacy Budget]: ε = 108.90 (δ = 1e-05)
2025-10-26 22:16:56.973134 Epoch [030/070], Step [0002/0002], [lateral-edge: 0.7610, lateral-2: 1.3057, lateral-3: 1.3329, lateral-4: 1.3569, lateral-5: 1.4399, epsilon: 111.6431]
2025-10-26 22:17:01.582846 Epoch [031/070], Step [0002/0002], [lateral-edge: 0.7606, lateral-2: 1.2980, lateral-3: 1.3174, lateral-4: 1.3434, lateral-5: 1.4329, epsilon: 114.3704]
2025-10-26 22:17:05.835004 Epoch [032/070], Step [0002/0002], [lateral-edge: 0.7600, lateral-2: 1.3073, lateral-3: 1.3327, lateral-4: 1.3570, lateral-5: 1.4346, epsilon: 117.0834]
2025-10-26 22:17:10.158133 Epoch [033/070], Step [0002/0002], [lateral-edge: 0.7591, lateral-2: 1.2855, lateral-3: 1.3120, lateral-4: 1.3384, lateral-5: 1.4258, epsilon: 119.7827]
2025-10-26 22:17:14.375125 Epoch [034/070], Step [0002/0002], [lateral-edge: 0.7584, lateral-2: 1.2778, lateral-3: 1.3174, lateral-4: 1.3438, lateral-5: 1.4225, epsilon: 122.4689]
2025-10-26 22:17:18.808992 Epoch [035/070], Step [0002/0002], [lateral-edge: 0.7582, lateral-2: 1.3007, lateral-3: 1.3208, lateral-4: 1.3555, lateral-5: 1.4339, epsilon: 125.1427]
2025-10-26 22:17:23.339174 Epoch [036/070], Step [0002/0002], [lateral-edge: 0.7587, lateral-2: 1.2901, lateral-3: 1.3142, lateral-4: 1.3452, lateral-5: 1.4280, epsilon: 127.8045]
2025-10-26 22:17:27.424924 Epoch [037/070], Step [0002/0002], [lateral-edge: 0.7581, lateral-2: 1.2583, lateral-3: 1.2919, lateral-4: 1.3222, lateral-5: 1.4118, epsilon: 130.4549]
2025-10-26 22:17:31.954608 Epoch [038/070], Step [0002/0002], [lateral-edge: 0.7563, lateral-2: 1.2767, lateral-3: 1.3082, lateral-4: 1.3410, lateral-5: 1.4190, epsilon: 133.0943]
2025-10-26 22:17:35.915370 Epoch [039/070], Step [0002/0002], [lateral-edge: 0.7554, lateral-2: 1.2547, lateral-3: 1.2913, lateral-4: 1.3238, lateral-5: 1.4127, epsilon: 135.7231]
[Saving Snapshot:] ./Snapshots/save_weights/Inf-Net_DP/batch_48/run_1/noise_multiplier_0.7/Inf-Net-40.pth
[Privacy Budget]: ε = 135.72 (δ = 1e-05)
2025-10-26 22:17:40.873073 Epoch [040/070], Step [0002/0002], [lateral-edge: 0.7563, lateral-2: 1.2598, lateral-3: 1.2833, lateral-4: 1.3192, lateral-5: 1.4124, epsilon: 138.3418]
2025-10-26 22:17:45.415503 Epoch [041/070], Step [0002/0002], [lateral-edge: 0.7562, lateral-2: 1.2508, lateral-3: 1.2809, lateral-4: 1.3197, lateral-5: 1.4096, epsilon: 140.9507]
2025-10-26 22:17:50.090319 Epoch [042/070], Step [0002/0002], [lateral-edge: 0.7552, lateral-2: 1.2574, lateral-3: 1.2898, lateral-4: 1.3222, lateral-5: 1.4036, epsilon: 143.5501]
2025-10-26 22:17:54.789266 Epoch [043/070], Step [0002/0002], [lateral-edge: 0.7542, lateral-2: 1.2538, lateral-3: 1.2835, lateral-4: 1.3165, lateral-5: 1.4030, epsilon: 146.1405]
2025-10-26 22:17:59.703450 Epoch [044/070], Step [0002/0002], [lateral-edge: 0.7553, lateral-2: 1.2438, lateral-3: 1.2744, lateral-4: 1.3103, lateral-5: 1.3981, epsilon: 148.7221]
2025-10-26 22:18:04.482965 Epoch [045/070], Step [0002/0002], [lateral-edge: 0.7554, lateral-2: 1.2350, lateral-3: 1.2699, lateral-4: 1.3085, lateral-5: 1.4026, epsilon: 151.2953]
2025-10-26 22:18:08.791108 Epoch [046/070], Step [0002/0002], [lateral-edge: 0.7546, lateral-2: 1.2459, lateral-3: 1.2752, lateral-4: 1.3105, lateral-5: 1.3952, epsilon: 153.8603]
2025-10-26 22:18:13.857937 Epoch [047/070], Step [0002/0002], [lateral-edge: 0.7540, lateral-2: 1.2270, lateral-3: 1.2575, lateral-4: 1.2990, lateral-5: 1.3894, epsilon: 156.4173]
2025-10-26 22:18:18.833753 Epoch [048/070], Step [0002/0002], [lateral-edge: 0.7533, lateral-2: 1.2055, lateral-3: 1.2422, lateral-4: 1.2866, lateral-5: 1.3817, epsilon: 158.9667]
2025-10-26 22:18:23.320310 Epoch [049/070], Step [0002/0002], [lateral-edge: 0.7546, lateral-2: 1.2109, lateral-3: 1.2429, lateral-4: 1.2830, lateral-5: 1.3813, epsilon: 161.5086]
[Saving Snapshot:] ./Snapshots/save_weights/Inf-Net_DP/batch_48/run_1/noise_multiplier_0.7/Inf-Net-50.pth
[Privacy Budget]: ε = 161.51 (δ = 1e-05)
2025-10-26 22:18:29.244042 Epoch [050/070], Step [0002/0002], [lateral-edge: 0.7535, lateral-2: 1.2123, lateral-3: 1.2435, lateral-4: 1.2900, lateral-5: 1.3837, epsilon: 164.0434]
2025-10-26 22:18:33.485402 Epoch [051/070], Step [0002/0002], [lateral-edge: 0.7530, lateral-2: 1.2442, lateral-3: 1.2632, lateral-4: 1.3004, lateral-5: 1.3861, epsilon: 166.5711]
2025-10-26 22:18:38.585598 Epoch [052/070], Step [0002/0002], [lateral-edge: 0.7523, lateral-2: 1.2237, lateral-3: 1.2490, lateral-4: 1.2904, lateral-5: 1.3821, epsilon: 169.0921]
2025-10-26 22:18:43.767877 Epoch [053/070], Step [0002/0002], [lateral-edge: 0.7533, lateral-2: 1.2146, lateral-3: 1.2480, lateral-4: 1.2954, lateral-5: 1.3839, epsilon: 171.6064]
2025-10-26 22:18:48.945976 Epoch [054/070], Step [0002/0002], [lateral-edge: 0.7523, lateral-2: 1.2265, lateral-3: 1.2580, lateral-4: 1.2985, lateral-5: 1.3828, epsilon: 174.1144]
2025-10-26 22:18:54.179759 Epoch [055/070], Step [0002/0002], [lateral-edge: 0.7527, lateral-2: 1.2181, lateral-3: 1.2414, lateral-4: 1.2843, lateral-5: 1.3797, epsilon: 176.6162]
2025-10-26 22:18:59.437412 Epoch [056/070], Step [0002/0002], [lateral-edge: 0.7539, lateral-2: 1.2201, lateral-3: 1.2576, lateral-4: 1.2986, lateral-5: 1.3849, epsilon: 179.1118]
2025-10-26 22:19:04.227063 Epoch [057/070], Step [0002/0002], [lateral-edge: 0.7535, lateral-2: 1.2039, lateral-3: 1.2451, lateral-4: 1.2888, lateral-5: 1.3812, epsilon: 181.6016]
2025-10-26 22:19:09.480229 Epoch [058/070], Step [0002/0002], [lateral-edge: 0.7526, lateral-2: 1.2082, lateral-3: 1.2426, lateral-4: 1.2853, lateral-5: 1.3784, epsilon: 184.0857]
2025-10-26 22:19:14.610716 Epoch [059/070], Step [0002/0002], [lateral-edge: 0.7540, lateral-2: 1.2128, lateral-3: 1.2440, lateral-4: 1.2871, lateral-5: 1.3821, epsilon: 186.5642]
[Saving Snapshot:] ./Snapshots/save_weights/Inf-Net_DP/batch_48/run_1/noise_multiplier_0.7/Inf-Net-60.pth
[Privacy Budget]: ε = 186.56 (δ = 1e-05)
2025-10-26 22:19:21.569648 Epoch [060/070], Step [0002/0002], [lateral-edge: 0.7525, lateral-2: 1.2044, lateral-3: 1.2406, lateral-4: 1.2811, lateral-5: 1.3757, epsilon: 189.0372]
2025-10-26 22:19:26.787073 Epoch [061/070], Step [0002/0002], [lateral-edge: 0.7527, lateral-2: 1.2208, lateral-3: 1.2469, lateral-4: 1.2946, lateral-5: 1.3866, epsilon: 191.5049]
2025-10-26 22:19:31.887228 Epoch [062/070], Step [0002/0002], [lateral-edge: 0.7530, lateral-2: 1.2131, lateral-3: 1.2413, lateral-4: 1.2866, lateral-5: 1.3799, epsilon: 193.9674]
2025-10-26 22:19:37.249966 Epoch [063/070], Step [0002/0002], [lateral-edge: 0.7532, lateral-2: 1.2197, lateral-3: 1.2465, lateral-4: 1.2929, lateral-5: 1.3896, epsilon: 196.4248]
2025-10-26 22:19:42.772907 Epoch [064/070], Step [0002/0002], [lateral-edge: 0.7536, lateral-2: 1.2296, lateral-3: 1.2512, lateral-4: 1.2954, lateral-5: 1.3837, epsilon: 198.8773]
2025-10-26 22:19:48.431043 Epoch [065/070], Step [0002/0002], [lateral-edge: 0.7534, lateral-2: 1.2052, lateral-3: 1.2421, lateral-4: 1.2842, lateral-5: 1.3754, epsilon: 201.3250]
2025-10-26 22:19:53.887398 Epoch [066/070], Step [0002/0002], [lateral-edge: 0.7525, lateral-2: 1.2087, lateral-3: 1.2424, lateral-4: 1.2856, lateral-5: 1.3755, epsilon: 203.7680]
2025-10-26 22:19:59.446479 Epoch [067/070], Step [0002/0002], [lateral-edge: 0.7536, lateral-2: 1.2157, lateral-3: 1.2358, lateral-4: 1.2795, lateral-5: 1.3833, epsilon: 206.2064]
2025-10-26 22:20:04.893339 Epoch [068/070], Step [0002/0002], [lateral-edge: 0.7539, lateral-2: 1.2199, lateral-3: 1.2512, lateral-4: 1.2966, lateral-5: 1.3827, epsilon: 208.6403]
2025-10-26 22:20:10.518200 Epoch [069/070], Step [0002/0002], [lateral-edge: 0.7531, lateral-2: 1.2125, lateral-3: 1.2372, lateral-4: 1.2895, lateral-5: 1.3899, epsilon: 211.0697]
[Saving Snapshot:] ./Snapshots/save_weights/Inf-Net_DP/batch_48/run_1/noise_multiplier_0.7/Inf-Net-70.pth
[Privacy Budget]: ε = 211.07 (δ = 1e-05)
2025-10-26 22:20:18.430647 Epoch [070/070], Step [0002/0002], [lateral-edge: 0.7537, lateral-2: 1.2076, lateral-3: 1.2385, lateral-4: 1.2879, lateral-5: 1.3911, epsilon: 213.4949]
Training completed at Sun Oct 26 22:20:19 CET 2025
