Backbone loading: Res2Net50
Converting BatchNorm to GroupNorm for fair comparison with DP models
Model architecture converted to GroupNorm
Not loading weights from weights file
################################################## 
Start Training (Inf-Net-GroupNorm)
Backbone: Res2Net50
Batch Size: 48
Morphology: dilation
Architecture: GroupNorm (no DP)
Save Path: ./Snapshots/save_weights/Inf-Net_Morph_GroupNorm/dilation/batch_48/run_2
Run: 2
Namespace(epoch=70, lr=0.0001, batchsize=48, trainsize=352, clip=0.5, decay_rate=0.1, decay_epoch=50, is_thop=False, gpu_device=0, num_workers=8, net_channel=32, n_classes=1, backbone='Res2Net50', train_path='./Dataset/TrainingSet/LungInfection-Train/Doctor-label', is_semi=False, is_pseudo=False, train_save=None, run=2, enable_morphology=True, morph_operation='dilation', morph_kernel_size=3, device='cuda')
 ##################################################
2025-10-27 22:31:33.846635 Epoch [001/070], Step [0002/0002], [lateral-edge: 0.7640, lateral-2: 1.4591, lateral-3: 1.4997, lateral-4: 1.4568, lateral-5: 1.4785]
2025-10-27 22:31:35.596600 Epoch [002/070], Step [0002/0002], [lateral-edge: 0.7586, lateral-2: 1.1610, lateral-3: 1.2227, lateral-4: 1.2529, lateral-5: 1.3148]
2025-10-27 22:31:37.369726 Epoch [003/070], Step [0002/0002], [lateral-edge: 0.7551, lateral-2: 1.0141, lateral-3: 1.1050, lateral-4: 1.2009, lateral-5: 1.2191]
2025-10-27 22:31:39.150413 Epoch [004/070], Step [0002/0002], [lateral-edge: 0.7507, lateral-2: 0.9868, lateral-3: 1.0452, lateral-4: 1.1439, lateral-5: 1.1707]
2025-10-27 22:31:40.930355 Epoch [005/070], Step [0002/0002], [lateral-edge: 0.7466, lateral-2: 0.9915, lateral-3: 1.0522, lateral-4: 1.1536, lateral-5: 1.1270]
2025-10-27 22:31:42.698205 Epoch [006/070], Step [0002/0002], [lateral-edge: 0.7433, lateral-2: 0.9447, lateral-3: 1.0513, lateral-4: 1.1953, lateral-5: 1.1486]
2025-10-27 22:31:44.454598 Epoch [007/070], Step [0002/0002], [lateral-edge: 0.7412, lateral-2: 1.0383, lateral-3: 1.0523, lateral-4: 1.0986, lateral-5: 1.1033]
2025-10-27 22:31:46.235813 Epoch [008/070], Step [0002/0002], [lateral-edge: 0.7388, lateral-2: 0.8852, lateral-3: 0.9582, lateral-4: 1.0981, lateral-5: 1.0544]
2025-10-27 22:31:48.005324 Epoch [009/070], Step [0002/0002], [lateral-edge: 0.7371, lateral-2: 0.8362, lateral-3: 0.9169, lateral-4: 1.0452, lateral-5: 1.0168]
[Saving Snapshot:] ./Snapshots/save_weights/Inf-Net_Morph_GroupNorm/dilation/batch_48/run_2/Inf-Net-10.pth
2025-10-27 22:31:50.044839 Epoch [010/070], Step [0002/0002], [lateral-edge: 0.7364, lateral-2: 0.7946, lateral-3: 0.8924, lateral-4: 1.0406, lateral-5: 0.9848]
2025-10-27 22:31:51.807153 Epoch [011/070], Step [0002/0002], [lateral-edge: 0.7333, lateral-2: 0.8129, lateral-3: 0.9150, lateral-4: 1.0653, lateral-5: 0.9953]
2025-10-27 22:31:53.599220 Epoch [012/070], Step [0002/0002], [lateral-edge: 0.7325, lateral-2: 0.8146, lateral-3: 0.9041, lateral-4: 1.0778, lateral-5: 1.0136]
2025-10-27 22:31:55.370533 Epoch [013/070], Step [0002/0002], [lateral-edge: 0.7324, lateral-2: 0.8076, lateral-3: 0.8524, lateral-4: 0.9663, lateral-5: 0.9317]
2025-10-27 22:31:57.139966 Epoch [014/070], Step [0002/0002], [lateral-edge: 0.7280, lateral-2: 0.8494, lateral-3: 0.9850, lateral-4: 1.1570, lateral-5: 1.0634]
2025-10-27 22:31:58.929051 Epoch [015/070], Step [0002/0002], [lateral-edge: 0.7311, lateral-2: 1.0065, lateral-3: 1.0496, lateral-4: 1.1263, lateral-5: 1.0706]
2025-10-27 22:32:00.717665 Epoch [016/070], Step [0002/0002], [lateral-edge: 0.7301, lateral-2: 0.8641, lateral-3: 0.9380, lateral-4: 1.0613, lateral-5: 1.0087]
2025-10-27 22:32:02.474284 Epoch [017/070], Step [0002/0002], [lateral-edge: 0.7266, lateral-2: 0.8334, lateral-3: 0.9437, lateral-4: 1.1140, lateral-5: 1.0284]
2025-10-27 22:32:04.268198 Epoch [018/070], Step [0002/0002], [lateral-edge: 0.7251, lateral-2: 0.8575, lateral-3: 0.9186, lateral-4: 1.0395, lateral-5: 0.9901]
2025-10-27 22:32:06.058468 Epoch [019/070], Step [0002/0002], [lateral-edge: 0.7245, lateral-2: 0.7544, lateral-3: 0.8686, lateral-4: 1.0329, lateral-5: 0.9066]
[Saving Snapshot:] ./Snapshots/save_weights/Inf-Net_Morph_GroupNorm/dilation/batch_48/run_2/Inf-Net-20.pth
2025-10-27 22:32:08.116822 Epoch [020/070], Step [0002/0002], [lateral-edge: 0.7255, lateral-2: 0.8071, lateral-3: 0.8923, lateral-4: 1.0091, lateral-5: 0.9447]
2025-10-27 22:32:09.903173 Epoch [021/070], Step [0002/0002], [lateral-edge: 0.7223, lateral-2: 0.7504, lateral-3: 0.8664, lateral-4: 1.0570, lateral-5: 0.9323]
2025-10-27 22:32:11.701050 Epoch [022/070], Step [0002/0002], [lateral-edge: 0.7224, lateral-2: 0.8563, lateral-3: 0.9234, lateral-4: 1.0533, lateral-5: 0.9702]
2025-10-27 22:32:13.507037 Epoch [023/070], Step [0002/0002], [lateral-edge: 0.7202, lateral-2: 0.7962, lateral-3: 0.8795, lateral-4: 1.0176, lateral-5: 0.9309]
2025-10-27 22:32:15.280157 Epoch [024/070], Step [0002/0002], [lateral-edge: 0.7216, lateral-2: 0.7872, lateral-3: 0.8810, lateral-4: 1.0139, lateral-5: 0.8928]
2025-10-27 22:32:17.072805 Epoch [025/070], Step [0002/0002], [lateral-edge: 0.7230, lateral-2: 0.9796, lateral-3: 1.0302, lateral-4: 1.1220, lateral-5: 1.0652]
2025-10-27 22:32:18.872451 Epoch [026/070], Step [0002/0002], [lateral-edge: 0.7182, lateral-2: 0.8684, lateral-3: 0.9843, lateral-4: 1.1495, lateral-5: 1.0202]
2025-10-27 22:32:20.629207 Epoch [027/070], Step [0002/0002], [lateral-edge: 0.7184, lateral-2: 0.7969, lateral-3: 0.9014, lateral-4: 1.0609, lateral-5: 0.9157]
2025-10-27 22:32:22.462222 Epoch [028/070], Step [0002/0002], [lateral-edge: 0.7218, lateral-2: 0.7575, lateral-3: 0.8465, lateral-4: 0.9758, lateral-5: 0.8968]
2025-10-27 22:32:24.220637 Epoch [029/070], Step [0002/0002], [lateral-edge: 0.7206, lateral-2: 0.6981, lateral-3: 0.7942, lateral-4: 0.9471, lateral-5: 0.8137]
[Saving Snapshot:] ./Snapshots/save_weights/Inf-Net_Morph_GroupNorm/dilation/batch_48/run_2/Inf-Net-30.pth
2025-10-27 22:32:26.219913 Epoch [030/070], Step [0002/0002], [lateral-edge: 0.7191, lateral-2: 0.6961, lateral-3: 0.7809, lateral-4: 0.9186, lateral-5: 0.7995]
2025-10-27 22:32:28.004458 Epoch [031/070], Step [0002/0002], [lateral-edge: 0.7180, lateral-2: 0.7122, lateral-3: 0.8007, lateral-4: 0.9222, lateral-5: 0.8435]
2025-10-27 22:32:29.784114 Epoch [032/070], Step [0002/0002], [lateral-edge: 0.7167, lateral-2: 0.7109, lateral-3: 0.8047, lateral-4: 0.9725, lateral-5: 0.8132]
2025-10-27 22:32:31.558943 Epoch [033/070], Step [0002/0002], [lateral-edge: 0.7168, lateral-2: 0.7302, lateral-3: 0.8252, lateral-4: 0.9705, lateral-5: 0.8193]
2025-10-27 22:32:33.329900 Epoch [034/070], Step [0002/0002], [lateral-edge: 0.7166, lateral-2: 0.6692, lateral-3: 0.7810, lateral-4: 0.9409, lateral-5: 0.7926]
2025-10-27 22:32:35.078614 Epoch [035/070], Step [0002/0002], [lateral-edge: 0.7156, lateral-2: 0.6618, lateral-3: 0.7941, lateral-4: 0.9656, lateral-5: 0.7807]
2025-10-27 22:32:36.856906 Epoch [036/070], Step [0002/0002], [lateral-edge: 0.7098, lateral-2: 0.7035, lateral-3: 0.8294, lateral-4: 0.9905, lateral-5: 0.8199]
2025-10-27 22:32:38.619459 Epoch [037/070], Step [0002/0002], [lateral-edge: 0.7128, lateral-2: 0.6453, lateral-3: 0.7258, lateral-4: 0.8743, lateral-5: 0.7465]
2025-10-27 22:32:40.382579 Epoch [038/070], Step [0002/0002], [lateral-edge: 0.7147, lateral-2: 0.6822, lateral-3: 0.8172, lateral-4: 0.9884, lateral-5: 0.7987]
2025-10-27 22:32:42.162980 Epoch [039/070], Step [0002/0002], [lateral-edge: 0.7135, lateral-2: 0.6606, lateral-3: 0.7487, lateral-4: 0.8709, lateral-5: 0.7475]
[Saving Snapshot:] ./Snapshots/save_weights/Inf-Net_Morph_GroupNorm/dilation/batch_48/run_2/Inf-Net-40.pth
2025-10-27 22:32:44.201638 Epoch [040/070], Step [0002/0002], [lateral-edge: 0.7108, lateral-2: 0.7048, lateral-3: 0.8241, lateral-4: 0.9812, lateral-5: 0.8243]
2025-10-27 22:32:45.991601 Epoch [041/070], Step [0002/0002], [lateral-edge: 0.7092, lateral-2: 0.6842, lateral-3: 0.7847, lateral-4: 0.9380, lateral-5: 0.7655]
2025-10-27 22:32:47.781543 Epoch [042/070], Step [0002/0002], [lateral-edge: 0.7111, lateral-2: 0.6670, lateral-3: 0.7587, lateral-4: 0.9029, lateral-5: 0.7179]
2025-10-27 22:32:49.558293 Epoch [043/070], Step [0002/0002], [lateral-edge: 0.7108, lateral-2: 0.6727, lateral-3: 0.7618, lateral-4: 0.9256, lateral-5: 0.7628]
2025-10-27 22:32:51.335233 Epoch [044/070], Step [0002/0002], [lateral-edge: 0.7095, lateral-2: 0.6976, lateral-3: 0.8287, lateral-4: 0.9881, lateral-5: 0.8019]
2025-10-27 22:32:53.123016 Epoch [045/070], Step [0002/0002], [lateral-edge: 0.7092, lateral-2: 0.6384, lateral-3: 0.7610, lateral-4: 0.9115, lateral-5: 0.7293]
2025-10-27 22:32:54.908411 Epoch [046/070], Step [0002/0002], [lateral-edge: 0.7086, lateral-2: 0.5813, lateral-3: 0.7033, lateral-4: 0.8681, lateral-5: 0.6765]
2025-10-27 22:32:56.694167 Epoch [047/070], Step [0002/0002], [lateral-edge: 0.7078, lateral-2: 0.6246, lateral-3: 0.7200, lateral-4: 0.8676, lateral-5: 0.7136]
2025-10-27 22:32:58.493838 Epoch [048/070], Step [0002/0002], [lateral-edge: 0.7074, lateral-2: 0.5942, lateral-3: 0.6828, lateral-4: 0.8429, lateral-5: 0.6521]
2025-10-27 22:33:00.266946 Epoch [049/070], Step [0002/0002], [lateral-edge: 0.7048, lateral-2: 0.6311, lateral-3: 0.7481, lateral-4: 0.8933, lateral-5: 0.7470]
[Saving Snapshot:] ./Snapshots/save_weights/Inf-Net_Morph_GroupNorm/dilation/batch_48/run_2/Inf-Net-50.pth
2025-10-27 22:33:02.267441 Epoch [050/070], Step [0002/0002], [lateral-edge: 0.7020, lateral-2: 0.6780, lateral-3: 0.7941, lateral-4: 0.9472, lateral-5: 0.7782]
2025-10-27 22:33:04.050511 Epoch [051/070], Step [0002/0002], [lateral-edge: 0.7062, lateral-2: 0.6206, lateral-3: 0.7520, lateral-4: 0.9068, lateral-5: 0.7314]
2025-10-27 22:33:05.822687 Epoch [052/070], Step [0002/0002], [lateral-edge: 0.7057, lateral-2: 0.5535, lateral-3: 0.6775, lateral-4: 0.8642, lateral-5: 0.6553]
2025-10-27 22:33:07.586061 Epoch [053/070], Step [0002/0002], [lateral-edge: 0.7072, lateral-2: 0.5960, lateral-3: 0.6946, lateral-4: 0.8595, lateral-5: 0.6872]
2025-10-27 22:33:09.368186 Epoch [054/070], Step [0002/0002], [lateral-edge: 0.7029, lateral-2: 0.7555, lateral-3: 0.8410, lateral-4: 0.9812, lateral-5: 0.8200]
2025-10-27 22:33:11.167461 Epoch [055/070], Step [0002/0002], [lateral-edge: 0.7066, lateral-2: 0.5987, lateral-3: 0.7224, lateral-4: 0.8884, lateral-5: 0.7014]
2025-10-27 22:33:12.924307 Epoch [056/070], Step [0002/0002], [lateral-edge: 0.7018, lateral-2: 0.7054, lateral-3: 0.8195, lateral-4: 0.9779, lateral-5: 0.8000]
2025-10-27 22:33:14.719881 Epoch [057/070], Step [0002/0002], [lateral-edge: 0.7030, lateral-2: 0.6340, lateral-3: 0.7710, lateral-4: 0.9535, lateral-5: 0.7249]
2025-10-27 22:33:16.505570 Epoch [058/070], Step [0002/0002], [lateral-edge: 0.7062, lateral-2: 0.6368, lateral-3: 0.7466, lateral-4: 0.9003, lateral-5: 0.7185]
2025-10-27 22:33:18.271981 Epoch [059/070], Step [0002/0002], [lateral-edge: 0.7061, lateral-2: 0.6068, lateral-3: 0.7167, lateral-4: 0.8640, lateral-5: 0.7024]
[Saving Snapshot:] ./Snapshots/save_weights/Inf-Net_Morph_GroupNorm/dilation/batch_48/run_2/Inf-Net-60.pth
2025-10-27 22:33:20.375673 Epoch [060/070], Step [0002/0002], [lateral-edge: 0.7043, lateral-2: 0.5979, lateral-3: 0.7143, lateral-4: 0.8971, lateral-5: 0.7031]
2025-10-27 22:33:22.153143 Epoch [061/070], Step [0002/0002], [lateral-edge: 0.7062, lateral-2: 0.6966, lateral-3: 0.7997, lateral-4: 0.9458, lateral-5: 0.7665]
2025-10-27 22:33:23.933373 Epoch [062/070], Step [0002/0002], [lateral-edge: 0.7064, lateral-2: 0.6033, lateral-3: 0.7080, lateral-4: 0.8620, lateral-5: 0.7018]
2025-10-27 22:33:25.728316 Epoch [063/070], Step [0002/0002], [lateral-edge: 0.7038, lateral-2: 0.6181, lateral-3: 0.7479, lateral-4: 0.9046, lateral-5: 0.7225]
2025-10-27 22:33:27.499967 Epoch [064/070], Step [0002/0002], [lateral-edge: 0.7047, lateral-2: 0.6126, lateral-3: 0.7411, lateral-4: 0.9025, lateral-5: 0.7095]
2025-10-27 22:33:29.318326 Epoch [065/070], Step [0002/0002], [lateral-edge: 0.7055, lateral-2: 0.5924, lateral-3: 0.7177, lateral-4: 0.8919, lateral-5: 0.6938]
2025-10-27 22:33:31.113838 Epoch [066/070], Step [0002/0002], [lateral-edge: 0.7057, lateral-2: 0.5990, lateral-3: 0.7252, lateral-4: 0.8892, lateral-5: 0.6913]
2025-10-27 22:33:32.895023 Epoch [067/070], Step [0002/0002], [lateral-edge: 0.7067, lateral-2: 0.5512, lateral-3: 0.6657, lateral-4: 0.8233, lateral-5: 0.6591]
2025-10-27 22:33:34.676862 Epoch [068/070], Step [0002/0002], [lateral-edge: 0.7057, lateral-2: 0.6247, lateral-3: 0.7253, lateral-4: 0.9147, lateral-5: 0.7278]
2025-10-27 22:33:36.469790 Epoch [069/070], Step [0002/0002], [lateral-edge: 0.7048, lateral-2: 0.6187, lateral-3: 0.7496, lateral-4: 0.9146, lateral-5: 0.7320]
[Saving Snapshot:] ./Snapshots/save_weights/Inf-Net_Morph_GroupNorm/dilation/batch_48/run_2/Inf-Net-70.pth
2025-10-27 22:33:38.502152 Epoch [070/070], Step [0002/0002], [lateral-edge: 0.7040, lateral-2: 0.6230, lateral-3: 0.7584, lateral-4: 0.9155, lateral-5: 0.7317]
Training completed at Mon Oct 27 22:33:39 CET 2025
