Backbone loading: Res2Net50
Freezing unused branches for DP compatibility...
Trainable: 31,072,721 / 33,121,721 parameters
Not loading weights from weights file
Validator raised issues with model. Attempting auto-fix...
Original error: UnsupportedModuleError
Model successfully fixed for differential privacy
###################################################################### 
Start Training (Inf-Net-Res2Net50)
Backbone: Res2Net50
Batch Size: 48
Privacy: DP Enabled (ε budget, δ=1e-05)
Morphology: open
Save Path: ./Snapshots/save_weights/Inf-Net_DP_Morph/open/batch_48/run_3/noise_multiplier_0.7
Run: 3
Namespace(epoch=70, lr=0.0001, batchsize=48, trainsize=352, clip=0.5, decay_rate=0.1, decay_epoch=50, is_thop=False, gpu_device=0, num_workers=4, net_channel=32, n_classes=1, backbone='Res2Net50', train_path='./Dataset/TrainingSet/LungInfection-Train/Doctor-label', is_semi=False, is_pseudo=False, train_save=None, run=3, enable_privacy=True, noise_multiplier=0.7, max_grad_norm=1.2, delta=1e-05, enable_morphology=True, morph_operation='open', morph_kernel_size=3, device='cuda')
 ######################################################################
2025-10-26 23:49:14.697546 Epoch [001/070], Step [0002/0002], [lateral-edge: 0.7727, lateral-2: 1.5242, lateral-3: 1.5762, lateral-4: 1.5769, lateral-5: 1.4961, epsilon: 13.9265]
2025-10-26 23:49:19.217998 Epoch [002/070], Step [0002/0002], [lateral-edge: 0.7752, lateral-2: 1.5322, lateral-3: 1.5525, lateral-4: 1.5337, lateral-5: 1.5102, epsilon: 19.9996]
2025-10-26 23:49:23.869139 Epoch [003/070], Step [0002/0002], [lateral-edge: 0.7764, lateral-2: 1.5312, lateral-3: 1.5468, lateral-4: 1.5133, lateral-5: 1.5173, epsilon: 25.0333]
2025-10-26 23:49:28.488482 Epoch [004/070], Step [0002/0002], [lateral-edge: 0.7767, lateral-2: 1.5371, lateral-3: 1.5433, lateral-4: 1.5188, lateral-5: 1.5177, epsilon: 29.5471]
2025-10-26 23:49:32.563002 Epoch [005/070], Step [0002/0002], [lateral-edge: 0.7765, lateral-2: 1.4930, lateral-3: 1.5143, lateral-4: 1.4869, lateral-5: 1.5075, epsilon: 33.7336]
2025-10-26 23:49:36.179681 Epoch [006/070], Step [0002/0002], [lateral-edge: 0.7730, lateral-2: 1.4904, lateral-3: 1.5094, lateral-4: 1.4926, lateral-5: 1.5026, epsilon: 37.6898]
2025-10-26 23:49:40.145057 Epoch [007/070], Step [0002/0002], [lateral-edge: 0.7740, lateral-2: 1.4546, lateral-3: 1.4777, lateral-4: 1.4631, lateral-5: 1.4925, epsilon: 41.4724]
2025-10-26 23:49:44.360505 Epoch [008/070], Step [0002/0002], [lateral-edge: 0.7761, lateral-2: 1.4802, lateral-3: 1.5036, lateral-4: 1.4909, lateral-5: 1.5119, epsilon: 45.1182]
2025-10-26 23:49:48.040796 Epoch [009/070], Step [0002/0002], [lateral-edge: 0.7737, lateral-2: 1.4266, lateral-3: 1.4612, lateral-4: 1.4533, lateral-5: 1.4860, epsilon: 48.6524]
[Saving Snapshot:] ./Snapshots/save_weights/Inf-Net_DP_Morph/open/batch_48/run_3/noise_multiplier_0.7/Inf-Net-10.pth
[Privacy Budget]: ε = 48.65 (δ = 1e-05)
2025-10-26 23:49:53.198173 Epoch [010/070], Step [0002/0002], [lateral-edge: 0.7732, lateral-2: 1.4343, lateral-3: 1.4597, lateral-4: 1.4558, lateral-5: 1.4866, epsilon: 52.0934]
2025-10-26 23:49:57.172277 Epoch [011/070], Step [0002/0002], [lateral-edge: 0.7730, lateral-2: 1.4045, lateral-3: 1.4398, lateral-4: 1.4368, lateral-5: 1.4764, epsilon: 55.4551]
2025-10-26 23:50:01.511798 Epoch [012/070], Step [0002/0002], [lateral-edge: 0.7731, lateral-2: 1.4203, lateral-3: 1.4535, lateral-4: 1.4524, lateral-5: 1.4882, epsilon: 58.7482]
2025-10-26 23:50:05.430525 Epoch [013/070], Step [0002/0002], [lateral-edge: 0.7725, lateral-2: 1.4179, lateral-3: 1.4459, lateral-4: 1.4501, lateral-5: 1.4901, epsilon: 61.9812]
2025-10-26 23:50:09.653152 Epoch [014/070], Step [0002/0002], [lateral-edge: 0.7717, lateral-2: 1.4032, lateral-3: 1.4339, lateral-4: 1.4410, lateral-5: 1.4763, epsilon: 65.1609]
2025-10-26 23:50:13.472490 Epoch [015/070], Step [0002/0002], [lateral-edge: 0.7696, lateral-2: 1.3735, lateral-3: 1.4031, lateral-4: 1.4214, lateral-5: 1.4624, epsilon: 68.2930]
2025-10-26 23:50:17.531125 Epoch [016/070], Step [0002/0002], [lateral-edge: 0.7686, lateral-2: 1.3610, lateral-3: 1.3953, lateral-4: 1.4121, lateral-5: 1.4578, epsilon: 71.3823]
2025-10-26 23:50:21.479166 Epoch [017/070], Step [0002/0002], [lateral-edge: 0.7692, lateral-2: 1.3688, lateral-3: 1.4031, lateral-4: 1.4168, lateral-5: 1.4644, epsilon: 74.4326]
2025-10-26 23:50:25.425054 Epoch [018/070], Step [0002/0002], [lateral-edge: 0.7697, lateral-2: 1.3598, lateral-3: 1.3953, lateral-4: 1.4104, lateral-5: 1.4597, epsilon: 77.4475]
2025-10-26 23:50:29.332114 Epoch [019/070], Step [0002/0002], [lateral-edge: 0.7690, lateral-2: 1.3569, lateral-3: 1.3894, lateral-4: 1.4067, lateral-5: 1.4531, epsilon: 80.4298]
[Saving Snapshot:] ./Snapshots/save_weights/Inf-Net_DP_Morph/open/batch_48/run_3/noise_multiplier_0.7/Inf-Net-20.pth
[Privacy Budget]: ε = 80.43 (δ = 1e-05)
2025-10-26 23:50:34.225368 Epoch [020/070], Step [0002/0002], [lateral-edge: 0.7694, lateral-2: 1.3786, lateral-3: 1.4042, lateral-4: 1.4190, lateral-5: 1.4666, epsilon: 83.3821]
2025-10-26 23:50:38.298049 Epoch [021/070], Step [0002/0002], [lateral-edge: 0.7678, lateral-2: 1.3459, lateral-3: 1.3780, lateral-4: 1.3975, lateral-5: 1.4477, epsilon: 86.3066]
2025-10-26 23:50:42.608235 Epoch [022/070], Step [0002/0002], [lateral-edge: 0.7669, lateral-2: 1.3101, lateral-3: 1.3491, lateral-4: 1.3754, lateral-5: 1.4324, epsilon: 89.2054]
2025-10-26 23:50:46.693266 Epoch [023/070], Step [0002/0002], [lateral-edge: 0.7677, lateral-2: 1.3222, lateral-3: 1.3616, lateral-4: 1.3819, lateral-5: 1.4386, epsilon: 92.0801]
2025-10-26 23:50:50.867805 Epoch [024/070], Step [0002/0002], [lateral-edge: 0.7669, lateral-2: 1.3263, lateral-3: 1.3628, lateral-4: 1.3836, lateral-5: 1.4397, epsilon: 94.9324]
2025-10-26 23:50:55.159387 Epoch [025/070], Step [0002/0002], [lateral-edge: 0.7659, lateral-2: 1.3204, lateral-3: 1.3504, lateral-4: 1.3767, lateral-5: 1.4334, epsilon: 97.7635]
2025-10-26 23:50:59.500904 Epoch [026/070], Step [0002/0002], [lateral-edge: 0.7671, lateral-2: 1.3144, lateral-3: 1.3531, lateral-4: 1.3701, lateral-5: 1.4297, epsilon: 100.5748]
2025-10-26 23:51:03.827991 Epoch [027/070], Step [0002/0002], [lateral-edge: 0.7649, lateral-2: 1.2813, lateral-3: 1.3233, lateral-4: 1.3498, lateral-5: 1.4126, epsilon: 103.3675]
2025-10-26 23:51:07.965274 Epoch [028/070], Step [0002/0002], [lateral-edge: 0.7647, lateral-2: 1.2963, lateral-3: 1.3244, lateral-4: 1.3542, lateral-5: 1.4219, epsilon: 106.1424]
2025-10-26 23:51:12.401450 Epoch [029/070], Step [0002/0002], [lateral-edge: 0.7640, lateral-2: 1.2631, lateral-3: 1.3030, lateral-4: 1.3316, lateral-5: 1.4084, epsilon: 108.9007]
[Saving Snapshot:] ./Snapshots/save_weights/Inf-Net_DP_Morph/open/batch_48/run_3/noise_multiplier_0.7/Inf-Net-30.pth
[Privacy Budget]: ε = 108.90 (δ = 1e-05)
2025-10-26 23:51:17.823546 Epoch [030/070], Step [0002/0002], [lateral-edge: 0.7627, lateral-2: 1.2781, lateral-3: 1.3119, lateral-4: 1.3492, lateral-5: 1.4068, epsilon: 111.6431]
2025-10-26 23:51:22.291588 Epoch [031/070], Step [0002/0002], [lateral-edge: 0.7629, lateral-2: 1.2632, lateral-3: 1.3034, lateral-4: 1.3341, lateral-5: 1.4094, epsilon: 114.3704]
2025-10-26 23:51:26.792236 Epoch [032/070], Step [0002/0002], [lateral-edge: 0.7634, lateral-2: 1.2540, lateral-3: 1.2890, lateral-4: 1.3224, lateral-5: 1.3977, epsilon: 117.0834]
2025-10-26 23:51:30.983782 Epoch [033/070], Step [0002/0002], [lateral-edge: 0.7622, lateral-2: 1.2595, lateral-3: 1.2995, lateral-4: 1.3318, lateral-5: 1.4025, epsilon: 119.7827]
2025-10-26 23:51:36.105743 Epoch [034/070], Step [0002/0002], [lateral-edge: 0.7631, lateral-2: 1.2477, lateral-3: 1.2851, lateral-4: 1.3224, lateral-5: 1.3926, epsilon: 122.4689]
2025-10-26 23:51:40.574827 Epoch [035/070], Step [0002/0002], [lateral-edge: 0.7618, lateral-2: 1.2439, lateral-3: 1.2832, lateral-4: 1.3154, lateral-5: 1.3938, epsilon: 125.1427]
2025-10-26 23:51:45.453085 Epoch [036/070], Step [0002/0002], [lateral-edge: 0.7624, lateral-2: 1.2376, lateral-3: 1.2734, lateral-4: 1.3116, lateral-5: 1.3927, epsilon: 127.8045]
2025-10-26 23:51:49.498781 Epoch [037/070], Step [0002/0002], [lateral-edge: 0.7621, lateral-2: 1.2278, lateral-3: 1.2763, lateral-4: 1.3147, lateral-5: 1.3912, epsilon: 130.4549]
2025-10-26 23:51:54.329703 Epoch [038/070], Step [0002/0002], [lateral-edge: 0.7624, lateral-2: 1.2121, lateral-3: 1.2562, lateral-4: 1.2960, lateral-5: 1.3788, epsilon: 133.0943]
2025-10-26 23:51:58.466371 Epoch [039/070], Step [0002/0002], [lateral-edge: 0.7620, lateral-2: 1.2414, lateral-3: 1.2772, lateral-4: 1.3085, lateral-5: 1.3851, epsilon: 135.7231]
[Saving Snapshot:] ./Snapshots/save_weights/Inf-Net_DP_Morph/open/batch_48/run_3/noise_multiplier_0.7/Inf-Net-40.pth
[Privacy Budget]: ε = 135.72 (δ = 1e-05)
2025-10-26 23:52:03.724648 Epoch [040/070], Step [0002/0002], [lateral-edge: 0.7624, lateral-2: 1.2270, lateral-3: 1.2659, lateral-4: 1.3008, lateral-5: 1.3777, epsilon: 138.3418]
2025-10-26 23:52:08.468907 Epoch [041/070], Step [0002/0002], [lateral-edge: 0.7622, lateral-2: 1.2300, lateral-3: 1.2598, lateral-4: 1.2986, lateral-5: 1.3758, epsilon: 140.9507]
2025-10-26 23:52:13.121799 Epoch [042/070], Step [0002/0002], [lateral-edge: 0.7605, lateral-2: 1.2118, lateral-3: 1.2467, lateral-4: 1.2902, lateral-5: 1.3750, epsilon: 143.5501]
2025-10-26 23:52:18.081617 Epoch [043/070], Step [0002/0002], [lateral-edge: 0.7614, lateral-2: 1.1919, lateral-3: 1.2297, lateral-4: 1.2718, lateral-5: 1.3664, epsilon: 146.1405]
2025-10-26 23:52:23.160216 Epoch [044/070], Step [0002/0002], [lateral-edge: 0.7608, lateral-2: 1.2178, lateral-3: 1.2488, lateral-4: 1.2852, lateral-5: 1.3712, epsilon: 148.7221]
2025-10-26 23:52:28.124835 Epoch [045/070], Step [0002/0002], [lateral-edge: 0.7593, lateral-2: 1.2008, lateral-3: 1.2368, lateral-4: 1.2754, lateral-5: 1.3690, epsilon: 151.2953]
2025-10-26 23:52:32.755468 Epoch [046/070], Step [0002/0002], [lateral-edge: 0.7598, lateral-2: 1.1898, lateral-3: 1.2358, lateral-4: 1.2786, lateral-5: 1.3641, epsilon: 153.8603]
2025-10-26 23:52:37.622149 Epoch [047/070], Step [0002/0002], [lateral-edge: 0.7592, lateral-2: 1.1796, lateral-3: 1.2191, lateral-4: 1.2684, lateral-5: 1.3587, epsilon: 156.4173]
2025-10-26 23:52:42.659074 Epoch [048/070], Step [0002/0002], [lateral-edge: 0.7601, lateral-2: 1.1760, lateral-3: 1.2213, lateral-4: 1.2629, lateral-5: 1.3552, epsilon: 158.9667]
2025-10-26 23:52:47.026833 Epoch [049/070], Step [0002/0002], [lateral-edge: 0.7590, lateral-2: 1.1720, lateral-3: 1.2127, lateral-4: 1.2583, lateral-5: 1.3531, epsilon: 161.5086]
[Saving Snapshot:] ./Snapshots/save_weights/Inf-Net_DP_Morph/open/batch_48/run_3/noise_multiplier_0.7/Inf-Net-50.pth
[Privacy Budget]: ε = 161.51 (δ = 1e-05)
2025-10-26 23:52:53.433749 Epoch [050/070], Step [0002/0002], [lateral-edge: 0.7584, lateral-2: 1.1940, lateral-3: 1.2253, lateral-4: 1.2679, lateral-5: 1.3621, epsilon: 164.0434]
2025-10-26 23:52:57.576503 Epoch [051/070], Step [0002/0002], [lateral-edge: 0.7602, lateral-2: 1.1741, lateral-3: 1.2076, lateral-4: 1.2561, lateral-5: 1.3514, epsilon: 166.5711]
2025-10-26 23:53:02.682534 Epoch [052/070], Step [0002/0002], [lateral-edge: 0.7587, lateral-2: 1.1622, lateral-3: 1.2025, lateral-4: 1.2470, lateral-5: 1.3508, epsilon: 169.0921]
2025-10-26 23:53:07.718256 Epoch [053/070], Step [0002/0002], [lateral-edge: 0.7598, lateral-2: 1.1716, lateral-3: 1.2078, lateral-4: 1.2554, lateral-5: 1.3496, epsilon: 171.6064]
2025-10-26 23:53:12.862685 Epoch [054/070], Step [0002/0002], [lateral-edge: 0.7595, lateral-2: 1.1783, lateral-3: 1.2151, lateral-4: 1.2619, lateral-5: 1.3513, epsilon: 174.1144]
2025-10-26 23:53:18.085452 Epoch [055/070], Step [0002/0002], [lateral-edge: 0.7589, lateral-2: 1.1691, lateral-3: 1.2086, lateral-4: 1.2624, lateral-5: 1.3515, epsilon: 176.6162]
2025-10-26 23:53:23.532518 Epoch [056/070], Step [0002/0002], [lateral-edge: 0.7602, lateral-2: 1.1708, lateral-3: 1.2123, lateral-4: 1.2568, lateral-5: 1.3496, epsilon: 179.1118]
2025-10-26 23:53:28.923609 Epoch [057/070], Step [0002/0002], [lateral-edge: 0.7595, lateral-2: 1.1716, lateral-3: 1.2075, lateral-4: 1.2566, lateral-5: 1.3483, epsilon: 181.6016]
2025-10-26 23:53:34.257863 Epoch [058/070], Step [0002/0002], [lateral-edge: 0.7600, lateral-2: 1.1701, lateral-3: 1.2114, lateral-4: 1.2552, lateral-5: 1.3510, epsilon: 184.0857]
2025-10-26 23:53:39.457569 Epoch [059/070], Step [0002/0002], [lateral-edge: 0.7591, lateral-2: 1.1791, lateral-3: 1.2160, lateral-4: 1.2615, lateral-5: 1.3554, epsilon: 186.5642]
[Saving Snapshot:] ./Snapshots/save_weights/Inf-Net_DP_Morph/open/batch_48/run_3/noise_multiplier_0.7/Inf-Net-60.pth
[Privacy Budget]: ε = 186.56 (δ = 1e-05)
2025-10-26 23:53:46.497291 Epoch [060/070], Step [0002/0002], [lateral-edge: 0.7579, lateral-2: 1.1597, lateral-3: 1.2051, lateral-4: 1.2551, lateral-5: 1.3476, epsilon: 189.0372]
2025-10-26 23:53:51.890004 Epoch [061/070], Step [0002/0002], [lateral-edge: 0.7595, lateral-2: 1.1808, lateral-3: 1.2133, lateral-4: 1.2585, lateral-5: 1.3558, epsilon: 191.5049]
2025-10-26 23:53:57.468912 Epoch [062/070], Step [0002/0002], [lateral-edge: 0.7592, lateral-2: 1.1765, lateral-3: 1.2117, lateral-4: 1.2559, lateral-5: 1.3467, epsilon: 193.9674]
2025-10-26 23:54:03.025703 Epoch [063/070], Step [0002/0002], [lateral-edge: 0.7597, lateral-2: 1.1621, lateral-3: 1.2085, lateral-4: 1.2502, lateral-5: 1.3461, epsilon: 196.4248]
2025-10-26 23:54:08.736303 Epoch [064/070], Step [0002/0002], [lateral-edge: 0.7597, lateral-2: 1.1731, lateral-3: 1.2147, lateral-4: 1.2537, lateral-5: 1.3513, epsilon: 198.8773]
2025-10-26 23:54:14.517080 Epoch [065/070], Step [0002/0002], [lateral-edge: 0.7593, lateral-2: 1.1595, lateral-3: 1.2001, lateral-4: 1.2503, lateral-5: 1.3438, epsilon: 201.3250]
2025-10-26 23:54:19.926469 Epoch [066/070], Step [0002/0002], [lateral-edge: 0.7597, lateral-2: 1.1681, lateral-3: 1.2122, lateral-4: 1.2512, lateral-5: 1.3445, epsilon: 203.7680]
2025-10-26 23:54:25.350771 Epoch [067/070], Step [0002/0002], [lateral-edge: 0.7587, lateral-2: 1.1586, lateral-3: 1.2040, lateral-4: 1.2519, lateral-5: 1.3444, epsilon: 206.2064]
2025-10-26 23:54:31.367238 Epoch [068/070], Step [0002/0002], [lateral-edge: 0.7596, lateral-2: 1.1742, lateral-3: 1.2113, lateral-4: 1.2536, lateral-5: 1.3491, epsilon: 208.6403]
2025-10-26 23:54:37.413327 Epoch [069/070], Step [0002/0002], [lateral-edge: 0.7606, lateral-2: 1.1751, lateral-3: 1.2186, lateral-4: 1.2610, lateral-5: 1.3508, epsilon: 211.0697]
[Saving Snapshot:] ./Snapshots/save_weights/Inf-Net_DP_Morph/open/batch_48/run_3/noise_multiplier_0.7/Inf-Net-70.pth
[Privacy Budget]: ε = 211.07 (δ = 1e-05)
2025-10-26 23:54:45.703001 Epoch [070/070], Step [0002/0002], [lateral-edge: 0.7597, lateral-2: 1.1629, lateral-3: 1.2035, lateral-4: 1.2488, lateral-5: 1.3483, epsilon: 213.4949]
Training completed at Sun Oct 26 23:54:47 CET 2025
