Backbone loading: Res2Net50
Freezing unused branches for DP compatibility...
Trainable: 31,072,721 / 33,121,721 parameters
Not loading weights from weights file
Validator raised issues with model. Attempting auto-fix...
Original error: UnsupportedModuleError
Model successfully fixed for differential privacy
###################################################################### 
Start Training (Inf-Net-Res2Net50)
Backbone: Res2Net50
Batch Size: 48
Privacy: DP Enabled (ε budget, δ=1e-05)
Morphology: Disabled
Save Path: ./Snapshots/save_weights/Inf-Net_DP/batch_48/run_2/noise_multiplier_0.5
Run: 2
Namespace(epoch=70, lr=0.0001, batchsize=48, trainsize=352, clip=0.5, decay_rate=0.1, decay_epoch=50, is_thop=False, gpu_device=0, num_workers=4, net_channel=32, n_classes=1, backbone='Res2Net50', train_path='./Dataset/TrainingSet/LungInfection-Train/Doctor-label', is_semi=False, is_pseudo=False, train_save=None, run=2, enable_privacy=True, noise_multiplier=0.5, max_grad_norm=1.2, delta=1e-05, enable_morphology=False, morph_operation='close', morph_kernel_size=3, device='cuda')
 ######################################################################
2025-10-26 22:08:18.341462 Epoch [001/070], Step [0002/0002], [lateral-edge: 0.7738, lateral-2: 1.8484, lateral-3: 1.6788, lateral-4: 1.5841, lateral-5: 1.5459, epsilon: 23.6965]
2025-10-26 22:08:22.889667 Epoch [002/070], Step [0002/0002], [lateral-edge: 0.7722, lateral-2: 1.7313, lateral-3: 1.6010, lateral-4: 1.5263, lateral-5: 1.5322, epsilon: 34.8076]
2025-10-26 22:08:26.892351 Epoch [003/070], Step [0002/0002], [lateral-edge: 0.7718, lateral-2: 1.6552, lateral-3: 1.5703, lateral-4: 1.5150, lateral-5: 1.5346, epsilon: 44.1317]
2025-10-26 22:08:31.303540 Epoch [004/070], Step [0002/0002], [lateral-edge: 0.7691, lateral-2: 1.6059, lateral-3: 1.5494, lateral-4: 1.5107, lateral-5: 1.5292, epsilon: 52.5733]
2025-10-26 22:08:35.949188 Epoch [005/070], Step [0002/0002], [lateral-edge: 0.7679, lateral-2: 1.5889, lateral-3: 1.5478, lateral-4: 1.5073, lateral-5: 1.5358, epsilon: 60.4629]
2025-10-26 22:08:40.169882 Epoch [006/070], Step [0002/0002], [lateral-edge: 0.7679, lateral-2: 1.5597, lateral-3: 1.5241, lateral-4: 1.4881, lateral-5: 1.5349, epsilon: 67.9652]
2025-10-26 22:08:44.421277 Epoch [007/070], Step [0002/0002], [lateral-edge: 0.7661, lateral-2: 1.5314, lateral-3: 1.4958, lateral-4: 1.4710, lateral-5: 1.5179, epsilon: 75.1764]
2025-10-26 22:08:48.524696 Epoch [008/070], Step [0002/0002], [lateral-edge: 0.7658, lateral-2: 1.5090, lateral-3: 1.4671, lateral-4: 1.4481, lateral-5: 1.5141, epsilon: 82.1586]
2025-10-26 22:08:52.475456 Epoch [009/070], Step [0002/0002], [lateral-edge: 0.7649, lateral-2: 1.4910, lateral-3: 1.4582, lateral-4: 1.4487, lateral-5: 1.5060, epsilon: 88.9544]
[Saving Snapshot:] ./Snapshots/save_weights/Inf-Net_DP/batch_48/run_2/noise_multiplier_0.5/Inf-Net-10.pth
[Privacy Budget]: ε = 88.95 (δ = 1e-05)
2025-10-26 22:08:57.139094 Epoch [010/070], Step [0002/0002], [lateral-edge: 0.7644, lateral-2: 1.4591, lateral-3: 1.4237, lateral-4: 1.4219, lateral-5: 1.4976, epsilon: 95.5947]
2025-10-26 22:09:00.652021 Epoch [011/070], Step [0002/0002], [lateral-edge: 0.7634, lateral-2: 1.4486, lateral-3: 1.4211, lateral-4: 1.4202, lateral-5: 1.4879, epsilon: 102.1027]
2025-10-26 22:09:04.658853 Epoch [012/070], Step [0002/0002], [lateral-edge: 0.7634, lateral-2: 1.4339, lateral-3: 1.4087, lateral-4: 1.4067, lateral-5: 1.4886, epsilon: 108.4964]
2025-10-26 22:09:08.419704 Epoch [013/070], Step [0002/0002], [lateral-edge: 0.7626, lateral-2: 1.4300, lateral-3: 1.4230, lateral-4: 1.4129, lateral-5: 1.4887, epsilon: 114.7899]
2025-10-26 22:09:12.298666 Epoch [014/070], Step [0002/0002], [lateral-edge: 0.7614, lateral-2: 1.4094, lateral-3: 1.4012, lateral-4: 1.3986, lateral-5: 1.4789, epsilon: 120.9949]
2025-10-26 22:09:16.166390 Epoch [015/070], Step [0002/0002], [lateral-edge: 0.7619, lateral-2: 1.4012, lateral-3: 1.3877, lateral-4: 1.3904, lateral-5: 1.4746, epsilon: 127.1207]
2025-10-26 22:09:19.927611 Epoch [016/070], Step [0002/0002], [lateral-edge: 0.7616, lateral-2: 1.3762, lateral-3: 1.3571, lateral-4: 1.3669, lateral-5: 1.4618, epsilon: 133.1752]
2025-10-26 22:09:24.047965 Epoch [017/070], Step [0002/0002], [lateral-edge: 0.7614, lateral-2: 1.3685, lateral-3: 1.3580, lateral-4: 1.3651, lateral-5: 1.4603, epsilon: 139.1652]
2025-10-26 22:09:28.448924 Epoch [018/070], Step [0002/0002], [lateral-edge: 0.7608, lateral-2: 1.3452, lateral-3: 1.3306, lateral-4: 1.3475, lateral-5: 1.4507, epsilon: 145.0962]
2025-10-26 22:09:32.944339 Epoch [019/070], Step [0002/0002], [lateral-edge: 0.7603, lateral-2: 1.3370, lateral-3: 1.3307, lateral-4: 1.3434, lateral-5: 1.4456, epsilon: 150.9731]
[Saving Snapshot:] ./Snapshots/save_weights/Inf-Net_DP/batch_48/run_2/noise_multiplier_0.5/Inf-Net-20.pth
[Privacy Budget]: ε = 150.97 (δ = 1e-05)
2025-10-26 22:09:39.195691 Epoch [020/070], Step [0002/0002], [lateral-edge: 0.7589, lateral-2: 1.3293, lateral-3: 1.3227, lateral-4: 1.3354, lateral-5: 1.4432, epsilon: 156.8003]
2025-10-26 22:09:43.331830 Epoch [021/070], Step [0002/0002], [lateral-edge: 0.7590, lateral-2: 1.3229, lateral-3: 1.3177, lateral-4: 1.3320, lateral-5: 1.4381, epsilon: 162.5814]
2025-10-26 22:09:48.527250 Epoch [022/070], Step [0002/0002], [lateral-edge: 0.7590, lateral-2: 1.3133, lateral-3: 1.3240, lateral-4: 1.3326, lateral-5: 1.4355, epsilon: 168.3197]
2025-10-26 22:09:52.737297 Epoch [023/070], Step [0002/0002], [lateral-edge: 0.7602, lateral-2: 1.3013, lateral-3: 1.3062, lateral-4: 1.3170, lateral-5: 1.4320, epsilon: 174.0182]
2025-10-26 22:09:57.953463 Epoch [024/070], Step [0002/0002], [lateral-edge: 0.7587, lateral-2: 1.3106, lateral-3: 1.2945, lateral-4: 1.3188, lateral-5: 1.4292, epsilon: 179.6794]
2025-10-26 22:10:02.242964 Epoch [025/070], Step [0002/0002], [lateral-edge: 0.7572, lateral-2: 1.2748, lateral-3: 1.2602, lateral-4: 1.3002, lateral-5: 1.4118, epsilon: 185.3056]
2025-10-26 22:10:06.779329 Epoch [026/070], Step [0002/0002], [lateral-edge: 0.7578, lateral-2: 1.2888, lateral-3: 1.2744, lateral-4: 1.3026, lateral-5: 1.4191, epsilon: 190.8990]
2025-10-26 22:10:11.448243 Epoch [027/070], Step [0002/0002], [lateral-edge: 0.7578, lateral-2: 1.2783, lateral-3: 1.2745, lateral-4: 1.3040, lateral-5: 1.4141, epsilon: 196.4614]
2025-10-26 22:10:15.900664 Epoch [028/070], Step [0002/0002], [lateral-edge: 0.7576, lateral-2: 1.2511, lateral-3: 1.2427, lateral-4: 1.2773, lateral-5: 1.4013, epsilon: 201.9945]
2025-10-26 22:10:20.016192 Epoch [029/070], Step [0002/0002], [lateral-edge: 0.7560, lateral-2: 1.2632, lateral-3: 1.2717, lateral-4: 1.2942, lateral-5: 1.4032, epsilon: 207.5000]
[Saving Snapshot:] ./Snapshots/save_weights/Inf-Net_DP/batch_48/run_2/noise_multiplier_0.5/Inf-Net-30.pth
[Privacy Budget]: ε = 207.50 (δ = 1e-05)
2025-10-26 22:10:25.771731 Epoch [030/070], Step [0002/0002], [lateral-edge: 0.7578, lateral-2: 1.2540, lateral-3: 1.2512, lateral-4: 1.2792, lateral-5: 1.4022, epsilon: 212.9792]
2025-10-26 22:10:30.649544 Epoch [031/070], Step [0002/0002], [lateral-edge: 0.7551, lateral-2: 1.2507, lateral-3: 1.2400, lateral-4: 1.2769, lateral-5: 1.3922, epsilon: 218.4334]
2025-10-26 22:10:34.959429 Epoch [032/070], Step [0002/0002], [lateral-edge: 0.7559, lateral-2: 1.2458, lateral-3: 1.2301, lateral-4: 1.2719, lateral-5: 1.3930, epsilon: 223.8639]
2025-10-26 22:10:39.700280 Epoch [033/070], Step [0002/0002], [lateral-edge: 0.7563, lateral-2: 1.2346, lateral-3: 1.2336, lateral-4: 1.2691, lateral-5: 1.3883, epsilon: 229.2718]
2025-10-26 22:10:44.987909 Epoch [034/070], Step [0002/0002], [lateral-edge: 0.7561, lateral-2: 1.2153, lateral-3: 1.2124, lateral-4: 1.2538, lateral-5: 1.3801, epsilon: 234.6581]
2025-10-26 22:10:50.020455 Epoch [035/070], Step [0002/0002], [lateral-edge: 0.7558, lateral-2: 1.2180, lateral-3: 1.2229, lateral-4: 1.2561, lateral-5: 1.3773, epsilon: 240.0236]
2025-10-26 22:10:55.356381 Epoch [036/070], Step [0002/0002], [lateral-edge: 0.7552, lateral-2: 1.1980, lateral-3: 1.1924, lateral-4: 1.2392, lateral-5: 1.3641, epsilon: 245.3695]
2025-10-26 22:10:59.728854 Epoch [037/070], Step [0002/0002], [lateral-edge: 0.7551, lateral-2: 1.2076, lateral-3: 1.2175, lateral-4: 1.2472, lateral-5: 1.3726, epsilon: 250.6963]
2025-10-26 22:11:05.057195 Epoch [038/070], Step [0002/0002], [lateral-edge: 0.7555, lateral-2: 1.2124, lateral-3: 1.2097, lateral-4: 1.2481, lateral-5: 1.3710, epsilon: 256.0050]
2025-10-26 22:11:09.549435 Epoch [039/070], Step [0002/0002], [lateral-edge: 0.7541, lateral-2: 1.1907, lateral-3: 1.1921, lateral-4: 1.2396, lateral-5: 1.3573, epsilon: 261.2962]
[Saving Snapshot:] ./Snapshots/save_weights/Inf-Net_DP/batch_48/run_2/noise_multiplier_0.5/Inf-Net-40.pth
[Privacy Budget]: ε = 261.30 (δ = 1e-05)
2025-10-26 22:11:16.017658 Epoch [040/070], Step [0002/0002], [lateral-edge: 0.7541, lateral-2: 1.1830, lateral-3: 1.1883, lateral-4: 1.2366, lateral-5: 1.3552, epsilon: 266.5707]
2025-10-26 22:11:21.414375 Epoch [041/070], Step [0002/0002], [lateral-edge: 0.7542, lateral-2: 1.1895, lateral-3: 1.1839, lateral-4: 1.2303, lateral-5: 1.3595, epsilon: 271.8289]
2025-10-26 22:11:25.864817 Epoch [042/070], Step [0002/0002], [lateral-edge: 0.7549, lateral-2: 1.1895, lateral-3: 1.1720, lateral-4: 1.2203, lateral-5: 1.3537, epsilon: 277.0716]
2025-10-26 22:11:30.936815 Epoch [043/070], Step [0002/0002], [lateral-edge: 0.7540, lateral-2: 1.1772, lateral-3: 1.1713, lateral-4: 1.2292, lateral-5: 1.3515, epsilon: 282.2992]
2025-10-26 22:11:36.752236 Epoch [044/070], Step [0002/0002], [lateral-edge: 0.7532, lateral-2: 1.1692, lateral-3: 1.1642, lateral-4: 1.2213, lateral-5: 1.3470, epsilon: 287.5124]
2025-10-26 22:11:42.849696 Epoch [045/070], Step [0002/0002], [lateral-edge: 0.7535, lateral-2: 1.1795, lateral-3: 1.1833, lateral-4: 1.2225, lateral-5: 1.3436, epsilon: 292.7116]
2025-10-26 22:11:48.119188 Epoch [046/070], Step [0002/0002], [lateral-edge: 0.7529, lateral-2: 1.1442, lateral-3: 1.1628, lateral-4: 1.2086, lateral-5: 1.3314, epsilon: 297.8972]
2025-10-26 22:11:53.612408 Epoch [047/070], Step [0002/0002], [lateral-edge: 0.7522, lateral-2: 1.1437, lateral-3: 1.1509, lateral-4: 1.2092, lateral-5: 1.3295, epsilon: 303.0697]
2025-10-26 22:11:59.709111 Epoch [048/070], Step [0002/0002], [lateral-edge: 0.7535, lateral-2: 1.1388, lateral-3: 1.1516, lateral-4: 1.1990, lateral-5: 1.3259, epsilon: 308.2295]
2025-10-26 22:12:05.941198 Epoch [049/070], Step [0002/0002], [lateral-edge: 0.7533, lateral-2: 1.1357, lateral-3: 1.1411, lateral-4: 1.1971, lateral-5: 1.3257, epsilon: 313.3771]
[Saving Snapshot:] ./Snapshots/save_weights/Inf-Net_DP/batch_48/run_2/noise_multiplier_0.5/Inf-Net-50.pth
[Privacy Budget]: ε = 313.38 (δ = 1e-05)
2025-10-26 22:12:14.666137 Epoch [050/070], Step [0002/0002], [lateral-edge: 0.7529, lateral-2: 1.1558, lateral-3: 1.1489, lateral-4: 1.2124, lateral-5: 1.3354, epsilon: 318.5127]
2025-10-26 22:12:22.562511 Epoch [051/070], Step [0002/0002], [lateral-edge: 0.7527, lateral-2: 1.1401, lateral-3: 1.1413, lateral-4: 1.2058, lateral-5: 1.3264, epsilon: 323.6368]
2025-10-26 22:12:28.991589 Epoch [052/070], Step [0002/0002], [lateral-edge: 0.7530, lateral-2: 1.1607, lateral-3: 1.1512, lateral-4: 1.2144, lateral-5: 1.3357, epsilon: 328.7497]
2025-10-26 22:12:34.983103 Epoch [053/070], Step [0002/0002], [lateral-edge: 0.7532, lateral-2: 1.1527, lateral-3: 1.1505, lateral-4: 1.2018, lateral-5: 1.3286, epsilon: 333.8517]
2025-10-26 22:12:41.489943 Epoch [054/070], Step [0002/0002], [lateral-edge: 0.7530, lateral-2: 1.1425, lateral-3: 1.1450, lateral-4: 1.1988, lateral-5: 1.3262, epsilon: 338.9431]
2025-10-26 22:12:47.879911 Epoch [055/070], Step [0002/0002], [lateral-edge: 0.7526, lateral-2: 1.1536, lateral-3: 1.1556, lateral-4: 1.2032, lateral-5: 1.3271, epsilon: 344.0243]
2025-10-26 22:12:54.585984 Epoch [056/070], Step [0002/0002], [lateral-edge: 0.7530, lateral-2: 1.1531, lateral-3: 1.1433, lateral-4: 1.2035, lateral-5: 1.3324, epsilon: 349.0954]
2025-10-26 22:13:01.663373 Epoch [057/070], Step [0002/0002], [lateral-edge: 0.7520, lateral-2: 1.1469, lateral-3: 1.1380, lateral-4: 1.2080, lateral-5: 1.3303, epsilon: 354.1568]
2025-10-26 22:13:08.566682 Epoch [058/070], Step [0002/0002], [lateral-edge: 0.7526, lateral-2: 1.1389, lateral-3: 1.1442, lateral-4: 1.1948, lateral-5: 1.3246, epsilon: 359.2087]
2025-10-26 22:13:15.271480 Epoch [059/070], Step [0002/0002], [lateral-edge: 0.7527, lateral-2: 1.1475, lateral-3: 1.1527, lateral-4: 1.2100, lateral-5: 1.3341, epsilon: 364.2513]
[Saving Snapshot:] ./Snapshots/save_weights/Inf-Net_DP/batch_48/run_2/noise_multiplier_0.5/Inf-Net-60.pth
[Privacy Budget]: ε = 364.25 (δ = 1e-05)
2025-10-26 22:13:25.747184 Epoch [060/070], Step [0002/0002], [lateral-edge: 0.7534, lateral-2: 1.1531, lateral-3: 1.1455, lateral-4: 1.2040, lateral-5: 1.3310, epsilon: 369.2850]
2025-10-26 22:13:34.500076 Epoch [061/070], Step [0002/0002], [lateral-edge: 0.7528, lateral-2: 1.1473, lateral-3: 1.1495, lateral-4: 1.2034, lateral-5: 1.3277, epsilon: 374.3099]
2025-10-26 22:13:41.546337 Epoch [062/070], Step [0002/0002], [lateral-edge: 0.7540, lateral-2: 1.1490, lateral-3: 1.1511, lateral-4: 1.2104, lateral-5: 1.3354, epsilon: 379.3262]
2025-10-26 22:13:48.576174 Epoch [063/070], Step [0002/0002], [lateral-edge: 0.7526, lateral-2: 1.1453, lateral-3: 1.1493, lateral-4: 1.2022, lateral-5: 1.3284, epsilon: 384.3341]
2025-10-26 22:13:56.024440 Epoch [064/070], Step [0002/0002], [lateral-edge: 0.7535, lateral-2: 1.1403, lateral-3: 1.1477, lateral-4: 1.2004, lateral-5: 1.3288, epsilon: 389.3339]
2025-10-26 22:14:03.784103 Epoch [065/070], Step [0002/0002], [lateral-edge: 0.7529, lateral-2: 1.1442, lateral-3: 1.1425, lateral-4: 1.1977, lateral-5: 1.3263, epsilon: 394.3257]
2025-10-26 22:14:10.173915 Epoch [066/070], Step [0002/0002], [lateral-edge: 0.7515, lateral-2: 1.1680, lateral-3: 1.1721, lateral-4: 1.2136, lateral-5: 1.3322, epsilon: 399.3098]
2025-10-26 22:14:17.979077 Epoch [067/070], Step [0002/0002], [lateral-edge: 0.7518, lateral-2: 1.1469, lateral-3: 1.1450, lateral-4: 1.2034, lateral-5: 1.3313, epsilon: 404.2862]
2025-10-26 22:14:25.720808 Epoch [068/070], Step [0002/0002], [lateral-edge: 0.7534, lateral-2: 1.1652, lateral-3: 1.1616, lateral-4: 1.2075, lateral-5: 1.3344, epsilon: 409.2552]
2025-10-26 22:14:33.172353 Epoch [069/070], Step [0002/0002], [lateral-edge: 0.7528, lateral-2: 1.1567, lateral-3: 1.1569, lateral-4: 1.2122, lateral-5: 1.3383, epsilon: 414.2170]
[Saving Snapshot:] ./Snapshots/save_weights/Inf-Net_DP/batch_48/run_2/noise_multiplier_0.5/Inf-Net-70.pth
[Privacy Budget]: ε = 414.22 (δ = 1e-05)
2025-10-26 22:14:46.386511 Epoch [070/070], Step [0002/0002], [lateral-edge: 0.7524, lateral-2: 1.1433, lateral-3: 1.1570, lateral-4: 1.2030, lateral-5: 1.3302, epsilon: 419.1716]
Training completed at Sun Oct 26 22:14:47 CET 2025
