Backbone loading: Res2Net50
Not loading weights from weights file
################################################## 
Start Training (Inf-Net-Res2Net50)
Backbone: Res2Net50
Batch Size: 48
Morphology: erosion
Save Path: ./Snapshots/save_weights/Inf-Net_Morph/erosion/batch_48/run_3
Run: 3
Namespace(epoch=70, lr=0.0001, batchsize=48, trainsize=352, clip=0.5, decay_rate=0.1, decay_epoch=50, is_thop=False, gpu_device=0, num_workers=8, net_channel=32, n_classes=1, backbone='Res2Net50', train_path='./Dataset/TrainingSet/LungInfection-Train/Doctor-label', is_semi=False, is_pseudo=False, train_save=None, run=3, enable_morphology=True, morph_operation='erosion', morph_kernel_size=3, device='cuda')
 ##################################################
2025-10-27 01:08:07.440854 Epoch [001/070], Step [0002/0002], [lateral-edge: 0.7626, lateral-2: 1.4707, lateral-3: 1.4807, lateral-4: 1.5568, lateral-5: 1.4926]
2025-10-27 01:08:09.162022 Epoch [002/070], Step [0002/0002], [lateral-edge: 0.7594, lateral-2: 1.2880, lateral-3: 1.3374, lateral-4: 1.3889, lateral-5: 1.4399]
2025-10-27 01:08:10.897672 Epoch [003/070], Step [0002/0002], [lateral-edge: 0.7555, lateral-2: 1.3449, lateral-3: 1.4167, lateral-4: 1.5051, lateral-5: 1.5651]
2025-10-27 01:08:12.670935 Epoch [004/070], Step [0002/0002], [lateral-edge: 0.7479, lateral-2: 1.2214, lateral-3: 1.3194, lateral-4: 1.5082, lateral-5: 1.4630]
2025-10-27 01:08:14.422597 Epoch [005/070], Step [0002/0002], [lateral-edge: 0.7466, lateral-2: 1.2337, lateral-3: 1.2986, lateral-4: 1.4360, lateral-5: 1.4714]
2025-10-27 01:08:16.194287 Epoch [006/070], Step [0002/0002], [lateral-edge: 0.7421, lateral-2: 1.3985, lateral-3: 1.3861, lateral-4: 1.3885, lateral-5: 1.4712]
2025-10-27 01:08:17.949113 Epoch [007/070], Step [0002/0002], [lateral-edge: 0.7418, lateral-2: 1.1901, lateral-3: 1.2596, lateral-4: 1.4095, lateral-5: 1.4512]
2025-10-27 01:08:19.706249 Epoch [008/070], Step [0002/0002], [lateral-edge: 0.7375, lateral-2: 1.2486, lateral-3: 1.2805, lateral-4: 1.3745, lateral-5: 1.4122]
2025-10-27 01:08:21.474414 Epoch [009/070], Step [0002/0002], [lateral-edge: 0.7365, lateral-2: 1.2492, lateral-3: 1.3206, lateral-4: 1.4488, lateral-5: 1.5052]
[Saving Snapshot:] ./Snapshots/save_weights/Inf-Net_Morph/erosion/batch_48/run_3/Inf-Net-10.pth
2025-10-27 01:08:23.430701 Epoch [010/070], Step [0002/0002], [lateral-edge: 0.7343, lateral-2: 1.2909, lateral-3: 1.2876, lateral-4: 1.3350, lateral-5: 1.4357]
2025-10-27 01:08:25.195535 Epoch [011/070], Step [0002/0002], [lateral-edge: 0.7317, lateral-2: 1.1609, lateral-3: 1.2158, lateral-4: 1.3265, lateral-5: 1.4981]
2025-10-27 01:08:26.952522 Epoch [012/070], Step [0002/0002], [lateral-edge: 0.7300, lateral-2: 1.0793, lateral-3: 1.1607, lateral-4: 1.2845, lateral-5: 1.5051]
2025-10-27 01:08:28.683390 Epoch [013/070], Step [0002/0002], [lateral-edge: 0.7264, lateral-2: 1.0183, lateral-3: 1.0980, lateral-4: 1.2245, lateral-5: 1.5150]
2025-10-27 01:08:30.441171 Epoch [014/070], Step [0002/0002], [lateral-edge: 0.7268, lateral-2: 1.0646, lateral-3: 1.1161, lateral-4: 1.1928, lateral-5: 1.4559]
2025-10-27 01:08:32.197291 Epoch [015/070], Step [0002/0002], [lateral-edge: 0.7279, lateral-2: 1.0792, lateral-3: 1.1258, lateral-4: 1.2275, lateral-5: 1.4424]
2025-10-27 01:08:33.957774 Epoch [016/070], Step [0002/0002], [lateral-edge: 0.7253, lateral-2: 0.9834, lateral-3: 1.0445, lateral-4: 1.1691, lateral-5: 1.4550]
2025-10-27 01:08:35.693115 Epoch [017/070], Step [0002/0002], [lateral-edge: 0.7277, lateral-2: 1.1361, lateral-3: 1.1393, lateral-4: 1.2070, lateral-5: 1.4222]
2025-10-27 01:08:37.419786 Epoch [018/070], Step [0002/0002], [lateral-edge: 0.7237, lateral-2: 1.0159, lateral-3: 1.0723, lateral-4: 1.1982, lateral-5: 1.4109]
2025-10-27 01:08:39.168675 Epoch [019/070], Step [0002/0002], [lateral-edge: 0.7245, lateral-2: 1.0274, lateral-3: 1.0866, lateral-4: 1.2175, lateral-5: 1.4202]
[Saving Snapshot:] ./Snapshots/save_weights/Inf-Net_Morph/erosion/batch_48/run_3/Inf-Net-20.pth
2025-10-27 01:08:41.091942 Epoch [020/070], Step [0002/0002], [lateral-edge: 0.7239, lateral-2: 1.0899, lateral-3: 1.1284, lateral-4: 1.2502, lateral-5: 1.4933]
2025-10-27 01:08:42.869561 Epoch [021/070], Step [0002/0002], [lateral-edge: 0.7215, lateral-2: 0.9743, lateral-3: 1.0461, lateral-4: 1.1796, lateral-5: 1.5001]
2025-10-27 01:08:44.628143 Epoch [022/070], Step [0002/0002], [lateral-edge: 0.7198, lateral-2: 1.0593, lateral-3: 1.1123, lateral-4: 1.2038, lateral-5: 1.5271]
2025-10-27 01:08:46.396838 Epoch [023/070], Step [0002/0002], [lateral-edge: 0.7162, lateral-2: 1.0273, lateral-3: 1.1065, lateral-4: 1.2407, lateral-5: 1.4946]
2025-10-27 01:08:48.148919 Epoch [024/070], Step [0002/0002], [lateral-edge: 0.7200, lateral-2: 0.9711, lateral-3: 1.0394, lateral-4: 1.1626, lateral-5: 1.3915]
2025-10-27 01:08:49.876782 Epoch [025/070], Step [0002/0002], [lateral-edge: 0.7180, lateral-2: 0.9313, lateral-3: 0.9963, lateral-4: 1.1105, lateral-5: 1.3939]
2025-10-27 01:08:51.613282 Epoch [026/070], Step [0002/0002], [lateral-edge: 0.7188, lateral-2: 0.9581, lateral-3: 1.0231, lateral-4: 1.1316, lateral-5: 1.4286]
2025-10-27 01:08:53.375918 Epoch [027/070], Step [0002/0002], [lateral-edge: 0.7162, lateral-2: 0.8893, lateral-3: 0.9618, lateral-4: 1.0894, lateral-5: 1.4650]
2025-10-27 01:08:55.135717 Epoch [028/070], Step [0002/0002], [lateral-edge: 0.7154, lateral-2: 0.9238, lateral-3: 0.9804, lateral-4: 1.0991, lateral-5: 1.4549]
2025-10-27 01:08:56.887899 Epoch [029/070], Step [0002/0002], [lateral-edge: 0.7133, lateral-2: 0.8860, lateral-3: 0.9817, lateral-4: 1.1199, lateral-5: 1.4139]
[Saving Snapshot:] ./Snapshots/save_weights/Inf-Net_Morph/erosion/batch_48/run_3/Inf-Net-30.pth
2025-10-27 01:08:58.832823 Epoch [030/070], Step [0002/0002], [lateral-edge: 0.7123, lateral-2: 0.8858, lateral-3: 0.9637, lateral-4: 1.0845, lateral-5: 1.3683]
2025-10-27 01:09:00.595089 Epoch [031/070], Step [0002/0002], [lateral-edge: 0.7166, lateral-2: 1.1249, lateral-3: 1.1580, lateral-4: 1.2391, lateral-5: 1.5105]
2025-10-27 01:09:02.348551 Epoch [032/070], Step [0002/0002], [lateral-edge: 0.7124, lateral-2: 0.9597, lateral-3: 1.0563, lateral-4: 1.2125, lateral-5: 1.4118]
2025-10-27 01:09:04.124352 Epoch [033/070], Step [0002/0002], [lateral-edge: 0.7164, lateral-2: 0.9384, lateral-3: 1.0122, lateral-4: 1.1561, lateral-5: 1.4159]
2025-10-27 01:09:05.893460 Epoch [034/070], Step [0002/0002], [lateral-edge: 0.7129, lateral-2: 1.0065, lateral-3: 1.0677, lateral-4: 1.1948, lateral-5: 1.5202]
2025-10-27 01:09:07.675598 Epoch [035/070], Step [0002/0002], [lateral-edge: 0.7111, lateral-2: 0.9190, lateral-3: 1.0046, lateral-4: 1.1426, lateral-5: 1.4309]
2025-10-27 01:09:09.475766 Epoch [036/070], Step [0002/0002], [lateral-edge: 0.7119, lateral-2: 0.9569, lateral-3: 1.0315, lateral-4: 1.1388, lateral-5: 1.5151]
2025-10-27 01:09:11.261076 Epoch [037/070], Step [0002/0002], [lateral-edge: 0.7099, lateral-2: 0.9104, lateral-3: 0.9651, lateral-4: 1.0709, lateral-5: 1.3590]
2025-10-27 01:09:13.048223 Epoch [038/070], Step [0002/0002], [lateral-edge: 0.7084, lateral-2: 0.8207, lateral-3: 0.9127, lateral-4: 1.0492, lateral-5: 1.3667]
2025-10-27 01:09:14.859342 Epoch [039/070], Step [0002/0002], [lateral-edge: 0.7068, lateral-2: 0.8663, lateral-3: 0.9328, lateral-4: 1.0739, lateral-5: 1.4199]
[Saving Snapshot:] ./Snapshots/save_weights/Inf-Net_Morph/erosion/batch_48/run_3/Inf-Net-40.pth
2025-10-27 01:09:16.814468 Epoch [040/070], Step [0002/0002], [lateral-edge: 0.7084, lateral-2: 0.8655, lateral-3: 0.9475, lateral-4: 1.0688, lateral-5: 1.4779]
2025-10-27 01:09:18.596581 Epoch [041/070], Step [0002/0002], [lateral-edge: 0.7080, lateral-2: 0.8695, lateral-3: 0.9366, lateral-4: 1.0487, lateral-5: 1.5043]
2025-10-27 01:09:20.382472 Epoch [042/070], Step [0002/0002], [lateral-edge: 0.7063, lateral-2: 0.8827, lateral-3: 0.9583, lateral-4: 1.0832, lateral-5: 1.3732]
2025-10-27 01:09:22.248813 Epoch [043/070], Step [0002/0002], [lateral-edge: 0.7059, lateral-2: 0.8592, lateral-3: 0.9659, lateral-4: 1.1095, lateral-5: 1.3595]
2025-10-27 01:09:24.042767 Epoch [044/070], Step [0002/0002], [lateral-edge: 0.7031, lateral-2: 0.8428, lateral-3: 0.9412, lateral-4: 1.0707, lateral-5: 1.2433]
2025-10-27 01:09:25.820007 Epoch [045/070], Step [0002/0002], [lateral-edge: 0.7038, lateral-2: 0.9723, lateral-3: 1.0304, lateral-4: 1.1220, lateral-5: 1.3200]
2025-10-27 01:09:27.589691 Epoch [046/070], Step [0002/0002], [lateral-edge: 0.7055, lateral-2: 0.8162, lateral-3: 0.9026, lateral-4: 1.0356, lateral-5: 1.2377]
2025-10-27 01:09:29.391899 Epoch [047/070], Step [0002/0002], [lateral-edge: 0.7036, lateral-2: 0.8404, lateral-3: 0.9375, lateral-4: 1.0727, lateral-5: 1.2592]
2025-10-27 01:09:31.177328 Epoch [048/070], Step [0002/0002], [lateral-edge: 0.7029, lateral-2: 0.7661, lateral-3: 0.8595, lateral-4: 1.0044, lateral-5: 1.2471]
2025-10-27 01:09:32.961944 Epoch [049/070], Step [0002/0002], [lateral-edge: 0.7032, lateral-2: 0.7930, lateral-3: 0.8576, lateral-4: 0.9910, lateral-5: 1.2576]
[Saving Snapshot:] ./Snapshots/save_weights/Inf-Net_Morph/erosion/batch_48/run_3/Inf-Net-50.pth
2025-10-27 01:09:34.890557 Epoch [050/070], Step [0002/0002], [lateral-edge: 0.7027, lateral-2: 0.9835, lateral-3: 1.0311, lateral-4: 1.1410, lateral-5: 1.3051]
2025-10-27 01:09:36.685393 Epoch [051/070], Step [0002/0002], [lateral-edge: 0.7014, lateral-2: 0.8487, lateral-3: 0.9471, lateral-4: 1.0916, lateral-5: 1.2814]
2025-10-27 01:09:38.467848 Epoch [052/070], Step [0002/0002], [lateral-edge: 0.7032, lateral-2: 0.8352, lateral-3: 0.9007, lateral-4: 1.0245, lateral-5: 1.2939]
2025-10-27 01:09:40.251809 Epoch [053/070], Step [0002/0002], [lateral-edge: 0.7029, lateral-2: 1.0264, lateral-3: 1.0507, lateral-4: 1.1398, lateral-5: 1.4433]
2025-10-27 01:09:42.049894 Epoch [054/070], Step [0002/0002], [lateral-edge: 0.7018, lateral-2: 0.8455, lateral-3: 0.9261, lateral-4: 1.0631, lateral-5: 1.2717]
2025-10-27 01:09:43.832690 Epoch [055/070], Step [0002/0002], [lateral-edge: 0.7007, lateral-2: 0.8507, lateral-3: 0.9368, lateral-4: 1.0694, lateral-5: 1.3108]
2025-10-27 01:09:45.614386 Epoch [056/070], Step [0002/0002], [lateral-edge: 0.7015, lateral-2: 0.8271, lateral-3: 0.9066, lateral-4: 1.0276, lateral-5: 1.2656]
2025-10-27 01:09:47.416934 Epoch [057/070], Step [0002/0002], [lateral-edge: 0.7018, lateral-2: 0.8149, lateral-3: 0.9009, lateral-4: 1.0315, lateral-5: 1.2943]
2025-10-27 01:09:49.203128 Epoch [058/070], Step [0002/0002], [lateral-edge: 0.7033, lateral-2: 0.9063, lateral-3: 0.9632, lateral-4: 1.0820, lateral-5: 1.4207]
2025-10-27 01:09:50.970730 Epoch [059/070], Step [0002/0002], [lateral-edge: 0.7027, lateral-2: 0.9255, lateral-3: 0.9804, lateral-4: 1.0929, lateral-5: 1.4152]
[Saving Snapshot:] ./Snapshots/save_weights/Inf-Net_Morph/erosion/batch_48/run_3/Inf-Net-60.pth
2025-10-27 01:09:52.885553 Epoch [060/070], Step [0002/0002], [lateral-edge: 0.7002, lateral-2: 0.8952, lateral-3: 0.9654, lateral-4: 1.0966, lateral-5: 1.3417]
2025-10-27 01:09:54.699994 Epoch [061/070], Step [0002/0002], [lateral-edge: 0.7023, lateral-2: 0.9406, lateral-3: 0.9920, lateral-4: 1.1071, lateral-5: 1.4099]
2025-10-27 01:09:56.509144 Epoch [062/070], Step [0002/0002], [lateral-edge: 0.7030, lateral-2: 0.9203, lateral-3: 0.9812, lateral-4: 1.0902, lateral-5: 1.4185]
2025-10-27 01:09:58.262181 Epoch [063/070], Step [0002/0002], [lateral-edge: 0.7021, lateral-2: 0.7462, lateral-3: 0.8637, lateral-4: 1.0160, lateral-5: 1.2142]
2025-10-27 01:10:00.031474 Epoch [064/070], Step [0002/0002], [lateral-edge: 0.7017, lateral-2: 0.9083, lateral-3: 0.9838, lateral-4: 1.0935, lateral-5: 1.2689]
2025-10-27 01:10:01.797289 Epoch [065/070], Step [0002/0002], [lateral-edge: 0.7019, lateral-2: 0.9009, lateral-3: 0.9720, lateral-4: 1.0855, lateral-5: 1.3984]
2025-10-27 01:10:03.553473 Epoch [066/070], Step [0002/0002], [lateral-edge: 0.7013, lateral-2: 0.8599, lateral-3: 0.9470, lateral-4: 1.0716, lateral-5: 1.3182]
2025-10-27 01:10:05.299510 Epoch [067/070], Step [0002/0002], [lateral-edge: 0.7025, lateral-2: 0.8326, lateral-3: 0.9088, lateral-4: 1.0313, lateral-5: 1.2720]
2025-10-27 01:10:07.078065 Epoch [068/070], Step [0002/0002], [lateral-edge: 0.7021, lateral-2: 0.7645, lateral-3: 0.8634, lateral-4: 1.0217, lateral-5: 1.1761]
2025-10-27 01:10:08.857437 Epoch [069/070], Step [0002/0002], [lateral-edge: 0.7015, lateral-2: 0.9440, lateral-3: 0.9728, lateral-4: 1.0594, lateral-5: 1.3795]
[Saving Snapshot:] ./Snapshots/save_weights/Inf-Net_Morph/erosion/batch_48/run_3/Inf-Net-70.pth
2025-10-27 01:10:10.840541 Epoch [070/070], Step [0002/0002], [lateral-edge: 0.7018, lateral-2: 0.8136, lateral-3: 0.8921, lateral-4: 1.0230, lateral-5: 1.2805]
Training completed at Mon Oct 27 01:10:11 CET 2025
