Backbone loading: Res2Net50
Freezing unused branches for DP compatibility...
Trainable: 31,072,721 / 33,121,721 parameters
Not loading weights from weights file
Validator raised issues with model. Attempting auto-fix...
Original error: UnsupportedModuleError
Model successfully fixed for differential privacy
###################################################################### 
Start Training (Inf-Net-Res2Net50)
Backbone: Res2Net50
Batch Size: 72
Privacy: DP Enabled (ε budget, δ=1e-05)
Morphology: Disabled
Save Path: ./Snapshots/save_weights/Inf-Net_DP/batch_72/run_3/noise_multiplier_0.3
Run: 3
Namespace(epoch=70, lr=0.0001, batchsize=72, trainsize=352, clip=0.5, decay_rate=0.1, decay_epoch=50, is_thop=False, gpu_device=0, num_workers=4, net_channel=32, n_classes=1, backbone='Res2Net50', train_path='./Dataset/TrainingSet/LungInfection-Train/Doctor-label', is_semi=False, is_pseudo=False, train_save=None, run=3, enable_privacy=True, noise_multiplier=0.3, max_grad_norm=1.2, delta=1e-05, enable_morphology=False, morph_operation='close', morph_kernel_size=3, device='cuda')
 ######################################################################
2025-10-26 22:23:11.032970 Epoch [001/070], Step [0001/0001], [lateral-edge: 0.7729, lateral-2: 1.6249, lateral-3: 1.5553, lateral-4: 1.5392, lateral-5: 1.5254, epsilon: 40.5547]
2025-10-26 22:23:13.650092 Epoch [002/070], Step [0001/0001], [lateral-edge: 0.7721, lateral-2: 1.5534, lateral-3: 1.5050, lateral-4: 1.5042, lateral-5: 1.5127, epsilon: 67.3649]
2025-10-26 22:23:16.348149 Epoch [003/070], Step [0001/0001], [lateral-edge: 0.7714, lateral-2: 1.5136, lateral-3: 1.4767, lateral-4: 1.4812, lateral-5: 1.5008, epsilon: 91.8295]
2025-10-26 22:23:19.113928 Epoch [004/070], Step [0001/0001], [lateral-edge: 0.7706, lateral-2: 1.4853, lateral-3: 1.4557, lateral-4: 1.4643, lateral-5: 1.4893, epsilon: 115.0760]
2025-10-26 22:23:21.910238 Epoch [005/070], Step [0001/0001], [lateral-edge: 0.7698, lateral-2: 1.4616, lateral-3: 1.4379, lateral-4: 1.4508, lateral-5: 1.4785, epsilon: 137.5426]
2025-10-26 22:23:24.752597 Epoch [006/070], Step [0001/0001], [lateral-edge: 0.7689, lateral-2: 1.4403, lateral-3: 1.4225, lateral-4: 1.4392, lateral-5: 1.4682, epsilon: 159.4546]
2025-10-26 22:23:27.594833 Epoch [007/070], Step [0001/0001], [lateral-edge: 0.7681, lateral-2: 1.4200, lateral-3: 1.4082, lateral-4: 1.4281, lateral-5: 1.4590, epsilon: 180.9461]
2025-10-26 22:23:30.588526 Epoch [008/070], Step [0001/0001], [lateral-edge: 0.7672, lateral-2: 1.4002, lateral-3: 1.3945, lateral-4: 1.4166, lateral-5: 1.4506, epsilon: 202.1045]
2025-10-26 22:23:33.347415 Epoch [009/070], Step [0001/0001], [lateral-edge: 0.7664, lateral-2: 1.3807, lateral-3: 1.3811, lateral-4: 1.4047, lateral-5: 1.4426, epsilon: 222.9906]
[Saving Snapshot:] ./Snapshots/save_weights/Inf-Net_DP/batch_72/run_3/noise_multiplier_0.3/Inf-Net-10.pth
[Privacy Budget]: ε = 222.99 (δ = 1e-05)
2025-10-26 22:23:36.890300 Epoch [010/070], Step [0001/0001], [lateral-edge: 0.7657, lateral-2: 1.3616, lateral-3: 1.3678, lateral-4: 1.3926, lateral-5: 1.4347, epsilon: 243.6485]
2025-10-26 22:23:39.730837 Epoch [011/070], Step [0001/0001], [lateral-edge: 0.7649, lateral-2: 1.3435, lateral-3: 1.3548, lateral-4: 1.3809, lateral-5: 1.4271, epsilon: 264.1117]
2025-10-26 22:23:42.950718 Epoch [012/070], Step [0001/0001], [lateral-edge: 0.7643, lateral-2: 1.3263, lateral-3: 1.3419, lateral-4: 1.3694, lateral-5: 1.4197, epsilon: 284.4063]
2025-10-26 22:23:46.347762 Epoch [013/070], Step [0001/0001], [lateral-edge: 0.7636, lateral-2: 1.3100, lateral-3: 1.3290, lateral-4: 1.3579, lateral-5: 1.4127, epsilon: 304.5528]
2025-10-26 22:23:49.768666 Epoch [014/070], Step [0001/0001], [lateral-edge: 0.7631, lateral-2: 1.2944, lateral-3: 1.3163, lateral-4: 1.3462, lateral-5: 1.4059, epsilon: 324.5681]
2025-10-26 22:23:53.269501 Epoch [015/070], Step [0001/0001], [lateral-edge: 0.7625, lateral-2: 1.2795, lateral-3: 1.3035, lateral-4: 1.3344, lateral-5: 1.3993, epsilon: 344.4660]
2025-10-26 22:23:56.804229 Epoch [016/070], Step [0001/0001], [lateral-edge: 0.7621, lateral-2: 1.2650, lateral-3: 1.2909, lateral-4: 1.3227, lateral-5: 1.3932, epsilon: 364.2579]
2025-10-26 22:23:59.795387 Epoch [017/070], Step [0001/0001], [lateral-edge: 0.7617, lateral-2: 1.2512, lateral-3: 1.2787, lateral-4: 1.3116, lateral-5: 1.3872, epsilon: 383.9538]
2025-10-26 22:24:02.944865 Epoch [018/070], Step [0001/0001], [lateral-edge: 0.7613, lateral-2: 1.2379, lateral-3: 1.2666, lateral-4: 1.3010, lateral-5: 1.3813, epsilon: 403.5620]
2025-10-26 22:24:06.797832 Epoch [019/070], Step [0001/0001], [lateral-edge: 0.7609, lateral-2: 1.2255, lateral-3: 1.2549, lateral-4: 1.2911, lateral-5: 1.3756, epsilon: 423.0896]
[Saving Snapshot:] ./Snapshots/save_weights/Inf-Net_DP/batch_72/run_3/noise_multiplier_0.3/Inf-Net-20.pth
[Privacy Budget]: ε = 423.09 (δ = 1e-05)
2025-10-26 22:24:11.924354 Epoch [020/070], Step [0001/0001], [lateral-edge: 0.7606, lateral-2: 1.2136, lateral-3: 1.2438, lateral-4: 1.2818, lateral-5: 1.3700, epsilon: 442.5429]
2025-10-26 22:24:15.928880 Epoch [021/070], Step [0001/0001], [lateral-edge: 0.7603, lateral-2: 1.2022, lateral-3: 1.2332, lateral-4: 1.2730, lateral-5: 1.3646, epsilon: 461.9275]
2025-10-26 22:24:19.493100 Epoch [022/070], Step [0001/0001], [lateral-edge: 0.7599, lateral-2: 1.1914, lateral-3: 1.2230, lateral-4: 1.2643, lateral-5: 1.3595, epsilon: 481.2481]
2025-10-26 22:24:22.823165 Epoch [023/070], Step [0001/0001], [lateral-edge: 0.7597, lateral-2: 1.1814, lateral-3: 1.2131, lateral-4: 1.2559, lateral-5: 1.3546, epsilon: 500.5092]
2025-10-26 22:24:26.558117 Epoch [024/070], Step [0001/0001], [lateral-edge: 0.7594, lateral-2: 1.1720, lateral-3: 1.2038, lateral-4: 1.2483, lateral-5: 1.3499, epsilon: 519.7144]
2025-10-26 22:24:31.640007 Epoch [025/070], Step [0001/0001], [lateral-edge: 0.7591, lateral-2: 1.1633, lateral-3: 1.1949, lateral-4: 1.2415, lateral-5: 1.3453, epsilon: 538.8674]
2025-10-26 22:24:36.198298 Epoch [026/070], Step [0001/0001], [lateral-edge: 0.7589, lateral-2: 1.1549, lateral-3: 1.1864, lateral-4: 1.2351, lateral-5: 1.3409, epsilon: 557.9712]
2025-10-26 22:24:39.830389 Epoch [027/070], Step [0001/0001], [lateral-edge: 0.7587, lateral-2: 1.1468, lateral-3: 1.1785, lateral-4: 1.2293, lateral-5: 1.3367, epsilon: 577.0286]
2025-10-26 22:24:44.637785 Epoch [028/070], Step [0001/0001], [lateral-edge: 0.7584, lateral-2: 1.1390, lateral-3: 1.1709, lateral-4: 1.2237, lateral-5: 1.3328, epsilon: 596.0421]
2025-10-26 22:24:49.566554 Epoch [029/070], Step [0001/0001], [lateral-edge: 0.7581, lateral-2: 1.1315, lateral-3: 1.1636, lateral-4: 1.2184, lateral-5: 1.3286, epsilon: 615.0142]
[Saving Snapshot:] ./Snapshots/save_weights/Inf-Net_DP/batch_72/run_3/noise_multiplier_0.3/Inf-Net-30.pth
[Privacy Budget]: ε = 615.01 (δ = 1e-05)
2025-10-26 22:24:56.721988 Epoch [030/070], Step [0001/0001], [lateral-edge: 0.7578, lateral-2: 1.1244, lateral-3: 1.1568, lateral-4: 1.2136, lateral-5: 1.3245, epsilon: 633.9468]
2025-10-26 22:25:01.767301 Epoch [031/070], Step [0001/0001], [lateral-edge: 0.7575, lateral-2: 1.1178, lateral-3: 1.1502, lateral-4: 1.2092, lateral-5: 1.3205, epsilon: 652.8420]
2025-10-26 22:25:07.214940 Epoch [032/070], Step [0001/0001], [lateral-edge: 0.7572, lateral-2: 1.1114, lateral-3: 1.1441, lateral-4: 1.2049, lateral-5: 1.3167, epsilon: 671.7016]
2025-10-26 22:25:12.578258 Epoch [033/070], Step [0001/0001], [lateral-edge: 0.7570, lateral-2: 1.1052, lateral-3: 1.1382, lateral-4: 1.2003, lateral-5: 1.3126, epsilon: 690.5272]
2025-10-26 22:25:18.298619 Epoch [034/070], Step [0001/0001], [lateral-edge: 0.7567, lateral-2: 1.0993, lateral-3: 1.1324, lateral-4: 1.1958, lateral-5: 1.3086, epsilon: 709.3204]
2025-10-26 22:25:24.227766 Epoch [035/070], Step [0001/0001], [lateral-edge: 0.7565, lateral-2: 1.0936, lateral-3: 1.1266, lateral-4: 1.1913, lateral-5: 1.3047, epsilon: inf]
2025-10-26 22:25:31.164733 Epoch [036/070], Step [0001/0001], [lateral-edge: 0.7562, lateral-2: 1.0883, lateral-3: 1.1211, lateral-4: 1.1869, lateral-5: 1.3006, epsilon: inf]
2025-10-26 22:25:37.592015 Epoch [037/070], Step [0001/0001], [lateral-edge: 0.7560, lateral-2: 1.0830, lateral-3: 1.1160, lateral-4: 1.1827, lateral-5: 1.2967, epsilon: inf]
2025-10-26 22:25:43.779962 Epoch [038/070], Step [0001/0001], [lateral-edge: 0.7558, lateral-2: 1.0782, lateral-3: 1.1110, lateral-4: 1.1784, lateral-5: 1.2926, epsilon: inf]
2025-10-26 22:25:50.413163 Epoch [039/070], Step [0001/0001], [lateral-edge: 0.7556, lateral-2: 1.0736, lateral-3: 1.1064, lateral-4: 1.1740, lateral-5: 1.2884, epsilon: inf]
[Saving Snapshot:] ./Snapshots/save_weights/Inf-Net_DP/batch_72/run_3/noise_multiplier_0.3/Inf-Net-40.pth
[Privacy Budget]: ε = inf (δ = 1e-05)
2025-10-26 22:26:00.753305 Epoch [040/070], Step [0001/0001], [lateral-edge: 0.7554, lateral-2: 1.0691, lateral-3: 1.1019, lateral-4: 1.1700, lateral-5: 1.2843, epsilon: inf]
2025-10-26 22:26:07.462988 Epoch [041/070], Step [0001/0001], [lateral-edge: 0.7552, lateral-2: 1.0647, lateral-3: 1.0977, lateral-4: 1.1665, lateral-5: 1.2803, epsilon: inf]
2025-10-26 22:26:14.610950 Epoch [042/070], Step [0001/0001], [lateral-edge: 0.7550, lateral-2: 1.0603, lateral-3: 1.0934, lateral-4: 1.1632, lateral-5: 1.2762, epsilon: inf]
2025-10-26 22:26:21.612237 Epoch [043/070], Step [0001/0001], [lateral-edge: 0.7548, lateral-2: 1.0559, lateral-3: 1.0891, lateral-4: 1.1597, lateral-5: 1.2721, epsilon: inf]
2025-10-26 22:26:28.747230 Epoch [044/070], Step [0001/0001], [lateral-edge: 0.7545, lateral-2: 1.0517, lateral-3: 1.0851, lateral-4: 1.1559, lateral-5: 1.2678, epsilon: inf]
2025-10-26 22:26:34.278528 Epoch [045/070], Step [0001/0001], [lateral-edge: 0.7543, lateral-2: 1.0478, lateral-3: 1.0815, lateral-4: 1.1524, lateral-5: 1.2635, epsilon: inf]
2025-10-26 22:26:41.949866 Epoch [046/070], Step [0001/0001], [lateral-edge: 0.7541, lateral-2: 1.0440, lateral-3: 1.0779, lateral-4: 1.1493, lateral-5: 1.2592, epsilon: inf]
2025-10-26 22:26:49.612600 Epoch [047/070], Step [0001/0001], [lateral-edge: 0.7540, lateral-2: 1.0403, lateral-3: 1.0744, lateral-4: 1.1460, lateral-5: 1.2548, epsilon: inf]
2025-10-26 22:26:57.376962 Epoch [048/070], Step [0001/0001], [lateral-edge: 0.7538, lateral-2: 1.0368, lateral-3: 1.0706, lateral-4: 1.1424, lateral-5: 1.2502, epsilon: inf]
2025-10-26 22:27:05.234466 Epoch [049/070], Step [0001/0001], [lateral-edge: 0.7536, lateral-2: 1.0332, lateral-3: 1.0670, lateral-4: 1.1389, lateral-5: 1.2457, epsilon: inf]
[Saving Snapshot:] ./Snapshots/save_weights/Inf-Net_DP/batch_72/run_3/noise_multiplier_0.3/Inf-Net-50.pth
[Privacy Budget]: ε = inf (δ = 1e-05)
2025-10-26 22:27:15.445407 Epoch [050/070], Step [0001/0001], [lateral-edge: 0.7534, lateral-2: 1.0305, lateral-3: 1.0645, lateral-4: 1.1365, lateral-5: 1.2426, epsilon: inf]
2025-10-26 22:27:24.096756 Epoch [051/070], Step [0001/0001], [lateral-edge: 0.7534, lateral-2: 1.0302, lateral-3: 1.0642, lateral-4: 1.1362, lateral-5: 1.2423, epsilon: inf]
2025-10-26 22:27:33.069145 Epoch [052/070], Step [0001/0001], [lateral-edge: 0.7534, lateral-2: 1.0302, lateral-3: 1.0642, lateral-4: 1.1362, lateral-5: 1.2423, epsilon: inf]
2025-10-26 22:27:41.622877 Epoch [053/070], Step [0001/0001], [lateral-edge: 0.7534, lateral-2: 1.0302, lateral-3: 1.0642, lateral-4: 1.1362, lateral-5: 1.2423, epsilon: inf]
2025-10-26 22:27:50.589929 Epoch [054/070], Step [0001/0001], [lateral-edge: 0.7534, lateral-2: 1.0302, lateral-3: 1.0642, lateral-4: 1.1362, lateral-5: 1.2423, epsilon: inf]
2025-10-26 22:27:59.568155 Epoch [055/070], Step [0001/0001], [lateral-edge: 0.7534, lateral-2: 1.0302, lateral-3: 1.0642, lateral-4: 1.1362, lateral-5: 1.2423, epsilon: inf]
2025-10-26 22:28:11.393037 Epoch [056/070], Step [0001/0001], [lateral-edge: 0.7534, lateral-2: 1.0302, lateral-3: 1.0642, lateral-4: 1.1362, lateral-5: 1.2423, epsilon: inf]
2025-10-26 22:28:20.890474 Epoch [057/070], Step [0001/0001], [lateral-edge: 0.7534, lateral-2: 1.0302, lateral-3: 1.0642, lateral-4: 1.1362, lateral-5: 1.2423, epsilon: inf]
2025-10-26 22:28:30.093654 Epoch [058/070], Step [0001/0001], [lateral-edge: 0.7534, lateral-2: 1.0302, lateral-3: 1.0642, lateral-4: 1.1362, lateral-5: 1.2423, epsilon: inf]
2025-10-26 22:28:41.572582 Epoch [059/070], Step [0001/0001], [lateral-edge: 0.7534, lateral-2: 1.0302, lateral-3: 1.0642, lateral-4: 1.1362, lateral-5: 1.2423, epsilon: inf]
[Saving Snapshot:] ./Snapshots/save_weights/Inf-Net_DP/batch_72/run_3/noise_multiplier_0.3/Inf-Net-60.pth
[Privacy Budget]: ε = inf (δ = 1e-05)
2025-10-26 22:29:06.343886 Epoch [060/070], Step [0001/0001], [lateral-edge: 0.7534, lateral-2: 1.0302, lateral-3: 1.0642, lateral-4: 1.1362, lateral-5: 1.2423, epsilon: inf]
2025-10-26 22:29:16.538583 Epoch [061/070], Step [0001/0001], [lateral-edge: 0.7534, lateral-2: 1.0302, lateral-3: 1.0642, lateral-4: 1.1362, lateral-5: 1.2423, epsilon: inf]
2025-10-26 22:29:26.698232 Epoch [062/070], Step [0001/0001], [lateral-edge: 0.7534, lateral-2: 1.0302, lateral-3: 1.0642, lateral-4: 1.1362, lateral-5: 1.2423, epsilon: inf]
2025-10-26 22:29:37.021348 Epoch [063/070], Step [0001/0001], [lateral-edge: 0.7534, lateral-2: 1.0302, lateral-3: 1.0642, lateral-4: 1.1362, lateral-5: 1.2423, epsilon: inf]
2025-10-26 22:29:48.809249 Epoch [064/070], Step [0001/0001], [lateral-edge: 0.7534, lateral-2: 1.0302, lateral-3: 1.0642, lateral-4: 1.1362, lateral-5: 1.2423, epsilon: inf]
2025-10-26 22:29:59.818335 Epoch [065/070], Step [0001/0001], [lateral-edge: 0.7534, lateral-2: 1.0302, lateral-3: 1.0642, lateral-4: 1.1362, lateral-5: 1.2423, epsilon: inf]
2025-10-26 22:30:11.177452 Epoch [066/070], Step [0001/0001], [lateral-edge: 0.7534, lateral-2: 1.0302, lateral-3: 1.0642, lateral-4: 1.1362, lateral-5: 1.2423, epsilon: inf]
2025-10-26 22:30:22.483802 Epoch [067/070], Step [0001/0001], [lateral-edge: 0.7534, lateral-2: 1.0302, lateral-3: 1.0642, lateral-4: 1.1362, lateral-5: 1.2423, epsilon: inf]
2025-10-26 22:30:32.521204 Epoch [068/070], Step [0001/0001], [lateral-edge: 0.7534, lateral-2: 1.0302, lateral-3: 1.0642, lateral-4: 1.1362, lateral-5: 1.2423, epsilon: inf]
2025-10-26 22:30:40.743067 Epoch [069/070], Step [0001/0001], [lateral-edge: 0.7534, lateral-2: 1.0302, lateral-3: 1.0642, lateral-4: 1.1362, lateral-5: 1.2423, epsilon: inf]
[Saving Snapshot:] ./Snapshots/save_weights/Inf-Net_DP/batch_72/run_3/noise_multiplier_0.3/Inf-Net-70.pth
[Privacy Budget]: ε = inf (δ = 1e-05)
2025-10-26 22:30:55.638077 Epoch [070/070], Step [0001/0001], [lateral-edge: 0.7534, lateral-2: 1.0302, lateral-3: 1.0642, lateral-4: 1.1362, lateral-5: 1.2423, epsilon: inf]
Training completed at Sun Oct 26 22:30:57 CET 2025
