Backbone loading: Res2Net50
Trainable: 31,072,721 / 33,121,721 parameters
Validator raised issues with model. Attempting auto-fix...
Original error: UnsupportedModuleError
Model successfully fixed for differential privacy
Not loading weights from weights file
###################################################################### 
Start Training (Inf_Net-DP)
Network: Inf_Net
Batch Size: 24
DP Enabled (ε=200.0, δ=1e-05, clipping=base)
Morphology: Disabled
Architecture: GroupNorm (with DP)
Save Path: ./Snapshots/save_weights/Inf-Net_DP/batch_24/run_2/epsilon_200/base
Run: 2
Namespace(network='Inf_Net', epoch=100, lr=0.0001, batchsize=24, trainsize=352, clip=0.5, decay_rate=0.1, decay_epoch=50, is_thop=False, gpu_device=0, num_workers=8, net_channel=32, init_features=32, n_classes=1, in_channels=3, backbone='Res2Net50', deep_supervision=False, train_path='./Dataset/TrainingSet/LungInfection-Train/Doctor-label', is_semi=False, is_pseudo=False, train_save=None, run=2, enable_privacy=True, epsilon=200.0, max_grad_norm=1.2, delta=1e-05, clipping_strategy='base', enable_morphology=False, morph_operation='both', morph_kernel_size=3, device='cuda')
 ######################################################################
2025-11-09 00:34:01.755629 Epoch [001/100], Step [0003/0003], [lateral-edge: 0.7714, lateral-2: 1.6356, lateral-3: 1.5963, lateral-4: 1.5741, lateral-5: 1.5464, epsilon: 23.2690]
2025-11-09 00:34:08.269034 Epoch [002/100], Step [0003/0003], [lateral-edge: 0.7703, lateral-2: 1.5963, lateral-3: 1.5677, lateral-4: 1.5529, lateral-5: 1.5512, epsilon: 32.9982]
2025-11-09 00:34:13.742207 Epoch [003/100], Step [0003/0003], [lateral-edge: 0.7686, lateral-2: 1.5494, lateral-3: 1.5231, lateral-4: 1.5253, lateral-5: 1.5312, epsilon: 41.1241]
2025-11-09 00:34:19.360989 Epoch [004/100], Step [0003/0003], [lateral-edge: 0.7681, lateral-2: 1.5315, lateral-3: 1.4974, lateral-4: 1.5010, lateral-5: 1.5201, epsilon: 48.4492]
2025-11-09 00:34:24.370250 Epoch [005/100], Step [0003/0003], [lateral-edge: 0.7656, lateral-2: 1.4877, lateral-3: 1.4500, lateral-4: 1.4588, lateral-5: 1.4909, epsilon: 55.2708]
2025-11-09 00:34:30.832488 Epoch [006/100], Step [0003/0003], [lateral-edge: 0.7650, lateral-2: 1.4898, lateral-3: 1.4587, lateral-4: 1.4683, lateral-5: 1.5084, epsilon: 61.7384]
2025-11-09 00:34:36.278826 Epoch [007/100], Step [0003/0003], [lateral-edge: 0.7635, lateral-2: 1.4732, lateral-3: 1.4529, lateral-4: 1.4661, lateral-5: 1.5104, epsilon: 67.9394]
2025-11-09 00:34:41.168254 Epoch [008/100], Step [0003/0003], [lateral-edge: 0.7640, lateral-2: 1.4466, lateral-3: 1.4183, lateral-4: 1.4390, lateral-5: 1.4925, epsilon: 73.9304]
2025-11-09 00:34:46.185611 Epoch [009/100], Step [0003/0003], [lateral-edge: 0.7640, lateral-2: 1.4280, lateral-3: 1.4015, lateral-4: 1.4225, lateral-5: 1.4863, epsilon: 79.7503]
[Saving Snapshot:] ./Snapshots/save_weights/Inf-Net_DP/batch_24/run_2/epsilon_200/base/Inf-Net-10.pth
[Privacy Budget]: ε = 79.75 (δ = 1e-05)
2025-11-09 00:34:52.209194 Epoch [010/100], Step [0003/0003], [lateral-edge: 0.7629, lateral-2: 1.4069, lateral-3: 1.3890, lateral-4: 1.4058, lateral-5: 1.4749, epsilon: 85.4276]
2025-11-09 00:34:57.590064 Epoch [011/100], Step [0003/0003], [lateral-edge: 0.7627, lateral-2: 1.4751, lateral-3: 1.4617, lateral-4: 1.4767, lateral-5: 1.5085, epsilon: 90.9833]
2025-11-09 00:35:02.872537 Epoch [012/100], Step [0003/0003], [lateral-edge: 0.7610, lateral-2: 1.3855, lateral-3: 1.3716, lateral-4: 1.4014, lateral-5: 1.4654, epsilon: 96.4339]
2025-11-09 00:35:08.200622 Epoch [013/100], Step [0003/0003], [lateral-edge: 0.7611, lateral-2: 1.3701, lateral-3: 1.3582, lateral-4: 1.3846, lateral-5: 1.4613, epsilon: 101.7925]
2025-11-09 00:35:13.413231 Epoch [014/100], Step [0003/0003], [lateral-edge: 0.7601, lateral-2: 1.3804, lateral-3: 1.3757, lateral-4: 1.3950, lateral-5: 1.4641, epsilon: 107.0697]
