Backbone loading: Res2Net50
Trainable: 31,072,721 / 33,121,721 parameters
Validator raised issues with model. Attempting auto-fix...
Original error: UnsupportedModuleError
Model successfully fixed for differential privacy
Not loading weights from weights file
###################################################################### 
Start Training (Inf_Net-DP)
Network: Inf_Net
Batch Size: 24
DP Enabled (ε=8.0, δ=1e-05, clipping=nsgd)
Morphology: Disabled
Architecture: GroupNorm (with DP)
Save Path: ./Snapshots/save_weights/Inf-Net_DP/batch_24/run_2/epsilon_8/nsgd
Run: 2
Namespace(network='Inf_Net', epoch=100, lr=0.0001, batchsize=24, trainsize=352, clip=0.5, decay_rate=0.1, decay_epoch=50, is_thop=False, gpu_device=0, num_workers=8, net_channel=32, init_features=32, n_classes=1, in_channels=3, backbone='Res2Net50', deep_supervision=False, train_path='./Dataset/TrainingSet/LungInfection-Train/Doctor-label', is_semi=False, is_pseudo=False, train_save=None, run=2, enable_privacy=True, epsilon=8.0, max_grad_norm=1.2, delta=1e-05, clipping_strategy='nsgd', enable_morphology=False, morph_operation='both', morph_kernel_size=3, device='cuda')
 ######################################################################
2025-11-09 00:33:24.774385 Epoch [001/100], Step [0003/0003], [lateral-edge: 0.7745, lateral-2: 1.6954, lateral-3: 1.6008, lateral-4: 1.5796, lateral-5: 1.5446, epsilon: 1.2032]
2025-11-09 00:33:30.793795 Epoch [002/100], Step [0003/0003], [lateral-edge: 0.7738, lateral-2: 1.6584, lateral-3: 1.5634, lateral-4: 1.5442, lateral-5: 1.5215, epsilon: 1.7041]
2025-11-09 00:33:35.779919 Epoch [003/100], Step [0003/0003], [lateral-edge: 0.7752, lateral-2: 1.6834, lateral-3: 1.5907, lateral-4: 1.5616, lateral-5: 1.5435, epsilon: 2.1017]
2025-11-09 00:33:41.688911 Epoch [004/100], Step [0003/0003], [lateral-edge: 0.7726, lateral-2: 1.6271, lateral-3: 1.5439, lateral-4: 1.5292, lateral-5: 1.5094, epsilon: 2.4452]
2025-11-09 00:33:46.605900 Epoch [005/100], Step [0003/0003], [lateral-edge: 0.7741, lateral-2: 1.6277, lateral-3: 1.5453, lateral-4: 1.5228, lateral-5: 1.5219, epsilon: 2.7540]
2025-11-09 00:33:51.481103 Epoch [006/100], Step [0003/0003], [lateral-edge: 0.7736, lateral-2: 1.6237, lateral-3: 1.5398, lateral-4: 1.5171, lateral-5: 1.5099, epsilon: 3.0379]
2025-11-09 00:33:56.797638 Epoch [007/100], Step [0003/0003], [lateral-edge: 0.7731, lateral-2: 1.6050, lateral-3: 1.5295, lateral-4: 1.5107, lateral-5: 1.5021, epsilon: 3.3029]
2025-11-09 00:34:01.470718 Epoch [008/100], Step [0003/0003], [lateral-edge: 0.7744, lateral-2: 1.6096, lateral-3: 1.5288, lateral-4: 1.5099, lateral-5: 1.5043, epsilon: 3.5529]
2025-11-09 00:34:06.977172 Epoch [009/100], Step [0003/0003], [lateral-edge: 0.7728, lateral-2: 1.6153, lateral-3: 1.5390, lateral-4: 1.5236, lateral-5: 1.5162, epsilon: 3.7905]
[Saving Snapshot:] ./Snapshots/save_weights/Inf-Net_DP/batch_24/run_2/epsilon_8/nsgd/Inf-Net-10.pth
[Privacy Budget]: ε = 3.79 (δ = 1e-05)
2025-11-09 00:34:12.554609 Epoch [010/100], Step [0003/0003], [lateral-edge: 0.7746, lateral-2: 1.6340, lateral-3: 1.5454, lateral-4: 1.5233, lateral-5: 1.5253, epsilon: 4.0179]
2025-11-09 00:34:17.877348 Epoch [011/100], Step [0003/0003], [lateral-edge: 0.7735, lateral-2: 1.6540, lateral-3: 1.5663, lateral-4: 1.5479, lateral-5: 1.5395, epsilon: 4.2363]
2025-11-09 00:34:23.790017 Epoch [012/100], Step [0003/0003], [lateral-edge: 0.7733, lateral-2: 1.6146, lateral-3: 1.5275, lateral-4: 1.5083, lateral-5: 1.5104, epsilon: 4.4471]
2025-11-09 00:34:28.562930 Epoch [013/100], Step [0003/0003], [lateral-edge: 0.7735, lateral-2: 1.6150, lateral-3: 1.5317, lateral-4: 1.5132, lateral-5: 1.5156, epsilon: 4.6511]
2025-11-09 00:34:33.306974 Epoch [014/100], Step [0003/0003], [lateral-edge: 0.7736, lateral-2: 1.5959, lateral-3: 1.5149, lateral-4: 1.4990, lateral-5: 1.5148, epsilon: 4.8491]
2025-11-09 00:34:38.630712 Epoch [015/100], Step [0003/0003], [lateral-edge: 0.7745, lateral-2: 1.5901, lateral-3: 1.5125, lateral-4: 1.4979, lateral-5: 1.5102, epsilon: 5.0418]
2025-11-09 00:34:43.635284 Epoch [016/100], Step [0003/0003], [lateral-edge: 0.7731, lateral-2: 1.5791, lateral-3: 1.4974, lateral-4: 1.4867, lateral-5: 1.5019, epsilon: 5.2296]
2025-11-09 00:34:48.389404 Epoch [017/100], Step [0003/0003], [lateral-edge: 0.7756, lateral-2: 1.6110, lateral-3: 1.5287, lateral-4: 1.5138, lateral-5: 1.5278, epsilon: 5.4129]
2025-11-09 00:34:53.220178 Epoch [018/100], Step [0003/0003], [lateral-edge: 0.7758, lateral-2: 1.6023, lateral-3: 1.5228, lateral-4: 1.5061, lateral-5: 1.5214, epsilon: 5.5923]
2025-11-09 00:34:58.151644 Epoch [019/100], Step [0003/0003], [lateral-edge: 0.7735, lateral-2: 1.5837, lateral-3: 1.5091, lateral-4: 1.4987, lateral-5: 1.5130, epsilon: 5.7679]
[Saving Snapshot:] ./Snapshots/save_weights/Inf-Net_DP/batch_24/run_2/epsilon_8/nsgd/Inf-Net-20.pth
[Privacy Budget]: ε = 5.77 (δ = 1e-05)
2025-11-09 00:35:03.248618 Epoch [020/100], Step [0003/0003], [lateral-edge: 0.7761, lateral-2: 1.5957, lateral-3: 1.5184, lateral-4: 1.5045, lateral-5: 1.5274, epsilon: 5.9401]
2025-11-09 00:35:08.176933 Epoch [021/100], Step [0003/0003], [lateral-edge: 0.7755, lateral-2: 1.5948, lateral-3: 1.5145, lateral-4: 1.5020, lateral-5: 1.5207, epsilon: 6.1092]
2025-11-09 00:35:12.999182 Epoch [022/100], Step [0003/0003], [lateral-edge: 0.7725, lateral-2: 1.5856, lateral-3: 1.5144, lateral-4: 1.5081, lateral-5: 1.5165, epsilon: 6.2753]
