Backbone loading: Res2Net50
Trainable: 31,072,721 / 33,121,721 parameters
Validator raised issues with model. Attempting auto-fix...
Original error: UnsupportedModuleError
Model successfully fixed for differential privacy
Not loading weights from weights file
###################################################################### 
Start Training (Inf_Net-DP)
Network: Inf_Net
Batch Size: 24
DP Enabled (ε=200.0, δ=1e-05, clipping=automatic)
Morphology: Disabled
Architecture: GroupNorm (with DP)
Save Path: ./Snapshots/save_weights/Inf-Net_DP/batch_24/run_2/epsilon_200/automatic
Run: 2
Namespace(network='Inf_Net', epoch=100, lr=0.0001, batchsize=24, trainsize=352, clip=0.5, decay_rate=0.1, decay_epoch=50, is_thop=False, gpu_device=0, num_workers=8, net_channel=32, init_features=32, n_classes=1, in_channels=3, backbone='Res2Net50', deep_supervision=False, train_path='./Dataset/TrainingSet/LungInfection-Train/Doctor-label', is_semi=False, is_pseudo=False, train_save=None, run=2, enable_privacy=True, epsilon=200.0, max_grad_norm=1.2, delta=1e-05, clipping_strategy='automatic', enable_morphology=False, morph_operation='both', morph_kernel_size=3, device='cuda')
 ######################################################################
2025-11-09 00:34:01.703877 Epoch [001/100], Step [0003/0003], [lateral-edge: 0.7862, lateral-2: 1.7098, lateral-3: 1.6218, lateral-4: 1.6042, lateral-5: 1.5759, epsilon: 23.2690]
2025-11-09 00:34:07.520640 Epoch [002/100], Step [0003/0003], [lateral-edge: 0.7871, lateral-2: 1.6375, lateral-3: 1.5578, lateral-4: 1.5444, lateral-5: 1.5685, epsilon: 32.9982]
2025-11-09 00:34:13.358692 Epoch [003/100], Step [0003/0003], [lateral-edge: 0.7856, lateral-2: 1.5858, lateral-3: 1.5251, lateral-4: 1.5194, lateral-5: 1.5523, epsilon: 41.1241]
2025-11-09 00:34:19.217665 Epoch [004/100], Step [0003/0003], [lateral-edge: 0.7864, lateral-2: 1.5742, lateral-3: 1.5278, lateral-4: 1.5230, lateral-5: 1.5572, epsilon: 48.4492]
2025-11-09 00:34:24.227361 Epoch [005/100], Step [0003/0003], [lateral-edge: 0.7831, lateral-2: 1.5465, lateral-3: 1.5076, lateral-4: 1.5116, lateral-5: 1.5452, epsilon: 55.2708]
2025-11-09 00:34:29.790678 Epoch [006/100], Step [0003/0003], [lateral-edge: 0.7812, lateral-2: 1.5382, lateral-3: 1.5013, lateral-4: 1.5075, lateral-5: 1.5402, epsilon: 61.7384]
2025-11-09 00:34:34.873984 Epoch [007/100], Step [0003/0003], [lateral-edge: 0.7798, lateral-2: 1.5359, lateral-3: 1.4982, lateral-4: 1.5132, lateral-5: 1.5393, epsilon: 67.9394]
2025-11-09 00:34:40.460314 Epoch [008/100], Step [0003/0003], [lateral-edge: 0.7799, lateral-2: 1.5181, lateral-3: 1.4881, lateral-4: 1.4907, lateral-5: 1.5304, epsilon: 73.9304]
2025-11-09 00:34:45.464715 Epoch [009/100], Step [0003/0003], [lateral-edge: 0.7776, lateral-2: 1.4865, lateral-3: 1.4654, lateral-4: 1.4711, lateral-5: 1.5155, epsilon: 79.7503]
[Saving Snapshot:] ./Snapshots/save_weights/Inf-Net_DP/batch_24/run_2/epsilon_200/automatic/Inf-Net-10.pth
[Privacy Budget]: ε = 79.75 (δ = 1e-05)
2025-11-09 00:34:51.862648 Epoch [010/100], Step [0003/0003], [lateral-edge: 0.7798, lateral-2: 1.4729, lateral-3: 1.4630, lateral-4: 1.4725, lateral-5: 1.5088, epsilon: 85.4276]
2025-11-09 00:34:56.788397 Epoch [011/100], Step [0003/0003], [lateral-edge: 0.7779, lateral-2: 1.4592, lateral-3: 1.4422, lateral-4: 1.4657, lateral-5: 1.5030, epsilon: 90.9833]
2025-11-09 00:35:02.557035 Epoch [012/100], Step [0003/0003], [lateral-edge: 0.7782, lateral-2: 1.4703, lateral-3: 1.4604, lateral-4: 1.4786, lateral-5: 1.5085, epsilon: 96.4339]
2025-11-09 00:35:08.389384 Epoch [013/100], Step [0003/0003], [lateral-edge: 0.7765, lateral-2: 1.4552, lateral-3: 1.4450, lateral-4: 1.4694, lateral-5: 1.5006, epsilon: 101.7925]
