Backbone loading: Res2Net50
Trainable: 31,072,721 / 33,121,721 parameters
Validator raised issues with model. Attempting auto-fix...
Original error: UnsupportedModuleError
Model successfully fixed for differential privacy
Not loading weights from weights file
###################################################################### 
Start Training (Inf_Net-DP)
Network: Inf_Net
Batch Size: 48
DP Enabled (ε=8.0, δ=1e-05, clipping=psac)
Morphology: Disabled
Architecture: GroupNorm (with DP)
Save Path: ./Snapshots/save_weights/Inf-Net_DP/batch_48/run_2/epsilon_8/psac
Run: 2
Namespace(network='Inf_Net', epoch=100, lr=0.0001, batchsize=48, trainsize=352, clip=0.5, decay_rate=0.1, decay_epoch=50, is_thop=False, gpu_device=0, num_workers=8, net_channel=32, init_features=32, n_classes=1, in_channels=3, backbone='Res2Net50', deep_supervision=False, train_path='./Dataset/TrainingSet/LungInfection-Train/Doctor-label', is_semi=False, is_pseudo=False, train_save=None, run=2, enable_privacy=True, epsilon=8.0, max_grad_norm=1.2, delta=1e-05, clipping_strategy='psac', enable_morphology=False, morph_operation='both', morph_kernel_size=3, device='cuda')
 ######################################################################
2025-11-09 00:33:32.195338 Epoch [001/100], Step [0002/0002], [lateral-edge: 0.7756, lateral-2: 1.7025, lateral-3: 1.7565, lateral-4: 1.6433, lateral-5: 1.5450, epsilon: 1.1725]
2025-11-09 00:33:36.651435 Epoch [002/100], Step [0002/0002], [lateral-edge: 0.7747, lateral-2: 1.6722, lateral-3: 1.7378, lateral-4: 1.6276, lateral-5: 1.5294, epsilon: 1.6749]
2025-11-09 00:33:41.678097 Epoch [003/100], Step [0002/0002], [lateral-edge: 0.7752, lateral-2: 1.6513, lateral-3: 1.7036, lateral-4: 1.6077, lateral-5: 1.5244, epsilon: 2.0737]
2025-11-09 00:33:46.754592 Epoch [004/100], Step [0002/0002], [lateral-edge: 0.7757, lateral-2: 1.6413, lateral-3: 1.6852, lateral-4: 1.6034, lateral-5: 1.5428, epsilon: 2.4184]
2025-11-09 00:33:51.250444 Epoch [005/100], Step [0002/0002], [lateral-edge: 0.7739, lateral-2: 1.6103, lateral-3: 1.6485, lateral-4: 1.5767, lateral-5: 1.5293, epsilon: 2.7282]
2025-11-09 00:33:55.993458 Epoch [006/100], Step [0002/0002], [lateral-edge: 0.7747, lateral-2: 1.6123, lateral-3: 1.6378, lateral-4: 1.5698, lateral-5: 1.5352, epsilon: 3.0131]
2025-11-09 00:34:00.557303 Epoch [007/100], Step [0002/0002], [lateral-edge: 0.7758, lateral-2: 1.6059, lateral-3: 1.6342, lateral-4: 1.5616, lateral-5: 1.5350, epsilon: 3.2790]
2025-11-09 00:34:04.801722 Epoch [008/100], Step [0002/0002], [lateral-edge: 0.7752, lateral-2: 1.5965, lateral-3: 1.6213, lateral-4: 1.5531, lateral-5: 1.5345, epsilon: 3.5299]
2025-11-09 00:34:09.033470 Epoch [009/100], Step [0002/0002], [lateral-edge: 0.7756, lateral-2: 1.6001, lateral-3: 1.6231, lateral-4: 1.5521, lateral-5: 1.5420, epsilon: 3.7684]
[Saving Snapshot:] ./Snapshots/save_weights/Inf-Net_DP/batch_48/run_2/epsilon_8/psac/Inf-Net-10.pth
[Privacy Budget]: ε = 3.77 (δ = 1e-05)
2025-11-09 00:34:14.851989 Epoch [010/100], Step [0002/0002], [lateral-edge: 0.7758, lateral-2: 1.5814, lateral-3: 1.5974, lateral-4: 1.5313, lateral-5: 1.5310, epsilon: 3.9966]
2025-11-09 00:34:19.325074 Epoch [011/100], Step [0002/0002], [lateral-edge: 0.7764, lateral-2: 1.5817, lateral-3: 1.5843, lateral-4: 1.5325, lateral-5: 1.5320, epsilon: 4.2158]
2025-11-09 00:34:24.021923 Epoch [012/100], Step [0002/0002], [lateral-edge: 0.7749, lateral-2: 1.5770, lateral-3: 1.5866, lateral-4: 1.5326, lateral-5: 1.5288, epsilon: 4.4274]
2025-11-09 00:34:28.272987 Epoch [013/100], Step [0002/0002], [lateral-edge: 0.7750, lateral-2: 1.5868, lateral-3: 1.5937, lateral-4: 1.5372, lateral-5: 1.5341, epsilon: 4.6322]
2025-11-09 00:34:33.404853 Epoch [014/100], Step [0002/0002], [lateral-edge: 0.7755, lateral-2: 1.5697, lateral-3: 1.5773, lateral-4: 1.5234, lateral-5: 1.5314, epsilon: 4.8310]
2025-11-09 00:34:37.841124 Epoch [015/100], Step [0002/0002], [lateral-edge: 0.7746, lateral-2: 1.5584, lateral-3: 1.5759, lateral-4: 1.5173, lateral-5: 1.5206, epsilon: 5.0245]
2025-11-09 00:34:42.218571 Epoch [016/100], Step [0002/0002], [lateral-edge: 0.7757, lateral-2: 1.5386, lateral-3: 1.5571, lateral-4: 1.5038, lateral-5: 1.5136, epsilon: 5.2130]
2025-11-09 00:34:46.437647 Epoch [017/100], Step [0002/0002], [lateral-edge: 0.7739, lateral-2: 1.5554, lateral-3: 1.5751, lateral-4: 1.5139, lateral-5: 1.5229, epsilon: 5.3971]
2025-11-09 00:34:50.930424 Epoch [018/100], Step [0002/0002], [lateral-edge: 0.7753, lateral-2: 1.5529, lateral-3: 1.5565, lateral-4: 1.5080, lateral-5: 1.5227, epsilon: 5.5772]
2025-11-09 00:34:55.067912 Epoch [019/100], Step [0002/0002], [lateral-edge: 0.7748, lateral-2: 1.5605, lateral-3: 1.5698, lateral-4: 1.5160, lateral-5: 1.5213, epsilon: 5.7536]
[Saving Snapshot:] ./Snapshots/save_weights/Inf-Net_DP/batch_48/run_2/epsilon_8/psac/Inf-Net-20.pth
[Privacy Budget]: ε = 5.75 (δ = 1e-05)
2025-11-09 00:35:00.473157 Epoch [020/100], Step [0002/0002], [lateral-edge: 0.7736, lateral-2: 1.5390, lateral-3: 1.5549, lateral-4: 1.5030, lateral-5: 1.5208, epsilon: 5.9266]
2025-11-09 00:35:04.742604 Epoch [021/100], Step [0002/0002], [lateral-edge: 0.7728, lateral-2: 1.5411, lateral-3: 1.5492, lateral-4: 1.4992, lateral-5: 1.5223, epsilon: 6.0963]
2025-11-09 00:35:09.207661 Epoch [022/100], Step [0002/0002], [lateral-edge: 0.7741, lateral-2: 1.5201, lateral-3: 1.5293, lateral-4: 1.4804, lateral-5: 1.5067, epsilon: 6.2631]
