Backbone loading: Res2Net50
Not loading weights from weights file
################################################## 
Start Training (Inf-Net-Res2Net50)
Backbone: Res2Net50
Batch Size: 64
Morphology: open
Save Path: ./Snapshots/save_weights/Inf-Net_Morph/batch_64/run_3
Run: 3
Namespace(epoch=100, lr=0.0001, batchsize=64, trainsize=352, clip=0.5, decay_rate=0.1, decay_epoch=50, is_thop=False, gpu_device=0, num_workers=8, net_channel=32, n_classes=1, backbone='Res2Net50', train_path='./Dataset/TrainingSet/LungInfection-Train/Doctor-label', is_semi=False, is_pseudo=False, train_save=None, run=3, enable_morphology=True, morph_operation='open', morph_kernel_size=3, device='cuda')
 ##################################################
2025-10-23 17:22:12.658548 Epoch [001/100], Step [0001/0001], [lateral-edge: 0.7588, lateral-2: 1.5353, lateral-3: 1.5540, lateral-4: 1.6002, lateral-5: 1.5406]
2025-10-23 17:22:14.348810 Epoch [002/100], Step [0001/0001], [lateral-edge: 0.7510, lateral-2: 1.4477, lateral-3: 1.4922, lateral-4: 1.5303, lateral-5: 1.5355]
2025-10-23 17:22:16.084593 Epoch [003/100], Step [0001/0001], [lateral-edge: 0.7476, lateral-2: 1.4163, lateral-3: 1.4659, lateral-4: 1.4958, lateral-5: 1.5414]
2025-10-23 17:22:17.844533 Epoch [004/100], Step [0001/0001], [lateral-edge: 0.7439, lateral-2: 1.3945, lateral-3: 1.4235, lateral-4: 1.4886, lateral-5: 1.5238]
2025-10-23 17:22:19.590534 Epoch [005/100], Step [0001/0001], [lateral-edge: 0.7426, lateral-2: 1.3661, lateral-3: 1.4020, lateral-4: 1.4511, lateral-5: 1.5075]
2025-10-23 17:22:21.349565 Epoch [006/100], Step [0001/0001], [lateral-edge: 0.7406, lateral-2: 1.3365, lateral-3: 1.3721, lateral-4: 1.4342, lateral-5: 1.4486]
2025-10-23 17:22:23.115457 Epoch [007/100], Step [0001/0001], [lateral-edge: 0.7387, lateral-2: 1.2994, lateral-3: 1.3352, lateral-4: 1.4110, lateral-5: 1.4083]
2025-10-23 17:22:24.849738 Epoch [008/100], Step [0001/0001], [lateral-edge: 0.7375, lateral-2: 1.2353, lateral-3: 1.2814, lateral-4: 1.3538, lateral-5: 1.4071]
2025-10-23 17:22:26.585851 Epoch [009/100], Step [0001/0001], [lateral-edge: 0.7357, lateral-2: 1.1729, lateral-3: 1.2283, lateral-4: 1.3059, lateral-5: 1.4046]
[Saving Snapshot:] ./Snapshots/save_weights/Inf-Net_Morph/batch_64/run_3/Inf-Net-10.pth
2025-10-23 17:22:28.543697 Epoch [010/100], Step [0001/0001], [lateral-edge: 0.7344, lateral-2: 1.1314, lateral-3: 1.1913, lateral-4: 1.2982, lateral-5: 1.4621]
2025-10-23 17:22:30.275513 Epoch [011/100], Step [0001/0001], [lateral-edge: 0.7330, lateral-2: 1.0613, lateral-3: 1.1214, lateral-4: 1.2071, lateral-5: 1.4510]
2025-10-23 17:22:32.040934 Epoch [012/100], Step [0001/0001], [lateral-edge: 0.7317, lateral-2: 0.9774, lateral-3: 1.0317, lateral-4: 1.1170, lateral-5: 1.4921]
2025-10-23 17:22:33.790068 Epoch [013/100], Step [0001/0001], [lateral-edge: 0.7307, lateral-2: 0.9191, lateral-3: 0.9841, lateral-4: 1.0802, lateral-5: 1.5304]
2025-10-23 17:22:35.513862 Epoch [014/100], Step [0001/0001], [lateral-edge: 0.7296, lateral-2: 0.8777, lateral-3: 0.9402, lateral-4: 1.0308, lateral-5: 1.5261]
2025-10-23 17:22:37.238693 Epoch [015/100], Step [0001/0001], [lateral-edge: 0.7287, lateral-2: 0.8450, lateral-3: 0.9116, lateral-4: 1.0127, lateral-5: 1.5249]
2025-10-23 17:22:38.968691 Epoch [016/100], Step [0001/0001], [lateral-edge: 0.7278, lateral-2: 0.8316, lateral-3: 0.9012, lateral-4: 0.9996, lateral-5: 1.5244]
2025-10-23 17:22:40.716819 Epoch [017/100], Step [0001/0001], [lateral-edge: 0.7268, lateral-2: 0.8049, lateral-3: 0.8748, lateral-4: 0.9796, lateral-5: 1.5046]
2025-10-23 17:22:42.476697 Epoch [018/100], Step [0001/0001], [lateral-edge: 0.7260, lateral-2: 0.7931, lateral-3: 0.8661, lateral-4: 0.9707, lateral-5: 1.4885]
2025-10-23 17:22:44.221138 Epoch [019/100], Step [0001/0001], [lateral-edge: 0.7251, lateral-2: 0.7805, lateral-3: 0.8554, lateral-4: 0.9634, lateral-5: 1.4716]
[Saving Snapshot:] ./Snapshots/save_weights/Inf-Net_Morph/batch_64/run_3/Inf-Net-20.pth
2025-10-23 17:22:46.221939 Epoch [020/100], Step [0001/0001], [lateral-edge: 0.7243, lateral-2: 0.7635, lateral-3: 0.8385, lateral-4: 0.9464, lateral-5: 1.4491]
2025-10-23 17:22:47.943803 Epoch [021/100], Step [0001/0001], [lateral-edge: 0.7235, lateral-2: 0.7429, lateral-3: 0.8205, lateral-4: 0.9301, lateral-5: 1.4178]
2025-10-23 17:22:49.667469 Epoch [022/100], Step [0001/0001], [lateral-edge: 0.7227, lateral-2: 0.7202, lateral-3: 0.8014, lateral-4: 0.9135, lateral-5: 1.3960]
2025-10-23 17:22:51.414938 Epoch [023/100], Step [0001/0001], [lateral-edge: 0.7219, lateral-2: 0.7085, lateral-3: 0.7895, lateral-4: 0.9005, lateral-5: 1.3698]
2025-10-23 17:22:53.135830 Epoch [024/100], Step [0001/0001], [lateral-edge: 0.7212, lateral-2: 0.6886, lateral-3: 0.7747, lateral-4: 0.8913, lateral-5: 1.3563]
2025-10-23 17:22:54.859587 Epoch [025/100], Step [0001/0001], [lateral-edge: 0.7205, lateral-2: 0.6778, lateral-3: 0.7627, lateral-4: 0.8783, lateral-5: 1.3345]
2025-10-23 17:22:56.586538 Epoch [026/100], Step [0001/0001], [lateral-edge: 0.7197, lateral-2: 0.6639, lateral-3: 0.7515, lateral-4: 0.8686, lateral-5: 1.3157]
2025-10-23 17:22:58.309827 Epoch [027/100], Step [0001/0001], [lateral-edge: 0.7190, lateral-2: 0.6552, lateral-3: 0.7457, lateral-4: 0.8654, lateral-5: 1.2999]
2025-10-23 17:23:00.046294 Epoch [028/100], Step [0001/0001], [lateral-edge: 0.7183, lateral-2: 0.6432, lateral-3: 0.7358, lateral-4: 0.8554, lateral-5: 1.2760]
2025-10-23 17:23:01.762079 Epoch [029/100], Step [0001/0001], [lateral-edge: 0.7176, lateral-2: 0.6375, lateral-3: 0.7293, lateral-4: 0.8497, lateral-5: 1.2561]
[Saving Snapshot:] ./Snapshots/save_weights/Inf-Net_Morph/batch_64/run_3/Inf-Net-30.pth
2025-10-23 17:23:03.782300 Epoch [030/100], Step [0001/0001], [lateral-edge: 0.7170, lateral-2: 0.6329, lateral-3: 0.7284, lateral-4: 0.8510, lateral-5: 1.2424]
2025-10-23 17:23:05.531146 Epoch [031/100], Step [0001/0001], [lateral-edge: 0.7163, lateral-2: 0.6206, lateral-3: 0.7164, lateral-4: 0.8407, lateral-5: 1.2215]
2025-10-23 17:23:07.289855 Epoch [032/100], Step [0001/0001], [lateral-edge: 0.7156, lateral-2: 0.6213, lateral-3: 0.7192, lateral-4: 0.8421, lateral-5: 1.1973]
2025-10-23 17:23:09.053204 Epoch [033/100], Step [0001/0001], [lateral-edge: 0.7150, lateral-2: 0.6200, lateral-3: 0.7163, lateral-4: 0.8439, lateral-5: 1.2033]
2025-10-23 17:23:10.811292 Epoch [034/100], Step [0001/0001], [lateral-edge: 0.7144, lateral-2: 0.6247, lateral-3: 0.7240, lateral-4: 0.8508, lateral-5: 1.1910]
2025-10-23 17:23:12.533978 Epoch [035/100], Step [0001/0001], [lateral-edge: 0.7138, lateral-2: 0.6303, lateral-3: 0.7278, lateral-4: 0.8552, lateral-5: 1.2020]
2025-10-23 17:23:14.265723 Epoch [036/100], Step [0001/0001], [lateral-edge: 0.7132, lateral-2: 0.6176, lateral-3: 0.7181, lateral-4: 0.8470, lateral-5: 1.1693]
2025-10-23 17:23:16.029471 Epoch [037/100], Step [0001/0001], [lateral-edge: 0.7126, lateral-2: 0.6111, lateral-3: 0.7131, lateral-4: 0.8452, lateral-5: 1.1702]
2025-10-23 17:23:17.751057 Epoch [038/100], Step [0001/0001], [lateral-edge: 0.7120, lateral-2: 0.6024, lateral-3: 0.7054, lateral-4: 0.8380, lateral-5: 1.1545]
2025-10-23 17:23:19.479165 Epoch [039/100], Step [0001/0001], [lateral-edge: 0.7115, lateral-2: 0.5840, lateral-3: 0.6909, lateral-4: 0.8246, lateral-5: 1.1405]
[Saving Snapshot:] ./Snapshots/save_weights/Inf-Net_Morph/batch_64/run_3/Inf-Net-40.pth
2025-10-23 17:23:21.605481 Epoch [040/100], Step [0001/0001], [lateral-edge: 0.7109, lateral-2: 0.5729, lateral-3: 0.6814, lateral-4: 0.8174, lateral-5: 1.1224]
2025-10-23 17:23:23.342054 Epoch [041/100], Step [0001/0001], [lateral-edge: 0.7103, lateral-2: 0.5593, lateral-3: 0.6723, lateral-4: 0.8113, lateral-5: 1.1089]
2025-10-23 17:23:25.056326 Epoch [042/100], Step [0001/0001], [lateral-edge: 0.7098, lateral-2: 0.5553, lateral-3: 0.6685, lateral-4: 0.8091, lateral-5: 1.0900]
2025-10-23 17:23:26.766682 Epoch [043/100], Step [0001/0001], [lateral-edge: 0.7093, lateral-2: 0.5478, lateral-3: 0.6625, lateral-4: 0.8056, lateral-5: 1.0837]
2025-10-23 17:23:28.495503 Epoch [044/100], Step [0001/0001], [lateral-edge: 0.7088, lateral-2: 0.5406, lateral-3: 0.6580, lateral-4: 0.8020, lateral-5: 1.0685]
2025-10-23 17:23:30.236153 Epoch [045/100], Step [0001/0001], [lateral-edge: 0.7082, lateral-2: 0.5342, lateral-3: 0.6512, lateral-4: 0.7984, lateral-5: 1.0592]
2025-10-23 17:23:31.957114 Epoch [046/100], Step [0001/0001], [lateral-edge: 0.7077, lateral-2: 0.5286, lateral-3: 0.6485, lateral-4: 0.7958, lateral-5: 1.0415]
2025-10-23 17:23:33.693264 Epoch [047/100], Step [0001/0001], [lateral-edge: 0.7073, lateral-2: 0.5241, lateral-3: 0.6458, lateral-4: 0.7958, lateral-5: 1.0324]
2025-10-23 17:23:35.421381 Epoch [048/100], Step [0001/0001], [lateral-edge: 0.7068, lateral-2: 0.5325, lateral-3: 0.6524, lateral-4: 0.8027, lateral-5: 1.0236]
2025-10-23 17:23:37.136205 Epoch [049/100], Step [0001/0001], [lateral-edge: 0.7063, lateral-2: 0.5252, lateral-3: 0.6460, lateral-4: 0.7996, lateral-5: 1.0140]
[Saving Snapshot:] ./Snapshots/save_weights/Inf-Net_Morph/batch_64/run_3/Inf-Net-50.pth
2025-10-23 17:23:39.694972 Epoch [050/100], Step [0001/0001], [lateral-edge: 0.7060, lateral-2: 0.5228, lateral-3: 0.6451, lateral-4: 0.7963, lateral-5: 1.0052]
2025-10-23 17:23:41.428401 Epoch [051/100], Step [0001/0001], [lateral-edge: 0.7060, lateral-2: 0.5115, lateral-3: 0.6374, lateral-4: 0.7907, lateral-5: 1.0015]
2025-10-23 17:23:43.172228 Epoch [052/100], Step [0001/0001], [lateral-edge: 0.7060, lateral-2: 0.5103, lateral-3: 0.6365, lateral-4: 0.7901, lateral-5: 1.0013]
2025-10-23 17:23:44.919406 Epoch [053/100], Step [0001/0001], [lateral-edge: 0.7060, lateral-2: 0.5102, lateral-3: 0.6364, lateral-4: 0.7899, lateral-5: 1.0011]
2025-10-23 17:23:46.671838 Epoch [054/100], Step [0001/0001], [lateral-edge: 0.7060, lateral-2: 0.5101, lateral-3: 0.6364, lateral-4: 0.7900, lateral-5: 1.0011]
2025-10-23 17:23:48.392012 Epoch [055/100], Step [0001/0001], [lateral-edge: 0.7060, lateral-2: 0.5101, lateral-3: 0.6364, lateral-4: 0.7900, lateral-5: 1.0012]
2025-10-23 17:23:50.103246 Epoch [056/100], Step [0001/0001], [lateral-edge: 0.7060, lateral-2: 0.5101, lateral-3: 0.6364, lateral-4: 0.7899, lateral-5: 1.0012]
2025-10-23 17:23:51.847029 Epoch [057/100], Step [0001/0001], [lateral-edge: 0.7060, lateral-2: 0.5102, lateral-3: 0.6364, lateral-4: 0.7900, lateral-5: 1.0011]
2025-10-23 17:23:53.576941 Epoch [058/100], Step [0001/0001], [lateral-edge: 0.7060, lateral-2: 0.5101, lateral-3: 0.6364, lateral-4: 0.7899, lateral-5: 1.0011]
2025-10-23 17:23:55.328858 Epoch [059/100], Step [0001/0001], [lateral-edge: 0.7060, lateral-2: 0.5102, lateral-3: 0.6364, lateral-4: 0.7899, lateral-5: 1.0011]
[Saving Snapshot:] ./Snapshots/save_weights/Inf-Net_Morph/batch_64/run_3/Inf-Net-60.pth
2025-10-23 17:23:57.320325 Epoch [060/100], Step [0001/0001], [lateral-edge: 0.7060, lateral-2: 0.5102, lateral-3: 0.6364, lateral-4: 0.7900, lateral-5: 1.0011]
2025-10-23 17:23:59.034478 Epoch [061/100], Step [0001/0001], [lateral-edge: 0.7060, lateral-2: 0.5102, lateral-3: 0.6364, lateral-4: 0.7900, lateral-5: 1.0011]
2025-10-23 17:24:00.792021 Epoch [062/100], Step [0001/0001], [lateral-edge: 0.7060, lateral-2: 0.5102, lateral-3: 0.6364, lateral-4: 0.7900, lateral-5: 1.0011]
2025-10-23 17:24:02.515344 Epoch [063/100], Step [0001/0001], [lateral-edge: 0.7060, lateral-2: 0.5101, lateral-3: 0.6364, lateral-4: 0.7900, lateral-5: 1.0011]
2025-10-23 17:24:04.241623 Epoch [064/100], Step [0001/0001], [lateral-edge: 0.7060, lateral-2: 0.5101, lateral-3: 0.6364, lateral-4: 0.7899, lateral-5: 1.0012]
2025-10-23 17:24:05.966826 Epoch [065/100], Step [0001/0001], [lateral-edge: 0.7060, lateral-2: 0.5101, lateral-3: 0.6364, lateral-4: 0.7900, lateral-5: 1.0012]
2025-10-23 17:24:07.714593 Epoch [066/100], Step [0001/0001], [lateral-edge: 0.7060, lateral-2: 0.5102, lateral-3: 0.6364, lateral-4: 0.7900, lateral-5: 1.0011]
2025-10-23 17:24:09.442419 Epoch [067/100], Step [0001/0001], [lateral-edge: 0.7060, lateral-2: 0.5101, lateral-3: 0.6364, lateral-4: 0.7900, lateral-5: 1.0011]
2025-10-23 17:24:11.155750 Epoch [068/100], Step [0001/0001], [lateral-edge: 0.7060, lateral-2: 0.5101, lateral-3: 0.6364, lateral-4: 0.7900, lateral-5: 1.0012]
2025-10-23 17:24:12.887404 Epoch [069/100], Step [0001/0001], [lateral-edge: 0.7060, lateral-2: 0.5101, lateral-3: 0.6364, lateral-4: 0.7899, lateral-5: 1.0012]
[Saving Snapshot:] ./Snapshots/save_weights/Inf-Net_Morph/batch_64/run_3/Inf-Net-70.pth
2025-10-23 17:24:14.924121 Epoch [070/100], Step [0001/0001], [lateral-edge: 0.7060, lateral-2: 0.5102, lateral-3: 0.6364, lateral-4: 0.7900, lateral-5: 1.0012]
2025-10-23 17:24:16.654308 Epoch [071/100], Step [0001/0001], [lateral-edge: 0.7060, lateral-2: 0.5101, lateral-3: 0.6364, lateral-4: 0.7900, lateral-5: 1.0011]
2025-10-23 17:24:18.386526 Epoch [072/100], Step [0001/0001], [lateral-edge: 0.7060, lateral-2: 0.5101, lateral-3: 0.6363, lateral-4: 0.7900, lateral-5: 1.0012]
2025-10-23 17:24:20.105603 Epoch [073/100], Step [0001/0001], [lateral-edge: 0.7060, lateral-2: 0.5101, lateral-3: 0.6364, lateral-4: 0.7900, lateral-5: 1.0012]
2025-10-23 17:24:21.827772 Epoch [074/100], Step [0001/0001], [lateral-edge: 0.7060, lateral-2: 0.5101, lateral-3: 0.6364, lateral-4: 0.7900, lateral-5: 1.0011]
2025-10-23 17:24:23.553861 Epoch [075/100], Step [0001/0001], [lateral-edge: 0.7060, lateral-2: 0.5101, lateral-3: 0.6364, lateral-4: 0.7900, lateral-5: 1.0011]
2025-10-23 17:24:25.275866 Epoch [076/100], Step [0001/0001], [lateral-edge: 0.7060, lateral-2: 0.5101, lateral-3: 0.6364, lateral-4: 0.7900, lateral-5: 1.0011]
2025-10-23 17:24:27.005704 Epoch [077/100], Step [0001/0001], [lateral-edge: 0.7060, lateral-2: 0.5101, lateral-3: 0.6364, lateral-4: 0.7899, lateral-5: 1.0011]
2025-10-23 17:24:28.757012 Epoch [078/100], Step [0001/0001], [lateral-edge: 0.7060, lateral-2: 0.5102, lateral-3: 0.6364, lateral-4: 0.7899, lateral-5: 1.0011]
2025-10-23 17:24:30.463169 Epoch [079/100], Step [0001/0001], [lateral-edge: 0.7060, lateral-2: 0.5102, lateral-3: 0.6364, lateral-4: 0.7900, lateral-5: 1.0011]
[Saving Snapshot:] ./Snapshots/save_weights/Inf-Net_Morph/batch_64/run_3/Inf-Net-80.pth
2025-10-23 17:24:32.505419 Epoch [080/100], Step [0001/0001], [lateral-edge: 0.7060, lateral-2: 0.5101, lateral-3: 0.6364, lateral-4: 0.7900, lateral-5: 1.0010]
2025-10-23 17:24:34.235537 Epoch [081/100], Step [0001/0001], [lateral-edge: 0.7060, lateral-2: 0.5101, lateral-3: 0.6364, lateral-4: 0.7900, lateral-5: 1.0011]
2025-10-23 17:24:35.991970 Epoch [082/100], Step [0001/0001], [lateral-edge: 0.7060, lateral-2: 0.5102, lateral-3: 0.6364, lateral-4: 0.7900, lateral-5: 1.0011]
2025-10-23 17:24:37.723109 Epoch [083/100], Step [0001/0001], [lateral-edge: 0.7060, lateral-2: 0.5101, lateral-3: 0.6364, lateral-4: 0.7900, lateral-5: 1.0011]
2025-10-23 17:24:39.456403 Epoch [084/100], Step [0001/0001], [lateral-edge: 0.7060, lateral-2: 0.5102, lateral-3: 0.6364, lateral-4: 0.7900, lateral-5: 1.0011]
2025-10-23 17:24:41.195379 Epoch [085/100], Step [0001/0001], [lateral-edge: 0.7060, lateral-2: 0.5101, lateral-3: 0.6363, lateral-4: 0.7899, lateral-5: 1.0012]
2025-10-23 17:24:42.919096 Epoch [086/100], Step [0001/0001], [lateral-edge: 0.7060, lateral-2: 0.5101, lateral-3: 0.6363, lateral-4: 0.7900, lateral-5: 1.0012]
2025-10-23 17:24:44.650673 Epoch [087/100], Step [0001/0001], [lateral-edge: 0.7060, lateral-2: 0.5102, lateral-3: 0.6364, lateral-4: 0.7899, lateral-5: 1.0011]
2025-10-23 17:24:46.359501 Epoch [088/100], Step [0001/0001], [lateral-edge: 0.7060, lateral-2: 0.5102, lateral-3: 0.6364, lateral-4: 0.7900, lateral-5: 1.0012]
2025-10-23 17:24:48.086900 Epoch [089/100], Step [0001/0001], [lateral-edge: 0.7060, lateral-2: 0.5101, lateral-3: 0.6364, lateral-4: 0.7900, lateral-5: 1.0012]
[Saving Snapshot:] ./Snapshots/save_weights/Inf-Net_Morph/batch_64/run_3/Inf-Net-90.pth
2025-10-23 17:24:50.019987 Epoch [090/100], Step [0001/0001], [lateral-edge: 0.7060, lateral-2: 0.5101, lateral-3: 0.6364, lateral-4: 0.7900, lateral-5: 1.0012]
2025-10-23 17:24:51.750298 Epoch [091/100], Step [0001/0001], [lateral-edge: 0.7060, lateral-2: 0.5102, lateral-3: 0.6364, lateral-4: 0.7900, lateral-5: 1.0011]
2025-10-23 17:24:53.468703 Epoch [092/100], Step [0001/0001], [lateral-edge: 0.7060, lateral-2: 0.5101, lateral-3: 0.6363, lateral-4: 0.7899, lateral-5: 1.0012]
2025-10-23 17:24:55.222732 Epoch [093/100], Step [0001/0001], [lateral-edge: 0.7060, lateral-2: 0.5101, lateral-3: 0.6364, lateral-4: 0.7900, lateral-5: 1.0011]
2025-10-23 17:24:56.932037 Epoch [094/100], Step [0001/0001], [lateral-edge: 0.7060, lateral-2: 0.5102, lateral-3: 0.6364, lateral-4: 0.7900, lateral-5: 1.0011]
2025-10-23 17:24:58.687418 Epoch [095/100], Step [0001/0001], [lateral-edge: 0.7060, lateral-2: 0.5101, lateral-3: 0.6364, lateral-4: 0.7900, lateral-5: 1.0011]
2025-10-23 17:25:00.423610 Epoch [096/100], Step [0001/0001], [lateral-edge: 0.7060, lateral-2: 0.5102, lateral-3: 0.6364, lateral-4: 0.7899, lateral-5: 1.0011]
2025-10-23 17:25:02.160974 Epoch [097/100], Step [0001/0001], [lateral-edge: 0.7060, lateral-2: 0.5101, lateral-3: 0.6364, lateral-4: 0.7900, lateral-5: 1.0011]
2025-10-23 17:25:03.895440 Epoch [098/100], Step [0001/0001], [lateral-edge: 0.7060, lateral-2: 0.5101, lateral-3: 0.6364, lateral-4: 0.7900, lateral-5: 1.0012]
2025-10-23 17:25:05.623652 Epoch [099/100], Step [0001/0001], [lateral-edge: 0.7060, lateral-2: 0.5101, lateral-3: 0.6363, lateral-4: 0.7899, lateral-5: 1.0012]
[Saving Snapshot:] ./Snapshots/save_weights/Inf-Net_Morph/batch_64/run_3/Inf-Net-100.pth
2025-10-23 17:25:07.585807 Epoch [100/100], Step [0001/0001], [lateral-edge: 0.7060, lateral-2: 0.5101, lateral-3: 0.6364, lateral-4: 0.7900, lateral-5: 1.0011]
Training completed at Thu Oct 23 17:25:08 CEST 2025
