Backbone loading: Res2Net50
Not loading weights from weights file
################################################## 
Start Training (Inf-Net-Res2Net50)
Backbone: Res2Net50
Batch Size: 128
Morphology: erosion
Save Path: ./Snapshots/save_weights/Inf-Net_Morph/batch_128/run_2
Run: 2
Namespace(epoch=100, lr=0.0001, batchsize=128, trainsize=352, clip=0.5, decay_rate=0.1, decay_epoch=50, is_thop=False, gpu_device=0, num_workers=8, net_channel=32, n_classes=1, backbone='Res2Net50', train_path='./Dataset/TrainingSet/LungInfection-Train/Doctor-label', is_semi=False, is_pseudo=False, train_save=None, run=2, enable_morphology=True, morph_operation='erosion', morph_kernel_size=3, device='cuda')
 ##################################################
2025-10-23 17:25:15.972860 Epoch [001/100], Step [0001/0001], [lateral-edge: 0.7608, lateral-2: 1.5810, lateral-3: 1.5733, lateral-4: 1.6280, lateral-5: 1.5359]
2025-10-23 17:25:17.644009 Epoch [002/100], Step [0001/0001], [lateral-edge: 0.7558, lateral-2: 1.4178, lateral-3: 1.4471, lateral-4: 1.5089, lateral-5: 1.5128]
2025-10-23 17:25:19.361106 Epoch [003/100], Step [0001/0001], [lateral-edge: 0.7534, lateral-2: 1.3554, lateral-3: 1.3987, lateral-4: 1.4939, lateral-5: 1.5079]
2025-10-23 17:25:21.065543 Epoch [004/100], Step [0001/0001], [lateral-edge: 0.7513, lateral-2: 1.3417, lateral-3: 1.3740, lateral-4: 1.4568, lateral-5: 1.5076]
2025-10-23 17:25:22.774923 Epoch [005/100], Step [0001/0001], [lateral-edge: 0.7485, lateral-2: 1.3093, lateral-3: 1.3538, lateral-4: 1.4404, lateral-5: 1.5012]
2025-10-23 17:25:24.458876 Epoch [006/100], Step [0001/0001], [lateral-edge: 0.7457, lateral-2: 1.2822, lateral-3: 1.3342, lateral-4: 1.4269, lateral-5: 1.4879]
2025-10-23 17:25:26.157878 Epoch [007/100], Step [0001/0001], [lateral-edge: 0.7431, lateral-2: 1.2552, lateral-3: 1.3105, lateral-4: 1.3980, lateral-5: 1.4624]
2025-10-23 17:25:27.870968 Epoch [008/100], Step [0001/0001], [lateral-edge: 0.7414, lateral-2: 1.2178, lateral-3: 1.2841, lateral-4: 1.3762, lateral-5: 1.4018]
2025-10-23 17:25:29.604418 Epoch [009/100], Step [0001/0001], [lateral-edge: 0.7399, lateral-2: 1.1703, lateral-3: 1.2328, lateral-4: 1.3241, lateral-5: 1.3665]
[Saving Snapshot:] ./Snapshots/save_weights/Inf-Net_Morph/batch_128/run_2/Inf-Net-10.pth
2025-10-23 17:25:31.627305 Epoch [010/100], Step [0001/0001], [lateral-edge: 0.7380, lateral-2: 1.1053, lateral-3: 1.1670, lateral-4: 1.2567, lateral-5: 1.3550]
2025-10-23 17:25:33.357601 Epoch [011/100], Step [0001/0001], [lateral-edge: 0.7362, lateral-2: 1.0314, lateral-3: 1.0949, lateral-4: 1.1940, lateral-5: 1.3676]
2025-10-23 17:25:35.071089 Epoch [012/100], Step [0001/0001], [lateral-edge: 0.7347, lateral-2: 0.9729, lateral-3: 1.0401, lateral-4: 1.1476, lateral-5: 1.4101]
2025-10-23 17:25:36.810359 Epoch [013/100], Step [0001/0001], [lateral-edge: 0.7334, lateral-2: 0.9044, lateral-3: 0.9708, lateral-4: 1.0703, lateral-5: 1.4402]
2025-10-23 17:25:38.539411 Epoch [014/100], Step [0001/0001], [lateral-edge: 0.7321, lateral-2: 0.8764, lateral-3: 0.9453, lateral-4: 1.0446, lateral-5: 1.4305]
2025-10-23 17:25:40.252695 Epoch [015/100], Step [0001/0001], [lateral-edge: 0.7309, lateral-2: 0.8465, lateral-3: 0.9195, lateral-4: 1.0243, lateral-5: 1.4438]
2025-10-23 17:25:41.964203 Epoch [016/100], Step [0001/0001], [lateral-edge: 0.7297, lateral-2: 0.8077, lateral-3: 0.8834, lateral-4: 0.9901, lateral-5: 1.4169]
2025-10-23 17:25:43.664750 Epoch [017/100], Step [0001/0001], [lateral-edge: 0.7286, lateral-2: 0.7907, lateral-3: 0.8678, lateral-4: 0.9774, lateral-5: 1.4141]
2025-10-23 17:25:45.374260 Epoch [018/100], Step [0001/0001], [lateral-edge: 0.7274, lateral-2: 0.7750, lateral-3: 0.8538, lateral-4: 0.9621, lateral-5: 1.3968]
2025-10-23 17:25:47.079275 Epoch [019/100], Step [0001/0001], [lateral-edge: 0.7264, lateral-2: 0.7486, lateral-3: 0.8305, lateral-4: 0.9433, lateral-5: 1.3787]
[Saving Snapshot:] ./Snapshots/save_weights/Inf-Net_Morph/batch_128/run_2/Inf-Net-20.pth
2025-10-23 17:25:49.049131 Epoch [020/100], Step [0001/0001], [lateral-edge: 0.7254, lateral-2: 0.7334, lateral-3: 0.8164, lateral-4: 0.9263, lateral-5: 1.3540]
2025-10-23 17:25:50.757379 Epoch [021/100], Step [0001/0001], [lateral-edge: 0.7243, lateral-2: 0.7176, lateral-3: 0.8031, lateral-4: 0.9158, lateral-5: 1.3358]
2025-10-23 17:25:52.485846 Epoch [022/100], Step [0001/0001], [lateral-edge: 0.7233, lateral-2: 0.7037, lateral-3: 0.7882, lateral-4: 0.8998, lateral-5: 1.3079]
2025-10-23 17:25:54.190343 Epoch [023/100], Step [0001/0001], [lateral-edge: 0.7224, lateral-2: 0.6818, lateral-3: 0.7714, lateral-4: 0.8872, lateral-5: 1.2836]
2025-10-23 17:25:55.892241 Epoch [024/100], Step [0001/0001], [lateral-edge: 0.7214, lateral-2: 0.6711, lateral-3: 0.7617, lateral-4: 0.8782, lateral-5: 1.2711]
2025-10-23 17:25:57.586345 Epoch [025/100], Step [0001/0001], [lateral-edge: 0.7206, lateral-2: 0.6596, lateral-3: 0.7513, lateral-4: 0.8672, lateral-5: 1.2529]
2025-10-23 17:25:59.320417 Epoch [026/100], Step [0001/0001], [lateral-edge: 0.7197, lateral-2: 0.6471, lateral-3: 0.7424, lateral-4: 0.8623, lateral-5: 1.2254]
2025-10-23 17:26:01.039055 Epoch [027/100], Step [0001/0001], [lateral-edge: 0.7188, lateral-2: 0.6387, lateral-3: 0.7334, lateral-4: 0.8556, lateral-5: 1.2124]
2025-10-23 17:26:02.774819 Epoch [028/100], Step [0001/0001], [lateral-edge: 0.7179, lateral-2: 0.6283, lateral-3: 0.7242, lateral-4: 0.8452, lateral-5: 1.1937]
2025-10-23 17:26:04.478139 Epoch [029/100], Step [0001/0001], [lateral-edge: 0.7171, lateral-2: 0.6228, lateral-3: 0.7194, lateral-4: 0.8406, lateral-5: 1.1715]
[Saving Snapshot:] ./Snapshots/save_weights/Inf-Net_Morph/batch_128/run_2/Inf-Net-30.pth
2025-10-23 17:26:06.411282 Epoch [030/100], Step [0001/0001], [lateral-edge: 0.7163, lateral-2: 0.6199, lateral-3: 0.7208, lateral-4: 0.8444, lateral-5: 1.1568]
2025-10-23 17:26:08.133356 Epoch [031/100], Step [0001/0001], [lateral-edge: 0.7155, lateral-2: 0.6111, lateral-3: 0.7098, lateral-4: 0.8349, lateral-5: 1.1433]
2025-10-23 17:26:09.852805 Epoch [032/100], Step [0001/0001], [lateral-edge: 0.7148, lateral-2: 0.5999, lateral-3: 0.7025, lateral-4: 0.8279, lateral-5: 1.1184]
2025-10-23 17:26:11.563106 Epoch [033/100], Step [0001/0001], [lateral-edge: 0.7140, lateral-2: 0.5985, lateral-3: 0.6998, lateral-4: 0.8248, lateral-5: 1.1057]
2025-10-23 17:26:13.263337 Epoch [034/100], Step [0001/0001], [lateral-edge: 0.7133, lateral-2: 0.5929, lateral-3: 0.6947, lateral-4: 0.8240, lateral-5: 1.0936]
2025-10-23 17:26:14.959894 Epoch [035/100], Step [0001/0001], [lateral-edge: 0.7126, lateral-2: 0.5887, lateral-3: 0.6921, lateral-4: 0.8201, lateral-5: 1.0784]
2025-10-23 17:26:16.690615 Epoch [036/100], Step [0001/0001], [lateral-edge: 0.7120, lateral-2: 0.5836, lateral-3: 0.6891, lateral-4: 0.8210, lateral-5: 1.0700]
2025-10-23 17:26:18.413422 Epoch [037/100], Step [0001/0001], [lateral-edge: 0.7113, lateral-2: 0.5806, lateral-3: 0.6864, lateral-4: 0.8203, lateral-5: 1.0594]
2025-10-23 17:26:20.130051 Epoch [038/100], Step [0001/0001], [lateral-edge: 0.7107, lateral-2: 0.5753, lateral-3: 0.6861, lateral-4: 0.8196, lateral-5: 1.0422]
2025-10-23 17:26:21.883449 Epoch [039/100], Step [0001/0001], [lateral-edge: 0.7101, lateral-2: 0.5711, lateral-3: 0.6781, lateral-4: 0.8133, lateral-5: 1.0449]
[Saving Snapshot:] ./Snapshots/save_weights/Inf-Net_Morph/batch_128/run_2/Inf-Net-40.pth
2025-10-23 17:26:23.825656 Epoch [040/100], Step [0001/0001], [lateral-edge: 0.7095, lateral-2: 0.5628, lateral-3: 0.6763, lateral-4: 0.8109, lateral-5: 1.0247]
2025-10-23 17:26:25.557309 Epoch [041/100], Step [0001/0001], [lateral-edge: 0.7090, lateral-2: 0.5629, lateral-3: 0.6714, lateral-4: 0.8086, lateral-5: 1.0232]
2025-10-23 17:26:27.258605 Epoch [042/100], Step [0001/0001], [lateral-edge: 0.7085, lateral-2: 0.5600, lateral-3: 0.6747, lateral-4: 0.8113, lateral-5: 1.0065]
2025-10-23 17:26:28.976409 Epoch [043/100], Step [0001/0001], [lateral-edge: 0.7080, lateral-2: 0.5474, lateral-3: 0.6602, lateral-4: 0.8009, lateral-5: 1.0016]
2025-10-23 17:26:30.710025 Epoch [044/100], Step [0001/0001], [lateral-edge: 0.7075, lateral-2: 0.5405, lateral-3: 0.6575, lateral-4: 0.7970, lateral-5: 0.9788]
2025-10-23 17:26:32.480831 Epoch [045/100], Step [0001/0001], [lateral-edge: 0.7070, lateral-2: 0.5309, lateral-3: 0.6484, lateral-4: 0.7933, lateral-5: 0.9747]
2025-10-23 17:26:34.204663 Epoch [046/100], Step [0001/0001], [lateral-edge: 0.7066, lateral-2: 0.5320, lateral-3: 0.6508, lateral-4: 0.7936, lateral-5: 0.9549]
2025-10-23 17:26:35.915709 Epoch [047/100], Step [0001/0001], [lateral-edge: 0.7061, lateral-2: 0.5298, lateral-3: 0.6488, lateral-4: 0.7944, lateral-5: 0.9628]
2025-10-23 17:26:37.631470 Epoch [048/100], Step [0001/0001], [lateral-edge: 0.7057, lateral-2: 0.5258, lateral-3: 0.6460, lateral-4: 0.7907, lateral-5: 0.9432]
2025-10-23 17:26:39.332684 Epoch [049/100], Step [0001/0001], [lateral-edge: 0.7053, lateral-2: 0.5226, lateral-3: 0.6418, lateral-4: 0.7920, lateral-5: 0.9356]
[Saving Snapshot:] ./Snapshots/save_weights/Inf-Net_Morph/batch_128/run_2/Inf-Net-50.pth
2025-10-23 17:26:41.267623 Epoch [050/100], Step [0001/0001], [lateral-edge: 0.7050, lateral-2: 0.5196, lateral-3: 0.6428, lateral-4: 0.7893, lateral-5: 0.9235]
2025-10-23 17:26:42.977411 Epoch [051/100], Step [0001/0001], [lateral-edge: 0.7050, lateral-2: 0.5126, lateral-3: 0.6367, lateral-4: 0.7841, lateral-5: 0.9178]
2025-10-23 17:26:44.707502 Epoch [052/100], Step [0001/0001], [lateral-edge: 0.7050, lateral-2: 0.5114, lateral-3: 0.6356, lateral-4: 0.7832, lateral-5: 0.9171]
2025-10-23 17:26:46.422537 Epoch [053/100], Step [0001/0001], [lateral-edge: 0.7050, lateral-2: 0.5111, lateral-3: 0.6355, lateral-4: 0.7831, lateral-5: 0.9168]
2025-10-23 17:26:48.129979 Epoch [054/100], Step [0001/0001], [lateral-edge: 0.7050, lateral-2: 0.5112, lateral-3: 0.6355, lateral-4: 0.7831, lateral-5: 0.9169]
2025-10-23 17:26:49.860718 Epoch [055/100], Step [0001/0001], [lateral-edge: 0.7050, lateral-2: 0.5112, lateral-3: 0.6356, lateral-4: 0.7831, lateral-5: 0.9169]
2025-10-23 17:26:51.594675 Epoch [056/100], Step [0001/0001], [lateral-edge: 0.7050, lateral-2: 0.5111, lateral-3: 0.6355, lateral-4: 0.7831, lateral-5: 0.9169]
2025-10-23 17:26:53.330004 Epoch [057/100], Step [0001/0001], [lateral-edge: 0.7050, lateral-2: 0.5112, lateral-3: 0.6355, lateral-4: 0.7831, lateral-5: 0.9170]
2025-10-23 17:26:55.033869 Epoch [058/100], Step [0001/0001], [lateral-edge: 0.7050, lateral-2: 0.5112, lateral-3: 0.6355, lateral-4: 0.7831, lateral-5: 0.9170]
2025-10-23 17:26:56.739755 Epoch [059/100], Step [0001/0001], [lateral-edge: 0.7050, lateral-2: 0.5112, lateral-3: 0.6355, lateral-4: 0.7831, lateral-5: 0.9169]
[Saving Snapshot:] ./Snapshots/save_weights/Inf-Net_Morph/batch_128/run_2/Inf-Net-60.pth
2025-10-23 17:26:58.718523 Epoch [060/100], Step [0001/0001], [lateral-edge: 0.7050, lateral-2: 0.5112, lateral-3: 0.6356, lateral-4: 0.7831, lateral-5: 0.9169]
2025-10-23 17:27:00.434442 Epoch [061/100], Step [0001/0001], [lateral-edge: 0.7050, lateral-2: 0.5111, lateral-3: 0.6355, lateral-4: 0.7831, lateral-5: 0.9169]
2025-10-23 17:27:02.189199 Epoch [062/100], Step [0001/0001], [lateral-edge: 0.7050, lateral-2: 0.5111, lateral-3: 0.6355, lateral-4: 0.7831, lateral-5: 0.9170]
2025-10-23 17:27:03.910210 Epoch [063/100], Step [0001/0001], [lateral-edge: 0.7050, lateral-2: 0.5112, lateral-3: 0.6356, lateral-4: 0.7831, lateral-5: 0.9169]
2025-10-23 17:27:05.660615 Epoch [064/100], Step [0001/0001], [lateral-edge: 0.7050, lateral-2: 0.5112, lateral-3: 0.6356, lateral-4: 0.7831, lateral-5: 0.9170]
2025-10-23 17:27:07.383128 Epoch [065/100], Step [0001/0001], [lateral-edge: 0.7050, lateral-2: 0.5111, lateral-3: 0.6355, lateral-4: 0.7831, lateral-5: 0.9170]
2025-10-23 17:27:09.121651 Epoch [066/100], Step [0001/0001], [lateral-edge: 0.7050, lateral-2: 0.5111, lateral-3: 0.6355, lateral-4: 0.7831, lateral-5: 0.9170]
2025-10-23 17:27:10.835083 Epoch [067/100], Step [0001/0001], [lateral-edge: 0.7050, lateral-2: 0.5112, lateral-3: 0.6355, lateral-4: 0.7831, lateral-5: 0.9169]
2025-10-23 17:27:12.572486 Epoch [068/100], Step [0001/0001], [lateral-edge: 0.7050, lateral-2: 0.5112, lateral-3: 0.6355, lateral-4: 0.7831, lateral-5: 0.9170]
2025-10-23 17:27:14.311947 Epoch [069/100], Step [0001/0001], [lateral-edge: 0.7050, lateral-2: 0.5112, lateral-3: 0.6356, lateral-4: 0.7832, lateral-5: 0.9170]
[Saving Snapshot:] ./Snapshots/save_weights/Inf-Net_Morph/batch_128/run_2/Inf-Net-70.pth
2025-10-23 17:27:16.324998 Epoch [070/100], Step [0001/0001], [lateral-edge: 0.7050, lateral-2: 0.5111, lateral-3: 0.6355, lateral-4: 0.7831, lateral-5: 0.9169]
2025-10-23 17:27:18.039584 Epoch [071/100], Step [0001/0001], [lateral-edge: 0.7050, lateral-2: 0.5112, lateral-3: 0.6355, lateral-4: 0.7831, lateral-5: 0.9169]
2025-10-23 17:27:19.752222 Epoch [072/100], Step [0001/0001], [lateral-edge: 0.7050, lateral-2: 0.5111, lateral-3: 0.6355, lateral-4: 0.7830, lateral-5: 0.9170]
2025-10-23 17:27:21.502783 Epoch [073/100], Step [0001/0001], [lateral-edge: 0.7050, lateral-2: 0.5112, lateral-3: 0.6355, lateral-4: 0.7831, lateral-5: 0.9169]
2025-10-23 17:27:23.223603 Epoch [074/100], Step [0001/0001], [lateral-edge: 0.7050, lateral-2: 0.5112, lateral-3: 0.6356, lateral-4: 0.7831, lateral-5: 0.9171]
2025-10-23 17:27:24.933235 Epoch [075/100], Step [0001/0001], [lateral-edge: 0.7050, lateral-2: 0.5112, lateral-3: 0.6355, lateral-4: 0.7831, lateral-5: 0.9169]
2025-10-23 17:27:26.637963 Epoch [076/100], Step [0001/0001], [lateral-edge: 0.7050, lateral-2: 0.5112, lateral-3: 0.6355, lateral-4: 0.7831, lateral-5: 0.9170]
2025-10-23 17:27:28.353238 Epoch [077/100], Step [0001/0001], [lateral-edge: 0.7050, lateral-2: 0.5112, lateral-3: 0.6355, lateral-4: 0.7831, lateral-5: 0.9170]
2025-10-23 17:27:30.059728 Epoch [078/100], Step [0001/0001], [lateral-edge: 0.7050, lateral-2: 0.5112, lateral-3: 0.6355, lateral-4: 0.7831, lateral-5: 0.9169]
2025-10-23 17:27:31.802012 Epoch [079/100], Step [0001/0001], [lateral-edge: 0.7050, lateral-2: 0.5112, lateral-3: 0.6356, lateral-4: 0.7831, lateral-5: 0.9169]
[Saving Snapshot:] ./Snapshots/save_weights/Inf-Net_Morph/batch_128/run_2/Inf-Net-80.pth
2025-10-23 17:27:33.677074 Epoch [080/100], Step [0001/0001], [lateral-edge: 0.7050, lateral-2: 0.5112, lateral-3: 0.6355, lateral-4: 0.7831, lateral-5: 0.9170]
2025-10-23 17:27:35.408135 Epoch [081/100], Step [0001/0001], [lateral-edge: 0.7050, lateral-2: 0.5111, lateral-3: 0.6355, lateral-4: 0.7831, lateral-5: 0.9170]
2025-10-23 17:27:37.150428 Epoch [082/100], Step [0001/0001], [lateral-edge: 0.7050, lateral-2: 0.5112, lateral-3: 0.6355, lateral-4: 0.7831, lateral-5: 0.9170]
2025-10-23 17:27:38.873936 Epoch [083/100], Step [0001/0001], [lateral-edge: 0.7050, lateral-2: 0.5112, lateral-3: 0.6355, lateral-4: 0.7831, lateral-5: 0.9170]
2025-10-23 17:27:40.633428 Epoch [084/100], Step [0001/0001], [lateral-edge: 0.7050, lateral-2: 0.5112, lateral-3: 0.6355, lateral-4: 0.7831, lateral-5: 0.9170]
2025-10-23 17:27:42.337166 Epoch [085/100], Step [0001/0001], [lateral-edge: 0.7050, lateral-2: 0.5112, lateral-3: 0.6355, lateral-4: 0.7831, lateral-5: 0.9169]
2025-10-23 17:27:44.046389 Epoch [086/100], Step [0001/0001], [lateral-edge: 0.7050, lateral-2: 0.5112, lateral-3: 0.6355, lateral-4: 0.7831, lateral-5: 0.9169]
2025-10-23 17:27:45.806894 Epoch [087/100], Step [0001/0001], [lateral-edge: 0.7050, lateral-2: 0.5112, lateral-3: 0.6356, lateral-4: 0.7832, lateral-5: 0.9170]
2025-10-23 17:27:47.582762 Epoch [088/100], Step [0001/0001], [lateral-edge: 0.7050, lateral-2: 0.5112, lateral-3: 0.6355, lateral-4: 0.7831, lateral-5: 0.9169]
2025-10-23 17:27:49.318332 Epoch [089/100], Step [0001/0001], [lateral-edge: 0.7050, lateral-2: 0.5112, lateral-3: 0.6355, lateral-4: 0.7831, lateral-5: 0.9169]
[Saving Snapshot:] ./Snapshots/save_weights/Inf-Net_Morph/batch_128/run_2/Inf-Net-90.pth
2025-10-23 17:27:51.202138 Epoch [090/100], Step [0001/0001], [lateral-edge: 0.7050, lateral-2: 0.5112, lateral-3: 0.6355, lateral-4: 0.7831, lateral-5: 0.9169]
2025-10-23 17:27:52.935327 Epoch [091/100], Step [0001/0001], [lateral-edge: 0.7050, lateral-2: 0.5112, lateral-3: 0.6356, lateral-4: 0.7831, lateral-5: 0.9170]
2025-10-23 17:27:54.692354 Epoch [092/100], Step [0001/0001], [lateral-edge: 0.7050, lateral-2: 0.5112, lateral-3: 0.6355, lateral-4: 0.7831, lateral-5: 0.9169]
2025-10-23 17:27:56.432562 Epoch [093/100], Step [0001/0001], [lateral-edge: 0.7050, lateral-2: 0.5112, lateral-3: 0.6355, lateral-4: 0.7831, lateral-5: 0.9169]
2025-10-23 17:27:58.200727 Epoch [094/100], Step [0001/0001], [lateral-edge: 0.7050, lateral-2: 0.5112, lateral-3: 0.6355, lateral-4: 0.7831, lateral-5: 0.9170]
2025-10-23 17:27:59.931907 Epoch [095/100], Step [0001/0001], [lateral-edge: 0.7050, lateral-2: 0.5112, lateral-3: 0.6355, lateral-4: 0.7831, lateral-5: 0.9170]
2025-10-23 17:28:01.662192 Epoch [096/100], Step [0001/0001], [lateral-edge: 0.7050, lateral-2: 0.5111, lateral-3: 0.6355, lateral-4: 0.7831, lateral-5: 0.9170]
2025-10-23 17:28:03.400288 Epoch [097/100], Step [0001/0001], [lateral-edge: 0.7050, lateral-2: 0.5112, lateral-3: 0.6355, lateral-4: 0.7831, lateral-5: 0.9170]
2025-10-23 17:28:05.135879 Epoch [098/100], Step [0001/0001], [lateral-edge: 0.7050, lateral-2: 0.5112, lateral-3: 0.6355, lateral-4: 0.7831, lateral-5: 0.9170]
2025-10-23 17:28:06.875291 Epoch [099/100], Step [0001/0001], [lateral-edge: 0.7050, lateral-2: 0.5111, lateral-3: 0.6355, lateral-4: 0.7831, lateral-5: 0.9169]
[Saving Snapshot:] ./Snapshots/save_weights/Inf-Net_Morph/batch_128/run_2/Inf-Net-100.pth
2025-10-23 17:28:09.893128 Epoch [100/100], Step [0001/0001], [lateral-edge: 0.7050, lateral-2: 0.5112, lateral-3: 0.6355, lateral-4: 0.7831, lateral-5: 0.9169]
Training completed at Thu Oct 23 17:28:11 CEST 2025
