Backbone loading: Res2Net50
Freezing unused branches for DP compatibility...
Trainable: 31,072,721 / 33,121,721 parameters
Not loading weights from weights file
Validator raised issues with model. Attempting auto-fix...
Original error: UnsupportedModuleError
Model successfully fixed for differential privacy
###################################################################### 
Start Training (Inf-Net-Res2Net50)
Backbone: Res2Net50
Batch Size: 128
Privacy: DP Enabled (ε budget, δ=1e-05)
Morphology: erosion
Save Path: ./Snapshots/save_weights/Inf-Net_DP_Morph/erosion/batch_128/run_3/noise_multiplier_1.5
Run: 3
Namespace(epoch=100, lr=0.0001, batchsize=128, trainsize=352, clip=0.5, decay_rate=0.1, decay_epoch=50, is_thop=False, gpu_device=0, num_workers=8, net_channel=32, n_classes=1, backbone='Res2Net50', train_path='./Dataset/TrainingSet/LungInfection-Train/Doctor-label', is_semi=False, is_pseudo=False, train_save=None, run=3, enable_privacy=True, noise_multiplier=1.5, max_grad_norm=1.0, delta=1e-05, enable_morphology=True, morph_operation='erosion', morph_kernel_size=3, morph_privacy_budget=1.0, device='cuda')
 ######################################################################
2025-10-24 14:08:11.032494 Epoch [001/100], Step [0001/0001], [lateral-edge: 0.7731, lateral-2: 1.6461, lateral-3: 1.5994, lateral-4: 1.6032, lateral-5: 1.5400, epsilon: 5.1851]
2025-10-24 14:08:14.065837 Epoch [002/100], Step [0001/0001], [lateral-edge: 0.7717, lateral-2: 1.6240, lateral-3: 1.5792, lateral-4: 1.5842, lateral-5: 1.5356, epsilon: 7.8193]
2025-10-24 14:08:17.105368 Epoch [003/100], Step [0001/0001], [lateral-edge: 0.7704, lateral-2: 1.6057, lateral-3: 1.5632, lateral-4: 1.5686, lateral-5: 1.5319, epsilon: 10.0077]
2025-10-24 14:08:20.331186 Epoch [004/100], Step [0001/0001], [lateral-edge: 0.7692, lateral-2: 1.5907, lateral-3: 1.5506, lateral-4: 1.5560, lateral-5: 1.5285, epsilon: 11.9630]
2025-10-24 14:08:23.407533 Epoch [005/100], Step [0001/0001], [lateral-edge: 0.7682, lateral-2: 1.5785, lateral-3: 1.5410, lateral-4: 1.5465, lateral-5: 1.5257, epsilon: 13.7684]
2025-10-24 14:08:26.448426 Epoch [006/100], Step [0001/0001], [lateral-edge: 0.7674, lateral-2: 1.5680, lateral-3: 1.5329, lateral-4: 1.5387, lateral-5: 1.5228, epsilon: 15.4668]
2025-10-24 14:08:29.531122 Epoch [007/100], Step [0001/0001], [lateral-edge: 0.7668, lateral-2: 1.5585, lateral-3: 1.5255, lateral-4: 1.5321, lateral-5: 1.5199, epsilon: 17.0838]
2025-10-24 14:08:32.660772 Epoch [008/100], Step [0001/0001], [lateral-edge: 0.7662, lateral-2: 1.5494, lateral-3: 1.5187, lateral-4: 1.5264, lateral-5: 1.5173, epsilon: 18.6363]
2025-10-24 14:08:35.867082 Epoch [009/100], Step [0001/0001], [lateral-edge: 0.7658, lateral-2: 1.5405, lateral-3: 1.5122, lateral-4: 1.5209, lateral-5: 1.5148, epsilon: 20.1358]
[Saving Snapshot:] ./Snapshots/save_weights/Inf-Net_DP_Morph/erosion/batch_128/run_3/noise_multiplier_1.5/Inf-Net-10.pth
2025-10-24 14:08:39.094493 Epoch [010/100], Step [0001/0001], [lateral-edge: 0.7654, lateral-2: 1.5319, lateral-3: 1.5060, lateral-4: 1.5157, lateral-5: 1.5123, epsilon: 21.5910]
2025-10-24 14:08:42.217896 Epoch [011/100], Step [0001/0001], [lateral-edge: 0.7651, lateral-2: 1.5237, lateral-3: 1.5002, lateral-4: 1.5110, lateral-5: 1.5097, epsilon: 23.0082]
2025-10-24 14:08:45.304216 Epoch [012/100], Step [0001/0001], [lateral-edge: 0.7648, lateral-2: 1.5162, lateral-3: 1.4947, lateral-4: 1.5067, lateral-5: 1.5073, epsilon: 24.3925]
2025-10-24 14:08:48.597096 Epoch [013/100], Step [0001/0001], [lateral-edge: 0.7645, lateral-2: 1.5093, lateral-3: 1.4895, lateral-4: 1.5030, lateral-5: 1.5048, epsilon: 25.7479]
2025-10-24 14:08:51.715336 Epoch [014/100], Step [0001/0001], [lateral-edge: 0.7642, lateral-2: 1.5025, lateral-3: 1.4844, lateral-4: 1.4992, lateral-5: 1.5025, epsilon: 27.0777]
2025-10-24 14:08:54.833323 Epoch [015/100], Step [0001/0001], [lateral-edge: 0.7640, lateral-2: 1.4953, lateral-3: 1.4793, lateral-4: 1.4953, lateral-5: 1.5002, epsilon: 28.3845]
2025-10-24 14:08:57.921684 Epoch [016/100], Step [0001/0001], [lateral-edge: 0.7637, lateral-2: 1.4884, lateral-3: 1.4742, lateral-4: 1.4913, lateral-5: 1.4978, epsilon: 29.6705]
2025-10-24 14:09:01.035319 Epoch [017/100], Step [0001/0001], [lateral-edge: 0.7635, lateral-2: 1.4815, lateral-3: 1.4693, lateral-4: 1.4874, lateral-5: 1.4955, epsilon: 30.9378]
2025-10-24 14:09:04.302656 Epoch [018/100], Step [0001/0001], [lateral-edge: 0.7634, lateral-2: 1.4747, lateral-3: 1.4646, lateral-4: 1.4834, lateral-5: 1.4931, epsilon: 32.1878]
2025-10-24 14:09:07.481479 Epoch [019/100], Step [0001/0001], [lateral-edge: 0.7632, lateral-2: 1.4683, lateral-3: 1.4599, lateral-4: 1.4798, lateral-5: 1.4907, epsilon: 33.4220]
[Saving Snapshot:] ./Snapshots/save_weights/Inf-Net_DP_Morph/erosion/batch_128/run_3/noise_multiplier_1.5/Inf-Net-20.pth
2025-10-24 14:09:10.768739 Epoch [020/100], Step [0001/0001], [lateral-edge: 0.7631, lateral-2: 1.4624, lateral-3: 1.4551, lateral-4: 1.4758, lateral-5: 1.4884, epsilon: 34.6416]
2025-10-24 14:09:13.927875 Epoch [021/100], Step [0001/0001], [lateral-edge: 0.7629, lateral-2: 1.4567, lateral-3: 1.4505, lateral-4: 1.4717, lateral-5: 1.4861, epsilon: 35.8478]
2025-10-24 14:09:17.218409 Epoch [022/100], Step [0001/0001], [lateral-edge: 0.7628, lateral-2: 1.4510, lateral-3: 1.4460, lateral-4: 1.4679, lateral-5: 1.4839, epsilon: 37.0413]
2025-10-24 14:09:20.444523 Epoch [023/100], Step [0001/0001], [lateral-edge: 0.7627, lateral-2: 1.4451, lateral-3: 1.4416, lateral-4: 1.4643, lateral-5: 1.4818, epsilon: 38.2232]
2025-10-24 14:09:23.624487 Epoch [024/100], Step [0001/0001], [lateral-edge: 0.7626, lateral-2: 1.4395, lateral-3: 1.4373, lateral-4: 1.4607, lateral-5: 1.4797, epsilon: 39.3941]
2025-10-24 14:09:26.798122 Epoch [025/100], Step [0001/0001], [lateral-edge: 0.7624, lateral-2: 1.4340, lateral-3: 1.4328, lateral-4: 1.4572, lateral-5: 1.4776, epsilon: 40.5547]
2025-10-24 14:09:29.967634 Epoch [026/100], Step [0001/0001], [lateral-edge: 0.7623, lateral-2: 1.4286, lateral-3: 1.4286, lateral-4: 1.4537, lateral-5: 1.4755, epsilon: 41.7056]
2025-10-24 14:09:33.446036 Epoch [027/100], Step [0001/0001], [lateral-edge: 0.7621, lateral-2: 1.4230, lateral-3: 1.4245, lateral-4: 1.4501, lateral-5: 1.4734, epsilon: 42.8474]
2025-10-24 14:09:36.621648 Epoch [028/100], Step [0001/0001], [lateral-edge: 0.7619, lateral-2: 1.4175, lateral-3: 1.4206, lateral-4: 1.4462, lateral-5: 1.4714, epsilon: 43.9805]
2025-10-24 14:09:39.795506 Epoch [029/100], Step [0001/0001], [lateral-edge: 0.7617, lateral-2: 1.4120, lateral-3: 1.4167, lateral-4: 1.4423, lateral-5: 1.4694, epsilon: 45.1054]
[Saving Snapshot:] ./Snapshots/save_weights/Inf-Net_DP_Morph/erosion/batch_128/run_3/noise_multiplier_1.5/Inf-Net-30.pth
2025-10-24 14:09:43.214513 Epoch [030/100], Step [0001/0001], [lateral-edge: 0.7616, lateral-2: 1.4065, lateral-3: 1.4129, lateral-4: 1.4387, lateral-5: 1.4674, epsilon: 46.2226]
2025-10-24 14:09:46.445186 Epoch [031/100], Step [0001/0001], [lateral-edge: 0.7615, lateral-2: 1.4013, lateral-3: 1.4093, lateral-4: 1.4355, lateral-5: 1.4654, epsilon: 47.3324]
2025-10-24 14:09:49.769376 Epoch [032/100], Step [0001/0001], [lateral-edge: 0.7614, lateral-2: 1.3964, lateral-3: 1.4057, lateral-4: 1.4323, lateral-5: 1.4637, epsilon: 48.4352]
2025-10-24 14:09:52.894845 Epoch [033/100], Step [0001/0001], [lateral-edge: 0.7613, lateral-2: 1.3915, lateral-3: 1.4022, lateral-4: 1.4289, lateral-5: 1.4618, epsilon: 49.5313]
2025-10-24 14:09:56.115493 Epoch [034/100], Step [0001/0001], [lateral-edge: 0.7612, lateral-2: 1.3867, lateral-3: 1.3989, lateral-4: 1.4253, lateral-5: 1.4599, epsilon: 50.6210]
2025-10-24 14:09:59.358203 Epoch [035/100], Step [0001/0001], [lateral-edge: 0.7612, lateral-2: 1.3821, lateral-3: 1.3955, lateral-4: 1.4217, lateral-5: 1.4580, epsilon: 51.7045]
2025-10-24 14:10:02.665774 Epoch [036/100], Step [0001/0001], [lateral-edge: 0.7611, lateral-2: 1.3774, lateral-3: 1.3920, lateral-4: 1.4183, lateral-5: 1.4559, epsilon: 52.7822]
2025-10-24 14:10:05.979724 Epoch [037/100], Step [0001/0001], [lateral-edge: 0.7610, lateral-2: 1.3726, lateral-3: 1.3885, lateral-4: 1.4149, lateral-5: 1.4536, epsilon: 53.8542]
2025-10-24 14:10:09.195170 Epoch [038/100], Step [0001/0001], [lateral-edge: 0.7609, lateral-2: 1.3682, lateral-3: 1.3853, lateral-4: 1.4116, lateral-5: 1.4514, epsilon: 54.9209]
2025-10-24 14:10:12.455845 Epoch [039/100], Step [0001/0001], [lateral-edge: 0.7608, lateral-2: 1.3637, lateral-3: 1.3821, lateral-4: 1.4083, lateral-5: 1.4494, epsilon: 55.9824]
[Saving Snapshot:] ./Snapshots/save_weights/Inf-Net_DP_Morph/erosion/batch_128/run_3/noise_multiplier_1.5/Inf-Net-40.pth
2025-10-24 14:10:15.923501 Epoch [040/100], Step [0001/0001], [lateral-edge: 0.7607, lateral-2: 1.3593, lateral-3: 1.3789, lateral-4: 1.4051, lateral-5: 1.4475, epsilon: 57.0388]
2025-10-24 14:10:19.427099 Epoch [041/100], Step [0001/0001], [lateral-edge: 0.7606, lateral-2: 1.3549, lateral-3: 1.3755, lateral-4: 1.4020, lateral-5: 1.4454, epsilon: 58.0905]
2025-10-24 14:10:22.693809 Epoch [042/100], Step [0001/0001], [lateral-edge: 0.7605, lateral-2: 1.3506, lateral-3: 1.3722, lateral-4: 1.3989, lateral-5: 1.4433, epsilon: 59.1375]
2025-10-24 14:10:25.918550 Epoch [043/100], Step [0001/0001], [lateral-edge: 0.7604, lateral-2: 1.3464, lateral-3: 1.3691, lateral-4: 1.3959, lateral-5: 1.4414, epsilon: 60.1801]
2025-10-24 14:10:29.279744 Epoch [044/100], Step [0001/0001], [lateral-edge: 0.7603, lateral-2: 1.3423, lateral-3: 1.3661, lateral-4: 1.3931, lateral-5: 1.4396, epsilon: 61.2184]
2025-10-24 14:10:32.651444 Epoch [045/100], Step [0001/0001], [lateral-edge: 0.7602, lateral-2: 1.3383, lateral-3: 1.3630, lateral-4: 1.3901, lateral-5: 1.4377, epsilon: 62.2524]
2025-10-24 14:10:35.976166 Epoch [046/100], Step [0001/0001], [lateral-edge: 0.7601, lateral-2: 1.3345, lateral-3: 1.3599, lateral-4: 1.3873, lateral-5: 1.4359, epsilon: 63.2825]
2025-10-24 14:10:39.400460 Epoch [047/100], Step [0001/0001], [lateral-edge: 0.7599, lateral-2: 1.3308, lateral-3: 1.3570, lateral-4: 1.3843, lateral-5: 1.4340, epsilon: 64.3086]
2025-10-24 14:10:42.799766 Epoch [048/100], Step [0001/0001], [lateral-edge: 0.7598, lateral-2: 1.3275, lateral-3: 1.3541, lateral-4: 1.3814, lateral-5: 1.4323, epsilon: 65.3310]
2025-10-24 14:10:46.256564 Epoch [049/100], Step [0001/0001], [lateral-edge: 0.7597, lateral-2: 1.3242, lateral-3: 1.3513, lateral-4: 1.3785, lateral-5: 1.4307, epsilon: 66.3497]
[Saving Snapshot:] ./Snapshots/save_weights/Inf-Net_DP_Morph/erosion/batch_128/run_3/noise_multiplier_1.5/Inf-Net-50.pth
2025-10-24 14:10:49.839198 Epoch [050/100], Step [0001/0001], [lateral-edge: 0.7596, lateral-2: 1.3219, lateral-3: 1.3494, lateral-4: 1.3764, lateral-5: 1.4294, epsilon: 67.3649]
2025-10-24 14:10:53.070547 Epoch [051/100], Step [0001/0001], [lateral-edge: 0.7596, lateral-2: 1.3217, lateral-3: 1.3492, lateral-4: 1.3761, lateral-5: 1.4293, epsilon: 68.3766]
2025-10-24 14:10:56.326461 Epoch [052/100], Step [0001/0001], [lateral-edge: 0.7596, lateral-2: 1.3216, lateral-3: 1.3492, lateral-4: 1.3761, lateral-5: 1.4293, epsilon: 69.3850]
2025-10-24 14:10:59.785154 Epoch [053/100], Step [0001/0001], [lateral-edge: 0.7596, lateral-2: 1.3217, lateral-3: 1.3492, lateral-4: 1.3761, lateral-5: 1.4293, epsilon: 70.3901]
2025-10-24 14:11:03.243443 Epoch [054/100], Step [0001/0001], [lateral-edge: 0.7596, lateral-2: 1.3216, lateral-3: 1.3492, lateral-4: 1.3761, lateral-5: 1.4293, epsilon: 71.3920]
2025-10-24 14:11:06.665571 Epoch [055/100], Step [0001/0001], [lateral-edge: 0.7596, lateral-2: 1.3217, lateral-3: 1.3492, lateral-4: 1.3761, lateral-5: 1.4293, epsilon: 72.3909]
2025-10-24 14:11:09.940179 Epoch [056/100], Step [0001/0001], [lateral-edge: 0.7596, lateral-2: 1.3216, lateral-3: 1.3492, lateral-4: 1.3761, lateral-5: 1.4293, epsilon: 73.3868]
2025-10-24 14:11:13.452224 Epoch [057/100], Step [0001/0001], [lateral-edge: 0.7596, lateral-2: 1.3217, lateral-3: 1.3492, lateral-4: 1.3761, lateral-5: 1.4293, epsilon: 74.3798]
2025-10-24 14:11:16.955458 Epoch [058/100], Step [0001/0001], [lateral-edge: 0.7596, lateral-2: 1.3217, lateral-3: 1.3492, lateral-4: 1.3761, lateral-5: 1.4293, epsilon: 75.3700]
2025-10-24 14:11:20.454612 Epoch [059/100], Step [0001/0001], [lateral-edge: 0.7596, lateral-2: 1.3217, lateral-3: 1.3492, lateral-4: 1.3761, lateral-5: 1.4293, epsilon: 76.3574]
[Saving Snapshot:] ./Snapshots/save_weights/Inf-Net_DP_Morph/erosion/batch_128/run_3/noise_multiplier_1.5/Inf-Net-60.pth
2025-10-24 14:11:24.319836 Epoch [060/100], Step [0001/0001], [lateral-edge: 0.7596, lateral-2: 1.3217, lateral-3: 1.3492, lateral-4: 1.3761, lateral-5: 1.4293, epsilon: 77.3421]
2025-10-24 14:11:27.866902 Epoch [061/100], Step [0001/0001], [lateral-edge: 0.7596, lateral-2: 1.3217, lateral-3: 1.3492, lateral-4: 1.3761, lateral-5: 1.4293, epsilon: 78.3242]
2025-10-24 14:11:31.441314 Epoch [062/100], Step [0001/0001], [lateral-edge: 0.7596, lateral-2: 1.3217, lateral-3: 1.3492, lateral-4: 1.3761, lateral-5: 1.4293, epsilon: 79.3037]
2025-10-24 14:11:35.039682 Epoch [063/100], Step [0001/0001], [lateral-edge: 0.7596, lateral-2: 1.3217, lateral-3: 1.3492, lateral-4: 1.3761, lateral-5: 1.4293, epsilon: 80.2807]
2025-10-24 14:11:38.585968 Epoch [064/100], Step [0001/0001], [lateral-edge: 0.7596, lateral-2: 1.3217, lateral-3: 1.3492, lateral-4: 1.3761, lateral-5: 1.4293, epsilon: 81.2553]
2025-10-24 14:11:42.001386 Epoch [065/100], Step [0001/0001], [lateral-edge: 0.7596, lateral-2: 1.3217, lateral-3: 1.3492, lateral-4: 1.3761, lateral-5: 1.4293, epsilon: 82.2275]
2025-10-24 14:11:45.609017 Epoch [066/100], Step [0001/0001], [lateral-edge: 0.7596, lateral-2: 1.3217, lateral-3: 1.3492, lateral-4: 1.3761, lateral-5: 1.4293, epsilon: 83.1974]
2025-10-24 14:11:49.057213 Epoch [067/100], Step [0001/0001], [lateral-edge: 0.7596, lateral-2: 1.3217, lateral-3: 1.3492, lateral-4: 1.3761, lateral-5: 1.4293, epsilon: 84.1650]
2025-10-24 14:11:52.405219 Epoch [068/100], Step [0001/0001], [lateral-edge: 0.7596, lateral-2: 1.3217, lateral-3: 1.3492, lateral-4: 1.3761, lateral-5: 1.4293, epsilon: 85.1303]
2025-10-24 14:11:55.831935 Epoch [069/100], Step [0001/0001], [lateral-edge: 0.7596, lateral-2: 1.3217, lateral-3: 1.3492, lateral-4: 1.3761, lateral-5: 1.4293, epsilon: 86.0935]
[Saving Snapshot:] ./Snapshots/save_weights/Inf-Net_DP_Morph/erosion/batch_128/run_3/noise_multiplier_1.5/Inf-Net-70.pth
2025-10-24 14:11:59.310597 Epoch [070/100], Step [0001/0001], [lateral-edge: 0.7596, lateral-2: 1.3217, lateral-3: 1.3492, lateral-4: 1.3761, lateral-5: 1.4293, epsilon: 87.0546]
2025-10-24 14:12:02.919048 Epoch [071/100], Step [0001/0001], [lateral-edge: 0.7596, lateral-2: 1.3217, lateral-3: 1.3492, lateral-4: 1.3761, lateral-5: 1.4293, epsilon: 88.0136]
2025-10-24 14:12:06.517696 Epoch [072/100], Step [0001/0001], [lateral-edge: 0.7596, lateral-2: 1.3217, lateral-3: 1.3492, lateral-4: 1.3761, lateral-5: 1.4293, epsilon: 88.9705]
2025-10-24 14:12:10.289890 Epoch [073/100], Step [0001/0001], [lateral-edge: 0.7596, lateral-2: 1.3217, lateral-3: 1.3492, lateral-4: 1.3761, lateral-5: 1.4293, epsilon: 89.9255]
2025-10-24 14:12:14.019287 Epoch [074/100], Step [0001/0001], [lateral-edge: 0.7596, lateral-2: 1.3217, lateral-3: 1.3492, lateral-4: 1.3761, lateral-5: 1.4293, epsilon: 90.8785]
2025-10-24 14:12:17.820472 Epoch [075/100], Step [0001/0001], [lateral-edge: 0.7596, lateral-2: 1.3217, lateral-3: 1.3492, lateral-4: 1.3761, lateral-5: 1.4293, epsilon: 91.8295]
2025-10-24 14:12:21.568267 Epoch [076/100], Step [0001/0001], [lateral-edge: 0.7596, lateral-2: 1.3217, lateral-3: 1.3492, lateral-4: 1.3761, lateral-5: 1.4293, epsilon: 92.7787]
2025-10-24 14:12:24.918839 Epoch [077/100], Step [0001/0001], [lateral-edge: 0.7596, lateral-2: 1.3217, lateral-3: 1.3492, lateral-4: 1.3761, lateral-5: 1.4293, epsilon: 93.7260]
2025-10-24 14:12:28.805959 Epoch [078/100], Step [0001/0001], [lateral-edge: 0.7596, lateral-2: 1.3217, lateral-3: 1.3492, lateral-4: 1.3761, lateral-5: 1.4293, epsilon: 94.6716]
2025-10-24 14:12:32.581634 Epoch [079/100], Step [0001/0001], [lateral-edge: 0.7596, lateral-2: 1.3217, lateral-3: 1.3492, lateral-4: 1.3761, lateral-5: 1.4293, epsilon: 95.6153]
[Saving Snapshot:] ./Snapshots/save_weights/Inf-Net_DP_Morph/erosion/batch_128/run_3/noise_multiplier_1.5/Inf-Net-80.pth
2025-10-24 14:12:36.636187 Epoch [080/100], Step [0001/0001], [lateral-edge: 0.7596, lateral-2: 1.3217, lateral-3: 1.3492, lateral-4: 1.3761, lateral-5: 1.4293, epsilon: 96.5574]
2025-10-24 14:12:40.475869 Epoch [081/100], Step [0001/0001], [lateral-edge: 0.7596, lateral-2: 1.3217, lateral-3: 1.3492, lateral-4: 1.3761, lateral-5: 1.4293, epsilon: 97.4977]
2025-10-24 14:12:44.271344 Epoch [082/100], Step [0001/0001], [lateral-edge: 0.7596, lateral-2: 1.3217, lateral-3: 1.3492, lateral-4: 1.3761, lateral-5: 1.4293, epsilon: 98.4363]
2025-10-24 14:12:48.252580 Epoch [083/100], Step [0001/0001], [lateral-edge: 0.7596, lateral-2: 1.3217, lateral-3: 1.3492, lateral-4: 1.3761, lateral-5: 1.4293, epsilon: 99.3733]
2025-10-24 14:12:52.147637 Epoch [084/100], Step [0001/0001], [lateral-edge: 0.7596, lateral-2: 1.3217, lateral-3: 1.3492, lateral-4: 1.3761, lateral-5: 1.4293, epsilon: 100.3087]
2025-10-24 14:12:55.686048 Epoch [085/100], Step [0001/0001], [lateral-edge: 0.7596, lateral-2: 1.3217, lateral-3: 1.3492, lateral-4: 1.3761, lateral-5: 1.4293, epsilon: 101.2425]
2025-10-24 14:12:59.619377 Epoch [086/100], Step [0001/0001], [lateral-edge: 0.7596, lateral-2: 1.3217, lateral-3: 1.3492, lateral-4: 1.3761, lateral-5: 1.4293, epsilon: 102.1747]
2025-10-24 14:13:03.245712 Epoch [087/100], Step [0001/0001], [lateral-edge: 0.7596, lateral-2: 1.3217, lateral-3: 1.3492, lateral-4: 1.3761, lateral-5: 1.4293, epsilon: 103.1054]
2025-10-24 14:13:06.711119 Epoch [088/100], Step [0001/0001], [lateral-edge: 0.7596, lateral-2: 1.3217, lateral-3: 1.3492, lateral-4: 1.3761, lateral-5: 1.4293, epsilon: 104.0346]
2025-10-24 14:13:10.643180 Epoch [089/100], Step [0001/0001], [lateral-edge: 0.7596, lateral-2: 1.3217, lateral-3: 1.3492, lateral-4: 1.3761, lateral-5: 1.4293, epsilon: 104.9623]
[Saving Snapshot:] ./Snapshots/save_weights/Inf-Net_DP_Morph/erosion/batch_128/run_3/noise_multiplier_1.5/Inf-Net-90.pth
2025-10-24 14:13:14.712028 Epoch [090/100], Step [0001/0001], [lateral-edge: 0.7596, lateral-2: 1.3217, lateral-3: 1.3492, lateral-4: 1.3761, lateral-5: 1.4293, epsilon: 105.8885]
2025-10-24 14:13:18.665814 Epoch [091/100], Step [0001/0001], [lateral-edge: 0.7596, lateral-2: 1.3217, lateral-3: 1.3492, lateral-4: 1.3761, lateral-5: 1.4293, epsilon: 106.8133]
2025-10-24 14:13:22.773373 Epoch [092/100], Step [0001/0001], [lateral-edge: 0.7596, lateral-2: 1.3217, lateral-3: 1.3492, lateral-4: 1.3761, lateral-5: 1.4293, epsilon: 107.7368]
2025-10-24 14:13:26.556692 Epoch [093/100], Step [0001/0001], [lateral-edge: 0.7596, lateral-2: 1.3217, lateral-3: 1.3492, lateral-4: 1.3761, lateral-5: 1.4293, epsilon: 108.6588]
2025-10-24 14:13:30.546711 Epoch [094/100], Step [0001/0001], [lateral-edge: 0.7596, lateral-2: 1.3217, lateral-3: 1.3492, lateral-4: 1.3761, lateral-5: 1.4293, epsilon: 109.5794]
2025-10-24 14:13:34.549531 Epoch [095/100], Step [0001/0001], [lateral-edge: 0.7596, lateral-2: 1.3217, lateral-3: 1.3492, lateral-4: 1.3761, lateral-5: 1.4293, epsilon: 110.4988]
2025-10-24 14:13:38.530579 Epoch [096/100], Step [0001/0001], [lateral-edge: 0.7596, lateral-2: 1.3217, lateral-3: 1.3492, lateral-4: 1.3761, lateral-5: 1.4293, epsilon: 111.4168]
2025-10-24 14:13:42.842496 Epoch [097/100], Step [0001/0001], [lateral-edge: 0.7596, lateral-2: 1.3217, lateral-3: 1.3492, lateral-4: 1.3761, lateral-5: 1.4293, epsilon: 112.3335]
2025-10-24 14:13:46.442641 Epoch [098/100], Step [0001/0001], [lateral-edge: 0.7596, lateral-2: 1.3217, lateral-3: 1.3492, lateral-4: 1.3761, lateral-5: 1.4293, epsilon: 113.2489]
2025-10-24 14:13:50.170219 Epoch [099/100], Step [0001/0001], [lateral-edge: 0.7596, lateral-2: 1.3217, lateral-3: 1.3492, lateral-4: 1.3761, lateral-5: 1.4293, epsilon: 114.1630]
[Saving Snapshot:] ./Snapshots/save_weights/Inf-Net_DP_Morph/erosion/batch_128/run_3/noise_multiplier_1.5/Inf-Net-100.pth
2025-10-24 14:13:54.360108 Epoch [100/100], Step [0001/0001], [lateral-edge: 0.7596, lateral-2: 1.3217, lateral-3: 1.3492, lateral-4: 1.3761, lateral-5: 1.4293, epsilon: 115.0760]
Training completed at Fri Oct 24 14:13:55 CEST 2025
