Backbone loading: Res2Net50
Not loading weights from weights file
################################################## 
Start Training (Inf-Net-Res2Net50)
Backbone: Res2Net50
Batch Size: 32
Morphology: Disabled
Save Path: ./Snapshots/save_weights/Inf-Net/batch_32/run_1
Run: 1
Namespace(epoch=100, lr=0.0001, batchsize=32, trainsize=352, clip=0.5, decay_rate=0.1, decay_epoch=50, is_thop=False, gpu_device=0, num_workers=8, net_channel=32, n_classes=1, backbone='Res2Net50', train_path='./Dataset/TrainingSet/LungInfection-Train/Doctor-label', is_semi=False, is_pseudo=False, train_save=None, run=1, enable_morphology=False, morph_operation='close', morph_kernel_size=3, device='cuda')
 ##################################################
2025-10-23 17:18:51.997570 Epoch [001/100], Step [0002/0002], [lateral-edge: 0.7604, lateral-2: 1.5076, lateral-3: 1.4994, lateral-4: 1.5462, lateral-5: 1.5231]
2025-10-23 17:18:53.493540 Epoch [002/100], Step [0002/0002], [lateral-edge: 0.7506, lateral-2: 1.3895, lateral-3: 1.4160, lateral-4: 1.4725, lateral-5: 1.5185]
2025-10-23 17:18:55.030351 Epoch [003/100], Step [0002/0002], [lateral-edge: 0.7450, lateral-2: 1.3527, lateral-3: 1.3912, lateral-4: 1.4403, lateral-5: 1.5030]
2025-10-23 17:18:56.584995 Epoch [004/100], Step [0002/0002], [lateral-edge: 0.7407, lateral-2: 1.3011, lateral-3: 1.3526, lateral-4: 1.4179, lateral-5: 1.4677]
2025-10-23 17:18:58.122194 Epoch [005/100], Step [0002/0002], [lateral-edge: 0.7373, lateral-2: 1.2205, lateral-3: 1.2686, lateral-4: 1.3459, lateral-5: 1.4637]
2025-10-23 17:18:59.655020 Epoch [006/100], Step [0002/0002], [lateral-edge: 0.7347, lateral-2: 1.1049, lateral-3: 1.1567, lateral-4: 1.2412, lateral-5: 1.5379]
2025-10-23 17:19:01.194966 Epoch [007/100], Step [0002/0002], [lateral-edge: 0.7321, lateral-2: 1.0131, lateral-3: 1.0710, lateral-4: 1.1695, lateral-5: 1.6105]
2025-10-23 17:19:02.741639 Epoch [008/100], Step [0002/0002], [lateral-edge: 0.7300, lateral-2: 0.9774, lateral-3: 1.0432, lateral-4: 1.1392, lateral-5: 1.6024]
2025-10-23 17:19:04.273209 Epoch [009/100], Step [0002/0002], [lateral-edge: 0.7282, lateral-2: 0.9692, lateral-3: 1.0273, lateral-4: 1.1183, lateral-5: 1.5845]
[Saving Snapshot:] ./Snapshots/save_weights/Inf-Net/batch_32/run_1/Inf-Net-10.pth
2025-10-23 17:19:06.169433 Epoch [010/100], Step [0002/0002], [lateral-edge: 0.7262, lateral-2: 0.9376, lateral-3: 1.0001, lateral-4: 1.1057, lateral-5: 1.5691]
2025-10-23 17:19:07.687486 Epoch [011/100], Step [0002/0002], [lateral-edge: 0.7240, lateral-2: 0.9393, lateral-3: 1.0053, lateral-4: 1.0986, lateral-5: 1.5472]
2025-10-23 17:19:09.216708 Epoch [012/100], Step [0002/0002], [lateral-edge: 0.7216, lateral-2: 0.9005, lateral-3: 0.9706, lateral-4: 1.0771, lateral-5: 1.5498]
2025-10-23 17:19:10.744168 Epoch [013/100], Step [0002/0002], [lateral-edge: 0.7200, lateral-2: 0.8763, lateral-3: 0.9539, lateral-4: 1.0600, lateral-5: 1.5379]
2025-10-23 17:19:12.259828 Epoch [014/100], Step [0002/0002], [lateral-edge: 0.7183, lateral-2: 0.8635, lateral-3: 0.9323, lateral-4: 1.0396, lateral-5: 1.5338]
2025-10-23 17:19:13.812033 Epoch [015/100], Step [0002/0002], [lateral-edge: 0.7161, lateral-2: 0.8265, lateral-3: 0.9079, lateral-4: 1.0170, lateral-5: 1.5109]
2025-10-23 17:19:15.355684 Epoch [016/100], Step [0002/0002], [lateral-edge: 0.7141, lateral-2: 0.7830, lateral-3: 0.8713, lateral-4: 0.9922, lateral-5: 1.4863]
2025-10-23 17:19:16.880788 Epoch [017/100], Step [0002/0002], [lateral-edge: 0.7125, lateral-2: 0.7914, lateral-3: 0.8691, lateral-4: 0.9796, lateral-5: 1.4600]
2025-10-23 17:19:18.414634 Epoch [018/100], Step [0002/0002], [lateral-edge: 0.7106, lateral-2: 0.7743, lateral-3: 0.8611, lateral-4: 0.9744, lateral-5: 1.4618]
2025-10-23 17:19:19.949496 Epoch [019/100], Step [0002/0002], [lateral-edge: 0.7093, lateral-2: 0.7596, lateral-3: 0.8436, lateral-4: 0.9515, lateral-5: 1.4489]
[Saving Snapshot:] ./Snapshots/save_weights/Inf-Net/batch_32/run_1/Inf-Net-20.pth
2025-10-23 17:19:21.670259 Epoch [020/100], Step [0002/0002], [lateral-edge: 0.7080, lateral-2: 0.7435, lateral-3: 0.8321, lateral-4: 0.9486, lateral-5: 1.4377]
2025-10-23 17:19:23.220440 Epoch [021/100], Step [0002/0002], [lateral-edge: 0.7069, lateral-2: 0.7309, lateral-3: 0.8247, lateral-4: 0.9481, lateral-5: 1.4160]
2025-10-23 17:19:24.740921 Epoch [022/100], Step [0002/0002], [lateral-edge: 0.7057, lateral-2: 0.7237, lateral-3: 0.8128, lateral-4: 0.9307, lateral-5: 1.3652]
2025-10-23 17:19:26.263962 Epoch [023/100], Step [0002/0002], [lateral-edge: 0.7048, lateral-2: 0.7187, lateral-3: 0.8062, lateral-4: 0.9261, lateral-5: 1.3800]
2025-10-23 17:19:27.794969 Epoch [024/100], Step [0002/0002], [lateral-edge: 0.7038, lateral-2: 0.7136, lateral-3: 0.8043, lateral-4: 0.9191, lateral-5: 1.3519]
2025-10-23 17:19:29.325494 Epoch [025/100], Step [0002/0002], [lateral-edge: 0.7030, lateral-2: 0.6922, lateral-3: 0.7821, lateral-4: 0.8995, lateral-5: 1.3624]
2025-10-23 17:19:30.863065 Epoch [026/100], Step [0002/0002], [lateral-edge: 0.7022, lateral-2: 0.6862, lateral-3: 0.7833, lateral-4: 0.9090, lateral-5: 1.3676]
2025-10-23 17:19:32.388592 Epoch [027/100], Step [0002/0002], [lateral-edge: 0.7015, lateral-2: 0.7358, lateral-3: 0.8279, lateral-4: 0.9462, lateral-5: 1.2979]
2025-10-23 17:19:33.912468 Epoch [028/100], Step [0002/0002], [lateral-edge: 0.7011, lateral-2: 0.7323, lateral-3: 0.8259, lateral-4: 0.9391, lateral-5: 1.2555]
2025-10-23 17:19:35.454736 Epoch [029/100], Step [0002/0002], [lateral-edge: 0.7006, lateral-2: 0.6818, lateral-3: 0.7755, lateral-4: 0.8937, lateral-5: 1.3067]
[Saving Snapshot:] ./Snapshots/save_weights/Inf-Net/batch_32/run_1/Inf-Net-30.pth
2025-10-23 17:19:37.130724 Epoch [030/100], Step [0002/0002], [lateral-edge: 0.6999, lateral-2: 0.6703, lateral-3: 0.7721, lateral-4: 0.8940, lateral-5: 1.2719]
2025-10-23 17:19:38.664012 Epoch [031/100], Step [0002/0002], [lateral-edge: 0.6994, lateral-2: 0.6418, lateral-3: 0.7457, lateral-4: 0.8730, lateral-5: 1.2302]
2025-10-23 17:19:40.203278 Epoch [032/100], Step [0002/0002], [lateral-edge: 0.6991, lateral-2: 0.6366, lateral-3: 0.7445, lateral-4: 0.8708, lateral-5: 1.2413]
2025-10-23 17:19:41.760146 Epoch [033/100], Step [0002/0002], [lateral-edge: 0.6984, lateral-2: 0.6539, lateral-3: 0.7611, lateral-4: 0.8910, lateral-5: 1.2614]
2025-10-23 17:19:43.287287 Epoch [034/100], Step [0002/0002], [lateral-edge: 0.6980, lateral-2: 0.6437, lateral-3: 0.7493, lateral-4: 0.8757, lateral-5: 1.1736]
2025-10-23 17:19:44.812735 Epoch [035/100], Step [0002/0002], [lateral-edge: 0.6977, lateral-2: 0.6353, lateral-3: 0.7386, lateral-4: 0.8667, lateral-5: 1.2057]
2025-10-23 17:19:46.380921 Epoch [036/100], Step [0002/0002], [lateral-edge: 0.6971, lateral-2: 0.6374, lateral-3: 0.7546, lateral-4: 0.8815, lateral-5: 1.1885]
2025-10-23 17:19:47.883630 Epoch [037/100], Step [0002/0002], [lateral-edge: 0.6967, lateral-2: 0.6292, lateral-3: 0.7370, lateral-4: 0.8648, lateral-5: 1.1917]
2025-10-23 17:19:49.376075 Epoch [038/100], Step [0002/0002], [lateral-edge: 0.6965, lateral-2: 0.6320, lateral-3: 0.7333, lateral-4: 0.8574, lateral-5: 1.2053]
2025-10-23 17:19:50.880157 Epoch [039/100], Step [0002/0002], [lateral-edge: 0.6962, lateral-2: 0.5957, lateral-3: 0.7131, lateral-4: 0.8486, lateral-5: 1.1518]
[Saving Snapshot:] ./Snapshots/save_weights/Inf-Net/batch_32/run_1/Inf-Net-40.pth
2025-10-23 17:19:52.590125 Epoch [040/100], Step [0002/0002], [lateral-edge: 0.6955, lateral-2: 0.6086, lateral-3: 0.7247, lateral-4: 0.8551, lateral-5: 1.1686]
2025-10-23 17:19:54.117101 Epoch [041/100], Step [0002/0002], [lateral-edge: 0.6954, lateral-2: 0.6303, lateral-3: 0.7336, lateral-4: 0.8603, lateral-5: 1.1496]
2025-10-23 17:19:55.655926 Epoch [042/100], Step [0002/0002], [lateral-edge: 0.6949, lateral-2: 0.5710, lateral-3: 0.6923, lateral-4: 0.8307, lateral-5: 1.1220]
2025-10-23 17:19:57.198148 Epoch [043/100], Step [0002/0002], [lateral-edge: 0.6947, lateral-2: 0.5813, lateral-3: 0.6993, lateral-4: 0.8358, lateral-5: 1.1015]
2025-10-23 17:19:58.722154 Epoch [044/100], Step [0002/0002], [lateral-edge: 0.6941, lateral-2: 0.5677, lateral-3: 0.6892, lateral-4: 0.8268, lateral-5: 1.0940]
2025-10-23 17:20:00.247320 Epoch [045/100], Step [0002/0002], [lateral-edge: 0.6934, lateral-2: 0.5951, lateral-3: 0.7125, lateral-4: 0.8457, lateral-5: 1.1023]
2025-10-23 17:20:01.784630 Epoch [046/100], Step [0002/0002], [lateral-edge: 0.6933, lateral-2: 0.5817, lateral-3: 0.7040, lateral-4: 0.8426, lateral-5: 1.1053]
2025-10-23 17:20:03.300685 Epoch [047/100], Step [0002/0002], [lateral-edge: 0.6932, lateral-2: 0.5784, lateral-3: 0.6956, lateral-4: 0.8345, lateral-5: 1.0590]
2025-10-23 17:20:04.834561 Epoch [048/100], Step [0002/0002], [lateral-edge: 0.6927, lateral-2: 0.5722, lateral-3: 0.6950, lateral-4: 0.8333, lateral-5: 1.0800]
2025-10-23 17:20:06.379744 Epoch [049/100], Step [0002/0002], [lateral-edge: 0.6924, lateral-2: 0.5762, lateral-3: 0.6939, lateral-4: 0.8323, lateral-5: 1.0297]
[Saving Snapshot:] ./Snapshots/save_weights/Inf-Net/batch_32/run_1/Inf-Net-50.pth
2025-10-23 17:20:08.047411 Epoch [050/100], Step [0002/0002], [lateral-edge: 0.6923, lateral-2: 0.5964, lateral-3: 0.7093, lateral-4: 0.8421, lateral-5: 1.0849]
2025-10-23 17:20:09.586964 Epoch [051/100], Step [0002/0002], [lateral-edge: 0.6923, lateral-2: 0.5552, lateral-3: 0.6783, lateral-4: 0.8192, lateral-5: 1.0410]
2025-10-23 17:20:11.122368 Epoch [052/100], Step [0002/0002], [lateral-edge: 0.6922, lateral-2: 0.5565, lateral-3: 0.6838, lateral-4: 0.8254, lateral-5: 1.0296]
2025-10-23 17:20:12.648770 Epoch [053/100], Step [0002/0002], [lateral-edge: 0.6922, lateral-2: 0.5493, lateral-3: 0.6704, lateral-4: 0.8101, lateral-5: 1.0390]
2025-10-23 17:20:14.180000 Epoch [054/100], Step [0002/0002], [lateral-edge: 0.6922, lateral-2: 0.5598, lateral-3: 0.6838, lateral-4: 0.8256, lateral-5: 1.0550]
2025-10-23 17:20:15.705192 Epoch [055/100], Step [0002/0002], [lateral-edge: 0.6920, lateral-2: 0.5645, lateral-3: 0.6875, lateral-4: 0.8309, lateral-5: 1.0474]
2025-10-23 17:20:17.227835 Epoch [056/100], Step [0002/0002], [lateral-edge: 0.6922, lateral-2: 0.5686, lateral-3: 0.6905, lateral-4: 0.8280, lateral-5: 1.0941]
2025-10-23 17:20:18.763735 Epoch [057/100], Step [0002/0002], [lateral-edge: 0.6923, lateral-2: 0.5581, lateral-3: 0.6833, lateral-4: 0.8225, lateral-5: 1.0643]
2025-10-23 17:20:20.297695 Epoch [058/100], Step [0002/0002], [lateral-edge: 0.6921, lateral-2: 0.5612, lateral-3: 0.6862, lateral-4: 0.8267, lateral-5: 1.0580]
2025-10-23 17:20:21.837265 Epoch [059/100], Step [0002/0002], [lateral-edge: 0.6923, lateral-2: 0.5713, lateral-3: 0.6914, lateral-4: 0.8305, lateral-5: 1.0988]
[Saving Snapshot:] ./Snapshots/save_weights/Inf-Net/batch_32/run_1/Inf-Net-60.pth
2025-10-23 17:20:23.599642 Epoch [060/100], Step [0002/0002], [lateral-edge: 0.6921, lateral-2: 0.5989, lateral-3: 0.7153, lateral-4: 0.8519, lateral-5: 1.1659]
2025-10-23 17:20:25.140692 Epoch [061/100], Step [0002/0002], [lateral-edge: 0.6919, lateral-2: 0.5624, lateral-3: 0.6866, lateral-4: 0.8278, lateral-5: 1.0390]
2025-10-23 17:20:26.674075 Epoch [062/100], Step [0002/0002], [lateral-edge: 0.6922, lateral-2: 0.5610, lateral-3: 0.6869, lateral-4: 0.8286, lateral-5: 1.0639]
2025-10-23 17:20:28.210794 Epoch [063/100], Step [0002/0002], [lateral-edge: 0.6921, lateral-2: 0.5548, lateral-3: 0.6806, lateral-4: 0.8209, lateral-5: 1.0611]
2025-10-23 17:20:29.764765 Epoch [064/100], Step [0002/0002], [lateral-edge: 0.6922, lateral-2: 0.5488, lateral-3: 0.6732, lateral-4: 0.8142, lateral-5: 1.0484]
2025-10-23 17:20:31.301787 Epoch [065/100], Step [0002/0002], [lateral-edge: 0.6922, lateral-2: 0.5467, lateral-3: 0.6730, lateral-4: 0.8155, lateral-5: 1.0236]
2025-10-23 17:20:32.833575 Epoch [066/100], Step [0002/0002], [lateral-edge: 0.6923, lateral-2: 0.5623, lateral-3: 0.6821, lateral-4: 0.8254, lateral-5: 1.0397]
2025-10-23 17:20:34.371714 Epoch [067/100], Step [0002/0002], [lateral-edge: 0.6923, lateral-2: 0.5498, lateral-3: 0.6739, lateral-4: 0.8147, lateral-5: 1.0302]
2025-10-23 17:20:35.929045 Epoch [068/100], Step [0002/0002], [lateral-edge: 0.6922, lateral-2: 0.5531, lateral-3: 0.6783, lateral-4: 0.8186, lateral-5: 1.0399]
2025-10-23 17:20:37.478792 Epoch [069/100], Step [0002/0002], [lateral-edge: 0.6920, lateral-2: 0.5698, lateral-3: 0.6938, lateral-4: 0.8348, lateral-5: 1.0400]
[Saving Snapshot:] ./Snapshots/save_weights/Inf-Net/batch_32/run_1/Inf-Net-70.pth
2025-10-23 17:20:39.192193 Epoch [070/100], Step [0002/0002], [lateral-edge: 0.6923, lateral-2: 0.5486, lateral-3: 0.6719, lateral-4: 0.8118, lateral-5: 1.0303]
2025-10-23 17:20:40.729000 Epoch [071/100], Step [0002/0002], [lateral-edge: 0.6921, lateral-2: 0.5489, lateral-3: 0.6731, lateral-4: 0.8134, lateral-5: 1.0431]
2025-10-23 17:20:42.264308 Epoch [072/100], Step [0002/0002], [lateral-edge: 0.6926, lateral-2: 0.6415, lateral-3: 0.7423, lateral-4: 0.8747, lateral-5: 1.1197]
2025-10-23 17:20:43.850822 Epoch [073/100], Step [0002/0002], [lateral-edge: 0.6922, lateral-2: 0.5723, lateral-3: 0.6902, lateral-4: 0.8277, lateral-5: 1.0499]
2025-10-23 17:20:45.380772 Epoch [074/100], Step [0002/0002], [lateral-edge: 0.6920, lateral-2: 0.5522, lateral-3: 0.6771, lateral-4: 0.8177, lateral-5: 1.0542]
2025-10-23 17:20:46.920462 Epoch [075/100], Step [0002/0002], [lateral-edge: 0.6921, lateral-2: 0.5813, lateral-3: 0.7048, lateral-4: 0.8473, lateral-5: 1.0573]
2025-10-23 17:20:48.450661 Epoch [076/100], Step [0002/0002], [lateral-edge: 0.6922, lateral-2: 0.5626, lateral-3: 0.6881, lateral-4: 0.8292, lateral-5: 1.0430]
2025-10-23 17:20:49.990610 Epoch [077/100], Step [0002/0002], [lateral-edge: 0.6921, lateral-2: 0.5566, lateral-3: 0.6825, lateral-4: 0.8244, lateral-5: 1.0491]
2025-10-23 17:20:51.523977 Epoch [078/100], Step [0002/0002], [lateral-edge: 0.6921, lateral-2: 0.5545, lateral-3: 0.6818, lateral-4: 0.8253, lateral-5: 1.0453]
2025-10-23 17:20:53.054758 Epoch [079/100], Step [0002/0002], [lateral-edge: 0.6922, lateral-2: 0.5492, lateral-3: 0.6751, lateral-4: 0.8172, lateral-5: 1.0249]
[Saving Snapshot:] ./Snapshots/save_weights/Inf-Net/batch_32/run_1/Inf-Net-80.pth
2025-10-23 17:20:54.847575 Epoch [080/100], Step [0002/0002], [lateral-edge: 0.6920, lateral-2: 0.5533, lateral-3: 0.6799, lateral-4: 0.8218, lateral-5: 1.0593]
2025-10-23 17:20:56.384170 Epoch [081/100], Step [0002/0002], [lateral-edge: 0.6922, lateral-2: 0.5603, lateral-3: 0.6857, lateral-4: 0.8247, lateral-5: 1.0412]
2025-10-23 17:20:57.927894 Epoch [082/100], Step [0002/0002], [lateral-edge: 0.6923, lateral-2: 0.5688, lateral-3: 0.6894, lateral-4: 0.8304, lateral-5: 1.0994]
2025-10-23 17:20:59.466510 Epoch [083/100], Step [0002/0002], [lateral-edge: 0.6922, lateral-2: 0.5507, lateral-3: 0.6727, lateral-4: 0.8120, lateral-5: 1.0407]
2025-10-23 17:21:01.014189 Epoch [084/100], Step [0002/0002], [lateral-edge: 0.6920, lateral-2: 0.5583, lateral-3: 0.6827, lateral-4: 0.8261, lateral-5: 1.1060]
2025-10-23 17:21:02.556620 Epoch [085/100], Step [0002/0002], [lateral-edge: 0.6920, lateral-2: 0.5529, lateral-3: 0.6795, lateral-4: 0.8208, lateral-5: 1.0489]
2025-10-23 17:21:04.099756 Epoch [086/100], Step [0002/0002], [lateral-edge: 0.6921, lateral-2: 0.5663, lateral-3: 0.6878, lateral-4: 0.8270, lateral-5: 1.0764]
2025-10-23 17:21:05.637083 Epoch [087/100], Step [0002/0002], [lateral-edge: 0.6923, lateral-2: 0.5464, lateral-3: 0.6733, lateral-4: 0.8132, lateral-5: 1.0328]
2025-10-23 17:21:07.174842 Epoch [088/100], Step [0002/0002], [lateral-edge: 0.6922, lateral-2: 0.5542, lateral-3: 0.6810, lateral-4: 0.8229, lateral-5: 1.0321]
2025-10-23 17:21:08.733341 Epoch [089/100], Step [0002/0002], [lateral-edge: 0.6920, lateral-2: 0.5694, lateral-3: 0.6904, lateral-4: 0.8304, lateral-5: 1.0843]
[Saving Snapshot:] ./Snapshots/save_weights/Inf-Net/batch_32/run_1/Inf-Net-90.pth
2025-10-23 17:21:10.412141 Epoch [090/100], Step [0002/0002], [lateral-edge: 0.6922, lateral-2: 0.5540, lateral-3: 0.6759, lateral-4: 0.8166, lateral-5: 1.0539]
2025-10-23 17:21:11.984219 Epoch [091/100], Step [0002/0002], [lateral-edge: 0.6924, lateral-2: 0.5542, lateral-3: 0.6778, lateral-4: 0.8173, lateral-5: 1.0461]
2025-10-23 17:21:13.512205 Epoch [092/100], Step [0002/0002], [lateral-edge: 0.6922, lateral-2: 0.5764, lateral-3: 0.6946, lateral-4: 0.8376, lateral-5: 1.0289]
2025-10-23 17:21:15.040693 Epoch [093/100], Step [0002/0002], [lateral-edge: 0.6923, lateral-2: 0.5485, lateral-3: 0.6719, lateral-4: 0.8103, lateral-5: 1.0394]
2025-10-23 17:21:16.577508 Epoch [094/100], Step [0002/0002], [lateral-edge: 0.6921, lateral-2: 0.5530, lateral-3: 0.6789, lateral-4: 0.8185, lateral-5: 1.0349]
2025-10-23 17:21:18.138376 Epoch [095/100], Step [0002/0002], [lateral-edge: 0.6923, lateral-2: 0.5508, lateral-3: 0.6728, lateral-4: 0.8125, lateral-5: 1.0403]
2025-10-23 17:21:19.676043 Epoch [096/100], Step [0002/0002], [lateral-edge: 0.6922, lateral-2: 0.5659, lateral-3: 0.6876, lateral-4: 0.8281, lateral-5: 1.0659]
2025-10-23 17:21:21.238267 Epoch [097/100], Step [0002/0002], [lateral-edge: 0.6922, lateral-2: 0.5453, lateral-3: 0.6721, lateral-4: 0.8127, lateral-5: 1.0294]
2025-10-23 17:21:22.781646 Epoch [098/100], Step [0002/0002], [lateral-edge: 0.6922, lateral-2: 0.5594, lateral-3: 0.6817, lateral-4: 0.8231, lateral-5: 1.0640]
2025-10-23 17:21:24.329651 Epoch [099/100], Step [0002/0002], [lateral-edge: 0.6923, lateral-2: 0.5506, lateral-3: 0.6746, lateral-4: 0.8145, lateral-5: 1.0432]
[Saving Snapshot:] ./Snapshots/save_weights/Inf-Net/batch_32/run_1/Inf-Net-100.pth
2025-10-23 17:21:26.132247 Epoch [100/100], Step [0002/0002], [lateral-edge: 0.6921, lateral-2: 0.5612, lateral-3: 0.6848, lateral-4: 0.8261, lateral-5: 1.0434]
Training completed at Thu Oct 23 17:21:28 CEST 2025
