Backbone loading: Res2Net50
Freezing unused branches for DP compatibility...
Trainable: 31,072,721 / 33,121,721 parameters
Not loading weights from weights file
Validator raised issues with model. Attempting auto-fix...
Original error: UnsupportedModuleError
Model successfully fixed for differential privacy
###################################################################### 
Start Training (Inf-Net-Res2Net50)
Backbone: Res2Net50
Batch Size: 32
Privacy: DP Enabled (ε budget, δ=1e-05)
Morphology: close
Save Path: ./Snapshots/save_weights/Inf-Net_DP_Morph/close/batch_32/run_1/noise_multiplier_0.05
Run: 1
Namespace(epoch=100, lr=0.0001, batchsize=32, trainsize=352, clip=0.5, decay_rate=0.1, decay_epoch=50, is_thop=False, gpu_device=0, num_workers=8, net_channel=32, n_classes=1, backbone='Res2Net50', train_path='./Dataset/TrainingSet/LungInfection-Train/Doctor-label', is_semi=False, is_pseudo=False, train_save=None, run=1, enable_privacy=True, noise_multiplier=0.05, max_grad_norm=1.0, delta=1e-05, enable_morphology=True, morph_operation='close', morph_kernel_size=3, morph_privacy_budget=1.0, device='cuda')
 ######################################################################
2025-10-24 13:41:51.938608 Epoch [001/100], Step [0002/0002], [lateral-edge: 0.7866, lateral-2: 1.5624, lateral-3: 1.5922, lateral-4: 1.5159, lateral-5: 1.5120, epsilon: inf]
2025-10-24 13:42:00.147478 Epoch [002/100], Step [0002/0002], [lateral-edge: 0.7787, lateral-2: 1.4512, lateral-3: 1.4495, lateral-4: 1.4358, lateral-5: 1.4632, epsilon: inf]
2025-10-24 13:42:09.372854 Epoch [003/100], Step [0002/0002], [lateral-edge: 0.7710, lateral-2: 1.3742, lateral-3: 1.3904, lateral-4: 1.3829, lateral-5: 1.4312, epsilon: inf]
2025-10-24 13:42:33.429038 Epoch [004/100], Step [0002/0002], [lateral-edge: 0.7663, lateral-2: 1.2748, lateral-3: 1.3182, lateral-4: 1.3297, lateral-5: 1.3874, epsilon: inf]
2025-10-24 13:42:51.262922 Epoch [005/100], Step [0002/0002], [lateral-edge: 0.7612, lateral-2: 1.2214, lateral-3: 1.2757, lateral-4: 1.3023, lateral-5: 1.3563, epsilon: inf]
2025-10-24 13:43:15.104887 Epoch [006/100], Step [0002/0002], [lateral-edge: 0.7575, lateral-2: 1.1574, lateral-3: 1.2355, lateral-4: 1.2530, lateral-5: 1.3341, epsilon: inf]
2025-10-24 13:43:59.240956 Epoch [007/100], Step [0002/0002], [lateral-edge: 0.7551, lateral-2: 1.1015, lateral-3: 1.1915, lateral-4: 1.2318, lateral-5: 1.3099, epsilon: inf]
2025-10-24 13:44:32.625769 Epoch [008/100], Step [0002/0002], [lateral-edge: 0.7523, lateral-2: 1.0991, lateral-3: 1.1649, lateral-4: 1.2049, lateral-5: 1.2848, epsilon: inf]
2025-10-24 13:45:11.518210 Epoch [009/100], Step [0002/0002], [lateral-edge: 0.7501, lateral-2: 1.0768, lateral-3: 1.1401, lateral-4: 1.1941, lateral-5: 1.2692, epsilon: inf]
[Saving Snapshot:] ./Snapshots/save_weights/Inf-Net_DP_Morph/close/batch_32/run_1/noise_multiplier_0.05/Inf-Net-10.pth
2025-10-24 13:45:58.342765 Epoch [010/100], Step [0002/0002], [lateral-edge: 0.7497, lateral-2: 1.0406, lateral-3: 1.0908, lateral-4: 1.1495, lateral-5: 1.2239, epsilon: inf]
2025-10-24 13:46:47.471171 Epoch [011/100], Step [0002/0002], [lateral-edge: 0.7477, lateral-2: 1.0425, lateral-3: 1.0961, lateral-4: 1.1540, lateral-5: 1.2248, epsilon: inf]
2025-10-24 13:47:52.361155 Epoch [012/100], Step [0002/0002], [lateral-edge: 0.7472, lateral-2: 1.0030, lateral-3: 1.0542, lateral-4: 1.1120, lateral-5: 1.1910, epsilon: inf]
2025-10-24 13:50:14.621967 Epoch [013/100], Step [0002/0002], [lateral-edge: 0.7451, lateral-2: 1.0109, lateral-3: 1.0560, lateral-4: 1.1143, lateral-5: 1.1803, epsilon: inf]
Training completed at Fri Oct 24 13:50:39 CEST 2025
