Backbone loading: Res2Net50
Freezing unused branches for DP compatibility...
Trainable: 31,072,721 / 33,121,721 parameters
Not loading weights from weights file
Validator raised issues with model. Attempting auto-fix...
Original error: UnsupportedModuleError
Model successfully fixed for differential privacy
###################################################################### 
Start Training (Inf-Net-Res2Net50)
Backbone: Res2Net50
Batch Size: 128
Privacy: DP Enabled (ε budget, δ=1e-05)
Morphology: Disabled
Save Path: ./Snapshots/save_weights/Inf-Net_DP/batch_128/run_3
Run: 3
Namespace(epoch=100, lr=0.0001, batchsize=128, trainsize=352, clip=0.5, decay_rate=0.1, decay_epoch=50, is_thop=False, gpu_device=0, num_workers=8, net_channel=32, n_classes=1, backbone='Res2Net50', train_path='./Dataset/TrainingSet/LungInfection-Train/Doctor-label', is_semi=False, is_pseudo=False, train_save=None, run=3, enable_privacy=True, noise_multiplier=1.5, max_grad_norm=1.0, delta=1e-05, enable_morphology=False, morph_operation='close', morph_kernel_size=3, morph_privacy_budget=1.0, device='cuda')
 ######################################################################
2025-10-24 12:17:53.745406 Epoch [001/100], Step [0001/0001], [lateral-edge: 0.7859, lateral-2: 1.6293, lateral-3: 1.6225, lateral-4: 1.5891, lateral-5: 1.5231, epsilon: 5.1851]
2025-10-24 12:17:56.664137 Epoch [002/100], Step [0001/0001], [lateral-edge: 0.7861, lateral-2: 1.6055, lateral-3: 1.5953, lateral-4: 1.5648, lateral-5: 1.5210, epsilon: 7.8193]
2025-10-24 12:17:59.621845 Epoch [003/100], Step [0001/0001], [lateral-edge: 0.7862, lateral-2: 1.5850, lateral-3: 1.5723, lateral-4: 1.5441, lateral-5: 1.5186, epsilon: 10.0077]
2025-10-24 12:18:02.666660 Epoch [004/100], Step [0001/0001], [lateral-edge: 0.7861, lateral-2: 1.5691, lateral-3: 1.5540, lateral-4: 1.5280, lateral-5: 1.5158, epsilon: 11.9630]
2025-10-24 12:18:05.620728 Epoch [005/100], Step [0001/0001], [lateral-edge: 0.7860, lateral-2: 1.5564, lateral-3: 1.5397, lateral-4: 1.5171, lateral-5: 1.5133, epsilon: 13.7684]
2025-10-24 12:18:08.600435 Epoch [006/100], Step [0001/0001], [lateral-edge: 0.7859, lateral-2: 1.5458, lateral-3: 1.5286, lateral-4: 1.5098, lateral-5: 1.5109, epsilon: 15.4668]
2025-10-24 12:18:11.573682 Epoch [007/100], Step [0001/0001], [lateral-edge: 0.7857, lateral-2: 1.5364, lateral-3: 1.5191, lateral-4: 1.5039, lateral-5: 1.5088, epsilon: 17.0838]
2025-10-24 12:18:14.530638 Epoch [008/100], Step [0001/0001], [lateral-edge: 0.7855, lateral-2: 1.5274, lateral-3: 1.5107, lateral-4: 1.4985, lateral-5: 1.5069, epsilon: 18.6363]
2025-10-24 12:18:17.631355 Epoch [009/100], Step [0001/0001], [lateral-edge: 0.7852, lateral-2: 1.5188, lateral-3: 1.5033, lateral-4: 1.4933, lateral-5: 1.5051, epsilon: 20.1358]
[Saving Snapshot:] ./Snapshots/save_weights/Inf-Net_DP/batch_128/run_3/Inf-Net-10.pth
2025-10-24 12:18:20.766631 Epoch [010/100], Step [0001/0001], [lateral-edge: 0.7849, lateral-2: 1.5111, lateral-3: 1.4965, lateral-4: 1.4884, lateral-5: 1.5032, epsilon: 21.5910]
2025-10-24 12:18:23.758480 Epoch [011/100], Step [0001/0001], [lateral-edge: 0.7846, lateral-2: 1.5040, lateral-3: 1.4904, lateral-4: 1.4838, lateral-5: 1.5014, epsilon: 23.0082]
2025-10-24 12:18:26.740349 Epoch [012/100], Step [0001/0001], [lateral-edge: 0.7843, lateral-2: 1.4972, lateral-3: 1.4846, lateral-4: 1.4796, lateral-5: 1.4995, epsilon: 24.3925]
2025-10-24 12:18:29.842683 Epoch [013/100], Step [0001/0001], [lateral-edge: 0.7840, lateral-2: 1.4909, lateral-3: 1.4792, lateral-4: 1.4754, lateral-5: 1.4976, epsilon: 25.7479]
2025-10-24 12:18:32.850577 Epoch [014/100], Step [0001/0001], [lateral-edge: 0.7837, lateral-2: 1.4851, lateral-3: 1.4741, lateral-4: 1.4718, lateral-5: 1.4958, epsilon: 27.0777]
2025-10-24 12:18:35.807723 Epoch [015/100], Step [0001/0001], [lateral-edge: 0.7835, lateral-2: 1.4795, lateral-3: 1.4693, lateral-4: 1.4684, lateral-5: 1.4939, epsilon: 28.3845]
2025-10-24 12:18:38.815729 Epoch [016/100], Step [0001/0001], [lateral-edge: 0.7832, lateral-2: 1.4740, lateral-3: 1.4646, lateral-4: 1.4649, lateral-5: 1.4920, epsilon: 29.6705]
2025-10-24 12:18:41.797663 Epoch [017/100], Step [0001/0001], [lateral-edge: 0.7829, lateral-2: 1.4681, lateral-3: 1.4600, lateral-4: 1.4614, lateral-5: 1.4901, epsilon: 30.9378]
2025-10-24 12:18:44.911095 Epoch [018/100], Step [0001/0001], [lateral-edge: 0.7826, lateral-2: 1.4620, lateral-3: 1.4554, lateral-4: 1.4579, lateral-5: 1.4882, epsilon: 32.1878]
2025-10-24 12:18:47.921463 Epoch [019/100], Step [0001/0001], [lateral-edge: 0.7822, lateral-2: 1.4559, lateral-3: 1.4509, lateral-4: 1.4548, lateral-5: 1.4864, epsilon: 33.4220]
[Saving Snapshot:] ./Snapshots/save_weights/Inf-Net_DP/batch_128/run_3/Inf-Net-20.pth
2025-10-24 12:18:51.114417 Epoch [020/100], Step [0001/0001], [lateral-edge: 0.7819, lateral-2: 1.4501, lateral-3: 1.4466, lateral-4: 1.4518, lateral-5: 1.4846, epsilon: 34.6416]
2025-10-24 12:18:54.148753 Epoch [021/100], Step [0001/0001], [lateral-edge: 0.7816, lateral-2: 1.4443, lateral-3: 1.4421, lateral-4: 1.4487, lateral-5: 1.4827, epsilon: 35.8478]
2025-10-24 12:18:57.298183 Epoch [022/100], Step [0001/0001], [lateral-edge: 0.7812, lateral-2: 1.4387, lateral-3: 1.4378, lateral-4: 1.4455, lateral-5: 1.4809, epsilon: 37.0413]
2025-10-24 12:19:00.376406 Epoch [023/100], Step [0001/0001], [lateral-edge: 0.7808, lateral-2: 1.4333, lateral-3: 1.4337, lateral-4: 1.4424, lateral-5: 1.4790, epsilon: 38.2232]
2025-10-24 12:19:03.436646 Epoch [024/100], Step [0001/0001], [lateral-edge: 0.7804, lateral-2: 1.4280, lateral-3: 1.4295, lateral-4: 1.4393, lateral-5: 1.4770, epsilon: 39.3941]
2025-10-24 12:19:06.446128 Epoch [025/100], Step [0001/0001], [lateral-edge: 0.7800, lateral-2: 1.4228, lateral-3: 1.4254, lateral-4: 1.4362, lateral-5: 1.4752, epsilon: 40.5547]
2025-10-24 12:19:09.438636 Epoch [026/100], Step [0001/0001], [lateral-edge: 0.7796, lateral-2: 1.4178, lateral-3: 1.4213, lateral-4: 1.4331, lateral-5: 1.4734, epsilon: 41.7056]
2025-10-24 12:19:12.670702 Epoch [027/100], Step [0001/0001], [lateral-edge: 0.7792, lateral-2: 1.4130, lateral-3: 1.4173, lateral-4: 1.4302, lateral-5: 1.4717, epsilon: 42.8474]
2025-10-24 12:19:15.709281 Epoch [028/100], Step [0001/0001], [lateral-edge: 0.7789, lateral-2: 1.4083, lateral-3: 1.4133, lateral-4: 1.4272, lateral-5: 1.4699, epsilon: 43.9805]
2025-10-24 12:19:18.744873 Epoch [029/100], Step [0001/0001], [lateral-edge: 0.7786, lateral-2: 1.4036, lateral-3: 1.4094, lateral-4: 1.4242, lateral-5: 1.4682, epsilon: 45.1054]
[Saving Snapshot:] ./Snapshots/save_weights/Inf-Net_DP/batch_128/run_3/Inf-Net-30.pth
2025-10-24 12:19:22.008052 Epoch [030/100], Step [0001/0001], [lateral-edge: 0.7784, lateral-2: 1.3988, lateral-3: 1.4055, lateral-4: 1.4211, lateral-5: 1.4664, epsilon: 46.2226]
2025-10-24 12:19:25.161753 Epoch [031/100], Step [0001/0001], [lateral-edge: 0.7781, lateral-2: 1.3939, lateral-3: 1.4016, lateral-4: 1.4182, lateral-5: 1.4645, epsilon: 47.3324]
2025-10-24 12:19:28.371875 Epoch [032/100], Step [0001/0001], [lateral-edge: 0.7778, lateral-2: 1.3891, lateral-3: 1.3977, lateral-4: 1.4153, lateral-5: 1.4626, epsilon: 48.4352]
2025-10-24 12:19:31.403670 Epoch [033/100], Step [0001/0001], [lateral-edge: 0.7774, lateral-2: 1.3845, lateral-3: 1.3936, lateral-4: 1.4123, lateral-5: 1.4606, epsilon: 49.5313]
2025-10-24 12:19:34.515711 Epoch [034/100], Step [0001/0001], [lateral-edge: 0.7769, lateral-2: 1.3799, lateral-3: 1.3896, lateral-4: 1.4094, lateral-5: 1.4588, epsilon: 50.6210]
2025-10-24 12:19:37.675785 Epoch [035/100], Step [0001/0001], [lateral-edge: 0.7765, lateral-2: 1.3755, lateral-3: 1.3857, lateral-4: 1.4067, lateral-5: 1.4570, epsilon: 51.7045]
2025-10-24 12:19:40.863811 Epoch [036/100], Step [0001/0001], [lateral-edge: 0.7761, lateral-2: 1.3711, lateral-3: 1.3820, lateral-4: 1.4038, lateral-5: 1.4553, epsilon: 52.7822]
2025-10-24 12:19:44.020827 Epoch [037/100], Step [0001/0001], [lateral-edge: 0.7757, lateral-2: 1.3667, lateral-3: 1.3785, lateral-4: 1.4009, lateral-5: 1.4535, epsilon: 53.8542]
2025-10-24 12:19:47.134663 Epoch [038/100], Step [0001/0001], [lateral-edge: 0.7754, lateral-2: 1.3625, lateral-3: 1.3748, lateral-4: 1.3981, lateral-5: 1.4518, epsilon: 54.9209]
2025-10-24 12:19:50.266289 Epoch [039/100], Step [0001/0001], [lateral-edge: 0.7750, lateral-2: 1.3585, lateral-3: 1.3711, lateral-4: 1.3952, lateral-5: 1.4500, epsilon: 55.9824]
[Saving Snapshot:] ./Snapshots/save_weights/Inf-Net_DP/batch_128/run_3/Inf-Net-40.pth
2025-10-24 12:19:53.607016 Epoch [040/100], Step [0001/0001], [lateral-edge: 0.7746, lateral-2: 1.3545, lateral-3: 1.3671, lateral-4: 1.3923, lateral-5: 1.4481, epsilon: 57.0388]
2025-10-24 12:19:56.943943 Epoch [041/100], Step [0001/0001], [lateral-edge: 0.7742, lateral-2: 1.3505, lateral-3: 1.3634, lateral-4: 1.3892, lateral-5: 1.4463, epsilon: 58.0905]
2025-10-24 12:20:00.050649 Epoch [042/100], Step [0001/0001], [lateral-edge: 0.7738, lateral-2: 1.3464, lateral-3: 1.3597, lateral-4: 1.3862, lateral-5: 1.4444, epsilon: 59.1375]
2025-10-24 12:20:03.170780 Epoch [043/100], Step [0001/0001], [lateral-edge: 0.7735, lateral-2: 1.3421, lateral-3: 1.3559, lateral-4: 1.3832, lateral-5: 1.4425, epsilon: 60.1801]
2025-10-24 12:20:06.417870 Epoch [044/100], Step [0001/0001], [lateral-edge: 0.7731, lateral-2: 1.3378, lateral-3: 1.3521, lateral-4: 1.3804, lateral-5: 1.4409, epsilon: 61.2184]
2025-10-24 12:20:09.695599 Epoch [045/100], Step [0001/0001], [lateral-edge: 0.7727, lateral-2: 1.3335, lateral-3: 1.3485, lateral-4: 1.3775, lateral-5: 1.4392, epsilon: 62.2524]
2025-10-24 12:20:12.921836 Epoch [046/100], Step [0001/0001], [lateral-edge: 0.7724, lateral-2: 1.3292, lateral-3: 1.3450, lateral-4: 1.3748, lateral-5: 1.4375, epsilon: 63.2825]
2025-10-24 12:20:16.245661 Epoch [047/100], Step [0001/0001], [lateral-edge: 0.7720, lateral-2: 1.3250, lateral-3: 1.3414, lateral-4: 1.3721, lateral-5: 1.4356, epsilon: 64.3086]
2025-10-24 12:20:19.573093 Epoch [048/100], Step [0001/0001], [lateral-edge: 0.7717, lateral-2: 1.3207, lateral-3: 1.3379, lateral-4: 1.3693, lateral-5: 1.4337, epsilon: 65.3310]
2025-10-24 12:20:22.931800 Epoch [049/100], Step [0001/0001], [lateral-edge: 0.7715, lateral-2: 1.3165, lateral-3: 1.3344, lateral-4: 1.3662, lateral-5: 1.4318, epsilon: 66.3497]
[Saving Snapshot:] ./Snapshots/save_weights/Inf-Net_DP/batch_128/run_3/Inf-Net-50.pth
2025-10-24 12:20:26.366898 Epoch [050/100], Step [0001/0001], [lateral-edge: 0.7713, lateral-2: 1.3136, lateral-3: 1.3319, lateral-4: 1.3639, lateral-5: 1.4304, epsilon: 67.3649]
2025-10-24 12:20:29.495919 Epoch [051/100], Step [0001/0001], [lateral-edge: 0.7712, lateral-2: 1.3133, lateral-3: 1.3317, lateral-4: 1.3637, lateral-5: 1.4303, epsilon: 68.3766]
2025-10-24 12:20:32.672816 Epoch [052/100], Step [0001/0001], [lateral-edge: 0.7712, lateral-2: 1.3133, lateral-3: 1.3316, lateral-4: 1.3637, lateral-5: 1.4303, epsilon: 69.3850]
2025-10-24 12:20:36.062569 Epoch [053/100], Step [0001/0001], [lateral-edge: 0.7712, lateral-2: 1.3133, lateral-3: 1.3316, lateral-4: 1.3637, lateral-5: 1.4303, epsilon: 70.3901]
2025-10-24 12:20:39.448039 Epoch [054/100], Step [0001/0001], [lateral-edge: 0.7712, lateral-2: 1.3133, lateral-3: 1.3316, lateral-4: 1.3637, lateral-5: 1.4303, epsilon: 71.3920]
2025-10-24 12:20:42.778500 Epoch [055/100], Step [0001/0001], [lateral-edge: 0.7712, lateral-2: 1.3133, lateral-3: 1.3316, lateral-4: 1.3637, lateral-5: 1.4303, epsilon: 72.3909]
2025-10-24 12:20:45.989026 Epoch [056/100], Step [0001/0001], [lateral-edge: 0.7712, lateral-2: 1.3133, lateral-3: 1.3316, lateral-4: 1.3637, lateral-5: 1.4303, epsilon: 73.3868]
2025-10-24 12:20:49.477670 Epoch [057/100], Step [0001/0001], [lateral-edge: 0.7712, lateral-2: 1.3133, lateral-3: 1.3316, lateral-4: 1.3637, lateral-5: 1.4303, epsilon: 74.3798]
2025-10-24 12:20:52.904412 Epoch [058/100], Step [0001/0001], [lateral-edge: 0.7712, lateral-2: 1.3133, lateral-3: 1.3316, lateral-4: 1.3637, lateral-5: 1.4303, epsilon: 75.3700]
2025-10-24 12:20:56.334389 Epoch [059/100], Step [0001/0001], [lateral-edge: 0.7712, lateral-2: 1.3133, lateral-3: 1.3316, lateral-4: 1.3637, lateral-5: 1.4303, epsilon: 76.3574]
[Saving Snapshot:] ./Snapshots/save_weights/Inf-Net_DP/batch_128/run_3/Inf-Net-60.pth
2025-10-24 12:21:00.039900 Epoch [060/100], Step [0001/0001], [lateral-edge: 0.7712, lateral-2: 1.3133, lateral-3: 1.3316, lateral-4: 1.3637, lateral-5: 1.4303, epsilon: 77.3421]
2025-10-24 12:21:03.517396 Epoch [061/100], Step [0001/0001], [lateral-edge: 0.7712, lateral-2: 1.3133, lateral-3: 1.3316, lateral-4: 1.3637, lateral-5: 1.4303, epsilon: 78.3242]
2025-10-24 12:21:06.990598 Epoch [062/100], Step [0001/0001], [lateral-edge: 0.7712, lateral-2: 1.3133, lateral-3: 1.3316, lateral-4: 1.3637, lateral-5: 1.4303, epsilon: 79.3037]
2025-10-24 12:21:10.521004 Epoch [063/100], Step [0001/0001], [lateral-edge: 0.7712, lateral-2: 1.3133, lateral-3: 1.3316, lateral-4: 1.3637, lateral-5: 1.4303, epsilon: 80.2807]
2025-10-24 12:21:14.005737 Epoch [064/100], Step [0001/0001], [lateral-edge: 0.7712, lateral-2: 1.3133, lateral-3: 1.3316, lateral-4: 1.3637, lateral-5: 1.4303, epsilon: 81.2553]
2025-10-24 12:21:17.292918 Epoch [065/100], Step [0001/0001], [lateral-edge: 0.7712, lateral-2: 1.3133, lateral-3: 1.3316, lateral-4: 1.3637, lateral-5: 1.4303, epsilon: 82.2275]
2025-10-24 12:21:20.790120 Epoch [066/100], Step [0001/0001], [lateral-edge: 0.7712, lateral-2: 1.3133, lateral-3: 1.3316, lateral-4: 1.3637, lateral-5: 1.4303, epsilon: 83.1974]
2025-10-24 12:21:24.111759 Epoch [067/100], Step [0001/0001], [lateral-edge: 0.7712, lateral-2: 1.3133, lateral-3: 1.3316, lateral-4: 1.3637, lateral-5: 1.4303, epsilon: 84.1650]
2025-10-24 12:21:27.379013 Epoch [068/100], Step [0001/0001], [lateral-edge: 0.7712, lateral-2: 1.3133, lateral-3: 1.3316, lateral-4: 1.3637, lateral-5: 1.4303, epsilon: 85.1303]
2025-10-24 12:21:30.731962 Epoch [069/100], Step [0001/0001], [lateral-edge: 0.7712, lateral-2: 1.3133, lateral-3: 1.3316, lateral-4: 1.3637, lateral-5: 1.4303, epsilon: 86.0935]
[Saving Snapshot:] ./Snapshots/save_weights/Inf-Net_DP/batch_128/run_3/Inf-Net-70.pth
2025-10-24 12:21:34.183088 Epoch [070/100], Step [0001/0001], [lateral-edge: 0.7712, lateral-2: 1.3133, lateral-3: 1.3316, lateral-4: 1.3637, lateral-5: 1.4303, epsilon: 87.0546]
2025-10-24 12:21:37.733040 Epoch [071/100], Step [0001/0001], [lateral-edge: 0.7712, lateral-2: 1.3133, lateral-3: 1.3316, lateral-4: 1.3637, lateral-5: 1.4303, epsilon: 88.0136]
2025-10-24 12:21:41.322582 Epoch [072/100], Step [0001/0001], [lateral-edge: 0.7712, lateral-2: 1.3133, lateral-3: 1.3316, lateral-4: 1.3637, lateral-5: 1.4303, epsilon: 88.9705]
2025-10-24 12:21:45.004674 Epoch [073/100], Step [0001/0001], [lateral-edge: 0.7712, lateral-2: 1.3133, lateral-3: 1.3316, lateral-4: 1.3637, lateral-5: 1.4303, epsilon: 89.9255]
2025-10-24 12:21:48.616253 Epoch [074/100], Step [0001/0001], [lateral-edge: 0.7712, lateral-2: 1.3133, lateral-3: 1.3316, lateral-4: 1.3637, lateral-5: 1.4303, epsilon: 90.8785]
2025-10-24 12:21:52.227433 Epoch [075/100], Step [0001/0001], [lateral-edge: 0.7712, lateral-2: 1.3133, lateral-3: 1.3316, lateral-4: 1.3637, lateral-5: 1.4303, epsilon: 91.8295]
2025-10-24 12:21:55.914444 Epoch [076/100], Step [0001/0001], [lateral-edge: 0.7712, lateral-2: 1.3133, lateral-3: 1.3316, lateral-4: 1.3637, lateral-5: 1.4303, epsilon: 92.7787]
2025-10-24 12:21:59.218474 Epoch [077/100], Step [0001/0001], [lateral-edge: 0.7712, lateral-2: 1.3133, lateral-3: 1.3316, lateral-4: 1.3637, lateral-5: 1.4303, epsilon: 93.7260]
2025-10-24 12:22:03.079057 Epoch [078/100], Step [0001/0001], [lateral-edge: 0.7712, lateral-2: 1.3133, lateral-3: 1.3316, lateral-4: 1.3637, lateral-5: 1.4303, epsilon: 94.6716]
2025-10-24 12:22:06.876311 Epoch [079/100], Step [0001/0001], [lateral-edge: 0.7712, lateral-2: 1.3133, lateral-3: 1.3316, lateral-4: 1.3637, lateral-5: 1.4303, epsilon: 95.6153]
[Saving Snapshot:] ./Snapshots/save_weights/Inf-Net_DP/batch_128/run_3/Inf-Net-80.pth
2025-10-24 12:22:10.766730 Epoch [080/100], Step [0001/0001], [lateral-edge: 0.7712, lateral-2: 1.3133, lateral-3: 1.3316, lateral-4: 1.3637, lateral-5: 1.4303, epsilon: 96.5574]
2025-10-24 12:22:14.591894 Epoch [081/100], Step [0001/0001], [lateral-edge: 0.7712, lateral-2: 1.3133, lateral-3: 1.3316, lateral-4: 1.3637, lateral-5: 1.4303, epsilon: 97.4977]
2025-10-24 12:22:18.333938 Epoch [082/100], Step [0001/0001], [lateral-edge: 0.7712, lateral-2: 1.3133, lateral-3: 1.3316, lateral-4: 1.3637, lateral-5: 1.4303, epsilon: 98.4363]
2025-10-24 12:22:22.207256 Epoch [083/100], Step [0001/0001], [lateral-edge: 0.7712, lateral-2: 1.3133, lateral-3: 1.3316, lateral-4: 1.3637, lateral-5: 1.4303, epsilon: 99.3733]
2025-10-24 12:22:25.993986 Epoch [084/100], Step [0001/0001], [lateral-edge: 0.7712, lateral-2: 1.3133, lateral-3: 1.3316, lateral-4: 1.3637, lateral-5: 1.4303, epsilon: 100.3087]
2025-10-24 12:22:29.380386 Epoch [085/100], Step [0001/0001], [lateral-edge: 0.7712, lateral-2: 1.3133, lateral-3: 1.3316, lateral-4: 1.3637, lateral-5: 1.4303, epsilon: 101.2425]
2025-10-24 12:22:33.239805 Epoch [086/100], Step [0001/0001], [lateral-edge: 0.7712, lateral-2: 1.3133, lateral-3: 1.3316, lateral-4: 1.3637, lateral-5: 1.4303, epsilon: 102.1747]
2025-10-24 12:22:36.731185 Epoch [087/100], Step [0001/0001], [lateral-edge: 0.7712, lateral-2: 1.3133, lateral-3: 1.3316, lateral-4: 1.3637, lateral-5: 1.4303, epsilon: 103.1054]
2025-10-24 12:22:40.131356 Epoch [088/100], Step [0001/0001], [lateral-edge: 0.7712, lateral-2: 1.3133, lateral-3: 1.3316, lateral-4: 1.3637, lateral-5: 1.4303, epsilon: 104.0346]
2025-10-24 12:22:44.060648 Epoch [089/100], Step [0001/0001], [lateral-edge: 0.7712, lateral-2: 1.3133, lateral-3: 1.3316, lateral-4: 1.3637, lateral-5: 1.4303, epsilon: 104.9623]
[Saving Snapshot:] ./Snapshots/save_weights/Inf-Net_DP/batch_128/run_3/Inf-Net-90.pth
2025-10-24 12:22:48.095676 Epoch [090/100], Step [0001/0001], [lateral-edge: 0.7712, lateral-2: 1.3133, lateral-3: 1.3316, lateral-4: 1.3637, lateral-5: 1.4303, epsilon: 105.8885]
2025-10-24 12:22:51.990539 Epoch [091/100], Step [0001/0001], [lateral-edge: 0.7712, lateral-2: 1.3133, lateral-3: 1.3316, lateral-4: 1.3637, lateral-5: 1.4303, epsilon: 106.8133]
2025-10-24 12:22:56.135665 Epoch [092/100], Step [0001/0001], [lateral-edge: 0.7712, lateral-2: 1.3133, lateral-3: 1.3316, lateral-4: 1.3637, lateral-5: 1.4303, epsilon: 107.7368]
2025-10-24 12:22:59.894297 Epoch [093/100], Step [0001/0001], [lateral-edge: 0.7712, lateral-2: 1.3133, lateral-3: 1.3316, lateral-4: 1.3637, lateral-5: 1.4303, epsilon: 108.6588]
2025-10-24 12:23:03.755769 Epoch [094/100], Step [0001/0001], [lateral-edge: 0.7712, lateral-2: 1.3133, lateral-3: 1.3316, lateral-4: 1.3637, lateral-5: 1.4303, epsilon: 109.5794]
2025-10-24 12:23:07.655083 Epoch [095/100], Step [0001/0001], [lateral-edge: 0.7712, lateral-2: 1.3133, lateral-3: 1.3316, lateral-4: 1.3637, lateral-5: 1.4303, epsilon: 110.4988]
2025-10-24 12:23:11.608703 Epoch [096/100], Step [0001/0001], [lateral-edge: 0.7712, lateral-2: 1.3133, lateral-3: 1.3316, lateral-4: 1.3637, lateral-5: 1.4303, epsilon: 111.4168]
2025-10-24 12:23:15.786326 Epoch [097/100], Step [0001/0001], [lateral-edge: 0.7712, lateral-2: 1.3133, lateral-3: 1.3316, lateral-4: 1.3637, lateral-5: 1.4303, epsilon: 112.3335]
2025-10-24 12:23:19.360600 Epoch [098/100], Step [0001/0001], [lateral-edge: 0.7712, lateral-2: 1.3133, lateral-3: 1.3316, lateral-4: 1.3637, lateral-5: 1.4303, epsilon: 113.2489]
2025-10-24 12:23:23.041413 Epoch [099/100], Step [0001/0001], [lateral-edge: 0.7712, lateral-2: 1.3133, lateral-3: 1.3316, lateral-4: 1.3637, lateral-5: 1.4303, epsilon: 114.1630]
[Saving Snapshot:] ./Snapshots/save_weights/Inf-Net_DP/batch_128/run_3/Inf-Net-100.pth
2025-10-24 12:23:27.162412 Epoch [100/100], Step [0001/0001], [lateral-edge: 0.7712, lateral-2: 1.3133, lateral-3: 1.3316, lateral-4: 1.3637, lateral-5: 1.4303, epsilon: 115.0760]
Training completed at Fri Oct 24 12:23:28 CEST 2025
